  Determining projects to restore...
  All projects are up-to-date for restore.
/usr/local/share/dotnet/sdk/10.0.100-preview.4.25258.110/Sdks/Microsoft.NET.Sdk/targets/Microsoft.NET.RuntimeIdentifierInference.targets(326,5): message NETSDK1057: You are using a preview version of .NET. See: https://aka.ms/dotnet-support-policy [/home/lysander/repos/bannou/lib-game-session/lib-game-session.csproj]
/usr/local/share/dotnet/sdk/10.0.100-preview.4.25258.110/Sdks/Microsoft.NET.Sdk/targets/Microsoft.NET.RuntimeIdentifierInference.targets(326,5): message NETSDK1057: You are using a preview version of .NET. See: https://aka.ms/dotnet-support-policy [/home/lysander/repos/bannou/lib-website/lib-website.csproj]
/usr/local/share/dotnet/sdk/10.0.100-preview.4.25258.110/Sdks/Microsoft.NET.Sdk/targets/Microsoft.NET.RuntimeIdentifierInference.targets(326,5): message NETSDK1057: You are using a preview version of .NET. See: https://aka.ms/dotnet-support-policy [/home/lysander/repos/bannou/lib-permissions/lib-permissions.csproj]
/usr/local/share/dotnet/sdk/10.0.100-preview.4.25258.110/Sdks/Microsoft.NET.Sdk/targets/Microsoft.NET.RuntimeIdentifierInference.targets(326,5): message NETSDK1057: You are using a preview version of .NET. See: https://aka.ms/dotnet-support-policy [/home/lysander/repos/bannou/lib-connect.tests/lib-connect.tests.csproj]
/usr/local/share/dotnet/sdk/10.0.100-preview.4.25258.110/Sdks/Microsoft.NET.Sdk/targets/Microsoft.NET.RuntimeIdentifierInference.targets(326,5): message NETSDK1057: You are using a preview version of .NET. See: https://aka.ms/dotnet-support-policy [/home/lysander/repos/bannou/lib-testing/lib-testing.csproj]
/usr/local/share/dotnet/sdk/10.0.100-preview.4.25258.110/Sdks/Microsoft.NET.Sdk/targets/Microsoft.NET.RuntimeIdentifierInference.targets(326,5): message NETSDK1057: You are using a preview version of .NET. See: https://aka.ms/dotnet-support-policy [/home/lysander/repos/bannou/unit-tests/unit-tests.csproj]
/usr/local/share/dotnet/sdk/10.0.100-preview.4.25258.110/Sdks/Microsoft.NET.Sdk/targets/Microsoft.NET.RuntimeIdentifierInference.targets(326,5): message NETSDK1057: You are using a preview version of .NET. See: https://aka.ms/dotnet-support-policy [/home/lysander/repos/bannou/lib-behavior/lib-behavior.csproj]
/usr/local/share/dotnet/sdk/10.0.100-preview.4.25258.110/Sdks/Microsoft.NET.Sdk/targets/Microsoft.NET.RuntimeIdentifierInference.targets(326,5): message NETSDK1057: You are using a preview version of .NET. See: https://aka.ms/dotnet-support-policy [/home/lysander/repos/bannou/bannou-service/bannou-service.csproj]
/home/lysander/repos/bannou/bannou-service/Generated/Clients/ConnectClient.cs(468,17): warning CS0472: The result of the expression is always 'false' since a value of type 'Connection' is never equal to 'null' of type 'Connection?' [/home/lysander/repos/bannou/Bannou.SDK/Bannou.SDK.csproj::TargetFramework=net9.0]
/home/lysander/repos/bannou/bannou-service/Generated/Clients/ConnectClient.cs(472,17): warning CS0472: The result of the expression is always 'false' since a value of type 'Upgrade' is never equal to 'null' of type 'Upgrade?' [/home/lysander/repos/bannou/Bannou.SDK/Bannou.SDK.csproj::TargetFramework=net9.0]
/home/lysander/repos/bannou/bannou-service/Generated/Clients/ConnectClient.cs(589,17): warning CS0472: The result of the expression is always 'false' since a value of type 'Connection2' is never equal to 'null' of type 'Connection2?' [/home/lysander/repos/bannou/Bannou.SDK/Bannou.SDK.csproj::TargetFramework=net9.0]
/home/lysander/repos/bannou/bannou-service/Generated/Clients/ConnectClient.cs(593,17): warning CS0472: The result of the expression is always 'false' since a value of type 'Upgrade2' is never equal to 'null' of type 'Upgrade2?' [/home/lysander/repos/bannou/Bannou.SDK/Bannou.SDK.csproj::TargetFramework=net9.0]
/home/lysander/repos/bannou/bannou-service/Generated/Clients/AuthClient.cs(456,13): warning CS0472: The result of the expression is always 'false' since a value of type 'Provider' is never equal to 'null' of type 'Provider?' [/home/lysander/repos/bannou/Bannou.SDK/Bannou.SDK.csproj::TargetFramework=net9.0]
/home/lysander/repos/bannou/bannou-service/Generated/Clients/AuthClient.cs(552,13): warning CS0472: The result of the expression is always 'false' since a value of type 'Provider' is never equal to 'null' of type 'Provider?' [/home/lysander/repos/bannou/Bannou.SDK/Bannou.SDK.csproj::TargetFramework=net9.0]
/home/lysander/repos/bannou/bannou-service/Generated/Events/BehaviorLifecycleEvents.cs(32,19): warning CS1591: Missing XML comment for publicly visible type or member 'BehaviorCreatedEvent.BehaviorId' [/home/lysander/repos/bannou/Bannou.SDK/Bannou.SDK.csproj::TargetFramework=net9.0]
/home/lysander/repos/bannou/bannou-service/Generated/Events/BehaviorLifecycleEvents.cs(37,19): warning CS1591: Missing XML comment for publicly visible type or member 'BehaviorCreatedEvent.Name' [/home/lysander/repos/bannou/Bannou.SDK/Bannou.SDK.csproj::TargetFramework=net9.0]
/home/lysander/repos/bannou/bannou-service/Generated/Events/BehaviorLifecycleEvents.cs(40,19): warning CS1591: Missing XML comment for publicly visible type or member 'BehaviorCreatedEvent.Category' [/home/lysander/repos/bannou/Bannou.SDK/Bannou.SDK.csproj::TargetFramework=net9.0]
/home/lysander/repos/bannou/bannou-service/Generated/Events/BehaviorLifecycleEvents.cs(43,19): warning CS1591: Missing XML comment for publicly visible type or member 'BehaviorCreatedEvent.BundleId' [/home/lysander/repos/bannou/Bannou.SDK/Bannou.SDK.csproj::TargetFramework=net9.0]
/home/lysander/repos/bannou/bannou-service/Generated/Events/BehaviorLifecycleEvents.cs(46,19): warning CS1591: Missing XML comment for publicly visible type or member 'BehaviorCreatedEvent.AssetId' [/home/lysander/repos/bannou/Bannou.SDK/Bannou.SDK.csproj::TargetFramework=net9.0]
/home/lysander/repos/bannou/bannou-service/Generated/Events/BehaviorLifecycleEvents.cs(49,16): warning CS1591: Missing XML comment for publicly visible type or member 'BehaviorCreatedEvent.BytecodeSize' [/home/lysander/repos/bannou/Bannou.SDK/Bannou.SDK.csproj::TargetFramework=net9.0]
/home/lysander/repos/bannou/bannou-service/Generated/Events/BehaviorLifecycleEvents.cs(52,19): warning CS1591: Missing XML comment for publicly visible type or member 'BehaviorCreatedEvent.SchemaVersion' [/home/lysander/repos/bannou/Bannou.SDK/Bannou.SDK.csproj::TargetFramework=net9.0]
/home/lysander/repos/bannou/bannou-service/Generated/Events/BehaviorLifecycleEvents.cs(57,34): warning CS1591: Missing XML comment for publicly visible type or member 'BehaviorCreatedEvent.CreatedAt' [/home/lysander/repos/bannou/Bannou.SDK/Bannou.SDK.csproj::TargetFramework=net9.0]
/home/lysander/repos/bannou/bannou-service/Generated/Events/BehaviorLifecycleEvents.cs(60,34): warning CS1591: Missing XML comment for publicly visible type or member 'BehaviorCreatedEvent.UpdatedAt' [/home/lysander/repos/bannou/Bannou.SDK/Bannou.SDK.csproj::TargetFramework=net9.0]
/home/lysander/repos/bannou/bannou-service/Generated/Events/BehaviorLifecycleEvents.cs(82,19): warning CS1591: Missing XML comment for publicly visible type or member 'BehaviorUpdatedEvent.BehaviorId' [/home/lysander/repos/bannou/Bannou.SDK/Bannou.SDK.csproj::TargetFramework=net9.0]
/home/lysander/repos/bannou/bannou-service/Generated/Events/BehaviorLifecycleEvents.cs(87,19): warning CS1591: Missing XML comment for publicly visible type or member 'BehaviorUpdatedEvent.Name' [/home/lysander/repos/bannou/Bannou.SDK/Bannou.SDK.csproj::TargetFramework=net9.0]
/home/lysander/repos/bannou/bannou-service/Generated/Events/BehaviorLifecycleEvents.cs(90,19): warning CS1591: Missing XML comment for publicly visible type or member 'BehaviorUpdatedEvent.Category' [/home/lysander/repos/bannou/Bannou.SDK/Bannou.SDK.csproj::TargetFramework=net9.0]
/home/lysander/repos/bannou/bannou-service/Generated/Events/BehaviorLifecycleEvents.cs(93,19): warning CS1591: Missing XML comment for publicly visible type or member 'BehaviorUpdatedEvent.BundleId' [/home/lysander/repos/bannou/Bannou.SDK/Bannou.SDK.csproj::TargetFramework=net9.0]
/home/lysander/repos/bannou/bannou-service/Generated/Events/BehaviorLifecycleEvents.cs(96,19): warning CS1591: Missing XML comment for publicly visible type or member 'BehaviorUpdatedEvent.AssetId' [/home/lysander/repos/bannou/Bannou.SDK/Bannou.SDK.csproj::TargetFramework=net9.0]
/home/lysander/repos/bannou/bannou-service/Generated/Events/BehaviorLifecycleEvents.cs(99,16): warning CS1591: Missing XML comment for publicly visible type or member 'BehaviorUpdatedEvent.BytecodeSize' [/home/lysander/repos/bannou/Bannou.SDK/Bannou.SDK.csproj::TargetFramework=net9.0]
/home/lysander/repos/bannou/bannou-service/Generated/Events/BehaviorLifecycleEvents.cs(102,19): warning CS1591: Missing XML comment for publicly visible type or member 'BehaviorUpdatedEvent.SchemaVersion' [/home/lysander/repos/bannou/Bannou.SDK/Bannou.SDK.csproj::TargetFramework=net9.0]
/home/lysander/repos/bannou/bannou-service/Generated/Events/BehaviorLifecycleEvents.cs(107,34): warning CS1591: Missing XML comment for publicly visible type or member 'BehaviorUpdatedEvent.CreatedAt' [/home/lysander/repos/bannou/Bannou.SDK/Bannou.SDK.csproj::TargetFramework=net9.0]
/home/lysander/repos/bannou/bannou-service/Generated/Events/BehaviorLifecycleEvents.cs(110,34): warning CS1591: Missing XML comment for publicly visible type or member 'BehaviorUpdatedEvent.UpdatedAt' [/home/lysander/repos/bannou/Bannou.SDK/Bannou.SDK.csproj::TargetFramework=net9.0]
/home/lysander/repos/bannou/bannou-service/Generated/Events/BehaviorLifecycleEvents.cs(140,19): warning CS1591: Missing XML comment for publicly visible type or member 'BehaviorDeletedEvent.BehaviorId' [/home/lysander/repos/bannou/Bannou.SDK/Bannou.SDK.csproj::TargetFramework=net9.0]
/home/lysander/repos/bannou/bannou-service/Generated/Events/BehaviorLifecycleEvents.cs(145,19): warning CS1591: Missing XML comment for publicly visible type or member 'BehaviorDeletedEvent.Name' [/home/lysander/repos/bannou/Bannou.SDK/Bannou.SDK.csproj::TargetFramework=net9.0]
/home/lysander/repos/bannou/bannou-service/Generated/Events/BehaviorLifecycleEvents.cs(148,19): warning CS1591: Missing XML comment for publicly visible type or member 'BehaviorDeletedEvent.Category' [/home/lysander/repos/bannou/Bannou.SDK/Bannou.SDK.csproj::TargetFramework=net9.0]
/home/lysander/repos/bannou/bannou-service/Generated/Events/BehaviorLifecycleEvents.cs(151,19): warning CS1591: Missing XML comment for publicly visible type or member 'BehaviorDeletedEvent.BundleId' [/home/lysander/repos/bannou/Bannou.SDK/Bannou.SDK.csproj::TargetFramework=net9.0]
/home/lysander/repos/bannou/bannou-service/Generated/Events/BehaviorLifecycleEvents.cs(154,19): warning CS1591: Missing XML comment for publicly visible type or member 'BehaviorDeletedEvent.AssetId' [/home/lysander/repos/bannou/Bannou.SDK/Bannou.SDK.csproj::TargetFramework=net9.0]
/home/lysander/repos/bannou/bannou-service/Generated/Events/BehaviorLifecycleEvents.cs(157,16): warning CS1591: Missing XML comment for publicly visible type or member 'BehaviorDeletedEvent.BytecodeSize' [/home/lysander/repos/bannou/Bannou.SDK/Bannou.SDK.csproj::TargetFramework=net9.0]
/home/lysander/repos/bannou/bannou-service/Generated/Events/BehaviorLifecycleEvents.cs(160,19): warning CS1591: Missing XML comment for publicly visible type or member 'BehaviorDeletedEvent.SchemaVersion' [/home/lysander/repos/bannou/Bannou.SDK/Bannou.SDK.csproj::TargetFramework=net9.0]
/home/lysander/repos/bannou/bannou-service/Generated/Events/BehaviorLifecycleEvents.cs(165,34): warning CS1591: Missing XML comment for publicly visible type or member 'BehaviorDeletedEvent.CreatedAt' [/home/lysander/repos/bannou/Bannou.SDK/Bannou.SDK.csproj::TargetFramework=net9.0]
/home/lysander/repos/bannou/bannou-service/Generated/Events/BehaviorLifecycleEvents.cs(168,34): warning CS1591: Missing XML comment for publicly visible type or member 'BehaviorDeletedEvent.UpdatedAt' [/home/lysander/repos/bannou/Bannou.SDK/Bannou.SDK.csproj::TargetFramework=net9.0]
/home/lysander/repos/bannou/bannou-service/Generated/Events/RelationshipTypeLifecycleEvents.cs(32,24): warning CS1591: Missing XML comment for publicly visible type or member 'RelationshipTypeCreatedEvent.RelationshipTypeId' [/home/lysander/repos/bannou/Bannou.SDK/Bannou.SDK.csproj::TargetFramework=net9.0]
/home/lysander/repos/bannou/bannou-service/Generated/Events/RelationshipTypeLifecycleEvents.cs(37,19): warning CS1591: Missing XML comment for publicly visible type or member 'RelationshipTypeCreatedEvent.Code' [/home/lysander/repos/bannou/Bannou.SDK/Bannou.SDK.csproj::TargetFramework=net9.0]
/home/lysander/repos/bannou/bannou-service/Generated/Events/RelationshipTypeLifecycleEvents.cs(42,19): warning CS1591: Missing XML comment for publicly visible type or member 'RelationshipTypeCreatedEvent.Name' [/home/lysander/repos/bannou/Bannou.SDK/Bannou.SDK.csproj::TargetFramework=net9.0]
/home/lysander/repos/bannou/bannou-service/Generated/Events/RelationshipTypeLifecycleEvents.cs(45,19): warning CS1591: Missing XML comment for publicly visible type or member 'RelationshipTypeCreatedEvent.Description' [/home/lysander/repos/bannou/Bannou.SDK/Bannou.SDK.csproj::TargetFramework=net9.0]
/home/lysander/repos/bannou/bannou-service/Generated/Events/RelationshipTypeLifecycleEvents.cs(48,19): warning CS1591: Missing XML comment for publicly visible type or member 'RelationshipTypeCreatedEvent.Category' [/home/lysander/repos/bannou/Bannou.SDK/Bannou.SDK.csproj::TargetFramework=net9.0]
/home/lysander/repos/bannou/bannou-service/Generated/Events/RelationshipTypeLifecycleEvents.cs(51,24): warning CS1591: Missing XML comment for publicly visible type or member 'RelationshipTypeCreatedEvent.ParentTypeId' [/home/lysander/repos/bannou/Bannou.SDK/Bannou.SDK.csproj::TargetFramework=net9.0]
/home/lysander/repos/bannou/bannou-service/Generated/Events/RelationshipTypeLifecycleEvents.cs(54,19): warning CS1591: Missing XML comment for publicly visible type or member 'RelationshipTypeCreatedEvent.ParentTypeCode' [/home/lysander/repos/bannou/Bannou.SDK/Bannou.SDK.csproj::TargetFramework=net9.0]
/home/lysander/repos/bannou/bannou-service/Generated/Events/RelationshipTypeLifecycleEvents.cs(57,24): warning CS1591: Missing XML comment for publicly visible type or member 'RelationshipTypeCreatedEvent.InverseTypeId' [/home/lysander/repos/bannou/Bannou.SDK/Bannou.SDK.csproj::TargetFramework=net9.0]
/home/lysander/repos/bannou/bannou-service/Generated/Events/RelationshipTypeLifecycleEvents.cs(60,19): warning CS1591: Missing XML comment for publicly visible type or member 'RelationshipTypeCreatedEvent.InverseTypeCode' [/home/lysander/repos/bannou/Bannou.SDK/Bannou.SDK.csproj::TargetFramework=net9.0]
/home/lysander/repos/bannou/bannou-service/Generated/Events/RelationshipTypeLifecycleEvents.cs(63,17): warning CS1591: Missing XML comment for publicly visible type or member 'RelationshipTypeCreatedEvent.IsBidirectional' [/home/lysander/repos/bannou/Bannou.SDK/Bannou.SDK.csproj::TargetFramework=net9.0]
/home/lysander/repos/bannou/bannou-service/Generated/Events/RelationshipTypeLifecycleEvents.cs(66,17): warning CS1591: Missing XML comment for publicly visible type or member 'RelationshipTypeCreatedEvent.IsDeprecated' [/home/lysander/repos/bannou/Bannou.SDK/Bannou.SDK.csproj::TargetFramework=net9.0]
/home/lysander/repos/bannou/bannou-service/Generated/Events/RelationshipTypeLifecycleEvents.cs(69,34): warning CS1591: Missing XML comment for publicly visible type or member 'RelationshipTypeCreatedEvent.DeprecatedAt' [/home/lysander/repos/bannou/Bannou.SDK/Bannou.SDK.csproj::TargetFramework=net9.0]
/home/lysander/repos/bannou/bannou-service/Generated/Events/RelationshipTypeLifecycleEvents.cs(72,19): warning CS1591: Missing XML comment for publicly visible type or member 'RelationshipTypeCreatedEvent.DeprecationReason' [/home/lysander/repos/bannou/Bannou.SDK/Bannou.SDK.csproj::TargetFramework=net9.0]
/home/lysander/repos/bannou/bannou-service/Generated/Events/RelationshipTypeLifecycleEvents.cs(75,16): warning CS1591: Missing XML comment for publicly visible type or member 'RelationshipTypeCreatedEvent.Depth' [/home/lysander/repos/bannou/Bannou.SDK/Bannou.SDK.csproj::TargetFramework=net9.0]
/home/lysander/repos/bannou/bannou-service/Generated/Events/RelationshipTypeLifecycleEvents.cs(78,19): warning CS1591: Missing XML comment for publicly visible type or member 'RelationshipTypeCreatedEvent.Metadata' [/home/lysander/repos/bannou/Bannou.SDK/Bannou.SDK.csproj::TargetFramework=net9.0]
/home/lysander/repos/bannou/bannou-service/Generated/Events/RelationshipTypeLifecycleEvents.cs(83,34): warning CS1591: Missing XML comment for publicly visible type or member 'RelationshipTypeCreatedEvent.CreatedAt' [/home/lysander/repos/bannou/Bannou.SDK/Bannou.SDK.csproj::TargetFramework=net9.0]
/home/lysander/repos/bannou/bannou-service/Generated/Events/RelationshipTypeLifecycleEvents.cs(88,34): warning CS1591: Missing XML comment for publicly visible type or member 'RelationshipTypeCreatedEvent.UpdatedAt' [/home/lysander/repos/bannou/Bannou.SDK/Bannou.SDK.csproj::TargetFramework=net9.0]
/home/lysander/repos/bannou/bannou-service/Generated/Events/RelationshipTypeLifecycleEvents.cs(110,24): warning CS1591: Missing XML comment for publicly visible type or member 'RelationshipTypeUpdatedEvent.RelationshipTypeId' [/home/lysander/repos/bannou/Bannou.SDK/Bannou.SDK.csproj::TargetFramework=net9.0]
/home/lysander/repos/bannou/bannou-service/Generated/Events/RelationshipTypeLifecycleEvents.cs(115,19): warning CS1591: Missing XML comment for publicly visible type or member 'RelationshipTypeUpdatedEvent.Code' [/home/lysander/repos/bannou/Bannou.SDK/Bannou.SDK.csproj::TargetFramework=net9.0]
/home/lysander/repos/bannou/bannou-service/Generated/Events/RelationshipTypeLifecycleEvents.cs(120,19): warning CS1591: Missing XML comment for publicly visible type or member 'RelationshipTypeUpdatedEvent.Name' [/home/lysander/repos/bannou/Bannou.SDK/Bannou.SDK.csproj::TargetFramework=net9.0]
/home/lysander/repos/bannou/bannou-service/Generated/Events/RelationshipTypeLifecycleEvents.cs(123,19): warning CS1591: Missing XML comment for publicly visible type or member 'RelationshipTypeUpdatedEvent.Description' [/home/lysander/repos/bannou/Bannou.SDK/Bannou.SDK.csproj::TargetFramework=net9.0]
/home/lysander/repos/bannou/bannou-service/Generated/Events/RelationshipTypeLifecycleEvents.cs(126,19): warning CS1591: Missing XML comment for publicly visible type or member 'RelationshipTypeUpdatedEvent.Category' [/home/lysander/repos/bannou/Bannou.SDK/Bannou.SDK.csproj::TargetFramework=net9.0]
/home/lysander/repos/bannou/bannou-service/Generated/Events/RelationshipTypeLifecycleEvents.cs(129,24): warning CS1591: Missing XML comment for publicly visible type or member 'RelationshipTypeUpdatedEvent.ParentTypeId' [/home/lysander/repos/bannou/Bannou.SDK/Bannou.SDK.csproj::TargetFramework=net9.0]
/home/lysander/repos/bannou/bannou-service/Generated/Events/RelationshipTypeLifecycleEvents.cs(132,19): warning CS1591: Missing XML comment for publicly visible type or member 'RelationshipTypeUpdatedEvent.ParentTypeCode' [/home/lysander/repos/bannou/Bannou.SDK/Bannou.SDK.csproj::TargetFramework=net9.0]
/home/lysander/repos/bannou/bannou-service/Generated/Events/RelationshipTypeLifecycleEvents.cs(135,24): warning CS1591: Missing XML comment for publicly visible type or member 'RelationshipTypeUpdatedEvent.InverseTypeId' [/home/lysander/repos/bannou/Bannou.SDK/Bannou.SDK.csproj::TargetFramework=net9.0]
/home/lysander/repos/bannou/bannou-service/Generated/Events/RelationshipTypeLifecycleEvents.cs(138,19): warning CS1591: Missing XML comment for publicly visible type or member 'RelationshipTypeUpdatedEvent.InverseTypeCode' [/home/lysander/repos/bannou/Bannou.SDK/Bannou.SDK.csproj::TargetFramework=net9.0]
/home/lysander/repos/bannou/bannou-service/Generated/Events/RelationshipTypeLifecycleEvents.cs(141,17): warning CS1591: Missing XML comment for publicly visible type or member 'RelationshipTypeUpdatedEvent.IsBidirectional' [/home/lysander/repos/bannou/Bannou.SDK/Bannou.SDK.csproj::TargetFramework=net9.0]
/home/lysander/repos/bannou/bannou-service/Generated/Events/RelationshipTypeLifecycleEvents.cs(144,17): warning CS1591: Missing XML comment for publicly visible type or member 'RelationshipTypeUpdatedEvent.IsDeprecated' [/home/lysander/repos/bannou/Bannou.SDK/Bannou.SDK.csproj::TargetFramework=net9.0]
/home/lysander/repos/bannou/bannou-service/Generated/Events/RelationshipTypeLifecycleEvents.cs(147,34): warning CS1591: Missing XML comment for publicly visible type or member 'RelationshipTypeUpdatedEvent.DeprecatedAt' [/home/lysander/repos/bannou/Bannou.SDK/Bannou.SDK.csproj::TargetFramework=net9.0]
/home/lysander/repos/bannou/bannou-service/Generated/Events/RelationshipTypeLifecycleEvents.cs(150,19): warning CS1591: Missing XML comment for publicly visible type or member 'RelationshipTypeUpdatedEvent.DeprecationReason' [/home/lysander/repos/bannou/Bannou.SDK/Bannou.SDK.csproj::TargetFramework=net9.0]
/home/lysander/repos/bannou/bannou-service/Generated/Events/RelationshipTypeLifecycleEvents.cs(153,16): warning CS1591: Missing XML comment for publicly visible type or member 'RelationshipTypeUpdatedEvent.Depth' [/home/lysander/repos/bannou/Bannou.SDK/Bannou.SDK.csproj::TargetFramework=net9.0]
/home/lysander/repos/bannou/bannou-service/Generated/Events/RelationshipTypeLifecycleEvents.cs(156,19): warning CS1591: Missing XML comment for publicly visible type or member 'RelationshipTypeUpdatedEvent.Metadata' [/home/lysander/repos/bannou/Bannou.SDK/Bannou.SDK.csproj::TargetFramework=net9.0]
/home/lysander/repos/bannou/bannou-service/Generated/Events/RelationshipTypeLifecycleEvents.cs(161,34): warning CS1591: Missing XML comment for publicly visible type or member 'RelationshipTypeUpdatedEvent.CreatedAt' [/home/lysander/repos/bannou/Bannou.SDK/Bannou.SDK.csproj::TargetFramework=net9.0]
/home/lysander/repos/bannou/bannou-service/Generated/Events/RelationshipTypeLifecycleEvents.cs(166,34): warning CS1591: Missing XML comment for publicly visible type or member 'RelationshipTypeUpdatedEvent.UpdatedAt' [/home/lysander/repos/bannou/Bannou.SDK/Bannou.SDK.csproj::TargetFramework=net9.0]
/home/lysander/repos/bannou/bannou-service/Generated/Events/RelationshipTypeLifecycleEvents.cs(196,24): warning CS1591: Missing XML comment for publicly visible type or member 'RelationshipTypeDeletedEvent.RelationshipTypeId' [/home/lysander/repos/bannou/Bannou.SDK/Bannou.SDK.csproj::TargetFramework=net9.0]
/home/lysander/repos/bannou/bannou-service/Generated/Events/RelationshipTypeLifecycleEvents.cs(201,19): warning CS1591: Missing XML comment for publicly visible type or member 'RelationshipTypeDeletedEvent.Code' [/home/lysander/repos/bannou/Bannou.SDK/Bannou.SDK.csproj::TargetFramework=net9.0]
/home/lysander/repos/bannou/bannou-service/Generated/Events/RelationshipTypeLifecycleEvents.cs(206,19): warning CS1591: Missing XML comment for publicly visible type or member 'RelationshipTypeDeletedEvent.Name' [/home/lysander/repos/bannou/Bannou.SDK/Bannou.SDK.csproj::TargetFramework=net9.0]
/home/lysander/repos/bannou/bannou-service/Generated/Events/RelationshipTypeLifecycleEvents.cs(209,19): warning CS1591: Missing XML comment for publicly visible type or member 'RelationshipTypeDeletedEvent.Description' [/home/lysander/repos/bannou/Bannou.SDK/Bannou.SDK.csproj::TargetFramework=net9.0]
/home/lysander/repos/bannou/bannou-service/Generated/Events/RelationshipTypeLifecycleEvents.cs(212,19): warning CS1591: Missing XML comment for publicly visible type or member 'RelationshipTypeDeletedEvent.Category' [/home/lysander/repos/bannou/Bannou.SDK/Bannou.SDK.csproj::TargetFramework=net9.0]
/home/lysander/repos/bannou/bannou-service/Generated/Events/RelationshipTypeLifecycleEvents.cs(215,24): warning CS1591: Missing XML comment for publicly visible type or member 'RelationshipTypeDeletedEvent.ParentTypeId' [/home/lysander/repos/bannou/Bannou.SDK/Bannou.SDK.csproj::TargetFramework=net9.0]
/home/lysander/repos/bannou/bannou-service/Generated/Events/RelationshipTypeLifecycleEvents.cs(218,19): warning CS1591: Missing XML comment for publicly visible type or member 'RelationshipTypeDeletedEvent.ParentTypeCode' [/home/lysander/repos/bannou/Bannou.SDK/Bannou.SDK.csproj::TargetFramework=net9.0]
/home/lysander/repos/bannou/bannou-service/Generated/Events/RelationshipTypeLifecycleEvents.cs(221,24): warning CS1591: Missing XML comment for publicly visible type or member 'RelationshipTypeDeletedEvent.InverseTypeId' [/home/lysander/repos/bannou/Bannou.SDK/Bannou.SDK.csproj::TargetFramework=net9.0]
/home/lysander/repos/bannou/bannou-service/Generated/Events/RelationshipTypeLifecycleEvents.cs(224,19): warning CS1591: Missing XML comment for publicly visible type or member 'RelationshipTypeDeletedEvent.InverseTypeCode' [/home/lysander/repos/bannou/Bannou.SDK/Bannou.SDK.csproj::TargetFramework=net9.0]
/home/lysander/repos/bannou/bannou-service/Generated/Events/RelationshipTypeLifecycleEvents.cs(227,17): warning CS1591: Missing XML comment for publicly visible type or member 'RelationshipTypeDeletedEvent.IsBidirectional' [/home/lysander/repos/bannou/Bannou.SDK/Bannou.SDK.csproj::TargetFramework=net9.0]
/home/lysander/repos/bannou/bannou-service/Generated/Events/RelationshipTypeLifecycleEvents.cs(230,17): warning CS1591: Missing XML comment for publicly visible type or member 'RelationshipTypeDeletedEvent.IsDeprecated' [/home/lysander/repos/bannou/Bannou.SDK/Bannou.SDK.csproj::TargetFramework=net9.0]
/home/lysander/repos/bannou/bannou-service/Generated/Events/RelationshipTypeLifecycleEvents.cs(233,34): warning CS1591: Missing XML comment for publicly visible type or member 'RelationshipTypeDeletedEvent.DeprecatedAt' [/home/lysander/repos/bannou/Bannou.SDK/Bannou.SDK.csproj::TargetFramework=net9.0]
/home/lysander/repos/bannou/bannou-service/Generated/Events/RelationshipTypeLifecycleEvents.cs(236,19): warning CS1591: Missing XML comment for publicly visible type or member 'RelationshipTypeDeletedEvent.DeprecationReason' [/home/lysander/repos/bannou/Bannou.SDK/Bannou.SDK.csproj::TargetFramework=net9.0]
/home/lysander/repos/bannou/bannou-service/Generated/Events/RelationshipTypeLifecycleEvents.cs(239,16): warning CS1591: Missing XML comment for publicly visible type or member 'RelationshipTypeDeletedEvent.Depth' [/home/lysander/repos/bannou/Bannou.SDK/Bannou.SDK.csproj::TargetFramework=net9.0]
/home/lysander/repos/bannou/bannou-service/Generated/Events/RelationshipTypeLifecycleEvents.cs(242,19): warning CS1591: Missing XML comment for publicly visible type or member 'RelationshipTypeDeletedEvent.Metadata' [/home/lysander/repos/bannou/Bannou.SDK/Bannou.SDK.csproj::TargetFramework=net9.0]
/home/lysander/repos/bannou/bannou-service/Generated/Events/RelationshipTypeLifecycleEvents.cs(247,34): warning CS1591: Missing XML comment for publicly visible type or member 'RelationshipTypeDeletedEvent.CreatedAt' [/home/lysander/repos/bannou/Bannou.SDK/Bannou.SDK.csproj::TargetFramework=net9.0]
/home/lysander/repos/bannou/bannou-service/Generated/Events/RelationshipTypeLifecycleEvents.cs(252,34): warning CS1591: Missing XML comment for publicly visible type or member 'RelationshipTypeDeletedEvent.UpdatedAt' [/home/lysander/repos/bannou/Bannou.SDK/Bannou.SDK.csproj::TargetFramework=net9.0]
/home/lysander/repos/bannou/bannou-service/Generated/Events/PermissionsEventsModels.cs(93,68): warning CS1591: Missing XML comment for publicly visible type or member 'PermissionCapabilityUpdate.AdditionalProperties' [/home/lysander/repos/bannou/Bannou.SDK/Bannou.SDK.csproj::TargetFramework=net9.0]
/home/lysander/repos/bannou/bannou-service/Generated/Events/PermissionsEventsModels.cs(149,13): warning CS1591: Missing XML comment for publicly visible type or member 'PermissionCapabilityUpdateUpdateType' [/home/lysander/repos/bannou/Bannou.SDK/Bannou.SDK.csproj::TargetFramework=net9.0]
/home/lysander/repos/bannou/bannou-service/Generated/Events/PermissionsEventsModels.cs(153,5): warning CS1591: Missing XML comment for publicly visible type or member 'PermissionCapabilityUpdateUpdateType.Full' [/home/lysander/repos/bannou/Bannou.SDK/Bannou.SDK.csproj::TargetFramework=net9.0]
/home/lysander/repos/bannou/bannou-service/Generated/Events/PermissionsEventsModels.cs(156,5): warning CS1591: Missing XML comment for publicly visible type or member 'PermissionCapabilityUpdateUpdateType.Delta' [/home/lysander/repos/bannou/Bannou.SDK/Bannou.SDK.csproj::TargetFramework=net9.0]
/home/lysander/repos/bannou/bannou-service/Generated/Events/PermissionsEventsModels.cs(161,13): warning CS1591: Missing XML comment for publicly visible type or member 'PermissionCapabilityUpdateReason' [/home/lysander/repos/bannou/Bannou.SDK/Bannou.SDK.csproj::TargetFramework=net9.0]
/home/lysander/repos/bannou/bannou-service/Generated/Events/PermissionsEventsModels.cs(165,5): warning CS1591: Missing XML comment for publicly visible type or member 'PermissionCapabilityUpdateReason.Session_created' [/home/lysander/repos/bannou/Bannou.SDK/Bannou.SDK.csproj::TargetFramework=net9.0]
/home/lysander/repos/bannou/bannou-service/Generated/Events/PermissionsEventsModels.cs(168,5): warning CS1591: Missing XML comment for publicly visible type or member 'PermissionCapabilityUpdateReason.Session_state_changed' [/home/lysander/repos/bannou/Bannou.SDK/Bannou.SDK.csproj::TargetFramework=net9.0]
/home/lysander/repos/bannou/bannou-service/Generated/Events/PermissionsEventsModels.cs(171,5): warning CS1591: Missing XML comment for publicly visible type or member 'PermissionCapabilityUpdateReason.Role_changed' [/home/lysander/repos/bannou/Bannou.SDK/Bannou.SDK.csproj::TargetFramework=net9.0]
/home/lysander/repos/bannou/bannou-service/Generated/Events/PermissionsEventsModels.cs(174,5): warning CS1591: Missing XML comment for publicly visible type or member 'PermissionCapabilityUpdateReason.Service_registered' [/home/lysander/repos/bannou/Bannou.SDK/Bannou.SDK.csproj::TargetFramework=net9.0]
/home/lysander/repos/bannou/bannou-service/Generated/Events/PermissionsEventsModels.cs(177,5): warning CS1591: Missing XML comment for publicly visible type or member 'PermissionCapabilityUpdateReason.Manual_refresh' [/home/lysander/repos/bannou/Bannou.SDK/Bannou.SDK.csproj::TargetFramework=net9.0]
/home/lysander/repos/bannou/bannou-service/Generated/Events/AuthEventsModels.cs(39,42): warning CS1591: Missing XML comment for publicly visible type or member 'SessionInvalidatedEvent.Reason' [/home/lysander/repos/bannou/Bannou.SDK/Bannou.SDK.csproj::TargetFramework=net9.0]
/home/lysander/repos/bannou/bannou-service/Generated/Events/AuthEventsModels.cs(57,5): warning CS1591: Missing XML comment for publicly visible type or member 'SessionInvalidatedEventReason.Logout' [/home/lysander/repos/bannou/Bannou.SDK/Bannou.SDK.csproj::TargetFramework=net9.0]
/home/lysander/repos/bannou/bannou-service/Generated/Events/AuthEventsModels.cs(60,5): warning CS1591: Missing XML comment for publicly visible type or member 'SessionInvalidatedEventReason.Account_deleted' [/home/lysander/repos/bannou/Bannou.SDK/Bannou.SDK.csproj::TargetFramework=net9.0]
/home/lysander/repos/bannou/bannou-service/Generated/Events/AuthEventsModels.cs(63,5): warning CS1591: Missing XML comment for publicly visible type or member 'SessionInvalidatedEventReason.Security_revocation' [/home/lysander/repos/bannou/Bannou.SDK/Bannou.SDK.csproj::TargetFramework=net9.0]
/home/lysander/repos/bannou/bannou-service/Generated/Events/AuthEventsModels.cs(66,5): warning CS1591: Missing XML comment for publicly visible type or member 'SessionInvalidatedEventReason.Admin_action' [/home/lysander/repos/bannou/Bannou.SDK/Bannou.SDK.csproj::TargetFramework=net9.0]
/home/lysander/repos/bannou/bannou-service/Generated/Events/AuthEventsModels.cs(69,5): warning CS1591: Missing XML comment for publicly visible type or member 'SessionInvalidatedEventReason.Session_expired' [/home/lysander/repos/bannou/Bannou.SDK/Bannou.SDK.csproj::TargetFramework=net9.0]
/home/lysander/repos/bannou/bannou-service/Generated/Events/AuthEventsModels.cs(118,38): warning CS1591: Missing XML comment for publicly visible type or member 'SessionUpdatedEvent.Reason' [/home/lysander/repos/bannou/Bannou.SDK/Bannou.SDK.csproj::TargetFramework=net9.0]
/home/lysander/repos/bannou/bannou-service/Generated/Events/AuthEventsModels.cs(130,5): warning CS1591: Missing XML comment for publicly visible type or member 'SessionUpdatedEventReason.Role_changed' [/home/lysander/repos/bannou/Bannou.SDK/Bannou.SDK.csproj::TargetFramework=net9.0]
/home/lysander/repos/bannou/bannou-service/Generated/Events/AuthEventsModels.cs(133,5): warning CS1591: Missing XML comment for publicly visible type or member 'SessionUpdatedEventReason.Authorization_changed' [/home/lysander/repos/bannou/Bannou.SDK/Bannou.SDK.csproj::TargetFramework=net9.0]
/home/lysander/repos/bannou/bannou-service/Generated/Events/AuthEventsModels.cs(136,5): warning CS1591: Missing XML comment for publicly visible type or member 'SessionUpdatedEventReason.Subscription_changed' [/home/lysander/repos/bannou/Bannou.SDK/Bannou.SDK.csproj::TargetFramework=net9.0]
/home/lysander/repos/bannou/bannou-service/Generated/Events/DocumentationEventsModels.cs(32,34): warning CS1591: Missing XML comment for publicly visible type or member 'DocumentationQueriedEvent.Timestamp' [/home/lysander/repos/bannou/Bannou.SDK/Bannou.SDK.csproj::TargetFramework=net9.0]
/home/lysander/repos/bannou/bannou-service/Generated/Events/DocumentationEventsModels.cs(37,19): warning CS1591: Missing XML comment for publicly visible type or member 'DocumentationQueriedEvent.Namespace' [/home/lysander/repos/bannou/Bannou.SDK/Bannou.SDK.csproj::TargetFramework=net9.0]
/home/lysander/repos/bannou/bannou-service/Generated/Events/DocumentationEventsModels.cs(42,19): warning CS1591: Missing XML comment for publicly visible type or member 'DocumentationQueriedEvent.Query' [/home/lysander/repos/bannou/Bannou.SDK/Bannou.SDK.csproj::TargetFramework=net9.0]
/home/lysander/repos/bannou/bannou-service/Generated/Events/DocumentationEventsModels.cs(45,25): warning CS1591: Missing XML comment for publicly visible type or member 'DocumentationQueriedEvent.SessionId' [/home/lysander/repos/bannou/Bannou.SDK/Bannou.SDK.csproj::TargetFramework=net9.0]
/home/lysander/repos/bannou/bannou-service/Generated/Events/DocumentationEventsModels.cs(48,16): warning CS1591: Missing XML comment for publicly visible type or member 'DocumentationQueriedEvent.ResultCount' [/home/lysander/repos/bannou/Bannou.SDK/Bannou.SDK.csproj::TargetFramework=net9.0]
/home/lysander/repos/bannou/bannou-service/Generated/Events/DocumentationEventsModels.cs(51,25): warning CS1591: Missing XML comment for publicly visible type or member 'DocumentationQueriedEvent.TopResultId' [/home/lysander/repos/bannou/Bannou.SDK/Bannou.SDK.csproj::TargetFramework=net9.0]
/home/lysander/repos/bannou/bannou-service/Generated/Events/DocumentationEventsModels.cs(54,20): warning CS1591: Missing XML comment for publicly visible type or member 'DocumentationQueriedEvent.RelevanceScore' [/home/lysander/repos/bannou/Bannou.SDK/Bannou.SDK.csproj::TargetFramework=net9.0]
/home/lysander/repos/bannou/bannou-service/Generated/Events/DocumentationEventsModels.cs(59,68): warning CS1591: Missing XML comment for publicly visible type or member 'DocumentationQueriedEvent.AdditionalProperties' [/home/lysander/repos/bannou/Bannou.SDK/Bannou.SDK.csproj::TargetFramework=net9.0]
/home/lysander/repos/bannou/bannou-service/Generated/Events/DocumentationEventsModels.cs(85,34): warning CS1591: Missing XML comment for publicly visible type or member 'DocumentationSearchedEvent.Timestamp' [/home/lysander/repos/bannou/Bannou.SDK/Bannou.SDK.csproj::TargetFramework=net9.0]
/home/lysander/repos/bannou/bannou-service/Generated/Events/DocumentationEventsModels.cs(90,19): warning CS1591: Missing XML comment for publicly visible type or member 'DocumentationSearchedEvent.Namespace' [/home/lysander/repos/bannou/Bannou.SDK/Bannou.SDK.csproj::TargetFramework=net9.0]
/home/lysander/repos/bannou/bannou-service/Generated/Events/DocumentationEventsModels.cs(95,19): warning CS1591: Missing XML comment for publicly visible type or member 'DocumentationSearchedEvent.SearchTerm' [/home/lysander/repos/bannou/Bannou.SDK/Bannou.SDK.csproj::TargetFramework=net9.0]
/home/lysander/repos/bannou/bannou-service/Generated/Events/DocumentationEventsModels.cs(98,25): warning CS1591: Missing XML comment for publicly visible type or member 'DocumentationSearchedEvent.SessionId' [/home/lysander/repos/bannou/Bannou.SDK/Bannou.SDK.csproj::TargetFramework=net9.0]
/home/lysander/repos/bannou/bannou-service/Generated/Events/DocumentationEventsModels.cs(101,16): warning CS1591: Missing XML comment for publicly visible type or member 'DocumentationSearchedEvent.ResultCount' [/home/lysander/repos/bannou/Bannou.SDK/Bannou.SDK.csproj::TargetFramework=net9.0]
/home/lysander/repos/bannou/bannou-service/Generated/Events/DocumentationEventsModels.cs(106,68): warning CS1591: Missing XML comment for publicly visible type or member 'DocumentationSearchedEvent.AdditionalProperties' [/home/lysander/repos/bannou/Bannou.SDK/Bannou.SDK.csproj::TargetFramework=net9.0]
/home/lysander/repos/bannou/bannou-service/Generated/Events/DocumentationEventsModels.cs(132,34): warning CS1591: Missing XML comment for publicly visible type or member 'DocumentationBindingCreatedEvent.Timestamp' [/home/lysander/repos/bannou/Bannou.SDK/Bannou.SDK.csproj::TargetFramework=net9.0]
/home/lysander/repos/bannou/bannou-service/Generated/Events/DocumentationEventsModels.cs(137,19): warning CS1591: Missing XML comment for publicly visible type or member 'DocumentationBindingCreatedEvent.Namespace' [/home/lysander/repos/bannou/Bannou.SDK/Bannou.SDK.csproj::TargetFramework=net9.0]
/home/lysander/repos/bannou/bannou-service/Generated/Events/DocumentationEventsModels.cs(142,24): warning CS1591: Missing XML comment for publicly visible type or member 'DocumentationBindingCreatedEvent.BindingId' [/home/lysander/repos/bannou/Bannou.SDK/Bannou.SDK.csproj::TargetFramework=net9.0]
/home/lysander/repos/bannou/bannou-service/Generated/Events/DocumentationEventsModels.cs(147,19): warning CS1591: Missing XML comment for publicly visible type or member 'DocumentationBindingCreatedEvent.RepositoryUrl' [/home/lysander/repos/bannou/Bannou.SDK/Bannou.SDK.csproj::TargetFramework=net9.0]
/home/lysander/repos/bannou/bannou-service/Generated/Events/DocumentationEventsModels.cs(150,19): warning CS1591: Missing XML comment for publicly visible type or member 'DocumentationBindingCreatedEvent.Branch' [/home/lysander/repos/bannou/Bannou.SDK/Bannou.SDK.csproj::TargetFramework=net9.0]
/home/lysander/repos/bannou/bannou-service/Generated/Events/DocumentationEventsModels.cs(155,68): warning CS1591: Missing XML comment for publicly visible type or member 'DocumentationBindingCreatedEvent.AdditionalProperties' [/home/lysander/repos/bannou/Bannou.SDK/Bannou.SDK.csproj::TargetFramework=net9.0]
/home/lysander/repos/bannou/bannou-service/Generated/Events/DocumentationEventsModels.cs(181,34): warning CS1591: Missing XML comment for publicly visible type or member 'DocumentationBindingRemovedEvent.Timestamp' [/home/lysander/repos/bannou/Bannou.SDK/Bannou.SDK.csproj::TargetFramework=net9.0]
/home/lysander/repos/bannou/bannou-service/Generated/Events/DocumentationEventsModels.cs(186,19): warning CS1591: Missing XML comment for publicly visible type or member 'DocumentationBindingRemovedEvent.Namespace' [/home/lysander/repos/bannou/Bannou.SDK/Bannou.SDK.csproj::TargetFramework=net9.0]
/home/lysander/repos/bannou/bannou-service/Generated/Events/DocumentationEventsModels.cs(191,24): warning CS1591: Missing XML comment for publicly visible type or member 'DocumentationBindingRemovedEvent.BindingId' [/home/lysander/repos/bannou/Bannou.SDK/Bannou.SDK.csproj::TargetFramework=net9.0]
/home/lysander/repos/bannou/bannou-service/Generated/Events/DocumentationEventsModels.cs(194,16): warning CS1591: Missing XML comment for publicly visible type or member 'DocumentationBindingRemovedEvent.DocumentsDeleted' [/home/lysander/repos/bannou/Bannou.SDK/Bannou.SDK.csproj::TargetFramework=net9.0]
/home/lysander/repos/bannou/bannou-service/Generated/Events/DocumentationEventsModels.cs(199,68): warning CS1591: Missing XML comment for publicly visible type or member 'DocumentationBindingRemovedEvent.AdditionalProperties' [/home/lysander/repos/bannou/Bannou.SDK/Bannou.SDK.csproj::TargetFramework=net9.0]
/home/lysander/repos/bannou/bannou-service/Generated/Events/DocumentationEventsModels.cs(225,34): warning CS1591: Missing XML comment for publicly visible type or member 'DocumentationSyncStartedEvent.Timestamp' [/home/lysander/repos/bannou/Bannou.SDK/Bannou.SDK.csproj::TargetFramework=net9.0]
/home/lysander/repos/bannou/bannou-service/Generated/Events/DocumentationEventsModels.cs(230,19): warning CS1591: Missing XML comment for publicly visible type or member 'DocumentationSyncStartedEvent.Namespace' [/home/lysander/repos/bannou/Bannou.SDK/Bannou.SDK.csproj::TargetFramework=net9.0]
/home/lysander/repos/bannou/bannou-service/Generated/Events/DocumentationEventsModels.cs(235,24): warning CS1591: Missing XML comment for publicly visible type or member 'DocumentationSyncStartedEvent.BindingId' [/home/lysander/repos/bannou/Bannou.SDK/Bannou.SDK.csproj::TargetFramework=net9.0]
/home/lysander/repos/bannou/bannou-service/Generated/Events/DocumentationEventsModels.cs(240,24): warning CS1591: Missing XML comment for publicly visible type or member 'DocumentationSyncStartedEvent.SyncId' [/home/lysander/repos/bannou/Bannou.SDK/Bannou.SDK.csproj::TargetFramework=net9.0]
/home/lysander/repos/bannou/bannou-service/Generated/Events/DocumentationEventsModels.cs(246,53): warning CS1591: Missing XML comment for publicly visible type or member 'DocumentationSyncStartedEvent.TriggeredBy' [/home/lysander/repos/bannou/Bannou.SDK/Bannou.SDK.csproj::TargetFramework=net9.0]
/home/lysander/repos/bannou/bannou-service/Generated/Events/DocumentationEventsModels.cs(251,68): warning CS1591: Missing XML comment for publicly visible type or member 'DocumentationSyncStartedEvent.AdditionalProperties' [/home/lysander/repos/bannou/Bannou.SDK/Bannou.SDK.csproj::TargetFramework=net9.0]
/home/lysander/repos/bannou/bannou-service/Generated/Events/DocumentationEventsModels.cs(277,34): warning CS1591: Missing XML comment for publicly visible type or member 'DocumentationSyncCompletedEvent.Timestamp' [/home/lysander/repos/bannou/Bannou.SDK/Bannou.SDK.csproj::TargetFramework=net9.0]
/home/lysander/repos/bannou/bannou-service/Generated/Events/DocumentationEventsModels.cs(282,19): warning CS1591: Missing XML comment for publicly visible type or member 'DocumentationSyncCompletedEvent.Namespace' [/home/lysander/repos/bannou/Bannou.SDK/Bannou.SDK.csproj::TargetFramework=net9.0]
/home/lysander/repos/bannou/bannou-service/Generated/Events/DocumentationEventsModels.cs(287,24): warning CS1591: Missing XML comment for publicly visible type or member 'DocumentationSyncCompletedEvent.BindingId' [/home/lysander/repos/bannou/Bannou.SDK/Bannou.SDK.csproj::TargetFramework=net9.0]
/home/lysander/repos/bannou/bannou-service/Generated/Events/DocumentationEventsModels.cs(292,24): warning CS1591: Missing XML comment for publicly visible type or member 'DocumentationSyncCompletedEvent.SyncId' [/home/lysander/repos/bannou/Bannou.SDK/Bannou.SDK.csproj::TargetFramework=net9.0]
/home/lysander/repos/bannou/bannou-service/Generated/Events/DocumentationEventsModels.cs(298,50): warning CS1591: Missing XML comment for publicly visible type or member 'DocumentationSyncCompletedEvent.Status' [/home/lysander/repos/bannou/Bannou.SDK/Bannou.SDK.csproj::TargetFramework=net9.0]
/home/lysander/repos/bannou/bannou-service/Generated/Events/DocumentationEventsModels.cs(301,19): warning CS1591: Missing XML comment for publicly visible type or member 'DocumentationSyncCompletedEvent.CommitHash' [/home/lysander/repos/bannou/Bannou.SDK/Bannou.SDK.csproj::TargetFramework=net9.0]
/home/lysander/repos/bannou/bannou-service/Generated/Events/DocumentationEventsModels.cs(304,16): warning CS1591: Missing XML comment for publicly visible type or member 'DocumentationSyncCompletedEvent.DocumentsCreated' [/home/lysander/repos/bannou/Bannou.SDK/Bannou.SDK.csproj::TargetFramework=net9.0]
/home/lysander/repos/bannou/bannou-service/Generated/Events/DocumentationEventsModels.cs(307,16): warning CS1591: Missing XML comment for publicly visible type or member 'DocumentationSyncCompletedEvent.DocumentsUpdated' [/home/lysander/repos/bannou/Bannou.SDK/Bannou.SDK.csproj::TargetFramework=net9.0]
/home/lysander/repos/bannou/bannou-service/Generated/Events/DocumentationEventsModels.cs(310,16): warning CS1591: Missing XML comment for publicly visible type or member 'DocumentationSyncCompletedEvent.DocumentsDeleted' [/home/lysander/repos/bannou/Bannou.SDK/Bannou.SDK.csproj::TargetFramework=net9.0]
/home/lysander/repos/bannou/bannou-service/Generated/Events/DocumentationEventsModels.cs(313,16): warning CS1591: Missing XML comment for publicly visible type or member 'DocumentationSyncCompletedEvent.DurationMs' [/home/lysander/repos/bannou/Bannou.SDK/Bannou.SDK.csproj::TargetFramework=net9.0]
/home/lysander/repos/bannou/bannou-service/Generated/Events/DocumentationEventsModels.cs(316,20): warning CS1591: Missing XML comment for publicly visible type or member 'DocumentationSyncCompletedEvent.ErrorMessage' [/home/lysander/repos/bannou/Bannou.SDK/Bannou.SDK.csproj::TargetFramework=net9.0]
/home/lysander/repos/bannou/bannou-service/Generated/Events/DocumentationEventsModels.cs(321,68): warning CS1591: Missing XML comment for publicly visible type or member 'DocumentationSyncCompletedEvent.AdditionalProperties' [/home/lysander/repos/bannou/Bannou.SDK/Bannou.SDK.csproj::TargetFramework=net9.0]
/home/lysander/repos/bannou/bannou-service/Generated/Events/DocumentationEventsModels.cs(347,34): warning CS1591: Missing XML comment for publicly visible type or member 'DocumentationArchiveCreatedEvent.Timestamp' [/home/lysander/repos/bannou/Bannou.SDK/Bannou.SDK.csproj::TargetFramework=net9.0]
/home/lysander/repos/bannou/bannou-service/Generated/Events/DocumentationEventsModels.cs(352,19): warning CS1591: Missing XML comment for publicly visible type or member 'DocumentationArchiveCreatedEvent.Namespace' [/home/lysander/repos/bannou/Bannou.SDK/Bannou.SDK.csproj::TargetFramework=net9.0]
/home/lysander/repos/bannou/bannou-service/Generated/Events/DocumentationEventsModels.cs(357,24): warning CS1591: Missing XML comment for publicly visible type or member 'DocumentationArchiveCreatedEvent.ArchiveId' [/home/lysander/repos/bannou/Bannou.SDK/Bannou.SDK.csproj::TargetFramework=net9.0]
/home/lysander/repos/bannou/bannou-service/Generated/Events/DocumentationEventsModels.cs(360,24): warning CS1591: Missing XML comment for publicly visible type or member 'DocumentationArchiveCreatedEvent.BundleAssetId' [/home/lysander/repos/bannou/Bannou.SDK/Bannou.SDK.csproj::TargetFramework=net9.0]
/home/lysander/repos/bannou/bannou-service/Generated/Events/DocumentationEventsModels.cs(363,16): warning CS1591: Missing XML comment for publicly visible type or member 'DocumentationArchiveCreatedEvent.DocumentCount' [/home/lysander/repos/bannou/Bannou.SDK/Bannou.SDK.csproj::TargetFramework=net9.0]
/home/lysander/repos/bannou/bannou-service/Generated/Events/DocumentationEventsModels.cs(366,16): warning CS1591: Missing XML comment for publicly visible type or member 'DocumentationArchiveCreatedEvent.SizeBytes' [/home/lysander/repos/bannou/Bannou.SDK/Bannou.SDK.csproj::TargetFramework=net9.0]
/home/lysander/repos/bannou/bannou-service/Generated/Events/DocumentationEventsModels.cs(369,20): warning CS1591: Missing XML comment for publicly visible type or member 'DocumentationArchiveCreatedEvent.CommitHash' [/home/lysander/repos/bannou/Bannou.SDK/Bannou.SDK.csproj::TargetFramework=net9.0]
/home/lysander/repos/bannou/bannou-service/Generated/Events/DocumentationEventsModels.cs(374,68): warning CS1591: Missing XML comment for publicly visible type or member 'DocumentationArchiveCreatedEvent.AdditionalProperties' [/home/lysander/repos/bannou/Bannou.SDK/Bannou.SDK.csproj::TargetFramework=net9.0]
/home/lysander/repos/bannou/bannou-service/Generated/Events/DocumentationEventsModels.cs(383,13): warning CS1591: Missing XML comment for publicly visible type or member 'DocumentationSyncStartedEventTriggeredBy' [/home/lysander/repos/bannou/Bannou.SDK/Bannou.SDK.csproj::TargetFramework=net9.0]
/home/lysander/repos/bannou/bannou-service/Generated/Events/DocumentationEventsModels.cs(387,5): warning CS1591: Missing XML comment for publicly visible type or member 'DocumentationSyncStartedEventTriggeredBy.Manual' [/home/lysander/repos/bannou/Bannou.SDK/Bannou.SDK.csproj::TargetFramework=net9.0]
/home/lysander/repos/bannou/bannou-service/Generated/Events/DocumentationEventsModels.cs(390,5): warning CS1591: Missing XML comment for publicly visible type or member 'DocumentationSyncStartedEventTriggeredBy.Scheduled' [/home/lysander/repos/bannou/Bannou.SDK/Bannou.SDK.csproj::TargetFramework=net9.0]
/home/lysander/repos/bannou/bannou-service/Generated/Events/DocumentationEventsModels.cs(395,13): warning CS1591: Missing XML comment for publicly visible type or member 'DocumentationSyncCompletedEventStatus' [/home/lysander/repos/bannou/Bannou.SDK/Bannou.SDK.csproj::TargetFramework=net9.0]
/home/lysander/repos/bannou/bannou-service/Generated/Events/DocumentationEventsModels.cs(399,5): warning CS1591: Missing XML comment for publicly visible type or member 'DocumentationSyncCompletedEventStatus.Success' [/home/lysander/repos/bannou/Bannou.SDK/Bannou.SDK.csproj::TargetFramework=net9.0]
/home/lysander/repos/bannou/bannou-service/Generated/Events/DocumentationEventsModels.cs(402,5): warning CS1591: Missing XML comment for publicly visible type or member 'DocumentationSyncCompletedEventStatus.Partial' [/home/lysander/repos/bannou/Bannou.SDK/Bannou.SDK.csproj::TargetFramework=net9.0]
/home/lysander/repos/bannou/bannou-service/Generated/Events/DocumentationEventsModels.cs(405,5): warning CS1591: Missing XML comment for publicly visible type or member 'DocumentationSyncCompletedEventStatus.Failed' [/home/lysander/repos/bannou/Bannou.SDK/Bannou.SDK.csproj::TargetFramework=net9.0]
/home/lysander/repos/bannou/bannou-service/Generated/Events/CharacterLifecycleEvents.cs(32,24): warning CS1591: Missing XML comment for publicly visible type or member 'CharacterCreatedEvent.CharacterId' [/home/lysander/repos/bannou/Bannou.SDK/Bannou.SDK.csproj::TargetFramework=net9.0]
/home/lysander/repos/bannou/bannou-service/Generated/Events/CharacterLifecycleEvents.cs(37,19): warning CS1591: Missing XML comment for publicly visible type or member 'CharacterCreatedEvent.Name' [/home/lysander/repos/bannou/Bannou.SDK/Bannou.SDK.csproj::TargetFramework=net9.0]
/home/lysander/repos/bannou/bannou-service/Generated/Events/CharacterLifecycleEvents.cs(42,24): warning CS1591: Missing XML comment for publicly visible type or member 'CharacterCreatedEvent.RealmId' [/home/lysander/repos/bannou/Bannou.SDK/Bannou.SDK.csproj::TargetFramework=net9.0]
/home/lysander/repos/bannou/bannou-service/Generated/Events/CharacterLifecycleEvents.cs(47,24): warning CS1591: Missing XML comment for publicly visible type or member 'CharacterCreatedEvent.SpeciesId' [/home/lysander/repos/bannou/Bannou.SDK/Bannou.SDK.csproj::TargetFramework=net9.0]
/home/lysander/repos/bannou/bannou-service/Generated/Events/CharacterLifecycleEvents.cs(50,34): warning CS1591: Missing XML comment for publicly visible type or member 'CharacterCreatedEvent.BirthDate' [/home/lysander/repos/bannou/Bannou.SDK/Bannou.SDK.csproj::TargetFramework=net9.0]
/home/lysander/repos/bannou/bannou-service/Generated/Events/CharacterLifecycleEvents.cs(53,19): warning CS1591: Missing XML comment for publicly visible type or member 'CharacterCreatedEvent.Status' [/home/lysander/repos/bannou/Bannou.SDK/Bannou.SDK.csproj::TargetFramework=net9.0]
/home/lysander/repos/bannou/bannou-service/Generated/Events/CharacterLifecycleEvents.cs(58,34): warning CS1591: Missing XML comment for publicly visible type or member 'CharacterCreatedEvent.CreatedAt' [/home/lysander/repos/bannou/Bannou.SDK/Bannou.SDK.csproj::TargetFramework=net9.0]
/home/lysander/repos/bannou/bannou-service/Generated/Events/CharacterLifecycleEvents.cs(61,34): warning CS1591: Missing XML comment for publicly visible type or member 'CharacterCreatedEvent.UpdatedAt' [/home/lysander/repos/bannou/Bannou.SDK/Bannou.SDK.csproj::TargetFramework=net9.0]
/home/lysander/repos/bannou/bannou-service/Generated/Events/CharacterLifecycleEvents.cs(83,24): warning CS1591: Missing XML comment for publicly visible type or member 'CharacterUpdatedEvent.CharacterId' [/home/lysander/repos/bannou/Bannou.SDK/Bannou.SDK.csproj::TargetFramework=net9.0]
/home/lysander/repos/bannou/bannou-service/Generated/Events/CharacterLifecycleEvents.cs(88,19): warning CS1591: Missing XML comment for publicly visible type or member 'CharacterUpdatedEvent.Name' [/home/lysander/repos/bannou/Bannou.SDK/Bannou.SDK.csproj::TargetFramework=net9.0]
/home/lysander/repos/bannou/bannou-service/Generated/Events/CharacterLifecycleEvents.cs(93,24): warning CS1591: Missing XML comment for publicly visible type or member 'CharacterUpdatedEvent.RealmId' [/home/lysander/repos/bannou/Bannou.SDK/Bannou.SDK.csproj::TargetFramework=net9.0]
/home/lysander/repos/bannou/bannou-service/Generated/Events/CharacterLifecycleEvents.cs(98,24): warning CS1591: Missing XML comment for publicly visible type or member 'CharacterUpdatedEvent.SpeciesId' [/home/lysander/repos/bannou/Bannou.SDK/Bannou.SDK.csproj::TargetFramework=net9.0]
/home/lysander/repos/bannou/bannou-service/Generated/Events/CharacterLifecycleEvents.cs(101,34): warning CS1591: Missing XML comment for publicly visible type or member 'CharacterUpdatedEvent.BirthDate' [/home/lysander/repos/bannou/Bannou.SDK/Bannou.SDK.csproj::TargetFramework=net9.0]
/home/lysander/repos/bannou/bannou-service/Generated/Events/CharacterLifecycleEvents.cs(104,19): warning CS1591: Missing XML comment for publicly visible type or member 'CharacterUpdatedEvent.Status' [/home/lysander/repos/bannou/Bannou.SDK/Bannou.SDK.csproj::TargetFramework=net9.0]
/home/lysander/repos/bannou/bannou-service/Generated/Events/CharacterLifecycleEvents.cs(109,34): warning CS1591: Missing XML comment for publicly visible type or member 'CharacterUpdatedEvent.CreatedAt' [/home/lysander/repos/bannou/Bannou.SDK/Bannou.SDK.csproj::TargetFramework=net9.0]
/home/lysander/repos/bannou/bannou-service/Generated/Events/CharacterLifecycleEvents.cs(112,34): warning CS1591: Missing XML comment for publicly visible type or member 'CharacterUpdatedEvent.UpdatedAt' [/home/lysander/repos/bannou/Bannou.SDK/Bannou.SDK.csproj::TargetFramework=net9.0]
/home/lysander/repos/bannou/bannou-service/Generated/Events/CharacterLifecycleEvents.cs(142,24): warning CS1591: Missing XML comment for publicly visible type or member 'CharacterDeletedEvent.CharacterId' [/home/lysander/repos/bannou/Bannou.SDK/Bannou.SDK.csproj::TargetFramework=net9.0]
/home/lysander/repos/bannou/bannou-service/Generated/Events/CharacterLifecycleEvents.cs(147,19): warning CS1591: Missing XML comment for publicly visible type or member 'CharacterDeletedEvent.Name' [/home/lysander/repos/bannou/Bannou.SDK/Bannou.SDK.csproj::TargetFramework=net9.0]
/home/lysander/repos/bannou/bannou-service/Generated/Events/CharacterLifecycleEvents.cs(152,24): warning CS1591: Missing XML comment for publicly visible type or member 'CharacterDeletedEvent.RealmId' [/home/lysander/repos/bannou/Bannou.SDK/Bannou.SDK.csproj::TargetFramework=net9.0]
/home/lysander/repos/bannou/bannou-service/Generated/Events/CharacterLifecycleEvents.cs(157,24): warning CS1591: Missing XML comment for publicly visible type or member 'CharacterDeletedEvent.SpeciesId' [/home/lysander/repos/bannou/Bannou.SDK/Bannou.SDK.csproj::TargetFramework=net9.0]
/home/lysander/repos/bannou/bannou-service/Generated/Events/CharacterLifecycleEvents.cs(160,34): warning CS1591: Missing XML comment for publicly visible type or member 'CharacterDeletedEvent.BirthDate' [/home/lysander/repos/bannou/Bannou.SDK/Bannou.SDK.csproj::TargetFramework=net9.0]
/home/lysander/repos/bannou/bannou-service/Generated/Events/CharacterLifecycleEvents.cs(163,19): warning CS1591: Missing XML comment for publicly visible type or member 'CharacterDeletedEvent.Status' [/home/lysander/repos/bannou/Bannou.SDK/Bannou.SDK.csproj::TargetFramework=net9.0]
/home/lysander/repos/bannou/bannou-service/Generated/Events/CharacterLifecycleEvents.cs(168,34): warning CS1591: Missing XML comment for publicly visible type or member 'CharacterDeletedEvent.CreatedAt' [/home/lysander/repos/bannou/Bannou.SDK/Bannou.SDK.csproj::TargetFramework=net9.0]
/home/lysander/repos/bannou/bannou-service/Generated/Events/CharacterLifecycleEvents.cs(171,34): warning CS1591: Missing XML comment for publicly visible type or member 'CharacterDeletedEvent.UpdatedAt' [/home/lysander/repos/bannou/Bannou.SDK/Bannou.SDK.csproj::TargetFramework=net9.0]
/home/lysander/repos/bannou/bannou-service/Generated/Events/LocationLifecycleEvents.cs(32,24): warning CS1591: Missing XML comment for publicly visible type or member 'LocationCreatedEvent.LocationId' [/home/lysander/repos/bannou/Bannou.SDK/Bannou.SDK.csproj::TargetFramework=net9.0]
/home/lysander/repos/bannou/bannou-service/Generated/Events/LocationLifecycleEvents.cs(37,24): warning CS1591: Missing XML comment for publicly visible type or member 'LocationCreatedEvent.RealmId' [/home/lysander/repos/bannou/Bannou.SDK/Bannou.SDK.csproj::TargetFramework=net9.0]
/home/lysander/repos/bannou/bannou-service/Generated/Events/LocationLifecycleEvents.cs(42,19): warning CS1591: Missing XML comment for publicly visible type or member 'LocationCreatedEvent.Code' [/home/lysander/repos/bannou/Bannou.SDK/Bannou.SDK.csproj::TargetFramework=net9.0]
/home/lysander/repos/bannou/bannou-service/Generated/Events/LocationLifecycleEvents.cs(47,19): warning CS1591: Missing XML comment for publicly visible type or member 'LocationCreatedEvent.Name' [/home/lysander/repos/bannou/Bannou.SDK/Bannou.SDK.csproj::TargetFramework=net9.0]
/home/lysander/repos/bannou/bannou-service/Generated/Events/LocationLifecycleEvents.cs(50,19): warning CS1591: Missing XML comment for publicly visible type or member 'LocationCreatedEvent.Description' [/home/lysander/repos/bannou/Bannou.SDK/Bannou.SDK.csproj::TargetFramework=net9.0]
/home/lysander/repos/bannou/bannou-service/Generated/Events/LocationLifecycleEvents.cs(55,19): warning CS1591: Missing XML comment for publicly visible type or member 'LocationCreatedEvent.LocationType' [/home/lysander/repos/bannou/Bannou.SDK/Bannou.SDK.csproj::TargetFramework=net9.0]
/home/lysander/repos/bannou/bannou-service/Generated/Events/LocationLifecycleEvents.cs(58,24): warning CS1591: Missing XML comment for publicly visible type or member 'LocationCreatedEvent.ParentLocationId' [/home/lysander/repos/bannou/Bannou.SDK/Bannou.SDK.csproj::TargetFramework=net9.0]
/home/lysander/repos/bannou/bannou-service/Generated/Events/LocationLifecycleEvents.cs(61,16): warning CS1591: Missing XML comment for publicly visible type or member 'LocationCreatedEvent.Depth' [/home/lysander/repos/bannou/Bannou.SDK/Bannou.SDK.csproj::TargetFramework=net9.0]
/home/lysander/repos/bannou/bannou-service/Generated/Events/LocationLifecycleEvents.cs(64,17): warning CS1591: Missing XML comment for publicly visible type or member 'LocationCreatedEvent.IsDeprecated' [/home/lysander/repos/bannou/Bannou.SDK/Bannou.SDK.csproj::TargetFramework=net9.0]
/home/lysander/repos/bannou/bannou-service/Generated/Events/LocationLifecycleEvents.cs(67,34): warning CS1591: Missing XML comment for publicly visible type or member 'LocationCreatedEvent.DeprecatedAt' [/home/lysander/repos/bannou/Bannou.SDK/Bannou.SDK.csproj::TargetFramework=net9.0]
/home/lysander/repos/bannou/bannou-service/Generated/Events/LocationLifecycleEvents.cs(70,19): warning CS1591: Missing XML comment for publicly visible type or member 'LocationCreatedEvent.DeprecationReason' [/home/lysander/repos/bannou/Bannou.SDK/Bannou.SDK.csproj::TargetFramework=net9.0]
/home/lysander/repos/bannou/bannou-service/Generated/Events/LocationLifecycleEvents.cs(73,19): warning CS1591: Missing XML comment for publicly visible type or member 'LocationCreatedEvent.Metadata' [/home/lysander/repos/bannou/Bannou.SDK/Bannou.SDK.csproj::TargetFramework=net9.0]
/home/lysander/repos/bannou/bannou-service/Generated/Events/LocationLifecycleEvents.cs(78,34): warning CS1591: Missing XML comment for publicly visible type or member 'LocationCreatedEvent.CreatedAt' [/home/lysander/repos/bannou/Bannou.SDK/Bannou.SDK.csproj::TargetFramework=net9.0]
/home/lysander/repos/bannou/bannou-service/Generated/Events/LocationLifecycleEvents.cs(83,34): warning CS1591: Missing XML comment for publicly visible type or member 'LocationCreatedEvent.UpdatedAt' [/home/lysander/repos/bannou/Bannou.SDK/Bannou.SDK.csproj::TargetFramework=net9.0]
/home/lysander/repos/bannou/bannou-service/Generated/Events/LocationLifecycleEvents.cs(105,24): warning CS1591: Missing XML comment for publicly visible type or member 'LocationUpdatedEvent.LocationId' [/home/lysander/repos/bannou/Bannou.SDK/Bannou.SDK.csproj::TargetFramework=net9.0]
/home/lysander/repos/bannou/bannou-service/Generated/Events/LocationLifecycleEvents.cs(110,24): warning CS1591: Missing XML comment for publicly visible type or member 'LocationUpdatedEvent.RealmId' [/home/lysander/repos/bannou/Bannou.SDK/Bannou.SDK.csproj::TargetFramework=net9.0]
/home/lysander/repos/bannou/bannou-service/Generated/Events/LocationLifecycleEvents.cs(115,19): warning CS1591: Missing XML comment for publicly visible type or member 'LocationUpdatedEvent.Code' [/home/lysander/repos/bannou/Bannou.SDK/Bannou.SDK.csproj::TargetFramework=net9.0]
/home/lysander/repos/bannou/bannou-service/Generated/Events/LocationLifecycleEvents.cs(120,19): warning CS1591: Missing XML comment for publicly visible type or member 'LocationUpdatedEvent.Name' [/home/lysander/repos/bannou/Bannou.SDK/Bannou.SDK.csproj::TargetFramework=net9.0]
/home/lysander/repos/bannou/bannou-service/Generated/Events/LocationLifecycleEvents.cs(123,19): warning CS1591: Missing XML comment for publicly visible type or member 'LocationUpdatedEvent.Description' [/home/lysander/repos/bannou/Bannou.SDK/Bannou.SDK.csproj::TargetFramework=net9.0]
/home/lysander/repos/bannou/bannou-service/Generated/Events/LocationLifecycleEvents.cs(128,19): warning CS1591: Missing XML comment for publicly visible type or member 'LocationUpdatedEvent.LocationType' [/home/lysander/repos/bannou/Bannou.SDK/Bannou.SDK.csproj::TargetFramework=net9.0]
/home/lysander/repos/bannou/bannou-service/Generated/Events/LocationLifecycleEvents.cs(131,24): warning CS1591: Missing XML comment for publicly visible type or member 'LocationUpdatedEvent.ParentLocationId' [/home/lysander/repos/bannou/Bannou.SDK/Bannou.SDK.csproj::TargetFramework=net9.0]
/home/lysander/repos/bannou/bannou-service/Generated/Events/LocationLifecycleEvents.cs(134,16): warning CS1591: Missing XML comment for publicly visible type or member 'LocationUpdatedEvent.Depth' [/home/lysander/repos/bannou/Bannou.SDK/Bannou.SDK.csproj::TargetFramework=net9.0]
/home/lysander/repos/bannou/bannou-service/Generated/Events/LocationLifecycleEvents.cs(137,17): warning CS1591: Missing XML comment for publicly visible type or member 'LocationUpdatedEvent.IsDeprecated' [/home/lysander/repos/bannou/Bannou.SDK/Bannou.SDK.csproj::TargetFramework=net9.0]
/home/lysander/repos/bannou/bannou-service/Generated/Events/LocationLifecycleEvents.cs(140,34): warning CS1591: Missing XML comment for publicly visible type or member 'LocationUpdatedEvent.DeprecatedAt' [/home/lysander/repos/bannou/Bannou.SDK/Bannou.SDK.csproj::TargetFramework=net9.0]
/home/lysander/repos/bannou/bannou-service/Generated/Events/LocationLifecycleEvents.cs(143,19): warning CS1591: Missing XML comment for publicly visible type or member 'LocationUpdatedEvent.DeprecationReason' [/home/lysander/repos/bannou/Bannou.SDK/Bannou.SDK.csproj::TargetFramework=net9.0]
/home/lysander/repos/bannou/bannou-service/Generated/Events/LocationLifecycleEvents.cs(146,19): warning CS1591: Missing XML comment for publicly visible type or member 'LocationUpdatedEvent.Metadata' [/home/lysander/repos/bannou/Bannou.SDK/Bannou.SDK.csproj::TargetFramework=net9.0]
/home/lysander/repos/bannou/bannou-service/Generated/Events/LocationLifecycleEvents.cs(151,34): warning CS1591: Missing XML comment for publicly visible type or member 'LocationUpdatedEvent.CreatedAt' [/home/lysander/repos/bannou/Bannou.SDK/Bannou.SDK.csproj::TargetFramework=net9.0]
/home/lysander/repos/bannou/bannou-service/Generated/Events/LocationLifecycleEvents.cs(156,34): warning CS1591: Missing XML comment for publicly visible type or member 'LocationUpdatedEvent.UpdatedAt' [/home/lysander/repos/bannou/Bannou.SDK/Bannou.SDK.csproj::TargetFramework=net9.0]
/home/lysander/repos/bannou/bannou-service/Generated/Events/LocationLifecycleEvents.cs(186,24): warning CS1591: Missing XML comment for publicly visible type or member 'LocationDeletedEvent.LocationId' [/home/lysander/repos/bannou/Bannou.SDK/Bannou.SDK.csproj::TargetFramework=net9.0]
/home/lysander/repos/bannou/bannou-service/Generated/Events/LocationLifecycleEvents.cs(191,24): warning CS1591: Missing XML comment for publicly visible type or member 'LocationDeletedEvent.RealmId' [/home/lysander/repos/bannou/Bannou.SDK/Bannou.SDK.csproj::TargetFramework=net9.0]
/home/lysander/repos/bannou/bannou-service/Generated/Events/LocationLifecycleEvents.cs(196,19): warning CS1591: Missing XML comment for publicly visible type or member 'LocationDeletedEvent.Code' [/home/lysander/repos/bannou/Bannou.SDK/Bannou.SDK.csproj::TargetFramework=net9.0]
/home/lysander/repos/bannou/bannou-service/Generated/Events/LocationLifecycleEvents.cs(201,19): warning CS1591: Missing XML comment for publicly visible type or member 'LocationDeletedEvent.Name' [/home/lysander/repos/bannou/Bannou.SDK/Bannou.SDK.csproj::TargetFramework=net9.0]
/home/lysander/repos/bannou/bannou-service/Generated/Events/LocationLifecycleEvents.cs(204,19): warning CS1591: Missing XML comment for publicly visible type or member 'LocationDeletedEvent.Description' [/home/lysander/repos/bannou/Bannou.SDK/Bannou.SDK.csproj::TargetFramework=net9.0]
/home/lysander/repos/bannou/bannou-service/Generated/Events/LocationLifecycleEvents.cs(209,19): warning CS1591: Missing XML comment for publicly visible type or member 'LocationDeletedEvent.LocationType' [/home/lysander/repos/bannou/Bannou.SDK/Bannou.SDK.csproj::TargetFramework=net9.0]
/home/lysander/repos/bannou/bannou-service/Generated/Events/LocationLifecycleEvents.cs(212,24): warning CS1591: Missing XML comment for publicly visible type or member 'LocationDeletedEvent.ParentLocationId' [/home/lysander/repos/bannou/Bannou.SDK/Bannou.SDK.csproj::TargetFramework=net9.0]
/home/lysander/repos/bannou/bannou-service/Generated/Events/LocationLifecycleEvents.cs(215,16): warning CS1591: Missing XML comment for publicly visible type or member 'LocationDeletedEvent.Depth' [/home/lysander/repos/bannou/Bannou.SDK/Bannou.SDK.csproj::TargetFramework=net9.0]
/home/lysander/repos/bannou/bannou-service/Generated/Events/LocationLifecycleEvents.cs(218,17): warning CS1591: Missing XML comment for publicly visible type or member 'LocationDeletedEvent.IsDeprecated' [/home/lysander/repos/bannou/Bannou.SDK/Bannou.SDK.csproj::TargetFramework=net9.0]
/home/lysander/repos/bannou/bannou-service/Generated/Events/LocationLifecycleEvents.cs(221,34): warning CS1591: Missing XML comment for publicly visible type or member 'LocationDeletedEvent.DeprecatedAt' [/home/lysander/repos/bannou/Bannou.SDK/Bannou.SDK.csproj::TargetFramework=net9.0]
/home/lysander/repos/bannou/bannou-service/Generated/Events/LocationLifecycleEvents.cs(224,19): warning CS1591: Missing XML comment for publicly visible type or member 'LocationDeletedEvent.DeprecationReason' [/home/lysander/repos/bannou/Bannou.SDK/Bannou.SDK.csproj::TargetFramework=net9.0]
/home/lysander/repos/bannou/bannou-service/Generated/Events/LocationLifecycleEvents.cs(227,19): warning CS1591: Missing XML comment for publicly visible type or member 'LocationDeletedEvent.Metadata' [/home/lysander/repos/bannou/Bannou.SDK/Bannou.SDK.csproj::TargetFramework=net9.0]
/home/lysander/repos/bannou/bannou-service/Generated/Events/LocationLifecycleEvents.cs(232,34): warning CS1591: Missing XML comment for publicly visible type or member 'LocationDeletedEvent.CreatedAt' [/home/lysander/repos/bannou/Bannou.SDK/Bannou.SDK.csproj::TargetFramework=net9.0]
/home/lysander/repos/bannou/bannou-service/Generated/Events/LocationLifecycleEvents.cs(237,34): warning CS1591: Missing XML comment for publicly visible type or member 'LocationDeletedEvent.UpdatedAt' [/home/lysander/repos/bannou/Bannou.SDK/Bannou.SDK.csproj::TargetFramework=net9.0]
/home/lysander/repos/bannou/bannou-service/Generated/Events/SubscriptionsEventsModels.cs(97,13): warning CS1591: Missing XML comment for publicly visible type or member 'SubscriptionUpdatedEventAction' [/home/lysander/repos/bannou/Bannou.SDK/Bannou.SDK.csproj::TargetFramework=net9.0]
/home/lysander/repos/bannou/bannou-service/Generated/Events/SubscriptionsEventsModels.cs(101,5): warning CS1591: Missing XML comment for publicly visible type or member 'SubscriptionUpdatedEventAction.Created' [/home/lysander/repos/bannou/Bannou.SDK/Bannou.SDK.csproj::TargetFramework=net9.0]
/home/lysander/repos/bannou/bannou-service/Generated/Events/SubscriptionsEventsModels.cs(104,5): warning CS1591: Missing XML comment for publicly visible type or member 'SubscriptionUpdatedEventAction.Updated' [/home/lysander/repos/bannou/Bannou.SDK/Bannou.SDK.csproj::TargetFramework=net9.0]
/home/lysander/repos/bannou/bannou-service/Generated/Events/SubscriptionsEventsModels.cs(107,5): warning CS1591: Missing XML comment for publicly visible type or member 'SubscriptionUpdatedEventAction.Cancelled' [/home/lysander/repos/bannou/Bannou.SDK/Bannou.SDK.csproj::TargetFramework=net9.0]
/home/lysander/repos/bannou/bannou-service/Generated/Events/SubscriptionsEventsModels.cs(110,5): warning CS1591: Missing XML comment for publicly visible type or member 'SubscriptionUpdatedEventAction.Expired' [/home/lysander/repos/bannou/Bannou.SDK/Bannou.SDK.csproj::TargetFramework=net9.0]
/home/lysander/repos/bannou/bannou-service/Generated/Events/SubscriptionsEventsModels.cs(113,5): warning CS1591: Missing XML comment for publicly visible type or member 'SubscriptionUpdatedEventAction.Renewed' [/home/lysander/repos/bannou/Bannou.SDK/Bannou.SDK.csproj::TargetFramework=net9.0]
/home/lysander/repos/bannou/bannou-service/Generated/Events/AssetEventsModels.cs(67,27): warning CS1591: Missing XML comment for publicly visible type or member 'AssetUploadRequestedEvent.AssetType' [/home/lysander/repos/bannou/Bannou.SDK/Bannou.SDK.csproj::TargetFramework=net9.0]
/home/lysander/repos/bannou/bannou-service/Generated/Events/AssetEventsModels.cs(71,23): warning CS1591: Missing XML comment for publicly visible type or member 'AssetUploadRequestedEvent.Realm' [/home/lysander/repos/bannou/Bannou.SDK/Bannou.SDK.csproj::TargetFramework=net9.0]
/home/lysander/repos/bannou/bannou-service/Generated/Events/AssetEventsModels.cs(175,31): warning CS1591: Missing XML comment for publicly visible type or member 'AssetProcessingQueuedEvent.ProcessingType' [/home/lysander/repos/bannou/Bannou.SDK/Bannou.SDK.csproj::TargetFramework=net9.0]
/home/lysander/repos/bannou/bannou-service/Generated/Events/AssetEventsModels.cs(216,31): warning CS1591: Missing XML comment for publicly visible type or member 'AssetProcessingCompletedEvent.ProcessingType' [/home/lysander/repos/bannou/Bannou.SDK/Bannou.SDK.csproj::TargetFramework=net9.0]
/home/lysander/repos/bannou/bannou-service/Generated/Events/AssetEventsModels.cs(231,70): warning CS1591: Missing XML comment for publicly visible type or member 'AssetProcessingCompletedEvent.Outputs' [/home/lysander/repos/bannou/Bannou.SDK/Bannou.SDK.csproj::TargetFramework=net9.0]
/home/lysander/repos/bannou/bannou-service/Generated/Events/AssetEventsModels.cs(300,27): warning CS1591: Missing XML comment for publicly visible type or member 'AssetReadyEvent.AssetType' [/home/lysander/repos/bannou/Bannou.SDK/Bannou.SDK.csproj::TargetFramework=net9.0]
/home/lysander/repos/bannou/bannou-service/Generated/Events/AssetEventsModels.cs(304,23): warning CS1591: Missing XML comment for publicly visible type or member 'AssetReadyEvent.Realm' [/home/lysander/repos/bannou/Bannou.SDK/Bannou.SDK.csproj::TargetFramework=net9.0]
/home/lysander/repos/bannou/bannou-service/Generated/Events/AssetEventsModels.cs(361,33): warning CS1591: Missing XML comment for publicly visible type or member 'BundleCreatedEvent.Compression' [/home/lysander/repos/bannou/Bannou.SDK/Bannou.SDK.csproj::TargetFramework=net9.0]
/home/lysander/repos/bannou/bannou-service/Generated/Events/AssetEventsModels.cs(372,13): warning CS1591: Missing XML comment for publicly visible type or member 'AssetTypeEnum' [/home/lysander/repos/bannou/Bannou.SDK/Bannou.SDK.csproj::TargetFramework=net9.0]
/home/lysander/repos/bannou/bannou-service/Generated/Events/AssetEventsModels.cs(376,5): warning CS1591: Missing XML comment for publicly visible type or member 'AssetTypeEnum.Texture' [/home/lysander/repos/bannou/Bannou.SDK/Bannou.SDK.csproj::TargetFramework=net9.0]
/home/lysander/repos/bannou/bannou-service/Generated/Events/AssetEventsModels.cs(379,5): warning CS1591: Missing XML comment for publicly visible type or member 'AssetTypeEnum.Model' [/home/lysander/repos/bannou/Bannou.SDK/Bannou.SDK.csproj::TargetFramework=net9.0]
/home/lysander/repos/bannou/bannou-service/Generated/Events/AssetEventsModels.cs(382,5): warning CS1591: Missing XML comment for publicly visible type or member 'AssetTypeEnum.Audio' [/home/lysander/repos/bannou/Bannou.SDK/Bannou.SDK.csproj::TargetFramework=net9.0]
/home/lysander/repos/bannou/bannou-service/Generated/Events/AssetEventsModels.cs(385,5): warning CS1591: Missing XML comment for publicly visible type or member 'AssetTypeEnum.Behavior' [/home/lysander/repos/bannou/Bannou.SDK/Bannou.SDK.csproj::TargetFramework=net9.0]
/home/lysander/repos/bannou/bannou-service/Generated/Events/AssetEventsModels.cs(388,5): warning CS1591: Missing XML comment for publicly visible type or member 'AssetTypeEnum.Bundle' [/home/lysander/repos/bannou/Bannou.SDK/Bannou.SDK.csproj::TargetFramework=net9.0]
/home/lysander/repos/bannou/bannou-service/Generated/Events/AssetEventsModels.cs(391,5): warning CS1591: Missing XML comment for publicly visible type or member 'AssetTypeEnum.Prefab' [/home/lysander/repos/bannou/Bannou.SDK/Bannou.SDK.csproj::TargetFramework=net9.0]
/home/lysander/repos/bannou/bannou-service/Generated/Events/AssetEventsModels.cs(394,5): warning CS1591: Missing XML comment for publicly visible type or member 'AssetTypeEnum.Other' [/home/lysander/repos/bannou/Bannou.SDK/Bannou.SDK.csproj::TargetFramework=net9.0]
/home/lysander/repos/bannou/bannou-service/Generated/Events/AssetEventsModels.cs(399,13): warning CS1591: Missing XML comment for publicly visible type or member 'RealmEnum' [/home/lysander/repos/bannou/Bannou.SDK/Bannou.SDK.csproj::TargetFramework=net9.0]
/home/lysander/repos/bannou/bannou-service/Generated/Events/AssetEventsModels.cs(403,5): warning CS1591: Missing XML comment for publicly visible type or member 'RealmEnum.Omega' [/home/lysander/repos/bannou/Bannou.SDK/Bannou.SDK.csproj::TargetFramework=net9.0]
/home/lysander/repos/bannou/bannou-service/Generated/Events/AssetEventsModels.cs(406,5): warning CS1591: Missing XML comment for publicly visible type or member 'RealmEnum.Arcadia' [/home/lysander/repos/bannou/Bannou.SDK/Bannou.SDK.csproj::TargetFramework=net9.0]
/home/lysander/repos/bannou/bannou-service/Generated/Events/AssetEventsModels.cs(409,5): warning CS1591: Missing XML comment for publicly visible type or member 'RealmEnum.Fantasia' [/home/lysander/repos/bannou/Bannou.SDK/Bannou.SDK.csproj::TargetFramework=net9.0]
/home/lysander/repos/bannou/bannou-service/Generated/Events/AssetEventsModels.cs(412,5): warning CS1591: Missing XML comment for publicly visible type or member 'RealmEnum.Shared' [/home/lysander/repos/bannou/Bannou.SDK/Bannou.SDK.csproj::TargetFramework=net9.0]
/home/lysander/repos/bannou/bannou-service/Generated/Events/AssetEventsModels.cs(424,5): warning CS1591: Missing XML comment for publicly visible type or member 'ProcessingTypeEnum.Mipmaps' [/home/lysander/repos/bannou/Bannou.SDK/Bannou.SDK.csproj::TargetFramework=net9.0]
/home/lysander/repos/bannou/bannou-service/Generated/Events/AssetEventsModels.cs(427,5): warning CS1591: Missing XML comment for publicly visible type or member 'ProcessingTypeEnum.Lod_generation' [/home/lysander/repos/bannou/Bannou.SDK/Bannou.SDK.csproj::TargetFramework=net9.0]
/home/lysander/repos/bannou/bannou-service/Generated/Events/AssetEventsModels.cs(430,5): warning CS1591: Missing XML comment for publicly visible type or member 'ProcessingTypeEnum.Transcode' [/home/lysander/repos/bannou/Bannou.SDK/Bannou.SDK.csproj::TargetFramework=net9.0]
/home/lysander/repos/bannou/bannou-service/Generated/Events/AssetEventsModels.cs(433,5): warning CS1591: Missing XML comment for publicly visible type or member 'ProcessingTypeEnum.Compression' [/home/lysander/repos/bannou/Bannou.SDK/Bannou.SDK.csproj::TargetFramework=net9.0]
/home/lysander/repos/bannou/bannou-service/Generated/Events/AssetEventsModels.cs(436,5): warning CS1591: Missing XML comment for publicly visible type or member 'ProcessingTypeEnum.Validation' [/home/lysander/repos/bannou/Bannou.SDK/Bannou.SDK.csproj::TargetFramework=net9.0]
/home/lysander/repos/bannou/bannou-service/Generated/Events/AssetEventsModels.cs(439,5): warning CS1591: Missing XML comment for publicly visible type or member 'ProcessingTypeEnum.Behavior_compile' [/home/lysander/repos/bannou/Bannou.SDK/Bannou.SDK.csproj::TargetFramework=net9.0]
/home/lysander/repos/bannou/bannou-service/Generated/Events/AssetEventsModels.cs(444,13): warning CS1591: Missing XML comment for publicly visible type or member 'CompressionTypeEnum' [/home/lysander/repos/bannou/Bannou.SDK/Bannou.SDK.csproj::TargetFramework=net9.0]
/home/lysander/repos/bannou/bannou-service/Generated/Events/AssetEventsModels.cs(448,5): warning CS1591: Missing XML comment for publicly visible type or member 'CompressionTypeEnum.Lz4' [/home/lysander/repos/bannou/Bannou.SDK/Bannou.SDK.csproj::TargetFramework=net9.0]
/home/lysander/repos/bannou/bannou-service/Generated/Events/AssetEventsModels.cs(451,5): warning CS1591: Missing XML comment for publicly visible type or member 'CompressionTypeEnum.Lzma' [/home/lysander/repos/bannou/Bannou.SDK/Bannou.SDK.csproj::TargetFramework=net9.0]
/home/lysander/repos/bannou/bannou-service/Generated/Events/AssetEventsModels.cs(454,5): warning CS1591: Missing XML comment for publicly visible type or member 'CompressionTypeEnum.None' [/home/lysander/repos/bannou/Bannou.SDK/Bannou.SDK.csproj::TargetFramework=net9.0]
/home/lysander/repos/bannou/bannou-service/Generated/Events/AssetEventsModels.cs(486,68): warning CS1591: Missing XML comment for publicly visible type or member 'ProcessingOutput.AdditionalProperties' [/home/lysander/repos/bannou/Bannou.SDK/Bannou.SDK.csproj::TargetFramework=net9.0]
/home/lysander/repos/bannou/bannou-service/Generated/Events/RealmLifecycleEvents.cs(32,24): warning CS1591: Missing XML comment for publicly visible type or member 'RealmCreatedEvent.RealmId' [/home/lysander/repos/bannou/Bannou.SDK/Bannou.SDK.csproj::TargetFramework=net9.0]
/home/lysander/repos/bannou/bannou-service/Generated/Events/RealmLifecycleEvents.cs(37,19): warning CS1591: Missing XML comment for publicly visible type or member 'RealmCreatedEvent.Code' [/home/lysander/repos/bannou/Bannou.SDK/Bannou.SDK.csproj::TargetFramework=net9.0]
/home/lysander/repos/bannou/bannou-service/Generated/Events/RealmLifecycleEvents.cs(42,19): warning CS1591: Missing XML comment for publicly visible type or member 'RealmCreatedEvent.Name' [/home/lysander/repos/bannou/Bannou.SDK/Bannou.SDK.csproj::TargetFramework=net9.0]
/home/lysander/repos/bannou/bannou-service/Generated/Events/RealmLifecycleEvents.cs(45,19): warning CS1591: Missing XML comment for publicly visible type or member 'RealmCreatedEvent.Description' [/home/lysander/repos/bannou/Bannou.SDK/Bannou.SDK.csproj::TargetFramework=net9.0]
/home/lysander/repos/bannou/bannou-service/Generated/Events/RealmLifecycleEvents.cs(48,19): warning CS1591: Missing XML comment for publicly visible type or member 'RealmCreatedEvent.Category' [/home/lysander/repos/bannou/Bannou.SDK/Bannou.SDK.csproj::TargetFramework=net9.0]
/home/lysander/repos/bannou/bannou-service/Generated/Events/RealmLifecycleEvents.cs(51,17): warning CS1591: Missing XML comment for publicly visible type or member 'RealmCreatedEvent.IsActive' [/home/lysander/repos/bannou/Bannou.SDK/Bannou.SDK.csproj::TargetFramework=net9.0]
/home/lysander/repos/bannou/bannou-service/Generated/Events/RealmLifecycleEvents.cs(54,17): warning CS1591: Missing XML comment for publicly visible type or member 'RealmCreatedEvent.IsDeprecated' [/home/lysander/repos/bannou/Bannou.SDK/Bannou.SDK.csproj::TargetFramework=net9.0]
/home/lysander/repos/bannou/bannou-service/Generated/Events/RealmLifecycleEvents.cs(57,34): warning CS1591: Missing XML comment for publicly visible type or member 'RealmCreatedEvent.DeprecatedAt' [/home/lysander/repos/bannou/Bannou.SDK/Bannou.SDK.csproj::TargetFramework=net9.0]
/home/lysander/repos/bannou/bannou-service/Generated/Events/RealmLifecycleEvents.cs(60,19): warning CS1591: Missing XML comment for publicly visible type or member 'RealmCreatedEvent.DeprecationReason' [/home/lysander/repos/bannou/Bannou.SDK/Bannou.SDK.csproj::TargetFramework=net9.0]
/home/lysander/repos/bannou/bannou-service/Generated/Events/RealmLifecycleEvents.cs(63,19): warning CS1591: Missing XML comment for publicly visible type or member 'RealmCreatedEvent.Metadata' [/home/lysander/repos/bannou/Bannou.SDK/Bannou.SDK.csproj::TargetFramework=net9.0]
/home/lysander/repos/bannou/bannou-service/Generated/Events/RealmLifecycleEvents.cs(68,34): warning CS1591: Missing XML comment for publicly visible type or member 'RealmCreatedEvent.CreatedAt' [/home/lysander/repos/bannou/Bannou.SDK/Bannou.SDK.csproj::TargetFramework=net9.0]
/home/lysander/repos/bannou/bannou-service/Generated/Events/RealmLifecycleEvents.cs(73,34): warning CS1591: Missing XML comment for publicly visible type or member 'RealmCreatedEvent.UpdatedAt' [/home/lysander/repos/bannou/Bannou.SDK/Bannou.SDK.csproj::TargetFramework=net9.0]
/home/lysander/repos/bannou/bannou-service/Generated/Events/RealmLifecycleEvents.cs(95,24): warning CS1591: Missing XML comment for publicly visible type or member 'RealmUpdatedEvent.RealmId' [/home/lysander/repos/bannou/Bannou.SDK/Bannou.SDK.csproj::TargetFramework=net9.0]
/home/lysander/repos/bannou/bannou-service/Generated/Events/RealmLifecycleEvents.cs(100,19): warning CS1591: Missing XML comment for publicly visible type or member 'RealmUpdatedEvent.Code' [/home/lysander/repos/bannou/Bannou.SDK/Bannou.SDK.csproj::TargetFramework=net9.0]
/home/lysander/repos/bannou/bannou-service/Generated/Events/RealmLifecycleEvents.cs(105,19): warning CS1591: Missing XML comment for publicly visible type or member 'RealmUpdatedEvent.Name' [/home/lysander/repos/bannou/Bannou.SDK/Bannou.SDK.csproj::TargetFramework=net9.0]
/home/lysander/repos/bannou/bannou-service/Generated/Events/RealmLifecycleEvents.cs(108,19): warning CS1591: Missing XML comment for publicly visible type or member 'RealmUpdatedEvent.Description' [/home/lysander/repos/bannou/Bannou.SDK/Bannou.SDK.csproj::TargetFramework=net9.0]
/home/lysander/repos/bannou/bannou-service/Generated/Events/RealmLifecycleEvents.cs(111,19): warning CS1591: Missing XML comment for publicly visible type or member 'RealmUpdatedEvent.Category' [/home/lysander/repos/bannou/Bannou.SDK/Bannou.SDK.csproj::TargetFramework=net9.0]
/home/lysander/repos/bannou/bannou-service/Generated/Events/RealmLifecycleEvents.cs(114,17): warning CS1591: Missing XML comment for publicly visible type or member 'RealmUpdatedEvent.IsActive' [/home/lysander/repos/bannou/Bannou.SDK/Bannou.SDK.csproj::TargetFramework=net9.0]
/home/lysander/repos/bannou/bannou-service/Generated/Events/RealmLifecycleEvents.cs(117,17): warning CS1591: Missing XML comment for publicly visible type or member 'RealmUpdatedEvent.IsDeprecated' [/home/lysander/repos/bannou/Bannou.SDK/Bannou.SDK.csproj::TargetFramework=net9.0]
/home/lysander/repos/bannou/bannou-service/Generated/Events/RealmLifecycleEvents.cs(120,34): warning CS1591: Missing XML comment for publicly visible type or member 'RealmUpdatedEvent.DeprecatedAt' [/home/lysander/repos/bannou/Bannou.SDK/Bannou.SDK.csproj::TargetFramework=net9.0]
/home/lysander/repos/bannou/bannou-service/Generated/Events/RealmLifecycleEvents.cs(123,19): warning CS1591: Missing XML comment for publicly visible type or member 'RealmUpdatedEvent.DeprecationReason' [/home/lysander/repos/bannou/Bannou.SDK/Bannou.SDK.csproj::TargetFramework=net9.0]
/home/lysander/repos/bannou/bannou-service/Generated/Events/RealmLifecycleEvents.cs(126,19): warning CS1591: Missing XML comment for publicly visible type or member 'RealmUpdatedEvent.Metadata' [/home/lysander/repos/bannou/Bannou.SDK/Bannou.SDK.csproj::TargetFramework=net9.0]
/home/lysander/repos/bannou/bannou-service/Generated/Events/RealmLifecycleEvents.cs(131,34): warning CS1591: Missing XML comment for publicly visible type or member 'RealmUpdatedEvent.CreatedAt' [/home/lysander/repos/bannou/Bannou.SDK/Bannou.SDK.csproj::TargetFramework=net9.0]
/home/lysander/repos/bannou/bannou-service/Generated/Events/RealmLifecycleEvents.cs(136,34): warning CS1591: Missing XML comment for publicly visible type or member 'RealmUpdatedEvent.UpdatedAt' [/home/lysander/repos/bannou/Bannou.SDK/Bannou.SDK.csproj::TargetFramework=net9.0]
/home/lysander/repos/bannou/bannou-service/Generated/Events/RealmLifecycleEvents.cs(166,24): warning CS1591: Missing XML comment for publicly visible type or member 'RealmDeletedEvent.RealmId' [/home/lysander/repos/bannou/Bannou.SDK/Bannou.SDK.csproj::TargetFramework=net9.0]
/home/lysander/repos/bannou/bannou-service/Generated/Events/RealmLifecycleEvents.cs(171,19): warning CS1591: Missing XML comment for publicly visible type or member 'RealmDeletedEvent.Code' [/home/lysander/repos/bannou/Bannou.SDK/Bannou.SDK.csproj::TargetFramework=net9.0]
/home/lysander/repos/bannou/bannou-service/Generated/Events/RealmLifecycleEvents.cs(176,19): warning CS1591: Missing XML comment for publicly visible type or member 'RealmDeletedEvent.Name' [/home/lysander/repos/bannou/Bannou.SDK/Bannou.SDK.csproj::TargetFramework=net9.0]
/home/lysander/repos/bannou/bannou-service/Generated/Events/RealmLifecycleEvents.cs(179,19): warning CS1591: Missing XML comment for publicly visible type or member 'RealmDeletedEvent.Description' [/home/lysander/repos/bannou/Bannou.SDK/Bannou.SDK.csproj::TargetFramework=net9.0]
/home/lysander/repos/bannou/bannou-service/Generated/Events/RealmLifecycleEvents.cs(182,19): warning CS1591: Missing XML comment for publicly visible type or member 'RealmDeletedEvent.Category' [/home/lysander/repos/bannou/Bannou.SDK/Bannou.SDK.csproj::TargetFramework=net9.0]
/home/lysander/repos/bannou/bannou-service/Generated/Events/RealmLifecycleEvents.cs(185,17): warning CS1591: Missing XML comment for publicly visible type or member 'RealmDeletedEvent.IsActive' [/home/lysander/repos/bannou/Bannou.SDK/Bannou.SDK.csproj::TargetFramework=net9.0]
/home/lysander/repos/bannou/bannou-service/Generated/Events/RealmLifecycleEvents.cs(188,17): warning CS1591: Missing XML comment for publicly visible type or member 'RealmDeletedEvent.IsDeprecated' [/home/lysander/repos/bannou/Bannou.SDK/Bannou.SDK.csproj::TargetFramework=net9.0]
/home/lysander/repos/bannou/bannou-service/Generated/Events/RealmLifecycleEvents.cs(191,34): warning CS1591: Missing XML comment for publicly visible type or member 'RealmDeletedEvent.DeprecatedAt' [/home/lysander/repos/bannou/Bannou.SDK/Bannou.SDK.csproj::TargetFramework=net9.0]
/home/lysander/repos/bannou/bannou-service/Generated/Events/RealmLifecycleEvents.cs(194,19): warning CS1591: Missing XML comment for publicly visible type or member 'RealmDeletedEvent.DeprecationReason' [/home/lysander/repos/bannou/Bannou.SDK/Bannou.SDK.csproj::TargetFramework=net9.0]
/home/lysander/repos/bannou/bannou-service/Generated/Events/RealmLifecycleEvents.cs(197,19): warning CS1591: Missing XML comment for publicly visible type or member 'RealmDeletedEvent.Metadata' [/home/lysander/repos/bannou/Bannou.SDK/Bannou.SDK.csproj::TargetFramework=net9.0]
/home/lysander/repos/bannou/bannou-service/Generated/Events/RealmLifecycleEvents.cs(202,34): warning CS1591: Missing XML comment for publicly visible type or member 'RealmDeletedEvent.CreatedAt' [/home/lysander/repos/bannou/Bannou.SDK/Bannou.SDK.csproj::TargetFramework=net9.0]
/home/lysander/repos/bannou/bannou-service/Generated/Events/RealmLifecycleEvents.cs(207,34): warning CS1591: Missing XML comment for publicly visible type or member 'RealmDeletedEvent.UpdatedAt' [/home/lysander/repos/bannou/Bannou.SDK/Bannou.SDK.csproj::TargetFramework=net9.0]
/home/lysander/repos/bannou/bannou-service/Generated/Events/RelationshipLifecycleEvents.cs(32,24): warning CS1591: Missing XML comment for publicly visible type or member 'RelationshipCreatedEvent.RelationshipId' [/home/lysander/repos/bannou/Bannou.SDK/Bannou.SDK.csproj::TargetFramework=net9.0]
/home/lysander/repos/bannou/bannou-service/Generated/Events/RelationshipLifecycleEvents.cs(37,24): warning CS1591: Missing XML comment for publicly visible type or member 'RelationshipCreatedEvent.Entity1Id' [/home/lysander/repos/bannou/Bannou.SDK/Bannou.SDK.csproj::TargetFramework=net9.0]
/home/lysander/repos/bannou/bannou-service/Generated/Events/RelationshipLifecycleEvents.cs(42,19): warning CS1591: Missing XML comment for publicly visible type or member 'RelationshipCreatedEvent.Entity1Type' [/home/lysander/repos/bannou/Bannou.SDK/Bannou.SDK.csproj::TargetFramework=net9.0]
/home/lysander/repos/bannou/bannou-service/Generated/Events/RelationshipLifecycleEvents.cs(47,24): warning CS1591: Missing XML comment for publicly visible type or member 'RelationshipCreatedEvent.Entity2Id' [/home/lysander/repos/bannou/Bannou.SDK/Bannou.SDK.csproj::TargetFramework=net9.0]
/home/lysander/repos/bannou/bannou-service/Generated/Events/RelationshipLifecycleEvents.cs(52,19): warning CS1591: Missing XML comment for publicly visible type or member 'RelationshipCreatedEvent.Entity2Type' [/home/lysander/repos/bannou/Bannou.SDK/Bannou.SDK.csproj::TargetFramework=net9.0]
/home/lysander/repos/bannou/bannou-service/Generated/Events/RelationshipLifecycleEvents.cs(57,24): warning CS1591: Missing XML comment for publicly visible type or member 'RelationshipCreatedEvent.RelationshipTypeId' [/home/lysander/repos/bannou/Bannou.SDK/Bannou.SDK.csproj::TargetFramework=net9.0]
/home/lysander/repos/bannou/bannou-service/Generated/Events/RelationshipLifecycleEvents.cs(62,34): warning CS1591: Missing XML comment for publicly visible type or member 'RelationshipCreatedEvent.StartedAt' [/home/lysander/repos/bannou/Bannou.SDK/Bannou.SDK.csproj::TargetFramework=net9.0]
/home/lysander/repos/bannou/bannou-service/Generated/Events/RelationshipLifecycleEvents.cs(65,34): warning CS1591: Missing XML comment for publicly visible type or member 'RelationshipCreatedEvent.EndedAt' [/home/lysander/repos/bannou/Bannou.SDK/Bannou.SDK.csproj::TargetFramework=net9.0]
/home/lysander/repos/bannou/bannou-service/Generated/Events/RelationshipLifecycleEvents.cs(68,19): warning CS1591: Missing XML comment for publicly visible type or member 'RelationshipCreatedEvent.Metadata' [/home/lysander/repos/bannou/Bannou.SDK/Bannou.SDK.csproj::TargetFramework=net9.0]
/home/lysander/repos/bannou/bannou-service/Generated/Events/RelationshipLifecycleEvents.cs(73,34): warning CS1591: Missing XML comment for publicly visible type or member 'RelationshipCreatedEvent.CreatedAt' [/home/lysander/repos/bannou/Bannou.SDK/Bannou.SDK.csproj::TargetFramework=net9.0]
/home/lysander/repos/bannou/bannou-service/Generated/Events/RelationshipLifecycleEvents.cs(76,34): warning CS1591: Missing XML comment for publicly visible type or member 'RelationshipCreatedEvent.UpdatedAt' [/home/lysander/repos/bannou/Bannou.SDK/Bannou.SDK.csproj::TargetFramework=net9.0]
/home/lysander/repos/bannou/bannou-service/Generated/Events/RelationshipLifecycleEvents.cs(98,24): warning CS1591: Missing XML comment for publicly visible type or member 'RelationshipUpdatedEvent.RelationshipId' [/home/lysander/repos/bannou/Bannou.SDK/Bannou.SDK.csproj::TargetFramework=net9.0]
/home/lysander/repos/bannou/bannou-service/Generated/Events/RelationshipLifecycleEvents.cs(103,24): warning CS1591: Missing XML comment for publicly visible type or member 'RelationshipUpdatedEvent.Entity1Id' [/home/lysander/repos/bannou/Bannou.SDK/Bannou.SDK.csproj::TargetFramework=net9.0]
/home/lysander/repos/bannou/bannou-service/Generated/Events/RelationshipLifecycleEvents.cs(108,19): warning CS1591: Missing XML comment for publicly visible type or member 'RelationshipUpdatedEvent.Entity1Type' [/home/lysander/repos/bannou/Bannou.SDK/Bannou.SDK.csproj::TargetFramework=net9.0]
/home/lysander/repos/bannou/bannou-service/Generated/Events/RelationshipLifecycleEvents.cs(113,24): warning CS1591: Missing XML comment for publicly visible type or member 'RelationshipUpdatedEvent.Entity2Id' [/home/lysander/repos/bannou/Bannou.SDK/Bannou.SDK.csproj::TargetFramework=net9.0]
/home/lysander/repos/bannou/bannou-service/Generated/Events/RelationshipLifecycleEvents.cs(118,19): warning CS1591: Missing XML comment for publicly visible type or member 'RelationshipUpdatedEvent.Entity2Type' [/home/lysander/repos/bannou/Bannou.SDK/Bannou.SDK.csproj::TargetFramework=net9.0]
/home/lysander/repos/bannou/bannou-service/Generated/Events/RelationshipLifecycleEvents.cs(123,24): warning CS1591: Missing XML comment for publicly visible type or member 'RelationshipUpdatedEvent.RelationshipTypeId' [/home/lysander/repos/bannou/Bannou.SDK/Bannou.SDK.csproj::TargetFramework=net9.0]
/home/lysander/repos/bannou/bannou-service/Generated/Events/RelationshipLifecycleEvents.cs(128,34): warning CS1591: Missing XML comment for publicly visible type or member 'RelationshipUpdatedEvent.StartedAt' [/home/lysander/repos/bannou/Bannou.SDK/Bannou.SDK.csproj::TargetFramework=net9.0]
/home/lysander/repos/bannou/bannou-service/Generated/Events/RelationshipLifecycleEvents.cs(131,34): warning CS1591: Missing XML comment for publicly visible type or member 'RelationshipUpdatedEvent.EndedAt' [/home/lysander/repos/bannou/Bannou.SDK/Bannou.SDK.csproj::TargetFramework=net9.0]
/home/lysander/repos/bannou/bannou-service/Generated/Events/RelationshipLifecycleEvents.cs(134,19): warning CS1591: Missing XML comment for publicly visible type or member 'RelationshipUpdatedEvent.Metadata' [/home/lysander/repos/bannou/Bannou.SDK/Bannou.SDK.csproj::TargetFramework=net9.0]
/home/lysander/repos/bannou/bannou-service/Generated/Events/RelationshipLifecycleEvents.cs(139,34): warning CS1591: Missing XML comment for publicly visible type or member 'RelationshipUpdatedEvent.CreatedAt' [/home/lysander/repos/bannou/Bannou.SDK/Bannou.SDK.csproj::TargetFramework=net9.0]
/home/lysander/repos/bannou/bannou-service/Generated/Events/RelationshipLifecycleEvents.cs(142,34): warning CS1591: Missing XML comment for publicly visible type or member 'RelationshipUpdatedEvent.UpdatedAt' [/home/lysander/repos/bannou/Bannou.SDK/Bannou.SDK.csproj::TargetFramework=net9.0]
/home/lysander/repos/bannou/bannou-service/Generated/Events/RelationshipLifecycleEvents.cs(172,24): warning CS1591: Missing XML comment for publicly visible type or member 'RelationshipDeletedEvent.RelationshipId' [/home/lysander/repos/bannou/Bannou.SDK/Bannou.SDK.csproj::TargetFramework=net9.0]
/home/lysander/repos/bannou/bannou-service/Generated/Events/RelationshipLifecycleEvents.cs(177,24): warning CS1591: Missing XML comment for publicly visible type or member 'RelationshipDeletedEvent.Entity1Id' [/home/lysander/repos/bannou/Bannou.SDK/Bannou.SDK.csproj::TargetFramework=net9.0]
/home/lysander/repos/bannou/bannou-service/Generated/Events/RelationshipLifecycleEvents.cs(182,19): warning CS1591: Missing XML comment for publicly visible type or member 'RelationshipDeletedEvent.Entity1Type' [/home/lysander/repos/bannou/Bannou.SDK/Bannou.SDK.csproj::TargetFramework=net9.0]
/home/lysander/repos/bannou/bannou-service/Generated/Events/RelationshipLifecycleEvents.cs(187,24): warning CS1591: Missing XML comment for publicly visible type or member 'RelationshipDeletedEvent.Entity2Id' [/home/lysander/repos/bannou/Bannou.SDK/Bannou.SDK.csproj::TargetFramework=net9.0]
/home/lysander/repos/bannou/bannou-service/Generated/Events/RelationshipLifecycleEvents.cs(192,19): warning CS1591: Missing XML comment for publicly visible type or member 'RelationshipDeletedEvent.Entity2Type' [/home/lysander/repos/bannou/Bannou.SDK/Bannou.SDK.csproj::TargetFramework=net9.0]
/home/lysander/repos/bannou/bannou-service/Generated/Events/RelationshipLifecycleEvents.cs(197,24): warning CS1591: Missing XML comment for publicly visible type or member 'RelationshipDeletedEvent.RelationshipTypeId' [/home/lysander/repos/bannou/Bannou.SDK/Bannou.SDK.csproj::TargetFramework=net9.0]
/home/lysander/repos/bannou/bannou-service/Generated/Events/RelationshipLifecycleEvents.cs(202,34): warning CS1591: Missing XML comment for publicly visible type or member 'RelationshipDeletedEvent.StartedAt' [/home/lysander/repos/bannou/Bannou.SDK/Bannou.SDK.csproj::TargetFramework=net9.0]
/home/lysander/repos/bannou/bannou-service/Generated/Events/RelationshipLifecycleEvents.cs(205,34): warning CS1591: Missing XML comment for publicly visible type or member 'RelationshipDeletedEvent.EndedAt' [/home/lysander/repos/bannou/Bannou.SDK/Bannou.SDK.csproj::TargetFramework=net9.0]
/home/lysander/repos/bannou/bannou-service/Generated/Events/RelationshipLifecycleEvents.cs(208,19): warning CS1591: Missing XML comment for publicly visible type or member 'RelationshipDeletedEvent.Metadata' [/home/lysander/repos/bannou/Bannou.SDK/Bannou.SDK.csproj::TargetFramework=net9.0]
/home/lysander/repos/bannou/bannou-service/Generated/Events/RelationshipLifecycleEvents.cs(213,34): warning CS1591: Missing XML comment for publicly visible type or member 'RelationshipDeletedEvent.CreatedAt' [/home/lysander/repos/bannou/Bannou.SDK/Bannou.SDK.csproj::TargetFramework=net9.0]
/home/lysander/repos/bannou/bannou-service/Generated/Events/RelationshipLifecycleEvents.cs(216,34): warning CS1591: Missing XML comment for publicly visible type or member 'RelationshipDeletedEvent.UpdatedAt' [/home/lysander/repos/bannou/Bannou.SDK/Bannou.SDK.csproj::TargetFramework=net9.0]
/home/lysander/repos/bannou/bannou-service/Generated/Events/GameSessionLifecycleEvents.cs(32,24): warning CS1591: Missing XML comment for publicly visible type or member 'GameSessionCreatedEvent.SessionId' [/home/lysander/repos/bannou/Bannou.SDK/Bannou.SDK.csproj::TargetFramework=net9.0]
/home/lysander/repos/bannou/bannou-service/Generated/Events/GameSessionLifecycleEvents.cs(37,19): warning CS1591: Missing XML comment for publicly visible type or member 'GameSessionCreatedEvent.GameType' [/home/lysander/repos/bannou/Bannou.SDK/Bannou.SDK.csproj::TargetFramework=net9.0]
/home/lysander/repos/bannou/bannou-service/Generated/Events/GameSessionLifecycleEvents.cs(40,19): warning CS1591: Missing XML comment for publicly visible type or member 'GameSessionCreatedEvent.SessionName' [/home/lysander/repos/bannou/Bannou.SDK/Bannou.SDK.csproj::TargetFramework=net9.0]
/home/lysander/repos/bannou/bannou-service/Generated/Events/GameSessionLifecycleEvents.cs(45,19): warning CS1591: Missing XML comment for publicly visible type or member 'GameSessionCreatedEvent.Status' [/home/lysander/repos/bannou/Bannou.SDK/Bannou.SDK.csproj::TargetFramework=net9.0]
/home/lysander/repos/bannou/bannou-service/Generated/Events/GameSessionLifecycleEvents.cs(48,16): warning CS1591: Missing XML comment for publicly visible type or member 'GameSessionCreatedEvent.MaxPlayers' [/home/lysander/repos/bannou/Bannou.SDK/Bannou.SDK.csproj::TargetFramework=net9.0]
/home/lysander/repos/bannou/bannou-service/Generated/Events/GameSessionLifecycleEvents.cs(51,16): warning CS1591: Missing XML comment for publicly visible type or member 'GameSessionCreatedEvent.CurrentPlayers' [/home/lysander/repos/bannou/Bannou.SDK/Bannou.SDK.csproj::TargetFramework=net9.0]
/home/lysander/repos/bannou/bannou-service/Generated/Events/GameSessionLifecycleEvents.cs(54,17): warning CS1591: Missing XML comment for publicly visible type or member 'GameSessionCreatedEvent.IsPrivate' [/home/lysander/repos/bannou/Bannou.SDK/Bannou.SDK.csproj::TargetFramework=net9.0]
/home/lysander/repos/bannou/bannou-service/Generated/Events/GameSessionLifecycleEvents.cs(57,24): warning CS1591: Missing XML comment for publicly visible type or member 'GameSessionCreatedEvent.Owner' [/home/lysander/repos/bannou/Bannou.SDK/Bannou.SDK.csproj::TargetFramework=net9.0]
/home/lysander/repos/bannou/bannou-service/Generated/Events/GameSessionLifecycleEvents.cs(62,34): warning CS1591: Missing XML comment for publicly visible type or member 'GameSessionCreatedEvent.CreatedAt' [/home/lysander/repos/bannou/Bannou.SDK/Bannou.SDK.csproj::TargetFramework=net9.0]
/home/lysander/repos/bannou/bannou-service/Generated/Events/GameSessionLifecycleEvents.cs(84,24): warning CS1591: Missing XML comment for publicly visible type or member 'GameSessionUpdatedEvent.SessionId' [/home/lysander/repos/bannou/Bannou.SDK/Bannou.SDK.csproj::TargetFramework=net9.0]
/home/lysander/repos/bannou/bannou-service/Generated/Events/GameSessionLifecycleEvents.cs(89,19): warning CS1591: Missing XML comment for publicly visible type or member 'GameSessionUpdatedEvent.GameType' [/home/lysander/repos/bannou/Bannou.SDK/Bannou.SDK.csproj::TargetFramework=net9.0]
/home/lysander/repos/bannou/bannou-service/Generated/Events/GameSessionLifecycleEvents.cs(92,19): warning CS1591: Missing XML comment for publicly visible type or member 'GameSessionUpdatedEvent.SessionName' [/home/lysander/repos/bannou/Bannou.SDK/Bannou.SDK.csproj::TargetFramework=net9.0]
/home/lysander/repos/bannou/bannou-service/Generated/Events/GameSessionLifecycleEvents.cs(97,19): warning CS1591: Missing XML comment for publicly visible type or member 'GameSessionUpdatedEvent.Status' [/home/lysander/repos/bannou/Bannou.SDK/Bannou.SDK.csproj::TargetFramework=net9.0]
/home/lysander/repos/bannou/bannou-service/Generated/Events/GameSessionLifecycleEvents.cs(100,16): warning CS1591: Missing XML comment for publicly visible type or member 'GameSessionUpdatedEvent.MaxPlayers' [/home/lysander/repos/bannou/Bannou.SDK/Bannou.SDK.csproj::TargetFramework=net9.0]
/home/lysander/repos/bannou/bannou-service/Generated/Events/GameSessionLifecycleEvents.cs(103,16): warning CS1591: Missing XML comment for publicly visible type or member 'GameSessionUpdatedEvent.CurrentPlayers' [/home/lysander/repos/bannou/Bannou.SDK/Bannou.SDK.csproj::TargetFramework=net9.0]
/home/lysander/repos/bannou/bannou-service/Generated/Events/GameSessionLifecycleEvents.cs(106,17): warning CS1591: Missing XML comment for publicly visible type or member 'GameSessionUpdatedEvent.IsPrivate' [/home/lysander/repos/bannou/Bannou.SDK/Bannou.SDK.csproj::TargetFramework=net9.0]
/home/lysander/repos/bannou/bannou-service/Generated/Events/GameSessionLifecycleEvents.cs(109,24): warning CS1591: Missing XML comment for publicly visible type or member 'GameSessionUpdatedEvent.Owner' [/home/lysander/repos/bannou/Bannou.SDK/Bannou.SDK.csproj::TargetFramework=net9.0]
/home/lysander/repos/bannou/bannou-service/Generated/Events/GameSessionLifecycleEvents.cs(114,34): warning CS1591: Missing XML comment for publicly visible type or member 'GameSessionUpdatedEvent.CreatedAt' [/home/lysander/repos/bannou/Bannou.SDK/Bannou.SDK.csproj::TargetFramework=net9.0]
/home/lysander/repos/bannou/bannou-service/Generated/Events/GameSessionLifecycleEvents.cs(144,24): warning CS1591: Missing XML comment for publicly visible type or member 'GameSessionDeletedEvent.SessionId' [/home/lysander/repos/bannou/Bannou.SDK/Bannou.SDK.csproj::TargetFramework=net9.0]
/home/lysander/repos/bannou/bannou-service/Generated/Events/GameSessionLifecycleEvents.cs(149,19): warning CS1591: Missing XML comment for publicly visible type or member 'GameSessionDeletedEvent.GameType' [/home/lysander/repos/bannou/Bannou.SDK/Bannou.SDK.csproj::TargetFramework=net9.0]
/home/lysander/repos/bannou/bannou-service/Generated/Events/GameSessionLifecycleEvents.cs(152,19): warning CS1591: Missing XML comment for publicly visible type or member 'GameSessionDeletedEvent.SessionName' [/home/lysander/repos/bannou/Bannou.SDK/Bannou.SDK.csproj::TargetFramework=net9.0]
/home/lysander/repos/bannou/bannou-service/Generated/Events/GameSessionLifecycleEvents.cs(157,19): warning CS1591: Missing XML comment for publicly visible type or member 'GameSessionDeletedEvent.Status' [/home/lysander/repos/bannou/Bannou.SDK/Bannou.SDK.csproj::TargetFramework=net9.0]
/home/lysander/repos/bannou/bannou-service/Generated/Events/GameSessionLifecycleEvents.cs(160,16): warning CS1591: Missing XML comment for publicly visible type or member 'GameSessionDeletedEvent.MaxPlayers' [/home/lysander/repos/bannou/Bannou.SDK/Bannou.SDK.csproj::TargetFramework=net9.0]
/home/lysander/repos/bannou/bannou-service/Generated/Events/GameSessionLifecycleEvents.cs(163,16): warning CS1591: Missing XML comment for publicly visible type or member 'GameSessionDeletedEvent.CurrentPlayers' [/home/lysander/repos/bannou/Bannou.SDK/Bannou.SDK.csproj::TargetFramework=net9.0]
/home/lysander/repos/bannou/bannou-service/Generated/Events/GameSessionLifecycleEvents.cs(166,17): warning CS1591: Missing XML comment for publicly visible type or member 'GameSessionDeletedEvent.IsPrivate' [/home/lysander/repos/bannou/Bannou.SDK/Bannou.SDK.csproj::TargetFramework=net9.0]
/home/lysander/repos/bannou/bannou-service/Generated/Events/GameSessionLifecycleEvents.cs(169,24): warning CS1591: Missing XML comment for publicly visible type or member 'GameSessionDeletedEvent.Owner' [/home/lysander/repos/bannou/Bannou.SDK/Bannou.SDK.csproj::TargetFramework=net9.0]
/home/lysander/repos/bannou/bannou-service/Generated/Events/GameSessionLifecycleEvents.cs(174,34): warning CS1591: Missing XML comment for publicly visible type or member 'GameSessionDeletedEvent.CreatedAt' [/home/lysander/repos/bannou/Bannou.SDK/Bannou.SDK.csproj::TargetFramework=net9.0]
/home/lysander/repos/bannou/bannou-service/Generated/Events/GameSessionEventsModels.cs(56,68): warning CS1591: Missing XML comment for publicly visible type or member 'GameSessionPlayerJoinedEvent.AdditionalProperties' [/home/lysander/repos/bannou/Bannou.SDK/Bannou.SDK.csproj::TargetFramework=net9.0]
/home/lysander/repos/bannou/bannou-service/Generated/Events/GameSessionEventsModels.cs(118,68): warning CS1591: Missing XML comment for publicly visible type or member 'GameSessionPlayerLeftEvent.AdditionalProperties' [/home/lysander/repos/bannou/Bannou.SDK/Bannou.SDK.csproj::TargetFramework=net9.0]
/home/lysander/repos/bannou/bannou-service/Generated/Events/AccountsLifecycleEvents.cs(32,24): warning CS1591: Missing XML comment for publicly visible type or member 'AccountCreatedEvent.AccountId' [/home/lysander/repos/bannou/Bannou.SDK/Bannou.SDK.csproj::TargetFramework=net9.0]
/home/lysander/repos/bannou/bannou-service/Generated/Events/AccountsLifecycleEvents.cs(37,19): warning CS1591: Missing XML comment for publicly visible type or member 'AccountCreatedEvent.Email' [/home/lysander/repos/bannou/Bannou.SDK/Bannou.SDK.csproj::TargetFramework=net9.0]
/home/lysander/repos/bannou/bannou-service/Generated/Events/AccountsLifecycleEvents.cs(40,19): warning CS1591: Missing XML comment for publicly visible type or member 'AccountCreatedEvent.DisplayName' [/home/lysander/repos/bannou/Bannou.SDK/Bannou.SDK.csproj::TargetFramework=net9.0]
/home/lysander/repos/bannou/bannou-service/Generated/Events/AccountsLifecycleEvents.cs(43,17): warning CS1591: Missing XML comment for publicly visible type or member 'AccountCreatedEvent.EmailVerified' [/home/lysander/repos/bannou/Bannou.SDK/Bannou.SDK.csproj::TargetFramework=net9.0]
/home/lysander/repos/bannou/bannou-service/Generated/Events/AccountsLifecycleEvents.cs(46,59): warning CS1591: Missing XML comment for publicly visible type or member 'AccountCreatedEvent.Roles' [/home/lysander/repos/bannou/Bannou.SDK/Bannou.SDK.csproj::TargetFramework=net9.0]
/home/lysander/repos/bannou/bannou-service/Generated/Events/AccountsLifecycleEvents.cs(51,34): warning CS1591: Missing XML comment for publicly visible type or member 'AccountCreatedEvent.CreatedAt' [/home/lysander/repos/bannou/Bannou.SDK/Bannou.SDK.csproj::TargetFramework=net9.0]
/home/lysander/repos/bannou/bannou-service/Generated/Events/AccountsLifecycleEvents.cs(54,34): warning CS1591: Missing XML comment for publicly visible type or member 'AccountCreatedEvent.UpdatedAt' [/home/lysander/repos/bannou/Bannou.SDK/Bannou.SDK.csproj::TargetFramework=net9.0]
/home/lysander/repos/bannou/bannou-service/Generated/Events/AccountsLifecycleEvents.cs(57,19): warning CS1591: Missing XML comment for publicly visible type or member 'AccountCreatedEvent.Metadata' [/home/lysander/repos/bannou/Bannou.SDK/Bannou.SDK.csproj::TargetFramework=net9.0]
/home/lysander/repos/bannou/bannou-service/Generated/Events/AccountsLifecycleEvents.cs(79,24): warning CS1591: Missing XML comment for publicly visible type or member 'AccountUpdatedEvent.AccountId' [/home/lysander/repos/bannou/Bannou.SDK/Bannou.SDK.csproj::TargetFramework=net9.0]
/home/lysander/repos/bannou/bannou-service/Generated/Events/AccountsLifecycleEvents.cs(84,19): warning CS1591: Missing XML comment for publicly visible type or member 'AccountUpdatedEvent.Email' [/home/lysander/repos/bannou/Bannou.SDK/Bannou.SDK.csproj::TargetFramework=net9.0]
/home/lysander/repos/bannou/bannou-service/Generated/Events/AccountsLifecycleEvents.cs(87,19): warning CS1591: Missing XML comment for publicly visible type or member 'AccountUpdatedEvent.DisplayName' [/home/lysander/repos/bannou/Bannou.SDK/Bannou.SDK.csproj::TargetFramework=net9.0]
/home/lysander/repos/bannou/bannou-service/Generated/Events/AccountsLifecycleEvents.cs(90,17): warning CS1591: Missing XML comment for publicly visible type or member 'AccountUpdatedEvent.EmailVerified' [/home/lysander/repos/bannou/Bannou.SDK/Bannou.SDK.csproj::TargetFramework=net9.0]
/home/lysander/repos/bannou/bannou-service/Generated/Events/AccountsLifecycleEvents.cs(93,59): warning CS1591: Missing XML comment for publicly visible type or member 'AccountUpdatedEvent.Roles' [/home/lysander/repos/bannou/Bannou.SDK/Bannou.SDK.csproj::TargetFramework=net9.0]
/home/lysander/repos/bannou/bannou-service/Generated/Events/AccountsLifecycleEvents.cs(98,34): warning CS1591: Missing XML comment for publicly visible type or member 'AccountUpdatedEvent.CreatedAt' [/home/lysander/repos/bannou/Bannou.SDK/Bannou.SDK.csproj::TargetFramework=net9.0]
/home/lysander/repos/bannou/bannou-service/Generated/Events/AccountsLifecycleEvents.cs(101,34): warning CS1591: Missing XML comment for publicly visible type or member 'AccountUpdatedEvent.UpdatedAt' [/home/lysander/repos/bannou/Bannou.SDK/Bannou.SDK.csproj::TargetFramework=net9.0]
/home/lysander/repos/bannou/bannou-service/Generated/Events/AccountsLifecycleEvents.cs(104,19): warning CS1591: Missing XML comment for publicly visible type or member 'AccountUpdatedEvent.Metadata' [/home/lysander/repos/bannou/Bannou.SDK/Bannou.SDK.csproj::TargetFramework=net9.0]
/home/lysander/repos/bannou/bannou-service/Generated/Events/AccountsLifecycleEvents.cs(134,24): warning CS1591: Missing XML comment for publicly visible type or member 'AccountDeletedEvent.AccountId' [/home/lysander/repos/bannou/Bannou.SDK/Bannou.SDK.csproj::TargetFramework=net9.0]
/home/lysander/repos/bannou/bannou-service/Generated/Events/AccountsLifecycleEvents.cs(139,19): warning CS1591: Missing XML comment for publicly visible type or member 'AccountDeletedEvent.Email' [/home/lysander/repos/bannou/Bannou.SDK/Bannou.SDK.csproj::TargetFramework=net9.0]
/home/lysander/repos/bannou/bannou-service/Generated/Events/AccountsLifecycleEvents.cs(142,19): warning CS1591: Missing XML comment for publicly visible type or member 'AccountDeletedEvent.DisplayName' [/home/lysander/repos/bannou/Bannou.SDK/Bannou.SDK.csproj::TargetFramework=net9.0]
/home/lysander/repos/bannou/bannou-service/Generated/Events/AccountsLifecycleEvents.cs(145,17): warning CS1591: Missing XML comment for publicly visible type or member 'AccountDeletedEvent.EmailVerified' [/home/lysander/repos/bannou/Bannou.SDK/Bannou.SDK.csproj::TargetFramework=net9.0]
/home/lysander/repos/bannou/bannou-service/Generated/Events/AccountsLifecycleEvents.cs(148,59): warning CS1591: Missing XML comment for publicly visible type or member 'AccountDeletedEvent.Roles' [/home/lysander/repos/bannou/Bannou.SDK/Bannou.SDK.csproj::TargetFramework=net9.0]
/home/lysander/repos/bannou/bannou-service/Generated/Events/AccountsLifecycleEvents.cs(153,34): warning CS1591: Missing XML comment for publicly visible type or member 'AccountDeletedEvent.CreatedAt' [/home/lysander/repos/bannou/Bannou.SDK/Bannou.SDK.csproj::TargetFramework=net9.0]
/home/lysander/repos/bannou/bannou-service/Generated/Events/AccountsLifecycleEvents.cs(156,34): warning CS1591: Missing XML comment for publicly visible type or member 'AccountDeletedEvent.UpdatedAt' [/home/lysander/repos/bannou/Bannou.SDK/Bannou.SDK.csproj::TargetFramework=net9.0]
/home/lysander/repos/bannou/bannou-service/Generated/Events/AccountsLifecycleEvents.cs(159,19): warning CS1591: Missing XML comment for publicly visible type or member 'AccountDeletedEvent.Metadata' [/home/lysander/repos/bannou/Bannou.SDK/Bannou.SDK.csproj::TargetFramework=net9.0]
/home/lysander/repos/bannou/bannou-service/Generated/Events/SpeciesLifecycleEvents.cs(32,24): warning CS1591: Missing XML comment for publicly visible type or member 'SpeciesCreatedEvent.SpeciesId' [/home/lysander/repos/bannou/Bannou.SDK/Bannou.SDK.csproj::TargetFramework=net9.0]
/home/lysander/repos/bannou/bannou-service/Generated/Events/SpeciesLifecycleEvents.cs(37,19): warning CS1591: Missing XML comment for publicly visible type or member 'SpeciesCreatedEvent.Code' [/home/lysander/repos/bannou/Bannou.SDK/Bannou.SDK.csproj::TargetFramework=net9.0]
/home/lysander/repos/bannou/bannou-service/Generated/Events/SpeciesLifecycleEvents.cs(42,19): warning CS1591: Missing XML comment for publicly visible type or member 'SpeciesCreatedEvent.Name' [/home/lysander/repos/bannou/Bannou.SDK/Bannou.SDK.csproj::TargetFramework=net9.0]
/home/lysander/repos/bannou/bannou-service/Generated/Events/SpeciesLifecycleEvents.cs(45,19): warning CS1591: Missing XML comment for publicly visible type or member 'SpeciesCreatedEvent.Description' [/home/lysander/repos/bannou/Bannou.SDK/Bannou.SDK.csproj::TargetFramework=net9.0]
/home/lysander/repos/bannou/bannou-service/Generated/Events/SpeciesLifecycleEvents.cs(48,19): warning CS1591: Missing XML comment for publicly visible type or member 'SpeciesCreatedEvent.Category' [/home/lysander/repos/bannou/Bannou.SDK/Bannou.SDK.csproj::TargetFramework=net9.0]
/home/lysander/repos/bannou/bannou-service/Generated/Events/SpeciesLifecycleEvents.cs(51,17): warning CS1591: Missing XML comment for publicly visible type or member 'SpeciesCreatedEvent.IsPlayable' [/home/lysander/repos/bannou/Bannou.SDK/Bannou.SDK.csproj::TargetFramework=net9.0]
/home/lysander/repos/bannou/bannou-service/Generated/Events/SpeciesLifecycleEvents.cs(54,17): warning CS1591: Missing XML comment for publicly visible type or member 'SpeciesCreatedEvent.IsDeprecated' [/home/lysander/repos/bannou/Bannou.SDK/Bannou.SDK.csproj::TargetFramework=net9.0]
/home/lysander/repos/bannou/bannou-service/Generated/Events/SpeciesLifecycleEvents.cs(57,34): warning CS1591: Missing XML comment for publicly visible type or member 'SpeciesCreatedEvent.DeprecatedAt' [/home/lysander/repos/bannou/Bannou.SDK/Bannou.SDK.csproj::TargetFramework=net9.0]
/home/lysander/repos/bannou/bannou-service/Generated/Events/SpeciesLifecycleEvents.cs(60,19): warning CS1591: Missing XML comment for publicly visible type or member 'SpeciesCreatedEvent.DeprecationReason' [/home/lysander/repos/bannou/Bannou.SDK/Bannou.SDK.csproj::TargetFramework=net9.0]
/home/lysander/repos/bannou/bannou-service/Generated/Events/SpeciesLifecycleEvents.cs(63,16): warning CS1591: Missing XML comment for publicly visible type or member 'SpeciesCreatedEvent.BaseLifespan' [/home/lysander/repos/bannou/Bannou.SDK/Bannou.SDK.csproj::TargetFramework=net9.0]
/home/lysander/repos/bannou/bannou-service/Generated/Events/SpeciesLifecycleEvents.cs(66,16): warning CS1591: Missing XML comment for publicly visible type or member 'SpeciesCreatedEvent.MaturityAge' [/home/lysander/repos/bannou/Bannou.SDK/Bannou.SDK.csproj::TargetFramework=net9.0]
/home/lysander/repos/bannou/bannou-service/Generated/Events/SpeciesLifecycleEvents.cs(69,19): warning CS1591: Missing XML comment for publicly visible type or member 'SpeciesCreatedEvent.TraitModifiers' [/home/lysander/repos/bannou/Bannou.SDK/Bannou.SDK.csproj::TargetFramework=net9.0]
/home/lysander/repos/bannou/bannou-service/Generated/Events/SpeciesLifecycleEvents.cs(72,64): warning CS1591: Missing XML comment for publicly visible type or member 'SpeciesCreatedEvent.RealmIds' [/home/lysander/repos/bannou/Bannou.SDK/Bannou.SDK.csproj::TargetFramework=net9.0]
/home/lysander/repos/bannou/bannou-service/Generated/Events/SpeciesLifecycleEvents.cs(75,19): warning CS1591: Missing XML comment for publicly visible type or member 'SpeciesCreatedEvent.Metadata' [/home/lysander/repos/bannou/Bannou.SDK/Bannou.SDK.csproj::TargetFramework=net9.0]
/home/lysander/repos/bannou/bannou-service/Generated/Events/SpeciesLifecycleEvents.cs(80,34): warning CS1591: Missing XML comment for publicly visible type or member 'SpeciesCreatedEvent.CreatedAt' [/home/lysander/repos/bannou/Bannou.SDK/Bannou.SDK.csproj::TargetFramework=net9.0]
/home/lysander/repos/bannou/bannou-service/Generated/Events/SpeciesLifecycleEvents.cs(85,34): warning CS1591: Missing XML comment for publicly visible type or member 'SpeciesCreatedEvent.UpdatedAt' [/home/lysander/repos/bannou/Bannou.SDK/Bannou.SDK.csproj::TargetFramework=net9.0]
/home/lysander/repos/bannou/bannou-service/Generated/Events/SpeciesLifecycleEvents.cs(107,24): warning CS1591: Missing XML comment for publicly visible type or member 'SpeciesUpdatedEvent.SpeciesId' [/home/lysander/repos/bannou/Bannou.SDK/Bannou.SDK.csproj::TargetFramework=net9.0]
/home/lysander/repos/bannou/bannou-service/Generated/Events/SpeciesLifecycleEvents.cs(112,19): warning CS1591: Missing XML comment for publicly visible type or member 'SpeciesUpdatedEvent.Code' [/home/lysander/repos/bannou/Bannou.SDK/Bannou.SDK.csproj::TargetFramework=net9.0]
/home/lysander/repos/bannou/bannou-service/Generated/Events/SpeciesLifecycleEvents.cs(117,19): warning CS1591: Missing XML comment for publicly visible type or member 'SpeciesUpdatedEvent.Name' [/home/lysander/repos/bannou/Bannou.SDK/Bannou.SDK.csproj::TargetFramework=net9.0]
/home/lysander/repos/bannou/bannou-service/Generated/Events/SpeciesLifecycleEvents.cs(120,19): warning CS1591: Missing XML comment for publicly visible type or member 'SpeciesUpdatedEvent.Description' [/home/lysander/repos/bannou/Bannou.SDK/Bannou.SDK.csproj::TargetFramework=net9.0]
/home/lysander/repos/bannou/bannou-service/Generated/Events/SpeciesLifecycleEvents.cs(123,19): warning CS1591: Missing XML comment for publicly visible type or member 'SpeciesUpdatedEvent.Category' [/home/lysander/repos/bannou/Bannou.SDK/Bannou.SDK.csproj::TargetFramework=net9.0]
/home/lysander/repos/bannou/bannou-service/Generated/Events/SpeciesLifecycleEvents.cs(126,17): warning CS1591: Missing XML comment for publicly visible type or member 'SpeciesUpdatedEvent.IsPlayable' [/home/lysander/repos/bannou/Bannou.SDK/Bannou.SDK.csproj::TargetFramework=net9.0]
/home/lysander/repos/bannou/bannou-service/Generated/Events/SpeciesLifecycleEvents.cs(129,17): warning CS1591: Missing XML comment for publicly visible type or member 'SpeciesUpdatedEvent.IsDeprecated' [/home/lysander/repos/bannou/Bannou.SDK/Bannou.SDK.csproj::TargetFramework=net9.0]
/home/lysander/repos/bannou/bannou-service/Generated/Events/SpeciesLifecycleEvents.cs(132,34): warning CS1591: Missing XML comment for publicly visible type or member 'SpeciesUpdatedEvent.DeprecatedAt' [/home/lysander/repos/bannou/Bannou.SDK/Bannou.SDK.csproj::TargetFramework=net9.0]
/home/lysander/repos/bannou/bannou-service/Generated/Events/SpeciesLifecycleEvents.cs(135,19): warning CS1591: Missing XML comment for publicly visible type or member 'SpeciesUpdatedEvent.DeprecationReason' [/home/lysander/repos/bannou/Bannou.SDK/Bannou.SDK.csproj::TargetFramework=net9.0]
/home/lysander/repos/bannou/bannou-service/Generated/Events/SpeciesLifecycleEvents.cs(138,16): warning CS1591: Missing XML comment for publicly visible type or member 'SpeciesUpdatedEvent.BaseLifespan' [/home/lysander/repos/bannou/Bannou.SDK/Bannou.SDK.csproj::TargetFramework=net9.0]
/home/lysander/repos/bannou/bannou-service/Generated/Events/SpeciesLifecycleEvents.cs(141,16): warning CS1591: Missing XML comment for publicly visible type or member 'SpeciesUpdatedEvent.MaturityAge' [/home/lysander/repos/bannou/Bannou.SDK/Bannou.SDK.csproj::TargetFramework=net9.0]
/home/lysander/repos/bannou/bannou-service/Generated/Events/SpeciesLifecycleEvents.cs(144,19): warning CS1591: Missing XML comment for publicly visible type or member 'SpeciesUpdatedEvent.TraitModifiers' [/home/lysander/repos/bannou/Bannou.SDK/Bannou.SDK.csproj::TargetFramework=net9.0]
/home/lysander/repos/bannou/bannou-service/Generated/Events/SpeciesLifecycleEvents.cs(147,64): warning CS1591: Missing XML comment for publicly visible type or member 'SpeciesUpdatedEvent.RealmIds' [/home/lysander/repos/bannou/Bannou.SDK/Bannou.SDK.csproj::TargetFramework=net9.0]
/home/lysander/repos/bannou/bannou-service/Generated/Events/SpeciesLifecycleEvents.cs(150,19): warning CS1591: Missing XML comment for publicly visible type or member 'SpeciesUpdatedEvent.Metadata' [/home/lysander/repos/bannou/Bannou.SDK/Bannou.SDK.csproj::TargetFramework=net9.0]
/home/lysander/repos/bannou/bannou-service/Generated/Events/SpeciesLifecycleEvents.cs(155,34): warning CS1591: Missing XML comment for publicly visible type or member 'SpeciesUpdatedEvent.CreatedAt' [/home/lysander/repos/bannou/Bannou.SDK/Bannou.SDK.csproj::TargetFramework=net9.0]
/home/lysander/repos/bannou/bannou-service/Generated/Events/SpeciesLifecycleEvents.cs(160,34): warning CS1591: Missing XML comment for publicly visible type or member 'SpeciesUpdatedEvent.UpdatedAt' [/home/lysander/repos/bannou/Bannou.SDK/Bannou.SDK.csproj::TargetFramework=net9.0]
/home/lysander/repos/bannou/bannou-service/Generated/Events/SpeciesLifecycleEvents.cs(190,24): warning CS1591: Missing XML comment for publicly visible type or member 'SpeciesDeletedEvent.SpeciesId' [/home/lysander/repos/bannou/Bannou.SDK/Bannou.SDK.csproj::TargetFramework=net9.0]
/home/lysander/repos/bannou/bannou-service/Generated/Events/SpeciesLifecycleEvents.cs(195,19): warning CS1591: Missing XML comment for publicly visible type or member 'SpeciesDeletedEvent.Code' [/home/lysander/repos/bannou/Bannou.SDK/Bannou.SDK.csproj::TargetFramework=net9.0]
/home/lysander/repos/bannou/bannou-service/Generated/Events/SpeciesLifecycleEvents.cs(200,19): warning CS1591: Missing XML comment for publicly visible type or member 'SpeciesDeletedEvent.Name' [/home/lysander/repos/bannou/Bannou.SDK/Bannou.SDK.csproj::TargetFramework=net9.0]
/home/lysander/repos/bannou/bannou-service/Generated/Events/SpeciesLifecycleEvents.cs(203,19): warning CS1591: Missing XML comment for publicly visible type or member 'SpeciesDeletedEvent.Description' [/home/lysander/repos/bannou/Bannou.SDK/Bannou.SDK.csproj::TargetFramework=net9.0]
/home/lysander/repos/bannou/bannou-service/Generated/Events/SpeciesLifecycleEvents.cs(206,19): warning CS1591: Missing XML comment for publicly visible type or member 'SpeciesDeletedEvent.Category' [/home/lysander/repos/bannou/Bannou.SDK/Bannou.SDK.csproj::TargetFramework=net9.0]
/home/lysander/repos/bannou/bannou-service/Generated/Events/SpeciesLifecycleEvents.cs(209,17): warning CS1591: Missing XML comment for publicly visible type or member 'SpeciesDeletedEvent.IsPlayable' [/home/lysander/repos/bannou/Bannou.SDK/Bannou.SDK.csproj::TargetFramework=net9.0]
/home/lysander/repos/bannou/bannou-service/Generated/Events/SpeciesLifecycleEvents.cs(212,17): warning CS1591: Missing XML comment for publicly visible type or member 'SpeciesDeletedEvent.IsDeprecated' [/home/lysander/repos/bannou/Bannou.SDK/Bannou.SDK.csproj::TargetFramework=net9.0]
/home/lysander/repos/bannou/bannou-service/Generated/Events/SpeciesLifecycleEvents.cs(215,34): warning CS1591: Missing XML comment for publicly visible type or member 'SpeciesDeletedEvent.DeprecatedAt' [/home/lysander/repos/bannou/Bannou.SDK/Bannou.SDK.csproj::TargetFramework=net9.0]
/home/lysander/repos/bannou/bannou-service/Generated/Events/SpeciesLifecycleEvents.cs(218,19): warning CS1591: Missing XML comment for publicly visible type or member 'SpeciesDeletedEvent.DeprecationReason' [/home/lysander/repos/bannou/Bannou.SDK/Bannou.SDK.csproj::TargetFramework=net9.0]
/home/lysander/repos/bannou/bannou-service/Generated/Events/SpeciesLifecycleEvents.cs(221,16): warning CS1591: Missing XML comment for publicly visible type or member 'SpeciesDeletedEvent.BaseLifespan' [/home/lysander/repos/bannou/Bannou.SDK/Bannou.SDK.csproj::TargetFramework=net9.0]
/home/lysander/repos/bannou/bannou-service/Generated/Events/SpeciesLifecycleEvents.cs(224,16): warning CS1591: Missing XML comment for publicly visible type or member 'SpeciesDeletedEvent.MaturityAge' [/home/lysander/repos/bannou/Bannou.SDK/Bannou.SDK.csproj::TargetFramework=net9.0]
/home/lysander/repos/bannou/bannou-service/Generated/Events/SpeciesLifecycleEvents.cs(227,19): warning CS1591: Missing XML comment for publicly visible type or member 'SpeciesDeletedEvent.TraitModifiers' [/home/lysander/repos/bannou/Bannou.SDK/Bannou.SDK.csproj::TargetFramework=net9.0]
/home/lysander/repos/bannou/bannou-service/Generated/Events/SpeciesLifecycleEvents.cs(230,64): warning CS1591: Missing XML comment for publicly visible type or member 'SpeciesDeletedEvent.RealmIds' [/home/lysander/repos/bannou/Bannou.SDK/Bannou.SDK.csproj::TargetFramework=net9.0]
/home/lysander/repos/bannou/bannou-service/Generated/Events/SpeciesLifecycleEvents.cs(233,19): warning CS1591: Missing XML comment for publicly visible type or member 'SpeciesDeletedEvent.Metadata' [/home/lysander/repos/bannou/Bannou.SDK/Bannou.SDK.csproj::TargetFramework=net9.0]
/home/lysander/repos/bannou/bannou-service/Generated/Events/SpeciesLifecycleEvents.cs(238,34): warning CS1591: Missing XML comment for publicly visible type or member 'SpeciesDeletedEvent.CreatedAt' [/home/lysander/repos/bannou/Bannou.SDK/Bannou.SDK.csproj::TargetFramework=net9.0]
/home/lysander/repos/bannou/bannou-service/Generated/Events/SpeciesLifecycleEvents.cs(243,34): warning CS1591: Missing XML comment for publicly visible type or member 'SpeciesDeletedEvent.UpdatedAt' [/home/lysander/repos/bannou/Bannou.SDK/Bannou.SDK.csproj::TargetFramework=net9.0]
/home/lysander/repos/bannou/bannou-service/Generated/Events/DocumentationLifecycleEvents.cs(32,24): warning CS1591: Missing XML comment for publicly visible type or member 'DocumentCreatedEvent.DocumentId' [/home/lysander/repos/bannou/Bannou.SDK/Bannou.SDK.csproj::TargetFramework=net9.0]
/home/lysander/repos/bannou/bannou-service/Generated/Events/DocumentationLifecycleEvents.cs(37,19): warning CS1591: Missing XML comment for publicly visible type or member 'DocumentCreatedEvent.Namespace' [/home/lysander/repos/bannou/Bannou.SDK/Bannou.SDK.csproj::TargetFramework=net9.0]
/home/lysander/repos/bannou/bannou-service/Generated/Events/DocumentationLifecycleEvents.cs(42,19): warning CS1591: Missing XML comment for publicly visible type or member 'DocumentCreatedEvent.Slug' [/home/lysander/repos/bannou/Bannou.SDK/Bannou.SDK.csproj::TargetFramework=net9.0]
/home/lysander/repos/bannou/bannou-service/Generated/Events/DocumentationLifecycleEvents.cs(47,19): warning CS1591: Missing XML comment for publicly visible type or member 'DocumentCreatedEvent.Title' [/home/lysander/repos/bannou/Bannou.SDK/Bannou.SDK.csproj::TargetFramework=net9.0]
/home/lysander/repos/bannou/bannou-service/Generated/Events/DocumentationLifecycleEvents.cs(52,19): warning CS1591: Missing XML comment for publicly visible type or member 'DocumentCreatedEvent.Category' [/home/lysander/repos/bannou/Bannou.SDK/Bannou.SDK.csproj::TargetFramework=net9.0]
/home/lysander/repos/bannou/bannou-service/Generated/Events/DocumentationLifecycleEvents.cs(55,59): warning CS1591: Missing XML comment for publicly visible type or member 'DocumentCreatedEvent.Tags' [/home/lysander/repos/bannou/Bannou.SDK/Bannou.SDK.csproj::TargetFramework=net9.0]
/home/lysander/repos/bannou/bannou-service/Generated/Events/DocumentationLifecycleEvents.cs(60,34): warning CS1591: Missing XML comment for publicly visible type or member 'DocumentCreatedEvent.CreatedAt' [/home/lysander/repos/bannou/Bannou.SDK/Bannou.SDK.csproj::TargetFramework=net9.0]
/home/lysander/repos/bannou/bannou-service/Generated/Events/DocumentationLifecycleEvents.cs(65,34): warning CS1591: Missing XML comment for publicly visible type or member 'DocumentCreatedEvent.UpdatedAt' [/home/lysander/repos/bannou/Bannou.SDK/Bannou.SDK.csproj::TargetFramework=net9.0]
/home/lysander/repos/bannou/bannou-service/Generated/Events/DocumentationLifecycleEvents.cs(87,24): warning CS1591: Missing XML comment for publicly visible type or member 'DocumentUpdatedEvent.DocumentId' [/home/lysander/repos/bannou/Bannou.SDK/Bannou.SDK.csproj::TargetFramework=net9.0]
/home/lysander/repos/bannou/bannou-service/Generated/Events/DocumentationLifecycleEvents.cs(92,19): warning CS1591: Missing XML comment for publicly visible type or member 'DocumentUpdatedEvent.Namespace' [/home/lysander/repos/bannou/Bannou.SDK/Bannou.SDK.csproj::TargetFramework=net9.0]
/home/lysander/repos/bannou/bannou-service/Generated/Events/DocumentationLifecycleEvents.cs(97,19): warning CS1591: Missing XML comment for publicly visible type or member 'DocumentUpdatedEvent.Slug' [/home/lysander/repos/bannou/Bannou.SDK/Bannou.SDK.csproj::TargetFramework=net9.0]
/home/lysander/repos/bannou/bannou-service/Generated/Events/DocumentationLifecycleEvents.cs(102,19): warning CS1591: Missing XML comment for publicly visible type or member 'DocumentUpdatedEvent.Title' [/home/lysander/repos/bannou/Bannou.SDK/Bannou.SDK.csproj::TargetFramework=net9.0]
/home/lysander/repos/bannou/bannou-service/Generated/Events/DocumentationLifecycleEvents.cs(107,19): warning CS1591: Missing XML comment for publicly visible type or member 'DocumentUpdatedEvent.Category' [/home/lysander/repos/bannou/Bannou.SDK/Bannou.SDK.csproj::TargetFramework=net9.0]
/home/lysander/repos/bannou/bannou-service/Generated/Events/DocumentationLifecycleEvents.cs(110,59): warning CS1591: Missing XML comment for publicly visible type or member 'DocumentUpdatedEvent.Tags' [/home/lysander/repos/bannou/Bannou.SDK/Bannou.SDK.csproj::TargetFramework=net9.0]
/home/lysander/repos/bannou/bannou-service/Generated/Events/DocumentationLifecycleEvents.cs(115,34): warning CS1591: Missing XML comment for publicly visible type or member 'DocumentUpdatedEvent.CreatedAt' [/home/lysander/repos/bannou/Bannou.SDK/Bannou.SDK.csproj::TargetFramework=net9.0]
/home/lysander/repos/bannou/bannou-service/Generated/Events/DocumentationLifecycleEvents.cs(120,34): warning CS1591: Missing XML comment for publicly visible type or member 'DocumentUpdatedEvent.UpdatedAt' [/home/lysander/repos/bannou/Bannou.SDK/Bannou.SDK.csproj::TargetFramework=net9.0]
/home/lysander/repos/bannou/bannou-service/Generated/Events/DocumentationLifecycleEvents.cs(150,24): warning CS1591: Missing XML comment for publicly visible type or member 'DocumentDeletedEvent.DocumentId' [/home/lysander/repos/bannou/Bannou.SDK/Bannou.SDK.csproj::TargetFramework=net9.0]
/home/lysander/repos/bannou/bannou-service/Generated/Events/DocumentationLifecycleEvents.cs(155,19): warning CS1591: Missing XML comment for publicly visible type or member 'DocumentDeletedEvent.Namespace' [/home/lysander/repos/bannou/Bannou.SDK/Bannou.SDK.csproj::TargetFramework=net9.0]
/home/lysander/repos/bannou/bannou-service/Generated/Events/DocumentationLifecycleEvents.cs(160,19): warning CS1591: Missing XML comment for publicly visible type or member 'DocumentDeletedEvent.Slug' [/home/lysander/repos/bannou/Bannou.SDK/Bannou.SDK.csproj::TargetFramework=net9.0]
/home/lysander/repos/bannou/bannou-service/Generated/Events/DocumentationLifecycleEvents.cs(165,19): warning CS1591: Missing XML comment for publicly visible type or member 'DocumentDeletedEvent.Title' [/home/lysander/repos/bannou/Bannou.SDK/Bannou.SDK.csproj::TargetFramework=net9.0]
/home/lysander/repos/bannou/bannou-service/Generated/Events/DocumentationLifecycleEvents.cs(170,19): warning CS1591: Missing XML comment for publicly visible type or member 'DocumentDeletedEvent.Category' [/home/lysander/repos/bannou/Bannou.SDK/Bannou.SDK.csproj::TargetFramework=net9.0]
/home/lysander/repos/bannou/bannou-service/Generated/Events/DocumentationLifecycleEvents.cs(173,59): warning CS1591: Missing XML comment for publicly visible type or member 'DocumentDeletedEvent.Tags' [/home/lysander/repos/bannou/Bannou.SDK/Bannou.SDK.csproj::TargetFramework=net9.0]
/home/lysander/repos/bannou/bannou-service/Generated/Events/DocumentationLifecycleEvents.cs(178,34): warning CS1591: Missing XML comment for publicly visible type or member 'DocumentDeletedEvent.CreatedAt' [/home/lysander/repos/bannou/Bannou.SDK/Bannou.SDK.csproj::TargetFramework=net9.0]
/home/lysander/repos/bannou/bannou-service/Generated/Events/DocumentationLifecycleEvents.cs(183,34): warning CS1591: Missing XML comment for publicly visible type or member 'DocumentDeletedEvent.UpdatedAt' [/home/lysander/repos/bannou/Bannou.SDK/Bannou.SDK.csproj::TargetFramework=net9.0]
/home/lysander/repos/bannou/bannou-service/Generated/Events/MeshEventsModels.cs(98,13): warning CS1591: Missing XML comment for publicly visible type or member 'MeshEndpointDeregisteredEventReason' [/home/lysander/repos/bannou/Bannou.SDK/Bannou.SDK.csproj::TargetFramework=net9.0]
/home/lysander/repos/bannou/bannou-service/Generated/Events/MeshEventsModels.cs(102,5): warning CS1591: Missing XML comment for publicly visible type or member 'MeshEndpointDeregisteredEventReason.Graceful' [/home/lysander/repos/bannou/Bannou.SDK/Bannou.SDK.csproj::TargetFramework=net9.0]
/home/lysander/repos/bannou/bannou-service/Generated/Events/MeshEventsModels.cs(105,5): warning CS1591: Missing XML comment for publicly visible type or member 'MeshEndpointDeregisteredEventReason.TtlExpired' [/home/lysander/repos/bannou/Bannou.SDK/Bannou.SDK.csproj::TargetFramework=net9.0]
/home/lysander/repos/bannou/bannou-service/Generated/Events/MeshEventsModels.cs(108,5): warning CS1591: Missing XML comment for publicly visible type or member 'MeshEndpointDeregisteredEventReason.HealthCheckFailed' [/home/lysander/repos/bannou/Bannou.SDK/Bannou.SDK.csproj::TargetFramework=net9.0]
/home/lysander/repos/bannou/bannou-service/Generated/Events/MeshEventsModels.cs(111,5): warning CS1591: Missing XML comment for publicly visible type or member 'MeshEndpointDeregisteredEventReason.CircuitBreakerTripped' [/home/lysander/repos/bannou/Bannou.SDK/Bannou.SDK.csproj::TargetFramework=net9.0]
/home/lysander/repos/bannou/bannou-service/Generated/Events/OrchestratorEventsModels.cs(35,13): warning CS1591: Missing XML comment for publicly visible type or member 'OrchestratorHealthPingEventStatus' [/home/lysander/repos/bannou/Bannou.SDK/Bannou.SDK.csproj::TargetFramework=net9.0]
/home/lysander/repos/bannou/bannou-service/Generated/Events/OrchestratorEventsModels.cs(39,5): warning CS1591: Missing XML comment for publicly visible type or member 'OrchestratorHealthPingEventStatus.Ok' [/home/lysander/repos/bannou/Bannou.SDK/Bannou.SDK.csproj::TargetFramework=net9.0]
/home/lysander/repos/bannou/bannou-service/Generated/Events/OrchestratorEventsModels.cs(42,5): warning CS1591: Missing XML comment for publicly visible type or member 'OrchestratorHealthPingEventStatus.Degraded' [/home/lysander/repos/bannou/Bannou.SDK/Bannou.SDK.csproj::TargetFramework=net9.0]
/home/lysander/repos/bannou/bannou-service/Generated/Events/OrchestratorEventsModels.cs(45,5): warning CS1591: Missing XML comment for publicly visible type or member 'OrchestratorHealthPingEventStatus.Checking' [/home/lysander/repos/bannou/Bannou.SDK/Bannou.SDK.csproj::TargetFramework=net9.0]
/home/lysander/repos/bannou/bannou-service/Generated/Clients/ConnectClient.cs(19,26): warning CS1591: Missing XML comment for publicly visible type or member 'IConnectClient' [/home/lysander/repos/bannou/Bannou.SDK/Bannou.SDK.csproj::TargetFramework=net9.0]
/home/lysander/repos/bannou/bannou-service/Generated/Clients/ConnectClient.cs(33,103): warning CS1573: Parameter 'body' has no matching param tag in the XML comment for 'IConnectClient.ProxyInternalRequestAsync(InternalProxyRequest, CancellationToken)' (but other parameters do) [/home/lysander/repos/bannou/Bannou.SDK/Bannou.SDK.csproj::TargetFramework=net9.0]
/home/lysander/repos/bannou/bannou-service/Generated/Clients/ConnectClient.cs(56,117): warning CS1573: Parameter 'body' has no matching param tag in the XML comment for 'IConnectClient.GetClientCapabilitiesAsync(GetClientCapabilitiesRequest, CancellationToken)' (but other parameters do) [/home/lysander/repos/bannou/Bannou.SDK/Bannou.SDK.csproj::TargetFramework=net9.0]
/home/lysander/repos/bannou/bannou-service/Generated/Clients/ConnectClient.cs(94,71): warning CS1573: Parameter 'connection' has no matching param tag in the XML comment for 'IConnectClient.ConnectWebSocketPostAsync(Connection2, Upgrade2, string, ConnectRequest?, CancellationToken)' (but other parameters do) [/home/lysander/repos/bannou/Bannou.SDK/Bannou.SDK.csproj::TargetFramework=net9.0]
/home/lysander/repos/bannou/bannou-service/Generated/Clients/ConnectClient.cs(94,92): warning CS1573: Parameter 'upgrade' has no matching param tag in the XML comment for 'IConnectClient.ConnectWebSocketPostAsync(Connection2, Upgrade2, string, ConnectRequest?, CancellationToken)' (but other parameters do) [/home/lysander/repos/bannou/Bannou.SDK/Bannou.SDK.csproj::TargetFramework=net9.0]
/home/lysander/repos/bannou/bannou-service/Generated/Clients/ConnectClient.cs(94,108): warning CS1573: Parameter 'authorization' has no matching param tag in the XML comment for 'IConnectClient.ConnectWebSocketPostAsync(Connection2, Upgrade2, string, ConnectRequest?, CancellationToken)' (but other parameters do) [/home/lysander/repos/bannou/Bannou.SDK/Bannou.SDK.csproj::TargetFramework=net9.0]
/home/lysander/repos/bannou/bannou-service/Generated/Clients/ConnectClient.cs(98,22): warning CS1591: Missing XML comment for publicly visible type or member 'ConnectClient' [/home/lysander/repos/bannou/Bannou.SDK/Bannou.SDK.csproj::TargetFramework=net9.0]
/home/lysander/repos/bannou/bannou-service/Generated/Clients/ConnectClient.cs(118,12): warning CS1591: Missing XML comment for publicly visible type or member 'ConnectClient.ConnectClient(IMeshInvocationClient, IServiceAppMappingResolver, ILogger<ConnectClient>?)' [/home/lysander/repos/bannou/Bannou.SDK/Bannou.SDK.csproj::TargetFramework=net9.0]
/home/lysander/repos/bannou/bannou-service/Generated/Clients/ConnectClient.cs(126,54): warning CS1591: Missing XML comment for publicly visible type or member 'ConnectClient.JsonSerializerSettings' [/home/lysander/repos/bannou/Bannou.SDK/Bannou.SDK.csproj::TargetFramework=net9.0]
/home/lysander/repos/bannou/bannou-service/Generated/Clients/ConnectClient.cs(231,124): warning CS1573: Parameter 'body' has no matching param tag in the XML comment for 'ConnectClient.ProxyInternalRequestAsync(InternalProxyRequest, CancellationToken)' (but other parameters do) [/home/lysander/repos/bannou/Bannou.SDK/Bannou.SDK.csproj::TargetFramework=net9.0]
/home/lysander/repos/bannou/bannou-service/Generated/Clients/ConnectClient.cs(343,138): warning CS1573: Parameter 'body' has no matching param tag in the XML comment for 'ConnectClient.GetClientCapabilitiesAsync(GetClientCapabilitiesRequest, CancellationToken)' (but other parameters do) [/home/lysander/repos/bannou/Bannou.SDK/Bannou.SDK.csproj::TargetFramework=net9.0]
/home/lysander/repos/bannou/bannou-service/Generated/Clients/ConnectClient.cs(572,92): warning CS1573: Parameter 'connection' has no matching param tag in the XML comment for 'ConnectClient.ConnectWebSocketPostAsync(Connection2, Upgrade2, string, ConnectRequest?, CancellationToken)' (but other parameters do) [/home/lysander/repos/bannou/Bannou.SDK/Bannou.SDK.csproj::TargetFramework=net9.0]
/home/lysander/repos/bannou/bannou-service/Generated/Clients/ConnectClient.cs(572,113): warning CS1573: Parameter 'upgrade' has no matching param tag in the XML comment for 'ConnectClient.ConnectWebSocketPostAsync(Connection2, Upgrade2, string, ConnectRequest?, CancellationToken)' (but other parameters do) [/home/lysander/repos/bannou/Bannou.SDK/Bannou.SDK.csproj::TargetFramework=net9.0]
/home/lysander/repos/bannou/bannou-service/Generated/Clients/ConnectClient.cs(572,129): warning CS1573: Parameter 'authorization' has no matching param tag in the XML comment for 'ConnectClient.ConnectWebSocketPostAsync(Connection2, Upgrade2, string, ConnectRequest?, CancellationToken)' (but other parameters do) [/home/lysander/repos/bannou/Bannou.SDK/Bannou.SDK.csproj::TargetFramework=net9.0]
/home/lysander/repos/bannou/bannou-service/Generated/Clients/ConnectClient.cs(686,22): warning CS1591: Missing XML comment for publicly visible type or member 'ConnectClient.ObjectResponseResult<T>' [/home/lysander/repos/bannou/Bannou.SDK/Bannou.SDK.csproj::TargetFramework=net9.0]
/home/lysander/repos/bannou/bannou-service/Generated/Clients/ConnectClient.cs(688,16): warning CS1591: Missing XML comment for publicly visible type or member 'ConnectClient.ObjectResponseResult<T>.ObjectResponseResult(T, string)' [/home/lysander/repos/bannou/Bannou.SDK/Bannou.SDK.csproj::TargetFramework=net9.0]
/home/lysander/repos/bannou/bannou-service/Generated/Clients/ConnectClient.cs(694,18): warning CS1591: Missing XML comment for publicly visible type or member 'ConnectClient.ObjectResponseResult<T>.Object' [/home/lysander/repos/bannou/Bannou.SDK/Bannou.SDK.csproj::TargetFramework=net9.0]
/home/lysander/repos/bannou/bannou-service/Generated/Clients/ConnectClient.cs(696,23): warning CS1591: Missing XML comment for publicly visible type or member 'ConnectClient.ObjectResponseResult<T>.Text' [/home/lysander/repos/bannou/Bannou.SDK/Bannou.SDK.csproj::TargetFramework=net9.0]
/home/lysander/repos/bannou/bannou-service/Generated/Clients/ConnectClient.cs(719,17): warning CS1591: Missing XML comment for publicly visible type or member 'ConnectClient.ReadResponseAsString' [/home/lysander/repos/bannou/Bannou.SDK/Bannou.SDK.csproj::TargetFramework=net9.0]
/home/lysander/repos/bannou/bannou-service/Generated/Clients/ConnectClient.cs(721,86): warning CS1591: Missing XML comment for publicly visible type or member 'ConnectClient.ReadObjectResponseAsync<T>(HttpResponseMessage, IReadOnlyDictionary<string, IEnumerable<string>>, CancellationToken)' [/home/lysander/repos/bannou/Bannou.SDK/Bannou.SDK.csproj::TargetFramework=net9.0]
/home/lysander/repos/bannou/bannou-service/Generated/Models/ConnectModels.cs(39,68): warning CS1591: Missing XML comment for publicly visible type or member 'GetClientCapabilitiesRequest.AdditionalProperties' [/home/lysander/repos/bannou/Bannou.SDK/Bannou.SDK.csproj::TargetFramework=net9.0]
/home/lysander/repos/bannou/bannou-service/Generated/Models/ConnectModels.cs(48,22): warning CS1591: Missing XML comment for publicly visible type or member 'ClientCapabilitiesResponse' [/home/lysander/repos/bannou/Bannou.SDK/Bannou.SDK.csproj::TargetFramework=net9.0]
/home/lysander/repos/bannou/bannou-service/Generated/Models/ConnectModels.cs(99,68): warning CS1591: Missing XML comment for publicly visible type or member 'ClientCapabilitiesResponse.AdditionalProperties' [/home/lysander/repos/bannou/Bannou.SDK/Bannou.SDK.csproj::TargetFramework=net9.0]
/home/lysander/repos/bannou/bannou-service/Generated/Models/ConnectModels.cs(108,22): warning CS1591: Missing XML comment for publicly visible type or member 'ClientCapability' [/home/lysander/repos/bannou/Bannou.SDK/Bannou.SDK.csproj::TargetFramework=net9.0]
/home/lysander/repos/bannou/bannou-service/Generated/Models/ConnectModels.cs(159,68): warning CS1591: Missing XML comment for publicly visible type or member 'ClientCapability.AdditionalProperties' [/home/lysander/repos/bannou/Bannou.SDK/Bannou.SDK.csproj::TargetFramework=net9.0]
/home/lysander/repos/bannou/bannou-service/Generated/Models/ConnectModels.cs(244,68): warning CS1591: Missing XML comment for publicly visible type or member 'ClientShortcut.AdditionalProperties' [/home/lysander/repos/bannou/Bannou.SDK/Bannou.SDK.csproj::TargetFramework=net9.0]
/home/lysander/repos/bannou/bannou-service/Generated/Models/ConnectModels.cs(253,22): warning CS1591: Missing XML comment for publicly visible type or member 'InternalProxyRequest' [/home/lysander/repos/bannou/Bannou.SDK/Bannou.SDK.csproj::TargetFramework=net9.0]
/home/lysander/repos/bannou/bannou-service/Generated/Models/ConnectModels.cs(316,68): warning CS1591: Missing XML comment for publicly visible type or member 'InternalProxyRequest.AdditionalProperties' [/home/lysander/repos/bannou/Bannou.SDK/Bannou.SDK.csproj::TargetFramework=net9.0]
/home/lysander/repos/bannou/bannou-service/Generated/Models/ConnectModels.cs(325,22): warning CS1591: Missing XML comment for publicly visible type or member 'InternalProxyResponse' [/home/lysander/repos/bannou/Bannou.SDK/Bannou.SDK.csproj::TargetFramework=net9.0]
/home/lysander/repos/bannou/bannou-service/Generated/Models/ConnectModels.cs(367,68): warning CS1591: Missing XML comment for publicly visible type or member 'InternalProxyResponse.AdditionalProperties' [/home/lysander/repos/bannou/Bannou.SDK/Bannou.SDK.csproj::TargetFramework=net9.0]
/home/lysander/repos/bannou/bannou-service/Generated/Models/ConnectModels.cs(398,22): warning CS1591: Missing XML comment for publicly visible type or member 'ConnectErrorResponse' [/home/lysander/repos/bannou/Bannou.SDK/Bannou.SDK.csproj::TargetFramework=net9.0]
/home/lysander/repos/bannou/bannou-service/Generated/Models/ConnectModels.cs(440,5): warning CS1591: Missing XML comment for publicly visible type or member 'ResponseCodes.OK' [/home/lysander/repos/bannou/Bannou.SDK/Bannou.SDK.csproj::TargetFramework=net9.0]
/home/lysander/repos/bannou/bannou-service/Generated/Models/ConnectModels.cs(442,5): warning CS1591: Missing XML comment for publicly visible type or member 'ResponseCodes.RequestError' [/home/lysander/repos/bannou/Bannou.SDK/Bannou.SDK.csproj::TargetFramework=net9.0]
/home/lysander/repos/bannou/bannou-service/Generated/Models/ConnectModels.cs(444,5): warning CS1591: Missing XML comment for publicly visible type or member 'ResponseCodes.RequestTooLarge' [/home/lysander/repos/bannou/Bannou.SDK/Bannou.SDK.csproj::TargetFramework=net9.0]
/home/lysander/repos/bannou/bannou-service/Generated/Models/ConnectModels.cs(446,5): warning CS1591: Missing XML comment for publicly visible type or member 'ResponseCodes.TooManyRequests' [/home/lysander/repos/bannou/Bannou.SDK/Bannou.SDK.csproj::TargetFramework=net9.0]
/home/lysander/repos/bannou/bannou-service/Generated/Models/ConnectModels.cs(448,5): warning CS1591: Missing XML comment for publicly visible type or member 'ResponseCodes.InvalidRequestChannel' [/home/lysander/repos/bannou/Bannou.SDK/Bannou.SDK.csproj::TargetFramework=net9.0]
/home/lysander/repos/bannou/bannou-service/Generated/Models/ConnectModels.cs(450,5): warning CS1591: Missing XML comment for publicly visible type or member 'ResponseCodes.Unauthorized' [/home/lysander/repos/bannou/Bannou.SDK/Bannou.SDK.csproj::TargetFramework=net9.0]
/home/lysander/repos/bannou/bannou-service/Generated/Models/ConnectModels.cs(452,5): warning CS1591: Missing XML comment for publicly visible type or member 'ResponseCodes.ServiceNotFound' [/home/lysander/repos/bannou/Bannou.SDK/Bannou.SDK.csproj::TargetFramework=net9.0]
/home/lysander/repos/bannou/bannou-service/Generated/Models/ConnectModels.cs(454,5): warning CS1591: Missing XML comment for publicly visible type or member 'ResponseCodes.ClientNotFound' [/home/lysander/repos/bannou/Bannou.SDK/Bannou.SDK.csproj::TargetFramework=net9.0]
/home/lysander/repos/bannou/bannou-service/Generated/Models/ConnectModels.cs(456,5): warning CS1591: Missing XML comment for publicly visible type or member 'ResponseCodes.MessageNotFound' [/home/lysander/repos/bannou/Bannou.SDK/Bannou.SDK.csproj::TargetFramework=net9.0]
/home/lysander/repos/bannou/bannou-service/Generated/Models/ConnectModels.cs(458,5): warning CS1591: Missing XML comment for publicly visible type or member 'ResponseCodes.Service_BadRequest' [/home/lysander/repos/bannou/Bannou.SDK/Bannou.SDK.csproj::TargetFramework=net9.0]
/home/lysander/repos/bannou/bannou-service/Generated/Models/ConnectModels.cs(460,5): warning CS1591: Missing XML comment for publicly visible type or member 'ResponseCodes.Service_NotFound' [/home/lysander/repos/bannou/Bannou.SDK/Bannou.SDK.csproj::TargetFramework=net9.0]
/home/lysander/repos/bannou/bannou-service/Generated/Models/ConnectModels.cs(462,5): warning CS1591: Missing XML comment for publicly visible type or member 'ResponseCodes.Service_Unauthorized' [/home/lysander/repos/bannou/Bannou.SDK/Bannou.SDK.csproj::TargetFramework=net9.0]
/home/lysander/repos/bannou/bannou-service/Generated/Models/ConnectModels.cs(464,5): warning CS1591: Missing XML comment for publicly visible type or member 'ResponseCodes.Service_Conflict' [/home/lysander/repos/bannou/Bannou.SDK/Bannou.SDK.csproj::TargetFramework=net9.0]
/home/lysander/repos/bannou/bannou-service/Generated/Models/ConnectModels.cs(466,5): warning CS1591: Missing XML comment for publicly visible type or member 'ResponseCodes.Service_InternalServerError' [/home/lysander/repos/bannou/Bannou.SDK/Bannou.SDK.csproj::TargetFramework=net9.0]
/home/lysander/repos/bannou/bannou-service/Generated/Models/ConnectModels.cs(468,5): warning CS1591: Missing XML comment for publicly visible type or member 'ResponseCodes.ShortcutExpired' [/home/lysander/repos/bannou/Bannou.SDK/Bannou.SDK.csproj::TargetFramework=net9.0]
/home/lysander/repos/bannou/bannou-service/Generated/Models/ConnectModels.cs(470,5): warning CS1591: Missing XML comment for publicly visible type or member 'ResponseCodes.ShortcutTargetNotFound' [/home/lysander/repos/bannou/Bannou.SDK/Bannou.SDK.csproj::TargetFramework=net9.0]
/home/lysander/repos/bannou/bannou-service/Generated/Models/ConnectModels.cs(472,5): warning CS1591: Missing XML comment for publicly visible type or member 'ResponseCodes.ShortcutRevoked' [/home/lysander/repos/bannou/Bannou.SDK/Bannou.SDK.csproj::TargetFramework=net9.0]
/home/lysander/repos/bannou/bannou-service/Generated/Models/ConnectModels.cs(495,17): warning CS1591: Missing XML comment for publicly visible type or member 'ServiceRequestMessage.Flags' [/home/lysander/repos/bannou/Bannou.SDK/Bannou.SDK.csproj::TargetFramework=net9.0]
/home/lysander/repos/bannou/bannou-service/Generated/Models/ConnectModels.cs(534,68): warning CS1591: Missing XML comment for publicly visible type or member 'ServiceRequestMessage.AdditionalProperties' [/home/lysander/repos/bannou/Bannou.SDK/Bannou.SDK.csproj::TargetFramework=net9.0]
/home/lysander/repos/bannou/bannou-service/Generated/Models/ConnectModels.cs(588,26): warning CS1591: Missing XML comment for publicly visible type or member 'ServiceResponseMessage.ResponseCode' [/home/lysander/repos/bannou/Bannou.SDK/Bannou.SDK.csproj::TargetFramework=net9.0]
/home/lysander/repos/bannou/bannou-service/Generated/Models/ConnectModels.cs(599,68): warning CS1591: Missing XML comment for publicly visible type or member 'ServiceResponseMessage.AdditionalProperties' [/home/lysander/repos/bannou/Bannou.SDK/Bannou.SDK.csproj::TargetFramework=net9.0]
/home/lysander/repos/bannou/bannou-service/Generated/Models/ConnectModels.cs(649,68): warning CS1591: Missing XML comment for publicly visible type or member 'ConnectionConfiguration.AdditionalProperties' [/home/lysander/repos/bannou/Bannou.SDK/Bannou.SDK.csproj::TargetFramework=net9.0]
/home/lysander/repos/bannou/bannou-service/Generated/Models/ConnectModels.cs(707,68): warning CS1591: Missing XML comment for publicly visible type or member 'SessionCapabilityUpdateEvent.AdditionalProperties' [/home/lysander/repos/bannou/Bannou.SDK/Bannou.SDK.csproj::TargetFramework=net9.0]
/home/lysander/repos/bannou/bannou-service/Generated/Models/ConnectModels.cs(736,26): warning CS1591: Missing XML comment for publicly visible type or member 'AuthEvent.EventType' [/home/lysander/repos/bannou/Bannou.SDK/Bannou.SDK.csproj::TargetFramework=net9.0]
/home/lysander/repos/bannou/bannou-service/Generated/Models/ConnectModels.cs(761,68): warning CS1591: Missing XML comment for publicly visible type or member 'AuthEvent.AdditionalProperties' [/home/lysander/repos/bannou/Bannou.SDK/Bannou.SDK.csproj::TargetFramework=net9.0]
/home/lysander/repos/bannou/bannou-service/Generated/Models/ConnectModels.cs(777,5): warning CS1591: Missing XML comment for publicly visible type or member 'AuthEventType.Login' [/home/lysander/repos/bannou/Bannou.SDK/Bannou.SDK.csproj::TargetFramework=net9.0]
/home/lysander/repos/bannou/bannou-service/Generated/Models/ConnectModels.cs(780,5): warning CS1591: Missing XML comment for publicly visible type or member 'AuthEventType.Logout' [/home/lysander/repos/bannou/Bannou.SDK/Bannou.SDK.csproj::TargetFramework=net9.0]
/home/lysander/repos/bannou/bannou-service/Generated/Models/ConnectModels.cs(783,5): warning CS1591: Missing XML comment for publicly visible type or member 'AuthEventType.TokenRefresh' [/home/lysander/repos/bannou/Bannou.SDK/Bannou.SDK.csproj::TargetFramework=net9.0]
/home/lysander/repos/bannou/bannou-service/Generated/Models/ConnectModels.cs(786,5): warning CS1591: Missing XML comment for publicly visible type or member 'AuthEventType.PermissionChange' [/home/lysander/repos/bannou/Bannou.SDK/Bannou.SDK.csproj::TargetFramework=net9.0]
/home/lysander/repos/bannou/bannou-service/Generated/Models/ConnectModels.cs(837,17): warning CS1591: Missing XML comment for publicly visible type or member 'ClientMessageEvent.Flags' [/home/lysander/repos/bannou/Bannou.SDK/Bannou.SDK.csproj::TargetFramework=net9.0]
/home/lysander/repos/bannou/bannou-service/Generated/Models/ConnectModels.cs(854,68): warning CS1591: Missing XML comment for publicly visible type or member 'ClientMessageEvent.AdditionalProperties' [/home/lysander/repos/bannou/Bannou.SDK/Bannou.SDK.csproj::TargetFramework=net9.0]
/home/lysander/repos/bannou/bannou-service/Generated/Models/ConnectModels.cs(909,17): warning CS1591: Missing XML comment for publicly visible type or member 'ClientRPCEvent.Flags' [/home/lysander/repos/bannou/Bannou.SDK/Bannou.SDK.csproj::TargetFramework=net9.0]
/home/lysander/repos/bannou/bannou-service/Generated/Models/ConnectModels.cs(940,68): warning CS1591: Missing XML comment for publicly visible type or member 'ClientRPCEvent.AdditionalProperties' [/home/lysander/repos/bannou/Bannou.SDK/Bannou.SDK.csproj::TargetFramework=net9.0]
/home/lysander/repos/bannou/bannou-service/Generated/Models/ConnectModels.cs(997,68): warning CS1591: Missing XML comment for publicly visible type or member 'PermissionRecompileEvent.AdditionalProperties' [/home/lysander/repos/bannou/Bannou.SDK/Bannou.SDK.csproj::TargetFramework=net9.0]
/home/lysander/repos/bannou/bannou-service/Generated/Models/ConnectModels.cs(1006,13): warning CS1591: Missing XML comment for publicly visible type or member 'Connection' [/home/lysander/repos/bannou/Bannou.SDK/Bannou.SDK.csproj::TargetFramework=net9.0]
/home/lysander/repos/bannou/bannou-service/Generated/Models/ConnectModels.cs(1010,5): warning CS1591: Missing XML comment for publicly visible type or member 'Connection.Upgrade' [/home/lysander/repos/bannou/Bannou.SDK/Bannou.SDK.csproj::TargetFramework=net9.0]
/home/lysander/repos/bannou/bannou-service/Generated/Models/ConnectModels.cs(1015,13): warning CS1591: Missing XML comment for publicly visible type or member 'Upgrade' [/home/lysander/repos/bannou/Bannou.SDK/Bannou.SDK.csproj::TargetFramework=net9.0]
/home/lysander/repos/bannou/bannou-service/Generated/Models/ConnectModels.cs(1019,5): warning CS1591: Missing XML comment for publicly visible type or member 'Upgrade.Websocket' [/home/lysander/repos/bannou/Bannou.SDK/Bannou.SDK.csproj::TargetFramework=net9.0]
/home/lysander/repos/bannou/bannou-service/Generated/Models/ConnectModels.cs(1024,13): warning CS1591: Missing XML comment for publicly visible type or member 'Connection2' [/home/lysander/repos/bannou/Bannou.SDK/Bannou.SDK.csproj::TargetFramework=net9.0]
/home/lysander/repos/bannou/bannou-service/Generated/Models/ConnectModels.cs(1028,5): warning CS1591: Missing XML comment for publicly visible type or member 'Connection2.Upgrade' [/home/lysander/repos/bannou/Bannou.SDK/Bannou.SDK.csproj::TargetFramework=net9.0]
/home/lysander/repos/bannou/bannou-service/Generated/Models/ConnectModels.cs(1033,13): warning CS1591: Missing XML comment for publicly visible type or member 'Upgrade2' [/home/lysander/repos/bannou/Bannou.SDK/Bannou.SDK.csproj::TargetFramework=net9.0]
/home/lysander/repos/bannou/bannou-service/Generated/Models/ConnectModels.cs(1037,5): warning CS1591: Missing XML comment for publicly visible type or member 'Upgrade2.Websocket' [/home/lysander/repos/bannou/Bannou.SDK/Bannou.SDK.csproj::TargetFramework=net9.0]
/home/lysander/repos/bannou/bannou-service/Generated/Models/ConnectModels.cs(1042,13): warning CS1591: Missing XML comment for publicly visible type or member 'ClientCapabilityMethod' [/home/lysander/repos/bannou/Bannou.SDK/Bannou.SDK.csproj::TargetFramework=net9.0]
/home/lysander/repos/bannou/bannou-service/Generated/Models/ConnectModels.cs(1046,5): warning CS1591: Missing XML comment for publicly visible type or member 'ClientCapabilityMethod.GET' [/home/lysander/repos/bannou/Bannou.SDK/Bannou.SDK.csproj::TargetFramework=net9.0]
/home/lysander/repos/bannou/bannou-service/Generated/Models/ConnectModels.cs(1049,5): warning CS1591: Missing XML comment for publicly visible type or member 'ClientCapabilityMethod.POST' [/home/lysander/repos/bannou/Bannou.SDK/Bannou.SDK.csproj::TargetFramework=net9.0]
/home/lysander/repos/bannou/bannou-service/Generated/Models/ConnectModels.cs(1052,5): warning CS1591: Missing XML comment for publicly visible type or member 'ClientCapabilityMethod.PUT' [/home/lysander/repos/bannou/Bannou.SDK/Bannou.SDK.csproj::TargetFramework=net9.0]
/home/lysander/repos/bannou/bannou-service/Generated/Models/ConnectModels.cs(1055,5): warning CS1591: Missing XML comment for publicly visible type or member 'ClientCapabilityMethod.DELETE' [/home/lysander/repos/bannou/Bannou.SDK/Bannou.SDK.csproj::TargetFramework=net9.0]
/home/lysander/repos/bannou/bannou-service/Generated/Models/ConnectModels.cs(1058,5): warning CS1591: Missing XML comment for publicly visible type or member 'ClientCapabilityMethod.PATCH' [/home/lysander/repos/bannou/Bannou.SDK/Bannou.SDK.csproj::TargetFramework=net9.0]
/home/lysander/repos/bannou/bannou-service/Generated/Models/ConnectModels.cs(1063,13): warning CS1591: Missing XML comment for publicly visible type or member 'InternalProxyRequestMethod' [/home/lysander/repos/bannou/Bannou.SDK/Bannou.SDK.csproj::TargetFramework=net9.0]
/home/lysander/repos/bannou/bannou-service/Generated/Models/ConnectModels.cs(1067,5): warning CS1591: Missing XML comment for publicly visible type or member 'InternalProxyRequestMethod.GET' [/home/lysander/repos/bannou/Bannou.SDK/Bannou.SDK.csproj::TargetFramework=net9.0]
/home/lysander/repos/bannou/bannou-service/Generated/Models/ConnectModels.cs(1070,5): warning CS1591: Missing XML comment for publicly visible type or member 'InternalProxyRequestMethod.POST' [/home/lysander/repos/bannou/Bannou.SDK/Bannou.SDK.csproj::TargetFramework=net9.0]
/home/lysander/repos/bannou/bannou-service/Generated/Models/ConnectModels.cs(1073,5): warning CS1591: Missing XML comment for publicly visible type or member 'InternalProxyRequestMethod.PUT' [/home/lysander/repos/bannou/Bannou.SDK/Bannou.SDK.csproj::TargetFramework=net9.0]
/home/lysander/repos/bannou/bannou-service/Generated/Models/ConnectModels.cs(1076,5): warning CS1591: Missing XML comment for publicly visible type or member 'InternalProxyRequestMethod.DELETE' [/home/lysander/repos/bannou/Bannou.SDK/Bannou.SDK.csproj::TargetFramework=net9.0]
/home/lysander/repos/bannou/bannou-service/Generated/Models/ConnectModels.cs(1079,5): warning CS1591: Missing XML comment for publicly visible type or member 'InternalProxyRequestMethod.PATCH' [/home/lysander/repos/bannou/Bannou.SDK/Bannou.SDK.csproj::TargetFramework=net9.0]
/home/lysander/repos/bannou/bannou-service/Generated/Models/ConnectModels.cs(1084,13): warning CS1591: Missing XML comment for publicly visible type or member 'ConnectErrorResponseError' [/home/lysander/repos/bannou/Bannou.SDK/Bannou.SDK.csproj::TargetFramework=net9.0]
/home/lysander/repos/bannou/bannou-service/Generated/Models/ConnectModels.cs(1088,5): warning CS1591: Missing XML comment for publicly visible type or member 'ConnectErrorResponseError.BadRequest' [/home/lysander/repos/bannou/Bannou.SDK/Bannou.SDK.csproj::TargetFramework=net9.0]
/home/lysander/repos/bannou/bannou-service/Generated/Models/ConnectModels.cs(1091,5): warning CS1591: Missing XML comment for publicly visible type or member 'ConnectErrorResponseError.Forbidden' [/home/lysander/repos/bannou/Bannou.SDK/Bannou.SDK.csproj::TargetFramework=net9.0]
/home/lysander/repos/bannou/bannou-service/Generated/Models/ConnectModels.cs(1094,5): warning CS1591: Missing XML comment for publicly visible type or member 'ConnectErrorResponseError.InternalServerError' [/home/lysander/repos/bannou/Bannou.SDK/Bannou.SDK.csproj::TargetFramework=net9.0]
/home/lysander/repos/bannou/bannou-service/Generated/Models/ConnectModels.cs(1099,13): warning CS1591: Missing XML comment for publicly visible type or member 'ConnectErrorResponseStatusCode' [/home/lysander/repos/bannou/Bannou.SDK/Bannou.SDK.csproj::TargetFramework=net9.0]
/home/lysander/repos/bannou/bannou-service/Generated/Models/ConnectModels.cs(1102,5): warning CS1591: Missing XML comment for publicly visible type or member 'ConnectErrorResponseStatusCode._400' [/home/lysander/repos/bannou/Bannou.SDK/Bannou.SDK.csproj::TargetFramework=net9.0]
/home/lysander/repos/bannou/bannou-service/Generated/Models/ConnectModels.cs(1104,5): warning CS1591: Missing XML comment for publicly visible type or member 'ConnectErrorResponseStatusCode._403' [/home/lysander/repos/bannou/Bannou.SDK/Bannou.SDK.csproj::TargetFramework=net9.0]
/home/lysander/repos/bannou/bannou-service/Generated/Models/ConnectModels.cs(1106,5): warning CS1591: Missing XML comment for publicly visible type or member 'ConnectErrorResponseStatusCode._500' [/home/lysander/repos/bannou/Bannou.SDK/Bannou.SDK.csproj::TargetFramework=net9.0]
/home/lysander/repos/bannou/bannou-service/Generated/Models/ConnectModels.cs(1111,13): warning CS1591: Missing XML comment for publicly visible type or member 'PermissionRecompileEventReason' [/home/lysander/repos/bannou/Bannou.SDK/Bannou.SDK.csproj::TargetFramework=net9.0]
/home/lysander/repos/bannou/bannou-service/Generated/Models/ConnectModels.cs(1115,5): warning CS1591: Missing XML comment for publicly visible type or member 'PermissionRecompileEventReason.Service_registered' [/home/lysander/repos/bannou/Bannou.SDK/Bannou.SDK.csproj::TargetFramework=net9.0]
/home/lysander/repos/bannou/bannou-service/Generated/Models/ConnectModels.cs(1118,5): warning CS1591: Missing XML comment for publicly visible type or member 'PermissionRecompileEventReason.Permission_rules_changed' [/home/lysander/repos/bannou/Bannou.SDK/Bannou.SDK.csproj::TargetFramework=net9.0]
/home/lysander/repos/bannou/bannou-service/Generated/Models/ConnectModels.cs(1121,5): warning CS1591: Missing XML comment for publicly visible type or member 'PermissionRecompileEventReason.Role_definitions_updated' [/home/lysander/repos/bannou/Bannou.SDK/Bannou.SDK.csproj::TargetFramework=net9.0]
/home/lysander/repos/bannou/bannou-service/Generated/Models/ConnectModels.cs(1124,5): warning CS1591: Missing XML comment for publicly visible type or member 'PermissionRecompileEventReason.Manual_trigger' [/home/lysander/repos/bannou/Bannou.SDK/Bannou.SDK.csproj::TargetFramework=net9.0]
/home/lysander/repos/bannou/bannou-service/Generated/Clients/GameSessionClient.cs(19,26): warning CS1591: Missing XML comment for publicly visible type or member 'IGameSessionClient' [/home/lysander/repos/bannou/Bannou.SDK/Bannou.SDK.csproj::TargetFramework=net9.0]
/home/lysander/repos/bannou/bannou-service/Generated/Clients/GameSessionClient.cs(32,104): warning CS1573: Parameter 'body' has no matching param tag in the XML comment for 'IGameSessionClient.ListGameSessionsAsync(ListGameSessionsRequest, CancellationToken)' (but other parameters do) [/home/lysander/repos/bannou/Bannou.SDK/Bannou.SDK.csproj::TargetFramework=net9.0]
/home/lysander/repos/bannou/bannou-service/Generated/Clients/GameSessionClient.cs(44,102): warning CS1573: Parameter 'body' has no matching param tag in the XML comment for 'IGameSessionClient.CreateGameSessionAsync(CreateGameSessionRequest, CancellationToken)' (but other parameters do) [/home/lysander/repos/bannou/Bannou.SDK/Bannou.SDK.csproj::TargetFramework=net9.0]
/home/lysander/repos/bannou/bannou-service/Generated/Clients/GameSessionClient.cs(55,96): warning CS1573: Parameter 'body' has no matching param tag in the XML comment for 'IGameSessionClient.GetGameSessionAsync(GetGameSessionRequest, CancellationToken)' (but other parameters do) [/home/lysander/repos/bannou/Bannou.SDK/Bannou.SDK.csproj::TargetFramework=net9.0]
/home/lysander/repos/bannou/bannou-service/Generated/Clients/GameSessionClient.cs(69,102): warning CS1573: Parameter 'body' has no matching param tag in the XML comment for 'IGameSessionClient.JoinGameSessionAsync(JoinGameSessionRequest, CancellationToken)' (but other parameters do) [/home/lysander/repos/bannou/Bannou.SDK/Bannou.SDK.csproj::TargetFramework=net9.0]
/home/lysander/repos/bannou/bannou-service/Generated/Clients/GameSessionClient.cs(77,79): warning CS1573: Parameter 'body' has no matching param tag in the XML comment for 'IGameSessionClient.LeaveGameSessionAsync(LeaveGameSessionRequest, CancellationToken)' (but other parameters do) [/home/lysander/repos/bannou/Bannou.SDK/Bannou.SDK.csproj::TargetFramework=net9.0]
/home/lysander/repos/bannou/bannou-service/Generated/Clients/GameSessionClient.cs(85,67): warning CS1573: Parameter 'body' has no matching param tag in the XML comment for 'IGameSessionClient.KickPlayerAsync(KickPlayerRequest, CancellationToken)' (but other parameters do) [/home/lysander/repos/bannou/Bannou.SDK/Bannou.SDK.csproj::TargetFramework=net9.0]
/home/lysander/repos/bannou/bannou-service/Generated/Clients/GameSessionClient.cs(93,73): warning CS1573: Parameter 'body' has no matching param tag in the XML comment for 'IGameSessionClient.SendChatMessageAsync(ChatMessageRequest, CancellationToken)' (but other parameters do) [/home/lysander/repos/bannou/Bannou.SDK/Bannou.SDK.csproj::TargetFramework=net9.0]
/home/lysander/repos/bannou/bannou-service/Generated/Clients/GameSessionClient.cs(101,94): warning CS1573: Parameter 'body' has no matching param tag in the XML comment for 'IGameSessionClient.PerformGameActionAsync(GameActionRequest, CancellationToken)' (but other parameters do) [/home/lysander/repos/bannou/Bannou.SDK/Bannou.SDK.csproj::TargetFramework=net9.0]
/home/lysander/repos/bannou/bannou-service/Generated/Clients/GameSessionClient.cs(105,22): warning CS1591: Missing XML comment for publicly visible type or member 'GameSessionClient' [/home/lysander/repos/bannou/Bannou.SDK/Bannou.SDK.csproj::TargetFramework=net9.0]
/home/lysander/repos/bannou/bannou-service/Generated/Clients/GameSessionClient.cs(125,12): warning CS1591: Missing XML comment for publicly visible type or member 'GameSessionClient.GameSessionClient(IMeshInvocationClient, IServiceAppMappingResolver, ILogger<GameSessionClient>?)' [/home/lysander/repos/bannou/Bannou.SDK/Bannou.SDK.csproj::TargetFramework=net9.0]
/home/lysander/repos/bannou/bannou-service/Generated/Clients/GameSessionClient.cs(133,54): warning CS1591: Missing XML comment for publicly visible type or member 'GameSessionClient.JsonSerializerSettings' [/home/lysander/repos/bannou/Bannou.SDK/Bannou.SDK.csproj::TargetFramework=net9.0]
/home/lysander/repos/bannou/bannou-service/Generated/Clients/GameSessionClient.cs(237,125): warning CS1573: Parameter 'body' has no matching param tag in the XML comment for 'GameSessionClient.ListGameSessionsAsync(ListGameSessionsRequest, CancellationToken)' (but other parameters do) [/home/lysander/repos/bannou/Bannou.SDK/Bannou.SDK.csproj::TargetFramework=net9.0]
/home/lysander/repos/bannou/bannou-service/Generated/Clients/GameSessionClient.cs(320,123): warning CS1573: Parameter 'body' has no matching param tag in the XML comment for 'GameSessionClient.CreateGameSessionAsync(CreateGameSessionRequest, CancellationToken)' (but other parameters do) [/home/lysander/repos/bannou/Bannou.SDK/Bannou.SDK.csproj::TargetFramework=net9.0]
/home/lysander/repos/bannou/bannou-service/Generated/Clients/GameSessionClient.cs(402,117): warning CS1573: Parameter 'body' has no matching param tag in the XML comment for 'GameSessionClient.GetGameSessionAsync(GetGameSessionRequest, CancellationToken)' (but other parameters do) [/home/lysander/repos/bannou/Bannou.SDK/Bannou.SDK.csproj::TargetFramework=net9.0]
/home/lysander/repos/bannou/bannou-service/Generated/Clients/GameSessionClient.cs(493,123): warning CS1573: Parameter 'body' has no matching param tag in the XML comment for 'GameSessionClient.JoinGameSessionAsync(JoinGameSessionRequest, CancellationToken)' (but other parameters do) [/home/lysander/repos/bannou/Bannou.SDK/Bannou.SDK.csproj::TargetFramework=net9.0]
/home/lysander/repos/bannou/bannou-service/Generated/Clients/GameSessionClient.cs(584,100): warning CS1573: Parameter 'body' has no matching param tag in the XML comment for 'GameSessionClient.LeaveGameSessionAsync(LeaveGameSessionRequest, CancellationToken)' (but other parameters do) [/home/lysander/repos/bannou/Bannou.SDK/Bannou.SDK.csproj::TargetFramework=net9.0]
/home/lysander/repos/bannou/bannou-service/Generated/Clients/GameSessionClient.cs(663,88): warning CS1573: Parameter 'body' has no matching param tag in the XML comment for 'GameSessionClient.KickPlayerAsync(KickPlayerRequest, CancellationToken)' (but other parameters do) [/home/lysander/repos/bannou/Bannou.SDK/Bannou.SDK.csproj::TargetFramework=net9.0]
/home/lysander/repos/bannou/bannou-service/Generated/Clients/GameSessionClient.cs(748,94): warning CS1573: Parameter 'body' has no matching param tag in the XML comment for 'GameSessionClient.SendChatMessageAsync(ChatMessageRequest, CancellationToken)' (but other parameters do) [/home/lysander/repos/bannou/Bannou.SDK/Bannou.SDK.csproj::TargetFramework=net9.0]
/home/lysander/repos/bannou/bannou-service/Generated/Clients/GameSessionClient.cs(827,115): warning CS1573: Parameter 'body' has no matching param tag in the XML comment for 'GameSessionClient.PerformGameActionAsync(GameActionRequest, CancellationToken)' (but other parameters do) [/home/lysander/repos/bannou/Bannou.SDK/Bannou.SDK.csproj::TargetFramework=net9.0]
/home/lysander/repos/bannou/bannou-service/Generated/Clients/GameSessionClient.cs(912,22): warning CS1591: Missing XML comment for publicly visible type or member 'GameSessionClient.ObjectResponseResult<T>' [/home/lysander/repos/bannou/Bannou.SDK/Bannou.SDK.csproj::TargetFramework=net9.0]
/home/lysander/repos/bannou/bannou-service/Generated/Clients/GameSessionClient.cs(914,16): warning CS1591: Missing XML comment for publicly visible type or member 'GameSessionClient.ObjectResponseResult<T>.ObjectResponseResult(T, string)' [/home/lysander/repos/bannou/Bannou.SDK/Bannou.SDK.csproj::TargetFramework=net9.0]
/home/lysander/repos/bannou/bannou-service/Generated/Clients/GameSessionClient.cs(920,18): warning CS1591: Missing XML comment for publicly visible type or member 'GameSessionClient.ObjectResponseResult<T>.Object' [/home/lysander/repos/bannou/Bannou.SDK/Bannou.SDK.csproj::TargetFramework=net9.0]
/home/lysander/repos/bannou/bannou-service/Generated/Clients/GameSessionClient.cs(922,23): warning CS1591: Missing XML comment for publicly visible type or member 'GameSessionClient.ObjectResponseResult<T>.Text' [/home/lysander/repos/bannou/Bannou.SDK/Bannou.SDK.csproj::TargetFramework=net9.0]
/home/lysander/repos/bannou/bannou-service/Generated/Clients/GameSessionClient.cs(945,17): warning CS1591: Missing XML comment for publicly visible type or member 'GameSessionClient.ReadResponseAsString' [/home/lysander/repos/bannou/Bannou.SDK/Bannou.SDK.csproj::TargetFramework=net9.0]
/home/lysander/repos/bannou/bannou-service/Generated/Clients/GameSessionClient.cs(947,86): warning CS1591: Missing XML comment for publicly visible type or member 'GameSessionClient.ReadObjectResponseAsync<T>(HttpResponseMessage, IReadOnlyDictionary<string, IEnumerable<string>>, CancellationToken)' [/home/lysander/repos/bannou/Bannou.SDK/Bannou.SDK.csproj::TargetFramework=net9.0]
/home/lysander/repos/bannou/bannou-service/Generated/Models/GameSessionModels.cs(41,68): warning CS1591: Missing XML comment for publicly visible type or member 'ListGameSessionsRequest.AdditionalProperties' [/home/lysander/repos/bannou/Bannou.SDK/Bannou.SDK.csproj::TargetFramework=net9.0]
/home/lysander/repos/bannou/bannou-service/Generated/Models/GameSessionModels.cs(67,68): warning CS1591: Missing XML comment for publicly visible type or member 'GetGameSessionRequest.AdditionalProperties' [/home/lysander/repos/bannou/Bannou.SDK/Bannou.SDK.csproj::TargetFramework=net9.0]
/home/lysander/repos/bannou/bannou-service/Generated/Models/GameSessionModels.cs(101,68): warning CS1591: Missing XML comment for publicly visible type or member 'LeaveGameSessionRequest.AdditionalProperties' [/home/lysander/repos/bannou/Bannou.SDK/Bannou.SDK.csproj::TargetFramework=net9.0]
/home/lysander/repos/bannou/bannou-service/Generated/Models/GameSessionModels.cs(110,22): warning CS1591: Missing XML comment for publicly visible type or member 'CreateGameSessionRequest' [/home/lysander/repos/bannou/Bannou.SDK/Bannou.SDK.csproj::TargetFramework=net9.0]
/home/lysander/repos/bannou/bannou-service/Generated/Models/GameSessionModels.cs(117,45): warning CS1591: Missing XML comment for publicly visible type or member 'CreateGameSessionRequest.GameType' [/home/lysander/repos/bannou/Bannou.SDK/Bannou.SDK.csproj::TargetFramework=net9.0]
/home/lysander/repos/bannou/bannou-service/Generated/Models/GameSessionModels.cs(121,16): warning CS1591: Missing XML comment for publicly visible type or member 'CreateGameSessionRequest.MaxPlayers' [/home/lysander/repos/bannou/Bannou.SDK/Bannou.SDK.csproj::TargetFramework=net9.0]
/home/lysander/repos/bannou/bannou-service/Generated/Models/GameSessionModels.cs(125,19): warning CS1591: Missing XML comment for publicly visible type or member 'CreateGameSessionRequest.SessionName' [/home/lysander/repos/bannou/Bannou.SDK/Bannou.SDK.csproj::TargetFramework=net9.0]
/home/lysander/repos/bannou/bannou-service/Generated/Models/GameSessionModels.cs(128,17): warning CS1591: Missing XML comment for publicly visible type or member 'CreateGameSessionRequest.IsPrivate' [/home/lysander/repos/bannou/Bannou.SDK/Bannou.SDK.csproj::TargetFramework=net9.0]
/home/lysander/repos/bannou/bannou-service/Generated/Models/GameSessionModels.cs(137,19): warning CS1591: Missing XML comment for publicly visible type or member 'CreateGameSessionRequest.GameSettings' [/home/lysander/repos/bannou/Bannou.SDK/Bannou.SDK.csproj::TargetFramework=net9.0]
/home/lysander/repos/bannou/bannou-service/Generated/Models/GameSessionModels.cs(142,68): warning CS1591: Missing XML comment for publicly visible type or member 'CreateGameSessionRequest.AdditionalProperties' [/home/lysander/repos/bannou/Bannou.SDK/Bannou.SDK.csproj::TargetFramework=net9.0]
/home/lysander/repos/bannou/bannou-service/Generated/Models/GameSessionModels.cs(151,22): warning CS1591: Missing XML comment for publicly visible type or member 'GameSessionResponse' [/home/lysander/repos/bannou/Bannou.SDK/Bannou.SDK.csproj::TargetFramework=net9.0]
/home/lysander/repos/bannou/bannou-service/Generated/Models/GameSessionModels.cs(157,24): warning CS1591: Missing XML comment for publicly visible type or member 'GameSessionResponse.SessionId' [/home/lysander/repos/bannou/Bannou.SDK/Bannou.SDK.csproj::TargetFramework=net9.0]
/home/lysander/repos/bannou/bannou-service/Generated/Models/GameSessionModels.cs(163,40): warning CS1591: Missing XML comment for publicly visible type or member 'GameSessionResponse.GameType' [/home/lysander/repos/bannou/Bannou.SDK/Bannou.SDK.csproj::TargetFramework=net9.0]
/home/lysander/repos/bannou/bannou-service/Generated/Models/GameSessionModels.cs(166,19): warning CS1591: Missing XML comment for publicly visible type or member 'GameSessionResponse.SessionName' [/home/lysander/repos/bannou/Bannou.SDK/Bannou.SDK.csproj::TargetFramework=net9.0]
/home/lysander/repos/bannou/bannou-service/Generated/Models/GameSessionModels.cs(172,38): warning CS1591: Missing XML comment for publicly visible type or member 'GameSessionResponse.Status' [/home/lysander/repos/bannou/Bannou.SDK/Bannou.SDK.csproj::TargetFramework=net9.0]
/home/lysander/repos/bannou/bannou-service/Generated/Models/GameSessionModels.cs(175,16): warning CS1591: Missing XML comment for publicly visible type or member 'GameSessionResponse.MaxPlayers' [/home/lysander/repos/bannou/Bannou.SDK/Bannou.SDK.csproj::TargetFramework=net9.0]
/home/lysander/repos/bannou/bannou-service/Generated/Models/GameSessionModels.cs(178,16): warning CS1591: Missing XML comment for publicly visible type or member 'GameSessionResponse.CurrentPlayers' [/home/lysander/repos/bannou/Bannou.SDK/Bannou.SDK.csproj::TargetFramework=net9.0]
/home/lysander/repos/bannou/bannou-service/Generated/Models/GameSessionModels.cs(181,17): warning CS1591: Missing XML comment for publicly visible type or member 'GameSessionResponse.IsPrivate' [/home/lysander/repos/bannou/Bannou.SDK/Bannou.SDK.csproj::TargetFramework=net9.0]
/home/lysander/repos/bannou/bannou-service/Generated/Models/GameSessionModels.cs(184,24): warning CS1591: Missing XML comment for publicly visible type or member 'GameSessionResponse.Owner' [/home/lysander/repos/bannou/Bannou.SDK/Bannou.SDK.csproj::TargetFramework=net9.0]
/home/lysander/repos/bannou/bannou-service/Generated/Models/GameSessionModels.cs(187,63): warning CS1591: Missing XML comment for publicly visible type or member 'GameSessionResponse.Players' [/home/lysander/repos/bannou/Bannou.SDK/Bannou.SDK.csproj::TargetFramework=net9.0]
/home/lysander/repos/bannou/bannou-service/Generated/Models/GameSessionModels.cs(192,34): warning CS1591: Missing XML comment for publicly visible type or member 'GameSessionResponse.CreatedAt' [/home/lysander/repos/bannou/Bannou.SDK/Bannou.SDK.csproj::TargetFramework=net9.0]
/home/lysander/repos/bannou/bannou-service/Generated/Models/GameSessionModels.cs(195,19): warning CS1591: Missing XML comment for publicly visible type or member 'GameSessionResponse.GameSettings' [/home/lysander/repos/bannou/Bannou.SDK/Bannou.SDK.csproj::TargetFramework=net9.0]
/home/lysander/repos/bannou/bannou-service/Generated/Models/GameSessionModels.cs(200,68): warning CS1591: Missing XML comment for publicly visible type or member 'GameSessionResponse.AdditionalProperties' [/home/lysander/repos/bannou/Bannou.SDK/Bannou.SDK.csproj::TargetFramework=net9.0]
/home/lysander/repos/bannou/bannou-service/Generated/Models/GameSessionModels.cs(209,22): warning CS1591: Missing XML comment for publicly visible type or member 'GameSessionListResponse' [/home/lysander/repos/bannou/Bannou.SDK/Bannou.SDK.csproj::TargetFramework=net9.0]
/home/lysander/repos/bannou/bannou-service/Generated/Models/GameSessionModels.cs(215,72): warning CS1591: Missing XML comment for publicly visible type or member 'GameSessionListResponse.Sessions' [/home/lysander/repos/bannou/Bannou.SDK/Bannou.SDK.csproj::TargetFramework=net9.0]
/home/lysander/repos/bannou/bannou-service/Generated/Models/GameSessionModels.cs(218,16): warning CS1591: Missing XML comment for publicly visible type or member 'GameSessionListResponse.TotalCount' [/home/lysander/repos/bannou/Bannou.SDK/Bannou.SDK.csproj::TargetFramework=net9.0]
/home/lysander/repos/bannou/bannou-service/Generated/Models/GameSessionModels.cs(223,68): warning CS1591: Missing XML comment for publicly visible type or member 'GameSessionListResponse.AdditionalProperties' [/home/lysander/repos/bannou/Bannou.SDK/Bannou.SDK.csproj::TargetFramework=net9.0]
/home/lysander/repos/bannou/bannou-service/Generated/Models/GameSessionModels.cs(232,22): warning CS1591: Missing XML comment for publicly visible type or member 'JoinGameSessionRequest' [/home/lysander/repos/bannou/Bannou.SDK/Bannou.SDK.csproj::TargetFramework=net9.0]
/home/lysander/repos/bannou/bannou-service/Generated/Models/GameSessionModels.cs(272,68): warning CS1591: Missing XML comment for publicly visible type or member 'JoinGameSessionRequest.AdditionalProperties' [/home/lysander/repos/bannou/Bannou.SDK/Bannou.SDK.csproj::TargetFramework=net9.0]
/home/lysander/repos/bannou/bannou-service/Generated/Models/GameSessionModels.cs(281,22): warning CS1591: Missing XML comment for publicly visible type or member 'JoinGameSessionResponse' [/home/lysander/repos/bannou/Bannou.SDK/Bannou.SDK.csproj::TargetFramework=net9.0]
/home/lysander/repos/bannou/bannou-service/Generated/Models/GameSessionModels.cs(285,17): warning CS1591: Missing XML comment for publicly visible type or member 'JoinGameSessionResponse.Success' [/home/lysander/repos/bannou/Bannou.SDK/Bannou.SDK.csproj::TargetFramework=net9.0]
/home/lysander/repos/bannou/bannou-service/Generated/Models/GameSessionModels.cs(290,24): warning CS1591: Missing XML comment for publicly visible type or member 'JoinGameSessionResponse.SessionId' [/home/lysander/repos/bannou/Bannou.SDK/Bannou.SDK.csproj::TargetFramework=net9.0]
/home/lysander/repos/bannou/bannou-service/Generated/Models/GameSessionModels.cs(296,46): warning CS1591: Missing XML comment for publicly visible type or member 'JoinGameSessionResponse.PlayerRole' [/home/lysander/repos/bannou/Bannou.SDK/Bannou.SDK.csproj::TargetFramework=net9.0]
/home/lysander/repos/bannou/bannou-service/Generated/Models/GameSessionModels.cs(319,68): warning CS1591: Missing XML comment for publicly visible type or member 'JoinGameSessionResponse.AdditionalProperties' [/home/lysander/repos/bannou/Bannou.SDK/Bannou.SDK.csproj::TargetFramework=net9.0]
/home/lysander/repos/bannou/bannou-service/Generated/Models/GameSessionModels.cs(328,22): warning CS1591: Missing XML comment for publicly visible type or member 'GamePlayer' [/home/lysander/repos/bannou/Bannou.SDK/Bannou.SDK.csproj::TargetFramework=net9.0]
/home/lysander/repos/bannou/bannou-service/Generated/Models/GameSessionModels.cs(334,24): warning CS1591: Missing XML comment for publicly visible type or member 'GamePlayer.AccountId' [/home/lysander/repos/bannou/Bannou.SDK/Bannou.SDK.csproj::TargetFramework=net9.0]
/home/lysander/repos/bannou/bannou-service/Generated/Models/GameSessionModels.cs(337,19): warning CS1591: Missing XML comment for publicly visible type or member 'GamePlayer.DisplayName' [/home/lysander/repos/bannou/Bannou.SDK/Bannou.SDK.csproj::TargetFramework=net9.0]
/home/lysander/repos/bannou/bannou-service/Generated/Models/GameSessionModels.cs(343,27): warning CS1591: Missing XML comment for publicly visible type or member 'GamePlayer.Role' [/home/lysander/repos/bannou/Bannou.SDK/Bannou.SDK.csproj::TargetFramework=net9.0]
/home/lysander/repos/bannou/bannou-service/Generated/Models/GameSessionModels.cs(348,34): warning CS1591: Missing XML comment for publicly visible type or member 'GamePlayer.JoinedAt' [/home/lysander/repos/bannou/Bannou.SDK/Bannou.SDK.csproj::TargetFramework=net9.0]
/home/lysander/repos/bannou/bannou-service/Generated/Models/GameSessionModels.cs(351,19): warning CS1591: Missing XML comment for publicly visible type or member 'GamePlayer.CharacterData' [/home/lysander/repos/bannou/Bannou.SDK/Bannou.SDK.csproj::TargetFramework=net9.0]
/home/lysander/repos/bannou/bannou-service/Generated/Models/GameSessionModels.cs(362,68): warning CS1591: Missing XML comment for publicly visible type or member 'GamePlayer.AdditionalProperties' [/home/lysander/repos/bannou/Bannou.SDK/Bannou.SDK.csproj::TargetFramework=net9.0]
/home/lysander/repos/bannou/bannou-service/Generated/Models/GameSessionModels.cs(371,22): warning CS1591: Missing XML comment for publicly visible type or member 'KickPlayerRequest' [/home/lysander/repos/bannou/Bannou.SDK/Bannou.SDK.csproj::TargetFramework=net9.0]
/home/lysander/repos/bannou/bannou-service/Generated/Models/GameSessionModels.cs(400,68): warning CS1591: Missing XML comment for publicly visible type or member 'KickPlayerRequest.AdditionalProperties' [/home/lysander/repos/bannou/Bannou.SDK/Bannou.SDK.csproj::TargetFramework=net9.0]
/home/lysander/repos/bannou/bannou-service/Generated/Models/GameSessionModels.cs(409,22): warning CS1591: Missing XML comment for publicly visible type or member 'ChatMessageRequest' [/home/lysander/repos/bannou/Bannou.SDK/Bannou.SDK.csproj::TargetFramework=net9.0]
/home/lysander/repos/bannou/bannou-service/Generated/Models/GameSessionModels.cs(424,19): warning CS1591: Missing XML comment for publicly visible type or member 'ChatMessageRequest.Message' [/home/lysander/repos/bannou/Bannou.SDK/Bannou.SDK.csproj::TargetFramework=net9.0]
/home/lysander/repos/bannou/bannou-service/Generated/Models/GameSessionModels.cs(428,42): warning CS1591: Missing XML comment for publicly visible type or member 'ChatMessageRequest.MessageType' [/home/lysander/repos/bannou/Bannou.SDK/Bannou.SDK.csproj::TargetFramework=net9.0]
/home/lysander/repos/bannou/bannou-service/Generated/Models/GameSessionModels.cs(439,68): warning CS1591: Missing XML comment for publicly visible type or member 'ChatMessageRequest.AdditionalProperties' [/home/lysander/repos/bannou/Bannou.SDK/Bannou.SDK.csproj::TargetFramework=net9.0]
/home/lysander/repos/bannou/bannou-service/Generated/Models/GameSessionModels.cs(448,22): warning CS1591: Missing XML comment for publicly visible type or member 'GameActionRequest' [/home/lysander/repos/bannou/Bannou.SDK/Bannou.SDK.csproj::TargetFramework=net9.0]
/home/lysander/repos/bannou/bannou-service/Generated/Models/GameSessionModels.cs(463,40): warning CS1591: Missing XML comment for publicly visible type or member 'GameActionRequest.ActionType' [/home/lysander/repos/bannou/Bannou.SDK/Bannou.SDK.csproj::TargetFramework=net9.0]
/home/lysander/repos/bannou/bannou-service/Generated/Models/GameSessionModels.cs(480,68): warning CS1591: Missing XML comment for publicly visible type or member 'GameActionRequest.AdditionalProperties' [/home/lysander/repos/bannou/Bannou.SDK/Bannou.SDK.csproj::TargetFramework=net9.0]
/home/lysander/repos/bannou/bannou-service/Generated/Models/GameSessionModels.cs(489,22): warning CS1591: Missing XML comment for publicly visible type or member 'GameActionResponse' [/home/lysander/repos/bannou/Bannou.SDK/Bannou.SDK.csproj::TargetFramework=net9.0]
/home/lysander/repos/bannou/bannou-service/Generated/Models/GameSessionModels.cs(493,17): warning CS1591: Missing XML comment for publicly visible type or member 'GameActionResponse.Success' [/home/lysander/repos/bannou/Bannou.SDK/Bannou.SDK.csproj::TargetFramework=net9.0]
/home/lysander/repos/bannou/bannou-service/Generated/Models/GameSessionModels.cs(498,24): warning CS1591: Missing XML comment for publicly visible type or member 'GameActionResponse.ActionId' [/home/lysander/repos/bannou/Bannou.SDK/Bannou.SDK.csproj::TargetFramework=net9.0]
/home/lysander/repos/bannou/bannou-service/Generated/Models/GameSessionModels.cs(515,68): warning CS1591: Missing XML comment for publicly visible type or member 'GameActionResponse.AdditionalProperties' [/home/lysander/repos/bannou/Bannou.SDK/Bannou.SDK.csproj::TargetFramework=net9.0]
/home/lysander/repos/bannou/bannou-service/Generated/Models/GameSessionModels.cs(547,68): warning CS1591: Missing XML comment for publicly visible type or member 'VoiceSipEndpoint.AdditionalProperties' [/home/lysander/repos/bannou/Bannou.SDK/Bannou.SDK.csproj::TargetFramework=net9.0]
/home/lysander/repos/bannou/bannou-service/Generated/Models/GameSessionModels.cs(602,68): warning CS1591: Missing XML comment for publicly visible type or member 'VoiceConnectionInfo.AdditionalProperties' [/home/lysander/repos/bannou/Bannou.SDK/Bannou.SDK.csproj::TargetFramework=net9.0]
/home/lysander/repos/bannou/bannou-service/Generated/Models/GameSessionModels.cs(611,13): warning CS1591: Missing XML comment for publicly visible type or member 'ListGameSessionsRequestGameType' [/home/lysander/repos/bannou/Bannou.SDK/Bannou.SDK.csproj::TargetFramework=net9.0]
/home/lysander/repos/bannou/bannou-service/Generated/Models/GameSessionModels.cs(615,5): warning CS1591: Missing XML comment for publicly visible type or member 'ListGameSessionsRequestGameType.Arcadia' [/home/lysander/repos/bannou/Bannou.SDK/Bannou.SDK.csproj::TargetFramework=net9.0]
/home/lysander/repos/bannou/bannou-service/Generated/Models/GameSessionModels.cs(618,5): warning CS1591: Missing XML comment for publicly visible type or member 'ListGameSessionsRequestGameType.Generic' [/home/lysander/repos/bannou/Bannou.SDK/Bannou.SDK.csproj::TargetFramework=net9.0]
/home/lysander/repos/bannou/bannou-service/Generated/Models/GameSessionModels.cs(623,13): warning CS1591: Missing XML comment for publicly visible type or member 'ListGameSessionsRequestStatus' [/home/lysander/repos/bannou/Bannou.SDK/Bannou.SDK.csproj::TargetFramework=net9.0]
/home/lysander/repos/bannou/bannou-service/Generated/Models/GameSessionModels.cs(627,5): warning CS1591: Missing XML comment for publicly visible type or member 'ListGameSessionsRequestStatus.Waiting' [/home/lysander/repos/bannou/Bannou.SDK/Bannou.SDK.csproj::TargetFramework=net9.0]
/home/lysander/repos/bannou/bannou-service/Generated/Models/GameSessionModels.cs(630,5): warning CS1591: Missing XML comment for publicly visible type or member 'ListGameSessionsRequestStatus.Active' [/home/lysander/repos/bannou/Bannou.SDK/Bannou.SDK.csproj::TargetFramework=net9.0]
/home/lysander/repos/bannou/bannou-service/Generated/Models/GameSessionModels.cs(633,5): warning CS1591: Missing XML comment for publicly visible type or member 'ListGameSessionsRequestStatus.Full' [/home/lysander/repos/bannou/Bannou.SDK/Bannou.SDK.csproj::TargetFramework=net9.0]
/home/lysander/repos/bannou/bannou-service/Generated/Models/GameSessionModels.cs(638,13): warning CS1591: Missing XML comment for publicly visible type or member 'CreateGameSessionRequestGameType' [/home/lysander/repos/bannou/Bannou.SDK/Bannou.SDK.csproj::TargetFramework=net9.0]
/home/lysander/repos/bannou/bannou-service/Generated/Models/GameSessionModels.cs(642,5): warning CS1591: Missing XML comment for publicly visible type or member 'CreateGameSessionRequestGameType.Arcadia' [/home/lysander/repos/bannou/Bannou.SDK/Bannou.SDK.csproj::TargetFramework=net9.0]
/home/lysander/repos/bannou/bannou-service/Generated/Models/GameSessionModels.cs(645,5): warning CS1591: Missing XML comment for publicly visible type or member 'CreateGameSessionRequestGameType.Generic' [/home/lysander/repos/bannou/Bannou.SDK/Bannou.SDK.csproj::TargetFramework=net9.0]
/home/lysander/repos/bannou/bannou-service/Generated/Models/GameSessionModels.cs(650,13): warning CS1591: Missing XML comment for publicly visible type or member 'GameSessionResponseGameType' [/home/lysander/repos/bannou/Bannou.SDK/Bannou.SDK.csproj::TargetFramework=net9.0]
/home/lysander/repos/bannou/bannou-service/Generated/Models/GameSessionModels.cs(654,5): warning CS1591: Missing XML comment for publicly visible type or member 'GameSessionResponseGameType.Arcadia' [/home/lysander/repos/bannou/Bannou.SDK/Bannou.SDK.csproj::TargetFramework=net9.0]
/home/lysander/repos/bannou/bannou-service/Generated/Models/GameSessionModels.cs(657,5): warning CS1591: Missing XML comment for publicly visible type or member 'GameSessionResponseGameType.Generic' [/home/lysander/repos/bannou/Bannou.SDK/Bannou.SDK.csproj::TargetFramework=net9.0]
/home/lysander/repos/bannou/bannou-service/Generated/Models/GameSessionModels.cs(662,13): warning CS1591: Missing XML comment for publicly visible type or member 'GameSessionResponseStatus' [/home/lysander/repos/bannou/Bannou.SDK/Bannou.SDK.csproj::TargetFramework=net9.0]
/home/lysander/repos/bannou/bannou-service/Generated/Models/GameSessionModels.cs(666,5): warning CS1591: Missing XML comment for publicly visible type or member 'GameSessionResponseStatus.Waiting' [/home/lysander/repos/bannou/Bannou.SDK/Bannou.SDK.csproj::TargetFramework=net9.0]
/home/lysander/repos/bannou/bannou-service/Generated/Models/GameSessionModels.cs(669,5): warning CS1591: Missing XML comment for publicly visible type or member 'GameSessionResponseStatus.Active' [/home/lysander/repos/bannou/Bannou.SDK/Bannou.SDK.csproj::TargetFramework=net9.0]
/home/lysander/repos/bannou/bannou-service/Generated/Models/GameSessionModels.cs(672,5): warning CS1591: Missing XML comment for publicly visible type or member 'GameSessionResponseStatus.Full' [/home/lysander/repos/bannou/Bannou.SDK/Bannou.SDK.csproj::TargetFramework=net9.0]
/home/lysander/repos/bannou/bannou-service/Generated/Models/GameSessionModels.cs(675,5): warning CS1591: Missing XML comment for publicly visible type or member 'GameSessionResponseStatus.Finished' [/home/lysander/repos/bannou/Bannou.SDK/Bannou.SDK.csproj::TargetFramework=net9.0]
/home/lysander/repos/bannou/bannou-service/Generated/Models/GameSessionModels.cs(680,13): warning CS1591: Missing XML comment for publicly visible type or member 'JoinGameSessionResponsePlayerRole' [/home/lysander/repos/bannou/Bannou.SDK/Bannou.SDK.csproj::TargetFramework=net9.0]
/home/lysander/repos/bannou/bannou-service/Generated/Models/GameSessionModels.cs(684,5): warning CS1591: Missing XML comment for publicly visible type or member 'JoinGameSessionResponsePlayerRole.Player' [/home/lysander/repos/bannou/Bannou.SDK/Bannou.SDK.csproj::TargetFramework=net9.0]
/home/lysander/repos/bannou/bannou-service/Generated/Models/GameSessionModels.cs(687,5): warning CS1591: Missing XML comment for publicly visible type or member 'JoinGameSessionResponsePlayerRole.Spectator' [/home/lysander/repos/bannou/Bannou.SDK/Bannou.SDK.csproj::TargetFramework=net9.0]
/home/lysander/repos/bannou/bannou-service/Generated/Models/GameSessionModels.cs(690,5): warning CS1591: Missing XML comment for publicly visible type or member 'JoinGameSessionResponsePlayerRole.Moderator' [/home/lysander/repos/bannou/Bannou.SDK/Bannou.SDK.csproj::TargetFramework=net9.0]
/home/lysander/repos/bannou/bannou-service/Generated/Models/GameSessionModels.cs(695,13): warning CS1591: Missing XML comment for publicly visible type or member 'GamePlayerRole' [/home/lysander/repos/bannou/Bannou.SDK/Bannou.SDK.csproj::TargetFramework=net9.0]
/home/lysander/repos/bannou/bannou-service/Generated/Models/GameSessionModels.cs(699,5): warning CS1591: Missing XML comment for publicly visible type or member 'GamePlayerRole.Player' [/home/lysander/repos/bannou/Bannou.SDK/Bannou.SDK.csproj::TargetFramework=net9.0]
/home/lysander/repos/bannou/bannou-service/Generated/Models/GameSessionModels.cs(702,5): warning CS1591: Missing XML comment for publicly visible type or member 'GamePlayerRole.Spectator' [/home/lysander/repos/bannou/Bannou.SDK/Bannou.SDK.csproj::TargetFramework=net9.0]
/home/lysander/repos/bannou/bannou-service/Generated/Models/GameSessionModels.cs(705,5): warning CS1591: Missing XML comment for publicly visible type or member 'GamePlayerRole.Moderator' [/home/lysander/repos/bannou/Bannou.SDK/Bannou.SDK.csproj::TargetFramework=net9.0]
/home/lysander/repos/bannou/bannou-service/Generated/Models/GameSessionModels.cs(710,13): warning CS1591: Missing XML comment for publicly visible type or member 'ChatMessageRequestMessageType' [/home/lysander/repos/bannou/Bannou.SDK/Bannou.SDK.csproj::TargetFramework=net9.0]
/home/lysander/repos/bannou/bannou-service/Generated/Models/GameSessionModels.cs(714,5): warning CS1591: Missing XML comment for publicly visible type or member 'ChatMessageRequestMessageType.Public' [/home/lysander/repos/bannou/Bannou.SDK/Bannou.SDK.csproj::TargetFramework=net9.0]
/home/lysander/repos/bannou/bannou-service/Generated/Models/GameSessionModels.cs(717,5): warning CS1591: Missing XML comment for publicly visible type or member 'ChatMessageRequestMessageType.Whisper' [/home/lysander/repos/bannou/Bannou.SDK/Bannou.SDK.csproj::TargetFramework=net9.0]
/home/lysander/repos/bannou/bannou-service/Generated/Models/GameSessionModels.cs(720,5): warning CS1591: Missing XML comment for publicly visible type or member 'ChatMessageRequestMessageType.System' [/home/lysander/repos/bannou/Bannou.SDK/Bannou.SDK.csproj::TargetFramework=net9.0]
/home/lysander/repos/bannou/bannou-service/Generated/Models/GameSessionModels.cs(725,13): warning CS1591: Missing XML comment for publicly visible type or member 'GameActionRequestActionType' [/home/lysander/repos/bannou/Bannou.SDK/Bannou.SDK.csproj::TargetFramework=net9.0]
/home/lysander/repos/bannou/bannou-service/Generated/Models/GameSessionModels.cs(729,5): warning CS1591: Missing XML comment for publicly visible type or member 'GameActionRequestActionType.Move' [/home/lysander/repos/bannou/Bannou.SDK/Bannou.SDK.csproj::TargetFramework=net9.0]
/home/lysander/repos/bannou/bannou-service/Generated/Models/GameSessionModels.cs(732,5): warning CS1591: Missing XML comment for publicly visible type or member 'GameActionRequestActionType.Interact' [/home/lysander/repos/bannou/Bannou.SDK/Bannou.SDK.csproj::TargetFramework=net9.0]
/home/lysander/repos/bannou/bannou-service/Generated/Models/GameSessionModels.cs(735,5): warning CS1591: Missing XML comment for publicly visible type or member 'GameActionRequestActionType.Attack' [/home/lysander/repos/bannou/Bannou.SDK/Bannou.SDK.csproj::TargetFramework=net9.0]
/home/lysander/repos/bannou/bannou-service/Generated/Models/GameSessionModels.cs(738,5): warning CS1591: Missing XML comment for publicly visible type or member 'GameActionRequestActionType.Cast_spell' [/home/lysander/repos/bannou/Bannou.SDK/Bannou.SDK.csproj::TargetFramework=net9.0]
/home/lysander/repos/bannou/bannou-service/Generated/Models/GameSessionModels.cs(741,5): warning CS1591: Missing XML comment for publicly visible type or member 'GameActionRequestActionType.Use_item' [/home/lysander/repos/bannou/Bannou.SDK/Bannou.SDK.csproj::TargetFramework=net9.0]
/home/lysander/repos/bannou/bannou-service/Generated/Models/GameSessionModels.cs(746,13): warning CS1591: Missing XML comment for publicly visible type or member 'VoiceConnectionInfoTier' [/home/lysander/repos/bannou/Bannou.SDK/Bannou.SDK.csproj::TargetFramework=net9.0]
/home/lysander/repos/bannou/bannou-service/Generated/Models/GameSessionModels.cs(750,5): warning CS1591: Missing XML comment for publicly visible type or member 'VoiceConnectionInfoTier.P2p' [/home/lysander/repos/bannou/Bannou.SDK/Bannou.SDK.csproj::TargetFramework=net9.0]
/home/lysander/repos/bannou/bannou-service/Generated/Models/GameSessionModels.cs(753,5): warning CS1591: Missing XML comment for publicly visible type or member 'VoiceConnectionInfoTier.Scaled' [/home/lysander/repos/bannou/Bannou.SDK/Bannou.SDK.csproj::TargetFramework=net9.0]
/home/lysander/repos/bannou/bannou-service/Generated/Models/GameSessionModels.cs(758,13): warning CS1591: Missing XML comment for publicly visible type or member 'VoiceConnectionInfoCodec' [/home/lysander/repos/bannou/Bannou.SDK/Bannou.SDK.csproj::TargetFramework=net9.0]
/home/lysander/repos/bannou/bannou-service/Generated/Models/GameSessionModels.cs(762,5): warning CS1591: Missing XML comment for publicly visible type or member 'VoiceConnectionInfoCodec.Opus' [/home/lysander/repos/bannou/Bannou.SDK/Bannou.SDK.csproj::TargetFramework=net9.0]
/home/lysander/repos/bannou/bannou-service/Generated/Models/GameSessionModels.cs(765,5): warning CS1591: Missing XML comment for publicly visible type or member 'VoiceConnectionInfoCodec.G711' [/home/lysander/repos/bannou/Bannou.SDK/Bannou.SDK.csproj::TargetFramework=net9.0]
/home/lysander/repos/bannou/bannou-service/Generated/Models/GameSessionModels.cs(768,5): warning CS1591: Missing XML comment for publicly visible type or member 'VoiceConnectionInfoCodec.G722' [/home/lysander/repos/bannou/Bannou.SDK/Bannou.SDK.csproj::TargetFramework=net9.0]
/home/lysander/repos/bannou/bannou-service/Generated/Clients/RelationshipTypeClient.cs(19,26): warning CS1591: Missing XML comment for publicly visible type or member 'IRelationshipTypeClient' [/home/lysander/repos/bannou/Bannou.SDK/Bannou.SDK.csproj::TargetFramework=net9.0]
/home/lysander/repos/bannou/bannou-service/Generated/Clients/RelationshipTypeClient.cs(28,111): warning CS1573: Parameter 'body' has no matching param tag in the XML comment for 'IRelationshipTypeClient.GetRelationshipTypeAsync(GetRelationshipTypeRequest, CancellationToken)' (but other parameters do) [/home/lysander/repos/bannou/Bannou.SDK/Bannou.SDK.csproj::TargetFramework=net9.0]
/home/lysander/repos/bannou/bannou-service/Generated/Clients/RelationshipTypeClient.cs(39,123): warning CS1573: Parameter 'body' has no matching param tag in the XML comment for 'IRelationshipTypeClient.GetRelationshipTypeByCodeAsync(GetRelationshipTypeByCodeRequest, CancellationToken)' (but other parameters do) [/home/lysander/repos/bannou/Bannou.SDK/Bannou.SDK.csproj::TargetFramework=net9.0]
/home/lysander/repos/bannou/bannou-service/Generated/Clients/RelationshipTypeClient.cs(50,119): warning CS1573: Parameter 'body' has no matching param tag in the XML comment for 'IRelationshipTypeClient.ListRelationshipTypesAsync(ListRelationshipTypesRequest, CancellationToken)' (but other parameters do) [/home/lysander/repos/bannou/Bannou.SDK/Bannou.SDK.csproj::TargetFramework=net9.0]
/home/lysander/repos/bannou/bannou-service/Generated/Clients/RelationshipTypeClient.cs(61,127): warning CS1573: Parameter 'body' has no matching param tag in the XML comment for 'IRelationshipTypeClient.GetChildRelationshipTypesAsync(GetChildRelationshipTypesRequest, CancellationToken)' (but other parameters do) [/home/lysander/repos/bannou/Bannou.SDK/Bannou.SDK.csproj::TargetFramework=net9.0]
/home/lysander/repos/bannou/bannou-service/Generated/Clients/RelationshipTypeClient.cs(74,105): warning CS1573: Parameter 'body' has no matching param tag in the XML comment for 'IRelationshipTypeClient.MatchesHierarchyAsync(MatchesHierarchyRequest, CancellationToken)' (but other parameters do) [/home/lysander/repos/bannou/Bannou.SDK/Bannou.SDK.csproj::TargetFramework=net9.0]
/home/lysander/repos/bannou/bannou-service/Generated/Clients/RelationshipTypeClient.cs(86,101): warning CS1573: Parameter 'body' has no matching param tag in the XML comment for 'IRelationshipTypeClient.GetAncestorsAsync(GetAncestorsRequest, CancellationToken)' (but other parameters do) [/home/lysander/repos/bannou/Bannou.SDK/Bannou.SDK.csproj::TargetFramework=net9.0]
/home/lysander/repos/bannou/bannou-service/Generated/Clients/RelationshipTypeClient.cs(94,117): warning CS1573: Parameter 'body' has no matching param tag in the XML comment for 'IRelationshipTypeClient.CreateRelationshipTypeAsync(CreateRelationshipTypeRequest, CancellationToken)' (but other parameters do) [/home/lysander/repos/bannou/Bannou.SDK/Bannou.SDK.csproj::TargetFramework=net9.0]
/home/lysander/repos/bannou/bannou-service/Generated/Clients/RelationshipTypeClient.cs(102,117): warning CS1573: Parameter 'body' has no matching param tag in the XML comment for 'IRelationshipTypeClient.UpdateRelationshipTypeAsync(UpdateRelationshipTypeRequest, CancellationToken)' (but other parameters do) [/home/lysander/repos/bannou/Bannou.SDK/Bannou.SDK.csproj::TargetFramework=net9.0]
/home/lysander/repos/bannou/bannou-service/Generated/Clients/RelationshipTypeClient.cs(115,91): warning CS1573: Parameter 'body' has no matching param tag in the XML comment for 'IRelationshipTypeClient.DeleteRelationshipTypeAsync(DeleteRelationshipTypeRequest, CancellationToken)' (but other parameters do) [/home/lysander/repos/bannou/Bannou.SDK/Bannou.SDK.csproj::TargetFramework=net9.0]
/home/lysander/repos/bannou/bannou-service/Generated/Clients/RelationshipTypeClient.cs(131,123): warning CS1573: Parameter 'body' has no matching param tag in the XML comment for 'IRelationshipTypeClient.DeprecateRelationshipTypeAsync(DeprecateRelationshipTypeRequest, CancellationToken)' (but other parameters do) [/home/lysander/repos/bannou/Bannou.SDK/Bannou.SDK.csproj::TargetFramework=net9.0]
/home/lysander/repos/bannou/bannou-service/Generated/Clients/RelationshipTypeClient.cs(143,127): warning CS1573: Parameter 'body' has no matching param tag in the XML comment for 'IRelationshipTypeClient.UndeprecateRelationshipTypeAsync(UndeprecateRelationshipTypeRequest, CancellationToken)' (but other parameters do) [/home/lysander/repos/bannou/Bannou.SDK/Bannou.SDK.csproj::TargetFramework=net9.0]
/home/lysander/repos/bannou/bannou-service/Generated/Clients/RelationshipTypeClient.cs(164,120): warning CS1573: Parameter 'body' has no matching param tag in the XML comment for 'IRelationshipTypeClient.MergeRelationshipTypeAsync(MergeRelationshipTypeRequest, CancellationToken)' (but other parameters do) [/home/lysander/repos/bannou/Bannou.SDK/Bannou.SDK.csproj::TargetFramework=net9.0]
/home/lysander/repos/bannou/bannou-service/Generated/Clients/RelationshipTypeClient.cs(177,120): warning CS1573: Parameter 'body' has no matching param tag in the XML comment for 'IRelationshipTypeClient.SeedRelationshipTypesAsync(SeedRelationshipTypesRequest, CancellationToken)' (but other parameters do) [/home/lysander/repos/bannou/Bannou.SDK/Bannou.SDK.csproj::TargetFramework=net9.0]
/home/lysander/repos/bannou/bannou-service/Generated/Clients/RelationshipTypeClient.cs(181,22): warning CS1591: Missing XML comment for publicly visible type or member 'RelationshipTypeClient' [/home/lysander/repos/bannou/Bannou.SDK/Bannou.SDK.csproj::TargetFramework=net9.0]
/home/lysander/repos/bannou/bannou-service/Generated/Clients/RelationshipTypeClient.cs(201,12): warning CS1591: Missing XML comment for publicly visible type or member 'RelationshipTypeClient.RelationshipTypeClient(IMeshInvocationClient, IServiceAppMappingResolver, ILogger<RelationshipTypeClient>?)' [/home/lysander/repos/bannou/Bannou.SDK/Bannou.SDK.csproj::TargetFramework=net9.0]
/home/lysander/repos/bannou/bannou-service/Generated/Clients/RelationshipTypeClient.cs(209,54): warning CS1591: Missing XML comment for publicly visible type or member 'RelationshipTypeClient.JsonSerializerSettings' [/home/lysander/repos/bannou/Bannou.SDK/Bannou.SDK.csproj::TargetFramework=net9.0]
/home/lysander/repos/bannou/bannou-service/Generated/Clients/RelationshipTypeClient.cs(309,132): warning CS1573: Parameter 'body' has no matching param tag in the XML comment for 'RelationshipTypeClient.GetRelationshipTypeAsync(GetRelationshipTypeRequest, CancellationToken)' (but other parameters do) [/home/lysander/repos/bannou/Bannou.SDK/Bannou.SDK.csproj::TargetFramework=net9.0]
/home/lysander/repos/bannou/bannou-service/Generated/Clients/RelationshipTypeClient.cs(397,144): warning CS1573: Parameter 'body' has no matching param tag in the XML comment for 'RelationshipTypeClient.GetRelationshipTypeByCodeAsync(GetRelationshipTypeByCodeRequest, CancellationToken)' (but other parameters do) [/home/lysander/repos/bannou/Bannou.SDK/Bannou.SDK.csproj::TargetFramework=net9.0]
/home/lysander/repos/bannou/bannou-service/Generated/Clients/RelationshipTypeClient.cs(485,140): warning CS1573: Parameter 'body' has no matching param tag in the XML comment for 'RelationshipTypeClient.ListRelationshipTypesAsync(ListRelationshipTypesRequest, CancellationToken)' (but other parameters do) [/home/lysander/repos/bannou/Bannou.SDK/Bannou.SDK.csproj::TargetFramework=net9.0]
/home/lysander/repos/bannou/bannou-service/Generated/Clients/RelationshipTypeClient.cs(567,148): warning CS1573: Parameter 'body' has no matching param tag in the XML comment for 'RelationshipTypeClient.GetChildRelationshipTypesAsync(GetChildRelationshipTypesRequest, CancellationToken)' (but other parameters do) [/home/lysander/repos/bannou/Bannou.SDK/Bannou.SDK.csproj::TargetFramework=net9.0]
/home/lysander/repos/bannou/bannou-service/Generated/Clients/RelationshipTypeClient.cs(657,126): warning CS1573: Parameter 'body' has no matching param tag in the XML comment for 'RelationshipTypeClient.MatchesHierarchyAsync(MatchesHierarchyRequest, CancellationToken)' (but other parameters do) [/home/lysander/repos/bannou/Bannou.SDK/Bannou.SDK.csproj::TargetFramework=net9.0]
/home/lysander/repos/bannou/bannou-service/Generated/Clients/RelationshipTypeClient.cs(746,122): warning CS1573: Parameter 'body' has no matching param tag in the XML comment for 'RelationshipTypeClient.GetAncestorsAsync(GetAncestorsRequest, CancellationToken)' (but other parameters do) [/home/lysander/repos/bannou/Bannou.SDK/Bannou.SDK.csproj::TargetFramework=net9.0]
/home/lysander/repos/bannou/bannou-service/Generated/Clients/RelationshipTypeClient.cs(831,138): warning CS1573: Parameter 'body' has no matching param tag in the XML comment for 'RelationshipTypeClient.CreateRelationshipTypeAsync(CreateRelationshipTypeRequest, CancellationToken)' (but other parameters do) [/home/lysander/repos/bannou/Bannou.SDK/Bannou.SDK.csproj::TargetFramework=net9.0]
/home/lysander/repos/bannou/bannou-service/Generated/Clients/RelationshipTypeClient.cs(922,138): warning CS1573: Parameter 'body' has no matching param tag in the XML comment for 'RelationshipTypeClient.UpdateRelationshipTypeAsync(UpdateRelationshipTypeRequest, CancellationToken)' (but other parameters do) [/home/lysander/repos/bannou/Bannou.SDK/Bannou.SDK.csproj::TargetFramework=net9.0]
/home/lysander/repos/bannou/bannou-service/Generated/Clients/RelationshipTypeClient.cs(1018,112): warning CS1573: Parameter 'body' has no matching param tag in the XML comment for 'RelationshipTypeClient.DeleteRelationshipTypeAsync(DeleteRelationshipTypeRequest, CancellationToken)' (but other parameters do) [/home/lysander/repos/bannou/Bannou.SDK/Bannou.SDK.csproj::TargetFramework=net9.0]
/home/lysander/repos/bannou/bannou-service/Generated/Clients/RelationshipTypeClient.cs(1111,144): warning CS1573: Parameter 'body' has no matching param tag in the XML comment for 'RelationshipTypeClient.DeprecateRelationshipTypeAsync(DeprecateRelationshipTypeRequest, CancellationToken)' (but other parameters do) [/home/lysander/repos/bannou/Bannou.SDK/Bannou.SDK.csproj::TargetFramework=net9.0]
/home/lysander/repos/bannou/bannou-service/Generated/Clients/RelationshipTypeClient.cs(1206,148): warning CS1573: Parameter 'body' has no matching param tag in the XML comment for 'RelationshipTypeClient.UndeprecateRelationshipTypeAsync(UndeprecateRelationshipTypeRequest, CancellationToken)' (but other parameters do) [/home/lysander/repos/bannou/Bannou.SDK/Bannou.SDK.csproj::TargetFramework=net9.0]
/home/lysander/repos/bannou/bannou-service/Generated/Clients/RelationshipTypeClient.cs(1310,141): warning CS1573: Parameter 'body' has no matching param tag in the XML comment for 'RelationshipTypeClient.MergeRelationshipTypeAsync(MergeRelationshipTypeRequest, CancellationToken)' (but other parameters do) [/home/lysander/repos/bannou/Bannou.SDK/Bannou.SDK.csproj::TargetFramework=net9.0]
/home/lysander/repos/bannou/bannou-service/Generated/Clients/RelationshipTypeClient.cs(1412,141): warning CS1573: Parameter 'body' has no matching param tag in the XML comment for 'RelationshipTypeClient.SeedRelationshipTypesAsync(SeedRelationshipTypesRequest, CancellationToken)' (but other parameters do) [/home/lysander/repos/bannou/Bannou.SDK/Bannou.SDK.csproj::TargetFramework=net9.0]
/home/lysander/repos/bannou/bannou-service/Generated/Clients/RelationshipTypeClient.cs(1491,22): warning CS1591: Missing XML comment for publicly visible type or member 'RelationshipTypeClient.ObjectResponseResult<T>' [/home/lysander/repos/bannou/Bannou.SDK/Bannou.SDK.csproj::TargetFramework=net9.0]
/home/lysander/repos/bannou/bannou-service/Generated/Clients/RelationshipTypeClient.cs(1493,16): warning CS1591: Missing XML comment for publicly visible type or member 'RelationshipTypeClient.ObjectResponseResult<T>.ObjectResponseResult(T, string)' [/home/lysander/repos/bannou/Bannou.SDK/Bannou.SDK.csproj::TargetFramework=net9.0]
/home/lysander/repos/bannou/bannou-service/Generated/Clients/RelationshipTypeClient.cs(1499,18): warning CS1591: Missing XML comment for publicly visible type or member 'RelationshipTypeClient.ObjectResponseResult<T>.Object' [/home/lysander/repos/bannou/Bannou.SDK/Bannou.SDK.csproj::TargetFramework=net9.0]
/home/lysander/repos/bannou/bannou-service/Generated/Clients/RelationshipTypeClient.cs(1501,23): warning CS1591: Missing XML comment for publicly visible type or member 'RelationshipTypeClient.ObjectResponseResult<T>.Text' [/home/lysander/repos/bannou/Bannou.SDK/Bannou.SDK.csproj::TargetFramework=net9.0]
/home/lysander/repos/bannou/bannou-service/Generated/Clients/RelationshipTypeClient.cs(1524,17): warning CS1591: Missing XML comment for publicly visible type or member 'RelationshipTypeClient.ReadResponseAsString' [/home/lysander/repos/bannou/Bannou.SDK/Bannou.SDK.csproj::TargetFramework=net9.0]
/home/lysander/repos/bannou/bannou-service/Generated/Clients/RelationshipTypeClient.cs(1526,86): warning CS1591: Missing XML comment for publicly visible type or member 'RelationshipTypeClient.ReadObjectResponseAsync<T>(HttpResponseMessage, IReadOnlyDictionary<string, IEnumerable<string>>, CancellationToken)' [/home/lysander/repos/bannou/Bannou.SDK/Bannou.SDK.csproj::TargetFramework=net9.0]
/home/lysander/repos/bannou/bannou-service/Generated/Models/RelationshipTypeModels.cs(18,22): warning CS1591: Missing XML comment for publicly visible type or member 'GetRelationshipTypeRequest' [/home/lysander/repos/bannou/Bannou.SDK/Bannou.SDK.csproj::TargetFramework=net9.0]
/home/lysander/repos/bannou/bannou-service/Generated/Models/RelationshipTypeModels.cs(32,68): warning CS1591: Missing XML comment for publicly visible type or member 'GetRelationshipTypeRequest.AdditionalProperties' [/home/lysander/repos/bannou/Bannou.SDK/Bannou.SDK.csproj::TargetFramework=net9.0]
/home/lysander/repos/bannou/bannou-service/Generated/Models/RelationshipTypeModels.cs(41,22): warning CS1591: Missing XML comment for publicly visible type or member 'GetRelationshipTypeByCodeRequest' [/home/lysander/repos/bannou/Bannou.SDK/Bannou.SDK.csproj::TargetFramework=net9.0]
/home/lysander/repos/bannou/bannou-service/Generated/Models/RelationshipTypeModels.cs(57,68): warning CS1591: Missing XML comment for publicly visible type or member 'GetRelationshipTypeByCodeRequest.AdditionalProperties' [/home/lysander/repos/bannou/Bannou.SDK/Bannou.SDK.csproj::TargetFramework=net9.0]
/home/lysander/repos/bannou/bannou-service/Generated/Models/RelationshipTypeModels.cs(66,22): warning CS1591: Missing XML comment for publicly visible type or member 'ListRelationshipTypesRequest' [/home/lysander/repos/bannou/Bannou.SDK/Bannou.SDK.csproj::TargetFramework=net9.0]
/home/lysander/repos/bannou/bannou-service/Generated/Models/RelationshipTypeModels.cs(96,68): warning CS1591: Missing XML comment for publicly visible type or member 'ListRelationshipTypesRequest.AdditionalProperties' [/home/lysander/repos/bannou/Bannou.SDK/Bannou.SDK.csproj::TargetFramework=net9.0]
/home/lysander/repos/bannou/bannou-service/Generated/Models/RelationshipTypeModels.cs(105,22): warning CS1591: Missing XML comment for publicly visible type or member 'GetChildRelationshipTypesRequest' [/home/lysander/repos/bannou/Bannou.SDK/Bannou.SDK.csproj::TargetFramework=net9.0]
/home/lysander/repos/bannou/bannou-service/Generated/Models/RelationshipTypeModels.cs(125,68): warning CS1591: Missing XML comment for publicly visible type or member 'GetChildRelationshipTypesRequest.AdditionalProperties' [/home/lysander/repos/bannou/Bannou.SDK/Bannou.SDK.csproj::TargetFramework=net9.0]
/home/lysander/repos/bannou/bannou-service/Generated/Models/RelationshipTypeModels.cs(134,22): warning CS1591: Missing XML comment for publicly visible type or member 'MatchesHierarchyRequest' [/home/lysander/repos/bannou/Bannou.SDK/Bannou.SDK.csproj::TargetFramework=net9.0]
/home/lysander/repos/bannou/bannou-service/Generated/Models/RelationshipTypeModels.cs(156,68): warning CS1591: Missing XML comment for publicly visible type or member 'MatchesHierarchyRequest.AdditionalProperties' [/home/lysander/repos/bannou/Bannou.SDK/Bannou.SDK.csproj::TargetFramework=net9.0]
/home/lysander/repos/bannou/bannou-service/Generated/Models/RelationshipTypeModels.cs(165,22): warning CS1591: Missing XML comment for publicly visible type or member 'GetAncestorsRequest' [/home/lysander/repos/bannou/Bannou.SDK/Bannou.SDK.csproj::TargetFramework=net9.0]
/home/lysander/repos/bannou/bannou-service/Generated/Models/RelationshipTypeModels.cs(179,68): warning CS1591: Missing XML comment for publicly visible type or member 'GetAncestorsRequest.AdditionalProperties' [/home/lysander/repos/bannou/Bannou.SDK/Bannou.SDK.csproj::TargetFramework=net9.0]
/home/lysander/repos/bannou/bannou-service/Generated/Models/RelationshipTypeModels.cs(188,22): warning CS1591: Missing XML comment for publicly visible type or member 'CreateRelationshipTypeRequest' [/home/lysander/repos/bannou/Bannou.SDK/Bannou.SDK.csproj::TargetFramework=net9.0]
/home/lysander/repos/bannou/bannou-service/Generated/Models/RelationshipTypeModels.cs(252,68): warning CS1591: Missing XML comment for publicly visible type or member 'CreateRelationshipTypeRequest.AdditionalProperties' [/home/lysander/repos/bannou/Bannou.SDK/Bannou.SDK.csproj::TargetFramework=net9.0]
/home/lysander/repos/bannou/bannou-service/Generated/Models/RelationshipTypeModels.cs(261,22): warning CS1591: Missing XML comment for publicly visible type or member 'UpdateRelationshipTypeRequest' [/home/lysander/repos/bannou/Bannou.SDK/Bannou.SDK.csproj::TargetFramework=net9.0]
/home/lysander/repos/bannou/bannou-service/Generated/Models/RelationshipTypeModels.cs(321,68): warning CS1591: Missing XML comment for publicly visible type or member 'UpdateRelationshipTypeRequest.AdditionalProperties' [/home/lysander/repos/bannou/Bannou.SDK/Bannou.SDK.csproj::TargetFramework=net9.0]
/home/lysander/repos/bannou/bannou-service/Generated/Models/RelationshipTypeModels.cs(330,22): warning CS1591: Missing XML comment for publicly visible type or member 'DeleteRelationshipTypeRequest' [/home/lysander/repos/bannou/Bannou.SDK/Bannou.SDK.csproj::TargetFramework=net9.0]
/home/lysander/repos/bannou/bannou-service/Generated/Models/RelationshipTypeModels.cs(344,68): warning CS1591: Missing XML comment for publicly visible type or member 'DeleteRelationshipTypeRequest.AdditionalProperties' [/home/lysander/repos/bannou/Bannou.SDK/Bannou.SDK.csproj::TargetFramework=net9.0]
/home/lysander/repos/bannou/bannou-service/Generated/Models/RelationshipTypeModels.cs(353,22): warning CS1591: Missing XML comment for publicly visible type or member 'DeprecateRelationshipTypeRequest' [/home/lysander/repos/bannou/Bannou.SDK/Bannou.SDK.csproj::TargetFramework=net9.0]
/home/lysander/repos/bannou/bannou-service/Generated/Models/RelationshipTypeModels.cs(374,68): warning CS1591: Missing XML comment for publicly visible type or member 'DeprecateRelationshipTypeRequest.AdditionalProperties' [/home/lysander/repos/bannou/Bannou.SDK/Bannou.SDK.csproj::TargetFramework=net9.0]
/home/lysander/repos/bannou/bannou-service/Generated/Models/RelationshipTypeModels.cs(383,22): warning CS1591: Missing XML comment for publicly visible type or member 'UndeprecateRelationshipTypeRequest' [/home/lysander/repos/bannou/Bannou.SDK/Bannou.SDK.csproj::TargetFramework=net9.0]
/home/lysander/repos/bannou/bannou-service/Generated/Models/RelationshipTypeModels.cs(397,68): warning CS1591: Missing XML comment for publicly visible type or member 'UndeprecateRelationshipTypeRequest.AdditionalProperties' [/home/lysander/repos/bannou/Bannou.SDK/Bannou.SDK.csproj::TargetFramework=net9.0]
/home/lysander/repos/bannou/bannou-service/Generated/Models/RelationshipTypeModels.cs(406,22): warning CS1591: Missing XML comment for publicly visible type or member 'MergeRelationshipTypeRequest' [/home/lysander/repos/bannou/Bannou.SDK/Bannou.SDK.csproj::TargetFramework=net9.0]
/home/lysander/repos/bannou/bannou-service/Generated/Models/RelationshipTypeModels.cs(434,68): warning CS1591: Missing XML comment for publicly visible type or member 'MergeRelationshipTypeRequest.AdditionalProperties' [/home/lysander/repos/bannou/Bannou.SDK/Bannou.SDK.csproj::TargetFramework=net9.0]
/home/lysander/repos/bannou/bannou-service/Generated/Models/RelationshipTypeModels.cs(443,22): warning CS1591: Missing XML comment for publicly visible type or member 'SeedRelationshipTypesRequest' [/home/lysander/repos/bannou/Bannou.SDK/Bannou.SDK.csproj::TargetFramework=net9.0]
/home/lysander/repos/bannou/bannou-service/Generated/Models/RelationshipTypeModels.cs(463,68): warning CS1591: Missing XML comment for publicly visible type or member 'SeedRelationshipTypesRequest.AdditionalProperties' [/home/lysander/repos/bannou/Bannou.SDK/Bannou.SDK.csproj::TargetFramework=net9.0]
/home/lysander/repos/bannou/bannou-service/Generated/Models/RelationshipTypeModels.cs(472,22): warning CS1591: Missing XML comment for publicly visible type or member 'SeedRelationshipType' [/home/lysander/repos/bannou/Bannou.SDK/Bannou.SDK.csproj::TargetFramework=net9.0]
/home/lysander/repos/bannou/bannou-service/Generated/Models/RelationshipTypeModels.cs(516,17): warning CS1591: Missing XML comment for publicly visible type or member 'SeedRelationshipType.IsBidirectional' [/home/lysander/repos/bannou/Bannou.SDK/Bannou.SDK.csproj::TargetFramework=net9.0]
/home/lysander/repos/bannou/bannou-service/Generated/Models/RelationshipTypeModels.cs(519,19): warning CS1591: Missing XML comment for publicly visible type or member 'SeedRelationshipType.Metadata' [/home/lysander/repos/bannou/Bannou.SDK/Bannou.SDK.csproj::TargetFramework=net9.0]
/home/lysander/repos/bannou/bannou-service/Generated/Models/RelationshipTypeModels.cs(524,68): warning CS1591: Missing XML comment for publicly visible type or member 'SeedRelationshipType.AdditionalProperties' [/home/lysander/repos/bannou/Bannou.SDK/Bannou.SDK.csproj::TargetFramework=net9.0]
/home/lysander/repos/bannou/bannou-service/Generated/Models/RelationshipTypeModels.cs(533,22): warning CS1591: Missing XML comment for publicly visible type or member 'RelationshipTypeResponse' [/home/lysander/repos/bannou/Bannou.SDK/Bannou.SDK.csproj::TargetFramework=net9.0]
/home/lysander/repos/bannou/bannou-service/Generated/Models/RelationshipTypeModels.cs(539,24): warning CS1591: Missing XML comment for publicly visible type or member 'RelationshipTypeResponse.RelationshipTypeId' [/home/lysander/repos/bannou/Bannou.SDK/Bannou.SDK.csproj::TargetFramework=net9.0]
/home/lysander/repos/bannou/bannou-service/Generated/Models/RelationshipTypeModels.cs(544,19): warning CS1591: Missing XML comment for publicly visible type or member 'RelationshipTypeResponse.Code' [/home/lysander/repos/bannou/Bannou.SDK/Bannou.SDK.csproj::TargetFramework=net9.0]
/home/lysander/repos/bannou/bannou-service/Generated/Models/RelationshipTypeModels.cs(549,19): warning CS1591: Missing XML comment for publicly visible type or member 'RelationshipTypeResponse.Name' [/home/lysander/repos/bannou/Bannou.SDK/Bannou.SDK.csproj::TargetFramework=net9.0]
/home/lysander/repos/bannou/bannou-service/Generated/Models/RelationshipTypeModels.cs(552,20): warning CS1591: Missing XML comment for publicly visible type or member 'RelationshipTypeResponse.Description' [/home/lysander/repos/bannou/Bannou.SDK/Bannou.SDK.csproj::TargetFramework=net9.0]
/home/lysander/repos/bannou/bannou-service/Generated/Models/RelationshipTypeModels.cs(555,20): warning CS1591: Missing XML comment for publicly visible type or member 'RelationshipTypeResponse.Category' [/home/lysander/repos/bannou/Bannou.SDK/Bannou.SDK.csproj::TargetFramework=net9.0]
/home/lysander/repos/bannou/bannou-service/Generated/Models/RelationshipTypeModels.cs(558,25): warning CS1591: Missing XML comment for publicly visible type or member 'RelationshipTypeResponse.ParentTypeId' [/home/lysander/repos/bannou/Bannou.SDK/Bannou.SDK.csproj::TargetFramework=net9.0]
/home/lysander/repos/bannou/bannou-service/Generated/Models/RelationshipTypeModels.cs(567,25): warning CS1591: Missing XML comment for publicly visible type or member 'RelationshipTypeResponse.InverseTypeId' [/home/lysander/repos/bannou/Bannou.SDK/Bannou.SDK.csproj::TargetFramework=net9.0]
/home/lysander/repos/bannou/bannou-service/Generated/Models/RelationshipTypeModels.cs(570,20): warning CS1591: Missing XML comment for publicly visible type or member 'RelationshipTypeResponse.InverseTypeCode' [/home/lysander/repos/bannou/Bannou.SDK/Bannou.SDK.csproj::TargetFramework=net9.0]
/home/lysander/repos/bannou/bannou-service/Generated/Models/RelationshipTypeModels.cs(573,17): warning CS1591: Missing XML comment for publicly visible type or member 'RelationshipTypeResponse.IsBidirectional' [/home/lysander/repos/bannou/Bannou.SDK/Bannou.SDK.csproj::TargetFramework=net9.0]
/home/lysander/repos/bannou/bannou-service/Generated/Models/RelationshipTypeModels.cs(600,20): warning CS1591: Missing XML comment for publicly visible type or member 'RelationshipTypeResponse.Metadata' [/home/lysander/repos/bannou/Bannou.SDK/Bannou.SDK.csproj::TargetFramework=net9.0]
/home/lysander/repos/bannou/bannou-service/Generated/Models/RelationshipTypeModels.cs(605,34): warning CS1591: Missing XML comment for publicly visible type or member 'RelationshipTypeResponse.CreatedAt' [/home/lysander/repos/bannou/Bannou.SDK/Bannou.SDK.csproj::TargetFramework=net9.0]
/home/lysander/repos/bannou/bannou-service/Generated/Models/RelationshipTypeModels.cs(610,34): warning CS1591: Missing XML comment for publicly visible type or member 'RelationshipTypeResponse.UpdatedAt' [/home/lysander/repos/bannou/Bannou.SDK/Bannou.SDK.csproj::TargetFramework=net9.0]
/home/lysander/repos/bannou/bannou-service/Generated/Models/RelationshipTypeModels.cs(615,68): warning CS1591: Missing XML comment for publicly visible type or member 'RelationshipTypeResponse.AdditionalProperties' [/home/lysander/repos/bannou/Bannou.SDK/Bannou.SDK.csproj::TargetFramework=net9.0]
/home/lysander/repos/bannou/bannou-service/Generated/Models/RelationshipTypeModels.cs(624,22): warning CS1591: Missing XML comment for publicly visible type or member 'RelationshipTypeListResponse' [/home/lysander/repos/bannou/Bannou.SDK/Bannou.SDK.csproj::TargetFramework=net9.0]
/home/lysander/repos/bannou/bannou-service/Generated/Models/RelationshipTypeModels.cs(630,77): warning CS1591: Missing XML comment for publicly visible type or member 'RelationshipTypeListResponse.Types' [/home/lysander/repos/bannou/Bannou.SDK/Bannou.SDK.csproj::TargetFramework=net9.0]
/home/lysander/repos/bannou/bannou-service/Generated/Models/RelationshipTypeModels.cs(633,16): warning CS1591: Missing XML comment for publicly visible type or member 'RelationshipTypeListResponse.TotalCount' [/home/lysander/repos/bannou/Bannou.SDK/Bannou.SDK.csproj::TargetFramework=net9.0]
/home/lysander/repos/bannou/bannou-service/Generated/Models/RelationshipTypeModels.cs(638,68): warning CS1591: Missing XML comment for publicly visible type or member 'RelationshipTypeListResponse.AdditionalProperties' [/home/lysander/repos/bannou/Bannou.SDK/Bannou.SDK.csproj::TargetFramework=net9.0]
/home/lysander/repos/bannou/bannou-service/Generated/Models/RelationshipTypeModels.cs(647,22): warning CS1591: Missing XML comment for publicly visible type or member 'MatchesHierarchyResponse' [/home/lysander/repos/bannou/Bannou.SDK/Bannou.SDK.csproj::TargetFramework=net9.0]
/home/lysander/repos/bannou/bannou-service/Generated/Models/RelationshipTypeModels.cs(665,68): warning CS1591: Missing XML comment for publicly visible type or member 'MatchesHierarchyResponse.AdditionalProperties' [/home/lysander/repos/bannou/Bannou.SDK/Bannou.SDK.csproj::TargetFramework=net9.0]
/home/lysander/repos/bannou/bannou-service/Generated/Models/RelationshipTypeModels.cs(674,22): warning CS1591: Missing XML comment for publicly visible type or member 'SeedRelationshipTypesResponse' [/home/lysander/repos/bannou/Bannou.SDK/Bannou.SDK.csproj::TargetFramework=net9.0]
/home/lysander/repos/bannou/bannou-service/Generated/Models/RelationshipTypeModels.cs(706,68): warning CS1591: Missing XML comment for publicly visible type or member 'SeedRelationshipTypesResponse.AdditionalProperties' [/home/lysander/repos/bannou/Bannou.SDK/Bannou.SDK.csproj::TargetFramework=net9.0]
/home/lysander/repos/bannou/bannou-service/Generated/Models/RelationshipTypeModels.cs(715,22): warning CS1591: Missing XML comment for publicly visible type or member 'MergeRelationshipTypeResponse' [/home/lysander/repos/bannou/Bannou.SDK/Bannou.SDK.csproj::TargetFramework=net9.0]
/home/lysander/repos/bannou/bannou-service/Generated/Models/RelationshipTypeModels.cs(749,68): warning CS1591: Missing XML comment for publicly visible type or member 'MergeRelationshipTypeResponse.AdditionalProperties' [/home/lysander/repos/bannou/Bannou.SDK/Bannou.SDK.csproj::TargetFramework=net9.0]
/home/lysander/repos/bannou/bannou-service/Generated/Clients/DocumentationClient.cs(19,26): warning CS1591: Missing XML comment for publicly visible type or member 'IDocumentationClient' [/home/lysander/repos/bannou/Bannou.SDK/Bannou.SDK.csproj::TargetFramework=net9.0]
/home/lysander/repos/bannou/bannou-service/Generated/Clients/DocumentationClient.cs(47,111): warning CS1573: Parameter 'body' has no matching param tag in the XML comment for 'IDocumentationClient.QueryDocumentationAsync(QueryDocumentationRequest, CancellationToken)' (but other parameters do) [/home/lysander/repos/bannou/Bannou.SDK/Bannou.SDK.csproj::TargetFramework=net9.0]
/home/lysander/repos/bannou/bannou-service/Generated/Clients/DocumentationClient.cs(59,90): warning CS1573: Parameter 'body' has no matching param tag in the XML comment for 'IDocumentationClient.GetDocumentAsync(GetDocumentRequest, CancellationToken)' (but other parameters do) [/home/lysander/repos/bannou/Bannou.SDK/Bannou.SDK.csproj::TargetFramework=net9.0]
/home/lysander/repos/bannou/bannou-service/Generated/Clients/DocumentationClient.cs(71,114): warning CS1573: Parameter 'body' has no matching param tag in the XML comment for 'IDocumentationClient.SearchDocumentationAsync(SearchDocumentationRequest, CancellationToken)' (but other parameters do) [/home/lysander/repos/bannou/Bannou.SDK/Bannou.SDK.csproj::TargetFramework=net9.0]
/home/lysander/repos/bannou/bannou-service/Generated/Clients/DocumentationClient.cs(83,96): warning CS1573: Parameter 'body' has no matching param tag in the XML comment for 'IDocumentationClient.ListDocumentsAsync(ListDocumentsRequest, CancellationToken)' (but other parameters do) [/home/lysander/repos/bannou/Bannou.SDK/Bannou.SDK.csproj::TargetFramework=net9.0]
/home/lysander/repos/bannou/bannou-service/Generated/Clients/DocumentationClient.cs(95,105): warning CS1573: Parameter 'body' has no matching param tag in the XML comment for 'IDocumentationClient.SuggestRelatedTopicsAsync(SuggestRelatedRequest, CancellationToken)' (but other parameters do) [/home/lysander/repos/bannou/Bannou.SDK/Bannou.SDK.csproj::TargetFramework=net9.0]
/home/lysander/repos/bannou/bannou-service/Generated/Clients/DocumentationClient.cs(103,99): warning CS1573: Parameter 'body' has no matching param tag in the XML comment for 'IDocumentationClient.CreateDocumentAsync(CreateDocumentRequest, CancellationToken)' (but other parameters do) [/home/lysander/repos/bannou/Bannou.SDK/Bannou.SDK.csproj::TargetFramework=net9.0]
/home/lysander/repos/bannou/bannou-service/Generated/Clients/DocumentationClient.cs(111,99): warning CS1573: Parameter 'body' has no matching param tag in the XML comment for 'IDocumentationClient.UpdateDocumentAsync(UpdateDocumentRequest, CancellationToken)' (but other parameters do) [/home/lysander/repos/bannou/Bannou.SDK/Bannou.SDK.csproj::TargetFramework=net9.0]
/home/lysander/repos/bannou/bannou-service/Generated/Clients/DocumentationClient.cs(123,99): warning CS1573: Parameter 'body' has no matching param tag in the XML comment for 'IDocumentationClient.DeleteDocumentAsync(DeleteDocumentRequest, CancellationToken)' (but other parameters do) [/home/lysander/repos/bannou/Bannou.SDK/Bannou.SDK.csproj::TargetFramework=net9.0]
/home/lysander/repos/bannou/bannou-service/Generated/Clients/DocumentationClient.cs(135,102): warning CS1573: Parameter 'body' has no matching param tag in the XML comment for 'IDocumentationClient.RecoverDocumentAsync(RecoverDocumentRequest, CancellationToken)' (but other parameters do) [/home/lysander/repos/bannou/Bannou.SDK/Bannou.SDK.csproj::TargetFramework=net9.0]
/home/lysander/repos/bannou/bannou-service/Generated/Clients/DocumentationClient.cs(147,96): warning CS1573: Parameter 'body' has no matching param tag in the XML comment for 'IDocumentationClient.BulkUpdateDocumentsAsync(BulkUpdateRequest, CancellationToken)' (but other parameters do) [/home/lysander/repos/bannou/Bannou.SDK/Bannou.SDK.csproj::TargetFramework=net9.0]
/home/lysander/repos/bannou/bannou-service/Generated/Clients/DocumentationClient.cs(159,96): warning CS1573: Parameter 'body' has no matching param tag in the XML comment for 'IDocumentationClient.BulkDeleteDocumentsAsync(BulkDeleteRequest, CancellationToken)' (but other parameters do) [/home/lysander/repos/bannou/Bannou.SDK/Bannou.SDK.csproj::TargetFramework=net9.0]
/home/lysander/repos/bannou/bannou-service/Generated/Clients/DocumentationClient.cs(171,114): warning CS1573: Parameter 'body' has no matching param tag in the XML comment for 'IDocumentationClient.ImportDocumentationAsync(ImportDocumentationRequest, CancellationToken)' (but other parameters do) [/home/lysander/repos/bannou/Bannou.SDK/Bannou.SDK.csproj::TargetFramework=net9.0]
/home/lysander/repos/bannou/bannou-service/Generated/Clients/DocumentationClient.cs(183,93): warning CS1573: Parameter 'body' has no matching param tag in the XML comment for 'IDocumentationClient.ListTrashcanAsync(ListTrashcanRequest, CancellationToken)' (but other parameters do) [/home/lysander/repos/bannou/Bannou.SDK/Bannou.SDK.csproj::TargetFramework=net9.0]
/home/lysander/repos/bannou/bannou-service/Generated/Clients/DocumentationClient.cs(195,96): warning CS1573: Parameter 'body' has no matching param tag in the XML comment for 'IDocumentationClient.PurgeTrashcanAsync(PurgeTrashcanRequest, CancellationToken)' (but other parameters do) [/home/lysander/repos/bannou/Bannou.SDK/Bannou.SDK.csproj::TargetFramework=net9.0]
/home/lysander/repos/bannou/bannou-service/Generated/Clients/DocumentationClient.cs(207,105): warning CS1573: Parameter 'body' has no matching param tag in the XML comment for 'IDocumentationClient.GetNamespaceStatsAsync(GetNamespaceStatsRequest, CancellationToken)' (but other parameters do) [/home/lysander/repos/bannou/Bannou.SDK/Bannou.SDK.csproj::TargetFramework=net9.0]
/home/lysander/repos/bannou/bannou-service/Generated/Clients/DocumentationClient.cs(220,99): warning CS1573: Parameter 'body' has no matching param tag in the XML comment for 'IDocumentationClient.BindRepositoryAsync(BindRepositoryRequest, CancellationToken)' (but other parameters do) [/home/lysander/repos/bannou/Bannou.SDK/Bannou.SDK.csproj::TargetFramework=net9.0]
/home/lysander/repos/bannou/bannou-service/Generated/Clients/DocumentationClient.cs(232,105): warning CS1573: Parameter 'body' has no matching param tag in the XML comment for 'IDocumentationClient.UnbindRepositoryAsync(UnbindRepositoryRequest, CancellationToken)' (but other parameters do) [/home/lysander/repos/bannou/Bannou.SDK/Bannou.SDK.csproj::TargetFramework=net9.0]
/home/lysander/repos/bannou/bannou-service/Generated/Clients/DocumentationClient.cs(244,99): warning CS1573: Parameter 'body' has no matching param tag in the XML comment for 'IDocumentationClient.SyncRepositoryAsync(SyncRepositoryRequest, CancellationToken)' (but other parameters do) [/home/lysander/repos/bannou/Bannou.SDK/Bannou.SDK.csproj::TargetFramework=net9.0]
/home/lysander/repos/bannou/bannou-service/Generated/Clients/DocumentationClient.cs(255,108): warning CS1573: Parameter 'body' has no matching param tag in the XML comment for 'IDocumentationClient.GetRepositoryStatusAsync(RepositoryStatusRequest, CancellationToken)' (but other parameters do) [/home/lysander/repos/bannou/Bannou.SDK/Bannou.SDK.csproj::TargetFramework=net9.0]
/home/lysander/repos/bannou/bannou-service/Generated/Clients/DocumentationClient.cs(266,123): warning CS1573: Parameter 'body' has no matching param tag in the XML comment for 'IDocumentationClient.ListRepositoryBindingsAsync(ListRepositoryBindingsRequest, CancellationToken)' (but other parameters do) [/home/lysander/repos/bannou/Bannou.SDK/Bannou.SDK.csproj::TargetFramework=net9.0]
/home/lysander/repos/bannou/bannou-service/Generated/Clients/DocumentationClient.cs(277,126): warning CS1573: Parameter 'body' has no matching param tag in the XML comment for 'IDocumentationClient.UpdateRepositoryBindingAsync(UpdateRepositoryBindingRequest, CancellationToken)' (but other parameters do) [/home/lysander/repos/bannou/Bannou.SDK/Bannou.SDK.csproj::TargetFramework=net9.0]
/home/lysander/repos/bannou/bannou-service/Generated/Clients/DocumentationClient.cs(289,109): warning CS1573: Parameter 'body' has no matching param tag in the XML comment for 'IDocumentationClient.CreateDocumentationArchiveAsync(CreateArchiveRequest, CancellationToken)' (but other parameters do) [/home/lysander/repos/bannou/Bannou.SDK/Bannou.SDK.csproj::TargetFramework=net9.0]
/home/lysander/repos/bannou/bannou-service/Generated/Clients/DocumentationClient.cs(300,106): warning CS1573: Parameter 'body' has no matching param tag in the XML comment for 'IDocumentationClient.ListDocumentationArchivesAsync(ListArchivesRequest, CancellationToken)' (but other parameters do) [/home/lysander/repos/bannou/Bannou.SDK/Bannou.SDK.csproj::TargetFramework=net9.0]
/home/lysander/repos/bannou/bannou-service/Generated/Clients/DocumentationClient.cs(312,112): warning CS1573: Parameter 'body' has no matching param tag in the XML comment for 'IDocumentationClient.RestoreDocumentationArchiveAsync(RestoreArchiveRequest, CancellationToken)' (but other parameters do) [/home/lysander/repos/bannou/Bannou.SDK/Bannou.SDK.csproj::TargetFramework=net9.0]
/home/lysander/repos/bannou/bannou-service/Generated/Clients/DocumentationClient.cs(323,109): warning CS1573: Parameter 'body' has no matching param tag in the XML comment for 'IDocumentationClient.DeleteDocumentationArchiveAsync(DeleteArchiveRequest, CancellationToken)' (but other parameters do) [/home/lysander/repos/bannou/Bannou.SDK/Bannou.SDK.csproj::TargetFramework=net9.0]
/home/lysander/repos/bannou/bannou-service/Generated/Clients/DocumentationClient.cs(327,22): warning CS1591: Missing XML comment for publicly visible type or member 'DocumentationClient' [/home/lysander/repos/bannou/Bannou.SDK/Bannou.SDK.csproj::TargetFramework=net9.0]
/home/lysander/repos/bannou/bannou-service/Generated/Clients/DocumentationClient.cs(347,12): warning CS1591: Missing XML comment for publicly visible type or member 'DocumentationClient.DocumentationClient(IMeshInvocationClient, IServiceAppMappingResolver, ILogger<DocumentationClient>?)' [/home/lysander/repos/bannou/Bannou.SDK/Bannou.SDK.csproj::TargetFramework=net9.0]
/home/lysander/repos/bannou/bannou-service/Generated/Clients/DocumentationClient.cs(355,54): warning CS1591: Missing XML comment for publicly visible type or member 'DocumentationClient.JsonSerializerSettings' [/home/lysander/repos/bannou/Bannou.SDK/Bannou.SDK.csproj::TargetFramework=net9.0]
/home/lysander/repos/bannou/bannou-service/Generated/Clients/DocumentationClient.cs(548,132): warning CS1573: Parameter 'body' has no matching param tag in the XML comment for 'DocumentationClient.QueryDocumentationAsync(QueryDocumentationRequest, CancellationToken)' (but other parameters do) [/home/lysander/repos/bannou/Bannou.SDK/Bannou.SDK.csproj::TargetFramework=net9.0]
/home/lysander/repos/bannou/bannou-service/Generated/Clients/DocumentationClient.cs(643,111): warning CS1573: Parameter 'body' has no matching param tag in the XML comment for 'DocumentationClient.GetDocumentAsync(GetDocumentRequest, CancellationToken)' (but other parameters do) [/home/lysander/repos/bannou/Bannou.SDK/Bannou.SDK.csproj::TargetFramework=net9.0]
/home/lysander/repos/bannou/bannou-service/Generated/Clients/DocumentationClient.cs(732,135): warning CS1573: Parameter 'body' has no matching param tag in the XML comment for 'DocumentationClient.SearchDocumentationAsync(SearchDocumentationRequest, CancellationToken)' (but other parameters do) [/home/lysander/repos/bannou/Bannou.SDK/Bannou.SDK.csproj::TargetFramework=net9.0]
/home/lysander/repos/bannou/bannou-service/Generated/Clients/DocumentationClient.cs(815,117): warning CS1573: Parameter 'body' has no matching param tag in the XML comment for 'DocumentationClient.ListDocumentsAsync(ListDocumentsRequest, CancellationToken)' (but other parameters do) [/home/lysander/repos/bannou/Bannou.SDK/Bannou.SDK.csproj::TargetFramework=net9.0]
/home/lysander/repos/bannou/bannou-service/Generated/Clients/DocumentationClient.cs(898,126): warning CS1573: Parameter 'body' has no matching param tag in the XML comment for 'DocumentationClient.SuggestRelatedTopicsAsync(SuggestRelatedRequest, CancellationToken)' (but other parameters do) [/home/lysander/repos/bannou/Bannou.SDK/Bannou.SDK.csproj::TargetFramework=net9.0]
/home/lysander/repos/bannou/bannou-service/Generated/Clients/DocumentationClient.cs(977,120): warning CS1573: Parameter 'body' has no matching param tag in the XML comment for 'DocumentationClient.CreateDocumentAsync(CreateDocumentRequest, CancellationToken)' (but other parameters do) [/home/lysander/repos/bannou/Bannou.SDK/Bannou.SDK.csproj::TargetFramework=net9.0]
/home/lysander/repos/bannou/bannou-service/Generated/Clients/DocumentationClient.cs(1062,120): warning CS1573: Parameter 'body' has no matching param tag in the XML comment for 'DocumentationClient.UpdateDocumentAsync(UpdateDocumentRequest, CancellationToken)' (but other parameters do) [/home/lysander/repos/bannou/Bannou.SDK/Bannou.SDK.csproj::TargetFramework=net9.0]
/home/lysander/repos/bannou/bannou-service/Generated/Clients/DocumentationClient.cs(1151,120): warning CS1573: Parameter 'body' has no matching param tag in the XML comment for 'DocumentationClient.DeleteDocumentAsync(DeleteDocumentRequest, CancellationToken)' (but other parameters do) [/home/lysander/repos/bannou/Bannou.SDK/Bannou.SDK.csproj::TargetFramework=net9.0]
/home/lysander/repos/bannou/bannou-service/Generated/Clients/DocumentationClient.cs(1240,123): warning CS1573: Parameter 'body' has no matching param tag in the XML comment for 'DocumentationClient.RecoverDocumentAsync(RecoverDocumentRequest, CancellationToken)' (but other parameters do) [/home/lysander/repos/bannou/Bannou.SDK/Bannou.SDK.csproj::TargetFramework=net9.0]
/home/lysander/repos/bannou/bannou-service/Generated/Clients/DocumentationClient.cs(1335,117): warning CS1573: Parameter 'body' has no matching param tag in the XML comment for 'DocumentationClient.BulkUpdateDocumentsAsync(BulkUpdateRequest, CancellationToken)' (but other parameters do) [/home/lysander/repos/bannou/Bannou.SDK/Bannou.SDK.csproj::TargetFramework=net9.0]
/home/lysander/repos/bannou/bannou-service/Generated/Clients/DocumentationClient.cs(1418,117): warning CS1573: Parameter 'body' has no matching param tag in the XML comment for 'DocumentationClient.BulkDeleteDocumentsAsync(BulkDeleteRequest, CancellationToken)' (but other parameters do) [/home/lysander/repos/bannou/Bannou.SDK/Bannou.SDK.csproj::TargetFramework=net9.0]
/home/lysander/repos/bannou/bannou-service/Generated/Clients/DocumentationClient.cs(1501,135): warning CS1573: Parameter 'body' has no matching param tag in the XML comment for 'DocumentationClient.ImportDocumentationAsync(ImportDocumentationRequest, CancellationToken)' (but other parameters do) [/home/lysander/repos/bannou/Bannou.SDK/Bannou.SDK.csproj::TargetFramework=net9.0]
/home/lysander/repos/bannou/bannou-service/Generated/Clients/DocumentationClient.cs(1584,114): warning CS1573: Parameter 'body' has no matching param tag in the XML comment for 'DocumentationClient.ListTrashcanAsync(ListTrashcanRequest, CancellationToken)' (but other parameters do) [/home/lysander/repos/bannou/Bannou.SDK/Bannou.SDK.csproj::TargetFramework=net9.0]
/home/lysander/repos/bannou/bannou-service/Generated/Clients/DocumentationClient.cs(1667,117): warning CS1573: Parameter 'body' has no matching param tag in the XML comment for 'DocumentationClient.PurgeTrashcanAsync(PurgeTrashcanRequest, CancellationToken)' (but other parameters do) [/home/lysander/repos/bannou/Bannou.SDK/Bannou.SDK.csproj::TargetFramework=net9.0]
/home/lysander/repos/bannou/bannou-service/Generated/Clients/DocumentationClient.cs(1750,126): warning CS1573: Parameter 'body' has no matching param tag in the XML comment for 'DocumentationClient.GetNamespaceStatsAsync(GetNamespaceStatsRequest, CancellationToken)' (but other parameters do) [/home/lysander/repos/bannou/Bannou.SDK/Bannou.SDK.csproj::TargetFramework=net9.0]
/home/lysander/repos/bannou/bannou-service/Generated/Clients/DocumentationClient.cs(1834,120): warning CS1573: Parameter 'body' has no matching param tag in the XML comment for 'DocumentationClient.BindRepositoryAsync(BindRepositoryRequest, CancellationToken)' (but other parameters do) [/home/lysander/repos/bannou/Bannou.SDK/Bannou.SDK.csproj::TargetFramework=net9.0]
/home/lysander/repos/bannou/bannou-service/Generated/Clients/DocumentationClient.cs(1929,126): warning CS1573: Parameter 'body' has no matching param tag in the XML comment for 'DocumentationClient.UnbindRepositoryAsync(UnbindRepositoryRequest, CancellationToken)' (but other parameters do) [/home/lysander/repos/bannou/Bannou.SDK/Bannou.SDK.csproj::TargetFramework=net9.0]
/home/lysander/repos/bannou/bannou-service/Generated/Clients/DocumentationClient.cs(2018,120): warning CS1573: Parameter 'body' has no matching param tag in the XML comment for 'DocumentationClient.SyncRepositoryAsync(SyncRepositoryRequest, CancellationToken)' (but other parameters do) [/home/lysander/repos/bannou/Bannou.SDK/Bannou.SDK.csproj::TargetFramework=net9.0]
/home/lysander/repos/bannou/bannou-service/Generated/Clients/DocumentationClient.cs(2112,129): warning CS1573: Parameter 'body' has no matching param tag in the XML comment for 'DocumentationClient.GetRepositoryStatusAsync(RepositoryStatusRequest, CancellationToken)' (but other parameters do) [/home/lysander/repos/bannou/Bannou.SDK/Bannou.SDK.csproj::TargetFramework=net9.0]
/home/lysander/repos/bannou/bannou-service/Generated/Clients/DocumentationClient.cs(2200,144): warning CS1573: Parameter 'body' has no matching param tag in the XML comment for 'DocumentationClient.ListRepositoryBindingsAsync(ListRepositoryBindingsRequest, CancellationToken)' (but other parameters do) [/home/lysander/repos/bannou/Bannou.SDK/Bannou.SDK.csproj::TargetFramework=net9.0]
/home/lysander/repos/bannou/bannou-service/Generated/Clients/DocumentationClient.cs(2282,147): warning CS1573: Parameter 'body' has no matching param tag in the XML comment for 'DocumentationClient.UpdateRepositoryBindingAsync(UpdateRepositoryBindingRequest, CancellationToken)' (but other parameters do) [/home/lysander/repos/bannou/Bannou.SDK/Bannou.SDK.csproj::TargetFramework=net9.0]
/home/lysander/repos/bannou/bannou-service/Generated/Clients/DocumentationClient.cs(2371,130): warning CS1573: Parameter 'body' has no matching param tag in the XML comment for 'DocumentationClient.CreateDocumentationArchiveAsync(CreateArchiveRequest, CancellationToken)' (but other parameters do) [/home/lysander/repos/bannou/Bannou.SDK/Bannou.SDK.csproj::TargetFramework=net9.0]
/home/lysander/repos/bannou/bannou-service/Generated/Clients/DocumentationClient.cs(2459,127): warning CS1573: Parameter 'body' has no matching param tag in the XML comment for 'DocumentationClient.ListDocumentationArchivesAsync(ListArchivesRequest, CancellationToken)' (but other parameters do) [/home/lysander/repos/bannou/Bannou.SDK/Bannou.SDK.csproj::TargetFramework=net9.0]
/home/lysander/repos/bannou/bannou-service/Generated/Clients/DocumentationClient.cs(2542,133): warning CS1573: Parameter 'body' has no matching param tag in the XML comment for 'DocumentationClient.RestoreDocumentationArchiveAsync(RestoreArchiveRequest, CancellationToken)' (but other parameters do) [/home/lysander/repos/bannou/Bannou.SDK/Bannou.SDK.csproj::TargetFramework=net9.0]
/home/lysander/repos/bannou/bannou-service/Generated/Clients/DocumentationClient.cs(2630,130): warning CS1573: Parameter 'body' has no matching param tag in the XML comment for 'DocumentationClient.DeleteDocumentationArchiveAsync(DeleteArchiveRequest, CancellationToken)' (but other parameters do) [/home/lysander/repos/bannou/Bannou.SDK/Bannou.SDK.csproj::TargetFramework=net9.0]
/home/lysander/repos/bannou/bannou-service/Generated/Clients/DocumentationClient.cs(2709,22): warning CS1591: Missing XML comment for publicly visible type or member 'DocumentationClient.ObjectResponseResult<T>' [/home/lysander/repos/bannou/Bannou.SDK/Bannou.SDK.csproj::TargetFramework=net9.0]
/home/lysander/repos/bannou/bannou-service/Generated/Clients/DocumentationClient.cs(2711,16): warning CS1591: Missing XML comment for publicly visible type or member 'DocumentationClient.ObjectResponseResult<T>.ObjectResponseResult(T, string)' [/home/lysander/repos/bannou/Bannou.SDK/Bannou.SDK.csproj::TargetFramework=net9.0]
/home/lysander/repos/bannou/bannou-service/Generated/Clients/DocumentationClient.cs(2717,18): warning CS1591: Missing XML comment for publicly visible type or member 'DocumentationClient.ObjectResponseResult<T>.Object' [/home/lysander/repos/bannou/Bannou.SDK/Bannou.SDK.csproj::TargetFramework=net9.0]
/home/lysander/repos/bannou/bannou-service/Generated/Clients/DocumentationClient.cs(2719,23): warning CS1591: Missing XML comment for publicly visible type or member 'DocumentationClient.ObjectResponseResult<T>.Text' [/home/lysander/repos/bannou/Bannou.SDK/Bannou.SDK.csproj::TargetFramework=net9.0]
/home/lysander/repos/bannou/bannou-service/Generated/Clients/DocumentationClient.cs(2742,17): warning CS1591: Missing XML comment for publicly visible type or member 'DocumentationClient.ReadResponseAsString' [/home/lysander/repos/bannou/Bannou.SDK/Bannou.SDK.csproj::TargetFramework=net9.0]
/home/lysander/repos/bannou/bannou-service/Generated/Clients/DocumentationClient.cs(2744,86): warning CS1591: Missing XML comment for publicly visible type or member 'DocumentationClient.ReadObjectResponseAsync<T>(HttpResponseMessage, IReadOnlyDictionary<string, IEnumerable<string>>, CancellationToken)' [/home/lysander/repos/bannou/Bannou.SDK/Bannou.SDK.csproj::TargetFramework=net9.0]
/home/lysander/repos/bannou/bannou-service/Generated/Models/DocumentationModels.cs(25,5): warning CS1591: Missing XML comment for publicly visible type or member 'DocumentCategory.GettingStarted' [/home/lysander/repos/bannou/Bannou.SDK/Bannou.SDK.csproj::TargetFramework=net9.0]
/home/lysander/repos/bannou/bannou-service/Generated/Models/DocumentationModels.cs(28,5): warning CS1591: Missing XML comment for publicly visible type or member 'DocumentCategory.ApiReference' [/home/lysander/repos/bannou/Bannou.SDK/Bannou.SDK.csproj::TargetFramework=net9.0]
/home/lysander/repos/bannou/bannou-service/Generated/Models/DocumentationModels.cs(31,5): warning CS1591: Missing XML comment for publicly visible type or member 'DocumentCategory.Architecture' [/home/lysander/repos/bannou/Bannou.SDK/Bannou.SDK.csproj::TargetFramework=net9.0]
/home/lysander/repos/bannou/bannou-service/Generated/Models/DocumentationModels.cs(34,5): warning CS1591: Missing XML comment for publicly visible type or member 'DocumentCategory.Deployment' [/home/lysander/repos/bannou/Bannou.SDK/Bannou.SDK.csproj::TargetFramework=net9.0]
/home/lysander/repos/bannou/bannou-service/Generated/Models/DocumentationModels.cs(37,5): warning CS1591: Missing XML comment for publicly visible type or member 'DocumentCategory.Troubleshooting' [/home/lysander/repos/bannou/Bannou.SDK/Bannou.SDK.csproj::TargetFramework=net9.0]
/home/lysander/repos/bannou/bannou-service/Generated/Models/DocumentationModels.cs(40,5): warning CS1591: Missing XML comment for publicly visible type or member 'DocumentCategory.Tutorials' [/home/lysander/repos/bannou/Bannou.SDK/Bannou.SDK.csproj::TargetFramework=net9.0]
/home/lysander/repos/bannou/bannou-service/Generated/Models/DocumentationModels.cs(43,5): warning CS1591: Missing XML comment for publicly visible type or member 'DocumentCategory.GameSystems' [/home/lysander/repos/bannou/Bannou.SDK/Bannou.SDK.csproj::TargetFramework=net9.0]
/home/lysander/repos/bannou/bannou-service/Generated/Models/DocumentationModels.cs(46,5): warning CS1591: Missing XML comment for publicly visible type or member 'DocumentCategory.WorldLore' [/home/lysander/repos/bannou/Bannou.SDK/Bannou.SDK.csproj::TargetFramework=net9.0]
/home/lysander/repos/bannou/bannou-service/Generated/Models/DocumentationModels.cs(49,5): warning CS1591: Missing XML comment for publicly visible type or member 'DocumentCategory.NpcAi' [/home/lysander/repos/bannou/Bannou.SDK/Bannou.SDK.csproj::TargetFramework=net9.0]
/home/lysander/repos/bannou/bannou-service/Generated/Models/DocumentationModels.cs(52,5): warning CS1591: Missing XML comment for publicly visible type or member 'DocumentCategory.Other' [/home/lysander/repos/bannou/Bannou.SDK/Bannou.SDK.csproj::TargetFramework=net9.0]
/home/lysander/repos/bannou/bannou-service/Generated/Models/DocumentationModels.cs(68,5): warning CS1591: Missing XML comment for publicly visible type or member 'RelatedDepth.None' [/home/lysander/repos/bannou/Bannou.SDK/Bannou.SDK.csproj::TargetFramework=net9.0]
/home/lysander/repos/bannou/bannou-service/Generated/Models/DocumentationModels.cs(71,5): warning CS1591: Missing XML comment for publicly visible type or member 'RelatedDepth.Direct' [/home/lysander/repos/bannou/Bannou.SDK/Bannou.SDK.csproj::TargetFramework=net9.0]
/home/lysander/repos/bannou/bannou-service/Generated/Models/DocumentationModels.cs(74,5): warning CS1591: Missing XML comment for publicly visible type or member 'RelatedDepth.Extended' [/home/lysander/repos/bannou/Bannou.SDK/Bannou.SDK.csproj::TargetFramework=net9.0]
/home/lysander/repos/bannou/bannou-service/Generated/Models/DocumentationModels.cs(79,13): warning CS1591: Missing XML comment for publicly visible type or member 'SearchField' [/home/lysander/repos/bannou/Bannou.SDK/Bannou.SDK.csproj::TargetFramework=net9.0]
/home/lysander/repos/bannou/bannou-service/Generated/Models/DocumentationModels.cs(83,5): warning CS1591: Missing XML comment for publicly visible type or member 'SearchField.Title' [/home/lysander/repos/bannou/Bannou.SDK/Bannou.SDK.csproj::TargetFramework=net9.0]
/home/lysander/repos/bannou/bannou-service/Generated/Models/DocumentationModels.cs(86,5): warning CS1591: Missing XML comment for publicly visible type or member 'SearchField.Content' [/home/lysander/repos/bannou/Bannou.SDK/Bannou.SDK.csproj::TargetFramework=net9.0]
/home/lysander/repos/bannou/bannou-service/Generated/Models/DocumentationModels.cs(89,5): warning CS1591: Missing XML comment for publicly visible type or member 'SearchField.Tags' [/home/lysander/repos/bannou/Bannou.SDK/Bannou.SDK.csproj::TargetFramework=net9.0]
/home/lysander/repos/bannou/bannou-service/Generated/Models/DocumentationModels.cs(92,5): warning CS1591: Missing XML comment for publicly visible type or member 'SearchField.Summary' [/home/lysander/repos/bannou/Bannou.SDK/Bannou.SDK.csproj::TargetFramework=net9.0]
/home/lysander/repos/bannou/bannou-service/Generated/Models/DocumentationModels.cs(97,13): warning CS1591: Missing XML comment for publicly visible type or member 'ListSortField' [/home/lysander/repos/bannou/Bannou.SDK/Bannou.SDK.csproj::TargetFramework=net9.0]
/home/lysander/repos/bannou/bannou-service/Generated/Models/DocumentationModels.cs(101,5): warning CS1591: Missing XML comment for publicly visible type or member 'ListSortField.Created_at' [/home/lysander/repos/bannou/Bannou.SDK/Bannou.SDK.csproj::TargetFramework=net9.0]
/home/lysander/repos/bannou/bannou-service/Generated/Models/DocumentationModels.cs(104,5): warning CS1591: Missing XML comment for publicly visible type or member 'ListSortField.Updated_at' [/home/lysander/repos/bannou/Bannou.SDK/Bannou.SDK.csproj::TargetFramework=net9.0]
/home/lysander/repos/bannou/bannou-service/Generated/Models/DocumentationModels.cs(107,5): warning CS1591: Missing XML comment for publicly visible type or member 'ListSortField.Title' [/home/lysander/repos/bannou/Bannou.SDK/Bannou.SDK.csproj::TargetFramework=net9.0]
/home/lysander/repos/bannou/bannou-service/Generated/Models/DocumentationModels.cs(112,13): warning CS1591: Missing XML comment for publicly visible type or member 'SuggestionSource' [/home/lysander/repos/bannou/Bannou.SDK/Bannou.SDK.csproj::TargetFramework=net9.0]
/home/lysander/repos/bannou/bannou-service/Generated/Models/DocumentationModels.cs(116,5): warning CS1591: Missing XML comment for publicly visible type or member 'SuggestionSource.Document_id' [/home/lysander/repos/bannou/Bannou.SDK/Bannou.SDK.csproj::TargetFramework=net9.0]
/home/lysander/repos/bannou/bannou-service/Generated/Models/DocumentationModels.cs(119,5): warning CS1591: Missing XML comment for publicly visible type or member 'SuggestionSource.Slug' [/home/lysander/repos/bannou/Bannou.SDK/Bannou.SDK.csproj::TargetFramework=net9.0]
/home/lysander/repos/bannou/bannou-service/Generated/Models/DocumentationModels.cs(122,5): warning CS1591: Missing XML comment for publicly visible type or member 'SuggestionSource.Topic' [/home/lysander/repos/bannou/Bannou.SDK/Bannou.SDK.csproj::TargetFramework=net9.0]
/home/lysander/repos/bannou/bannou-service/Generated/Models/DocumentationModels.cs(125,5): warning CS1591: Missing XML comment for publicly visible type or member 'SuggestionSource.Category' [/home/lysander/repos/bannou/Bannou.SDK/Bannou.SDK.csproj::TargetFramework=net9.0]
/home/lysander/repos/bannou/bannou-service/Generated/Models/DocumentationModels.cs(130,22): warning CS1591: Missing XML comment for publicly visible type or member 'QueryDocumentationRequest' [/home/lysander/repos/bannou/Bannou.SDK/Bannou.SDK.csproj::TargetFramework=net9.0]
/home/lysander/repos/bannou/bannou-service/Generated/Models/DocumentationModels.cs(160,29): warning CS1591: Missing XML comment for publicly visible type or member 'QueryDocumentationRequest.Category' [/home/lysander/repos/bannou/Bannou.SDK/Bannou.SDK.csproj::TargetFramework=net9.0]
/home/lysander/repos/bannou/bannou-service/Generated/Models/DocumentationModels.cs(164,16): warning CS1591: Missing XML comment for publicly visible type or member 'QueryDocumentationRequest.MaxResults' [/home/lysander/repos/bannou/Bannou.SDK/Bannou.SDK.csproj::TargetFramework=net9.0]
/home/lysander/repos/bannou/bannou-service/Generated/Models/DocumentationModels.cs(167,17): warning CS1591: Missing XML comment for publicly visible type or member 'QueryDocumentationRequest.IncludeContent' [/home/lysander/repos/bannou/Bannou.SDK/Bannou.SDK.csproj::TargetFramework=net9.0]
/home/lysander/repos/bannou/bannou-service/Generated/Models/DocumentationModels.cs(171,16): warning CS1591: Missing XML comment for publicly visible type or member 'QueryDocumentationRequest.MaxSummaryLength' [/home/lysander/repos/bannou/Bannou.SDK/Bannou.SDK.csproj::TargetFramework=net9.0]
/home/lysander/repos/bannou/bannou-service/Generated/Models/DocumentationModels.cs(175,18): warning CS1591: Missing XML comment for publicly visible type or member 'QueryDocumentationRequest.MinRelevanceScore' [/home/lysander/repos/bannou/Bannou.SDK/Bannou.SDK.csproj::TargetFramework=net9.0]
/home/lysander/repos/bannou/bannou-service/Generated/Models/DocumentationModels.cs(180,68): warning CS1591: Missing XML comment for publicly visible type or member 'QueryDocumentationRequest.AdditionalProperties' [/home/lysander/repos/bannou/Bannou.SDK/Bannou.SDK.csproj::TargetFramework=net9.0]
/home/lysander/repos/bannou/bannou-service/Generated/Models/DocumentationModels.cs(189,22): warning CS1591: Missing XML comment for publicly visible type or member 'QueryDocumentationResponse' [/home/lysander/repos/bannou/Bannou.SDK/Bannou.SDK.csproj::TargetFramework=net9.0]
/home/lysander/repos/bannou/bannou-service/Generated/Models/DocumentationModels.cs(195,19): warning CS1591: Missing XML comment for publicly visible type or member 'QueryDocumentationResponse.Namespace' [/home/lysander/repos/bannou/Bannou.SDK/Bannou.SDK.csproj::TargetFramework=net9.0]
/home/lysander/repos/bannou/bannou-service/Generated/Models/DocumentationModels.cs(200,19): warning CS1591: Missing XML comment for publicly visible type or member 'QueryDocumentationResponse.Query' [/home/lysander/repos/bannou/Bannou.SDK/Bannou.SDK.csproj::TargetFramework=net9.0]
/home/lysander/repos/bannou/bannou-service/Generated/Models/DocumentationModels.cs(205,67): warning CS1591: Missing XML comment for publicly visible type or member 'QueryDocumentationResponse.Results' [/home/lysander/repos/bannou/Bannou.SDK/Bannou.SDK.csproj::TargetFramework=net9.0]
/home/lysander/repos/bannou/bannou-service/Generated/Models/DocumentationModels.cs(208,16): warning CS1591: Missing XML comment for publicly visible type or member 'QueryDocumentationResponse.TotalResults' [/home/lysander/repos/bannou/Bannou.SDK/Bannou.SDK.csproj::TargetFramework=net9.0]
/home/lysander/repos/bannou/bannou-service/Generated/Models/DocumentationModels.cs(217,59): warning CS1591: Missing XML comment for publicly visible type or member 'QueryDocumentationResponse.SuggestedFollowups' [/home/lysander/repos/bannou/Bannou.SDK/Bannou.SDK.csproj::TargetFramework=net9.0]
/home/lysander/repos/bannou/bannou-service/Generated/Models/DocumentationModels.cs(220,19): warning CS1591: Missing XML comment for publicly visible type or member 'QueryDocumentationResponse.NoResultsMessage' [/home/lysander/repos/bannou/Bannou.SDK/Bannou.SDK.csproj::TargetFramework=net9.0]
/home/lysander/repos/bannou/bannou-service/Generated/Models/DocumentationModels.cs(225,68): warning CS1591: Missing XML comment for publicly visible type or member 'QueryDocumentationResponse.AdditionalProperties' [/home/lysander/repos/bannou/Bannou.SDK/Bannou.SDK.csproj::TargetFramework=net9.0]
/home/lysander/repos/bannou/bannou-service/Generated/Models/DocumentationModels.cs(234,22): warning CS1591: Missing XML comment for publicly visible type or member 'GetDocumentRequest' [/home/lysander/repos/bannou/Bannou.SDK/Bannou.SDK.csproj::TargetFramework=net9.0]
/home/lysander/repos/bannou/bannou-service/Generated/Models/DocumentationModels.cs(242,19): warning CS1591: Missing XML comment for publicly visible type or member 'GetDocumentRequest.Namespace' [/home/lysander/repos/bannou/Bannou.SDK/Bannou.SDK.csproj::TargetFramework=net9.0]
/home/lysander/repos/bannou/bannou-service/Generated/Models/DocumentationModels.cs(245,24): warning CS1591: Missing XML comment for publicly visible type or member 'GetDocumentRequest.DocumentId' [/home/lysander/repos/bannou/Bannou.SDK/Bannou.SDK.csproj::TargetFramework=net9.0]
/home/lysander/repos/bannou/bannou-service/Generated/Models/DocumentationModels.cs(249,19): warning CS1591: Missing XML comment for publicly visible type or member 'GetDocumentRequest.Slug' [/home/lysander/repos/bannou/Bannou.SDK/Bannou.SDK.csproj::TargetFramework=net9.0]
/home/lysander/repos/bannou/bannou-service/Generated/Models/DocumentationModels.cs(252,24): warning CS1591: Missing XML comment for publicly visible type or member 'GetDocumentRequest.SessionId' [/home/lysander/repos/bannou/Bannou.SDK/Bannou.SDK.csproj::TargetFramework=net9.0]
/home/lysander/repos/bannou/bannou-service/Generated/Models/DocumentationModels.cs(256,25): warning CS1591: Missing XML comment for publicly visible type or member 'GetDocumentRequest.IncludeRelated' [/home/lysander/repos/bannou/Bannou.SDK/Bannou.SDK.csproj::TargetFramework=net9.0]
/home/lysander/repos/bannou/bannou-service/Generated/Models/DocumentationModels.cs(259,17): warning CS1591: Missing XML comment for publicly visible type or member 'GetDocumentRequest.IncludeContent' [/home/lysander/repos/bannou/Bannou.SDK/Bannou.SDK.csproj::TargetFramework=net9.0]
/home/lysander/repos/bannou/bannou-service/Generated/Models/DocumentationModels.cs(262,17): warning CS1591: Missing XML comment for publicly visible type or member 'GetDocumentRequest.RenderHtml' [/home/lysander/repos/bannou/Bannou.SDK/Bannou.SDK.csproj::TargetFramework=net9.0]
/home/lysander/repos/bannou/bannou-service/Generated/Models/DocumentationModels.cs(267,68): warning CS1591: Missing XML comment for publicly visible type or member 'GetDocumentRequest.AdditionalProperties' [/home/lysander/repos/bannou/Bannou.SDK/Bannou.SDK.csproj::TargetFramework=net9.0]
/home/lysander/repos/bannou/bannou-service/Generated/Models/DocumentationModels.cs(276,22): warning CS1591: Missing XML comment for publicly visible type or member 'GetDocumentResponse' [/home/lysander/repos/bannou/Bannou.SDK/Bannou.SDK.csproj::TargetFramework=net9.0]
/home/lysander/repos/bannou/bannou-service/Generated/Models/DocumentationModels.cs(282,21): warning CS1591: Missing XML comment for publicly visible type or member 'GetDocumentResponse.Document' [/home/lysander/repos/bannou/Bannou.SDK/Bannou.SDK.csproj::TargetFramework=net9.0]
/home/lysander/repos/bannou/bannou-service/Generated/Models/DocumentationModels.cs(285,68): warning CS1591: Missing XML comment for publicly visible type or member 'GetDocumentResponse.RelatedDocuments' [/home/lysander/repos/bannou/Bannou.SDK/Bannou.SDK.csproj::TargetFramework=net9.0]
/home/lysander/repos/bannou/bannou-service/Generated/Models/DocumentationModels.cs(289,45): warning CS1591: Missing XML comment for publicly visible type or member 'GetDocumentResponse.ContentFormat' [/home/lysander/repos/bannou/Bannou.SDK/Bannou.SDK.csproj::TargetFramework=net9.0]
/home/lysander/repos/bannou/bannou-service/Generated/Models/DocumentationModels.cs(294,68): warning CS1591: Missing XML comment for publicly visible type or member 'GetDocumentResponse.AdditionalProperties' [/home/lysander/repos/bannou/Bannou.SDK/Bannou.SDK.csproj::TargetFramework=net9.0]
/home/lysander/repos/bannou/bannou-service/Generated/Models/DocumentationModels.cs(303,22): warning CS1591: Missing XML comment for publicly visible type or member 'SearchDocumentationRequest' [/home/lysander/repos/bannou/Bannou.SDK/Bannou.SDK.csproj::TargetFramework=net9.0]
/home/lysander/repos/bannou/bannou-service/Generated/Models/DocumentationModels.cs(311,19): warning CS1591: Missing XML comment for publicly visible type or member 'SearchDocumentationRequest.Namespace' [/home/lysander/repos/bannou/Bannou.SDK/Bannou.SDK.csproj::TargetFramework=net9.0]
/home/lysander/repos/bannou/bannou-service/Generated/Models/DocumentationModels.cs(317,19): warning CS1591: Missing XML comment for publicly visible type or member 'SearchDocumentationRequest.SearchTerm' [/home/lysander/repos/bannou/Bannou.SDK/Bannou.SDK.csproj::TargetFramework=net9.0]
/home/lysander/repos/bannou/bannou-service/Generated/Models/DocumentationModels.cs(320,24): warning CS1591: Missing XML comment for publicly visible type or member 'SearchDocumentationRequest.SessionId' [/home/lysander/repos/bannou/Bannou.SDK/Bannou.SDK.csproj::TargetFramework=net9.0]
/home/lysander/repos/bannou/bannou-service/Generated/Models/DocumentationModels.cs(324,29): warning CS1591: Missing XML comment for publicly visible type or member 'SearchDocumentationRequest.Category' [/home/lysander/repos/bannou/Bannou.SDK/Bannou.SDK.csproj::TargetFramework=net9.0]
/home/lysander/repos/bannou/bannou-service/Generated/Models/DocumentationModels.cs(328,16): warning CS1591: Missing XML comment for publicly visible type or member 'SearchDocumentationRequest.MaxResults' [/home/lysander/repos/bannou/Bannou.SDK/Bannou.SDK.csproj::TargetFramework=net9.0]
/home/lysander/repos/bannou/bannou-service/Generated/Models/DocumentationModels.cs(332,64): warning CS1591: Missing XML comment for publicly visible type or member 'SearchDocumentationRequest.SearchIn' [/home/lysander/repos/bannou/Bannou.SDK/Bannou.SDK.csproj::TargetFramework=net9.0]
/home/lysander/repos/bannou/bannou-service/Generated/Models/DocumentationModels.cs(336,45): warning CS1591: Missing XML comment for publicly visible type or member 'SearchDocumentationRequest.SortBy' [/home/lysander/repos/bannou/Bannou.SDK/Bannou.SDK.csproj::TargetFramework=net9.0]
/home/lysander/repos/bannou/bannou-service/Generated/Models/DocumentationModels.cs(339,17): warning CS1591: Missing XML comment for publicly visible type or member 'SearchDocumentationRequest.IncludeContent' [/home/lysander/repos/bannou/Bannou.SDK/Bannou.SDK.csproj::TargetFramework=net9.0]
/home/lysander/repos/bannou/bannou-service/Generated/Models/DocumentationModels.cs(344,68): warning CS1591: Missing XML comment for publicly visible type or member 'SearchDocumentationRequest.AdditionalProperties' [/home/lysander/repos/bannou/Bannou.SDK/Bannou.SDK.csproj::TargetFramework=net9.0]
/home/lysander/repos/bannou/bannou-service/Generated/Models/DocumentationModels.cs(353,22): warning CS1591: Missing XML comment for publicly visible type or member 'SearchDocumentationResponse' [/home/lysander/repos/bannou/Bannou.SDK/Bannou.SDK.csproj::TargetFramework=net9.0]
/home/lysander/repos/bannou/bannou-service/Generated/Models/DocumentationModels.cs(359,19): warning CS1591: Missing XML comment for publicly visible type or member 'SearchDocumentationResponse.Namespace' [/home/lysander/repos/bannou/Bannou.SDK/Bannou.SDK.csproj::TargetFramework=net9.0]
/home/lysander/repos/bannou/bannou-service/Generated/Models/DocumentationModels.cs(364,67): warning CS1591: Missing XML comment for publicly visible type or member 'SearchDocumentationResponse.Results' [/home/lysander/repos/bannou/Bannou.SDK/Bannou.SDK.csproj::TargetFramework=net9.0]
/home/lysander/repos/bannou/bannou-service/Generated/Models/DocumentationModels.cs(367,16): warning CS1591: Missing XML comment for publicly visible type or member 'SearchDocumentationResponse.TotalResults' [/home/lysander/repos/bannou/Bannou.SDK/Bannou.SDK.csproj::TargetFramework=net9.0]
/home/lysander/repos/bannou/bannou-service/Generated/Models/DocumentationModels.cs(370,19): warning CS1591: Missing XML comment for publicly visible type or member 'SearchDocumentationResponse.SearchTerm' [/home/lysander/repos/bannou/Bannou.SDK/Bannou.SDK.csproj::TargetFramework=net9.0]
/home/lysander/repos/bannou/bannou-service/Generated/Models/DocumentationModels.cs(375,68): warning CS1591: Missing XML comment for publicly visible type or member 'SearchDocumentationResponse.AdditionalProperties' [/home/lysander/repos/bannou/Bannou.SDK/Bannou.SDK.csproj::TargetFramework=net9.0]
/home/lysander/repos/bannou/bannou-service/Generated/Models/DocumentationModels.cs(384,22): warning CS1591: Missing XML comment for publicly visible type or member 'ListDocumentsRequest' [/home/lysander/repos/bannou/Bannou.SDK/Bannou.SDK.csproj::TargetFramework=net9.0]
/home/lysander/repos/bannou/bannou-service/Generated/Models/DocumentationModels.cs(392,19): warning CS1591: Missing XML comment for publicly visible type or member 'ListDocumentsRequest.Namespace' [/home/lysander/repos/bannou/Bannou.SDK/Bannou.SDK.csproj::TargetFramework=net9.0]
/home/lysander/repos/bannou/bannou-service/Generated/Models/DocumentationModels.cs(396,29): warning CS1591: Missing XML comment for publicly visible type or member 'ListDocumentsRequest.Category' [/home/lysander/repos/bannou/Bannou.SDK/Bannou.SDK.csproj::TargetFramework=net9.0]
/home/lysander/repos/bannou/bannou-service/Generated/Models/DocumentationModels.cs(399,59): warning CS1591: Missing XML comment for publicly visible type or member 'ListDocumentsRequest.Tags' [/home/lysander/repos/bannou/Bannou.SDK/Bannou.SDK.csproj::TargetFramework=net9.0]
/home/lysander/repos/bannou/bannou-service/Generated/Models/DocumentationModels.cs(403,42): warning CS1591: Missing XML comment for publicly visible type or member 'ListDocumentsRequest.TagsMatch' [/home/lysander/repos/bannou/Bannou.SDK/Bannou.SDK.csproj::TargetFramework=net9.0]
/home/lysander/repos/bannou/bannou-service/Generated/Models/DocumentationModels.cs(406,34): warning CS1591: Missing XML comment for publicly visible type or member 'ListDocumentsRequest.CreatedAfter' [/home/lysander/repos/bannou/Bannou.SDK/Bannou.SDK.csproj::TargetFramework=net9.0]
/home/lysander/repos/bannou/bannou-service/Generated/Models/DocumentationModels.cs(409,34): warning CS1591: Missing XML comment for publicly visible type or member 'ListDocumentsRequest.CreatedBefore' [/home/lysander/repos/bannou/Bannou.SDK/Bannou.SDK.csproj::TargetFramework=net9.0]
/home/lysander/repos/bannou/bannou-service/Generated/Models/DocumentationModels.cs(412,34): warning CS1591: Missing XML comment for publicly visible type or member 'ListDocumentsRequest.UpdatedAfter' [/home/lysander/repos/bannou/Bannou.SDK/Bannou.SDK.csproj::TargetFramework=net9.0]
/home/lysander/repos/bannou/bannou-service/Generated/Models/DocumentationModels.cs(415,34): warning CS1591: Missing XML comment for publicly visible type or member 'ListDocumentsRequest.UpdatedBefore' [/home/lysander/repos/bannou/Bannou.SDK/Bannou.SDK.csproj::TargetFramework=net9.0]
/home/lysander/repos/bannou/bannou-service/Generated/Models/DocumentationModels.cs(418,17): warning CS1591: Missing XML comment for publicly visible type or member 'ListDocumentsRequest.TitlesOnly' [/home/lysander/repos/bannou/Bannou.SDK/Bannou.SDK.csproj::TargetFramework=net9.0]
/home/lysander/repos/bannou/bannou-service/Generated/Models/DocumentationModels.cs(422,16): warning CS1591: Missing XML comment for publicly visible type or member 'ListDocumentsRequest.Page' [/home/lysander/repos/bannou/Bannou.SDK/Bannou.SDK.csproj::TargetFramework=net9.0]
/home/lysander/repos/bannou/bannou-service/Generated/Models/DocumentationModels.cs(426,16): warning CS1591: Missing XML comment for publicly visible type or member 'ListDocumentsRequest.PageSize' [/home/lysander/repos/bannou/Bannou.SDK/Bannou.SDK.csproj::TargetFramework=net9.0]
/home/lysander/repos/bannou/bannou-service/Generated/Models/DocumentationModels.cs(430,26): warning CS1591: Missing XML comment for publicly visible type or member 'ListDocumentsRequest.SortBy' [/home/lysander/repos/bannou/Bannou.SDK/Bannou.SDK.csproj::TargetFramework=net9.0]
/home/lysander/repos/bannou/bannou-service/Generated/Models/DocumentationModels.cs(434,42): warning CS1591: Missing XML comment for publicly visible type or member 'ListDocumentsRequest.SortOrder' [/home/lysander/repos/bannou/Bannou.SDK/Bannou.SDK.csproj::TargetFramework=net9.0]
/home/lysander/repos/bannou/bannou-service/Generated/Models/DocumentationModels.cs(439,68): warning CS1591: Missing XML comment for publicly visible type or member 'ListDocumentsRequest.AdditionalProperties' [/home/lysander/repos/bannou/Bannou.SDK/Bannou.SDK.csproj::TargetFramework=net9.0]
/home/lysander/repos/bannou/bannou-service/Generated/Models/DocumentationModels.cs(448,22): warning CS1591: Missing XML comment for publicly visible type or member 'ListDocumentsResponse' [/home/lysander/repos/bannou/Bannou.SDK/Bannou.SDK.csproj::TargetFramework=net9.0]
/home/lysander/repos/bannou/bannou-service/Generated/Models/DocumentationModels.cs(454,19): warning CS1591: Missing XML comment for publicly visible type or member 'ListDocumentsResponse.Namespace' [/home/lysander/repos/bannou/Bannou.SDK/Bannou.SDK.csproj::TargetFramework=net9.0]
/home/lysander/repos/bannou/bannou-service/Generated/Models/DocumentationModels.cs(459,68): warning CS1591: Missing XML comment for publicly visible type or member 'ListDocumentsResponse.Documents' [/home/lysander/repos/bannou/Bannou.SDK/Bannou.SDK.csproj::TargetFramework=net9.0]
/home/lysander/repos/bannou/bannou-service/Generated/Models/DocumentationModels.cs(462,16): warning CS1591: Missing XML comment for publicly visible type or member 'ListDocumentsResponse.TotalCount' [/home/lysander/repos/bannou/Bannou.SDK/Bannou.SDK.csproj::TargetFramework=net9.0]
/home/lysander/repos/bannou/bannou-service/Generated/Models/DocumentationModels.cs(465,16): warning CS1591: Missing XML comment for publicly visible type or member 'ListDocumentsResponse.Page' [/home/lysander/repos/bannou/Bannou.SDK/Bannou.SDK.csproj::TargetFramework=net9.0]
/home/lysander/repos/bannou/bannou-service/Generated/Models/DocumentationModels.cs(468,16): warning CS1591: Missing XML comment for publicly visible type or member 'ListDocumentsResponse.PageSize' [/home/lysander/repos/bannou/Bannou.SDK/Bannou.SDK.csproj::TargetFramework=net9.0]
/home/lysander/repos/bannou/bannou-service/Generated/Models/DocumentationModels.cs(471,16): warning CS1591: Missing XML comment for publicly visible type or member 'ListDocumentsResponse.TotalPages' [/home/lysander/repos/bannou/Bannou.SDK/Bannou.SDK.csproj::TargetFramework=net9.0]
/home/lysander/repos/bannou/bannou-service/Generated/Models/DocumentationModels.cs(476,68): warning CS1591: Missing XML comment for publicly visible type or member 'ListDocumentsResponse.AdditionalProperties' [/home/lysander/repos/bannou/Bannou.SDK/Bannou.SDK.csproj::TargetFramework=net9.0]
/home/lysander/repos/bannou/bannou-service/Generated/Models/DocumentationModels.cs(485,22): warning CS1591: Missing XML comment for publicly visible type or member 'SuggestRelatedRequest' [/home/lysander/repos/bannou/Bannou.SDK/Bannou.SDK.csproj::TargetFramework=net9.0]
/home/lysander/repos/bannou/bannou-service/Generated/Models/DocumentationModels.cs(493,19): warning CS1591: Missing XML comment for publicly visible type or member 'SuggestRelatedRequest.Namespace' [/home/lysander/repos/bannou/Bannou.SDK/Bannou.SDK.csproj::TargetFramework=net9.0]
/home/lysander/repos/bannou/bannou-service/Generated/Models/DocumentationModels.cs(499,29): warning CS1591: Missing XML comment for publicly visible type or member 'SuggestRelatedRequest.SuggestionSource' [/home/lysander/repos/bannou/Bannou.SDK/Bannou.SDK.csproj::TargetFramework=net9.0]
/home/lysander/repos/bannou/bannou-service/Generated/Models/DocumentationModels.cs(502,19): warning CS1591: Missing XML comment for publicly visible type or member 'SuggestRelatedRequest.SourceValue' [/home/lysander/repos/bannou/Bannou.SDK/Bannou.SDK.csproj::TargetFramework=net9.0]
/home/lysander/repos/bannou/bannou-service/Generated/Models/DocumentationModels.cs(505,24): warning CS1591: Missing XML comment for publicly visible type or member 'SuggestRelatedRequest.SessionId' [/home/lysander/repos/bannou/Bannou.SDK/Bannou.SDK.csproj::TargetFramework=net9.0]
/home/lysander/repos/bannou/bannou-service/Generated/Models/DocumentationModels.cs(509,16): warning CS1591: Missing XML comment for publicly visible type or member 'SuggestRelatedRequest.MaxSuggestions' [/home/lysander/repos/bannou/Bannou.SDK/Bannou.SDK.csproj::TargetFramework=net9.0]
/home/lysander/repos/bannou/bannou-service/Generated/Models/DocumentationModels.cs(512,17): warning CS1591: Missing XML comment for publicly visible type or member 'SuggestRelatedRequest.ExcludeRecentlyViewed' [/home/lysander/repos/bannou/Bannou.SDK/Bannou.SDK.csproj::TargetFramework=net9.0]
/home/lysander/repos/bannou/bannou-service/Generated/Models/DocumentationModels.cs(517,68): warning CS1591: Missing XML comment for publicly visible type or member 'SuggestRelatedRequest.AdditionalProperties' [/home/lysander/repos/bannou/Bannou.SDK/Bannou.SDK.csproj::TargetFramework=net9.0]
/home/lysander/repos/bannou/bannou-service/Generated/Models/DocumentationModels.cs(526,22): warning CS1591: Missing XML comment for publicly visible type or member 'SuggestRelatedResponse' [/home/lysander/repos/bannou/Bannou.SDK/Bannou.SDK.csproj::TargetFramework=net9.0]
/home/lysander/repos/bannou/bannou-service/Generated/Models/DocumentationModels.cs(532,19): warning CS1591: Missing XML comment for publicly visible type or member 'SuggestRelatedResponse.Namespace' [/home/lysander/repos/bannou/Bannou.SDK/Bannou.SDK.csproj::TargetFramework=net9.0]
/home/lysander/repos/bannou/bannou-service/Generated/Models/DocumentationModels.cs(537,68): warning CS1591: Missing XML comment for publicly visible type or member 'SuggestRelatedResponse.Suggestions' [/home/lysander/repos/bannou/Bannou.SDK/Bannou.SDK.csproj::TargetFramework=net9.0]
/home/lysander/repos/bannou/bannou-service/Generated/Models/DocumentationModels.cs(540,19): warning CS1591: Missing XML comment for publicly visible type or member 'SuggestRelatedResponse.VoicePrompt' [/home/lysander/repos/bannou/Bannou.SDK/Bannou.SDK.csproj::TargetFramework=net9.0]
/home/lysander/repos/bannou/bannou-service/Generated/Models/DocumentationModels.cs(543,17): warning CS1591: Missing XML comment for publicly visible type or member 'SuggestRelatedResponse.SessionInfluenced' [/home/lysander/repos/bannou/Bannou.SDK/Bannou.SDK.csproj::TargetFramework=net9.0]
/home/lysander/repos/bannou/bannou-service/Generated/Models/DocumentationModels.cs(548,68): warning CS1591: Missing XML comment for publicly visible type or member 'SuggestRelatedResponse.AdditionalProperties' [/home/lysander/repos/bannou/Bannou.SDK/Bannou.SDK.csproj::TargetFramework=net9.0]
/home/lysander/repos/bannou/bannou-service/Generated/Models/DocumentationModels.cs(557,22): warning CS1591: Missing XML comment for publicly visible type or member 'TopicSuggestion' [/home/lysander/repos/bannou/Bannou.SDK/Bannou.SDK.csproj::TargetFramework=net9.0]
/home/lysander/repos/bannou/bannou-service/Generated/Models/DocumentationModels.cs(563,24): warning CS1591: Missing XML comment for publicly visible type or member 'TopicSuggestion.DocumentId' [/home/lysander/repos/bannou/Bannou.SDK/Bannou.SDK.csproj::TargetFramework=net9.0]
/home/lysander/repos/bannou/bannou-service/Generated/Models/DocumentationModels.cs(566,19): warning CS1591: Missing XML comment for publicly visible type or member 'TopicSuggestion.Slug' [/home/lysander/repos/bannou/Bannou.SDK/Bannou.SDK.csproj::TargetFramework=net9.0]
/home/lysander/repos/bannou/bannou-service/Generated/Models/DocumentationModels.cs(571,19): warning CS1591: Missing XML comment for publicly visible type or member 'TopicSuggestion.Title' [/home/lysander/repos/bannou/Bannou.SDK/Bannou.SDK.csproj::TargetFramework=net9.0]
/home/lysander/repos/bannou/bannou-service/Generated/Models/DocumentationModels.cs(575,29): warning CS1591: Missing XML comment for publicly visible type or member 'TopicSuggestion.Category' [/home/lysander/repos/bannou/Bannou.SDK/Bannou.SDK.csproj::TargetFramework=net9.0]
/home/lysander/repos/bannou/bannou-service/Generated/Models/DocumentationModels.cs(578,19): warning CS1591: Missing XML comment for publicly visible type or member 'TopicSuggestion.RelevanceReason' [/home/lysander/repos/bannou/Bannou.SDK/Bannou.SDK.csproj::TargetFramework=net9.0]
/home/lysander/repos/bannou/bannou-service/Generated/Models/DocumentationModels.cs(583,68): warning CS1591: Missing XML comment for publicly visible type or member 'TopicSuggestion.AdditionalProperties' [/home/lysander/repos/bannou/Bannou.SDK/Bannou.SDK.csproj::TargetFramework=net9.0]
/home/lysander/repos/bannou/bannou-service/Generated/Models/DocumentationModels.cs(592,22): warning CS1591: Missing XML comment for publicly visible type or member 'CreateDocumentRequest' [/home/lysander/repos/bannou/Bannou.SDK/Bannou.SDK.csproj::TargetFramework=net9.0]
/home/lysander/repos/bannou/bannou-service/Generated/Models/DocumentationModels.cs(600,19): warning CS1591: Missing XML comment for publicly visible type or member 'CreateDocumentRequest.Namespace' [/home/lysander/repos/bannou/Bannou.SDK/Bannou.SDK.csproj::TargetFramework=net9.0]
/home/lysander/repos/bannou/bannou-service/Generated/Models/DocumentationModels.cs(607,19): warning CS1591: Missing XML comment for publicly visible type or member 'CreateDocumentRequest.Slug' [/home/lysander/repos/bannou/Bannou.SDK/Bannou.SDK.csproj::TargetFramework=net9.0]
/home/lysander/repos/bannou/bannou-service/Generated/Models/DocumentationModels.cs(613,19): warning CS1591: Missing XML comment for publicly visible type or member 'CreateDocumentRequest.Title' [/home/lysander/repos/bannou/Bannou.SDK/Bannou.SDK.csproj::TargetFramework=net9.0]
/home/lysander/repos/bannou/bannou-service/Generated/Models/DocumentationModels.cs(619,29): warning CS1591: Missing XML comment for publicly visible type or member 'CreateDocumentRequest.Category' [/home/lysander/repos/bannou/Bannou.SDK/Bannou.SDK.csproj::TargetFramework=net9.0]
/home/lysander/repos/bannou/bannou-service/Generated/Models/DocumentationModels.cs(631,19): warning CS1591: Missing XML comment for publicly visible type or member 'CreateDocumentRequest.Summary' [/home/lysander/repos/bannou/Bannou.SDK/Bannou.SDK.csproj::TargetFramework=net9.0]
/home/lysander/repos/bannou/bannou-service/Generated/Models/DocumentationModels.cs(635,19): warning CS1591: Missing XML comment for publicly visible type or member 'CreateDocumentRequest.VoiceSummary' [/home/lysander/repos/bannou/Bannou.SDK/Bannou.SDK.csproj::TargetFramework=net9.0]
/home/lysander/repos/bannou/bannou-service/Generated/Models/DocumentationModels.cs(638,59): warning CS1591: Missing XML comment for publicly visible type or member 'CreateDocumentRequest.Tags' [/home/lysander/repos/bannou/Bannou.SDK/Bannou.SDK.csproj::TargetFramework=net9.0]
/home/lysander/repos/bannou/bannou-service/Generated/Models/DocumentationModels.cs(641,64): warning CS1591: Missing XML comment for publicly visible type or member 'CreateDocumentRequest.RelatedDocuments' [/home/lysander/repos/bannou/Bannou.SDK/Bannou.SDK.csproj::TargetFramework=net9.0]
/home/lysander/repos/bannou/bannou-service/Generated/Models/DocumentationModels.cs(644,19): warning CS1591: Missing XML comment for publicly visible type or member 'CreateDocumentRequest.Metadata' [/home/lysander/repos/bannou/Bannou.SDK/Bannou.SDK.csproj::TargetFramework=net9.0]
/home/lysander/repos/bannou/bannou-service/Generated/Models/DocumentationModels.cs(649,68): warning CS1591: Missing XML comment for publicly visible type or member 'CreateDocumentRequest.AdditionalProperties' [/home/lysander/repos/bannou/Bannou.SDK/Bannou.SDK.csproj::TargetFramework=net9.0]
/home/lysander/repos/bannou/bannou-service/Generated/Models/DocumentationModels.cs(658,22): warning CS1591: Missing XML comment for publicly visible type or member 'CreateDocumentResponse' [/home/lysander/repos/bannou/Bannou.SDK/Bannou.SDK.csproj::TargetFramework=net9.0]
/home/lysander/repos/bannou/bannou-service/Generated/Models/DocumentationModels.cs(664,24): warning CS1591: Missing XML comment for publicly visible type or member 'CreateDocumentResponse.DocumentId' [/home/lysander/repos/bannou/Bannou.SDK/Bannou.SDK.csproj::TargetFramework=net9.0]
/home/lysander/repos/bannou/bannou-service/Generated/Models/DocumentationModels.cs(669,19): warning CS1591: Missing XML comment for publicly visible type or member 'CreateDocumentResponse.Slug' [/home/lysander/repos/bannou/Bannou.SDK/Bannou.SDK.csproj::TargetFramework=net9.0]
/home/lysander/repos/bannou/bannou-service/Generated/Models/DocumentationModels.cs(672,34): warning CS1591: Missing XML comment for publicly visible type or member 'CreateDocumentResponse.CreatedAt' [/home/lysander/repos/bannou/Bannou.SDK/Bannou.SDK.csproj::TargetFramework=net9.0]
/home/lysander/repos/bannou/bannou-service/Generated/Models/DocumentationModels.cs(677,68): warning CS1591: Missing XML comment for publicly visible type or member 'CreateDocumentResponse.AdditionalProperties' [/home/lysander/repos/bannou/Bannou.SDK/Bannou.SDK.csproj::TargetFramework=net9.0]
/home/lysander/repos/bannou/bannou-service/Generated/Models/DocumentationModels.cs(686,22): warning CS1591: Missing XML comment for publicly visible type or member 'UpdateDocumentRequest' [/home/lysander/repos/bannou/Bannou.SDK/Bannou.SDK.csproj::TargetFramework=net9.0]
/home/lysander/repos/bannou/bannou-service/Generated/Models/DocumentationModels.cs(694,19): warning CS1591: Missing XML comment for publicly visible type or member 'UpdateDocumentRequest.Namespace' [/home/lysander/repos/bannou/Bannou.SDK/Bannou.SDK.csproj::TargetFramework=net9.0]
/home/lysander/repos/bannou/bannou-service/Generated/Models/DocumentationModels.cs(697,24): warning CS1591: Missing XML comment for publicly visible type or member 'UpdateDocumentRequest.DocumentId' [/home/lysander/repos/bannou/Bannou.SDK/Bannou.SDK.csproj::TargetFramework=net9.0]
/home/lysander/repos/bannou/bannou-service/Generated/Models/DocumentationModels.cs(700,19): warning CS1591: Missing XML comment for publicly visible type or member 'UpdateDocumentRequest.Slug' [/home/lysander/repos/bannou/Bannou.SDK/Bannou.SDK.csproj::TargetFramework=net9.0]
/home/lysander/repos/bannou/bannou-service/Generated/Models/DocumentationModels.cs(703,19): warning CS1591: Missing XML comment for publicly visible type or member 'UpdateDocumentRequest.Title' [/home/lysander/repos/bannou/Bannou.SDK/Bannou.SDK.csproj::TargetFramework=net9.0]
/home/lysander/repos/bannou/bannou-service/Generated/Models/DocumentationModels.cs(707,29): warning CS1591: Missing XML comment for publicly visible type or member 'UpdateDocumentRequest.Category' [/home/lysander/repos/bannou/Bannou.SDK/Bannou.SDK.csproj::TargetFramework=net9.0]
/home/lysander/repos/bannou/bannou-service/Generated/Models/DocumentationModels.cs(710,19): warning CS1591: Missing XML comment for publicly visible type or member 'UpdateDocumentRequest.Content' [/home/lysander/repos/bannou/Bannou.SDK/Bannou.SDK.csproj::TargetFramework=net9.0]
/home/lysander/repos/bannou/bannou-service/Generated/Models/DocumentationModels.cs(713,19): warning CS1591: Missing XML comment for publicly visible type or member 'UpdateDocumentRequest.Summary' [/home/lysander/repos/bannou/Bannou.SDK/Bannou.SDK.csproj::TargetFramework=net9.0]
/home/lysander/repos/bannou/bannou-service/Generated/Models/DocumentationModels.cs(716,19): warning CS1591: Missing XML comment for publicly visible type or member 'UpdateDocumentRequest.VoiceSummary' [/home/lysander/repos/bannou/Bannou.SDK/Bannou.SDK.csproj::TargetFramework=net9.0]
/home/lysander/repos/bannou/bannou-service/Generated/Models/DocumentationModels.cs(719,59): warning CS1591: Missing XML comment for publicly visible type or member 'UpdateDocumentRequest.Tags' [/home/lysander/repos/bannou/Bannou.SDK/Bannou.SDK.csproj::TargetFramework=net9.0]
/home/lysander/repos/bannou/bannou-service/Generated/Models/DocumentationModels.cs(722,64): warning CS1591: Missing XML comment for publicly visible type or member 'UpdateDocumentRequest.RelatedDocuments' [/home/lysander/repos/bannou/Bannou.SDK/Bannou.SDK.csproj::TargetFramework=net9.0]
/home/lysander/repos/bannou/bannou-service/Generated/Models/DocumentationModels.cs(725,19): warning CS1591: Missing XML comment for publicly visible type or member 'UpdateDocumentRequest.Metadata' [/home/lysander/repos/bannou/Bannou.SDK/Bannou.SDK.csproj::TargetFramework=net9.0]
/home/lysander/repos/bannou/bannou-service/Generated/Models/DocumentationModels.cs(730,68): warning CS1591: Missing XML comment for publicly visible type or member 'UpdateDocumentRequest.AdditionalProperties' [/home/lysander/repos/bannou/Bannou.SDK/Bannou.SDK.csproj::TargetFramework=net9.0]
/home/lysander/repos/bannou/bannou-service/Generated/Models/DocumentationModels.cs(739,22): warning CS1591: Missing XML comment for publicly visible type or member 'UpdateDocumentResponse' [/home/lysander/repos/bannou/Bannou.SDK/Bannou.SDK.csproj::TargetFramework=net9.0]
/home/lysander/repos/bannou/bannou-service/Generated/Models/DocumentationModels.cs(745,24): warning CS1591: Missing XML comment for publicly visible type or member 'UpdateDocumentResponse.DocumentId' [/home/lysander/repos/bannou/Bannou.SDK/Bannou.SDK.csproj::TargetFramework=net9.0]
/home/lysander/repos/bannou/bannou-service/Generated/Models/DocumentationModels.cs(750,34): warning CS1591: Missing XML comment for publicly visible type or member 'UpdateDocumentResponse.UpdatedAt' [/home/lysander/repos/bannou/Bannou.SDK/Bannou.SDK.csproj::TargetFramework=net9.0]
/home/lysander/repos/bannou/bannou-service/Generated/Models/DocumentationModels.cs(755,68): warning CS1591: Missing XML comment for publicly visible type or member 'UpdateDocumentResponse.AdditionalProperties' [/home/lysander/repos/bannou/Bannou.SDK/Bannou.SDK.csproj::TargetFramework=net9.0]
/home/lysander/repos/bannou/bannou-service/Generated/Models/DocumentationModels.cs(764,22): warning CS1591: Missing XML comment for publicly visible type or member 'DeleteDocumentRequest' [/home/lysander/repos/bannou/Bannou.SDK/Bannou.SDK.csproj::TargetFramework=net9.0]
/home/lysander/repos/bannou/bannou-service/Generated/Models/DocumentationModels.cs(772,19): warning CS1591: Missing XML comment for publicly visible type or member 'DeleteDocumentRequest.Namespace' [/home/lysander/repos/bannou/Bannou.SDK/Bannou.SDK.csproj::TargetFramework=net9.0]
/home/lysander/repos/bannou/bannou-service/Generated/Models/DocumentationModels.cs(775,24): warning CS1591: Missing XML comment for publicly visible type or member 'DeleteDocumentRequest.DocumentId' [/home/lysander/repos/bannou/Bannou.SDK/Bannou.SDK.csproj::TargetFramework=net9.0]
/home/lysander/repos/bannou/bannou-service/Generated/Models/DocumentationModels.cs(778,19): warning CS1591: Missing XML comment for publicly visible type or member 'DeleteDocumentRequest.Slug' [/home/lysander/repos/bannou/Bannou.SDK/Bannou.SDK.csproj::TargetFramework=net9.0]
/home/lysander/repos/bannou/bannou-service/Generated/Models/DocumentationModels.cs(783,68): warning CS1591: Missing XML comment for publicly visible type or member 'DeleteDocumentRequest.AdditionalProperties' [/home/lysander/repos/bannou/Bannou.SDK/Bannou.SDK.csproj::TargetFramework=net9.0]
/home/lysander/repos/bannou/bannou-service/Generated/Models/DocumentationModels.cs(792,22): warning CS1591: Missing XML comment for publicly visible type or member 'DeleteDocumentResponse' [/home/lysander/repos/bannou/Bannou.SDK/Bannou.SDK.csproj::TargetFramework=net9.0]
/home/lysander/repos/bannou/bannou-service/Generated/Models/DocumentationModels.cs(798,24): warning CS1591: Missing XML comment for publicly visible type or member 'DeleteDocumentResponse.DocumentId' [/home/lysander/repos/bannou/Bannou.SDK/Bannou.SDK.csproj::TargetFramework=net9.0]
/home/lysander/repos/bannou/bannou-service/Generated/Models/DocumentationModels.cs(803,34): warning CS1591: Missing XML comment for publicly visible type or member 'DeleteDocumentResponse.DeletedAt' [/home/lysander/repos/bannou/Bannou.SDK/Bannou.SDK.csproj::TargetFramework=net9.0]
/home/lysander/repos/bannou/bannou-service/Generated/Models/DocumentationModels.cs(808,34): warning CS1591: Missing XML comment for publicly visible type or member 'DeleteDocumentResponse.RecoverableUntil' [/home/lysander/repos/bannou/Bannou.SDK/Bannou.SDK.csproj::TargetFramework=net9.0]
/home/lysander/repos/bannou/bannou-service/Generated/Models/DocumentationModels.cs(813,68): warning CS1591: Missing XML comment for publicly visible type or member 'DeleteDocumentResponse.AdditionalProperties' [/home/lysander/repos/bannou/Bannou.SDK/Bannou.SDK.csproj::TargetFramework=net9.0]
/home/lysander/repos/bannou/bannou-service/Generated/Models/DocumentationModels.cs(822,22): warning CS1591: Missing XML comment for publicly visible type or member 'RecoverDocumentRequest' [/home/lysander/repos/bannou/Bannou.SDK/Bannou.SDK.csproj::TargetFramework=net9.0]
/home/lysander/repos/bannou/bannou-service/Generated/Models/DocumentationModels.cs(830,19): warning CS1591: Missing XML comment for publicly visible type or member 'RecoverDocumentRequest.Namespace' [/home/lysander/repos/bannou/Bannou.SDK/Bannou.SDK.csproj::TargetFramework=net9.0]
/home/lysander/repos/bannou/bannou-service/Generated/Models/DocumentationModels.cs(835,24): warning CS1591: Missing XML comment for publicly visible type or member 'RecoverDocumentRequest.DocumentId' [/home/lysander/repos/bannou/Bannou.SDK/Bannou.SDK.csproj::TargetFramework=net9.0]
/home/lysander/repos/bannou/bannou-service/Generated/Models/DocumentationModels.cs(840,68): warning CS1591: Missing XML comment for publicly visible type or member 'RecoverDocumentRequest.AdditionalProperties' [/home/lysander/repos/bannou/Bannou.SDK/Bannou.SDK.csproj::TargetFramework=net9.0]
/home/lysander/repos/bannou/bannou-service/Generated/Models/DocumentationModels.cs(849,22): warning CS1591: Missing XML comment for publicly visible type or member 'RecoverDocumentResponse' [/home/lysander/repos/bannou/Bannou.SDK/Bannou.SDK.csproj::TargetFramework=net9.0]
/home/lysander/repos/bannou/bannou-service/Generated/Models/DocumentationModels.cs(855,24): warning CS1591: Missing XML comment for publicly visible type or member 'RecoverDocumentResponse.DocumentId' [/home/lysander/repos/bannou/Bannou.SDK/Bannou.SDK.csproj::TargetFramework=net9.0]
/home/lysander/repos/bannou/bannou-service/Generated/Models/DocumentationModels.cs(860,34): warning CS1591: Missing XML comment for publicly visible type or member 'RecoverDocumentResponse.RecoveredAt' [/home/lysander/repos/bannou/Bannou.SDK/Bannou.SDK.csproj::TargetFramework=net9.0]
/home/lysander/repos/bannou/bannou-service/Generated/Models/DocumentationModels.cs(865,68): warning CS1591: Missing XML comment for publicly visible type or member 'RecoverDocumentResponse.AdditionalProperties' [/home/lysander/repos/bannou/Bannou.SDK/Bannou.SDK.csproj::TargetFramework=net9.0]
/home/lysander/repos/bannou/bannou-service/Generated/Models/DocumentationModels.cs(874,22): warning CS1591: Missing XML comment for publicly visible type or member 'BulkUpdateRequest' [/home/lysander/repos/bannou/Bannou.SDK/Bannou.SDK.csproj::TargetFramework=net9.0]
/home/lysander/repos/bannou/bannou-service/Generated/Models/DocumentationModels.cs(882,19): warning CS1591: Missing XML comment for publicly visible type or member 'BulkUpdateRequest.Namespace' [/home/lysander/repos/bannou/Bannou.SDK/Bannou.SDK.csproj::TargetFramework=net9.0]
/home/lysander/repos/bannou/bannou-service/Generated/Models/DocumentationModels.cs(887,64): warning CS1591: Missing XML comment for publicly visible type or member 'BulkUpdateRequest.DocumentIds' [/home/lysander/repos/bannou/Bannou.SDK/Bannou.SDK.csproj::TargetFramework=net9.0]
/home/lysander/repos/bannou/bannou-service/Generated/Models/DocumentationModels.cs(891,29): warning CS1591: Missing XML comment for publicly visible type or member 'BulkUpdateRequest.Category' [/home/lysander/repos/bannou/Bannou.SDK/Bannou.SDK.csproj::TargetFramework=net9.0]
/home/lysander/repos/bannou/bannou-service/Generated/Models/DocumentationModels.cs(894,59): warning CS1591: Missing XML comment for publicly visible type or member 'BulkUpdateRequest.AddTags' [/home/lysander/repos/bannou/Bannou.SDK/Bannou.SDK.csproj::TargetFramework=net9.0]
/home/lysander/repos/bannou/bannou-service/Generated/Models/DocumentationModels.cs(897,59): warning CS1591: Missing XML comment for publicly visible type or member 'BulkUpdateRequest.RemoveTags' [/home/lysander/repos/bannou/Bannou.SDK/Bannou.SDK.csproj::TargetFramework=net9.0]
/home/lysander/repos/bannou/bannou-service/Generated/Models/DocumentationModels.cs(902,68): warning CS1591: Missing XML comment for publicly visible type or member 'BulkUpdateRequest.AdditionalProperties' [/home/lysander/repos/bannou/Bannou.SDK/Bannou.SDK.csproj::TargetFramework=net9.0]
/home/lysander/repos/bannou/bannou-service/Generated/Models/DocumentationModels.cs(911,22): warning CS1591: Missing XML comment for publicly visible type or member 'BulkUpdateResponse' [/home/lysander/repos/bannou/Bannou.SDK/Bannou.SDK.csproj::TargetFramework=net9.0]
/home/lysander/repos/bannou/bannou-service/Generated/Models/DocumentationModels.cs(917,64): warning CS1591: Missing XML comment for publicly visible type or member 'BulkUpdateResponse.Succeeded' [/home/lysander/repos/bannou/Bannou.SDK/Bannou.SDK.csproj::TargetFramework=net9.0]
/home/lysander/repos/bannou/bannou-service/Generated/Models/DocumentationModels.cs(922,73): warning CS1591: Missing XML comment for publicly visible type or member 'BulkUpdateResponse.Failed' [/home/lysander/repos/bannou/Bannou.SDK/Bannou.SDK.csproj::TargetFramework=net9.0]
/home/lysander/repos/bannou/bannou-service/Generated/Models/DocumentationModels.cs(927,68): warning CS1591: Missing XML comment for publicly visible type or member 'BulkUpdateResponse.AdditionalProperties' [/home/lysander/repos/bannou/Bannou.SDK/Bannou.SDK.csproj::TargetFramework=net9.0]
/home/lysander/repos/bannou/bannou-service/Generated/Models/DocumentationModels.cs(936,22): warning CS1591: Missing XML comment for publicly visible type or member 'BulkDeleteRequest' [/home/lysander/repos/bannou/Bannou.SDK/Bannou.SDK.csproj::TargetFramework=net9.0]
/home/lysander/repos/bannou/bannou-service/Generated/Models/DocumentationModels.cs(944,19): warning CS1591: Missing XML comment for publicly visible type or member 'BulkDeleteRequest.Namespace' [/home/lysander/repos/bannou/Bannou.SDK/Bannou.SDK.csproj::TargetFramework=net9.0]
/home/lysander/repos/bannou/bannou-service/Generated/Models/DocumentationModels.cs(949,64): warning CS1591: Missing XML comment for publicly visible type or member 'BulkDeleteRequest.DocumentIds' [/home/lysander/repos/bannou/Bannou.SDK/Bannou.SDK.csproj::TargetFramework=net9.0]
/home/lysander/repos/bannou/bannou-service/Generated/Models/DocumentationModels.cs(954,68): warning CS1591: Missing XML comment for publicly visible type or member 'BulkDeleteRequest.AdditionalProperties' [/home/lysander/repos/bannou/Bannou.SDK/Bannou.SDK.csproj::TargetFramework=net9.0]
/home/lysander/repos/bannou/bannou-service/Generated/Models/DocumentationModels.cs(963,22): warning CS1591: Missing XML comment for publicly visible type or member 'BulkDeleteResponse' [/home/lysander/repos/bannou/Bannou.SDK/Bannou.SDK.csproj::TargetFramework=net9.0]
/home/lysander/repos/bannou/bannou-service/Generated/Models/DocumentationModels.cs(969,64): warning CS1591: Missing XML comment for publicly visible type or member 'BulkDeleteResponse.Succeeded' [/home/lysander/repos/bannou/Bannou.SDK/Bannou.SDK.csproj::TargetFramework=net9.0]
/home/lysander/repos/bannou/bannou-service/Generated/Models/DocumentationModels.cs(974,73): warning CS1591: Missing XML comment for publicly visible type or member 'BulkDeleteResponse.Failed' [/home/lysander/repos/bannou/Bannou.SDK/Bannou.SDK.csproj::TargetFramework=net9.0]
/home/lysander/repos/bannou/bannou-service/Generated/Models/DocumentationModels.cs(979,68): warning CS1591: Missing XML comment for publicly visible type or member 'BulkDeleteResponse.AdditionalProperties' [/home/lysander/repos/bannou/Bannou.SDK/Bannou.SDK.csproj::TargetFramework=net9.0]
/home/lysander/repos/bannou/bannou-service/Generated/Models/DocumentationModels.cs(988,22): warning CS1591: Missing XML comment for publicly visible type or member 'BulkOperationFailure' [/home/lysander/repos/bannou/Bannou.SDK/Bannou.SDK.csproj::TargetFramework=net9.0]
/home/lysander/repos/bannou/bannou-service/Generated/Models/DocumentationModels.cs(994,24): warning CS1591: Missing XML comment for publicly visible type or member 'BulkOperationFailure.DocumentId' [/home/lysander/repos/bannou/Bannou.SDK/Bannou.SDK.csproj::TargetFramework=net9.0]
/home/lysander/repos/bannou/bannou-service/Generated/Models/DocumentationModels.cs(999,19): warning CS1591: Missing XML comment for publicly visible type or member 'BulkOperationFailure.Error' [/home/lysander/repos/bannou/Bannou.SDK/Bannou.SDK.csproj::TargetFramework=net9.0]
/home/lysander/repos/bannou/bannou-service/Generated/Models/DocumentationModels.cs(1004,68): warning CS1591: Missing XML comment for publicly visible type or member 'BulkOperationFailure.AdditionalProperties' [/home/lysander/repos/bannou/Bannou.SDK/Bannou.SDK.csproj::TargetFramework=net9.0]
/home/lysander/repos/bannou/bannou-service/Generated/Models/DocumentationModels.cs(1013,22): warning CS1591: Missing XML comment for publicly visible type or member 'ImportDocumentationRequest' [/home/lysander/repos/bannou/Bannou.SDK/Bannou.SDK.csproj::TargetFramework=net9.0]
/home/lysander/repos/bannou/bannou-service/Generated/Models/DocumentationModels.cs(1021,19): warning CS1591: Missing XML comment for publicly visible type or member 'ImportDocumentationRequest.Namespace' [/home/lysander/repos/bannou/Bannou.SDK/Bannou.SDK.csproj::TargetFramework=net9.0]
/home/lysander/repos/bannou/bannou-service/Generated/Models/DocumentationModels.cs(1026,67): warning CS1591: Missing XML comment for publicly visible type or member 'ImportDocumentationRequest.Documents' [/home/lysander/repos/bannou/Bannou.SDK/Bannou.SDK.csproj::TargetFramework=net9.0]
/home/lysander/repos/bannou/bannou-service/Generated/Models/DocumentationModels.cs(1030,49): warning CS1591: Missing XML comment for publicly visible type or member 'ImportDocumentationRequest.OnConflict' [/home/lysander/repos/bannou/Bannou.SDK/Bannou.SDK.csproj::TargetFramework=net9.0]
/home/lysander/repos/bannou/bannou-service/Generated/Models/DocumentationModels.cs(1035,68): warning CS1591: Missing XML comment for publicly visible type or member 'ImportDocumentationRequest.AdditionalProperties' [/home/lysander/repos/bannou/Bannou.SDK/Bannou.SDK.csproj::TargetFramework=net9.0]
/home/lysander/repos/bannou/bannou-service/Generated/Models/DocumentationModels.cs(1044,22): warning CS1591: Missing XML comment for publicly visible type or member 'ImportDocument' [/home/lysander/repos/bannou/Bannou.SDK/Bannou.SDK.csproj::TargetFramework=net9.0]
/home/lysander/repos/bannou/bannou-service/Generated/Models/DocumentationModels.cs(1050,19): warning CS1591: Missing XML comment for publicly visible type or member 'ImportDocument.Slug' [/home/lysander/repos/bannou/Bannou.SDK/Bannou.SDK.csproj::TargetFramework=net9.0]
/home/lysander/repos/bannou/bannou-service/Generated/Models/DocumentationModels.cs(1055,19): warning CS1591: Missing XML comment for publicly visible type or member 'ImportDocument.Title' [/home/lysander/repos/bannou/Bannou.SDK/Bannou.SDK.csproj::TargetFramework=net9.0]
/home/lysander/repos/bannou/bannou-service/Generated/Models/DocumentationModels.cs(1061,29): warning CS1591: Missing XML comment for publicly visible type or member 'ImportDocument.Category' [/home/lysander/repos/bannou/Bannou.SDK/Bannou.SDK.csproj::TargetFramework=net9.0]
/home/lysander/repos/bannou/bannou-service/Generated/Models/DocumentationModels.cs(1066,19): warning CS1591: Missing XML comment for publicly visible type or member 'ImportDocument.Content' [/home/lysander/repos/bannou/Bannou.SDK/Bannou.SDK.csproj::TargetFramework=net9.0]
/home/lysander/repos/bannou/bannou-service/Generated/Models/DocumentationModels.cs(1069,19): warning CS1591: Missing XML comment for publicly visible type or member 'ImportDocument.Summary' [/home/lysander/repos/bannou/Bannou.SDK/Bannou.SDK.csproj::TargetFramework=net9.0]
/home/lysander/repos/bannou/bannou-service/Generated/Models/DocumentationModels.cs(1072,19): warning CS1591: Missing XML comment for publicly visible type or member 'ImportDocument.VoiceSummary' [/home/lysander/repos/bannou/Bannou.SDK/Bannou.SDK.csproj::TargetFramework=net9.0]
/home/lysander/repos/bannou/bannou-service/Generated/Models/DocumentationModels.cs(1075,59): warning CS1591: Missing XML comment for publicly visible type or member 'ImportDocument.Tags' [/home/lysander/repos/bannou/Bannou.SDK/Bannou.SDK.csproj::TargetFramework=net9.0]
/home/lysander/repos/bannou/bannou-service/Generated/Models/DocumentationModels.cs(1078,19): warning CS1591: Missing XML comment for publicly visible type or member 'ImportDocument.Metadata' [/home/lysander/repos/bannou/Bannou.SDK/Bannou.SDK.csproj::TargetFramework=net9.0]
/home/lysander/repos/bannou/bannou-service/Generated/Models/DocumentationModels.cs(1083,68): warning CS1591: Missing XML comment for publicly visible type or member 'ImportDocument.AdditionalProperties' [/home/lysander/repos/bannou/Bannou.SDK/Bannou.SDK.csproj::TargetFramework=net9.0]
/home/lysander/repos/bannou/bannou-service/Generated/Models/DocumentationModels.cs(1092,22): warning CS1591: Missing XML comment for publicly visible type or member 'ImportDocumentationResponse' [/home/lysander/repos/bannou/Bannou.SDK/Bannou.SDK.csproj::TargetFramework=net9.0]
/home/lysander/repos/bannou/bannou-service/Generated/Models/DocumentationModels.cs(1098,19): warning CS1591: Missing XML comment for publicly visible type or member 'ImportDocumentationResponse.Namespace' [/home/lysander/repos/bannou/Bannou.SDK/Bannou.SDK.csproj::TargetFramework=net9.0]
/home/lysander/repos/bannou/bannou-service/Generated/Models/DocumentationModels.cs(1101,16): warning CS1591: Missing XML comment for publicly visible type or member 'ImportDocumentationResponse.Created' [/home/lysander/repos/bannou/Bannou.SDK/Bannou.SDK.csproj::TargetFramework=net9.0]
/home/lysander/repos/bannou/bannou-service/Generated/Models/DocumentationModels.cs(1104,16): warning CS1591: Missing XML comment for publicly visible type or member 'ImportDocumentationResponse.Updated' [/home/lysander/repos/bannou/Bannou.SDK/Bannou.SDK.csproj::TargetFramework=net9.0]
/home/lysander/repos/bannou/bannou-service/Generated/Models/DocumentationModels.cs(1107,16): warning CS1591: Missing XML comment for publicly visible type or member 'ImportDocumentationResponse.Skipped' [/home/lysander/repos/bannou/Bannou.SDK/Bannou.SDK.csproj::TargetFramework=net9.0]
/home/lysander/repos/bannou/bannou-service/Generated/Models/DocumentationModels.cs(1112,66): warning CS1591: Missing XML comment for publicly visible type or member 'ImportDocumentationResponse.Failed' [/home/lysander/repos/bannou/Bannou.SDK/Bannou.SDK.csproj::TargetFramework=net9.0]
/home/lysander/repos/bannou/bannou-service/Generated/Models/DocumentationModels.cs(1117,68): warning CS1591: Missing XML comment for publicly visible type or member 'ImportDocumentationResponse.AdditionalProperties' [/home/lysander/repos/bannou/Bannou.SDK/Bannou.SDK.csproj::TargetFramework=net9.0]
/home/lysander/repos/bannou/bannou-service/Generated/Models/DocumentationModels.cs(1126,22): warning CS1591: Missing XML comment for publicly visible type or member 'ImportFailure' [/home/lysander/repos/bannou/Bannou.SDK/Bannou.SDK.csproj::TargetFramework=net9.0]
/home/lysander/repos/bannou/bannou-service/Generated/Models/DocumentationModels.cs(1132,19): warning CS1591: Missing XML comment for publicly visible type or member 'ImportFailure.Slug' [/home/lysander/repos/bannou/Bannou.SDK/Bannou.SDK.csproj::TargetFramework=net9.0]
/home/lysander/repos/bannou/bannou-service/Generated/Models/DocumentationModels.cs(1137,19): warning CS1591: Missing XML comment for publicly visible type or member 'ImportFailure.Error' [/home/lysander/repos/bannou/Bannou.SDK/Bannou.SDK.csproj::TargetFramework=net9.0]
/home/lysander/repos/bannou/bannou-service/Generated/Models/DocumentationModels.cs(1142,68): warning CS1591: Missing XML comment for publicly visible type or member 'ImportFailure.AdditionalProperties' [/home/lysander/repos/bannou/Bannou.SDK/Bannou.SDK.csproj::TargetFramework=net9.0]
/home/lysander/repos/bannou/bannou-service/Generated/Models/DocumentationModels.cs(1151,22): warning CS1591: Missing XML comment for publicly visible type or member 'ListTrashcanRequest' [/home/lysander/repos/bannou/Bannou.SDK/Bannou.SDK.csproj::TargetFramework=net9.0]
/home/lysander/repos/bannou/bannou-service/Generated/Models/DocumentationModels.cs(1159,19): warning CS1591: Missing XML comment for publicly visible type or member 'ListTrashcanRequest.Namespace' [/home/lysander/repos/bannou/Bannou.SDK/Bannou.SDK.csproj::TargetFramework=net9.0]
/home/lysander/repos/bannou/bannou-service/Generated/Models/DocumentationModels.cs(1162,16): warning CS1591: Missing XML comment for publicly visible type or member 'ListTrashcanRequest.Page' [/home/lysander/repos/bannou/Bannou.SDK/Bannou.SDK.csproj::TargetFramework=net9.0]
/home/lysander/repos/bannou/bannou-service/Generated/Models/DocumentationModels.cs(1165,16): warning CS1591: Missing XML comment for publicly visible type or member 'ListTrashcanRequest.PageSize' [/home/lysander/repos/bannou/Bannou.SDK/Bannou.SDK.csproj::TargetFramework=net9.0]
/home/lysander/repos/bannou/bannou-service/Generated/Models/DocumentationModels.cs(1170,68): warning CS1591: Missing XML comment for publicly visible type or member 'ListTrashcanRequest.AdditionalProperties' [/home/lysander/repos/bannou/Bannou.SDK/Bannou.SDK.csproj::TargetFramework=net9.0]
/home/lysander/repos/bannou/bannou-service/Generated/Models/DocumentationModels.cs(1179,22): warning CS1591: Missing XML comment for publicly visible type or member 'ListTrashcanResponse' [/home/lysander/repos/bannou/Bannou.SDK/Bannou.SDK.csproj::TargetFramework=net9.0]
/home/lysander/repos/bannou/bannou-service/Generated/Models/DocumentationModels.cs(1185,19): warning CS1591: Missing XML comment for publicly visible type or member 'ListTrashcanResponse.Namespace' [/home/lysander/repos/bannou/Bannou.SDK/Bannou.SDK.csproj::TargetFramework=net9.0]
/home/lysander/repos/bannou/bannou-service/Generated/Models/DocumentationModels.cs(1190,65): warning CS1591: Missing XML comment for publicly visible type or member 'ListTrashcanResponse.Items' [/home/lysander/repos/bannou/Bannou.SDK/Bannou.SDK.csproj::TargetFramework=net9.0]
/home/lysander/repos/bannou/bannou-service/Generated/Models/DocumentationModels.cs(1193,16): warning CS1591: Missing XML comment for publicly visible type or member 'ListTrashcanResponse.TotalCount' [/home/lysander/repos/bannou/Bannou.SDK/Bannou.SDK.csproj::TargetFramework=net9.0]
/home/lysander/repos/bannou/bannou-service/Generated/Models/DocumentationModels.cs(1198,68): warning CS1591: Missing XML comment for publicly visible type or member 'ListTrashcanResponse.AdditionalProperties' [/home/lysander/repos/bannou/Bannou.SDK/Bannou.SDK.csproj::TargetFramework=net9.0]
/home/lysander/repos/bannou/bannou-service/Generated/Models/DocumentationModels.cs(1207,22): warning CS1591: Missing XML comment for publicly visible type or member 'TrashcanItem' [/home/lysander/repos/bannou/Bannou.SDK/Bannou.SDK.csproj::TargetFramework=net9.0]
/home/lysander/repos/bannou/bannou-service/Generated/Models/DocumentationModels.cs(1213,24): warning CS1591: Missing XML comment for publicly visible type or member 'TrashcanItem.DocumentId' [/home/lysander/repos/bannou/Bannou.SDK/Bannou.SDK.csproj::TargetFramework=net9.0]
/home/lysander/repos/bannou/bannou-service/Generated/Models/DocumentationModels.cs(1216,19): warning CS1591: Missing XML comment for publicly visible type or member 'TrashcanItem.Slug' [/home/lysander/repos/bannou/Bannou.SDK/Bannou.SDK.csproj::TargetFramework=net9.0]
/home/lysander/repos/bannou/bannou-service/Generated/Models/DocumentationModels.cs(1221,19): warning CS1591: Missing XML comment for publicly visible type or member 'TrashcanItem.Title' [/home/lysander/repos/bannou/Bannou.SDK/Bannou.SDK.csproj::TargetFramework=net9.0]
/home/lysander/repos/bannou/bannou-service/Generated/Models/DocumentationModels.cs(1225,29): warning CS1591: Missing XML comment for publicly visible type or member 'TrashcanItem.Category' [/home/lysander/repos/bannou/Bannou.SDK/Bannou.SDK.csproj::TargetFramework=net9.0]
/home/lysander/repos/bannou/bannou-service/Generated/Models/DocumentationModels.cs(1230,34): warning CS1591: Missing XML comment for publicly visible type or member 'TrashcanItem.DeletedAt' [/home/lysander/repos/bannou/Bannou.SDK/Bannou.SDK.csproj::TargetFramework=net9.0]
/home/lysander/repos/bannou/bannou-service/Generated/Models/DocumentationModels.cs(1235,34): warning CS1591: Missing XML comment for publicly visible type or member 'TrashcanItem.ExpiresAt' [/home/lysander/repos/bannou/Bannou.SDK/Bannou.SDK.csproj::TargetFramework=net9.0]
/home/lysander/repos/bannou/bannou-service/Generated/Models/DocumentationModels.cs(1240,68): warning CS1591: Missing XML comment for publicly visible type or member 'TrashcanItem.AdditionalProperties' [/home/lysander/repos/bannou/Bannou.SDK/Bannou.SDK.csproj::TargetFramework=net9.0]
/home/lysander/repos/bannou/bannou-service/Generated/Models/DocumentationModels.cs(1249,22): warning CS1591: Missing XML comment for publicly visible type or member 'PurgeTrashcanRequest' [/home/lysander/repos/bannou/Bannou.SDK/Bannou.SDK.csproj::TargetFramework=net9.0]
/home/lysander/repos/bannou/bannou-service/Generated/Models/DocumentationModels.cs(1257,19): warning CS1591: Missing XML comment for publicly visible type or member 'PurgeTrashcanRequest.Namespace' [/home/lysander/repos/bannou/Bannou.SDK/Bannou.SDK.csproj::TargetFramework=net9.0]
/home/lysander/repos/bannou/bannou-service/Generated/Models/DocumentationModels.cs(1268,68): warning CS1591: Missing XML comment for publicly visible type or member 'PurgeTrashcanRequest.AdditionalProperties' [/home/lysander/repos/bannou/Bannou.SDK/Bannou.SDK.csproj::TargetFramework=net9.0]
/home/lysander/repos/bannou/bannou-service/Generated/Models/DocumentationModels.cs(1277,22): warning CS1591: Missing XML comment for publicly visible type or member 'PurgeTrashcanResponse' [/home/lysander/repos/bannou/Bannou.SDK/Bannou.SDK.csproj::TargetFramework=net9.0]
/home/lysander/repos/bannou/bannou-service/Generated/Models/DocumentationModels.cs(1281,16): warning CS1591: Missing XML comment for publicly visible type or member 'PurgeTrashcanResponse.PurgedCount' [/home/lysander/repos/bannou/Bannou.SDK/Bannou.SDK.csproj::TargetFramework=net9.0]
/home/lysander/repos/bannou/bannou-service/Generated/Models/DocumentationModels.cs(1286,68): warning CS1591: Missing XML comment for publicly visible type or member 'PurgeTrashcanResponse.AdditionalProperties' [/home/lysander/repos/bannou/Bannou.SDK/Bannou.SDK.csproj::TargetFramework=net9.0]
/home/lysander/repos/bannou/bannou-service/Generated/Models/DocumentationModels.cs(1295,22): warning CS1591: Missing XML comment for publicly visible type or member 'GetNamespaceStatsRequest' [/home/lysander/repos/bannou/Bannou.SDK/Bannou.SDK.csproj::TargetFramework=net9.0]
/home/lysander/repos/bannou/bannou-service/Generated/Models/DocumentationModels.cs(1303,19): warning CS1591: Missing XML comment for publicly visible type or member 'GetNamespaceStatsRequest.Namespace' [/home/lysander/repos/bannou/Bannou.SDK/Bannou.SDK.csproj::TargetFramework=net9.0]
/home/lysander/repos/bannou/bannou-service/Generated/Models/DocumentationModels.cs(1308,68): warning CS1591: Missing XML comment for publicly visible type or member 'GetNamespaceStatsRequest.AdditionalProperties' [/home/lysander/repos/bannou/Bannou.SDK/Bannou.SDK.csproj::TargetFramework=net9.0]
/home/lysander/repos/bannou/bannou-service/Generated/Models/DocumentationModels.cs(1317,22): warning CS1591: Missing XML comment for publicly visible type or member 'NamespaceStatsResponse' [/home/lysander/repos/bannou/Bannou.SDK/Bannou.SDK.csproj::TargetFramework=net9.0]
/home/lysander/repos/bannou/bannou-service/Generated/Models/DocumentationModels.cs(1323,19): warning CS1591: Missing XML comment for publicly visible type or member 'NamespaceStatsResponse.Namespace' [/home/lysander/repos/bannou/Bannou.SDK/Bannou.SDK.csproj::TargetFramework=net9.0]
/home/lysander/repos/bannou/bannou-service/Generated/Models/DocumentationModels.cs(1326,16): warning CS1591: Missing XML comment for publicly visible type or member 'NamespaceStatsResponse.DocumentCount' [/home/lysander/repos/bannou/Bannou.SDK/Bannou.SDK.csproj::TargetFramework=net9.0]
/home/lysander/repos/bannou/bannou-service/Generated/Models/DocumentationModels.cs(1329,64): warning CS1591: Missing XML comment for publicly visible type or member 'NamespaceStatsResponse.CategoryCounts' [/home/lysander/repos/bannou/Bannou.SDK/Bannou.SDK.csproj::TargetFramework=net9.0]
/home/lysander/repos/bannou/bannou-service/Generated/Models/DocumentationModels.cs(1332,16): warning CS1591: Missing XML comment for publicly visible type or member 'NamespaceStatsResponse.TrashcanCount' [/home/lysander/repos/bannou/Bannou.SDK/Bannou.SDK.csproj::TargetFramework=net9.0]
/home/lysander/repos/bannou/bannou-service/Generated/Models/DocumentationModels.cs(1335,16): warning CS1591: Missing XML comment for publicly visible type or member 'NamespaceStatsResponse.TotalContentSizeBytes' [/home/lysander/repos/bannou/Bannou.SDK/Bannou.SDK.csproj::TargetFramework=net9.0]
/home/lysander/repos/bannou/bannou-service/Generated/Models/DocumentationModels.cs(1338,34): warning CS1591: Missing XML comment for publicly visible type or member 'NamespaceStatsResponse.LastUpdated' [/home/lysander/repos/bannou/Bannou.SDK/Bannou.SDK.csproj::TargetFramework=net9.0]
/home/lysander/repos/bannou/bannou-service/Generated/Models/DocumentationModels.cs(1343,68): warning CS1591: Missing XML comment for publicly visible type or member 'NamespaceStatsResponse.AdditionalProperties' [/home/lysander/repos/bannou/Bannou.SDK/Bannou.SDK.csproj::TargetFramework=net9.0]
/home/lysander/repos/bannou/bannou-service/Generated/Models/DocumentationModels.cs(1352,22): warning CS1591: Missing XML comment for publicly visible type or member 'Document' [/home/lysander/repos/bannou/Bannou.SDK/Bannou.SDK.csproj::TargetFramework=net9.0]
/home/lysander/repos/bannou/bannou-service/Generated/Models/DocumentationModels.cs(1358,24): warning CS1591: Missing XML comment for publicly visible type or member 'Document.DocumentId' [/home/lysander/repos/bannou/Bannou.SDK/Bannou.SDK.csproj::TargetFramework=net9.0]
/home/lysander/repos/bannou/bannou-service/Generated/Models/DocumentationModels.cs(1363,19): warning CS1591: Missing XML comment for publicly visible type or member 'Document.Namespace' [/home/lysander/repos/bannou/Bannou.SDK/Bannou.SDK.csproj::TargetFramework=net9.0]
/home/lysander/repos/bannou/bannou-service/Generated/Models/DocumentationModels.cs(1368,19): warning CS1591: Missing XML comment for publicly visible type or member 'Document.Slug' [/home/lysander/repos/bannou/Bannou.SDK/Bannou.SDK.csproj::TargetFramework=net9.0]
/home/lysander/repos/bannou/bannou-service/Generated/Models/DocumentationModels.cs(1373,19): warning CS1591: Missing XML comment for publicly visible type or member 'Document.Title' [/home/lysander/repos/bannou/Bannou.SDK/Bannou.SDK.csproj::TargetFramework=net9.0]
/home/lysander/repos/bannou/bannou-service/Generated/Models/DocumentationModels.cs(1379,29): warning CS1591: Missing XML comment for publicly visible type or member 'Document.Category' [/home/lysander/repos/bannou/Bannou.SDK/Bannou.SDK.csproj::TargetFramework=net9.0]
/home/lysander/repos/bannou/bannou-service/Generated/Models/DocumentationModels.cs(1382,19): warning CS1591: Missing XML comment for publicly visible type or member 'Document.Content' [/home/lysander/repos/bannou/Bannou.SDK/Bannou.SDK.csproj::TargetFramework=net9.0]
/home/lysander/repos/bannou/bannou-service/Generated/Models/DocumentationModels.cs(1385,19): warning CS1591: Missing XML comment for publicly visible type or member 'Document.Summary' [/home/lysander/repos/bannou/Bannou.SDK/Bannou.SDK.csproj::TargetFramework=net9.0]
/home/lysander/repos/bannou/bannou-service/Generated/Models/DocumentationModels.cs(1388,19): warning CS1591: Missing XML comment for publicly visible type or member 'Document.VoiceSummary' [/home/lysander/repos/bannou/Bannou.SDK/Bannou.SDK.csproj::TargetFramework=net9.0]
/home/lysander/repos/bannou/bannou-service/Generated/Models/DocumentationModels.cs(1391,59): warning CS1591: Missing XML comment for publicly visible type or member 'Document.Tags' [/home/lysander/repos/bannou/Bannou.SDK/Bannou.SDK.csproj::TargetFramework=net9.0]
/home/lysander/repos/bannou/bannou-service/Generated/Models/DocumentationModels.cs(1394,64): warning CS1591: Missing XML comment for publicly visible type or member 'Document.RelatedDocuments' [/home/lysander/repos/bannou/Bannou.SDK/Bannou.SDK.csproj::TargetFramework=net9.0]
/home/lysander/repos/bannou/bannou-service/Generated/Models/DocumentationModels.cs(1397,19): warning CS1591: Missing XML comment for publicly visible type or member 'Document.Metadata' [/home/lysander/repos/bannou/Bannou.SDK/Bannou.SDK.csproj::TargetFramework=net9.0]
/home/lysander/repos/bannou/bannou-service/Generated/Models/DocumentationModels.cs(1402,34): warning CS1591: Missing XML comment for publicly visible type or member 'Document.CreatedAt' [/home/lysander/repos/bannou/Bannou.SDK/Bannou.SDK.csproj::TargetFramework=net9.0]
/home/lysander/repos/bannou/bannou-service/Generated/Models/DocumentationModels.cs(1407,34): warning CS1591: Missing XML comment for publicly visible type or member 'Document.UpdatedAt' [/home/lysander/repos/bannou/Bannou.SDK/Bannou.SDK.csproj::TargetFramework=net9.0]
/home/lysander/repos/bannou/bannou-service/Generated/Models/DocumentationModels.cs(1412,68): warning CS1591: Missing XML comment for publicly visible type or member 'Document.AdditionalProperties' [/home/lysander/repos/bannou/Bannou.SDK/Bannou.SDK.csproj::TargetFramework=net9.0]
/home/lysander/repos/bannou/bannou-service/Generated/Models/DocumentationModels.cs(1421,22): warning CS1591: Missing XML comment for publicly visible type or member 'DocumentSummary' [/home/lysander/repos/bannou/Bannou.SDK/Bannou.SDK.csproj::TargetFramework=net9.0]
/home/lysander/repos/bannou/bannou-service/Generated/Models/DocumentationModels.cs(1427,24): warning CS1591: Missing XML comment for publicly visible type or member 'DocumentSummary.DocumentId' [/home/lysander/repos/bannou/Bannou.SDK/Bannou.SDK.csproj::TargetFramework=net9.0]
/home/lysander/repos/bannou/bannou-service/Generated/Models/DocumentationModels.cs(1432,19): warning CS1591: Missing XML comment for publicly visible type or member 'DocumentSummary.Slug' [/home/lysander/repos/bannou/Bannou.SDK/Bannou.SDK.csproj::TargetFramework=net9.0]
/home/lysander/repos/bannou/bannou-service/Generated/Models/DocumentationModels.cs(1437,19): warning CS1591: Missing XML comment for publicly visible type or member 'DocumentSummary.Title' [/home/lysander/repos/bannou/Bannou.SDK/Bannou.SDK.csproj::TargetFramework=net9.0]
/home/lysander/repos/bannou/bannou-service/Generated/Models/DocumentationModels.cs(1443,29): warning CS1591: Missing XML comment for publicly visible type or member 'DocumentSummary.Category' [/home/lysander/repos/bannou/Bannou.SDK/Bannou.SDK.csproj::TargetFramework=net9.0]
/home/lysander/repos/bannou/bannou-service/Generated/Models/DocumentationModels.cs(1446,19): warning CS1591: Missing XML comment for publicly visible type or member 'DocumentSummary.Summary' [/home/lysander/repos/bannou/Bannou.SDK/Bannou.SDK.csproj::TargetFramework=net9.0]
/home/lysander/repos/bannou/bannou-service/Generated/Models/DocumentationModels.cs(1449,19): warning CS1591: Missing XML comment for publicly visible type or member 'DocumentSummary.VoiceSummary' [/home/lysander/repos/bannou/Bannou.SDK/Bannou.SDK.csproj::TargetFramework=net9.0]
/home/lysander/repos/bannou/bannou-service/Generated/Models/DocumentationModels.cs(1452,59): warning CS1591: Missing XML comment for publicly visible type or member 'DocumentSummary.Tags' [/home/lysander/repos/bannou/Bannou.SDK/Bannou.SDK.csproj::TargetFramework=net9.0]
/home/lysander/repos/bannou/bannou-service/Generated/Models/DocumentationModels.cs(1457,68): warning CS1591: Missing XML comment for publicly visible type or member 'DocumentSummary.AdditionalProperties' [/home/lysander/repos/bannou/Bannou.SDK/Bannou.SDK.csproj::TargetFramework=net9.0]
/home/lysander/repos/bannou/bannou-service/Generated/Models/DocumentationModels.cs(1466,22): warning CS1591: Missing XML comment for publicly visible type or member 'DocumentResult' [/home/lysander/repos/bannou/Bannou.SDK/Bannou.SDK.csproj::TargetFramework=net9.0]
/home/lysander/repos/bannou/bannou-service/Generated/Models/DocumentationModels.cs(1472,24): warning CS1591: Missing XML comment for publicly visible type or member 'DocumentResult.DocumentId' [/home/lysander/repos/bannou/Bannou.SDK/Bannou.SDK.csproj::TargetFramework=net9.0]
/home/lysander/repos/bannou/bannou-service/Generated/Models/DocumentationModels.cs(1477,19): warning CS1591: Missing XML comment for publicly visible type or member 'DocumentResult.Slug' [/home/lysander/repos/bannou/Bannou.SDK/Bannou.SDK.csproj::TargetFramework=net9.0]
/home/lysander/repos/bannou/bannou-service/Generated/Models/DocumentationModels.cs(1482,19): warning CS1591: Missing XML comment for publicly visible type or member 'DocumentResult.Title' [/home/lysander/repos/bannou/Bannou.SDK/Bannou.SDK.csproj::TargetFramework=net9.0]
/home/lysander/repos/bannou/bannou-service/Generated/Models/DocumentationModels.cs(1486,29): warning CS1591: Missing XML comment for publicly visible type or member 'DocumentResult.Category' [/home/lysander/repos/bannou/Bannou.SDK/Bannou.SDK.csproj::TargetFramework=net9.0]
/home/lysander/repos/bannou/bannou-service/Generated/Models/DocumentationModels.cs(1489,19): warning CS1591: Missing XML comment for publicly visible type or member 'DocumentResult.Summary' [/home/lysander/repos/bannou/Bannou.SDK/Bannou.SDK.csproj::TargetFramework=net9.0]
/home/lysander/repos/bannou/bannou-service/Generated/Models/DocumentationModels.cs(1492,19): warning CS1591: Missing XML comment for publicly visible type or member 'DocumentResult.VoiceSummary' [/home/lysander/repos/bannou/Bannou.SDK/Bannou.SDK.csproj::TargetFramework=net9.0]
/home/lysander/repos/bannou/bannou-service/Generated/Models/DocumentationModels.cs(1495,19): warning CS1591: Missing XML comment for publicly visible type or member 'DocumentResult.Content' [/home/lysander/repos/bannou/Bannou.SDK/Bannou.SDK.csproj::TargetFramework=net9.0]
/home/lysander/repos/bannou/bannou-service/Generated/Models/DocumentationModels.cs(1498,18): warning CS1591: Missing XML comment for publicly visible type or member 'DocumentResult.RelevanceScore' [/home/lysander/repos/bannou/Bannou.SDK/Bannou.SDK.csproj::TargetFramework=net9.0]
/home/lysander/repos/bannou/bannou-service/Generated/Models/DocumentationModels.cs(1501,59): warning CS1591: Missing XML comment for publicly visible type or member 'DocumentResult.MatchHighlights' [/home/lysander/repos/bannou/Bannou.SDK/Bannou.SDK.csproj::TargetFramework=net9.0]
/home/lysander/repos/bannou/bannou-service/Generated/Models/DocumentationModels.cs(1506,68): warning CS1591: Missing XML comment for publicly visible type or member 'DocumentResult.AdditionalProperties' [/home/lysander/repos/bannou/Bannou.SDK/Bannou.SDK.csproj::TargetFramework=net9.0]
/home/lysander/repos/bannou/bannou-service/Generated/Models/DocumentationModels.cs(1522,5): warning CS1591: Missing XML comment for publicly visible type or member 'BindingStatus.Pending' [/home/lysander/repos/bannou/Bannou.SDK/Bannou.SDK.csproj::TargetFramework=net9.0]
/home/lysander/repos/bannou/bannou-service/Generated/Models/DocumentationModels.cs(1525,5): warning CS1591: Missing XML comment for publicly visible type or member 'BindingStatus.Syncing' [/home/lysander/repos/bannou/Bannou.SDK/Bannou.SDK.csproj::TargetFramework=net9.0]
/home/lysander/repos/bannou/bannou-service/Generated/Models/DocumentationModels.cs(1528,5): warning CS1591: Missing XML comment for publicly visible type or member 'BindingStatus.Synced' [/home/lysander/repos/bannou/Bannou.SDK/Bannou.SDK.csproj::TargetFramework=net9.0]
/home/lysander/repos/bannou/bannou-service/Generated/Models/DocumentationModels.cs(1531,5): warning CS1591: Missing XML comment for publicly visible type or member 'BindingStatus.Error' [/home/lysander/repos/bannou/Bannou.SDK/Bannou.SDK.csproj::TargetFramework=net9.0]
/home/lysander/repos/bannou/bannou-service/Generated/Models/DocumentationModels.cs(1534,5): warning CS1591: Missing XML comment for publicly visible type or member 'BindingStatus.Disabled' [/home/lysander/repos/bannou/Bannou.SDK/Bannou.SDK.csproj::TargetFramework=net9.0]
/home/lysander/repos/bannou/bannou-service/Generated/Models/DocumentationModels.cs(1546,5): warning CS1591: Missing XML comment for publicly visible type or member 'SyncStatus.Success' [/home/lysander/repos/bannou/Bannou.SDK/Bannou.SDK.csproj::TargetFramework=net9.0]
/home/lysander/repos/bannou/bannou-service/Generated/Models/DocumentationModels.cs(1549,5): warning CS1591: Missing XML comment for publicly visible type or member 'SyncStatus.Partial' [/home/lysander/repos/bannou/Bannou.SDK/Bannou.SDK.csproj::TargetFramework=net9.0]
/home/lysander/repos/bannou/bannou-service/Generated/Models/DocumentationModels.cs(1552,5): warning CS1591: Missing XML comment for publicly visible type or member 'SyncStatus.Failed' [/home/lysander/repos/bannou/Bannou.SDK/Bannou.SDK.csproj::TargetFramework=net9.0]
/home/lysander/repos/bannou/bannou-service/Generated/Models/DocumentationModels.cs(1564,5): warning CS1591: Missing XML comment for publicly visible type or member 'SyncTrigger.Manual' [/home/lysander/repos/bannou/Bannou.SDK/Bannou.SDK.csproj::TargetFramework=net9.0]
/home/lysander/repos/bannou/bannou-service/Generated/Models/DocumentationModels.cs(1567,5): warning CS1591: Missing XML comment for publicly visible type or member 'SyncTrigger.Scheduled' [/home/lysander/repos/bannou/Bannou.SDK/Bannou.SDK.csproj::TargetFramework=net9.0]
/home/lysander/repos/bannou/bannou-service/Generated/Models/DocumentationModels.cs(1572,22): warning CS1591: Missing XML comment for publicly visible type or member 'BindRepositoryRequest' [/home/lysander/repos/bannou/Bannou.SDK/Bannou.SDK.csproj::TargetFramework=net9.0]
/home/lysander/repos/bannou/bannou-service/Generated/Models/DocumentationModels.cs(1626,29): warning CS1591: Missing XML comment for publicly visible type or member 'BindRepositoryRequest.DefaultCategory' [/home/lysander/repos/bannou/Bannou.SDK/Bannou.SDK.csproj::TargetFramework=net9.0]
/home/lysander/repos/bannou/bannou-service/Generated/Models/DocumentationModels.cs(1643,68): warning CS1591: Missing XML comment for publicly visible type or member 'BindRepositoryRequest.AdditionalProperties' [/home/lysander/repos/bannou/Bannou.SDK/Bannou.SDK.csproj::TargetFramework=net9.0]
/home/lysander/repos/bannou/bannou-service/Generated/Models/DocumentationModels.cs(1652,22): warning CS1591: Missing XML comment for publicly visible type or member 'BindRepositoryResponse' [/home/lysander/repos/bannou/Bannou.SDK/Bannou.SDK.csproj::TargetFramework=net9.0]
/home/lysander/repos/bannou/bannou-service/Generated/Models/DocumentationModels.cs(1658,24): warning CS1591: Missing XML comment for publicly visible type or member 'BindRepositoryResponse.BindingId' [/home/lysander/repos/bannou/Bannou.SDK/Bannou.SDK.csproj::TargetFramework=net9.0]
/home/lysander/repos/bannou/bannou-service/Generated/Models/DocumentationModels.cs(1663,19): warning CS1591: Missing XML comment for publicly visible type or member 'BindRepositoryResponse.Namespace' [/home/lysander/repos/bannou/Bannou.SDK/Bannou.SDK.csproj::TargetFramework=net9.0]
/home/lysander/repos/bannou/bannou-service/Generated/Models/DocumentationModels.cs(1666,19): warning CS1591: Missing XML comment for publicly visible type or member 'BindRepositoryResponse.RepositoryUrl' [/home/lysander/repos/bannou/Bannou.SDK/Bannou.SDK.csproj::TargetFramework=net9.0]
/home/lysander/repos/bannou/bannou-service/Generated/Models/DocumentationModels.cs(1669,19): warning CS1591: Missing XML comment for publicly visible type or member 'BindRepositoryResponse.Branch' [/home/lysander/repos/bannou/Bannou.SDK/Bannou.SDK.csproj::TargetFramework=net9.0]
/home/lysander/repos/bannou/bannou-service/Generated/Models/DocumentationModels.cs(1675,26): warning CS1591: Missing XML comment for publicly visible type or member 'BindRepositoryResponse.Status' [/home/lysander/repos/bannou/Bannou.SDK/Bannou.SDK.csproj::TargetFramework=net9.0]
/home/lysander/repos/bannou/bannou-service/Generated/Models/DocumentationModels.cs(1678,34): warning CS1591: Missing XML comment for publicly visible type or member 'BindRepositoryResponse.CreatedAt' [/home/lysander/repos/bannou/Bannou.SDK/Bannou.SDK.csproj::TargetFramework=net9.0]
/home/lysander/repos/bannou/bannou-service/Generated/Models/DocumentationModels.cs(1683,68): warning CS1591: Missing XML comment for publicly visible type or member 'BindRepositoryResponse.AdditionalProperties' [/home/lysander/repos/bannou/Bannou.SDK/Bannou.SDK.csproj::TargetFramework=net9.0]
/home/lysander/repos/bannou/bannou-service/Generated/Models/DocumentationModels.cs(1692,22): warning CS1591: Missing XML comment for publicly visible type or member 'UnbindRepositoryRequest' [/home/lysander/repos/bannou/Bannou.SDK/Bannou.SDK.csproj::TargetFramework=net9.0]
/home/lysander/repos/bannou/bannou-service/Generated/Models/DocumentationModels.cs(1700,19): warning CS1591: Missing XML comment for publicly visible type or member 'UnbindRepositoryRequest.Namespace' [/home/lysander/repos/bannou/Bannou.SDK/Bannou.SDK.csproj::TargetFramework=net9.0]
/home/lysander/repos/bannou/bannou-service/Generated/Models/DocumentationModels.cs(1711,68): warning CS1591: Missing XML comment for publicly visible type or member 'UnbindRepositoryRequest.AdditionalProperties' [/home/lysander/repos/bannou/Bannou.SDK/Bannou.SDK.csproj::TargetFramework=net9.0]
/home/lysander/repos/bannou/bannou-service/Generated/Models/DocumentationModels.cs(1720,22): warning CS1591: Missing XML comment for publicly visible type or member 'UnbindRepositoryResponse' [/home/lysander/repos/bannou/Bannou.SDK/Bannou.SDK.csproj::TargetFramework=net9.0]
/home/lysander/repos/bannou/bannou-service/Generated/Models/DocumentationModels.cs(1726,19): warning CS1591: Missing XML comment for publicly visible type or member 'UnbindRepositoryResponse.Namespace' [/home/lysander/repos/bannou/Bannou.SDK/Bannou.SDK.csproj::TargetFramework=net9.0]
/home/lysander/repos/bannou/bannou-service/Generated/Models/DocumentationModels.cs(1737,68): warning CS1591: Missing XML comment for publicly visible type or member 'UnbindRepositoryResponse.AdditionalProperties' [/home/lysander/repos/bannou/Bannou.SDK/Bannou.SDK.csproj::TargetFramework=net9.0]
/home/lysander/repos/bannou/bannou-service/Generated/Models/DocumentationModels.cs(1746,22): warning CS1591: Missing XML comment for publicly visible type or member 'SyncRepositoryRequest' [/home/lysander/repos/bannou/Bannou.SDK/Bannou.SDK.csproj::TargetFramework=net9.0]
/home/lysander/repos/bannou/bannou-service/Generated/Models/DocumentationModels.cs(1754,19): warning CS1591: Missing XML comment for publicly visible type or member 'SyncRepositoryRequest.Namespace' [/home/lysander/repos/bannou/Bannou.SDK/Bannou.SDK.csproj::TargetFramework=net9.0]
/home/lysander/repos/bannou/bannou-service/Generated/Models/DocumentationModels.cs(1765,68): warning CS1591: Missing XML comment for publicly visible type or member 'SyncRepositoryRequest.AdditionalProperties' [/home/lysander/repos/bannou/Bannou.SDK/Bannou.SDK.csproj::TargetFramework=net9.0]
/home/lysander/repos/bannou/bannou-service/Generated/Models/DocumentationModels.cs(1774,22): warning CS1591: Missing XML comment for publicly visible type or member 'SyncRepositoryResponse' [/home/lysander/repos/bannou/Bannou.SDK/Bannou.SDK.csproj::TargetFramework=net9.0]
/home/lysander/repos/bannou/bannou-service/Generated/Models/DocumentationModels.cs(1780,24): warning CS1591: Missing XML comment for publicly visible type or member 'SyncRepositoryResponse.SyncId' [/home/lysander/repos/bannou/Bannou.SDK/Bannou.SDK.csproj::TargetFramework=net9.0]
/home/lysander/repos/bannou/bannou-service/Generated/Models/DocumentationModels.cs(1786,23): warning CS1591: Missing XML comment for publicly visible type or member 'SyncRepositoryResponse.Status' [/home/lysander/repos/bannou/Bannou.SDK/Bannou.SDK.csproj::TargetFramework=net9.0]
/home/lysander/repos/bannou/bannou-service/Generated/Models/DocumentationModels.cs(1789,19): warning CS1591: Missing XML comment for publicly visible type or member 'SyncRepositoryResponse.CommitHash' [/home/lysander/repos/bannou/Bannou.SDK/Bannou.SDK.csproj::TargetFramework=net9.0]
/home/lysander/repos/bannou/bannou-service/Generated/Models/DocumentationModels.cs(1792,16): warning CS1591: Missing XML comment for publicly visible type or member 'SyncRepositoryResponse.DocumentsCreated' [/home/lysander/repos/bannou/Bannou.SDK/Bannou.SDK.csproj::TargetFramework=net9.0]
/home/lysander/repos/bannou/bannou-service/Generated/Models/DocumentationModels.cs(1795,16): warning CS1591: Missing XML comment for publicly visible type or member 'SyncRepositoryResponse.DocumentsUpdated' [/home/lysander/repos/bannou/Bannou.SDK/Bannou.SDK.csproj::TargetFramework=net9.0]
/home/lysander/repos/bannou/bannou-service/Generated/Models/DocumentationModels.cs(1798,16): warning CS1591: Missing XML comment for publicly visible type or member 'SyncRepositoryResponse.DocumentsDeleted' [/home/lysander/repos/bannou/Bannou.SDK/Bannou.SDK.csproj::TargetFramework=net9.0]
/home/lysander/repos/bannou/bannou-service/Generated/Models/DocumentationModels.cs(1801,16): warning CS1591: Missing XML comment for publicly visible type or member 'SyncRepositoryResponse.DocumentsFailed' [/home/lysander/repos/bannou/Bannou.SDK/Bannou.SDK.csproj::TargetFramework=net9.0]
/home/lysander/repos/bannou/bannou-service/Generated/Models/DocumentationModels.cs(1804,16): warning CS1591: Missing XML comment for publicly visible type or member 'SyncRepositoryResponse.DurationMs' [/home/lysander/repos/bannou/Bannou.SDK/Bannou.SDK.csproj::TargetFramework=net9.0]
/home/lysander/repos/bannou/bannou-service/Generated/Models/DocumentationModels.cs(1807,20): warning CS1591: Missing XML comment for publicly visible type or member 'SyncRepositoryResponse.ErrorMessage' [/home/lysander/repos/bannou/Bannou.SDK/Bannou.SDK.csproj::TargetFramework=net9.0]
/home/lysander/repos/bannou/bannou-service/Generated/Models/DocumentationModels.cs(1812,68): warning CS1591: Missing XML comment for publicly visible type or member 'SyncRepositoryResponse.AdditionalProperties' [/home/lysander/repos/bannou/Bannou.SDK/Bannou.SDK.csproj::TargetFramework=net9.0]
/home/lysander/repos/bannou/bannou-service/Generated/Models/DocumentationModels.cs(1821,22): warning CS1591: Missing XML comment for publicly visible type or member 'RepositoryStatusRequest' [/home/lysander/repos/bannou/Bannou.SDK/Bannou.SDK.csproj::TargetFramework=net9.0]
/home/lysander/repos/bannou/bannou-service/Generated/Models/DocumentationModels.cs(1829,19): warning CS1591: Missing XML comment for publicly visible type or member 'RepositoryStatusRequest.Namespace' [/home/lysander/repos/bannou/Bannou.SDK/Bannou.SDK.csproj::TargetFramework=net9.0]
/home/lysander/repos/bannou/bannou-service/Generated/Models/DocumentationModels.cs(1834,68): warning CS1591: Missing XML comment for publicly visible type or member 'RepositoryStatusRequest.AdditionalProperties' [/home/lysander/repos/bannou/Bannou.SDK/Bannou.SDK.csproj::TargetFramework=net9.0]
/home/lysander/repos/bannou/bannou-service/Generated/Models/DocumentationModels.cs(1843,22): warning CS1591: Missing XML comment for publicly visible type or member 'RepositoryStatusResponse' [/home/lysander/repos/bannou/Bannou.SDK/Bannou.SDK.csproj::TargetFramework=net9.0]
/home/lysander/repos/bannou/bannou-service/Generated/Models/DocumentationModels.cs(1847,34): warning CS1591: Missing XML comment for publicly visible type or member 'RepositoryStatusResponse.Binding' [/home/lysander/repos/bannou/Bannou.SDK/Bannou.SDK.csproj::TargetFramework=net9.0]
/home/lysander/repos/bannou/bannou-service/Generated/Models/DocumentationModels.cs(1850,21): warning CS1591: Missing XML comment for publicly visible type or member 'RepositoryStatusResponse.LastSync' [/home/lysander/repos/bannou/Bannou.SDK/Bannou.SDK.csproj::TargetFramework=net9.0]
/home/lysander/repos/bannou/bannou-service/Generated/Models/DocumentationModels.cs(1855,68): warning CS1591: Missing XML comment for publicly visible type or member 'RepositoryStatusResponse.AdditionalProperties' [/home/lysander/repos/bannou/Bannou.SDK/Bannou.SDK.csproj::TargetFramework=net9.0]
/home/lysander/repos/bannou/bannou-service/Generated/Models/DocumentationModels.cs(1864,22): warning CS1591: Missing XML comment for publicly visible type or member 'RepositoryBindingInfo' [/home/lysander/repos/bannou/Bannou.SDK/Bannou.SDK.csproj::TargetFramework=net9.0]
/home/lysander/repos/bannou/bannou-service/Generated/Models/DocumentationModels.cs(1870,24): warning CS1591: Missing XML comment for publicly visible type or member 'RepositoryBindingInfo.BindingId' [/home/lysander/repos/bannou/Bannou.SDK/Bannou.SDK.csproj::TargetFramework=net9.0]
/home/lysander/repos/bannou/bannou-service/Generated/Models/DocumentationModels.cs(1875,19): warning CS1591: Missing XML comment for publicly visible type or member 'RepositoryBindingInfo.Namespace' [/home/lysander/repos/bannou/Bannou.SDK/Bannou.SDK.csproj::TargetFramework=net9.0]
/home/lysander/repos/bannou/bannou-service/Generated/Models/DocumentationModels.cs(1880,19): warning CS1591: Missing XML comment for publicly visible type or member 'RepositoryBindingInfo.RepositoryUrl' [/home/lysander/repos/bannou/Bannou.SDK/Bannou.SDK.csproj::TargetFramework=net9.0]
/home/lysander/repos/bannou/bannou-service/Generated/Models/DocumentationModels.cs(1883,19): warning CS1591: Missing XML comment for publicly visible type or member 'RepositoryBindingInfo.Branch' [/home/lysander/repos/bannou/Bannou.SDK/Bannou.SDK.csproj::TargetFramework=net9.0]
/home/lysander/repos/bannou/bannou-service/Generated/Models/DocumentationModels.cs(1889,26): warning CS1591: Missing XML comment for publicly visible type or member 'RepositoryBindingInfo.Status' [/home/lysander/repos/bannou/Bannou.SDK/Bannou.SDK.csproj::TargetFramework=net9.0]
/home/lysander/repos/bannou/bannou-service/Generated/Models/DocumentationModels.cs(1892,17): warning CS1591: Missing XML comment for publicly visible type or member 'RepositoryBindingInfo.SyncEnabled' [/home/lysander/repos/bannou/Bannou.SDK/Bannou.SDK.csproj::TargetFramework=net9.0]
/home/lysander/repos/bannou/bannou-service/Generated/Models/DocumentationModels.cs(1895,16): warning CS1591: Missing XML comment for publicly visible type or member 'RepositoryBindingInfo.SyncIntervalMinutes' [/home/lysander/repos/bannou/Bannou.SDK/Bannou.SDK.csproj::TargetFramework=net9.0]
/home/lysander/repos/bannou/bannou-service/Generated/Models/DocumentationModels.cs(1898,16): warning CS1591: Missing XML comment for publicly visible type or member 'RepositoryBindingInfo.DocumentCount' [/home/lysander/repos/bannou/Bannou.SDK/Bannou.SDK.csproj::TargetFramework=net9.0]
/home/lysander/repos/bannou/bannou-service/Generated/Models/DocumentationModels.cs(1901,34): warning CS1591: Missing XML comment for publicly visible type or member 'RepositoryBindingInfo.CreatedAt' [/home/lysander/repos/bannou/Bannou.SDK/Bannou.SDK.csproj::TargetFramework=net9.0]
/home/lysander/repos/bannou/bannou-service/Generated/Models/DocumentationModels.cs(1904,24): warning CS1591: Missing XML comment for publicly visible type or member 'RepositoryBindingInfo.CreatedBy' [/home/lysander/repos/bannou/Bannou.SDK/Bannou.SDK.csproj::TargetFramework=net9.0]
/home/lysander/repos/bannou/bannou-service/Generated/Models/DocumentationModels.cs(1909,68): warning CS1591: Missing XML comment for publicly visible type or member 'RepositoryBindingInfo.AdditionalProperties' [/home/lysander/repos/bannou/Bannou.SDK/Bannou.SDK.csproj::TargetFramework=net9.0]
/home/lysander/repos/bannou/bannou-service/Generated/Models/DocumentationModels.cs(1918,22): warning CS1591: Missing XML comment for publicly visible type or member 'SyncInfo' [/home/lysander/repos/bannou/Bannou.SDK/Bannou.SDK.csproj::TargetFramework=net9.0]
/home/lysander/repos/bannou/bannou-service/Generated/Models/DocumentationModels.cs(1922,24): warning CS1591: Missing XML comment for publicly visible type or member 'SyncInfo.SyncId' [/home/lysander/repos/bannou/Bannou.SDK/Bannou.SDK.csproj::TargetFramework=net9.0]
/home/lysander/repos/bannou/bannou-service/Generated/Models/DocumentationModels.cs(1926,23): warning CS1591: Missing XML comment for publicly visible type or member 'SyncInfo.Status' [/home/lysander/repos/bannou/Bannou.SDK/Bannou.SDK.csproj::TargetFramework=net9.0]
/home/lysander/repos/bannou/bannou-service/Generated/Models/DocumentationModels.cs(1930,24): warning CS1591: Missing XML comment for publicly visible type or member 'SyncInfo.TriggeredBy' [/home/lysander/repos/bannou/Bannou.SDK/Bannou.SDK.csproj::TargetFramework=net9.0]
/home/lysander/repos/bannou/bannou-service/Generated/Models/DocumentationModels.cs(1933,34): warning CS1591: Missing XML comment for publicly visible type or member 'SyncInfo.StartedAt' [/home/lysander/repos/bannou/Bannou.SDK/Bannou.SDK.csproj::TargetFramework=net9.0]
/home/lysander/repos/bannou/bannou-service/Generated/Models/DocumentationModels.cs(1936,34): warning CS1591: Missing XML comment for publicly visible type or member 'SyncInfo.CompletedAt' [/home/lysander/repos/bannou/Bannou.SDK/Bannou.SDK.csproj::TargetFramework=net9.0]
/home/lysander/repos/bannou/bannou-service/Generated/Models/DocumentationModels.cs(1939,19): warning CS1591: Missing XML comment for publicly visible type or member 'SyncInfo.CommitHash' [/home/lysander/repos/bannou/Bannou.SDK/Bannou.SDK.csproj::TargetFramework=net9.0]
/home/lysander/repos/bannou/bannou-service/Generated/Models/DocumentationModels.cs(1942,16): warning CS1591: Missing XML comment for publicly visible type or member 'SyncInfo.DocumentsProcessed' [/home/lysander/repos/bannou/Bannou.SDK/Bannou.SDK.csproj::TargetFramework=net9.0]
/home/lysander/repos/bannou/bannou-service/Generated/Models/DocumentationModels.cs(1947,68): warning CS1591: Missing XML comment for publicly visible type or member 'SyncInfo.AdditionalProperties' [/home/lysander/repos/bannou/Bannou.SDK/Bannou.SDK.csproj::TargetFramework=net9.0]
/home/lysander/repos/bannou/bannou-service/Generated/Models/DocumentationModels.cs(1956,22): warning CS1591: Missing XML comment for publicly visible type or member 'ListRepositoryBindingsRequest' [/home/lysander/repos/bannou/Bannou.SDK/Bannou.SDK.csproj::TargetFramework=net9.0]
/home/lysander/repos/bannou/bannou-service/Generated/Models/DocumentationModels.cs(1961,26): warning CS1591: Missing XML comment for publicly visible type or member 'ListRepositoryBindingsRequest.Status' [/home/lysander/repos/bannou/Bannou.SDK/Bannou.SDK.csproj::TargetFramework=net9.0]
/home/lysander/repos/bannou/bannou-service/Generated/Models/DocumentationModels.cs(1965,16): warning CS1591: Missing XML comment for publicly visible type or member 'ListRepositoryBindingsRequest.Limit' [/home/lysander/repos/bannou/Bannou.SDK/Bannou.SDK.csproj::TargetFramework=net9.0]
/home/lysander/repos/bannou/bannou-service/Generated/Models/DocumentationModels.cs(1969,16): warning CS1591: Missing XML comment for publicly visible type or member 'ListRepositoryBindingsRequest.Offset' [/home/lysander/repos/bannou/Bannou.SDK/Bannou.SDK.csproj::TargetFramework=net9.0]
/home/lysander/repos/bannou/bannou-service/Generated/Models/DocumentationModels.cs(1974,68): warning CS1591: Missing XML comment for publicly visible type or member 'ListRepositoryBindingsRequest.AdditionalProperties' [/home/lysander/repos/bannou/Bannou.SDK/Bannou.SDK.csproj::TargetFramework=net9.0]
/home/lysander/repos/bannou/bannou-service/Generated/Models/DocumentationModels.cs(1983,22): warning CS1591: Missing XML comment for publicly visible type or member 'ListRepositoryBindingsResponse' [/home/lysander/repos/bannou/Bannou.SDK/Bannou.SDK.csproj::TargetFramework=net9.0]
/home/lysander/repos/bannou/bannou-service/Generated/Models/DocumentationModels.cs(1989,74): warning CS1591: Missing XML comment for publicly visible type or member 'ListRepositoryBindingsResponse.Bindings' [/home/lysander/repos/bannou/Bannou.SDK/Bannou.SDK.csproj::TargetFramework=net9.0]
/home/lysander/repos/bannou/bannou-service/Generated/Models/DocumentationModels.cs(1992,16): warning CS1591: Missing XML comment for publicly visible type or member 'ListRepositoryBindingsResponse.Total' [/home/lysander/repos/bannou/Bannou.SDK/Bannou.SDK.csproj::TargetFramework=net9.0]
/home/lysander/repos/bannou/bannou-service/Generated/Models/DocumentationModels.cs(1997,68): warning CS1591: Missing XML comment for publicly visible type or member 'ListRepositoryBindingsResponse.AdditionalProperties' [/home/lysander/repos/bannou/Bannou.SDK/Bannou.SDK.csproj::TargetFramework=net9.0]
/home/lysander/repos/bannou/bannou-service/Generated/Models/DocumentationModels.cs(2006,22): warning CS1591: Missing XML comment for publicly visible type or member 'UpdateRepositoryBindingRequest' [/home/lysander/repos/bannou/Bannou.SDK/Bannou.SDK.csproj::TargetFramework=net9.0]
/home/lysander/repos/bannou/bannou-service/Generated/Models/DocumentationModels.cs(2014,19): warning CS1591: Missing XML comment for publicly visible type or member 'UpdateRepositoryBindingRequest.Namespace' [/home/lysander/repos/bannou/Bannou.SDK/Bannou.SDK.csproj::TargetFramework=net9.0]
/home/lysander/repos/bannou/bannou-service/Generated/Models/DocumentationModels.cs(2017,17): warning CS1591: Missing XML comment for publicly visible type or member 'UpdateRepositoryBindingRequest.SyncEnabled' [/home/lysander/repos/bannou/Bannou.SDK/Bannou.SDK.csproj::TargetFramework=net9.0]
/home/lysander/repos/bannou/bannou-service/Generated/Models/DocumentationModels.cs(2021,16): warning CS1591: Missing XML comment for publicly visible type or member 'UpdateRepositoryBindingRequest.SyncIntervalMinutes' [/home/lysander/repos/bannou/Bannou.SDK/Bannou.SDK.csproj::TargetFramework=net9.0]
/home/lysander/repos/bannou/bannou-service/Generated/Models/DocumentationModels.cs(2024,59): warning CS1591: Missing XML comment for publicly visible type or member 'UpdateRepositoryBindingRequest.FilePatterns' [/home/lysander/repos/bannou/Bannou.SDK/Bannou.SDK.csproj::TargetFramework=net9.0]
/home/lysander/repos/bannou/bannou-service/Generated/Models/DocumentationModels.cs(2027,59): warning CS1591: Missing XML comment for publicly visible type or member 'UpdateRepositoryBindingRequest.ExcludePatterns' [/home/lysander/repos/bannou/Bannou.SDK/Bannou.SDK.csproj::TargetFramework=net9.0]
/home/lysander/repos/bannou/bannou-service/Generated/Models/DocumentationModels.cs(2030,67): warning CS1591: Missing XML comment for publicly visible type or member 'UpdateRepositoryBindingRequest.CategoryMapping' [/home/lysander/repos/bannou/Bannou.SDK/Bannou.SDK.csproj::TargetFramework=net9.0]
/home/lysander/repos/bannou/bannou-service/Generated/Models/DocumentationModels.cs(2034,29): warning CS1591: Missing XML comment for publicly visible type or member 'UpdateRepositoryBindingRequest.DefaultCategory' [/home/lysander/repos/bannou/Bannou.SDK/Bannou.SDK.csproj::TargetFramework=net9.0]
/home/lysander/repos/bannou/bannou-service/Generated/Models/DocumentationModels.cs(2037,17): warning CS1591: Missing XML comment for publicly visible type or member 'UpdateRepositoryBindingRequest.ArchiveEnabled' [/home/lysander/repos/bannou/Bannou.SDK/Bannou.SDK.csproj::TargetFramework=net9.0]
/home/lysander/repos/bannou/bannou-service/Generated/Models/DocumentationModels.cs(2040,17): warning CS1591: Missing XML comment for publicly visible type or member 'UpdateRepositoryBindingRequest.ArchiveOnSync' [/home/lysander/repos/bannou/Bannou.SDK/Bannou.SDK.csproj::TargetFramework=net9.0]
/home/lysander/repos/bannou/bannou-service/Generated/Models/DocumentationModels.cs(2045,68): warning CS1591: Missing XML comment for publicly visible type or member 'UpdateRepositoryBindingRequest.AdditionalProperties' [/home/lysander/repos/bannou/Bannou.SDK/Bannou.SDK.csproj::TargetFramework=net9.0]
/home/lysander/repos/bannou/bannou-service/Generated/Models/DocumentationModels.cs(2054,22): warning CS1591: Missing XML comment for publicly visible type or member 'UpdateRepositoryBindingResponse' [/home/lysander/repos/bannou/Bannou.SDK/Bannou.SDK.csproj::TargetFramework=net9.0]
/home/lysander/repos/bannou/bannou-service/Generated/Models/DocumentationModels.cs(2060,34): warning CS1591: Missing XML comment for publicly visible type or member 'UpdateRepositoryBindingResponse.Binding' [/home/lysander/repos/bannou/Bannou.SDK/Bannou.SDK.csproj::TargetFramework=net9.0]
/home/lysander/repos/bannou/bannou-service/Generated/Models/DocumentationModels.cs(2065,68): warning CS1591: Missing XML comment for publicly visible type or member 'UpdateRepositoryBindingResponse.AdditionalProperties' [/home/lysander/repos/bannou/Bannou.SDK/Bannou.SDK.csproj::TargetFramework=net9.0]
/home/lysander/repos/bannou/bannou-service/Generated/Models/DocumentationModels.cs(2074,22): warning CS1591: Missing XML comment for publicly visible type or member 'CreateArchiveRequest' [/home/lysander/repos/bannou/Bannou.SDK/Bannou.SDK.csproj::TargetFramework=net9.0]
/home/lysander/repos/bannou/bannou-service/Generated/Models/DocumentationModels.cs(2082,19): warning CS1591: Missing XML comment for publicly visible type or member 'CreateArchiveRequest.Namespace' [/home/lysander/repos/bannou/Bannou.SDK/Bannou.SDK.csproj::TargetFramework=net9.0]
/home/lysander/repos/bannou/bannou-service/Generated/Models/DocumentationModels.cs(2094,68): warning CS1591: Missing XML comment for publicly visible type or member 'CreateArchiveRequest.AdditionalProperties' [/home/lysander/repos/bannou/Bannou.SDK/Bannou.SDK.csproj::TargetFramework=net9.0]
/home/lysander/repos/bannou/bannou-service/Generated/Models/DocumentationModels.cs(2103,22): warning CS1591: Missing XML comment for publicly visible type or member 'CreateArchiveResponse' [/home/lysander/repos/bannou/Bannou.SDK/Bannou.SDK.csproj::TargetFramework=net9.0]
/home/lysander/repos/bannou/bannou-service/Generated/Models/DocumentationModels.cs(2109,24): warning CS1591: Missing XML comment for publicly visible type or member 'CreateArchiveResponse.ArchiveId' [/home/lysander/repos/bannou/Bannou.SDK/Bannou.SDK.csproj::TargetFramework=net9.0]
/home/lysander/repos/bannou/bannou-service/Generated/Models/DocumentationModels.cs(2114,19): warning CS1591: Missing XML comment for publicly visible type or member 'CreateArchiveResponse.Namespace' [/home/lysander/repos/bannou/Bannou.SDK/Bannou.SDK.csproj::TargetFramework=net9.0]
/home/lysander/repos/bannou/bannou-service/Generated/Models/DocumentationModels.cs(2123,16): warning CS1591: Missing XML comment for publicly visible type or member 'CreateArchiveResponse.DocumentCount' [/home/lysander/repos/bannou/Bannou.SDK/Bannou.SDK.csproj::TargetFramework=net9.0]
/home/lysander/repos/bannou/bannou-service/Generated/Models/DocumentationModels.cs(2126,16): warning CS1591: Missing XML comment for publicly visible type or member 'CreateArchiveResponse.SizeBytes' [/home/lysander/repos/bannou/Bannou.SDK/Bannou.SDK.csproj::TargetFramework=net9.0]
/home/lysander/repos/bannou/bannou-service/Generated/Models/DocumentationModels.cs(2129,34): warning CS1591: Missing XML comment for publicly visible type or member 'CreateArchiveResponse.CreatedAt' [/home/lysander/repos/bannou/Bannou.SDK/Bannou.SDK.csproj::TargetFramework=net9.0]
/home/lysander/repos/bannou/bannou-service/Generated/Models/DocumentationModels.cs(2140,68): warning CS1591: Missing XML comment for publicly visible type or member 'CreateArchiveResponse.AdditionalProperties' [/home/lysander/repos/bannou/Bannou.SDK/Bannou.SDK.csproj::TargetFramework=net9.0]
/home/lysander/repos/bannou/bannou-service/Generated/Models/DocumentationModels.cs(2149,22): warning CS1591: Missing XML comment for publicly visible type or member 'ListArchivesRequest' [/home/lysander/repos/bannou/Bannou.SDK/Bannou.SDK.csproj::TargetFramework=net9.0]
/home/lysander/repos/bannou/bannou-service/Generated/Models/DocumentationModels.cs(2157,19): warning CS1591: Missing XML comment for publicly visible type or member 'ListArchivesRequest.Namespace' [/home/lysander/repos/bannou/Bannou.SDK/Bannou.SDK.csproj::TargetFramework=net9.0]
/home/lysander/repos/bannou/bannou-service/Generated/Models/DocumentationModels.cs(2161,16): warning CS1591: Missing XML comment for publicly visible type or member 'ListArchivesRequest.Limit' [/home/lysander/repos/bannou/Bannou.SDK/Bannou.SDK.csproj::TargetFramework=net9.0]
/home/lysander/repos/bannou/bannou-service/Generated/Models/DocumentationModels.cs(2165,16): warning CS1591: Missing XML comment for publicly visible type or member 'ListArchivesRequest.Offset' [/home/lysander/repos/bannou/Bannou.SDK/Bannou.SDK.csproj::TargetFramework=net9.0]
/home/lysander/repos/bannou/bannou-service/Generated/Models/DocumentationModels.cs(2170,68): warning CS1591: Missing XML comment for publicly visible type or member 'ListArchivesRequest.AdditionalProperties' [/home/lysander/repos/bannou/Bannou.SDK/Bannou.SDK.csproj::TargetFramework=net9.0]
/home/lysander/repos/bannou/bannou-service/Generated/Models/DocumentationModels.cs(2179,22): warning CS1591: Missing XML comment for publicly visible type or member 'ListArchivesResponse' [/home/lysander/repos/bannou/Bannou.SDK/Bannou.SDK.csproj::TargetFramework=net9.0]
/home/lysander/repos/bannou/bannou-service/Generated/Models/DocumentationModels.cs(2185,64): warning CS1591: Missing XML comment for publicly visible type or member 'ListArchivesResponse.Archives' [/home/lysander/repos/bannou/Bannou.SDK/Bannou.SDK.csproj::TargetFramework=net9.0]
/home/lysander/repos/bannou/bannou-service/Generated/Models/DocumentationModels.cs(2188,16): warning CS1591: Missing XML comment for publicly visible type or member 'ListArchivesResponse.Total' [/home/lysander/repos/bannou/Bannou.SDK/Bannou.SDK.csproj::TargetFramework=net9.0]
/home/lysander/repos/bannou/bannou-service/Generated/Models/DocumentationModels.cs(2193,68): warning CS1591: Missing XML comment for publicly visible type or member 'ListArchivesResponse.AdditionalProperties' [/home/lysander/repos/bannou/Bannou.SDK/Bannou.SDK.csproj::TargetFramework=net9.0]
/home/lysander/repos/bannou/bannou-service/Generated/Models/DocumentationModels.cs(2202,22): warning CS1591: Missing XML comment for publicly visible type or member 'ArchiveInfo' [/home/lysander/repos/bannou/Bannou.SDK/Bannou.SDK.csproj::TargetFramework=net9.0]
/home/lysander/repos/bannou/bannou-service/Generated/Models/DocumentationModels.cs(2208,24): warning CS1591: Missing XML comment for publicly visible type or member 'ArchiveInfo.ArchiveId' [/home/lysander/repos/bannou/Bannou.SDK/Bannou.SDK.csproj::TargetFramework=net9.0]
/home/lysander/repos/bannou/bannou-service/Generated/Models/DocumentationModels.cs(2213,19): warning CS1591: Missing XML comment for publicly visible type or member 'ArchiveInfo.Namespace' [/home/lysander/repos/bannou/Bannou.SDK/Bannou.SDK.csproj::TargetFramework=net9.0]
/home/lysander/repos/bannou/bannou-service/Generated/Models/DocumentationModels.cs(2216,24): warning CS1591: Missing XML comment for publicly visible type or member 'ArchiveInfo.BundleAssetId' [/home/lysander/repos/bannou/Bannou.SDK/Bannou.SDK.csproj::TargetFramework=net9.0]
/home/lysander/repos/bannou/bannou-service/Generated/Models/DocumentationModels.cs(2219,19): warning CS1591: Missing XML comment for publicly visible type or member 'ArchiveInfo.Description' [/home/lysander/repos/bannou/Bannou.SDK/Bannou.SDK.csproj::TargetFramework=net9.0]
/home/lysander/repos/bannou/bannou-service/Generated/Models/DocumentationModels.cs(2222,16): warning CS1591: Missing XML comment for publicly visible type or member 'ArchiveInfo.DocumentCount' [/home/lysander/repos/bannou/Bannou.SDK/Bannou.SDK.csproj::TargetFramework=net9.0]
/home/lysander/repos/bannou/bannou-service/Generated/Models/DocumentationModels.cs(2225,16): warning CS1591: Missing XML comment for publicly visible type or member 'ArchiveInfo.SizeBytes' [/home/lysander/repos/bannou/Bannou.SDK/Bannou.SDK.csproj::TargetFramework=net9.0]
/home/lysander/repos/bannou/bannou-service/Generated/Models/DocumentationModels.cs(2228,20): warning CS1591: Missing XML comment for publicly visible type or member 'ArchiveInfo.CommitHash' [/home/lysander/repos/bannou/Bannou.SDK/Bannou.SDK.csproj::TargetFramework=net9.0]
/home/lysander/repos/bannou/bannou-service/Generated/Models/DocumentationModels.cs(2233,34): warning CS1591: Missing XML comment for publicly visible type or member 'ArchiveInfo.CreatedAt' [/home/lysander/repos/bannou/Bannou.SDK/Bannou.SDK.csproj::TargetFramework=net9.0]
/home/lysander/repos/bannou/bannou-service/Generated/Models/DocumentationModels.cs(2236,24): warning CS1591: Missing XML comment for publicly visible type or member 'ArchiveInfo.CreatedBy' [/home/lysander/repos/bannou/Bannou.SDK/Bannou.SDK.csproj::TargetFramework=net9.0]
/home/lysander/repos/bannou/bannou-service/Generated/Models/DocumentationModels.cs(2241,68): warning CS1591: Missing XML comment for publicly visible type or member 'ArchiveInfo.AdditionalProperties' [/home/lysander/repos/bannou/Bannou.SDK/Bannou.SDK.csproj::TargetFramework=net9.0]
/home/lysander/repos/bannou/bannou-service/Generated/Models/DocumentationModels.cs(2250,22): warning CS1591: Missing XML comment for publicly visible type or member 'RestoreArchiveRequest' [/home/lysander/repos/bannou/Bannou.SDK/Bannou.SDK.csproj::TargetFramework=net9.0]
/home/lysander/repos/bannou/bannou-service/Generated/Models/DocumentationModels.cs(2256,24): warning CS1591: Missing XML comment for publicly visible type or member 'RestoreArchiveRequest.ArchiveId' [/home/lysander/repos/bannou/Bannou.SDK/Bannou.SDK.csproj::TargetFramework=net9.0]
/home/lysander/repos/bannou/bannou-service/Generated/Models/DocumentationModels.cs(2269,68): warning CS1591: Missing XML comment for publicly visible type or member 'RestoreArchiveRequest.AdditionalProperties' [/home/lysander/repos/bannou/Bannou.SDK/Bannou.SDK.csproj::TargetFramework=net9.0]
/home/lysander/repos/bannou/bannou-service/Generated/Models/DocumentationModels.cs(2278,22): warning CS1591: Missing XML comment for publicly visible type or member 'RestoreArchiveResponse' [/home/lysander/repos/bannou/Bannou.SDK/Bannou.SDK.csproj::TargetFramework=net9.0]
/home/lysander/repos/bannou/bannou-service/Generated/Models/DocumentationModels.cs(2284,19): warning CS1591: Missing XML comment for publicly visible type or member 'RestoreArchiveResponse.Namespace' [/home/lysander/repos/bannou/Bannou.SDK/Bannou.SDK.csproj::TargetFramework=net9.0]
/home/lysander/repos/bannou/bannou-service/Generated/Models/DocumentationModels.cs(2287,16): warning CS1591: Missing XML comment for publicly visible type or member 'RestoreArchiveResponse.DocumentsRestored' [/home/lysander/repos/bannou/Bannou.SDK/Bannou.SDK.csproj::TargetFramework=net9.0]
/home/lysander/repos/bannou/bannou-service/Generated/Models/DocumentationModels.cs(2290,16): warning CS1591: Missing XML comment for publicly visible type or member 'RestoreArchiveResponse.PreviousDocumentsDeleted' [/home/lysander/repos/bannou/Bannou.SDK/Bannou.SDK.csproj::TargetFramework=net9.0]
/home/lysander/repos/bannou/bannou-service/Generated/Models/DocumentationModels.cs(2295,68): warning CS1591: Missing XML comment for publicly visible type or member 'RestoreArchiveResponse.AdditionalProperties' [/home/lysander/repos/bannou/Bannou.SDK/Bannou.SDK.csproj::TargetFramework=net9.0]
/home/lysander/repos/bannou/bannou-service/Generated/Models/DocumentationModels.cs(2304,22): warning CS1591: Missing XML comment for publicly visible type or member 'DeleteArchiveRequest' [/home/lysander/repos/bannou/Bannou.SDK/Bannou.SDK.csproj::TargetFramework=net9.0]
/home/lysander/repos/bannou/bannou-service/Generated/Models/DocumentationModels.cs(2310,24): warning CS1591: Missing XML comment for publicly visible type or member 'DeleteArchiveRequest.ArchiveId' [/home/lysander/repos/bannou/Bannou.SDK/Bannou.SDK.csproj::TargetFramework=net9.0]
/home/lysander/repos/bannou/bannou-service/Generated/Models/DocumentationModels.cs(2315,68): warning CS1591: Missing XML comment for publicly visible type or member 'DeleteArchiveRequest.AdditionalProperties' [/home/lysander/repos/bannou/Bannou.SDK/Bannou.SDK.csproj::TargetFramework=net9.0]
/home/lysander/repos/bannou/bannou-service/Generated/Models/DocumentationModels.cs(2324,22): warning CS1591: Missing XML comment for publicly visible type or member 'DeleteArchiveResponse' [/home/lysander/repos/bannou/Bannou.SDK/Bannou.SDK.csproj::TargetFramework=net9.0]
/home/lysander/repos/bannou/bannou-service/Generated/Models/DocumentationModels.cs(2328,17): warning CS1591: Missing XML comment for publicly visible type or member 'DeleteArchiveResponse.Deleted' [/home/lysander/repos/bannou/Bannou.SDK/Bannou.SDK.csproj::TargetFramework=net9.0]
/home/lysander/repos/bannou/bannou-service/Generated/Models/DocumentationModels.cs(2333,68): warning CS1591: Missing XML comment for publicly visible type or member 'DeleteArchiveResponse.AdditionalProperties' [/home/lysander/repos/bannou/Bannou.SDK/Bannou.SDK.csproj::TargetFramework=net9.0]
/home/lysander/repos/bannou/bannou-service/Generated/Models/DocumentationModels.cs(2342,13): warning CS1591: Missing XML comment for publicly visible type or member 'GetDocumentResponseContentFormat' [/home/lysander/repos/bannou/Bannou.SDK/Bannou.SDK.csproj::TargetFramework=net9.0]
/home/lysander/repos/bannou/bannou-service/Generated/Models/DocumentationModels.cs(2346,5): warning CS1591: Missing XML comment for publicly visible type or member 'GetDocumentResponseContentFormat.Markdown' [/home/lysander/repos/bannou/Bannou.SDK/Bannou.SDK.csproj::TargetFramework=net9.0]
/home/lysander/repos/bannou/bannou-service/Generated/Models/DocumentationModels.cs(2349,5): warning CS1591: Missing XML comment for publicly visible type or member 'GetDocumentResponseContentFormat.Html' [/home/lysander/repos/bannou/Bannou.SDK/Bannou.SDK.csproj::TargetFramework=net9.0]
/home/lysander/repos/bannou/bannou-service/Generated/Models/DocumentationModels.cs(2352,5): warning CS1591: Missing XML comment for publicly visible type or member 'GetDocumentResponseContentFormat.None' [/home/lysander/repos/bannou/Bannou.SDK/Bannou.SDK.csproj::TargetFramework=net9.0]
/home/lysander/repos/bannou/bannou-service/Generated/Models/DocumentationModels.cs(2357,13): warning CS1591: Missing XML comment for publicly visible type or member 'SearchDocumentationRequestSortBy' [/home/lysander/repos/bannou/Bannou.SDK/Bannou.SDK.csproj::TargetFramework=net9.0]
/home/lysander/repos/bannou/bannou-service/Generated/Models/DocumentationModels.cs(2361,5): warning CS1591: Missing XML comment for publicly visible type or member 'SearchDocumentationRequestSortBy.Relevance' [/home/lysander/repos/bannou/Bannou.SDK/Bannou.SDK.csproj::TargetFramework=net9.0]
/home/lysander/repos/bannou/bannou-service/Generated/Models/DocumentationModels.cs(2364,5): warning CS1591: Missing XML comment for publicly visible type or member 'SearchDocumentationRequestSortBy.Recency' [/home/lysander/repos/bannou/Bannou.SDK/Bannou.SDK.csproj::TargetFramework=net9.0]
/home/lysander/repos/bannou/bannou-service/Generated/Models/DocumentationModels.cs(2367,5): warning CS1591: Missing XML comment for publicly visible type or member 'SearchDocumentationRequestSortBy.Alphabetical' [/home/lysander/repos/bannou/Bannou.SDK/Bannou.SDK.csproj::TargetFramework=net9.0]
/home/lysander/repos/bannou/bannou-service/Generated/Models/DocumentationModels.cs(2372,13): warning CS1591: Missing XML comment for publicly visible type or member 'ListDocumentsRequestTagsMatch' [/home/lysander/repos/bannou/Bannou.SDK/Bannou.SDK.csproj::TargetFramework=net9.0]
/home/lysander/repos/bannou/bannou-service/Generated/Models/DocumentationModels.cs(2376,5): warning CS1591: Missing XML comment for publicly visible type or member 'ListDocumentsRequestTagsMatch.All' [/home/lysander/repos/bannou/Bannou.SDK/Bannou.SDK.csproj::TargetFramework=net9.0]
/home/lysander/repos/bannou/bannou-service/Generated/Models/DocumentationModels.cs(2379,5): warning CS1591: Missing XML comment for publicly visible type or member 'ListDocumentsRequestTagsMatch.Any' [/home/lysander/repos/bannou/Bannou.SDK/Bannou.SDK.csproj::TargetFramework=net9.0]
/home/lysander/repos/bannou/bannou-service/Generated/Models/DocumentationModels.cs(2384,13): warning CS1591: Missing XML comment for publicly visible type or member 'ListDocumentsRequestSortOrder' [/home/lysander/repos/bannou/Bannou.SDK/Bannou.SDK.csproj::TargetFramework=net9.0]
/home/lysander/repos/bannou/bannou-service/Generated/Models/DocumentationModels.cs(2388,5): warning CS1591: Missing XML comment for publicly visible type or member 'ListDocumentsRequestSortOrder.Asc' [/home/lysander/repos/bannou/Bannou.SDK/Bannou.SDK.csproj::TargetFramework=net9.0]
/home/lysander/repos/bannou/bannou-service/Generated/Models/DocumentationModels.cs(2391,5): warning CS1591: Missing XML comment for publicly visible type or member 'ListDocumentsRequestSortOrder.Desc' [/home/lysander/repos/bannou/Bannou.SDK/Bannou.SDK.csproj::TargetFramework=net9.0]
/home/lysander/repos/bannou/bannou-service/Generated/Models/DocumentationModels.cs(2396,13): warning CS1591: Missing XML comment for publicly visible type or member 'ImportDocumentationRequestOnConflict' [/home/lysander/repos/bannou/Bannou.SDK/Bannou.SDK.csproj::TargetFramework=net9.0]
/home/lysander/repos/bannou/bannou-service/Generated/Models/DocumentationModels.cs(2400,5): warning CS1591: Missing XML comment for publicly visible type or member 'ImportDocumentationRequestOnConflict.Skip' [/home/lysander/repos/bannou/Bannou.SDK/Bannou.SDK.csproj::TargetFramework=net9.0]
/home/lysander/repos/bannou/bannou-service/Generated/Models/DocumentationModels.cs(2403,5): warning CS1591: Missing XML comment for publicly visible type or member 'ImportDocumentationRequestOnConflict.Update' [/home/lysander/repos/bannou/Bannou.SDK/Bannou.SDK.csproj::TargetFramework=net9.0]
/home/lysander/repos/bannou/bannou-service/Generated/Models/DocumentationModels.cs(2406,5): warning CS1591: Missing XML comment for publicly visible type or member 'ImportDocumentationRequestOnConflict.Fail' [/home/lysander/repos/bannou/Bannou.SDK/Bannou.SDK.csproj::TargetFramework=net9.0]
/home/lysander/repos/bannou/bannou-service/Generated/Clients/BehaviorClient.cs(19,26): warning CS1591: Missing XML comment for publicly visible type or member 'IBehaviorClient' [/home/lysander/repos/bannou/Bannou.SDK/Bannou.SDK.csproj::TargetFramework=net9.0]
/home/lysander/repos/bannou/bannou-service/Generated/Clients/BehaviorClient.cs(32,90): warning CS1573: Parameter 'body' has no matching param tag in the XML comment for 'IBehaviorClient.CompileAbmlBehaviorAsync(string, CancellationToken)' (but other parameters do) [/home/lysander/repos/bannou/Bannou.SDK/Bannou.SDK.csproj::TargetFramework=net9.0]
/home/lysander/repos/bannou/bannou-service/Generated/Clients/BehaviorClient.cs(44,105): warning CS1573: Parameter 'body' has no matching param tag in the XML comment for 'IBehaviorClient.CompileBehaviorStackAsync(BehaviorStackRequest, CancellationToken)' (but other parameters do) [/home/lysander/repos/bannou/Bannou.SDK/Bannou.SDK.csproj::TargetFramework=net9.0]
/home/lysander/repos/bannou/bannou-service/Generated/Clients/BehaviorClient.cs(56,80): warning CS1573: Parameter 'body' has no matching param tag in the XML comment for 'IBehaviorClient.ValidateAbmlAsync(string, CancellationToken)' (but other parameters do) [/home/lysander/repos/bannou/Bannou.SDK/Bannou.SDK.csproj::TargetFramework=net9.0]
/home/lysander/repos/bannou/bannou-service/Generated/Clients/BehaviorClient.cs(68,105): warning CS1573: Parameter 'body' has no matching param tag in the XML comment for 'IBehaviorClient.GetCachedBehaviorAsync(GetCachedBehaviorRequest, CancellationToken)' (but other parameters do) [/home/lysander/repos/bannou/Bannou.SDK/Bannou.SDK.csproj::TargetFramework=net9.0]
/home/lysander/repos/bannou/bannou-service/Generated/Clients/BehaviorClient.cs(80,86): warning CS1573: Parameter 'body' has no matching param tag in the XML comment for 'IBehaviorClient.InvalidateCachedBehaviorAsync(InvalidateCacheRequest, CancellationToken)' (but other parameters do) [/home/lysander/repos/bannou/Bannou.SDK/Bannou.SDK.csproj::TargetFramework=net9.0]
/home/lysander/repos/bannou/bannou-service/Generated/Clients/BehaviorClient.cs(92,108): warning CS1573: Parameter 'body' has no matching param tag in the XML comment for 'IBehaviorClient.ResolveContextVariablesAsync(ResolveContextRequest, CancellationToken)' (but other parameters do) [/home/lysander/repos/bannou/Bannou.SDK/Bannou.SDK.csproj::TargetFramework=net9.0]
/home/lysander/repos/bannou/bannou-service/Generated/Clients/BehaviorClient.cs(104,89): warning CS1573: Parameter 'body' has no matching param tag in the XML comment for 'IBehaviorClient.GenerateGoapPlanAsync(GoapPlanRequest, CancellationToken)' (but other parameters do) [/home/lysander/repos/bannou/Bannou.SDK/Bannou.SDK.csproj::TargetFramework=net9.0]
/home/lysander/repos/bannou/bannou-service/Generated/Clients/BehaviorClient.cs(116,105): warning CS1573: Parameter 'body' has no matching param tag in the XML comment for 'IBehaviorClient.ValidateGoapPlanAsync(ValidateGoapPlanRequest, CancellationToken)' (but other parameters do) [/home/lysander/repos/bannou/Bannou.SDK/Bannou.SDK.csproj::TargetFramework=net9.0]
/home/lysander/repos/bannou/bannou-service/Generated/Clients/BehaviorClient.cs(120,22): warning CS1591: Missing XML comment for publicly visible type or member 'BehaviorClient' [/home/lysander/repos/bannou/Bannou.SDK/Bannou.SDK.csproj::TargetFramework=net9.0]
/home/lysander/repos/bannou/bannou-service/Generated/Clients/BehaviorClient.cs(140,12): warning CS1591: Missing XML comment for publicly visible type or member 'BehaviorClient.BehaviorClient(IMeshInvocationClient, IServiceAppMappingResolver, ILogger<BehaviorClient>?)' [/home/lysander/repos/bannou/Bannou.SDK/Bannou.SDK.csproj::TargetFramework=net9.0]
/home/lysander/repos/bannou/bannou-service/Generated/Clients/BehaviorClient.cs(148,54): warning CS1591: Missing XML comment for publicly visible type or member 'BehaviorClient.JsonSerializerSettings' [/home/lysander/repos/bannou/Bannou.SDK/Bannou.SDK.csproj::TargetFramework=net9.0]
/home/lysander/repos/bannou/bannou-service/Generated/Clients/BehaviorClient.cs(252,111): warning CS1573: Parameter 'body' has no matching param tag in the XML comment for 'BehaviorClient.CompileAbmlBehaviorAsync(string, CancellationToken)' (but other parameters do) [/home/lysander/repos/bannou/Bannou.SDK/Bannou.SDK.csproj::TargetFramework=net9.0]
/home/lysander/repos/bannou/bannou-service/Generated/Clients/BehaviorClient.cs(365,126): warning CS1573: Parameter 'body' has no matching param tag in the XML comment for 'BehaviorClient.CompileBehaviorStackAsync(BehaviorStackRequest, CancellationToken)' (but other parameters do) [/home/lysander/repos/bannou/Bannou.SDK/Bannou.SDK.csproj::TargetFramework=net9.0]
/home/lysander/repos/bannou/bannou-service/Generated/Clients/BehaviorClient.cs(458,101): warning CS1573: Parameter 'body' has no matching param tag in the XML comment for 'BehaviorClient.ValidateAbmlAsync(string, CancellationToken)' (but other parameters do) [/home/lysander/repos/bannou/Bannou.SDK/Bannou.SDK.csproj::TargetFramework=net9.0]
/home/lysander/repos/bannou/bannou-service/Generated/Clients/BehaviorClient.cs(541,126): warning CS1573: Parameter 'body' has no matching param tag in the XML comment for 'BehaviorClient.GetCachedBehaviorAsync(GetCachedBehaviorRequest, CancellationToken)' (but other parameters do) [/home/lysander/repos/bannou/Bannou.SDK/Bannou.SDK.csproj::TargetFramework=net9.0]
/home/lysander/repos/bannou/bannou-service/Generated/Clients/BehaviorClient.cs(634,107): warning CS1573: Parameter 'body' has no matching param tag in the XML comment for 'BehaviorClient.InvalidateCachedBehaviorAsync(InvalidateCacheRequest, CancellationToken)' (but other parameters do) [/home/lysander/repos/bannou/Bannou.SDK/Bannou.SDK.csproj::TargetFramework=net9.0]
/home/lysander/repos/bannou/bannou-service/Generated/Clients/BehaviorClient.cs(717,129): warning CS1573: Parameter 'body' has no matching param tag in the XML comment for 'BehaviorClient.ResolveContextVariablesAsync(ResolveContextRequest, CancellationToken)' (but other parameters do) [/home/lysander/repos/bannou/Bannou.SDK/Bannou.SDK.csproj::TargetFramework=net9.0]
/home/lysander/repos/bannou/bannou-service/Generated/Clients/BehaviorClient.cs(800,110): warning CS1573: Parameter 'body' has no matching param tag in the XML comment for 'BehaviorClient.GenerateGoapPlanAsync(GoapPlanRequest, CancellationToken)' (but other parameters do) [/home/lysander/repos/bannou/Bannou.SDK/Bannou.SDK.csproj::TargetFramework=net9.0]
/home/lysander/repos/bannou/bannou-service/Generated/Clients/BehaviorClient.cs(893,126): warning CS1573: Parameter 'body' has no matching param tag in the XML comment for 'BehaviorClient.ValidateGoapPlanAsync(ValidateGoapPlanRequest, CancellationToken)' (but other parameters do) [/home/lysander/repos/bannou/Bannou.SDK/Bannou.SDK.csproj::TargetFramework=net9.0]
/home/lysander/repos/bannou/bannou-service/Generated/Clients/BehaviorClient.cs(976,22): warning CS1591: Missing XML comment for publicly visible type or member 'BehaviorClient.ObjectResponseResult<T>' [/home/lysander/repos/bannou/Bannou.SDK/Bannou.SDK.csproj::TargetFramework=net9.0]
/home/lysander/repos/bannou/bannou-service/Generated/Clients/BehaviorClient.cs(978,16): warning CS1591: Missing XML comment for publicly visible type or member 'BehaviorClient.ObjectResponseResult<T>.ObjectResponseResult(T, string)' [/home/lysander/repos/bannou/Bannou.SDK/Bannou.SDK.csproj::TargetFramework=net9.0]
/home/lysander/repos/bannou/bannou-service/Generated/Clients/BehaviorClient.cs(984,18): warning CS1591: Missing XML comment for publicly visible type or member 'BehaviorClient.ObjectResponseResult<T>.Object' [/home/lysander/repos/bannou/Bannou.SDK/Bannou.SDK.csproj::TargetFramework=net9.0]
/home/lysander/repos/bannou/bannou-service/Generated/Clients/BehaviorClient.cs(986,23): warning CS1591: Missing XML comment for publicly visible type or member 'BehaviorClient.ObjectResponseResult<T>.Text' [/home/lysander/repos/bannou/Bannou.SDK/Bannou.SDK.csproj::TargetFramework=net9.0]
/home/lysander/repos/bannou/bannou-service/Generated/Clients/BehaviorClient.cs(1009,17): warning CS1591: Missing XML comment for publicly visible type or member 'BehaviorClient.ReadResponseAsString' [/home/lysander/repos/bannou/Bannou.SDK/Bannou.SDK.csproj::TargetFramework=net9.0]
/home/lysander/repos/bannou/bannou-service/Generated/Clients/BehaviorClient.cs(1011,86): warning CS1591: Missing XML comment for publicly visible type or member 'BehaviorClient.ReadObjectResponseAsync<T>(HttpResponseMessage, IReadOnlyDictionary<string, IEnumerable<string>>, CancellationToken)' [/home/lysander/repos/bannou/Bannou.SDK/Bannou.SDK.csproj::TargetFramework=net9.0]
/home/lysander/repos/bannou/bannou-service/Generated/Models/BehaviorModels.cs(35,68): warning CS1591: Missing XML comment for publicly visible type or member 'GetCachedBehaviorRequest.AdditionalProperties' [/home/lysander/repos/bannou/Bannou.SDK/Bannou.SDK.csproj::TargetFramework=net9.0]
/home/lysander/repos/bannou/bannou-service/Generated/Models/BehaviorModels.cs(61,68): warning CS1591: Missing XML comment for publicly visible type or member 'InvalidateCacheRequest.AdditionalProperties' [/home/lysander/repos/bannou/Bannou.SDK/Bannou.SDK.csproj::TargetFramework=net9.0]
/home/lysander/repos/bannou/bannou-service/Generated/Models/BehaviorModels.cs(70,22): warning CS1591: Missing XML comment for publicly visible type or member 'CompileBehaviorRequest' [/home/lysander/repos/bannou/Bannou.SDK/Bannou.SDK.csproj::TargetFramework=net9.0]
/home/lysander/repos/bannou/bannou-service/Generated/Models/BehaviorModels.cs(109,29): warning CS1591: Missing XML comment for publicly visible type or member 'CompileBehaviorRequest.CharacterContext' [/home/lysander/repos/bannou/Bannou.SDK/Bannou.SDK.csproj::TargetFramework=net9.0]
/home/lysander/repos/bannou/bannou-service/Generated/Models/BehaviorModels.cs(112,31): warning CS1591: Missing XML comment for publicly visible type or member 'CompileBehaviorRequest.CompilationOptions' [/home/lysander/repos/bannou/Bannou.SDK/Bannou.SDK.csproj::TargetFramework=net9.0]
/home/lysander/repos/bannou/bannou-service/Generated/Models/BehaviorModels.cs(117,68): warning CS1591: Missing XML comment for publicly visible type or member 'CompileBehaviorRequest.AdditionalProperties' [/home/lysander/repos/bannou/Bannou.SDK/Bannou.SDK.csproj::TargetFramework=net9.0]
/home/lysander/repos/bannou/bannou-service/Generated/Models/BehaviorModels.cs(126,22): warning CS1591: Missing XML comment for publicly visible type or member 'BehaviorStackRequest' [/home/lysander/repos/bannou/Bannou.SDK/Bannou.SDK.csproj::TargetFramework=net9.0]
/home/lysander/repos/bannou/bannou-service/Generated/Models/BehaviorModels.cs(138,29): warning CS1591: Missing XML comment for publicly visible type or member 'BehaviorStackRequest.CharacterContext' [/home/lysander/repos/bannou/Bannou.SDK/Bannou.SDK.csproj::TargetFramework=net9.0]
/home/lysander/repos/bannou/bannou-service/Generated/Models/BehaviorModels.cs(141,31): warning CS1591: Missing XML comment for publicly visible type or member 'BehaviorStackRequest.CompilationOptions' [/home/lysander/repos/bannou/Bannou.SDK/Bannou.SDK.csproj::TargetFramework=net9.0]
/home/lysander/repos/bannou/bannou-service/Generated/Models/BehaviorModels.cs(146,68): warning CS1591: Missing XML comment for publicly visible type or member 'BehaviorStackRequest.AdditionalProperties' [/home/lysander/repos/bannou/Bannou.SDK/Bannou.SDK.csproj::TargetFramework=net9.0]
/home/lysander/repos/bannou/bannou-service/Generated/Models/BehaviorModels.cs(155,22): warning CS1591: Missing XML comment for publicly visible type or member 'ValidateAbmlRequest' [/home/lysander/repos/bannou/Bannou.SDK/Bannou.SDK.csproj::TargetFramework=net9.0]
/home/lysander/repos/bannou/bannou-service/Generated/Models/BehaviorModels.cs(175,68): warning CS1591: Missing XML comment for publicly visible type or member 'ValidateAbmlRequest.AdditionalProperties' [/home/lysander/repos/bannou/Bannou.SDK/Bannou.SDK.csproj::TargetFramework=net9.0]
/home/lysander/repos/bannou/bannou-service/Generated/Models/BehaviorModels.cs(184,22): warning CS1591: Missing XML comment for publicly visible type or member 'ResolveContextRequest' [/home/lysander/repos/bannou/Bannou.SDK/Bannou.SDK.csproj::TargetFramework=net9.0]
/home/lysander/repos/bannou/bannou-service/Generated/Models/BehaviorModels.cs(198,29): warning CS1591: Missing XML comment for publicly visible type or member 'ResolveContextRequest.CharacterContext' [/home/lysander/repos/bannou/Bannou.SDK/Bannou.SDK.csproj::TargetFramework=net9.0]
/home/lysander/repos/bannou/bannou-service/Generated/Models/BehaviorModels.cs(203,68): warning CS1591: Missing XML comment for publicly visible type or member 'ResolveContextRequest.AdditionalProperties' [/home/lysander/repos/bannou/Bannou.SDK/Bannou.SDK.csproj::TargetFramework=net9.0]
/home/lysander/repos/bannou/bannou-service/Generated/Models/BehaviorModels.cs(212,22): warning CS1591: Missing XML comment for publicly visible type or member 'CompileBehaviorResponse' [/home/lysander/repos/bannou/Bannou.SDK/Bannou.SDK.csproj::TargetFramework=net9.0]
/home/lysander/repos/bannou/bannou-service/Generated/Models/BehaviorModels.cs(236,29): warning CS1591: Missing XML comment for publicly visible type or member 'CompileBehaviorResponse.CompiledBehavior' [/home/lysander/repos/bannou/Bannou.SDK/Bannou.SDK.csproj::TargetFramework=net9.0]
/home/lysander/repos/bannou/bannou-service/Generated/Models/BehaviorModels.cs(271,68): warning CS1591: Missing XML comment for publicly visible type or member 'CompileBehaviorResponse.AdditionalProperties' [/home/lysander/repos/bannou/Bannou.SDK/Bannou.SDK.csproj::TargetFramework=net9.0]
/home/lysander/repos/bannou/bannou-service/Generated/Models/BehaviorModels.cs(280,22): warning CS1591: Missing XML comment for publicly visible type or member 'ValidateAbmlResponse' [/home/lysander/repos/bannou/Bannou.SDK/Bannou.SDK.csproj::TargetFramework=net9.0]
/home/lysander/repos/bannou/bannou-service/Generated/Models/BehaviorModels.cs(310,68): warning CS1591: Missing XML comment for publicly visible type or member 'ValidateAbmlResponse.AdditionalProperties' [/home/lysander/repos/bannou/Bannou.SDK/Bannou.SDK.csproj::TargetFramework=net9.0]
/home/lysander/repos/bannou/bannou-service/Generated/Models/BehaviorModels.cs(319,22): warning CS1591: Missing XML comment for publicly visible type or member 'CachedBehaviorResponse' [/home/lysander/repos/bannou/Bannou.SDK/Bannou.SDK.csproj::TargetFramework=net9.0]
/home/lysander/repos/bannou/bannou-service/Generated/Models/BehaviorModels.cs(333,29): warning CS1591: Missing XML comment for publicly visible type or member 'CachedBehaviorResponse.CompiledBehavior' [/home/lysander/repos/bannou/Bannou.SDK/Bannou.SDK.csproj::TargetFramework=net9.0]
/home/lysander/repos/bannou/bannou-service/Generated/Models/BehaviorModels.cs(350,68): warning CS1591: Missing XML comment for publicly visible type or member 'CachedBehaviorResponse.AdditionalProperties' [/home/lysander/repos/bannou/Bannou.SDK/Bannou.SDK.csproj::TargetFramework=net9.0]
/home/lysander/repos/bannou/bannou-service/Generated/Models/BehaviorModels.cs(359,22): warning CS1591: Missing XML comment for publicly visible type or member 'ResolveContextResponse' [/home/lysander/repos/bannou/Bannou.SDK/Bannou.SDK.csproj::TargetFramework=net9.0]
/home/lysander/repos/bannou/bannou-service/Generated/Models/BehaviorModels.cs(386,68): warning CS1591: Missing XML comment for publicly visible type or member 'ResolveContextResponse.AdditionalProperties' [/home/lysander/repos/bannou/Bannou.SDK/Bannou.SDK.csproj::TargetFramework=net9.0]
/home/lysander/repos/bannou/bannou-service/Generated/Models/BehaviorModels.cs(395,22): warning CS1591: Missing XML comment for publicly visible type or member 'BehaviorSetDefinition' [/home/lysander/repos/bannou/Bannou.SDK/Bannou.SDK.csproj::TargetFramework=net9.0]
/home/lysander/repos/bannou/bannou-service/Generated/Models/BehaviorModels.cs(437,68): warning CS1591: Missing XML comment for publicly visible type or member 'BehaviorSetDefinition.AdditionalProperties' [/home/lysander/repos/bannou/Bannou.SDK/Bannou.SDK.csproj::TargetFramework=net9.0]
/home/lysander/repos/bannou/bannou-service/Generated/Models/BehaviorModels.cs(446,22): warning CS1591: Missing XML comment for publicly visible type or member 'CharacterContext' [/home/lysander/repos/bannou/Bannou.SDK/Bannou.SDK.csproj::TargetFramework=net9.0]
/home/lysander/repos/bannou/bannou-service/Generated/Models/BehaviorModels.cs(480,21): warning CS1591: Missing XML comment for publicly visible type or member 'CharacterContext.Location' [/home/lysander/repos/bannou/Bannou.SDK/Bannou.SDK.csproj::TargetFramework=net9.0]
/home/lysander/repos/bannou/bannou-service/Generated/Models/BehaviorModels.cs(497,68): warning CS1591: Missing XML comment for publicly visible type or member 'CharacterContext.AdditionalProperties' [/home/lysander/repos/bannou/Bannou.SDK/Bannou.SDK.csproj::TargetFramework=net9.0]
/home/lysander/repos/bannou/bannou-service/Generated/Models/BehaviorModels.cs(533,68): warning CS1591: Missing XML comment for publicly visible type or member 'BehaviorTreeData.AdditionalProperties' [/home/lysander/repos/bannou/Bannou.SDK/Bannou.SDK.csproj::TargetFramework=net9.0]
/home/lysander/repos/bannou/bannou-service/Generated/Models/BehaviorModels.cs(551,68): warning CS1591: Missing XML comment for publicly visible type or member 'ContextSchemaData.AdditionalProperties' [/home/lysander/repos/bannou/Bannou.SDK/Bannou.SDK.csproj::TargetFramework=net9.0]
/home/lysander/repos/bannou/bannou-service/Generated/Models/BehaviorModels.cs(560,22): warning CS1591: Missing XML comment for publicly visible type or member 'CompiledBehavior' [/home/lysander/repos/bannou/Bannou.SDK/Bannou.SDK.csproj::TargetFramework=net9.0]
/home/lysander/repos/bannou/bannou-service/Generated/Models/BehaviorModels.cs(566,29): warning CS1591: Missing XML comment for publicly visible type or member 'CompiledBehavior.BehaviorTree' [/home/lysander/repos/bannou/Bannou.SDK/Bannou.SDK.csproj::TargetFramework=net9.0]
/home/lysander/repos/bannou/bannou-service/Generated/Models/BehaviorModels.cs(571,30): warning CS1591: Missing XML comment for publicly visible type or member 'CompiledBehavior.ContextSchema' [/home/lysander/repos/bannou/Bannou.SDK/Bannou.SDK.csproj::TargetFramework=net9.0]
/home/lysander/repos/bannou/bannou-service/Generated/Models/BehaviorModels.cs(586,30): warning CS1591: Missing XML comment for publicly visible type or member 'CompiledBehavior.ExecutionMetadata' [/home/lysander/repos/bannou/Bannou.SDK/Bannou.SDK.csproj::TargetFramework=net9.0]
/home/lysander/repos/bannou/bannou-service/Generated/Models/BehaviorModels.cs(591,68): warning CS1591: Missing XML comment for publicly visible type or member 'CompiledBehavior.AdditionalProperties' [/home/lysander/repos/bannou/Bannou.SDK/Bannou.SDK.csproj::TargetFramework=net9.0]
/home/lysander/repos/bannou/bannou-service/Generated/Models/BehaviorModels.cs(600,22): warning CS1591: Missing XML comment for publicly visible type or member 'GoapGoal' [/home/lysander/repos/bannou/Bannou.SDK/Bannou.SDK.csproj::TargetFramework=net9.0]
/home/lysander/repos/bannou/bannou-service/Generated/Models/BehaviorModels.cs(641,68): warning CS1591: Missing XML comment for publicly visible type or member 'GoapGoal.AdditionalProperties' [/home/lysander/repos/bannou/Bannou.SDK/Bannou.SDK.csproj::TargetFramework=net9.0]
/home/lysander/repos/bannou/bannou-service/Generated/Models/BehaviorModels.cs(650,22): warning CS1591: Missing XML comment for publicly visible type or member 'GoapPlanRequest' [/home/lysander/repos/bannou/Bannou.SDK/Bannou.SDK.csproj::TargetFramework=net9.0]
/home/lysander/repos/bannou/bannou-service/Generated/Models/BehaviorModels.cs(662,21): warning CS1591: Missing XML comment for publicly visible type or member 'GoapPlanRequest.Goal' [/home/lysander/repos/bannou/Bannou.SDK/Bannou.SDK.csproj::TargetFramework=net9.0]
/home/lysander/repos/bannou/bannou-service/Generated/Models/BehaviorModels.cs(681,32): warning CS1591: Missing XML comment for publicly visible type or member 'GoapPlanRequest.Options' [/home/lysander/repos/bannou/Bannou.SDK/Bannou.SDK.csproj::TargetFramework=net9.0]
/home/lysander/repos/bannou/bannou-service/Generated/Models/BehaviorModels.cs(686,68): warning CS1591: Missing XML comment for publicly visible type or member 'GoapPlanRequest.AdditionalProperties' [/home/lysander/repos/bannou/Bannou.SDK/Bannou.SDK.csproj::TargetFramework=net9.0]
/home/lysander/repos/bannou/bannou-service/Generated/Models/BehaviorModels.cs(695,22): warning CS1591: Missing XML comment for publicly visible type or member 'GoapPlanResponse' [/home/lysander/repos/bannou/Bannou.SDK/Bannou.SDK.csproj::TargetFramework=net9.0]
/home/lysander/repos/bannou/bannou-service/Generated/Models/BehaviorModels.cs(705,27): warning CS1591: Missing XML comment for publicly visible type or member 'GoapPlanResponse.Plan' [/home/lysander/repos/bannou/Bannou.SDK/Bannou.SDK.csproj::TargetFramework=net9.0]
/home/lysander/repos/bannou/bannou-service/Generated/Models/BehaviorModels.cs(728,68): warning CS1591: Missing XML comment for publicly visible type or member 'GoapPlanResponse.AdditionalProperties' [/home/lysander/repos/bannou/Bannou.SDK/Bannou.SDK.csproj::TargetFramework=net9.0]
/home/lysander/repos/bannou/bannou-service/Generated/Models/BehaviorModels.cs(737,22): warning CS1591: Missing XML comment for publicly visible type or member 'GoapPlanResult' [/home/lysander/repos/bannou/Bannou.SDK/Bannou.SDK.csproj::TargetFramework=net9.0]
/home/lysander/repos/bannou/bannou-service/Generated/Models/BehaviorModels.cs(765,68): warning CS1591: Missing XML comment for publicly visible type or member 'GoapPlanResult.AdditionalProperties' [/home/lysander/repos/bannou/Bannou.SDK/Bannou.SDK.csproj::TargetFramework=net9.0]
/home/lysander/repos/bannou/bannou-service/Generated/Models/BehaviorModels.cs(774,22): warning CS1591: Missing XML comment for publicly visible type or member 'PlannedActionResponse' [/home/lysander/repos/bannou/Bannou.SDK/Bannou.SDK.csproj::TargetFramework=net9.0]
/home/lysander/repos/bannou/bannou-service/Generated/Models/BehaviorModels.cs(800,68): warning CS1591: Missing XML comment for publicly visible type or member 'PlannedActionResponse.AdditionalProperties' [/home/lysander/repos/bannou/Bannou.SDK/Bannou.SDK.csproj::TargetFramework=net9.0]
/home/lysander/repos/bannou/bannou-service/Generated/Models/BehaviorModels.cs(809,22): warning CS1591: Missing XML comment for publicly visible type or member 'ValidateGoapPlanRequest' [/home/lysander/repos/bannou/Bannou.SDK/Bannou.SDK.csproj::TargetFramework=net9.0]
/home/lysander/repos/bannou/bannou-service/Generated/Models/BehaviorModels.cs(815,27): warning CS1591: Missing XML comment for publicly visible type or member 'ValidateGoapPlanRequest.Plan' [/home/lysander/repos/bannou/Bannou.SDK/Bannou.SDK.csproj::TargetFramework=net9.0]
/home/lysander/repos/bannou/bannou-service/Generated/Models/BehaviorModels.cs(840,68): warning CS1591: Missing XML comment for publicly visible type or member 'ValidateGoapPlanRequest.AdditionalProperties' [/home/lysander/repos/bannou/Bannou.SDK/Bannou.SDK.csproj::TargetFramework=net9.0]
/home/lysander/repos/bannou/bannou-service/Generated/Models/BehaviorModels.cs(849,22): warning CS1591: Missing XML comment for publicly visible type or member 'ValidateGoapPlanResponse' [/home/lysander/repos/bannou/Bannou.SDK/Bannou.SDK.csproj::TargetFramework=net9.0]
/home/lysander/repos/bannou/bannou-service/Generated/Models/BehaviorModels.cs(891,68): warning CS1591: Missing XML comment for publicly visible type or member 'ValidateGoapPlanResponse.AdditionalProperties' [/home/lysander/repos/bannou/Bannou.SDK/Bannou.SDK.csproj::TargetFramework=net9.0]
/home/lysander/repos/bannou/bannou-service/Generated/Models/BehaviorModels.cs(900,22): warning CS1591: Missing XML comment for publicly visible type or member 'GoapPlanningOptions' [/home/lysander/repos/bannou/Bannou.SDK/Bannou.SDK.csproj::TargetFramework=net9.0]
/home/lysander/repos/bannou/bannou-service/Generated/Models/BehaviorModels.cs(924,68): warning CS1591: Missing XML comment for publicly visible type or member 'GoapPlanningOptions.AdditionalProperties' [/home/lysander/repos/bannou/Bannou.SDK/Bannou.SDK.csproj::TargetFramework=net9.0]
/home/lysander/repos/bannou/bannou-service/Generated/Models/BehaviorModels.cs(933,22): warning CS1591: Missing XML comment for publicly visible type or member 'CompilationOptions' [/home/lysander/repos/bannou/Bannou.SDK/Bannou.SDK.csproj::TargetFramework=net9.0]
/home/lysander/repos/bannou/bannou-service/Generated/Models/BehaviorModels.cs(969,68): warning CS1591: Missing XML comment for publicly visible type or member 'CompilationOptions.AdditionalProperties' [/home/lysander/repos/bannou/Bannou.SDK/Bannou.SDK.csproj::TargetFramework=net9.0]
/home/lysander/repos/bannou/bannou-service/Generated/Models/BehaviorModels.cs(978,22): warning CS1591: Missing XML comment for publicly visible type or member 'ValidationError' [/home/lysander/repos/bannou/Bannou.SDK/Bannou.SDK.csproj::TargetFramework=net9.0]
/home/lysander/repos/bannou/bannou-service/Generated/Models/BehaviorModels.cs(1019,68): warning CS1591: Missing XML comment for publicly visible type or member 'ValidationError.AdditionalProperties' [/home/lysander/repos/bannou/Bannou.SDK/Bannou.SDK.csproj::TargetFramework=net9.0]
/home/lysander/repos/bannou/bannou-service/Generated/Models/BehaviorModels.cs(1028,22): warning CS1591: Missing XML comment for publicly visible type or member 'AbmlErrorResponse' [/home/lysander/repos/bannou/Bannou.SDK/Bannou.SDK.csproj::TargetFramework=net9.0]
/home/lysander/repos/bannou/bannou-service/Generated/Models/BehaviorModels.cs(1084,68): warning CS1591: Missing XML comment for publicly visible type or member 'AbmlErrorResponse.AdditionalProperties' [/home/lysander/repos/bannou/Bannou.SDK/Bannou.SDK.csproj::TargetFramework=net9.0]
/home/lysander/repos/bannou/bannou-service/Generated/Models/BehaviorModels.cs(1093,13): warning CS1591: Missing XML comment for publicly visible type or member 'CompileBehaviorRequestBehaviorCategory' [/home/lysander/repos/bannou/Bannou.SDK/Bannou.SDK.csproj::TargetFramework=net9.0]
/home/lysander/repos/bannou/bannou-service/Generated/Models/BehaviorModels.cs(1097,5): warning CS1591: Missing XML comment for publicly visible type or member 'CompileBehaviorRequestBehaviorCategory.Base' [/home/lysander/repos/bannou/Bannou.SDK/Bannou.SDK.csproj::TargetFramework=net9.0]
/home/lysander/repos/bannou/bannou-service/Generated/Models/BehaviorModels.cs(1100,5): warning CS1591: Missing XML comment for publicly visible type or member 'CompileBehaviorRequestBehaviorCategory.Cultural' [/home/lysander/repos/bannou/Bannou.SDK/Bannou.SDK.csproj::TargetFramework=net9.0]
/home/lysander/repos/bannou/bannou-service/Generated/Models/BehaviorModels.cs(1103,5): warning CS1591: Missing XML comment for publicly visible type or member 'CompileBehaviorRequestBehaviorCategory.Professional' [/home/lysander/repos/bannou/Bannou.SDK/Bannou.SDK.csproj::TargetFramework=net9.0]
/home/lysander/repos/bannou/bannou-service/Generated/Models/BehaviorModels.cs(1106,5): warning CS1591: Missing XML comment for publicly visible type or member 'CompileBehaviorRequestBehaviorCategory.Personal' [/home/lysander/repos/bannou/Bannou.SDK/Bannou.SDK.csproj::TargetFramework=net9.0]
/home/lysander/repos/bannou/bannou-service/Generated/Models/BehaviorModels.cs(1109,5): warning CS1591: Missing XML comment for publicly visible type or member 'CompileBehaviorRequestBehaviorCategory.Situational' [/home/lysander/repos/bannou/Bannou.SDK/Bannou.SDK.csproj::TargetFramework=net9.0]
/home/lysander/repos/bannou/bannou-service/Generated/Models/BehaviorModels.cs(1112,5): warning CS1591: Missing XML comment for publicly visible type or member 'CompileBehaviorRequestBehaviorCategory.Ambient' [/home/lysander/repos/bannou/Bannou.SDK/Bannou.SDK.csproj::TargetFramework=net9.0]
/home/lysander/repos/bannou/bannou-service/Generated/Models/BehaviorModels.cs(1117,13): warning CS1591: Missing XML comment for publicly visible type or member 'ResolveContextResponseResolvedType' [/home/lysander/repos/bannou/Bannou.SDK/Bannou.SDK.csproj::TargetFramework=net9.0]
/home/lysander/repos/bannou/bannou-service/Generated/Models/BehaviorModels.cs(1121,5): warning CS1591: Missing XML comment for publicly visible type or member 'ResolveContextResponseResolvedType.Boolean' [/home/lysander/repos/bannou/Bannou.SDK/Bannou.SDK.csproj::TargetFramework=net9.0]
/home/lysander/repos/bannou/bannou-service/Generated/Models/BehaviorModels.cs(1124,5): warning CS1591: Missing XML comment for publicly visible type or member 'ResolveContextResponseResolvedType.String' [/home/lysander/repos/bannou/Bannou.SDK/Bannou.SDK.csproj::TargetFramework=net9.0]
/home/lysander/repos/bannou/bannou-service/Generated/Models/BehaviorModels.cs(1127,5): warning CS1591: Missing XML comment for publicly visible type or member 'ResolveContextResponseResolvedType.Number' [/home/lysander/repos/bannou/Bannou.SDK/Bannou.SDK.csproj::TargetFramework=net9.0]
/home/lysander/repos/bannou/bannou-service/Generated/Models/BehaviorModels.cs(1130,5): warning CS1591: Missing XML comment for publicly visible type or member 'ResolveContextResponseResolvedType.Object' [/home/lysander/repos/bannou/Bannou.SDK/Bannou.SDK.csproj::TargetFramework=net9.0]
/home/lysander/repos/bannou/bannou-service/Generated/Models/BehaviorModels.cs(1133,5): warning CS1591: Missing XML comment for publicly visible type or member 'ResolveContextResponseResolvedType.Array' [/home/lysander/repos/bannou/Bannou.SDK/Bannou.SDK.csproj::TargetFramework=net9.0]
/home/lysander/repos/bannou/bannou-service/Generated/Models/BehaviorModels.cs(1138,13): warning CS1591: Missing XML comment for publicly visible type or member 'BehaviorSetDefinitionCategory' [/home/lysander/repos/bannou/Bannou.SDK/Bannou.SDK.csproj::TargetFramework=net9.0]
/home/lysander/repos/bannou/bannou-service/Generated/Models/BehaviorModels.cs(1142,5): warning CS1591: Missing XML comment for publicly visible type or member 'BehaviorSetDefinitionCategory.Base' [/home/lysander/repos/bannou/Bannou.SDK/Bannou.SDK.csproj::TargetFramework=net9.0]
/home/lysander/repos/bannou/bannou-service/Generated/Models/BehaviorModels.cs(1145,5): warning CS1591: Missing XML comment for publicly visible type or member 'BehaviorSetDefinitionCategory.Cultural' [/home/lysander/repos/bannou/Bannou.SDK/Bannou.SDK.csproj::TargetFramework=net9.0]
/home/lysander/repos/bannou/bannou-service/Generated/Models/BehaviorModels.cs(1148,5): warning CS1591: Missing XML comment for publicly visible type or member 'BehaviorSetDefinitionCategory.Professional' [/home/lysander/repos/bannou/Bannou.SDK/Bannou.SDK.csproj::TargetFramework=net9.0]
/home/lysander/repos/bannou/bannou-service/Generated/Models/BehaviorModels.cs(1151,5): warning CS1591: Missing XML comment for publicly visible type or member 'BehaviorSetDefinitionCategory.Personal' [/home/lysander/repos/bannou/Bannou.SDK/Bannou.SDK.csproj::TargetFramework=net9.0]
/home/lysander/repos/bannou/bannou-service/Generated/Models/BehaviorModels.cs(1154,5): warning CS1591: Missing XML comment for publicly visible type or member 'BehaviorSetDefinitionCategory.Situational' [/home/lysander/repos/bannou/Bannou.SDK/Bannou.SDK.csproj::TargetFramework=net9.0]
/home/lysander/repos/bannou/bannou-service/Generated/Models/BehaviorModels.cs(1159,22): warning CS1591: Missing XML comment for publicly visible type or member 'Location' [/home/lysander/repos/bannou/Bannou.SDK/Bannou.SDK.csproj::TargetFramework=net9.0]
/home/lysander/repos/bannou/bannou-service/Generated/Models/BehaviorModels.cs(1163,19): warning CS1591: Missing XML comment for publicly visible type or member 'Location.Current' [/home/lysander/repos/bannou/Bannou.SDK/Bannou.SDK.csproj::TargetFramework=net9.0]
/home/lysander/repos/bannou/bannou-service/Generated/Models/BehaviorModels.cs(1166,19): warning CS1591: Missing XML comment for publicly visible type or member 'Location.Region' [/home/lysander/repos/bannou/Bannou.SDK/Bannou.SDK.csproj::TargetFramework=net9.0]
/home/lysander/repos/bannou/bannou-service/Generated/Models/BehaviorModels.cs(1169,24): warning CS1591: Missing XML comment for publicly visible type or member 'Location.Coordinates' [/home/lysander/repos/bannou/Bannou.SDK/Bannou.SDK.csproj::TargetFramework=net9.0]
/home/lysander/repos/bannou/bannou-service/Generated/Models/BehaviorModels.cs(1174,68): warning CS1591: Missing XML comment for publicly visible type or member 'Location.AdditionalProperties' [/home/lysander/repos/bannou/Bannou.SDK/Bannou.SDK.csproj::TargetFramework=net9.0]
/home/lysander/repos/bannou/bannou-service/Generated/Models/BehaviorModels.cs(1183,22): warning CS1591: Missing XML comment for publicly visible type or member 'ExecutionMetadata' [/home/lysander/repos/bannou/Bannou.SDK/Bannou.SDK.csproj::TargetFramework=net9.0]
/home/lysander/repos/bannou/bannou-service/Generated/Models/BehaviorModels.cs(1193,67): warning CS1591: Missing XML comment for publicly visible type or member 'ExecutionMetadata.ResourceRequirements' [/home/lysander/repos/bannou/Bannou.SDK/Bannou.SDK.csproj::TargetFramework=net9.0]
/home/lysander/repos/bannou/bannou-service/Generated/Models/BehaviorModels.cs(1196,59): warning CS1591: Missing XML comment for publicly visible type or member 'ExecutionMetadata.InterruptConditions' [/home/lysander/repos/bannou/Bannou.SDK/Bannou.SDK.csproj::TargetFramework=net9.0]
/home/lysander/repos/bannou/bannou-service/Generated/Models/BehaviorModels.cs(1201,68): warning CS1591: Missing XML comment for publicly visible type or member 'ExecutionMetadata.AdditionalProperties' [/home/lysander/repos/bannou/Bannou.SDK/Bannou.SDK.csproj::TargetFramework=net9.0]
/home/lysander/repos/bannou/bannou-service/Generated/Models/BehaviorModels.cs(1210,13): warning CS1591: Missing XML comment for publicly visible type or member 'ValidateGoapPlanResponseReason' [/home/lysander/repos/bannou/Bannou.SDK/Bannou.SDK.csproj::TargetFramework=net9.0]
/home/lysander/repos/bannou/bannou-service/Generated/Models/BehaviorModels.cs(1214,5): warning CS1591: Missing XML comment for publicly visible type or member 'ValidateGoapPlanResponseReason.None' [/home/lysander/repos/bannou/Bannou.SDK/Bannou.SDK.csproj::TargetFramework=net9.0]
/home/lysander/repos/bannou/bannou-service/Generated/Models/BehaviorModels.cs(1217,5): warning CS1591: Missing XML comment for publicly visible type or member 'ValidateGoapPlanResponseReason.PreconditionInvalidated' [/home/lysander/repos/bannou/Bannou.SDK/Bannou.SDK.csproj::TargetFramework=net9.0]
/home/lysander/repos/bannou/bannou-service/Generated/Models/BehaviorModels.cs(1220,5): warning CS1591: Missing XML comment for publicly visible type or member 'ValidateGoapPlanResponseReason.ActionFailed' [/home/lysander/repos/bannou/Bannou.SDK/Bannou.SDK.csproj::TargetFramework=net9.0]
/home/lysander/repos/bannou/bannou-service/Generated/Models/BehaviorModels.cs(1223,5): warning CS1591: Missing XML comment for publicly visible type or member 'ValidateGoapPlanResponseReason.BetterGoalAvailable' [/home/lysander/repos/bannou/Bannou.SDK/Bannou.SDK.csproj::TargetFramework=net9.0]
/home/lysander/repos/bannou/bannou-service/Generated/Models/BehaviorModels.cs(1226,5): warning CS1591: Missing XML comment for publicly visible type or member 'ValidateGoapPlanResponseReason.PlanCompleted' [/home/lysander/repos/bannou/Bannou.SDK/Bannou.SDK.csproj::TargetFramework=net9.0]
/home/lysander/repos/bannou/bannou-service/Generated/Models/BehaviorModels.cs(1229,5): warning CS1591: Missing XML comment for publicly visible type or member 'ValidateGoapPlanResponseReason.GoalAlreadySatisfied' [/home/lysander/repos/bannou/Bannou.SDK/Bannou.SDK.csproj::TargetFramework=net9.0]
/home/lysander/repos/bannou/bannou-service/Generated/Models/BehaviorModels.cs(1232,5): warning CS1591: Missing XML comment for publicly visible type or member 'ValidateGoapPlanResponseReason.SuboptimalPlan' [/home/lysander/repos/bannou/Bannou.SDK/Bannou.SDK.csproj::TargetFramework=net9.0]
/home/lysander/repos/bannou/bannou-service/Generated/Models/BehaviorModels.cs(1237,13): warning CS1591: Missing XML comment for publicly visible type or member 'ValidateGoapPlanResponseSuggestedAction' [/home/lysander/repos/bannou/Bannou.SDK/Bannou.SDK.csproj::TargetFramework=net9.0]
/home/lysander/repos/bannou/bannou-service/Generated/Models/BehaviorModels.cs(1241,5): warning CS1591: Missing XML comment for publicly visible type or member 'ValidateGoapPlanResponseSuggestedAction.Continue' [/home/lysander/repos/bannou/Bannou.SDK/Bannou.SDK.csproj::TargetFramework=net9.0]
/home/lysander/repos/bannou/bannou-service/Generated/Models/BehaviorModels.cs(1244,5): warning CS1591: Missing XML comment for publicly visible type or member 'ValidateGoapPlanResponseSuggestedAction.Replan' [/home/lysander/repos/bannou/Bannou.SDK/Bannou.SDK.csproj::TargetFramework=net9.0]
/home/lysander/repos/bannou/bannou-service/Generated/Models/BehaviorModels.cs(1247,5): warning CS1591: Missing XML comment for publicly visible type or member 'ValidateGoapPlanResponseSuggestedAction.Abort' [/home/lysander/repos/bannou/Bannou.SDK/Bannou.SDK.csproj::TargetFramework=net9.0]
/home/lysander/repos/bannou/bannou-service/Generated/Models/BehaviorModels.cs(1252,13): warning CS1591: Missing XML comment for publicly visible type or member 'ValidationErrorType' [/home/lysander/repos/bannou/Bannou.SDK/Bannou.SDK.csproj::TargetFramework=net9.0]
/home/lysander/repos/bannou/bannou-service/Generated/Models/BehaviorModels.cs(1256,5): warning CS1591: Missing XML comment for publicly visible type or member 'ValidationErrorType.Syntax' [/home/lysander/repos/bannou/Bannou.SDK/Bannou.SDK.csproj::TargetFramework=net9.0]
/home/lysander/repos/bannou/bannou-service/Generated/Models/BehaviorModels.cs(1259,5): warning CS1591: Missing XML comment for publicly visible type or member 'ValidationErrorType.Semantic' [/home/lysander/repos/bannou/Bannou.SDK/Bannou.SDK.csproj::TargetFramework=net9.0]
/home/lysander/repos/bannou/bannou-service/Generated/Models/BehaviorModels.cs(1262,5): warning CS1591: Missing XML comment for publicly visible type or member 'ValidationErrorType.Schema' [/home/lysander/repos/bannou/Bannou.SDK/Bannou.SDK.csproj::TargetFramework=net9.0]
/home/lysander/repos/bannou/bannou-service/Generated/Models/BehaviorModels.cs(1265,5): warning CS1591: Missing XML comment for publicly visible type or member 'ValidationErrorType.Context' [/home/lysander/repos/bannou/Bannou.SDK/Bannou.SDK.csproj::TargetFramework=net9.0]
/home/lysander/repos/bannou/bannou-service/Generated/Models/BehaviorModels.cs(1268,5): warning CS1591: Missing XML comment for publicly visible type or member 'ValidationErrorType.Service_dependency' [/home/lysander/repos/bannou/Bannou.SDK/Bannou.SDK.csproj::TargetFramework=net9.0]
/home/lysander/repos/bannou/bannou-service/Generated/Models/BehaviorModels.cs(1273,22): warning CS1591: Missing XML comment for publicly visible type or member 'Coordinates' [/home/lysander/repos/bannou/Bannou.SDK/Bannou.SDK.csproj::TargetFramework=net9.0]
/home/lysander/repos/bannou/bannou-service/Generated/Models/BehaviorModels.cs(1277,19): warning CS1591: Missing XML comment for publicly visible type or member 'Coordinates.X' [/home/lysander/repos/bannou/Bannou.SDK/Bannou.SDK.csproj::TargetFramework=net9.0]
/home/lysander/repos/bannou/bannou-service/Generated/Models/BehaviorModels.cs(1280,19): warning CS1591: Missing XML comment for publicly visible type or member 'Coordinates.Y' [/home/lysander/repos/bannou/Bannou.SDK/Bannou.SDK.csproj::TargetFramework=net9.0]
/home/lysander/repos/bannou/bannou-service/Generated/Models/BehaviorModels.cs(1283,19): warning CS1591: Missing XML comment for publicly visible type or member 'Coordinates.Z' [/home/lysander/repos/bannou/Bannou.SDK/Bannou.SDK.csproj::TargetFramework=net9.0]
/home/lysander/repos/bannou/bannou-service/Generated/Models/BehaviorModels.cs(1288,68): warning CS1591: Missing XML comment for publicly visible type or member 'Coordinates.AdditionalProperties' [/home/lysander/repos/bannou/Bannou.SDK/Bannou.SDK.csproj::TargetFramework=net9.0]
/home/lysander/repos/bannou/bannou-service/Generated/Clients/WebsiteClient.cs(19,26): warning CS1591: Missing XML comment for publicly visible type or member 'IWebsiteClient' [/home/lysander/repos/bannou/Bannou.SDK/Bannou.SDK.csproj::TargetFramework=net9.0]
/home/lysander/repos/bannou/bannou-service/Generated/Clients/WebsiteClient.cs(72,84): warning CS1573: Parameter 'body' has no matching param tag in the XML comment for 'IWebsiteClient.SubmitContactAsync(ContactRequest, CancellationToken)' (but other parameters do) [/home/lysander/repos/bannou/Bannou.SDK/Bannou.SDK.csproj::TargetFramework=net9.0]
/home/lysander/repos/bannou/bannou-service/Generated/Clients/WebsiteClient.cs(96,108): warning CS1573: Parameter 'includeUnpublished' has no matching param tag in the XML comment for 'IWebsiteClient.ListPagesAsync(bool?, CancellationToken)' (but other parameters do) [/home/lysander/repos/bannou/Bannou.SDK/Bannou.SDK.csproj::TargetFramework=net9.0]
/home/lysander/repos/bannou/bannou-service/Generated/Clients/WebsiteClient.cs(104,74): warning CS1573: Parameter 'body' has no matching param tag in the XML comment for 'IWebsiteClient.CreatePageAsync(PageContent, CancellationToken)' (but other parameters do) [/home/lysander/repos/bannou/Bannou.SDK/Bannou.SDK.csproj::TargetFramework=net9.0]
/home/lysander/repos/bannou/bannou-service/Generated/Clients/WebsiteClient.cs(112,69): warning CS1573: Parameter 'slug' has no matching param tag in the XML comment for 'IWebsiteClient.UpdatePageAsync(string, PageContent, CancellationToken)' (but other parameters do) [/home/lysander/repos/bannou/Bannou.SDK/Bannou.SDK.csproj::TargetFramework=net9.0]
/home/lysander/repos/bannou/bannou-service/Generated/Clients/WebsiteClient.cs(112,87): warning CS1573: Parameter 'body' has no matching param tag in the XML comment for 'IWebsiteClient.UpdatePageAsync(string, PageContent, CancellationToken)' (but other parameters do) [/home/lysander/repos/bannou/Bannou.SDK/Bannou.SDK.csproj::TargetFramework=net9.0]
/home/lysander/repos/bannou/bannou-service/Generated/Clients/WebsiteClient.cs(120,56): warning CS1573: Parameter 'slug' has no matching param tag in the XML comment for 'IWebsiteClient.DeletePageAsync(string, CancellationToken)' (but other parameters do) [/home/lysander/repos/bannou/Bannou.SDK/Bannou.SDK.csproj::TargetFramework=net9.0]
/home/lysander/repos/bannou/bannou-service/Generated/Clients/WebsiteClient.cs(136,84): warning CS1573: Parameter 'body' has no matching param tag in the XML comment for 'IWebsiteClient.UpdateSiteSettingsAsync(SiteSettings, CancellationToken)' (but other parameters do) [/home/lysander/repos/bannou/Bannou.SDK/Bannou.SDK.csproj::TargetFramework=net9.0]
/home/lysander/repos/bannou/bannou-service/Generated/Clients/WebsiteClient.cs(152,62): warning CS1573: Parameter 'body' has no matching param tag in the XML comment for 'IWebsiteClient.UpdateThemeAsync(ThemeConfig, CancellationToken)' (but other parameters do) [/home/lysander/repos/bannou/Bannou.SDK/Bannou.SDK.csproj::TargetFramework=net9.0]
/home/lysander/repos/bannou/bannou-service/Generated/Clients/WebsiteClient.cs(164,22): warning CS1591: Missing XML comment for publicly visible type or member 'WebsiteClient' [/home/lysander/repos/bannou/Bannou.SDK/Bannou.SDK.csproj::TargetFramework=net9.0]
/home/lysander/repos/bannou/bannou-service/Generated/Clients/WebsiteClient.cs(184,12): warning CS1591: Missing XML comment for publicly visible type or member 'WebsiteClient.WebsiteClient(IMeshInvocationClient, IServiceAppMappingResolver, ILogger<WebsiteClient>?)' [/home/lysander/repos/bannou/Bannou.SDK/Bannou.SDK.csproj::TargetFramework=net9.0]
/home/lysander/repos/bannou/bannou-service/Generated/Clients/WebsiteClient.cs(192,54): warning CS1591: Missing XML comment for publicly visible type or member 'WebsiteClient.JsonSerializerSettings' [/home/lysander/repos/bannou/Bannou.SDK/Bannou.SDK.csproj::TargetFramework=net9.0]
/home/lysander/repos/bannou/bannou-service/Generated/Clients/WebsiteClient.cs(686,105): warning CS1573: Parameter 'body' has no matching param tag in the XML comment for 'WebsiteClient.SubmitContactAsync(ContactRequest, CancellationToken)' (but other parameters do) [/home/lysander/repos/bannou/Bannou.SDK/Bannou.SDK.csproj::TargetFramework=net9.0]
/home/lysander/repos/bannou/bannou-service/Generated/Clients/WebsiteClient.cs(949,129): warning CS1573: Parameter 'includeUnpublished' has no matching param tag in the XML comment for 'WebsiteClient.ListPagesAsync(bool?, CancellationToken)' (but other parameters do) [/home/lysander/repos/bannou/Bannou.SDK/Bannou.SDK.csproj::TargetFramework=net9.0]
/home/lysander/repos/bannou/bannou-service/Generated/Clients/WebsiteClient.cs(1027,95): warning CS1573: Parameter 'body' has no matching param tag in the XML comment for 'WebsiteClient.CreatePageAsync(PageContent, CancellationToken)' (but other parameters do) [/home/lysander/repos/bannou/Bannou.SDK/Bannou.SDK.csproj::TargetFramework=net9.0]
/home/lysander/repos/bannou/bannou-service/Generated/Clients/WebsiteClient.cs(1106,90): warning CS1573: Parameter 'slug' has no matching param tag in the XML comment for 'WebsiteClient.UpdatePageAsync(string, PageContent, CancellationToken)' (but other parameters do) [/home/lysander/repos/bannou/Bannou.SDK/Bannou.SDK.csproj::TargetFramework=net9.0]
/home/lysander/repos/bannou/bannou-service/Generated/Clients/WebsiteClient.cs(1106,108): warning CS1573: Parameter 'body' has no matching param tag in the XML comment for 'WebsiteClient.UpdatePageAsync(string, PageContent, CancellationToken)' (but other parameters do) [/home/lysander/repos/bannou/Bannou.SDK/Bannou.SDK.csproj::TargetFramework=net9.0]
/home/lysander/repos/bannou/bannou-service/Generated/Clients/WebsiteClient.cs(1189,77): warning CS1573: Parameter 'slug' has no matching param tag in the XML comment for 'WebsiteClient.DeletePageAsync(string, CancellationToken)' (but other parameters do) [/home/lysander/repos/bannou/Bannou.SDK/Bannou.SDK.csproj::TargetFramework=net9.0]
/home/lysander/repos/bannou/bannou-service/Generated/Clients/WebsiteClient.cs(1331,105): warning CS1573: Parameter 'body' has no matching param tag in the XML comment for 'WebsiteClient.UpdateSiteSettingsAsync(SiteSettings, CancellationToken)' (but other parameters do) [/home/lysander/repos/bannou/Bannou.SDK/Bannou.SDK.csproj::TargetFramework=net9.0]
/home/lysander/repos/bannou/bannou-service/Generated/Clients/WebsiteClient.cs(1482,83): warning CS1573: Parameter 'body' has no matching param tag in the XML comment for 'WebsiteClient.UpdateThemeAsync(ThemeConfig, CancellationToken)' (but other parameters do) [/home/lysander/repos/bannou/Bannou.SDK/Bannou.SDK.csproj::TargetFramework=net9.0]
/home/lysander/repos/bannou/bannou-service/Generated/Clients/WebsiteClient.cs(1631,22): warning CS1591: Missing XML comment for publicly visible type or member 'WebsiteClient.ObjectResponseResult<T>' [/home/lysander/repos/bannou/Bannou.SDK/Bannou.SDK.csproj::TargetFramework=net9.0]
/home/lysander/repos/bannou/bannou-service/Generated/Clients/WebsiteClient.cs(1633,16): warning CS1591: Missing XML comment for publicly visible type or member 'WebsiteClient.ObjectResponseResult<T>.ObjectResponseResult(T, string)' [/home/lysander/repos/bannou/Bannou.SDK/Bannou.SDK.csproj::TargetFramework=net9.0]
/home/lysander/repos/bannou/bannou-service/Generated/Clients/WebsiteClient.cs(1639,18): warning CS1591: Missing XML comment for publicly visible type or member 'WebsiteClient.ObjectResponseResult<T>.Object' [/home/lysander/repos/bannou/Bannou.SDK/Bannou.SDK.csproj::TargetFramework=net9.0]
/home/lysander/repos/bannou/bannou-service/Generated/Clients/WebsiteClient.cs(1641,23): warning CS1591: Missing XML comment for publicly visible type or member 'WebsiteClient.ObjectResponseResult<T>.Text' [/home/lysander/repos/bannou/Bannou.SDK/Bannou.SDK.csproj::TargetFramework=net9.0]
/home/lysander/repos/bannou/bannou-service/Generated/Clients/WebsiteClient.cs(1664,17): warning CS1591: Missing XML comment for publicly visible type or member 'WebsiteClient.ReadResponseAsString' [/home/lysander/repos/bannou/Bannou.SDK/Bannou.SDK.csproj::TargetFramework=net9.0]
/home/lysander/repos/bannou/bannou-service/Generated/Clients/WebsiteClient.cs(1666,86): warning CS1591: Missing XML comment for publicly visible type or member 'WebsiteClient.ReadObjectResponseAsync<T>(HttpResponseMessage, IReadOnlyDictionary<string, IEnumerable<string>>, CancellationToken)' [/home/lysander/repos/bannou/Bannou.SDK/Bannou.SDK.csproj::TargetFramework=net9.0]
/home/lysander/repos/bannou/bannou-service/Generated/Models/WebsiteModels.cs(18,22): warning CS1591: Missing XML comment for publicly visible type or member 'StatusResponse' [/home/lysander/repos/bannou/Bannou.SDK/Bannou.SDK.csproj::TargetFramework=net9.0]
/home/lysander/repos/bannou/bannou-service/Generated/Models/WebsiteModels.cs(25,33): warning CS1591: Missing XML comment for publicly visible type or member 'StatusResponse.Status' [/home/lysander/repos/bannou/Bannou.SDK/Bannou.SDK.csproj::TargetFramework=net9.0]
/home/lysander/repos/bannou/bannou-service/Generated/Models/WebsiteModels.cs(30,19): warning CS1591: Missing XML comment for publicly visible type or member 'StatusResponse.Version' [/home/lysander/repos/bannou/Bannou.SDK/Bannou.SDK.csproj::TargetFramework=net9.0]
/home/lysander/repos/bannou/bannou-service/Generated/Models/WebsiteModels.cs(39,20): warning CS1591: Missing XML comment for publicly visible type or member 'StatusResponse.MaintenanceMessage' [/home/lysander/repos/bannou/Bannou.SDK/Bannou.SDK.csproj::TargetFramework=net9.0]
/home/lysander/repos/bannou/bannou-service/Generated/Models/WebsiteModels.cs(44,68): warning CS1591: Missing XML comment for publicly visible type or member 'StatusResponse.AdditionalProperties' [/home/lysander/repos/bannou/Bannou.SDK/Bannou.SDK.csproj::TargetFramework=net9.0]
/home/lysander/repos/bannou/bannou-service/Generated/Models/WebsiteModels.cs(53,22): warning CS1591: Missing XML comment for publicly visible type or member 'PageContent' [/home/lysander/repos/bannou/Bannou.SDK/Bannou.SDK.csproj::TargetFramework=net9.0]
/home/lysander/repos/bannou/bannou-service/Generated/Models/WebsiteModels.cs(60,19): warning CS1591: Missing XML comment for publicly visible type or member 'PageContent.Slug' [/home/lysander/repos/bannou/Bannou.SDK/Bannou.SDK.csproj::TargetFramework=net9.0]
/home/lysander/repos/bannou/bannou-service/Generated/Models/WebsiteModels.cs(65,19): warning CS1591: Missing XML comment for publicly visible type or member 'PageContent.Title' [/home/lysander/repos/bannou/Bannou.SDK/Bannou.SDK.csproj::TargetFramework=net9.0]
/home/lysander/repos/bannou/bannou-service/Generated/Models/WebsiteModels.cs(79,35): warning CS1591: Missing XML comment for publicly visible type or member 'PageContent.ContentType' [/home/lysander/repos/bannou/Bannou.SDK/Bannou.SDK.csproj::TargetFramework=net9.0]
/home/lysander/repos/bannou/bannou-service/Generated/Models/WebsiteModels.cs(88,17): warning CS1591: Missing XML comment for publicly visible type or member 'PageContent.Published' [/home/lysander/repos/bannou/Bannou.SDK/Bannou.SDK.csproj::TargetFramework=net9.0]
/home/lysander/repos/bannou/bannou-service/Generated/Models/WebsiteModels.cs(91,35): warning CS1591: Missing XML comment for publicly visible type or member 'PageContent.PublishedAt' [/home/lysander/repos/bannou/Bannou.SDK/Bannou.SDK.csproj::TargetFramework=net9.0]
/home/lysander/repos/bannou/bannou-service/Generated/Models/WebsiteModels.cs(94,34): warning CS1591: Missing XML comment for publicly visible type or member 'PageContent.LastModified' [/home/lysander/repos/bannou/Bannou.SDK/Bannou.SDK.csproj::TargetFramework=net9.0]
/home/lysander/repos/bannou/bannou-service/Generated/Models/WebsiteModels.cs(97,20): warning CS1591: Missing XML comment for publicly visible type or member 'PageContent.Author' [/home/lysander/repos/bannou/Bannou.SDK/Bannou.SDK.csproj::TargetFramework=net9.0]
/home/lysander/repos/bannou/bannou-service/Generated/Models/WebsiteModels.cs(106,24): warning CS1591: Missing XML comment for publicly visible type or member 'PageContent.Seo' [/home/lysander/repos/bannou/Bannou.SDK/Bannou.SDK.csproj::TargetFramework=net9.0]
/home/lysander/repos/bannou/bannou-service/Generated/Models/WebsiteModels.cs(111,68): warning CS1591: Missing XML comment for publicly visible type or member 'PageContent.AdditionalProperties' [/home/lysander/repos/bannou/Bannou.SDK/Bannou.SDK.csproj::TargetFramework=net9.0]
/home/lysander/repos/bannou/bannou-service/Generated/Models/WebsiteModels.cs(120,22): warning CS1591: Missing XML comment for publicly visible type or member 'PageMetadata' [/home/lysander/repos/bannou/Bannou.SDK/Bannou.SDK.csproj::TargetFramework=net9.0]
/home/lysander/repos/bannou/bannou-service/Generated/Models/WebsiteModels.cs(126,19): warning CS1591: Missing XML comment for publicly visible type or member 'PageMetadata.Slug' [/home/lysander/repos/bannou/Bannou.SDK/Bannou.SDK.csproj::TargetFramework=net9.0]
/home/lysander/repos/bannou/bannou-service/Generated/Models/WebsiteModels.cs(131,19): warning CS1591: Missing XML comment for publicly visible type or member 'PageMetadata.Title' [/home/lysander/repos/bannou/Bannou.SDK/Bannou.SDK.csproj::TargetFramework=net9.0]
/home/lysander/repos/bannou/bannou-service/Generated/Models/WebsiteModels.cs(134,17): warning CS1591: Missing XML comment for publicly visible type or member 'PageMetadata.Published' [/home/lysander/repos/bannou/Bannou.SDK/Bannou.SDK.csproj::TargetFramework=net9.0]
/home/lysander/repos/bannou/bannou-service/Generated/Models/WebsiteModels.cs(137,35): warning CS1591: Missing XML comment for publicly visible type or member 'PageMetadata.PublishedAt' [/home/lysander/repos/bannou/Bannou.SDK/Bannou.SDK.csproj::TargetFramework=net9.0]
/home/lysander/repos/bannou/bannou-service/Generated/Models/WebsiteModels.cs(140,34): warning CS1591: Missing XML comment for publicly visible type or member 'PageMetadata.LastModified' [/home/lysander/repos/bannou/Bannou.SDK/Bannou.SDK.csproj::TargetFramework=net9.0]
/home/lysander/repos/bannou/bannou-service/Generated/Models/WebsiteModels.cs(143,20): warning CS1591: Missing XML comment for publicly visible type or member 'PageMetadata.Author' [/home/lysander/repos/bannou/Bannou.SDK/Bannou.SDK.csproj::TargetFramework=net9.0]
/home/lysander/repos/bannou/bannou-service/Generated/Models/WebsiteModels.cs(148,68): warning CS1591: Missing XML comment for publicly visible type or member 'PageMetadata.AdditionalProperties' [/home/lysander/repos/bannou/Bannou.SDK/Bannou.SDK.csproj::TargetFramework=net9.0]
/home/lysander/repos/bannou/bannou-service/Generated/Models/WebsiteModels.cs(157,22): warning CS1591: Missing XML comment for publicly visible type or member 'SEOMetadata' [/home/lysander/repos/bannou/Bannou.SDK/Bannou.SDK.csproj::TargetFramework=net9.0]
/home/lysander/repos/bannou/bannou-service/Generated/Models/WebsiteModels.cs(161,20): warning CS1591: Missing XML comment for publicly visible type or member 'SEOMetadata.Description' [/home/lysander/repos/bannou/Bannou.SDK/Bannou.SDK.csproj::TargetFramework=net9.0]
/home/lysander/repos/bannou/bannou-service/Generated/Models/WebsiteModels.cs(164,59): warning CS1591: Missing XML comment for publicly visible type or member 'SEOMetadata.Keywords' [/home/lysander/repos/bannou/Bannou.SDK/Bannou.SDK.csproj::TargetFramework=net9.0]
/home/lysander/repos/bannou/bannou-service/Generated/Models/WebsiteModels.cs(167,20): warning CS1591: Missing XML comment for publicly visible type or member 'SEOMetadata.OgTitle' [/home/lysander/repos/bannou/Bannou.SDK/Bannou.SDK.csproj::TargetFramework=net9.0]
/home/lysander/repos/bannou/bannou-service/Generated/Models/WebsiteModels.cs(170,20): warning CS1591: Missing XML comment for publicly visible type or member 'SEOMetadata.OgDescription' [/home/lysander/repos/bannou/Bannou.SDK/Bannou.SDK.csproj::TargetFramework=net9.0]
/home/lysander/repos/bannou/bannou-service/Generated/Models/WebsiteModels.cs(173,24): warning CS1591: Missing XML comment for publicly visible type or member 'SEOMetadata.OgImage' [/home/lysander/repos/bannou/Bannou.SDK/Bannou.SDK.csproj::TargetFramework=net9.0]
/home/lysander/repos/bannou/bannou-service/Generated/Models/WebsiteModels.cs(178,68): warning CS1591: Missing XML comment for publicly visible type or member 'SEOMetadata.AdditionalProperties' [/home/lysander/repos/bannou/Bannou.SDK/Bannou.SDK.csproj::TargetFramework=net9.0]
/home/lysander/repos/bannou/bannou-service/Generated/Models/WebsiteModels.cs(187,22): warning CS1591: Missing XML comment for publicly visible type or member 'SiteSettings' [/home/lysander/repos/bannou/Bannou.SDK/Bannou.SDK.csproj::TargetFramework=net9.0]
/home/lysander/repos/bannou/bannou-service/Generated/Models/WebsiteModels.cs(193,19): warning CS1591: Missing XML comment for publicly visible type or member 'SiteSettings.SiteName' [/home/lysander/repos/bannou/Bannou.SDK/Bannou.SDK.csproj::TargetFramework=net9.0]
/home/lysander/repos/bannou/bannou-service/Generated/Models/WebsiteModels.cs(198,23): warning CS1591: Missing XML comment for publicly visible type or member 'SiteSettings.SiteUrl' [/home/lysander/repos/bannou/Bannou.SDK/Bannou.SDK.csproj::TargetFramework=net9.0]
/home/lysander/repos/bannou/bannou-service/Generated/Models/WebsiteModels.cs(201,20): warning CS1591: Missing XML comment for publicly visible type or member 'SiteSettings.Tagline' [/home/lysander/repos/bannou/Bannou.SDK/Bannou.SDK.csproj::TargetFramework=net9.0]
/home/lysander/repos/bannou/bannou-service/Generated/Models/WebsiteModels.cs(206,19): warning CS1591: Missing XML comment for publicly visible type or member 'SiteSettings.DefaultLanguage' [/home/lysander/repos/bannou/Bannou.SDK/Bannou.SDK.csproj::TargetFramework=net9.0]
/home/lysander/repos/bannou/bannou-service/Generated/Models/WebsiteModels.cs(209,59): warning CS1591: Missing XML comment for publicly visible type or member 'SiteSettings.SupportedLanguages' [/home/lysander/repos/bannou/Bannou.SDK/Bannou.SDK.csproj::TargetFramework=net9.0]
/home/lysander/repos/bannou/bannou-service/Generated/Models/WebsiteModels.cs(212,17): warning CS1591: Missing XML comment for publicly visible type or member 'SiteSettings.MaintenanceMode' [/home/lysander/repos/bannou/Bannou.SDK/Bannou.SDK.csproj::TargetFramework=net9.0]
/home/lysander/repos/bannou/bannou-service/Generated/Models/WebsiteModels.cs(215,20): warning CS1591: Missing XML comment for publicly visible type or member 'SiteSettings.MaintenanceMessage' [/home/lysander/repos/bannou/Bannou.SDK/Bannou.SDK.csproj::TargetFramework=net9.0]
/home/lysander/repos/bannou/bannou-service/Generated/Models/WebsiteModels.cs(218,19): warning CS1591: Missing XML comment for publicly visible type or member 'SiteSettings.ContactEmail' [/home/lysander/repos/bannou/Bannou.SDK/Bannou.SDK.csproj::TargetFramework=net9.0]
/home/lysander/repos/bannou/bannou-service/Generated/Models/WebsiteModels.cs(221,71): warning CS1591: Missing XML comment for publicly visible type or member 'SiteSettings.SocialLinks' [/home/lysander/repos/bannou/Bannou.SDK/Bannou.SDK.csproj::TargetFramework=net9.0]
/home/lysander/repos/bannou/bannou-service/Generated/Models/WebsiteModels.cs(224,22): warning CS1591: Missing XML comment for publicly visible type or member 'SiteSettings.Analytics' [/home/lysander/repos/bannou/Bannou.SDK/Bannou.SDK.csproj::TargetFramework=net9.0]
/home/lysander/repos/bannou/bannou-service/Generated/Models/WebsiteModels.cs(227,26): warning CS1591: Missing XML comment for publicly visible type or member 'SiteSettings.CustomScripts' [/home/lysander/repos/bannou/Bannou.SDK/Bannou.SDK.csproj::TargetFramework=net9.0]
/home/lysander/repos/bannou/bannou-service/Generated/Models/WebsiteModels.cs(232,68): warning CS1591: Missing XML comment for publicly visible type or member 'SiteSettings.AdditionalProperties' [/home/lysander/repos/bannou/Bannou.SDK/Bannou.SDK.csproj::TargetFramework=net9.0]
/home/lysander/repos/bannou/bannou-service/Generated/Models/WebsiteModels.cs(241,22): warning CS1591: Missing XML comment for publicly visible type or member 'ThemeConfig' [/home/lysander/repos/bannou/Bannou.SDK/Bannou.SDK.csproj::TargetFramework=net9.0]
/home/lysander/repos/bannou/bannou-service/Generated/Models/WebsiteModels.cs(247,19): warning CS1591: Missing XML comment for publicly visible type or member 'ThemeConfig.ThemeName' [/home/lysander/repos/bannou/Bannou.SDK/Bannou.SDK.csproj::TargetFramework=net9.0]
/home/lysander/repos/bannou/bannou-service/Generated/Models/WebsiteModels.cs(253,19): warning CS1591: Missing XML comment for publicly visible type or member 'ThemeConfig.PrimaryColor' [/home/lysander/repos/bannou/Bannou.SDK/Bannou.SDK.csproj::TargetFramework=net9.0]
/home/lysander/repos/bannou/bannou-service/Generated/Models/WebsiteModels.cs(257,19): warning CS1591: Missing XML comment for publicly visible type or member 'ThemeConfig.SecondaryColor' [/home/lysander/repos/bannou/Bannou.SDK/Bannou.SDK.csproj::TargetFramework=net9.0]
/home/lysander/repos/bannou/bannou-service/Generated/Models/WebsiteModels.cs(261,19): warning CS1591: Missing XML comment for publicly visible type or member 'ThemeConfig.BackgroundColor' [/home/lysander/repos/bannou/Bannou.SDK/Bannou.SDK.csproj::TargetFramework=net9.0]
/home/lysander/repos/bannou/bannou-service/Generated/Models/WebsiteModels.cs(265,19): warning CS1591: Missing XML comment for publicly visible type or member 'ThemeConfig.TextColor' [/home/lysander/repos/bannou/Bannou.SDK/Bannou.SDK.csproj::TargetFramework=net9.0]
/home/lysander/repos/bannou/bannou-service/Generated/Models/WebsiteModels.cs(268,19): warning CS1591: Missing XML comment for publicly visible type or member 'ThemeConfig.FontFamily' [/home/lysander/repos/bannou/Bannou.SDK/Bannou.SDK.csproj::TargetFramework=net9.0]
/home/lysander/repos/bannou/bannou-service/Generated/Models/WebsiteModels.cs(271,20): warning CS1591: Missing XML comment for publicly visible type or member 'ThemeConfig.CustomCSS' [/home/lysander/repos/bannou/Bannou.SDK/Bannou.SDK.csproj::TargetFramework=net9.0]
/home/lysander/repos/bannou/bannou-service/Generated/Models/WebsiteModels.cs(274,17): warning CS1591: Missing XML comment for publicly visible type or member 'ThemeConfig.Logo' [/home/lysander/repos/bannou/Bannou.SDK/Bannou.SDK.csproj::TargetFramework=net9.0]
/home/lysander/repos/bannou/bannou-service/Generated/Models/WebsiteModels.cs(277,24): warning CS1591: Missing XML comment for publicly visible type or member 'ThemeConfig.Favicon' [/home/lysander/repos/bannou/Bannou.SDK/Bannou.SDK.csproj::TargetFramework=net9.0]
/home/lysander/repos/bannou/bannou-service/Generated/Models/WebsiteModels.cs(280,67): warning CS1591: Missing XML comment for publicly visible type or member 'ThemeConfig.Navigation' [/home/lysander/repos/bannou/Bannou.SDK/Bannou.SDK.csproj::TargetFramework=net9.0]
/home/lysander/repos/bannou/bannou-service/Generated/Models/WebsiteModels.cs(285,68): warning CS1591: Missing XML comment for publicly visible type or member 'ThemeConfig.AdditionalProperties' [/home/lysander/repos/bannou/Bannou.SDK/Bannou.SDK.csproj::TargetFramework=net9.0]
/home/lysander/repos/bannou/bannou-service/Generated/Models/WebsiteModels.cs(294,22): warning CS1591: Missing XML comment for publicly visible type or member 'NavigationItem' [/home/lysander/repos/bannou/Bannou.SDK/Bannou.SDK.csproj::TargetFramework=net9.0]
/home/lysander/repos/bannou/bannou-service/Generated/Models/WebsiteModels.cs(300,19): warning CS1591: Missing XML comment for publicly visible type or member 'NavigationItem.Label' [/home/lysander/repos/bannou/Bannou.SDK/Bannou.SDK.csproj::TargetFramework=net9.0]
/home/lysander/repos/bannou/bannou-service/Generated/Models/WebsiteModels.cs(305,19): warning CS1591: Missing XML comment for publicly visible type or member 'NavigationItem.Url' [/home/lysander/repos/bannou/Bannou.SDK/Bannou.SDK.csproj::TargetFramework=net9.0]
/home/lysander/repos/bannou/bannou-service/Generated/Models/WebsiteModels.cs(308,16): warning CS1591: Missing XML comment for publicly visible type or member 'NavigationItem.Order' [/home/lysander/repos/bannou/Bannou.SDK/Bannou.SDK.csproj::TargetFramework=net9.0]
/home/lysander/repos/bannou/bannou-service/Generated/Models/WebsiteModels.cs(312,33): warning CS1591: Missing XML comment for publicly visible type or member 'NavigationItem.Target' [/home/lysander/repos/bannou/Bannou.SDK/Bannou.SDK.csproj::TargetFramework=net9.0]
/home/lysander/repos/bannou/bannou-service/Generated/Models/WebsiteModels.cs(315,67): warning CS1591: Missing XML comment for publicly visible type or member 'NavigationItem.Children' [/home/lysander/repos/bannou/Bannou.SDK/Bannou.SDK.csproj::TargetFramework=net9.0]
/home/lysander/repos/bannou/bannou-service/Generated/Models/WebsiteModels.cs(320,68): warning CS1591: Missing XML comment for publicly visible type or member 'NavigationItem.AdditionalProperties' [/home/lysander/repos/bannou/Bannou.SDK/Bannou.SDK.csproj::TargetFramework=net9.0]
/home/lysander/repos/bannou/bannou-service/Generated/Models/WebsiteModels.cs(329,22): warning CS1591: Missing XML comment for publicly visible type or member 'NewsResponse' [/home/lysander/repos/bannou/Bannou.SDK/Bannou.SDK.csproj::TargetFramework=net9.0]
/home/lysander/repos/bannou/bannou-service/Generated/Models/WebsiteModels.cs(335,61): warning CS1591: Missing XML comment for publicly visible type or member 'NewsResponse.Items' [/home/lysander/repos/bannou/Bannou.SDK/Bannou.SDK.csproj::TargetFramework=net9.0]
/home/lysander/repos/bannou/bannou-service/Generated/Models/WebsiteModels.cs(338,16): warning CS1591: Missing XML comment for publicly visible type or member 'NewsResponse.Total' [/home/lysander/repos/bannou/Bannou.SDK/Bannou.SDK.csproj::TargetFramework=net9.0]
/home/lysander/repos/bannou/bannou-service/Generated/Models/WebsiteModels.cs(341,17): warning CS1591: Missing XML comment for publicly visible type or member 'NewsResponse.HasMore' [/home/lysander/repos/bannou/Bannou.SDK/Bannou.SDK.csproj::TargetFramework=net9.0]
/home/lysander/repos/bannou/bannou-service/Generated/Models/WebsiteModels.cs(346,68): warning CS1591: Missing XML comment for publicly visible type or member 'NewsResponse.AdditionalProperties' [/home/lysander/repos/bannou/Bannou.SDK/Bannou.SDK.csproj::TargetFramework=net9.0]
/home/lysander/repos/bannou/bannou-service/Generated/Models/WebsiteModels.cs(355,22): warning CS1591: Missing XML comment for publicly visible type or member 'NewsItem' [/home/lysander/repos/bannou/Bannou.SDK/Bannou.SDK.csproj::TargetFramework=net9.0]
/home/lysander/repos/bannou/bannou-service/Generated/Models/WebsiteModels.cs(361,24): warning CS1591: Missing XML comment for publicly visible type or member 'NewsItem.Id' [/home/lysander/repos/bannou/Bannou.SDK/Bannou.SDK.csproj::TargetFramework=net9.0]
/home/lysander/repos/bannou/bannou-service/Generated/Models/WebsiteModels.cs(366,19): warning CS1591: Missing XML comment for publicly visible type or member 'NewsItem.Title' [/home/lysander/repos/bannou/Bannou.SDK/Bannou.SDK.csproj::TargetFramework=net9.0]
/home/lysander/repos/bannou/bannou-service/Generated/Models/WebsiteModels.cs(371,19): warning CS1591: Missing XML comment for publicly visible type or member 'NewsItem.Summary' [/home/lysander/repos/bannou/Bannou.SDK/Bannou.SDK.csproj::TargetFramework=net9.0]
/home/lysander/repos/bannou/bannou-service/Generated/Models/WebsiteModels.cs(374,20): warning CS1591: Missing XML comment for publicly visible type or member 'NewsItem.Content' [/home/lysander/repos/bannou/Bannou.SDK/Bannou.SDK.csproj::TargetFramework=net9.0]
/home/lysander/repos/bannou/bannou-service/Generated/Models/WebsiteModels.cs(377,19): warning CS1591: Missing XML comment for publicly visible type or member 'NewsItem.Author' [/home/lysander/repos/bannou/Bannou.SDK/Bannou.SDK.csproj::TargetFramework=net9.0]
/home/lysander/repos/bannou/bannou-service/Generated/Models/WebsiteModels.cs(382,34): warning CS1591: Missing XML comment for publicly visible type or member 'NewsItem.PublishedAt' [/home/lysander/repos/bannou/Bannou.SDK/Bannou.SDK.csproj::TargetFramework=net9.0]
/home/lysander/repos/bannou/bannou-service/Generated/Models/WebsiteModels.cs(385,59): warning CS1591: Missing XML comment for publicly visible type or member 'NewsItem.Tags' [/home/lysander/repos/bannou/Bannou.SDK/Bannou.SDK.csproj::TargetFramework=net9.0]
/home/lysander/repos/bannou/bannou-service/Generated/Models/WebsiteModels.cs(388,24): warning CS1591: Missing XML comment for publicly visible type or member 'NewsItem.ImageUrl' [/home/lysander/repos/bannou/Bannou.SDK/Bannou.SDK.csproj::TargetFramework=net9.0]
/home/lysander/repos/bannou/bannou-service/Generated/Models/WebsiteModels.cs(393,68): warning CS1591: Missing XML comment for publicly visible type or member 'NewsItem.AdditionalProperties' [/home/lysander/repos/bannou/Bannou.SDK/Bannou.SDK.csproj::TargetFramework=net9.0]
/home/lysander/repos/bannou/bannou-service/Generated/Models/WebsiteModels.cs(402,22): warning CS1591: Missing XML comment for publicly visible type or member 'ServerStatusResponse' [/home/lysander/repos/bannou/Bannou.SDK/Bannou.SDK.csproj::TargetFramework=net9.0]
/home/lysander/repos/bannou/bannou-service/Generated/Models/WebsiteModels.cs(409,45): warning CS1591: Missing XML comment for publicly visible type or member 'ServerStatusResponse.GlobalStatus' [/home/lysander/repos/bannou/Bannou.SDK/Bannou.SDK.csproj::TargetFramework=net9.0]
/home/lysander/repos/bannou/bannou-service/Generated/Models/WebsiteModels.cs(414,64): warning CS1591: Missing XML comment for publicly visible type or member 'ServerStatusResponse.Realms' [/home/lysander/repos/bannou/Bannou.SDK/Bannou.SDK.csproj::TargetFramework=net9.0]
/home/lysander/repos/bannou/bannou-service/Generated/Models/WebsiteModels.cs(419,68): warning CS1591: Missing XML comment for publicly visible type or member 'ServerStatusResponse.AdditionalProperties' [/home/lysander/repos/bannou/Bannou.SDK/Bannou.SDK.csproj::TargetFramework=net9.0]
/home/lysander/repos/bannou/bannou-service/Generated/Models/WebsiteModels.cs(428,22): warning CS1591: Missing XML comment for publicly visible type or member 'RealmStatus' [/home/lysander/repos/bannou/Bannou.SDK/Bannou.SDK.csproj::TargetFramework=net9.0]
/home/lysander/repos/bannou/bannou-service/Generated/Models/WebsiteModels.cs(434,19): warning CS1591: Missing XML comment for publicly visible type or member 'RealmStatus.RealmId' [/home/lysander/repos/bannou/Bannou.SDK/Bannou.SDK.csproj::TargetFramework=net9.0]
/home/lysander/repos/bannou/bannou-service/Generated/Models/WebsiteModels.cs(439,19): warning CS1591: Missing XML comment for publicly visible type or member 'RealmStatus.Name' [/home/lysander/repos/bannou/Bannou.SDK/Bannou.SDK.csproj::TargetFramework=net9.0]
/home/lysander/repos/bannou/bannou-service/Generated/Models/WebsiteModels.cs(445,30): warning CS1591: Missing XML comment for publicly visible type or member 'RealmStatus.Status' [/home/lysander/repos/bannou/Bannou.SDK/Bannou.SDK.csproj::TargetFramework=net9.0]
/home/lysander/repos/bannou/bannou-service/Generated/Models/WebsiteModels.cs(451,34): warning CS1591: Missing XML comment for publicly visible type or member 'RealmStatus.Population' [/home/lysander/repos/bannou/Bannou.SDK/Bannou.SDK.csproj::TargetFramework=net9.0]
/home/lysander/repos/bannou/bannou-service/Generated/Models/WebsiteModels.cs(454,17): warning CS1591: Missing XML comment for publicly visible type or member 'RealmStatus.PlayerCount' [/home/lysander/repos/bannou/Bannou.SDK/Bannou.SDK.csproj::TargetFramework=net9.0]
/home/lysander/repos/bannou/bannou-service/Generated/Models/WebsiteModels.cs(465,68): warning CS1591: Missing XML comment for publicly visible type or member 'RealmStatus.AdditionalProperties' [/home/lysander/repos/bannou/Bannou.SDK/Bannou.SDK.csproj::TargetFramework=net9.0]
/home/lysander/repos/bannou/bannou-service/Generated/Models/WebsiteModels.cs(474,22): warning CS1591: Missing XML comment for publicly visible type or member 'DownloadsResponse' [/home/lysander/repos/bannou/Bannou.SDK/Bannou.SDK.csproj::TargetFramework=net9.0]
/home/lysander/repos/bannou/bannou-service/Generated/Models/WebsiteModels.cs(480,65): warning CS1591: Missing XML comment for publicly visible type or member 'DownloadsResponse.Clients' [/home/lysander/repos/bannou/Bannou.SDK/Bannou.SDK.csproj::TargetFramework=net9.0]
/home/lysander/repos/bannou/bannou-service/Generated/Models/WebsiteModels.cs(485,68): warning CS1591: Missing XML comment for publicly visible type or member 'DownloadsResponse.AdditionalProperties' [/home/lysander/repos/bannou/Bannou.SDK/Bannou.SDK.csproj::TargetFramework=net9.0]
/home/lysander/repos/bannou/bannou-service/Generated/Models/WebsiteModels.cs(494,22): warning CS1591: Missing XML comment for publicly visible type or member 'DownloadInfo' [/home/lysander/repos/bannou/Bannou.SDK/Bannou.SDK.csproj::TargetFramework=net9.0]
/home/lysander/repos/bannou/bannou-service/Generated/Models/WebsiteModels.cs(501,33): warning CS1591: Missing XML comment for publicly visible type or member 'DownloadInfo.Platform' [/home/lysander/repos/bannou/Bannou.SDK/Bannou.SDK.csproj::TargetFramework=net9.0]
/home/lysander/repos/bannou/bannou-service/Generated/Models/WebsiteModels.cs(506,19): warning CS1591: Missing XML comment for publicly visible type or member 'DownloadInfo.Version' [/home/lysander/repos/bannou/Bannou.SDK/Bannou.SDK.csproj::TargetFramework=net9.0]
/home/lysander/repos/bannou/bannou-service/Generated/Models/WebsiteModels.cs(511,23): warning CS1591: Missing XML comment for publicly visible type or member 'DownloadInfo.Url' [/home/lysander/repos/bannou/Bannou.SDK/Bannou.SDK.csproj::TargetFramework=net9.0]
/home/lysander/repos/bannou/bannou-service/Generated/Models/WebsiteModels.cs(528,20): warning CS1591: Missing XML comment for publicly visible type or member 'DownloadInfo.ReleaseNotes' [/home/lysander/repos/bannou/Bannou.SDK/Bannou.SDK.csproj::TargetFramework=net9.0]
/home/lysander/repos/bannou/bannou-service/Generated/Models/WebsiteModels.cs(531,19): warning CS1591: Missing XML comment for publicly visible type or member 'DownloadInfo.MinimumRequirements' [/home/lysander/repos/bannou/Bannou.SDK/Bannou.SDK.csproj::TargetFramework=net9.0]
/home/lysander/repos/bannou/bannou-service/Generated/Models/WebsiteModels.cs(536,68): warning CS1591: Missing XML comment for publicly visible type or member 'DownloadInfo.AdditionalProperties' [/home/lysander/repos/bannou/Bannou.SDK/Bannou.SDK.csproj::TargetFramework=net9.0]
/home/lysander/repos/bannou/bannou-service/Generated/Models/WebsiteModels.cs(545,22): warning CS1591: Missing XML comment for publicly visible type or member 'ContactRequest' [/home/lysander/repos/bannou/Bannou.SDK/Bannou.SDK.csproj::TargetFramework=net9.0]
/home/lysander/repos/bannou/bannou-service/Generated/Models/WebsiteModels.cs(551,19): warning CS1591: Missing XML comment for publicly visible type or member 'ContactRequest.Email' [/home/lysander/repos/bannou/Bannou.SDK/Bannou.SDK.csproj::TargetFramework=net9.0]
/home/lysander/repos/bannou/bannou-service/Generated/Models/WebsiteModels.cs(554,20): warning CS1591: Missing XML comment for publicly visible type or member 'ContactRequest.Name' [/home/lysander/repos/bannou/Bannou.SDK/Bannou.SDK.csproj::TargetFramework=net9.0]
/home/lysander/repos/bannou/bannou-service/Generated/Models/WebsiteModels.cs(560,19): warning CS1591: Missing XML comment for publicly visible type or member 'ContactRequest.Subject' [/home/lysander/repos/bannou/Bannou.SDK/Bannou.SDK.csproj::TargetFramework=net9.0]
/home/lysander/repos/bannou/bannou-service/Generated/Models/WebsiteModels.cs(566,19): warning CS1591: Missing XML comment for publicly visible type or member 'ContactRequest.Message' [/home/lysander/repos/bannou/Bannou.SDK/Bannou.SDK.csproj::TargetFramework=net9.0]
/home/lysander/repos/bannou/bannou-service/Generated/Models/WebsiteModels.cs(570,35): warning CS1591: Missing XML comment for publicly visible type or member 'ContactRequest.Category' [/home/lysander/repos/bannou/Bannou.SDK/Bannou.SDK.csproj::TargetFramework=net9.0]
/home/lysander/repos/bannou/bannou-service/Generated/Models/WebsiteModels.cs(575,68): warning CS1591: Missing XML comment for publicly visible type or member 'ContactRequest.AdditionalProperties' [/home/lysander/repos/bannou/Bannou.SDK/Bannou.SDK.csproj::TargetFramework=net9.0]
/home/lysander/repos/bannou/bannou-service/Generated/Models/WebsiteModels.cs(584,22): warning CS1591: Missing XML comment for publicly visible type or member 'ContactResponse' [/home/lysander/repos/bannou/Bannou.SDK/Bannou.SDK.csproj::TargetFramework=net9.0]
/home/lysander/repos/bannou/bannou-service/Generated/Models/WebsiteModels.cs(590,24): warning CS1591: Missing XML comment for publicly visible type or member 'ContactResponse.TicketId' [/home/lysander/repos/bannou/Bannou.SDK/Bannou.SDK.csproj::TargetFramework=net9.0]
/home/lysander/repos/bannou/bannou-service/Generated/Models/WebsiteModels.cs(595,19): warning CS1591: Missing XML comment for publicly visible type or member 'ContactResponse.Message' [/home/lysander/repos/bannou/Bannou.SDK/Bannou.SDK.csproj::TargetFramework=net9.0]
/home/lysander/repos/bannou/bannou-service/Generated/Models/WebsiteModels.cs(600,68): warning CS1591: Missing XML comment for publicly visible type or member 'ContactResponse.AdditionalProperties' [/home/lysander/repos/bannou/Bannou.SDK/Bannou.SDK.csproj::TargetFramework=net9.0]
/home/lysander/repos/bannou/bannou-service/Generated/Models/WebsiteModels.cs(609,22): warning CS1591: Missing XML comment for publicly visible type or member 'AccountProfile' [/home/lysander/repos/bannou/Bannou.SDK/Bannou.SDK.csproj::TargetFramework=net9.0]
/home/lysander/repos/bannou/bannou-service/Generated/Models/WebsiteModels.cs(615,24): warning CS1591: Missing XML comment for publicly visible type or member 'AccountProfile.AccountId' [/home/lysander/repos/bannou/Bannou.SDK/Bannou.SDK.csproj::TargetFramework=net9.0]
/home/lysander/repos/bannou/bannou-service/Generated/Models/WebsiteModels.cs(620,19): warning CS1591: Missing XML comment for publicly visible type or member 'AccountProfile.Email' [/home/lysander/repos/bannou/Bannou.SDK/Bannou.SDK.csproj::TargetFramework=net9.0]
/home/lysander/repos/bannou/bannou-service/Generated/Models/WebsiteModels.cs(623,20): warning CS1591: Missing XML comment for publicly visible type or member 'AccountProfile.DisplayName' [/home/lysander/repos/bannou/Bannou.SDK/Bannou.SDK.csproj::TargetFramework=net9.0]
/home/lysander/repos/bannou/bannou-service/Generated/Models/WebsiteModels.cs(628,34): warning CS1591: Missing XML comment for publicly visible type or member 'AccountProfile.CreatedAt' [/home/lysander/repos/bannou/Bannou.SDK/Bannou.SDK.csproj::TargetFramework=net9.0]
/home/lysander/repos/bannou/bannou-service/Generated/Models/WebsiteModels.cs(631,35): warning CS1591: Missing XML comment for publicly visible type or member 'AccountProfile.LastLogin' [/home/lysander/repos/bannou/Bannou.SDK/Bannou.SDK.csproj::TargetFramework=net9.0]
/home/lysander/repos/bannou/bannou-service/Generated/Models/WebsiteModels.cs(634,16): warning CS1591: Missing XML comment for publicly visible type or member 'AccountProfile.CharacterSlots' [/home/lysander/repos/bannou/Bannou.SDK/Bannou.SDK.csproj::TargetFramework=net9.0]
/home/lysander/repos/bannou/bannou-service/Generated/Models/WebsiteModels.cs(637,16): warning CS1591: Missing XML comment for publicly visible type or member 'AccountProfile.UsedSlots' [/home/lysander/repos/bannou/Bannou.SDK/Bannou.SDK.csproj::TargetFramework=net9.0]
/home/lysander/repos/bannou/bannou-service/Generated/Models/WebsiteModels.cs(642,68): warning CS1591: Missing XML comment for publicly visible type or member 'AccountProfile.AdditionalProperties' [/home/lysander/repos/bannou/Bannou.SDK/Bannou.SDK.csproj::TargetFramework=net9.0]
/home/lysander/repos/bannou/bannou-service/Generated/Models/WebsiteModels.cs(651,22): warning CS1591: Missing XML comment for publicly visible type or member 'CharacterListResponse' [/home/lysander/repos/bannou/Bannou.SDK/Bannou.SDK.csproj::TargetFramework=net9.0]
/home/lysander/repos/bannou/bannou-service/Generated/Models/WebsiteModels.cs(657,69): warning CS1591: Missing XML comment for publicly visible type or member 'CharacterListResponse.Characters' [/home/lysander/repos/bannou/Bannou.SDK/Bannou.SDK.csproj::TargetFramework=net9.0]
/home/lysander/repos/bannou/bannou-service/Generated/Models/WebsiteModels.cs(662,68): warning CS1591: Missing XML comment for publicly visible type or member 'CharacterListResponse.AdditionalProperties' [/home/lysander/repos/bannou/Bannou.SDK/Bannou.SDK.csproj::TargetFramework=net9.0]
/home/lysander/repos/bannou/bannou-service/Generated/Models/WebsiteModels.cs(671,22): warning CS1591: Missing XML comment for publicly visible type or member 'CharacterSummary' [/home/lysander/repos/bannou/Bannou.SDK/Bannou.SDK.csproj::TargetFramework=net9.0]
/home/lysander/repos/bannou/bannou-service/Generated/Models/WebsiteModels.cs(677,24): warning CS1591: Missing XML comment for publicly visible type or member 'CharacterSummary.CharacterId' [/home/lysander/repos/bannou/Bannou.SDK/Bannou.SDK.csproj::TargetFramework=net9.0]
/home/lysander/repos/bannou/bannou-service/Generated/Models/WebsiteModels.cs(682,19): warning CS1591: Missing XML comment for publicly visible type or member 'CharacterSummary.Name' [/home/lysander/repos/bannou/Bannou.SDK/Bannou.SDK.csproj::TargetFramework=net9.0]
/home/lysander/repos/bannou/bannou-service/Generated/Models/WebsiteModels.cs(687,19): warning CS1591: Missing XML comment for publicly visible type or member 'CharacterSummary.Realm' [/home/lysander/repos/bannou/Bannou.SDK/Bannou.SDK.csproj::TargetFramework=net9.0]
/home/lysander/repos/bannou/bannou-service/Generated/Models/WebsiteModels.cs(690,16): warning CS1591: Missing XML comment for publicly visible type or member 'CharacterSummary.Level' [/home/lysander/repos/bannou/Bannou.SDK/Bannou.SDK.csproj::TargetFramework=net9.0]
/home/lysander/repos/bannou/bannou-service/Generated/Models/WebsiteModels.cs(693,20): warning CS1591: Missing XML comment for publicly visible type or member 'CharacterSummary.Class' [/home/lysander/repos/bannou/Bannou.SDK/Bannou.SDK.csproj::TargetFramework=net9.0]
/home/lysander/repos/bannou/bannou-service/Generated/Models/WebsiteModels.cs(696,35): warning CS1591: Missing XML comment for publicly visible type or member 'CharacterSummary.LastPlayed' [/home/lysander/repos/bannou/Bannou.SDK/Bannou.SDK.csproj::TargetFramework=net9.0]
/home/lysander/repos/bannou/bannou-service/Generated/Models/WebsiteModels.cs(701,68): warning CS1591: Missing XML comment for publicly visible type or member 'CharacterSummary.AdditionalProperties' [/home/lysander/repos/bannou/Bannou.SDK/Bannou.SDK.csproj::TargetFramework=net9.0]
/home/lysander/repos/bannou/bannou-service/Generated/Models/WebsiteModels.cs(710,22): warning CS1591: Missing XML comment for publicly visible type or member 'SubscriptionResponse' [/home/lysander/repos/bannou/Bannou.SDK/Bannou.SDK.csproj::TargetFramework=net9.0]
/home/lysander/repos/bannou/bannou-service/Generated/Models/WebsiteModels.cs(717,39): warning CS1591: Missing XML comment for publicly visible type or member 'SubscriptionResponse.Status' [/home/lysander/repos/bannou/Bannou.SDK/Bannou.SDK.csproj::TargetFramework=net9.0]
/home/lysander/repos/bannou/bannou-service/Generated/Models/WebsiteModels.cs(723,37): warning CS1591: Missing XML comment for publicly visible type or member 'SubscriptionResponse.Type' [/home/lysander/repos/bannou/Bannou.SDK/Bannou.SDK.csproj::TargetFramework=net9.0]
/home/lysander/repos/bannou/bannou-service/Generated/Models/WebsiteModels.cs(726,35): warning CS1591: Missing XML comment for publicly visible type or member 'SubscriptionResponse.ExpiresAt' [/home/lysander/repos/bannou/Bannou.SDK/Bannou.SDK.csproj::TargetFramework=net9.0]
/home/lysander/repos/bannou/bannou-service/Generated/Models/WebsiteModels.cs(729,17): warning CS1591: Missing XML comment for publicly visible type or member 'SubscriptionResponse.AutoRenew' [/home/lysander/repos/bannou/Bannou.SDK/Bannou.SDK.csproj::TargetFramework=net9.0]
/home/lysander/repos/bannou/bannou-service/Generated/Models/WebsiteModels.cs(732,59): warning CS1591: Missing XML comment for publicly visible type or member 'SubscriptionResponse.Benefits' [/home/lysander/repos/bannou/Bannou.SDK/Bannou.SDK.csproj::TargetFramework=net9.0]
/home/lysander/repos/bannou/bannou-service/Generated/Models/WebsiteModels.cs(737,68): warning CS1591: Missing XML comment for publicly visible type or member 'SubscriptionResponse.AdditionalProperties' [/home/lysander/repos/bannou/Bannou.SDK/Bannou.SDK.csproj::TargetFramework=net9.0]
/home/lysander/repos/bannou/bannou-service/Generated/Models/WebsiteModels.cs(746,22): warning CS1591: Missing XML comment for publicly visible type or member 'ErrorResponse' [/home/lysander/repos/bannou/Bannou.SDK/Bannou.SDK.csproj::TargetFramework=net9.0]
/home/lysander/repos/bannou/bannou-service/Generated/Models/WebsiteModels.cs(752,19): warning CS1591: Missing XML comment for publicly visible type or member 'ErrorResponse.Error' [/home/lysander/repos/bannou/Bannou.SDK/Bannou.SDK.csproj::TargetFramework=net9.0]
/home/lysander/repos/bannou/bannou-service/Generated/Models/WebsiteModels.cs(757,19): warning CS1591: Missing XML comment for publicly visible type or member 'ErrorResponse.Message' [/home/lysander/repos/bannou/Bannou.SDK/Bannou.SDK.csproj::TargetFramework=net9.0]
/home/lysander/repos/bannou/bannou-service/Generated/Models/WebsiteModels.cs(760,20): warning CS1591: Missing XML comment for publicly visible type or member 'ErrorResponse.Details' [/home/lysander/repos/bannou/Bannou.SDK/Bannou.SDK.csproj::TargetFramework=net9.0]
/home/lysander/repos/bannou/bannou-service/Generated/Models/WebsiteModels.cs(765,68): warning CS1591: Missing XML comment for publicly visible type or member 'ErrorResponse.AdditionalProperties' [/home/lysander/repos/bannou/Bannou.SDK/Bannou.SDK.csproj::TargetFramework=net9.0]
/home/lysander/repos/bannou/bannou-service/Generated/Models/WebsiteModels.cs(774,13): warning CS1591: Missing XML comment for publicly visible type or member 'Platform' [/home/lysander/repos/bannou/Bannou.SDK/Bannou.SDK.csproj::TargetFramework=net9.0]
/home/lysander/repos/bannou/bannou-service/Generated/Models/WebsiteModels.cs(778,5): warning CS1591: Missing XML comment for publicly visible type or member 'Platform.Windows' [/home/lysander/repos/bannou/Bannou.SDK/Bannou.SDK.csproj::TargetFramework=net9.0]
/home/lysander/repos/bannou/bannou-service/Generated/Models/WebsiteModels.cs(781,5): warning CS1591: Missing XML comment for publicly visible type or member 'Platform.Macos' [/home/lysander/repos/bannou/Bannou.SDK/Bannou.SDK.csproj::TargetFramework=net9.0]
/home/lysander/repos/bannou/bannou-service/Generated/Models/WebsiteModels.cs(784,5): warning CS1591: Missing XML comment for publicly visible type or member 'Platform.Linux' [/home/lysander/repos/bannou/Bannou.SDK/Bannou.SDK.csproj::TargetFramework=net9.0]
/home/lysander/repos/bannou/bannou-service/Generated/Models/WebsiteModels.cs(789,13): warning CS1591: Missing XML comment for publicly visible type or member 'StatusResponseStatus' [/home/lysander/repos/bannou/Bannou.SDK/Bannou.SDK.csproj::TargetFramework=net9.0]
/home/lysander/repos/bannou/bannou-service/Generated/Models/WebsiteModels.cs(793,5): warning CS1591: Missing XML comment for publicly visible type or member 'StatusResponseStatus.Healthy' [/home/lysander/repos/bannou/Bannou.SDK/Bannou.SDK.csproj::TargetFramework=net9.0]
/home/lysander/repos/bannou/bannou-service/Generated/Models/WebsiteModels.cs(796,5): warning CS1591: Missing XML comment for publicly visible type or member 'StatusResponseStatus.Degraded' [/home/lysander/repos/bannou/Bannou.SDK/Bannou.SDK.csproj::TargetFramework=net9.0]
/home/lysander/repos/bannou/bannou-service/Generated/Models/WebsiteModels.cs(799,5): warning CS1591: Missing XML comment for publicly visible type or member 'StatusResponseStatus.Maintenance' [/home/lysander/repos/bannou/Bannou.SDK/Bannou.SDK.csproj::TargetFramework=net9.0]
/home/lysander/repos/bannou/bannou-service/Generated/Models/WebsiteModels.cs(804,13): warning CS1591: Missing XML comment for publicly visible type or member 'PageContentContentType' [/home/lysander/repos/bannou/Bannou.SDK/Bannou.SDK.csproj::TargetFramework=net9.0]
/home/lysander/repos/bannou/bannou-service/Generated/Models/WebsiteModels.cs(808,5): warning CS1591: Missing XML comment for publicly visible type or member 'PageContentContentType.Html' [/home/lysander/repos/bannou/Bannou.SDK/Bannou.SDK.csproj::TargetFramework=net9.0]
/home/lysander/repos/bannou/bannou-service/Generated/Models/WebsiteModels.cs(811,5): warning CS1591: Missing XML comment for publicly visible type or member 'PageContentContentType.Markdown' [/home/lysander/repos/bannou/Bannou.SDK/Bannou.SDK.csproj::TargetFramework=net9.0]
/home/lysander/repos/bannou/bannou-service/Generated/Models/WebsiteModels.cs(814,5): warning CS1591: Missing XML comment for publicly visible type or member 'PageContentContentType.Blazor' [/home/lysander/repos/bannou/Bannou.SDK/Bannou.SDK.csproj::TargetFramework=net9.0]
/home/lysander/repos/bannou/bannou-service/Generated/Models/WebsiteModels.cs(819,22): warning CS1591: Missing XML comment for publicly visible type or member 'Analytics' [/home/lysander/repos/bannou/Bannou.SDK/Bannou.SDK.csproj::TargetFramework=net9.0]
/home/lysander/repos/bannou/bannou-service/Generated/Models/WebsiteModels.cs(823,20): warning CS1591: Missing XML comment for publicly visible type or member 'Analytics.GoogleAnalyticsId' [/home/lysander/repos/bannou/Bannou.SDK/Bannou.SDK.csproj::TargetFramework=net9.0]
/home/lysander/repos/bannou/bannou-service/Generated/Models/WebsiteModels.cs(826,19): warning CS1591: Missing XML comment for publicly visible type or member 'Analytics.OtherTrackers' [/home/lysander/repos/bannou/Bannou.SDK/Bannou.SDK.csproj::TargetFramework=net9.0]
/home/lysander/repos/bannou/bannou-service/Generated/Models/WebsiteModels.cs(831,68): warning CS1591: Missing XML comment for publicly visible type or member 'Analytics.AdditionalProperties' [/home/lysander/repos/bannou/Bannou.SDK/Bannou.SDK.csproj::TargetFramework=net9.0]
/home/lysander/repos/bannou/bannou-service/Generated/Models/WebsiteModels.cs(840,22): warning CS1591: Missing XML comment for publicly visible type or member 'CustomScripts' [/home/lysander/repos/bannou/Bannou.SDK/Bannou.SDK.csproj::TargetFramework=net9.0]
/home/lysander/repos/bannou/bannou-service/Generated/Models/WebsiteModels.cs(844,20): warning CS1591: Missing XML comment for publicly visible type or member 'CustomScripts.Head' [/home/lysander/repos/bannou/Bannou.SDK/Bannou.SDK.csproj::TargetFramework=net9.0]
/home/lysander/repos/bannou/bannou-service/Generated/Models/WebsiteModels.cs(847,20): warning CS1591: Missing XML comment for publicly visible type or member 'CustomScripts.BodyStart' [/home/lysander/repos/bannou/Bannou.SDK/Bannou.SDK.csproj::TargetFramework=net9.0]
/home/lysander/repos/bannou/bannou-service/Generated/Models/WebsiteModels.cs(850,20): warning CS1591: Missing XML comment for publicly visible type or member 'CustomScripts.BodyEnd' [/home/lysander/repos/bannou/Bannou.SDK/Bannou.SDK.csproj::TargetFramework=net9.0]
/home/lysander/repos/bannou/bannou-service/Generated/Models/WebsiteModels.cs(855,68): warning CS1591: Missing XML comment for publicly visible type or member 'CustomScripts.AdditionalProperties' [/home/lysander/repos/bannou/Bannou.SDK/Bannou.SDK.csproj::TargetFramework=net9.0]
/home/lysander/repos/bannou/bannou-service/Generated/Models/WebsiteModels.cs(864,22): warning CS1591: Missing XML comment for publicly visible type or member 'Logo' [/home/lysander/repos/bannou/Bannou.SDK/Bannou.SDK.csproj::TargetFramework=net9.0]
/home/lysander/repos/bannou/bannou-service/Generated/Models/WebsiteModels.cs(868,23): warning CS1591: Missing XML comment for publicly visible type or member 'Logo.Url' [/home/lysander/repos/bannou/Bannou.SDK/Bannou.SDK.csproj::TargetFramework=net9.0]
/home/lysander/repos/bannou/bannou-service/Generated/Models/WebsiteModels.cs(871,19): warning CS1591: Missing XML comment for publicly visible type or member 'Logo.Alt' [/home/lysander/repos/bannou/Bannou.SDK/Bannou.SDK.csproj::TargetFramework=net9.0]
/home/lysander/repos/bannou/bannou-service/Generated/Models/WebsiteModels.cs(876,68): warning CS1591: Missing XML comment for publicly visible type or member 'Logo.AdditionalProperties' [/home/lysander/repos/bannou/Bannou.SDK/Bannou.SDK.csproj::TargetFramework=net9.0]
/home/lysander/repos/bannou/bannou-service/Generated/Models/WebsiteModels.cs(885,13): warning CS1591: Missing XML comment for publicly visible type or member 'NavigationItemTarget' [/home/lysander/repos/bannou/Bannou.SDK/Bannou.SDK.csproj::TargetFramework=net9.0]
/home/lysander/repos/bannou/bannou-service/Generated/Models/WebsiteModels.cs(889,5): warning CS1591: Missing XML comment for publicly visible type or member 'NavigationItemTarget._self' [/home/lysander/repos/bannou/Bannou.SDK/Bannou.SDK.csproj::TargetFramework=net9.0]
/home/lysander/repos/bannou/bannou-service/Generated/Models/WebsiteModels.cs(892,5): warning CS1591: Missing XML comment for publicly visible type or member 'NavigationItemTarget._blank' [/home/lysander/repos/bannou/Bannou.SDK/Bannou.SDK.csproj::TargetFramework=net9.0]
/home/lysander/repos/bannou/bannou-service/Generated/Models/WebsiteModels.cs(897,13): warning CS1591: Missing XML comment for publicly visible type or member 'ServerStatusResponseGlobalStatus' [/home/lysander/repos/bannou/Bannou.SDK/Bannou.SDK.csproj::TargetFramework=net9.0]
/home/lysander/repos/bannou/bannou-service/Generated/Models/WebsiteModels.cs(901,5): warning CS1591: Missing XML comment for publicly visible type or member 'ServerStatusResponseGlobalStatus.Online' [/home/lysander/repos/bannou/Bannou.SDK/Bannou.SDK.csproj::TargetFramework=net9.0]
/home/lysander/repos/bannou/bannou-service/Generated/Models/WebsiteModels.cs(904,5): warning CS1591: Missing XML comment for publicly visible type or member 'ServerStatusResponseGlobalStatus.Partial' [/home/lysander/repos/bannou/Bannou.SDK/Bannou.SDK.csproj::TargetFramework=net9.0]
/home/lysander/repos/bannou/bannou-service/Generated/Models/WebsiteModels.cs(907,5): warning CS1591: Missing XML comment for publicly visible type or member 'ServerStatusResponseGlobalStatus.Offline' [/home/lysander/repos/bannou/Bannou.SDK/Bannou.SDK.csproj::TargetFramework=net9.0]
/home/lysander/repos/bannou/bannou-service/Generated/Models/WebsiteModels.cs(910,5): warning CS1591: Missing XML comment for publicly visible type or member 'ServerStatusResponseGlobalStatus.Maintenance' [/home/lysander/repos/bannou/Bannou.SDK/Bannou.SDK.csproj::TargetFramework=net9.0]
/home/lysander/repos/bannou/bannou-service/Generated/Models/WebsiteModels.cs(915,13): warning CS1591: Missing XML comment for publicly visible type or member 'RealmStatusStatus' [/home/lysander/repos/bannou/Bannou.SDK/Bannou.SDK.csproj::TargetFramework=net9.0]
/home/lysander/repos/bannou/bannou-service/Generated/Models/WebsiteModels.cs(919,5): warning CS1591: Missing XML comment for publicly visible type or member 'RealmStatusStatus.Online' [/home/lysander/repos/bannou/Bannou.SDK/Bannou.SDK.csproj::TargetFramework=net9.0]
/home/lysander/repos/bannou/bannou-service/Generated/Models/WebsiteModels.cs(922,5): warning CS1591: Missing XML comment for publicly visible type or member 'RealmStatusStatus.Offline' [/home/lysander/repos/bannou/Bannou.SDK/Bannou.SDK.csproj::TargetFramework=net9.0]
/home/lysander/repos/bannou/bannou-service/Generated/Models/WebsiteModels.cs(925,5): warning CS1591: Missing XML comment for publicly visible type or member 'RealmStatusStatus.Maintenance' [/home/lysander/repos/bannou/Bannou.SDK/Bannou.SDK.csproj::TargetFramework=net9.0]
/home/lysander/repos/bannou/bannou-service/Generated/Models/WebsiteModels.cs(928,5): warning CS1591: Missing XML comment for publicly visible type or member 'RealmStatusStatus.Full' [/home/lysander/repos/bannou/Bannou.SDK/Bannou.SDK.csproj::TargetFramework=net9.0]
/home/lysander/repos/bannou/bannou-service/Generated/Models/WebsiteModels.cs(933,13): warning CS1591: Missing XML comment for publicly visible type or member 'RealmStatusPopulation' [/home/lysander/repos/bannou/Bannou.SDK/Bannou.SDK.csproj::TargetFramework=net9.0]
/home/lysander/repos/bannou/bannou-service/Generated/Models/WebsiteModels.cs(937,5): warning CS1591: Missing XML comment for publicly visible type or member 'RealmStatusPopulation.Low' [/home/lysander/repos/bannou/Bannou.SDK/Bannou.SDK.csproj::TargetFramework=net9.0]
/home/lysander/repos/bannou/bannou-service/Generated/Models/WebsiteModels.cs(940,5): warning CS1591: Missing XML comment for publicly visible type or member 'RealmStatusPopulation.Medium' [/home/lysander/repos/bannou/Bannou.SDK/Bannou.SDK.csproj::TargetFramework=net9.0]
/home/lysander/repos/bannou/bannou-service/Generated/Models/WebsiteModels.cs(943,5): warning CS1591: Missing XML comment for publicly visible type or member 'RealmStatusPopulation.High' [/home/lysander/repos/bannou/Bannou.SDK/Bannou.SDK.csproj::TargetFramework=net9.0]
/home/lysander/repos/bannou/bannou-service/Generated/Models/WebsiteModels.cs(946,5): warning CS1591: Missing XML comment for publicly visible type or member 'RealmStatusPopulation.Full' [/home/lysander/repos/bannou/Bannou.SDK/Bannou.SDK.csproj::TargetFramework=net9.0]
/home/lysander/repos/bannou/bannou-service/Generated/Models/WebsiteModels.cs(951,13): warning CS1591: Missing XML comment for publicly visible type or member 'DownloadInfoPlatform' [/home/lysander/repos/bannou/Bannou.SDK/Bannou.SDK.csproj::TargetFramework=net9.0]
/home/lysander/repos/bannou/bannou-service/Generated/Models/WebsiteModels.cs(955,5): warning CS1591: Missing XML comment for publicly visible type or member 'DownloadInfoPlatform.Windows' [/home/lysander/repos/bannou/Bannou.SDK/Bannou.SDK.csproj::TargetFramework=net9.0]
/home/lysander/repos/bannou/bannou-service/Generated/Models/WebsiteModels.cs(958,5): warning CS1591: Missing XML comment for publicly visible type or member 'DownloadInfoPlatform.Macos' [/home/lysander/repos/bannou/Bannou.SDK/Bannou.SDK.csproj::TargetFramework=net9.0]
/home/lysander/repos/bannou/bannou-service/Generated/Models/WebsiteModels.cs(961,5): warning CS1591: Missing XML comment for publicly visible type or member 'DownloadInfoPlatform.Linux' [/home/lysander/repos/bannou/Bannou.SDK/Bannou.SDK.csproj::TargetFramework=net9.0]
/home/lysander/repos/bannou/bannou-service/Generated/Models/WebsiteModels.cs(966,13): warning CS1591: Missing XML comment for publicly visible type or member 'ContactRequestCategory' [/home/lysander/repos/bannou/Bannou.SDK/Bannou.SDK.csproj::TargetFramework=net9.0]
/home/lysander/repos/bannou/bannou-service/Generated/Models/WebsiteModels.cs(970,5): warning CS1591: Missing XML comment for publicly visible type or member 'ContactRequestCategory.General' [/home/lysander/repos/bannou/Bannou.SDK/Bannou.SDK.csproj::TargetFramework=net9.0]
/home/lysander/repos/bannou/bannou-service/Generated/Models/WebsiteModels.cs(973,5): warning CS1591: Missing XML comment for publicly visible type or member 'ContactRequestCategory.Support' [/home/lysander/repos/bannou/Bannou.SDK/Bannou.SDK.csproj::TargetFramework=net9.0]
/home/lysander/repos/bannou/bannou-service/Generated/Models/WebsiteModels.cs(976,5): warning CS1591: Missing XML comment for publicly visible type or member 'ContactRequestCategory.Bug' [/home/lysander/repos/bannou/Bannou.SDK/Bannou.SDK.csproj::TargetFramework=net9.0]
/home/lysander/repos/bannou/bannou-service/Generated/Models/WebsiteModels.cs(979,5): warning CS1591: Missing XML comment for publicly visible type or member 'ContactRequestCategory.Feedback' [/home/lysander/repos/bannou/Bannou.SDK/Bannou.SDK.csproj::TargetFramework=net9.0]
/home/lysander/repos/bannou/bannou-service/Generated/Models/WebsiteModels.cs(982,5): warning CS1591: Missing XML comment for publicly visible type or member 'ContactRequestCategory.Business' [/home/lysander/repos/bannou/Bannou.SDK/Bannou.SDK.csproj::TargetFramework=net9.0]
/home/lysander/repos/bannou/bannou-service/Generated/Models/WebsiteModels.cs(987,13): warning CS1591: Missing XML comment for publicly visible type or member 'SubscriptionResponseStatus' [/home/lysander/repos/bannou/Bannou.SDK/Bannou.SDK.csproj::TargetFramework=net9.0]
/home/lysander/repos/bannou/bannou-service/Generated/Models/WebsiteModels.cs(991,5): warning CS1591: Missing XML comment for publicly visible type or member 'SubscriptionResponseStatus.Active' [/home/lysander/repos/bannou/Bannou.SDK/Bannou.SDK.csproj::TargetFramework=net9.0]
/home/lysander/repos/bannou/bannou-service/Generated/Models/WebsiteModels.cs(994,5): warning CS1591: Missing XML comment for publicly visible type or member 'SubscriptionResponseStatus.Inactive' [/home/lysander/repos/bannou/Bannou.SDK/Bannou.SDK.csproj::TargetFramework=net9.0]
/home/lysander/repos/bannou/bannou-service/Generated/Models/WebsiteModels.cs(997,5): warning CS1591: Missing XML comment for publicly visible type or member 'SubscriptionResponseStatus.Trial' [/home/lysander/repos/bannou/Bannou.SDK/Bannou.SDK.csproj::TargetFramework=net9.0]
/home/lysander/repos/bannou/bannou-service/Generated/Models/WebsiteModels.cs(1000,5): warning CS1591: Missing XML comment for publicly visible type or member 'SubscriptionResponseStatus.Expired' [/home/lysander/repos/bannou/Bannou.SDK/Bannou.SDK.csproj::TargetFramework=net9.0]
/home/lysander/repos/bannou/bannou-service/Generated/Models/WebsiteModels.cs(1005,13): warning CS1591: Missing XML comment for publicly visible type or member 'SubscriptionResponseType' [/home/lysander/repos/bannou/Bannou.SDK/Bannou.SDK.csproj::TargetFramework=net9.0]
/home/lysander/repos/bannou/bannou-service/Generated/Models/WebsiteModels.cs(1009,5): warning CS1591: Missing XML comment for publicly visible type or member 'SubscriptionResponseType.Free' [/home/lysander/repos/bannou/Bannou.SDK/Bannou.SDK.csproj::TargetFramework=net9.0]
/home/lysander/repos/bannou/bannou-service/Generated/Models/WebsiteModels.cs(1012,5): warning CS1591: Missing XML comment for publicly visible type or member 'SubscriptionResponseType.Basic' [/home/lysander/repos/bannou/Bannou.SDK/Bannou.SDK.csproj::TargetFramework=net9.0]
/home/lysander/repos/bannou/bannou-service/Generated/Models/WebsiteModels.cs(1015,5): warning CS1591: Missing XML comment for publicly visible type or member 'SubscriptionResponseType.Premium' [/home/lysander/repos/bannou/Bannou.SDK/Bannou.SDK.csproj::TargetFramework=net9.0]
/home/lysander/repos/bannou/bannou-service/Generated/Models/WebsiteModels.cs(1018,5): warning CS1591: Missing XML comment for publicly visible type or member 'SubscriptionResponseType.Lifetime' [/home/lysander/repos/bannou/Bannou.SDK/Bannou.SDK.csproj::TargetFramework=net9.0]
/home/lysander/repos/bannou/bannou-service/Generated/Clients/MeshClient.cs(19,26): warning CS1591: Missing XML comment for publicly visible type or member 'IMeshClient' [/home/lysander/repos/bannou/Bannou.SDK/Bannou.SDK.csproj::TargetFramework=net9.0]
/home/lysander/repos/bannou/bannou-service/Generated/Clients/MeshClient.cs(32,93): warning CS1573: Parameter 'body' has no matching param tag in the XML comment for 'IMeshClient.GetEndpointsAsync(GetEndpointsRequest, CancellationToken)' (but other parameters do) [/home/lysander/repos/bannou/Bannou.SDK/Bannou.SDK.csproj::TargetFramework=net9.0]
/home/lysander/repos/bannou/bannou-service/Generated/Clients/MeshClient.cs(44,96): warning CS1573: Parameter 'body' has no matching param tag in the XML comment for 'IMeshClient.ListEndpointsAsync(ListEndpointsRequest, CancellationToken)' (but other parameters do) [/home/lysander/repos/bannou/Bannou.SDK/Bannou.SDK.csproj::TargetFramework=net9.0]
/home/lysander/repos/bannou/bannou-service/Generated/Clients/MeshClient.cs(57,105): warning CS1573: Parameter 'body' has no matching param tag in the XML comment for 'IMeshClient.RegisterEndpointAsync(RegisterEndpointRequest, CancellationToken)' (but other parameters do) [/home/lysander/repos/bannou/Bannou.SDK/Bannou.SDK.csproj::TargetFramework=net9.0]
/home/lysander/repos/bannou/bannou-service/Generated/Clients/MeshClient.cs(69,83): warning CS1573: Parameter 'body' has no matching param tag in the XML comment for 'IMeshClient.DeregisterEndpointAsync(DeregisterEndpointRequest, CancellationToken)' (but other parameters do) [/home/lysander/repos/bannou/Bannou.SDK/Bannou.SDK.csproj::TargetFramework=net9.0]
/home/lysander/repos/bannou/bannou-service/Generated/Clients/MeshClient.cs(81,84): warning CS1573: Parameter 'body' has no matching param tag in the XML comment for 'IMeshClient.HeartbeatAsync(HeartbeatRequest, CancellationToken)' (but other parameters do) [/home/lysander/repos/bannou/Bannou.SDK/Bannou.SDK.csproj::TargetFramework=net9.0]
/home/lysander/repos/bannou/bannou-service/Generated/Clients/MeshClient.cs(93,81): warning CS1573: Parameter 'body' has no matching param tag in the XML comment for 'IMeshClient.GetRouteAsync(GetRouteRequest, CancellationToken)' (but other parameters do) [/home/lysander/repos/bannou/Bannou.SDK/Bannou.SDK.csproj::TargetFramework=net9.0]
/home/lysander/repos/bannou/bannou-service/Generated/Clients/MeshClient.cs(105,90): warning CS1573: Parameter 'body' has no matching param tag in the XML comment for 'IMeshClient.GetMappingsAsync(GetMappingsRequest, CancellationToken)' (but other parameters do) [/home/lysander/repos/bannou/Bannou.SDK/Bannou.SDK.csproj::TargetFramework=net9.0]
/home/lysander/repos/bannou/bannou-service/Generated/Clients/MeshClient.cs(119,85): warning CS1573: Parameter 'body' has no matching param tag in the XML comment for 'IMeshClient.GetHealthAsync(GetHealthRequest, CancellationToken)' (but other parameters do) [/home/lysander/repos/bannou/Bannou.SDK/Bannou.SDK.csproj::TargetFramework=net9.0]
/home/lysander/repos/bannou/bannou-service/Generated/Clients/MeshClient.cs(123,22): warning CS1591: Missing XML comment for publicly visible type or member 'MeshClient' [/home/lysander/repos/bannou/Bannou.SDK/Bannou.SDK.csproj::TargetFramework=net9.0]
/home/lysander/repos/bannou/bannou-service/Generated/Clients/MeshClient.cs(143,12): warning CS1591: Missing XML comment for publicly visible type or member 'MeshClient.MeshClient(IMeshInvocationClient, IServiceAppMappingResolver, ILogger<MeshClient>?)' [/home/lysander/repos/bannou/Bannou.SDK/Bannou.SDK.csproj::TargetFramework=net9.0]
/home/lysander/repos/bannou/bannou-service/Generated/Clients/MeshClient.cs(151,54): warning CS1591: Missing XML comment for publicly visible type or member 'MeshClient.JsonSerializerSettings' [/home/lysander/repos/bannou/Bannou.SDK/Bannou.SDK.csproj::TargetFramework=net9.0]
/home/lysander/repos/bannou/bannou-service/Generated/Clients/MeshClient.cs(255,114): warning CS1573: Parameter 'body' has no matching param tag in the XML comment for 'MeshClient.GetEndpointsAsync(GetEndpointsRequest, CancellationToken)' (but other parameters do) [/home/lysander/repos/bannou/Bannou.SDK/Bannou.SDK.csproj::TargetFramework=net9.0]
/home/lysander/repos/bannou/bannou-service/Generated/Clients/MeshClient.cs(344,117): warning CS1573: Parameter 'body' has no matching param tag in the XML comment for 'MeshClient.ListEndpointsAsync(ListEndpointsRequest, CancellationToken)' (but other parameters do) [/home/lysander/repos/bannou/Bannou.SDK/Bannou.SDK.csproj::TargetFramework=net9.0]
/home/lysander/repos/bannou/bannou-service/Generated/Clients/MeshClient.cs(428,126): warning CS1573: Parameter 'body' has no matching param tag in the XML comment for 'MeshClient.RegisterEndpointAsync(RegisterEndpointRequest, CancellationToken)' (but other parameters do) [/home/lysander/repos/bannou/Bannou.SDK/Bannou.SDK.csproj::TargetFramework=net9.0]
/home/lysander/repos/bannou/bannou-service/Generated/Clients/MeshClient.cs(517,104): warning CS1573: Parameter 'body' has no matching param tag in the XML comment for 'MeshClient.DeregisterEndpointAsync(DeregisterEndpointRequest, CancellationToken)' (but other parameters do) [/home/lysander/repos/bannou/Bannou.SDK/Bannou.SDK.csproj::TargetFramework=net9.0]
/home/lysander/repos/bannou/bannou-service/Generated/Clients/MeshClient.cs(600,105): warning CS1573: Parameter 'body' has no matching param tag in the XML comment for 'MeshClient.HeartbeatAsync(HeartbeatRequest, CancellationToken)' (but other parameters do) [/home/lysander/repos/bannou/Bannou.SDK/Bannou.SDK.csproj::TargetFramework=net9.0]
/home/lysander/repos/bannou/bannou-service/Generated/Clients/MeshClient.cs(689,102): warning CS1573: Parameter 'body' has no matching param tag in the XML comment for 'MeshClient.GetRouteAsync(GetRouteRequest, CancellationToken)' (but other parameters do) [/home/lysander/repos/bannou/Bannou.SDK/Bannou.SDK.csproj::TargetFramework=net9.0]
/home/lysander/repos/bannou/bannou-service/Generated/Clients/MeshClient.cs(778,111): warning CS1573: Parameter 'body' has no matching param tag in the XML comment for 'MeshClient.GetMappingsAsync(GetMappingsRequest, CancellationToken)' (but other parameters do) [/home/lysander/repos/bannou/Bannou.SDK/Bannou.SDK.csproj::TargetFramework=net9.0]
/home/lysander/repos/bannou/bannou-service/Generated/Clients/MeshClient.cs(863,106): warning CS1573: Parameter 'body' has no matching param tag in the XML comment for 'MeshClient.GetHealthAsync(GetHealthRequest, CancellationToken)' (but other parameters do) [/home/lysander/repos/bannou/Bannou.SDK/Bannou.SDK.csproj::TargetFramework=net9.0]
/home/lysander/repos/bannou/bannou-service/Generated/Clients/MeshClient.cs(936,22): warning CS1591: Missing XML comment for publicly visible type or member 'MeshClient.ObjectResponseResult<T>' [/home/lysander/repos/bannou/Bannou.SDK/Bannou.SDK.csproj::TargetFramework=net9.0]
/home/lysander/repos/bannou/bannou-service/Generated/Clients/MeshClient.cs(938,16): warning CS1591: Missing XML comment for publicly visible type or member 'MeshClient.ObjectResponseResult<T>.ObjectResponseResult(T, string)' [/home/lysander/repos/bannou/Bannou.SDK/Bannou.SDK.csproj::TargetFramework=net9.0]
/home/lysander/repos/bannou/bannou-service/Generated/Clients/MeshClient.cs(944,18): warning CS1591: Missing XML comment for publicly visible type or member 'MeshClient.ObjectResponseResult<T>.Object' [/home/lysander/repos/bannou/Bannou.SDK/Bannou.SDK.csproj::TargetFramework=net9.0]
/home/lysander/repos/bannou/bannou-service/Generated/Clients/MeshClient.cs(946,23): warning CS1591: Missing XML comment for publicly visible type or member 'MeshClient.ObjectResponseResult<T>.Text' [/home/lysander/repos/bannou/Bannou.SDK/Bannou.SDK.csproj::TargetFramework=net9.0]
/home/lysander/repos/bannou/bannou-service/Generated/Clients/MeshClient.cs(969,17): warning CS1591: Missing XML comment for publicly visible type or member 'MeshClient.ReadResponseAsString' [/home/lysander/repos/bannou/Bannou.SDK/Bannou.SDK.csproj::TargetFramework=net9.0]
/home/lysander/repos/bannou/bannou-service/Generated/Clients/MeshClient.cs(971,86): warning CS1591: Missing XML comment for publicly visible type or member 'MeshClient.ReadObjectResponseAsync<T>(HttpResponseMessage, IReadOnlyDictionary<string, IEnumerable<string>>, CancellationToken)' [/home/lysander/repos/bannou/Bannou.SDK/Bannou.SDK.csproj::TargetFramework=net9.0]
/home/lysander/repos/bannou/bannou-service/Generated/Models/MeshModels.cs(58,27): warning CS1591: Missing XML comment for publicly visible type or member 'MeshEndpoint.Status' [/home/lysander/repos/bannou/Bannou.SDK/Bannou.SDK.csproj::TargetFramework=net9.0]
/home/lysander/repos/bannou/bannou-service/Generated/Models/MeshModels.cs(99,68): warning CS1591: Missing XML comment for publicly visible type or member 'MeshEndpoint.AdditionalProperties' [/home/lysander/repos/bannou/Bannou.SDK/Bannou.SDK.csproj::TargetFramework=net9.0]
/home/lysander/repos/bannou/bannou-service/Generated/Models/MeshModels.cs(115,5): warning CS1591: Missing XML comment for publicly visible type or member 'EndpointStatus.Healthy' [/home/lysander/repos/bannou/Bannou.SDK/Bannou.SDK.csproj::TargetFramework=net9.0]
/home/lysander/repos/bannou/bannou-service/Generated/Models/MeshModels.cs(118,5): warning CS1591: Missing XML comment for publicly visible type or member 'EndpointStatus.Degraded' [/home/lysander/repos/bannou/Bannou.SDK/Bannou.SDK.csproj::TargetFramework=net9.0]
/home/lysander/repos/bannou/bannou-service/Generated/Models/MeshModels.cs(121,5): warning CS1591: Missing XML comment for publicly visible type or member 'EndpointStatus.Unavailable' [/home/lysander/repos/bannou/Bannou.SDK/Bannou.SDK.csproj::TargetFramework=net9.0]
/home/lysander/repos/bannou/bannou-service/Generated/Models/MeshModels.cs(124,5): warning CS1591: Missing XML comment for publicly visible type or member 'EndpointStatus.ShuttingDown' [/home/lysander/repos/bannou/Bannou.SDK/Bannou.SDK.csproj::TargetFramework=net9.0]
/home/lysander/repos/bannou/bannou-service/Generated/Models/MeshModels.cs(136,5): warning CS1591: Missing XML comment for publicly visible type or member 'LoadBalancerAlgorithm.RoundRobin' [/home/lysander/repos/bannou/Bannou.SDK/Bannou.SDK.csproj::TargetFramework=net9.0]
/home/lysander/repos/bannou/bannou-service/Generated/Models/MeshModels.cs(139,5): warning CS1591: Missing XML comment for publicly visible type or member 'LoadBalancerAlgorithm.LeastConnections' [/home/lysander/repos/bannou/Bannou.SDK/Bannou.SDK.csproj::TargetFramework=net9.0]
/home/lysander/repos/bannou/bannou-service/Generated/Models/MeshModels.cs(142,5): warning CS1591: Missing XML comment for publicly visible type or member 'LoadBalancerAlgorithm.Weighted' [/home/lysander/repos/bannou/Bannou.SDK/Bannou.SDK.csproj::TargetFramework=net9.0]
/home/lysander/repos/bannou/bannou-service/Generated/Models/MeshModels.cs(145,5): warning CS1591: Missing XML comment for publicly visible type or member 'LoadBalancerAlgorithm.Random' [/home/lysander/repos/bannou/Bannou.SDK/Bannou.SDK.csproj::TargetFramework=net9.0]
/home/lysander/repos/bannou/bannou-service/Generated/Models/MeshModels.cs(179,68): warning CS1591: Missing XML comment for publicly visible type or member 'GetEndpointsRequest.AdditionalProperties' [/home/lysander/repos/bannou/Bannou.SDK/Bannou.SDK.csproj::TargetFramework=net9.0]
/home/lysander/repos/bannou/bannou-service/Generated/Models/MeshModels.cs(197,19): warning CS1591: Missing XML comment for publicly visible type or member 'GetEndpointsResponse.AppId' [/home/lysander/repos/bannou/Bannou.SDK/Bannou.SDK.csproj::TargetFramework=net9.0]
/home/lysander/repos/bannou/bannou-service/Generated/Models/MeshModels.cs(202,65): warning CS1591: Missing XML comment for publicly visible type or member 'GetEndpointsResponse.Endpoints' [/home/lysander/repos/bannou/Bannou.SDK/Bannou.SDK.csproj::TargetFramework=net9.0]
/home/lysander/repos/bannou/bannou-service/Generated/Models/MeshModels.cs(219,68): warning CS1591: Missing XML comment for publicly visible type or member 'GetEndpointsResponse.AdditionalProperties' [/home/lysander/repos/bannou/Bannou.SDK/Bannou.SDK.csproj::TargetFramework=net9.0]
/home/lysander/repos/bannou/bannou-service/Generated/Models/MeshModels.cs(236,27): warning CS1591: Missing XML comment for publicly visible type or member 'ListEndpointsRequest.StatusFilter' [/home/lysander/repos/bannou/Bannou.SDK/Bannou.SDK.csproj::TargetFramework=net9.0]
/home/lysander/repos/bannou/bannou-service/Generated/Models/MeshModels.cs(247,68): warning CS1591: Missing XML comment for publicly visible type or member 'ListEndpointsRequest.AdditionalProperties' [/home/lysander/repos/bannou/Bannou.SDK/Bannou.SDK.csproj::TargetFramework=net9.0]
/home/lysander/repos/bannou/bannou-service/Generated/Models/MeshModels.cs(265,65): warning CS1591: Missing XML comment for publicly visible type or member 'ListEndpointsResponse.Endpoints' [/home/lysander/repos/bannou/Bannou.SDK/Bannou.SDK.csproj::TargetFramework=net9.0]
/home/lysander/repos/bannou/bannou-service/Generated/Models/MeshModels.cs(270,28): warning CS1591: Missing XML comment for publicly visible type or member 'ListEndpointsResponse.Summary' [/home/lysander/repos/bannou/Bannou.SDK/Bannou.SDK.csproj::TargetFramework=net9.0]
/home/lysander/repos/bannou/bannou-service/Generated/Models/MeshModels.cs(275,68): warning CS1591: Missing XML comment for publicly visible type or member 'ListEndpointsResponse.AdditionalProperties' [/home/lysander/repos/bannou/Bannou.SDK/Bannou.SDK.csproj::TargetFramework=net9.0]
/home/lysander/repos/bannou/bannou-service/Generated/Models/MeshModels.cs(291,16): warning CS1591: Missing XML comment for publicly visible type or member 'EndpointSummary.TotalEndpoints' [/home/lysander/repos/bannou/Bannou.SDK/Bannou.SDK.csproj::TargetFramework=net9.0]
/home/lysander/repos/bannou/bannou-service/Generated/Models/MeshModels.cs(294,16): warning CS1591: Missing XML comment for publicly visible type or member 'EndpointSummary.HealthyCount' [/home/lysander/repos/bannou/Bannou.SDK/Bannou.SDK.csproj::TargetFramework=net9.0]
/home/lysander/repos/bannou/bannou-service/Generated/Models/MeshModels.cs(297,16): warning CS1591: Missing XML comment for publicly visible type or member 'EndpointSummary.DegradedCount' [/home/lysander/repos/bannou/Bannou.SDK/Bannou.SDK.csproj::TargetFramework=net9.0]
/home/lysander/repos/bannou/bannou-service/Generated/Models/MeshModels.cs(300,16): warning CS1591: Missing XML comment for publicly visible type or member 'EndpointSummary.UnavailableCount' [/home/lysander/repos/bannou/Bannou.SDK/Bannou.SDK.csproj::TargetFramework=net9.0]
/home/lysander/repos/bannou/bannou-service/Generated/Models/MeshModels.cs(303,16): warning CS1591: Missing XML comment for publicly visible type or member 'EndpointSummary.UniqueAppIds' [/home/lysander/repos/bannou/Bannou.SDK/Bannou.SDK.csproj::TargetFramework=net9.0]
/home/lysander/repos/bannou/bannou-service/Generated/Models/MeshModels.cs(308,68): warning CS1591: Missing XML comment for publicly visible type or member 'EndpointSummary.AdditionalProperties' [/home/lysander/repos/bannou/Bannou.SDK/Bannou.SDK.csproj::TargetFramework=net9.0]
/home/lysander/repos/bannou/bannou-service/Generated/Models/MeshModels.cs(374,68): warning CS1591: Missing XML comment for publicly visible type or member 'RegisterEndpointRequest.AdditionalProperties' [/home/lysander/repos/bannou/Bannou.SDK/Bannou.SDK.csproj::TargetFramework=net9.0]
/home/lysander/repos/bannou/bannou-service/Generated/Models/MeshModels.cs(390,17): warning CS1591: Missing XML comment for publicly visible type or member 'RegisterEndpointResponse.Success' [/home/lysander/repos/bannou/Bannou.SDK/Bannou.SDK.csproj::TargetFramework=net9.0]
/home/lysander/repos/bannou/bannou-service/Generated/Models/MeshModels.cs(395,25): warning CS1591: Missing XML comment for publicly visible type or member 'RegisterEndpointResponse.Endpoint' [/home/lysander/repos/bannou/Bannou.SDK/Bannou.SDK.csproj::TargetFramework=net9.0]
/home/lysander/repos/bannou/bannou-service/Generated/Models/MeshModels.cs(406,68): warning CS1591: Missing XML comment for publicly visible type or member 'RegisterEndpointResponse.AdditionalProperties' [/home/lysander/repos/bannou/Bannou.SDK/Bannou.SDK.csproj::TargetFramework=net9.0]
/home/lysander/repos/bannou/bannou-service/Generated/Models/MeshModels.cs(432,68): warning CS1591: Missing XML comment for publicly visible type or member 'DeregisterEndpointRequest.AdditionalProperties' [/home/lysander/repos/bannou/Bannou.SDK/Bannou.SDK.csproj::TargetFramework=net9.0]
/home/lysander/repos/bannou/bannou-service/Generated/Models/MeshModels.cs(450,24): warning CS1591: Missing XML comment for publicly visible type or member 'HeartbeatRequest.InstanceId' [/home/lysander/repos/bannou/Bannou.SDK/Bannou.SDK.csproj::TargetFramework=net9.0]
/home/lysander/repos/bannou/bannou-service/Generated/Models/MeshModels.cs(454,27): warning CS1591: Missing XML comment for publicly visible type or member 'HeartbeatRequest.Status' [/home/lysander/repos/bannou/Bannou.SDK/Bannou.SDK.csproj::TargetFramework=net9.0]
/home/lysander/repos/bannou/bannou-service/Generated/Models/MeshModels.cs(477,68): warning CS1591: Missing XML comment for publicly visible type or member 'HeartbeatRequest.AdditionalProperties' [/home/lysander/repos/bannou/Bannou.SDK/Bannou.SDK.csproj::TargetFramework=net9.0]
/home/lysander/repos/bannou/bannou-service/Generated/Models/MeshModels.cs(493,17): warning CS1591: Missing XML comment for publicly visible type or member 'HeartbeatResponse.Success' [/home/lysander/repos/bannou/Bannou.SDK/Bannou.SDK.csproj::TargetFramework=net9.0]
/home/lysander/repos/bannou/bannou-service/Generated/Models/MeshModels.cs(510,68): warning CS1591: Missing XML comment for publicly visible type or member 'HeartbeatResponse.AdditionalProperties' [/home/lysander/repos/bannou/Bannou.SDK/Bannou.SDK.csproj::TargetFramework=net9.0]
/home/lysander/repos/bannou/bannou-service/Generated/Models/MeshModels.cs(541,34): warning CS1591: Missing XML comment for publicly visible type or member 'GetRouteRequest.Algorithm' [/home/lysander/repos/bannou/Bannou.SDK/Bannou.SDK.csproj::TargetFramework=net9.0]
/home/lysander/repos/bannou/bannou-service/Generated/Models/MeshModels.cs(546,68): warning CS1591: Missing XML comment for publicly visible type or member 'GetRouteRequest.AdditionalProperties' [/home/lysander/repos/bannou/Bannou.SDK/Bannou.SDK.csproj::TargetFramework=net9.0]
/home/lysander/repos/bannou/bannou-service/Generated/Models/MeshModels.cs(564,25): warning CS1591: Missing XML comment for publicly visible type or member 'GetRouteResponse.Endpoint' [/home/lysander/repos/bannou/Bannou.SDK/Bannou.SDK.csproj::TargetFramework=net9.0]
/home/lysander/repos/bannou/bannou-service/Generated/Models/MeshModels.cs(575,68): warning CS1591: Missing XML comment for publicly visible type or member 'GetRouteResponse.AdditionalProperties' [/home/lysander/repos/bannou/Bannou.SDK/Bannou.SDK.csproj::TargetFramework=net9.0]
/home/lysander/repos/bannou/bannou-service/Generated/Models/MeshModels.cs(599,68): warning CS1591: Missing XML comment for publicly visible type or member 'GetMappingsRequest.AdditionalProperties' [/home/lysander/repos/bannou/Bannou.SDK/Bannou.SDK.csproj::TargetFramework=net9.0]
/home/lysander/repos/bannou/bannou-service/Generated/Models/MeshModels.cs(637,68): warning CS1591: Missing XML comment for publicly visible type or member 'GetMappingsResponse.AdditionalProperties' [/home/lysander/repos/bannou/Bannou.SDK/Bannou.SDK.csproj::TargetFramework=net9.0]
/home/lysander/repos/bannou/bannou-service/Generated/Models/MeshModels.cs(661,68): warning CS1591: Missing XML comment for publicly visible type or member 'GetHealthRequest.AdditionalProperties' [/home/lysander/repos/bannou/Bannou.SDK/Bannou.SDK.csproj::TargetFramework=net9.0]
/home/lysander/repos/bannou/bannou-service/Generated/Models/MeshModels.cs(680,27): warning CS1591: Missing XML comment for publicly visible type or member 'MeshHealthResponse.Status' [/home/lysander/repos/bannou/Bannou.SDK/Bannou.SDK.csproj::TargetFramework=net9.0]
/home/lysander/repos/bannou/bannou-service/Generated/Models/MeshModels.cs(685,28): warning CS1591: Missing XML comment for publicly visible type or member 'MeshHealthResponse.Summary' [/home/lysander/repos/bannou/Bannou.SDK/Bannou.SDK.csproj::TargetFramework=net9.0]
/home/lysander/repos/bannou/bannou-service/Generated/Models/MeshModels.cs(694,34): warning CS1591: Missing XML comment for publicly visible type or member 'MeshHealthResponse.LastUpdateTime' [/home/lysander/repos/bannou/Bannou.SDK/Bannou.SDK.csproj::TargetFramework=net9.0]
/home/lysander/repos/bannou/bannou-service/Generated/Models/MeshModels.cs(711,68): warning CS1591: Missing XML comment for publicly visible type or member 'MeshHealthResponse.AdditionalProperties' [/home/lysander/repos/bannou/Bannou.SDK/Bannou.SDK.csproj::TargetFramework=net9.0]
/home/lysander/repos/bannou/bannou-service/Generated/Clients/StateClient.cs(19,26): warning CS1591: Missing XML comment for publicly visible type or member 'IStateClient' [/home/lysander/repos/bannou/Bannou.SDK/Bannou.SDK.csproj::TargetFramework=net9.0]
/home/lysander/repos/bannou/bannou-service/Generated/Clients/StateClient.cs(28,81): warning CS1573: Parameter 'body' has no matching param tag in the XML comment for 'IStateClient.GetStateAsync(GetStateRequest, CancellationToken)' (but other parameters do) [/home/lysander/repos/bannou/Bannou.SDK/Bannou.SDK.csproj::TargetFramework=net9.0]
/home/lysander/repos/bannou/bannou-service/Generated/Clients/StateClient.cs(36,84): warning CS1573: Parameter 'body' has no matching param tag in the XML comment for 'IStateClient.SaveStateAsync(SaveStateRequest, CancellationToken)' (but other parameters do) [/home/lysander/repos/bannou/Bannou.SDK/Bannou.SDK.csproj::TargetFramework=net9.0]
/home/lysander/repos/bannou/bannou-service/Generated/Clients/StateClient.cs(44,90): warning CS1573: Parameter 'body' has no matching param tag in the XML comment for 'IStateClient.DeleteStateAsync(DeleteStateRequest, CancellationToken)' (but other parameters do) [/home/lysander/repos/bannou/Bannou.SDK/Bannou.SDK.csproj::TargetFramework=net9.0]
/home/lysander/repos/bannou/bannou-service/Generated/Clients/StateClient.cs(52,87): warning CS1573: Parameter 'body' has no matching param tag in the XML comment for 'IStateClient.QueryStateAsync(QueryStateRequest, CancellationToken)' (but other parameters do) [/home/lysander/repos/bannou/Bannou.SDK/Bannou.SDK.csproj::TargetFramework=net9.0]
/home/lysander/repos/bannou/bannou-service/Generated/Clients/StateClient.cs(60,93): warning CS1573: Parameter 'body' has no matching param tag in the XML comment for 'IStateClient.BulkGetStateAsync(BulkGetStateRequest, CancellationToken)' (but other parameters do) [/home/lysander/repos/bannou/Bannou.SDK/Bannou.SDK.csproj::TargetFramework=net9.0]
/home/lysander/repos/bannou/bannou-service/Generated/Clients/StateClient.cs(68,88): warning CS1573: Parameter 'body' has no matching param tag in the XML comment for 'IStateClient.ListStoresAsync(ListStoresRequest?, CancellationToken)' (but other parameters do) [/home/lysander/repos/bannou/Bannou.SDK/Bannou.SDK.csproj::TargetFramework=net9.0]
/home/lysander/repos/bannou/bannou-service/Generated/Clients/StateClient.cs(72,22): warning CS1591: Missing XML comment for publicly visible type or member 'StateClient' [/home/lysander/repos/bannou/Bannou.SDK/Bannou.SDK.csproj::TargetFramework=net9.0]
/home/lysander/repos/bannou/bannou-service/Generated/Clients/StateClient.cs(92,12): warning CS1591: Missing XML comment for publicly visible type or member 'StateClient.StateClient(IMeshInvocationClient, IServiceAppMappingResolver, ILogger<StateClient>?)' [/home/lysander/repos/bannou/Bannou.SDK/Bannou.SDK.csproj::TargetFramework=net9.0]
/home/lysander/repos/bannou/bannou-service/Generated/Clients/StateClient.cs(100,54): warning CS1591: Missing XML comment for publicly visible type or member 'StateClient.JsonSerializerSettings' [/home/lysander/repos/bannou/Bannou.SDK/Bannou.SDK.csproj::TargetFramework=net9.0]
/home/lysander/repos/bannou/bannou-service/Generated/Clients/StateClient.cs(200,102): warning CS1573: Parameter 'body' has no matching param tag in the XML comment for 'StateClient.GetStateAsync(GetStateRequest, CancellationToken)' (but other parameters do) [/home/lysander/repos/bannou/Bannou.SDK/Bannou.SDK.csproj::TargetFramework=net9.0]
/home/lysander/repos/bannou/bannou-service/Generated/Clients/StateClient.cs(285,105): warning CS1573: Parameter 'body' has no matching param tag in the XML comment for 'StateClient.SaveStateAsync(SaveStateRequest, CancellationToken)' (but other parameters do) [/home/lysander/repos/bannou/Bannou.SDK/Bannou.SDK.csproj::TargetFramework=net9.0]
/home/lysander/repos/bannou/bannou-service/Generated/Clients/StateClient.cs(364,111): warning CS1573: Parameter 'body' has no matching param tag in the XML comment for 'StateClient.DeleteStateAsync(DeleteStateRequest, CancellationToken)' (but other parameters do) [/home/lysander/repos/bannou/Bannou.SDK/Bannou.SDK.csproj::TargetFramework=net9.0]
/home/lysander/repos/bannou/bannou-service/Generated/Clients/StateClient.cs(443,108): warning CS1573: Parameter 'body' has no matching param tag in the XML comment for 'StateClient.QueryStateAsync(QueryStateRequest, CancellationToken)' (but other parameters do) [/home/lysander/repos/bannou/Bannou.SDK/Bannou.SDK.csproj::TargetFramework=net9.0]
/home/lysander/repos/bannou/bannou-service/Generated/Clients/StateClient.cs(534,114): warning CS1573: Parameter 'body' has no matching param tag in the XML comment for 'StateClient.BulkGetStateAsync(BulkGetStateRequest, CancellationToken)' (but other parameters do) [/home/lysander/repos/bannou/Bannou.SDK/Bannou.SDK.csproj::TargetFramework=net9.0]
/home/lysander/repos/bannou/bannou-service/Generated/Clients/StateClient.cs(613,109): warning CS1573: Parameter 'body' has no matching param tag in the XML comment for 'StateClient.ListStoresAsync(ListStoresRequest?, CancellationToken)' (but other parameters do) [/home/lysander/repos/bannou/Bannou.SDK/Bannou.SDK.csproj::TargetFramework=net9.0]
/home/lysander/repos/bannou/bannou-service/Generated/Clients/StateClient.cs(683,22): warning CS1591: Missing XML comment for publicly visible type or member 'StateClient.ObjectResponseResult<T>' [/home/lysander/repos/bannou/Bannou.SDK/Bannou.SDK.csproj::TargetFramework=net9.0]
/home/lysander/repos/bannou/bannou-service/Generated/Clients/StateClient.cs(685,16): warning CS1591: Missing XML comment for publicly visible type or member 'StateClient.ObjectResponseResult<T>.ObjectResponseResult(T, string)' [/home/lysander/repos/bannou/Bannou.SDK/Bannou.SDK.csproj::TargetFramework=net9.0]
/home/lysander/repos/bannou/bannou-service/Generated/Clients/StateClient.cs(691,18): warning CS1591: Missing XML comment for publicly visible type or member 'StateClient.ObjectResponseResult<T>.Object' [/home/lysander/repos/bannou/Bannou.SDK/Bannou.SDK.csproj::TargetFramework=net9.0]
/home/lysander/repos/bannou/bannou-service/Generated/Clients/StateClient.cs(693,23): warning CS1591: Missing XML comment for publicly visible type or member 'StateClient.ObjectResponseResult<T>.Text' [/home/lysander/repos/bannou/Bannou.SDK/Bannou.SDK.csproj::TargetFramework=net9.0]
/home/lysander/repos/bannou/bannou-service/Generated/Clients/StateClient.cs(716,17): warning CS1591: Missing XML comment for publicly visible type or member 'StateClient.ReadResponseAsString' [/home/lysander/repos/bannou/Bannou.SDK/Bannou.SDK.csproj::TargetFramework=net9.0]
/home/lysander/repos/bannou/bannou-service/Generated/Clients/StateClient.cs(718,86): warning CS1591: Missing XML comment for publicly visible type or member 'StateClient.ReadObjectResponseAsync<T>(HttpResponseMessage, IReadOnlyDictionary<string, IEnumerable<string>>, CancellationToken)' [/home/lysander/repos/bannou/Bannou.SDK/Bannou.SDK.csproj::TargetFramework=net9.0]
/home/lysander/repos/bannou/bannou-service/Generated/Models/StateModels.cs(18,22): warning CS1591: Missing XML comment for publicly visible type or member 'GetStateRequest' [/home/lysander/repos/bannou/Bannou.SDK/Bannou.SDK.csproj::TargetFramework=net9.0]
/home/lysander/repos/bannou/bannou-service/Generated/Models/StateModels.cs(40,68): warning CS1591: Missing XML comment for publicly visible type or member 'GetStateRequest.AdditionalProperties' [/home/lysander/repos/bannou/Bannou.SDK/Bannou.SDK.csproj::TargetFramework=net9.0]
/home/lysander/repos/bannou/bannou-service/Generated/Models/StateModels.cs(49,22): warning CS1591: Missing XML comment for publicly visible type or member 'GetStateResponse' [/home/lysander/repos/bannou/Bannou.SDK/Bannou.SDK.csproj::TargetFramework=net9.0]
/home/lysander/repos/bannou/bannou-service/Generated/Models/StateModels.cs(65,26): warning CS1591: Missing XML comment for publicly visible type or member 'GetStateResponse.Metadata' [/home/lysander/repos/bannou/Bannou.SDK/Bannou.SDK.csproj::TargetFramework=net9.0]
/home/lysander/repos/bannou/bannou-service/Generated/Models/StateModels.cs(70,68): warning CS1591: Missing XML comment for publicly visible type or member 'GetStateResponse.AdditionalProperties' [/home/lysander/repos/bannou/Bannou.SDK/Bannou.SDK.csproj::TargetFramework=net9.0]
/home/lysander/repos/bannou/bannou-service/Generated/Models/StateModels.cs(79,22): warning CS1591: Missing XML comment for publicly visible type or member 'SaveStateRequest' [/home/lysander/repos/bannou/Bannou.SDK/Bannou.SDK.csproj::TargetFramework=net9.0]
/home/lysander/repos/bannou/bannou-service/Generated/Models/StateModels.cs(107,25): warning CS1591: Missing XML comment for publicly visible type or member 'SaveStateRequest.Options' [/home/lysander/repos/bannou/Bannou.SDK/Bannou.SDK.csproj::TargetFramework=net9.0]
/home/lysander/repos/bannou/bannou-service/Generated/Models/StateModels.cs(112,68): warning CS1591: Missing XML comment for publicly visible type or member 'SaveStateRequest.AdditionalProperties' [/home/lysander/repos/bannou/Bannou.SDK/Bannou.SDK.csproj::TargetFramework=net9.0]
/home/lysander/repos/bannou/bannou-service/Generated/Models/StateModels.cs(121,22): warning CS1591: Missing XML comment for publicly visible type or member 'SaveStateResponse' [/home/lysander/repos/bannou/Bannou.SDK/Bannou.SDK.csproj::TargetFramework=net9.0]
/home/lysander/repos/bannou/bannou-service/Generated/Models/StateModels.cs(139,68): warning CS1591: Missing XML comment for publicly visible type or member 'SaveStateResponse.AdditionalProperties' [/home/lysander/repos/bannou/Bannou.SDK/Bannou.SDK.csproj::TargetFramework=net9.0]
/home/lysander/repos/bannou/bannou-service/Generated/Models/StateModels.cs(148,22): warning CS1591: Missing XML comment for publicly visible type or member 'DeleteStateRequest' [/home/lysander/repos/bannou/Bannou.SDK/Bannou.SDK.csproj::TargetFramework=net9.0]
/home/lysander/repos/bannou/bannou-service/Generated/Models/StateModels.cs(170,68): warning CS1591: Missing XML comment for publicly visible type or member 'DeleteStateRequest.AdditionalProperties' [/home/lysander/repos/bannou/Bannou.SDK/Bannou.SDK.csproj::TargetFramework=net9.0]
/home/lysander/repos/bannou/bannou-service/Generated/Models/StateModels.cs(179,22): warning CS1591: Missing XML comment for publicly visible type or member 'DeleteStateResponse' [/home/lysander/repos/bannou/Bannou.SDK/Bannou.SDK.csproj::TargetFramework=net9.0]
/home/lysander/repos/bannou/bannou-service/Generated/Models/StateModels.cs(191,68): warning CS1591: Missing XML comment for publicly visible type or member 'DeleteStateResponse.AdditionalProperties' [/home/lysander/repos/bannou/Bannou.SDK/Bannou.SDK.csproj::TargetFramework=net9.0]
/home/lysander/repos/bannou/bannou-service/Generated/Models/StateModels.cs(200,22): warning CS1591: Missing XML comment for publicly visible type or member 'StateOptions' [/home/lysander/repos/bannou/Bannou.SDK/Bannou.SDK.csproj::TargetFramework=net9.0]
/home/lysander/repos/bannou/bannou-service/Generated/Models/StateModels.cs(225,68): warning CS1591: Missing XML comment for publicly visible type or member 'StateOptions.AdditionalProperties' [/home/lysander/repos/bannou/Bannou.SDK/Bannou.SDK.csproj::TargetFramework=net9.0]
/home/lysander/repos/bannou/bannou-service/Generated/Models/StateModels.cs(234,22): warning CS1591: Missing XML comment for publicly visible type or member 'StateMetadata' [/home/lysander/repos/bannou/Bannou.SDK/Bannou.SDK.csproj::TargetFramework=net9.0]
/home/lysander/repos/bannou/bannou-service/Generated/Models/StateModels.cs(258,68): warning CS1591: Missing XML comment for publicly visible type or member 'StateMetadata.AdditionalProperties' [/home/lysander/repos/bannou/Bannou.SDK/Bannou.SDK.csproj::TargetFramework=net9.0]
/home/lysander/repos/bannou/bannou-service/Generated/Models/StateModels.cs(267,22): warning CS1591: Missing XML comment for publicly visible type or member 'QueryStateRequest' [/home/lysander/repos/bannou/Bannou.SDK/Bannou.SDK.csproj::TargetFramework=net9.0]
/home/lysander/repos/bannou/bannou-service/Generated/Models/StateModels.cs(339,68): warning CS1591: Missing XML comment for publicly visible type or member 'QueryStateRequest.AdditionalProperties' [/home/lysander/repos/bannou/Bannou.SDK/Bannou.SDK.csproj::TargetFramework=net9.0]
/home/lysander/repos/bannou/bannou-service/Generated/Models/StateModels.cs(348,22): warning CS1591: Missing XML comment for publicly visible type or member 'SortField' [/home/lysander/repos/bannou/Bannou.SDK/Bannou.SDK.csproj::TargetFramework=net9.0]
/home/lysander/repos/bannou/bannou-service/Generated/Models/StateModels.cs(367,68): warning CS1591: Missing XML comment for publicly visible type or member 'SortField.AdditionalProperties' [/home/lysander/repos/bannou/Bannou.SDK/Bannou.SDK.csproj::TargetFramework=net9.0]
/home/lysander/repos/bannou/bannou-service/Generated/Models/StateModels.cs(392,26): warning CS1591: Missing XML comment for publicly visible type or member 'QueryCondition.Operator' [/home/lysander/repos/bannou/Bannou.SDK/Bannou.SDK.csproj::TargetFramework=net9.0]
/home/lysander/repos/bannou/bannou-service/Generated/Models/StateModels.cs(403,68): warning CS1591: Missing XML comment for publicly visible type or member 'QueryCondition.AdditionalProperties' [/home/lysander/repos/bannou/Bannou.SDK/Bannou.SDK.csproj::TargetFramework=net9.0]
/home/lysander/repos/bannou/bannou-service/Generated/Models/StateModels.cs(419,5): warning CS1591: Missing XML comment for publicly visible type or member 'QueryOperator.Equals' [/home/lysander/repos/bannou/Bannou.SDK/Bannou.SDK.csproj::TargetFramework=net9.0]
/home/lysander/repos/bannou/bannou-service/Generated/Models/StateModels.cs(422,5): warning CS1591: Missing XML comment for publicly visible type or member 'QueryOperator.NotEquals' [/home/lysander/repos/bannou/Bannou.SDK/Bannou.SDK.csproj::TargetFramework=net9.0]
/home/lysander/repos/bannou/bannou-service/Generated/Models/StateModels.cs(425,5): warning CS1591: Missing XML comment for publicly visible type or member 'QueryOperator.GreaterThan' [/home/lysander/repos/bannou/Bannou.SDK/Bannou.SDK.csproj::TargetFramework=net9.0]
/home/lysander/repos/bannou/bannou-service/Generated/Models/StateModels.cs(428,5): warning CS1591: Missing XML comment for publicly visible type or member 'QueryOperator.GreaterThanOrEqual' [/home/lysander/repos/bannou/Bannou.SDK/Bannou.SDK.csproj::TargetFramework=net9.0]
/home/lysander/repos/bannou/bannou-service/Generated/Models/StateModels.cs(431,5): warning CS1591: Missing XML comment for publicly visible type or member 'QueryOperator.LessThan' [/home/lysander/repos/bannou/Bannou.SDK/Bannou.SDK.csproj::TargetFramework=net9.0]
/home/lysander/repos/bannou/bannou-service/Generated/Models/StateModels.cs(434,5): warning CS1591: Missing XML comment for publicly visible type or member 'QueryOperator.LessThanOrEqual' [/home/lysander/repos/bannou/Bannou.SDK/Bannou.SDK.csproj::TargetFramework=net9.0]
/home/lysander/repos/bannou/bannou-service/Generated/Models/StateModels.cs(437,5): warning CS1591: Missing XML comment for publicly visible type or member 'QueryOperator.Contains' [/home/lysander/repos/bannou/Bannou.SDK/Bannou.SDK.csproj::TargetFramework=net9.0]
/home/lysander/repos/bannou/bannou-service/Generated/Models/StateModels.cs(440,5): warning CS1591: Missing XML comment for publicly visible type or member 'QueryOperator.StartsWith' [/home/lysander/repos/bannou/Bannou.SDK/Bannou.SDK.csproj::TargetFramework=net9.0]
/home/lysander/repos/bannou/bannou-service/Generated/Models/StateModels.cs(443,5): warning CS1591: Missing XML comment for publicly visible type or member 'QueryOperator.EndsWith' [/home/lysander/repos/bannou/Bannou.SDK/Bannou.SDK.csproj::TargetFramework=net9.0]
/home/lysander/repos/bannou/bannou-service/Generated/Models/StateModels.cs(446,5): warning CS1591: Missing XML comment for publicly visible type or member 'QueryOperator.In' [/home/lysander/repos/bannou/Bannou.SDK/Bannou.SDK.csproj::TargetFramework=net9.0]
/home/lysander/repos/bannou/bannou-service/Generated/Models/StateModels.cs(449,5): warning CS1591: Missing XML comment for publicly visible type or member 'QueryOperator.Exists' [/home/lysander/repos/bannou/Bannou.SDK/Bannou.SDK.csproj::TargetFramework=net9.0]
/home/lysander/repos/bannou/bannou-service/Generated/Models/StateModels.cs(452,5): warning CS1591: Missing XML comment for publicly visible type or member 'QueryOperator.NotExists' [/home/lysander/repos/bannou/Bannou.SDK/Bannou.SDK.csproj::TargetFramework=net9.0]
/home/lysander/repos/bannou/bannou-service/Generated/Models/StateModels.cs(455,5): warning CS1591: Missing XML comment for publicly visible type or member 'QueryOperator.FullText' [/home/lysander/repos/bannou/Bannou.SDK/Bannou.SDK.csproj::TargetFramework=net9.0]
/home/lysander/repos/bannou/bannou-service/Generated/Models/StateModels.cs(460,22): warning CS1591: Missing XML comment for publicly visible type or member 'QueryStateResponse' [/home/lysander/repos/bannou/Bannou.SDK/Bannou.SDK.csproj::TargetFramework=net9.0]
/home/lysander/repos/bannou/bannou-service/Generated/Models/StateModels.cs(490,68): warning CS1591: Missing XML comment for publicly visible type or member 'QueryStateResponse.AdditionalProperties' [/home/lysander/repos/bannou/Bannou.SDK/Bannou.SDK.csproj::TargetFramework=net9.0]
/home/lysander/repos/bannou/bannou-service/Generated/Models/StateModels.cs(499,22): warning CS1591: Missing XML comment for publicly visible type or member 'BulkGetStateRequest' [/home/lysander/repos/bannou/Bannou.SDK/Bannou.SDK.csproj::TargetFramework=net9.0]
/home/lysander/repos/bannou/bannou-service/Generated/Models/StateModels.cs(521,68): warning CS1591: Missing XML comment for publicly visible type or member 'BulkGetStateRequest.AdditionalProperties' [/home/lysander/repos/bannou/Bannou.SDK/Bannou.SDK.csproj::TargetFramework=net9.0]
/home/lysander/repos/bannou/bannou-service/Generated/Models/StateModels.cs(530,22): warning CS1591: Missing XML comment for publicly visible type or member 'BulkGetStateResponse' [/home/lysander/repos/bannou/Bannou.SDK/Bannou.SDK.csproj::TargetFramework=net9.0]
/home/lysander/repos/bannou/bannou-service/Generated/Models/StateModels.cs(542,68): warning CS1591: Missing XML comment for publicly visible type or member 'BulkGetStateResponse.AdditionalProperties' [/home/lysander/repos/bannou/Bannou.SDK/Bannou.SDK.csproj::TargetFramework=net9.0]
/home/lysander/repos/bannou/bannou-service/Generated/Models/StateModels.cs(551,22): warning CS1591: Missing XML comment for publicly visible type or member 'BulkStateItem' [/home/lysander/repos/bannou/Bannou.SDK/Bannou.SDK.csproj::TargetFramework=net9.0]
/home/lysander/repos/bannou/bannou-service/Generated/Models/StateModels.cs(581,68): warning CS1591: Missing XML comment for publicly visible type or member 'BulkStateItem.AdditionalProperties' [/home/lysander/repos/bannou/Bannou.SDK/Bannou.SDK.csproj::TargetFramework=net9.0]
/home/lysander/repos/bannou/bannou-service/Generated/Models/StateModels.cs(612,68): warning CS1591: Missing XML comment for publicly visible type or member 'ListStoresRequest.AdditionalProperties' [/home/lysander/repos/bannou/Bannou.SDK/Bannou.SDK.csproj::TargetFramework=net9.0]
/home/lysander/repos/bannou/bannou-service/Generated/Models/StateModels.cs(621,22): warning CS1591: Missing XML comment for publicly visible type or member 'ListStoresResponse' [/home/lysander/repos/bannou/Bannou.SDK/Bannou.SDK.csproj::TargetFramework=net9.0]
/home/lysander/repos/bannou/bannou-service/Generated/Models/StateModels.cs(633,68): warning CS1591: Missing XML comment for publicly visible type or member 'ListStoresResponse.AdditionalProperties' [/home/lysander/repos/bannou/Bannou.SDK/Bannou.SDK.csproj::TargetFramework=net9.0]
/home/lysander/repos/bannou/bannou-service/Generated/Models/StateModels.cs(642,22): warning CS1591: Missing XML comment for publicly visible type or member 'StoreInfo' [/home/lysander/repos/bannou/Bannou.SDK/Bannou.SDK.csproj::TargetFramework=net9.0]
/home/lysander/repos/bannou/bannou-service/Generated/Models/StateModels.cs(667,68): warning CS1591: Missing XML comment for publicly visible type or member 'StoreInfo.AdditionalProperties' [/home/lysander/repos/bannou/Bannou.SDK/Bannou.SDK.csproj::TargetFramework=net9.0]
/home/lysander/repos/bannou/bannou-service/Generated/Models/StateModels.cs(676,13): warning CS1591: Missing XML comment for publicly visible type or member 'StateOptionsConsistency' [/home/lysander/repos/bannou/Bannou.SDK/Bannou.SDK.csproj::TargetFramework=net9.0]
/home/lysander/repos/bannou/bannou-service/Generated/Models/StateModels.cs(680,5): warning CS1591: Missing XML comment for publicly visible type or member 'StateOptionsConsistency.Strong' [/home/lysander/repos/bannou/Bannou.SDK/Bannou.SDK.csproj::TargetFramework=net9.0]
/home/lysander/repos/bannou/bannou-service/Generated/Models/StateModels.cs(683,5): warning CS1591: Missing XML comment for publicly visible type or member 'StateOptionsConsistency.Eventual' [/home/lysander/repos/bannou/Bannou.SDK/Bannou.SDK.csproj::TargetFramework=net9.0]
/home/lysander/repos/bannou/bannou-service/Generated/Models/StateModels.cs(688,13): warning CS1591: Missing XML comment for publicly visible type or member 'SortFieldOrder' [/home/lysander/repos/bannou/Bannou.SDK/Bannou.SDK.csproj::TargetFramework=net9.0]
/home/lysander/repos/bannou/bannou-service/Generated/Models/StateModels.cs(692,5): warning CS1591: Missing XML comment for publicly visible type or member 'SortFieldOrder.Asc' [/home/lysander/repos/bannou/Bannou.SDK/Bannou.SDK.csproj::TargetFramework=net9.0]
/home/lysander/repos/bannou/bannou-service/Generated/Models/StateModels.cs(695,5): warning CS1591: Missing XML comment for publicly visible type or member 'SortFieldOrder.Desc' [/home/lysander/repos/bannou/Bannou.SDK/Bannou.SDK.csproj::TargetFramework=net9.0]
/home/lysander/repos/bannou/bannou-service/Generated/Models/StateModels.cs(700,13): warning CS1591: Missing XML comment for publicly visible type or member 'ListStoresRequestBackendFilter' [/home/lysander/repos/bannou/Bannou.SDK/Bannou.SDK.csproj::TargetFramework=net9.0]
/home/lysander/repos/bannou/bannou-service/Generated/Models/StateModels.cs(704,5): warning CS1591: Missing XML comment for publicly visible type or member 'ListStoresRequestBackendFilter.Redis' [/home/lysander/repos/bannou/Bannou.SDK/Bannou.SDK.csproj::TargetFramework=net9.0]
/home/lysander/repos/bannou/bannou-service/Generated/Models/StateModels.cs(707,5): warning CS1591: Missing XML comment for publicly visible type or member 'ListStoresRequestBackendFilter.Mysql' [/home/lysander/repos/bannou/Bannou.SDK/Bannou.SDK.csproj::TargetFramework=net9.0]
/home/lysander/repos/bannou/bannou-service/Generated/Models/StateModels.cs(712,13): warning CS1591: Missing XML comment for publicly visible type or member 'StoreInfoBackend' [/home/lysander/repos/bannou/Bannou.SDK/Bannou.SDK.csproj::TargetFramework=net9.0]
/home/lysander/repos/bannou/bannou-service/Generated/Models/StateModels.cs(716,5): warning CS1591: Missing XML comment for publicly visible type or member 'StoreInfoBackend.Redis' [/home/lysander/repos/bannou/Bannou.SDK/Bannou.SDK.csproj::TargetFramework=net9.0]
/home/lysander/repos/bannou/bannou-service/Generated/Models/StateModels.cs(719,5): warning CS1591: Missing XML comment for publicly visible type or member 'StoreInfoBackend.Mysql' [/home/lysander/repos/bannou/Bannou.SDK/Bannou.SDK.csproj::TargetFramework=net9.0]
/home/lysander/repos/bannou/bannou-service/Generated/Clients/AccountsClient.cs(19,26): warning CS1591: Missing XML comment for publicly visible type or member 'IAccountsClient' [/home/lysander/repos/bannou/Bannou.SDK/Bannou.SDK.csproj::TargetFramework=net9.0]
/home/lysander/repos/bannou/bannou-service/Generated/Clients/AccountsClient.cs(28,92): warning CS1573: Parameter 'body' has no matching param tag in the XML comment for 'IAccountsClient.ListAccountsAsync(ListAccountsRequest, CancellationToken)' (but other parameters do) [/home/lysander/repos/bannou/Bannou.SDK/Bannou.SDK.csproj::TargetFramework=net9.0]
/home/lysander/repos/bannou/bannou-service/Generated/Clients/AccountsClient.cs(36,90): warning CS1573: Parameter 'body' has no matching param tag in the XML comment for 'IAccountsClient.CreateAccountAsync(CreateAccountRequest, CancellationToken)' (but other parameters do) [/home/lysander/repos/bannou/Bannou.SDK/Bannou.SDK.csproj::TargetFramework=net9.0]
/home/lysander/repos/bannou/bannou-service/Generated/Clients/AccountsClient.cs(44,84): warning CS1573: Parameter 'body' has no matching param tag in the XML comment for 'IAccountsClient.GetAccountAsync(GetAccountRequest, CancellationToken)' (but other parameters do) [/home/lysander/repos/bannou/Bannou.SDK/Bannou.SDK.csproj::TargetFramework=net9.0]
/home/lysander/repos/bannou/bannou-service/Generated/Clients/AccountsClient.cs(52,90): warning CS1573: Parameter 'body' has no matching param tag in the XML comment for 'IAccountsClient.UpdateAccountAsync(UpdateAccountRequest, CancellationToken)' (but other parameters do) [/home/lysander/repos/bannou/Bannou.SDK/Bannou.SDK.csproj::TargetFramework=net9.0]
/home/lysander/repos/bannou/bannou-service/Generated/Clients/AccountsClient.cs(60,73): warning CS1573: Parameter 'body' has no matching param tag in the XML comment for 'IAccountsClient.DeleteAccountAsync(DeleteAccountRequest, CancellationToken)' (but other parameters do) [/home/lysander/repos/bannou/Bannou.SDK/Bannou.SDK.csproj::TargetFramework=net9.0]
/home/lysander/repos/bannou/bannou-service/Generated/Clients/AccountsClient.cs(68,98): warning CS1573: Parameter 'body' has no matching param tag in the XML comment for 'IAccountsClient.GetAccountByEmailAsync(GetAccountByEmailRequest, CancellationToken)' (but other parameters do) [/home/lysander/repos/bannou/Bannou.SDK/Bannou.SDK.csproj::TargetFramework=net9.0]
/home/lysander/repos/bannou/bannou-service/Generated/Clients/AccountsClient.cs(76,96): warning CS1573: Parameter 'body' has no matching param tag in the XML comment for 'IAccountsClient.GetAuthMethodsAsync(GetAuthMethodsRequest, CancellationToken)' (but other parameters do) [/home/lysander/repos/bannou/Bannou.SDK/Bannou.SDK.csproj::TargetFramework=net9.0]
/home/lysander/repos/bannou/bannou-service/Generated/Clients/AccountsClient.cs(84,93): warning CS1573: Parameter 'body' has no matching param tag in the XML comment for 'IAccountsClient.AddAuthMethodAsync(AddAuthMethodRequest, CancellationToken)' (but other parameters do) [/home/lysander/repos/bannou/Bannou.SDK/Bannou.SDK.csproj::TargetFramework=net9.0]
/home/lysander/repos/bannou/bannou-service/Generated/Clients/AccountsClient.cs(92,79): warning CS1573: Parameter 'body' has no matching param tag in the XML comment for 'IAccountsClient.RemoveAuthMethodAsync(RemoveAuthMethodRequest, CancellationToken)' (but other parameters do) [/home/lysander/repos/bannou/Bannou.SDK/Bannou.SDK.csproj::TargetFramework=net9.0]
/home/lysander/repos/bannou/bannou-service/Generated/Clients/AccountsClient.cs(100,104): warning CS1573: Parameter 'body' has no matching param tag in the XML comment for 'IAccountsClient.GetAccountByProviderAsync(GetAccountByProviderRequest, CancellationToken)' (but other parameters do) [/home/lysander/repos/bannou/Bannou.SDK/Bannou.SDK.csproj::TargetFramework=net9.0]
/home/lysander/repos/bannou/bannou-service/Generated/Clients/AccountsClient.cs(108,90): warning CS1573: Parameter 'body' has no matching param tag in the XML comment for 'IAccountsClient.UpdateProfileAsync(UpdateProfileRequest, CancellationToken)' (but other parameters do) [/home/lysander/repos/bannou/Bannou.SDK/Bannou.SDK.csproj::TargetFramework=net9.0]
/home/lysander/repos/bannou/bannou-service/Generated/Clients/AccountsClient.cs(116,79): warning CS1573: Parameter 'body' has no matching param tag in the XML comment for 'IAccountsClient.UpdatePasswordHashAsync(UpdatePasswordRequest, CancellationToken)' (but other parameters do) [/home/lysander/repos/bannou/Bannou.SDK/Bannou.SDK.csproj::TargetFramework=net9.0]
/home/lysander/repos/bannou/bannou-service/Generated/Clients/AccountsClient.cs(124,89): warning CS1573: Parameter 'body' has no matching param tag in the XML comment for 'IAccountsClient.UpdateVerificationStatusAsync(UpdateVerificationRequest, CancellationToken)' (but other parameters do) [/home/lysander/repos/bannou/Bannou.SDK/Bannou.SDK.csproj::TargetFramework=net9.0]
/home/lysander/repos/bannou/bannou-service/Generated/Clients/AccountsClient.cs(128,22): warning CS1591: Missing XML comment for publicly visible type or member 'AccountsClient' [/home/lysander/repos/bannou/Bannou.SDK/Bannou.SDK.csproj::TargetFramework=net9.0]
/home/lysander/repos/bannou/bannou-service/Generated/Clients/AccountsClient.cs(148,12): warning CS1591: Missing XML comment for publicly visible type or member 'AccountsClient.AccountsClient(IMeshInvocationClient, IServiceAppMappingResolver, ILogger<AccountsClient>?)' [/home/lysander/repos/bannou/Bannou.SDK/Bannou.SDK.csproj::TargetFramework=net9.0]
/home/lysander/repos/bannou/bannou-service/Generated/Clients/AccountsClient.cs(156,54): warning CS1591: Missing XML comment for publicly visible type or member 'AccountsClient.JsonSerializerSettings' [/home/lysander/repos/bannou/Bannou.SDK/Bannou.SDK.csproj::TargetFramework=net9.0]
/home/lysander/repos/bannou/bannou-service/Generated/Clients/AccountsClient.cs(256,113): warning CS1573: Parameter 'body' has no matching param tag in the XML comment for 'AccountsClient.ListAccountsAsync(ListAccountsRequest, CancellationToken)' (but other parameters do) [/home/lysander/repos/bannou/Bannou.SDK/Bannou.SDK.csproj::TargetFramework=net9.0]
/home/lysander/repos/bannou/bannou-service/Generated/Clients/AccountsClient.cs(335,111): warning CS1573: Parameter 'body' has no matching param tag in the XML comment for 'AccountsClient.CreateAccountAsync(CreateAccountRequest, CancellationToken)' (but other parameters do) [/home/lysander/repos/bannou/Bannou.SDK/Bannou.SDK.csproj::TargetFramework=net9.0]
/home/lysander/repos/bannou/bannou-service/Generated/Clients/AccountsClient.cs(426,105): warning CS1573: Parameter 'body' has no matching param tag in the XML comment for 'AccountsClient.GetAccountAsync(GetAccountRequest, CancellationToken)' (but other parameters do) [/home/lysander/repos/bannou/Bannou.SDK/Bannou.SDK.csproj::TargetFramework=net9.0]
/home/lysander/repos/bannou/bannou-service/Generated/Clients/AccountsClient.cs(511,111): warning CS1573: Parameter 'body' has no matching param tag in the XML comment for 'AccountsClient.UpdateAccountAsync(UpdateAccountRequest, CancellationToken)' (but other parameters do) [/home/lysander/repos/bannou/Bannou.SDK/Bannou.SDK.csproj::TargetFramework=net9.0]
/home/lysander/repos/bannou/bannou-service/Generated/Clients/AccountsClient.cs(602,94): warning CS1573: Parameter 'body' has no matching param tag in the XML comment for 'AccountsClient.DeleteAccountAsync(DeleteAccountRequest, CancellationToken)' (but other parameters do) [/home/lysander/repos/bannou/Bannou.SDK/Bannou.SDK.csproj::TargetFramework=net9.0]
/home/lysander/repos/bannou/bannou-service/Generated/Clients/AccountsClient.cs(687,119): warning CS1573: Parameter 'body' has no matching param tag in the XML comment for 'AccountsClient.GetAccountByEmailAsync(GetAccountByEmailRequest, CancellationToken)' (but other parameters do) [/home/lysander/repos/bannou/Bannou.SDK/Bannou.SDK.csproj::TargetFramework=net9.0]
/home/lysander/repos/bannou/bannou-service/Generated/Clients/AccountsClient.cs(772,117): warning CS1573: Parameter 'body' has no matching param tag in the XML comment for 'AccountsClient.GetAuthMethodsAsync(GetAuthMethodsRequest, CancellationToken)' (but other parameters do) [/home/lysander/repos/bannou/Bannou.SDK/Bannou.SDK.csproj::TargetFramework=net9.0]
/home/lysander/repos/bannou/bannou-service/Generated/Clients/AccountsClient.cs(857,114): warning CS1573: Parameter 'body' has no matching param tag in the XML comment for 'AccountsClient.AddAuthMethodAsync(AddAuthMethodRequest, CancellationToken)' (but other parameters do) [/home/lysander/repos/bannou/Bannou.SDK/Bannou.SDK.csproj::TargetFramework=net9.0]
/home/lysander/repos/bannou/bannou-service/Generated/Clients/AccountsClient.cs(948,100): warning CS1573: Parameter 'body' has no matching param tag in the XML comment for 'AccountsClient.RemoveAuthMethodAsync(RemoveAuthMethodRequest, CancellationToken)' (but other parameters do) [/home/lysander/repos/bannou/Bannou.SDK/Bannou.SDK.csproj::TargetFramework=net9.0]
/home/lysander/repos/bannou/bannou-service/Generated/Clients/AccountsClient.cs(1033,125): warning CS1573: Parameter 'body' has no matching param tag in the XML comment for 'AccountsClient.GetAccountByProviderAsync(GetAccountByProviderRequest, CancellationToken)' (but other parameters do) [/home/lysander/repos/bannou/Bannou.SDK/Bannou.SDK.csproj::TargetFramework=net9.0]
/home/lysander/repos/bannou/bannou-service/Generated/Clients/AccountsClient.cs(1118,111): warning CS1573: Parameter 'body' has no matching param tag in the XML comment for 'AccountsClient.UpdateProfileAsync(UpdateProfileRequest, CancellationToken)' (but other parameters do) [/home/lysander/repos/bannou/Bannou.SDK/Bannou.SDK.csproj::TargetFramework=net9.0]
/home/lysander/repos/bannou/bannou-service/Generated/Clients/AccountsClient.cs(1203,100): warning CS1573: Parameter 'body' has no matching param tag in the XML comment for 'AccountsClient.UpdatePasswordHashAsync(UpdatePasswordRequest, CancellationToken)' (but other parameters do) [/home/lysander/repos/bannou/Bannou.SDK/Bannou.SDK.csproj::TargetFramework=net9.0]
/home/lysander/repos/bannou/bannou-service/Generated/Clients/AccountsClient.cs(1282,110): warning CS1573: Parameter 'body' has no matching param tag in the XML comment for 'AccountsClient.UpdateVerificationStatusAsync(UpdateVerificationRequest, CancellationToken)' (but other parameters do) [/home/lysander/repos/bannou/Bannou.SDK/Bannou.SDK.csproj::TargetFramework=net9.0]
/home/lysander/repos/bannou/bannou-service/Generated/Clients/AccountsClient.cs(1355,22): warning CS1591: Missing XML comment for publicly visible type or member 'AccountsClient.ObjectResponseResult<T>' [/home/lysander/repos/bannou/Bannou.SDK/Bannou.SDK.csproj::TargetFramework=net9.0]
/home/lysander/repos/bannou/bannou-service/Generated/Clients/AccountsClient.cs(1357,16): warning CS1591: Missing XML comment for publicly visible type or member 'AccountsClient.ObjectResponseResult<T>.ObjectResponseResult(T, string)' [/home/lysander/repos/bannou/Bannou.SDK/Bannou.SDK.csproj::TargetFramework=net9.0]
/home/lysander/repos/bannou/bannou-service/Generated/Clients/AccountsClient.cs(1363,18): warning CS1591: Missing XML comment for publicly visible type or member 'AccountsClient.ObjectResponseResult<T>.Object' [/home/lysander/repos/bannou/Bannou.SDK/Bannou.SDK.csproj::TargetFramework=net9.0]
/home/lysander/repos/bannou/bannou-service/Generated/Clients/AccountsClient.cs(1365,23): warning CS1591: Missing XML comment for publicly visible type or member 'AccountsClient.ObjectResponseResult<T>.Text' [/home/lysander/repos/bannou/Bannou.SDK/Bannou.SDK.csproj::TargetFramework=net9.0]
/home/lysander/repos/bannou/bannou-service/Generated/Clients/AccountsClient.cs(1388,17): warning CS1591: Missing XML comment for publicly visible type or member 'AccountsClient.ReadResponseAsString' [/home/lysander/repos/bannou/Bannou.SDK/Bannou.SDK.csproj::TargetFramework=net9.0]
/home/lysander/repos/bannou/bannou-service/Generated/Clients/AccountsClient.cs(1390,86): warning CS1591: Missing XML comment for publicly visible type or member 'AccountsClient.ReadObjectResponseAsync<T>(HttpResponseMessage, IReadOnlyDictionary<string, IEnumerable<string>>, CancellationToken)' [/home/lysander/repos/bannou/Bannou.SDK/Bannou.SDK.csproj::TargetFramework=net9.0]
/home/lysander/repos/bannou/bannou-service/Generated/Models/AccountsModels.cs(25,5): warning CS1591: Missing XML comment for publicly visible type or member 'AuthProvider.Email' [/home/lysander/repos/bannou/Bannou.SDK/Bannou.SDK.csproj::TargetFramework=net9.0]
/home/lysander/repos/bannou/bannou-service/Generated/Models/AccountsModels.cs(28,5): warning CS1591: Missing XML comment for publicly visible type or member 'AuthProvider.Google' [/home/lysander/repos/bannou/Bannou.SDK/Bannou.SDK.csproj::TargetFramework=net9.0]
/home/lysander/repos/bannou/bannou-service/Generated/Models/AccountsModels.cs(31,5): warning CS1591: Missing XML comment for publicly visible type or member 'AuthProvider.Discord' [/home/lysander/repos/bannou/Bannou.SDK/Bannou.SDK.csproj::TargetFramework=net9.0]
/home/lysander/repos/bannou/bannou-service/Generated/Models/AccountsModels.cs(34,5): warning CS1591: Missing XML comment for publicly visible type or member 'AuthProvider.Twitch' [/home/lysander/repos/bannou/Bannou.SDK/Bannou.SDK.csproj::TargetFramework=net9.0]
/home/lysander/repos/bannou/bannou-service/Generated/Models/AccountsModels.cs(37,5): warning CS1591: Missing XML comment for publicly visible type or member 'AuthProvider.Steam' [/home/lysander/repos/bannou/Bannou.SDK/Bannou.SDK.csproj::TargetFramework=net9.0]
/home/lysander/repos/bannou/bannou-service/Generated/Models/AccountsModels.cs(49,5): warning CS1591: Missing XML comment for publicly visible type or member 'OAuthProvider.Google' [/home/lysander/repos/bannou/Bannou.SDK/Bannou.SDK.csproj::TargetFramework=net9.0]
/home/lysander/repos/bannou/bannou-service/Generated/Models/AccountsModels.cs(52,5): warning CS1591: Missing XML comment for publicly visible type or member 'OAuthProvider.Discord' [/home/lysander/repos/bannou/Bannou.SDK/Bannou.SDK.csproj::TargetFramework=net9.0]
/home/lysander/repos/bannou/bannou-service/Generated/Models/AccountsModels.cs(55,5): warning CS1591: Missing XML comment for publicly visible type or member 'OAuthProvider.Twitch' [/home/lysander/repos/bannou/Bannou.SDK/Bannou.SDK.csproj::TargetFramework=net9.0]
/home/lysander/repos/bannou/bannou-service/Generated/Models/AccountsModels.cs(58,5): warning CS1591: Missing XML comment for publicly visible type or member 'OAuthProvider.Steam' [/home/lysander/repos/bannou/Bannou.SDK/Bannou.SDK.csproj::TargetFramework=net9.0]
/home/lysander/repos/bannou/bannou-service/Generated/Models/AccountsModels.cs(70,20): warning CS1591: Missing XML comment for publicly visible type or member 'ListAccountsRequest.Email' [/home/lysander/repos/bannou/Bannou.SDK/Bannou.SDK.csproj::TargetFramework=net9.0]
/home/lysander/repos/bannou/bannou-service/Generated/Models/AccountsModels.cs(73,20): warning CS1591: Missing XML comment for publicly visible type or member 'ListAccountsRequest.DisplayName' [/home/lysander/repos/bannou/Bannou.SDK/Bannou.SDK.csproj::TargetFramework=net9.0]
/home/lysander/repos/bannou/bannou-service/Generated/Models/AccountsModels.cs(77,26): warning CS1591: Missing XML comment for publicly visible type or member 'ListAccountsRequest.Provider' [/home/lysander/repos/bannou/Bannou.SDK/Bannou.SDK.csproj::TargetFramework=net9.0]
/home/lysander/repos/bannou/bannou-service/Generated/Models/AccountsModels.cs(80,18): warning CS1591: Missing XML comment for publicly visible type or member 'ListAccountsRequest.Verified' [/home/lysander/repos/bannou/Bannou.SDK/Bannou.SDK.csproj::TargetFramework=net9.0]
/home/lysander/repos/bannou/bannou-service/Generated/Models/AccountsModels.cs(84,16): warning CS1591: Missing XML comment for publicly visible type or member 'ListAccountsRequest.Page' [/home/lysander/repos/bannou/Bannou.SDK/Bannou.SDK.csproj::TargetFramework=net9.0]
/home/lysander/repos/bannou/bannou-service/Generated/Models/AccountsModels.cs(88,16): warning CS1591: Missing XML comment for publicly visible type or member 'ListAccountsRequest.PageSize' [/home/lysander/repos/bannou/Bannou.SDK/Bannou.SDK.csproj::TargetFramework=net9.0]
/home/lysander/repos/bannou/bannou-service/Generated/Models/AccountsModels.cs(93,68): warning CS1591: Missing XML comment for publicly visible type or member 'ListAccountsRequest.AdditionalProperties' [/home/lysander/repos/bannou/Bannou.SDK/Bannou.SDK.csproj::TargetFramework=net9.0]
/home/lysander/repos/bannou/bannou-service/Generated/Models/AccountsModels.cs(119,68): warning CS1591: Missing XML comment for publicly visible type or member 'GetAccountRequest.AdditionalProperties' [/home/lysander/repos/bannou/Bannou.SDK/Bannou.SDK.csproj::TargetFramework=net9.0]
/home/lysander/repos/bannou/bannou-service/Generated/Models/AccountsModels.cs(145,68): warning CS1591: Missing XML comment for publicly visible type or member 'DeleteAccountRequest.AdditionalProperties' [/home/lysander/repos/bannou/Bannou.SDK/Bannou.SDK.csproj::TargetFramework=net9.0]
/home/lysander/repos/bannou/bannou-service/Generated/Models/AccountsModels.cs(171,68): warning CS1591: Missing XML comment for publicly visible type or member 'GetAccountByEmailRequest.AdditionalProperties' [/home/lysander/repos/bannou/Bannou.SDK/Bannou.SDK.csproj::TargetFramework=net9.0]
/home/lysander/repos/bannou/bannou-service/Generated/Models/AccountsModels.cs(197,68): warning CS1591: Missing XML comment for publicly visible type or member 'GetAuthMethodsRequest.AdditionalProperties' [/home/lysander/repos/bannou/Bannou.SDK/Bannou.SDK.csproj::TargetFramework=net9.0]
/home/lysander/repos/bannou/bannou-service/Generated/Models/AccountsModels.cs(231,68): warning CS1591: Missing XML comment for publicly visible type or member 'RemoveAuthMethodRequest.AdditionalProperties' [/home/lysander/repos/bannou/Bannou.SDK/Bannou.SDK.csproj::TargetFramework=net9.0]
/home/lysander/repos/bannou/bannou-service/Generated/Models/AccountsModels.cs(266,68): warning CS1591: Missing XML comment for publicly visible type or member 'GetAccountByProviderRequest.AdditionalProperties' [/home/lysander/repos/bannou/Bannou.SDK/Bannou.SDK.csproj::TargetFramework=net9.0]
/home/lysander/repos/bannou/bannou-service/Generated/Models/AccountsModels.cs(275,22): warning CS1591: Missing XML comment for publicly visible type or member 'CreateAccountRequest' [/home/lysander/repos/bannou/Bannou.SDK/Bannou.SDK.csproj::TargetFramework=net9.0]
/home/lysander/repos/bannou/bannou-service/Generated/Models/AccountsModels.cs(281,19): warning CS1591: Missing XML comment for publicly visible type or member 'CreateAccountRequest.Email' [/home/lysander/repos/bannou/Bannou.SDK/Bannou.SDK.csproj::TargetFramework=net9.0]
/home/lysander/repos/bannou/bannou-service/Generated/Models/AccountsModels.cs(291,20): warning CS1591: Missing XML comment for publicly visible type or member 'CreateAccountRequest.DisplayName' [/home/lysander/repos/bannou/Bannou.SDK/Bannou.SDK.csproj::TargetFramework=net9.0]
/home/lysander/repos/bannou/bannou-service/Generated/Models/AccountsModels.cs(294,17): warning CS1591: Missing XML comment for publicly visible type or member 'CreateAccountRequest.EmailVerified' [/home/lysander/repos/bannou/Bannou.SDK/Bannou.SDK.csproj::TargetFramework=net9.0]
/home/lysander/repos/bannou/bannou-service/Generated/Models/AccountsModels.cs(297,59): warning CS1591: Missing XML comment for publicly visible type or member 'CreateAccountRequest.Roles' [/home/lysander/repos/bannou/Bannou.SDK/Bannou.SDK.csproj::TargetFramework=net9.0]
/home/lysander/repos/bannou/bannou-service/Generated/Models/AccountsModels.cs(300,20): warning CS1591: Missing XML comment for publicly visible type or member 'CreateAccountRequest.Metadata' [/home/lysander/repos/bannou/Bannou.SDK/Bannou.SDK.csproj::TargetFramework=net9.0]
/home/lysander/repos/bannou/bannou-service/Generated/Models/AccountsModels.cs(305,68): warning CS1591: Missing XML comment for publicly visible type or member 'CreateAccountRequest.AdditionalProperties' [/home/lysander/repos/bannou/Bannou.SDK/Bannou.SDK.csproj::TargetFramework=net9.0]
/home/lysander/repos/bannou/bannou-service/Generated/Models/AccountsModels.cs(314,22): warning CS1591: Missing XML comment for publicly visible type or member 'UpdateAccountRequest' [/home/lysander/repos/bannou/Bannou.SDK/Bannou.SDK.csproj::TargetFramework=net9.0]
/home/lysander/repos/bannou/bannou-service/Generated/Models/AccountsModels.cs(327,20): warning CS1591: Missing XML comment for publicly visible type or member 'UpdateAccountRequest.DisplayName' [/home/lysander/repos/bannou/Bannou.SDK/Bannou.SDK.csproj::TargetFramework=net9.0]
/home/lysander/repos/bannou/bannou-service/Generated/Models/AccountsModels.cs(330,59): warning CS1591: Missing XML comment for publicly visible type or member 'UpdateAccountRequest.Roles' [/home/lysander/repos/bannou/Bannou.SDK/Bannou.SDK.csproj::TargetFramework=net9.0]
/home/lysander/repos/bannou/bannou-service/Generated/Models/AccountsModels.cs(333,20): warning CS1591: Missing XML comment for publicly visible type or member 'UpdateAccountRequest.Metadata' [/home/lysander/repos/bannou/Bannou.SDK/Bannou.SDK.csproj::TargetFramework=net9.0]
/home/lysander/repos/bannou/bannou-service/Generated/Models/AccountsModels.cs(338,68): warning CS1591: Missing XML comment for publicly visible type or member 'UpdateAccountRequest.AdditionalProperties' [/home/lysander/repos/bannou/Bannou.SDK/Bannou.SDK.csproj::TargetFramework=net9.0]
/home/lysander/repos/bannou/bannou-service/Generated/Models/AccountsModels.cs(347,22): warning CS1591: Missing XML comment for publicly visible type or member 'UpdateProfileRequest' [/home/lysander/repos/bannou/Bannou.SDK/Bannou.SDK.csproj::TargetFramework=net9.0]
/home/lysander/repos/bannou/bannou-service/Generated/Models/AccountsModels.cs(360,20): warning CS1591: Missing XML comment for publicly visible type or member 'UpdateProfileRequest.DisplayName' [/home/lysander/repos/bannou/Bannou.SDK/Bannou.SDK.csproj::TargetFramework=net9.0]
/home/lysander/repos/bannou/bannou-service/Generated/Models/AccountsModels.cs(363,20): warning CS1591: Missing XML comment for publicly visible type or member 'UpdateProfileRequest.Metadata' [/home/lysander/repos/bannou/Bannou.SDK/Bannou.SDK.csproj::TargetFramework=net9.0]
/home/lysander/repos/bannou/bannou-service/Generated/Models/AccountsModels.cs(368,68): warning CS1591: Missing XML comment for publicly visible type or member 'UpdateProfileRequest.AdditionalProperties' [/home/lysander/repos/bannou/Bannou.SDK/Bannou.SDK.csproj::TargetFramework=net9.0]
/home/lysander/repos/bannou/bannou-service/Generated/Models/AccountsModels.cs(377,22): warning CS1591: Missing XML comment for publicly visible type or member 'UpdatePasswordRequest' [/home/lysander/repos/bannou/Bannou.SDK/Bannou.SDK.csproj::TargetFramework=net9.0]
/home/lysander/repos/bannou/bannou-service/Generated/Models/AccountsModels.cs(399,68): warning CS1591: Missing XML comment for publicly visible type or member 'UpdatePasswordRequest.AdditionalProperties' [/home/lysander/repos/bannou/Bannou.SDK/Bannou.SDK.csproj::TargetFramework=net9.0]
/home/lysander/repos/bannou/bannou-service/Generated/Models/AccountsModels.cs(408,22): warning CS1591: Missing XML comment for publicly visible type or member 'UpdateVerificationRequest' [/home/lysander/repos/bannou/Bannou.SDK/Bannou.SDK.csproj::TargetFramework=net9.0]
/home/lysander/repos/bannou/bannou-service/Generated/Models/AccountsModels.cs(420,17): warning CS1591: Missing XML comment for publicly visible type or member 'UpdateVerificationRequest.EmailVerified' [/home/lysander/repos/bannou/Bannou.SDK/Bannou.SDK.csproj::TargetFramework=net9.0]
/home/lysander/repos/bannou/bannou-service/Generated/Models/AccountsModels.cs(425,68): warning CS1591: Missing XML comment for publicly visible type or member 'UpdateVerificationRequest.AdditionalProperties' [/home/lysander/repos/bannou/Bannou.SDK/Bannou.SDK.csproj::TargetFramework=net9.0]
/home/lysander/repos/bannou/bannou-service/Generated/Models/AccountsModels.cs(434,22): warning CS1591: Missing XML comment for publicly visible type or member 'AddAuthMethodRequest' [/home/lysander/repos/bannou/Bannou.SDK/Bannou.SDK.csproj::TargetFramework=net9.0]
/home/lysander/repos/bannou/bannou-service/Generated/Models/AccountsModels.cs(449,26): warning CS1591: Missing XML comment for publicly visible type or member 'AddAuthMethodRequest.Provider' [/home/lysander/repos/bannou/Bannou.SDK/Bannou.SDK.csproj::TargetFramework=net9.0]
/home/lysander/repos/bannou/bannou-service/Generated/Models/AccountsModels.cs(452,19): warning CS1591: Missing XML comment for publicly visible type or member 'AddAuthMethodRequest.ExternalId' [/home/lysander/repos/bannou/Bannou.SDK/Bannou.SDK.csproj::TargetFramework=net9.0]
/home/lysander/repos/bannou/bannou-service/Generated/Models/AccountsModels.cs(455,20): warning CS1591: Missing XML comment for publicly visible type or member 'AddAuthMethodRequest.DisplayName' [/home/lysander/repos/bannou/Bannou.SDK/Bannou.SDK.csproj::TargetFramework=net9.0]
/home/lysander/repos/bannou/bannou-service/Generated/Models/AccountsModels.cs(460,68): warning CS1591: Missing XML comment for publicly visible type or member 'AddAuthMethodRequest.AdditionalProperties' [/home/lysander/repos/bannou/Bannou.SDK/Bannou.SDK.csproj::TargetFramework=net9.0]
/home/lysander/repos/bannou/bannou-service/Generated/Models/AccountsModels.cs(469,22): warning CS1591: Missing XML comment for publicly visible type or member 'AccountResponse' [/home/lysander/repos/bannou/Bannou.SDK/Bannou.SDK.csproj::TargetFramework=net9.0]
/home/lysander/repos/bannou/bannou-service/Generated/Models/AccountsModels.cs(475,24): warning CS1591: Missing XML comment for publicly visible type or member 'AccountResponse.AccountId' [/home/lysander/repos/bannou/Bannou.SDK/Bannou.SDK.csproj::TargetFramework=net9.0]
/home/lysander/repos/bannou/bannou-service/Generated/Models/AccountsModels.cs(480,19): warning CS1591: Missing XML comment for publicly visible type or member 'AccountResponse.Email' [/home/lysander/repos/bannou/Bannou.SDK/Bannou.SDK.csproj::TargetFramework=net9.0]
/home/lysander/repos/bannou/bannou-service/Generated/Models/AccountsModels.cs(483,20): warning CS1591: Missing XML comment for publicly visible type or member 'AccountResponse.DisplayName' [/home/lysander/repos/bannou/Bannou.SDK/Bannou.SDK.csproj::TargetFramework=net9.0]
/home/lysander/repos/bannou/bannou-service/Generated/Models/AccountsModels.cs(494,34): warning CS1591: Missing XML comment for publicly visible type or member 'AccountResponse.CreatedAt' [/home/lysander/repos/bannou/Bannou.SDK/Bannou.SDK.csproj::TargetFramework=net9.0]
/home/lysander/repos/bannou/bannou-service/Generated/Models/AccountsModels.cs(497,35): warning CS1591: Missing XML comment for publicly visible type or member 'AccountResponse.UpdatedAt' [/home/lysander/repos/bannou/Bannou.SDK/Bannou.SDK.csproj::TargetFramework=net9.0]
/home/lysander/repos/bannou/bannou-service/Generated/Models/AccountsModels.cs(500,17): warning CS1591: Missing XML comment for publicly visible type or member 'AccountResponse.EmailVerified' [/home/lysander/repos/bannou/Bannou.SDK/Bannou.SDK.csproj::TargetFramework=net9.0]
/home/lysander/repos/bannou/bannou-service/Generated/Models/AccountsModels.cs(505,59): warning CS1591: Missing XML comment for publicly visible type or member 'AccountResponse.Roles' [/home/lysander/repos/bannou/Bannou.SDK/Bannou.SDK.csproj::TargetFramework=net9.0]
/home/lysander/repos/bannou/bannou-service/Generated/Models/AccountsModels.cs(508,67): warning CS1591: Missing XML comment for publicly visible type or member 'AccountResponse.AuthMethods' [/home/lysander/repos/bannou/Bannou.SDK/Bannou.SDK.csproj::TargetFramework=net9.0]
/home/lysander/repos/bannou/bannou-service/Generated/Models/AccountsModels.cs(511,20): warning CS1591: Missing XML comment for publicly visible type or member 'AccountResponse.Metadata' [/home/lysander/repos/bannou/Bannou.SDK/Bannou.SDK.csproj::TargetFramework=net9.0]
/home/lysander/repos/bannou/bannou-service/Generated/Models/AccountsModels.cs(516,68): warning CS1591: Missing XML comment for publicly visible type or member 'AccountResponse.AdditionalProperties' [/home/lysander/repos/bannou/Bannou.SDK/Bannou.SDK.csproj::TargetFramework=net9.0]
/home/lysander/repos/bannou/bannou-service/Generated/Models/AccountsModels.cs(525,22): warning CS1591: Missing XML comment for publicly visible type or member 'AuthMethodInfo' [/home/lysander/repos/bannou/Bannou.SDK/Bannou.SDK.csproj::TargetFramework=net9.0]
/home/lysander/repos/bannou/bannou-service/Generated/Models/AccountsModels.cs(529,24): warning CS1591: Missing XML comment for publicly visible type or member 'AuthMethodInfo.MethodId' [/home/lysander/repos/bannou/Bannou.SDK/Bannou.SDK.csproj::TargetFramework=net9.0]
/home/lysander/repos/bannou/bannou-service/Generated/Models/AccountsModels.cs(535,25): warning CS1591: Missing XML comment for publicly visible type or member 'AuthMethodInfo.Provider' [/home/lysander/repos/bannou/Bannou.SDK/Bannou.SDK.csproj::TargetFramework=net9.0]
/home/lysander/repos/bannou/bannou-service/Generated/Models/AccountsModels.cs(538,20): warning CS1591: Missing XML comment for publicly visible type or member 'AuthMethodInfo.ExternalId' [/home/lysander/repos/bannou/Bannou.SDK/Bannou.SDK.csproj::TargetFramework=net9.0]
/home/lysander/repos/bannou/bannou-service/Generated/Models/AccountsModels.cs(541,20): warning CS1591: Missing XML comment for publicly visible type or member 'AuthMethodInfo.DisplayName' [/home/lysander/repos/bannou/Bannou.SDK/Bannou.SDK.csproj::TargetFramework=net9.0]
/home/lysander/repos/bannou/bannou-service/Generated/Models/AccountsModels.cs(546,34): warning CS1591: Missing XML comment for publicly visible type or member 'AuthMethodInfo.LinkedAt' [/home/lysander/repos/bannou/Bannou.SDK/Bannou.SDK.csproj::TargetFramework=net9.0]
/home/lysander/repos/bannou/bannou-service/Generated/Models/AccountsModels.cs(551,68): warning CS1591: Missing XML comment for publicly visible type or member 'AuthMethodInfo.AdditionalProperties' [/home/lysander/repos/bannou/Bannou.SDK/Bannou.SDK.csproj::TargetFramework=net9.0]
/home/lysander/repos/bannou/bannou-service/Generated/Models/AccountsModels.cs(560,22): warning CS1591: Missing XML comment for publicly visible type or member 'AuthMethodResponse' [/home/lysander/repos/bannou/Bannou.SDK/Bannou.SDK.csproj::TargetFramework=net9.0]
/home/lysander/repos/bannou/bannou-service/Generated/Models/AccountsModels.cs(566,24): warning CS1591: Missing XML comment for publicly visible type or member 'AuthMethodResponse.MethodId' [/home/lysander/repos/bannou/Bannou.SDK/Bannou.SDK.csproj::TargetFramework=net9.0]
/home/lysander/repos/bannou/bannou-service/Generated/Models/AccountsModels.cs(572,26): warning CS1591: Missing XML comment for publicly visible type or member 'AuthMethodResponse.Provider' [/home/lysander/repos/bannou/Bannou.SDK/Bannou.SDK.csproj::TargetFramework=net9.0]
/home/lysander/repos/bannou/bannou-service/Generated/Models/AccountsModels.cs(575,19): warning CS1591: Missing XML comment for publicly visible type or member 'AuthMethodResponse.ExternalId' [/home/lysander/repos/bannou/Bannou.SDK/Bannou.SDK.csproj::TargetFramework=net9.0]
/home/lysander/repos/bannou/bannou-service/Generated/Models/AccountsModels.cs(578,20): warning CS1591: Missing XML comment for publicly visible type or member 'AuthMethodResponse.DisplayName' [/home/lysander/repos/bannou/Bannou.SDK/Bannou.SDK.csproj::TargetFramework=net9.0]
/home/lysander/repos/bannou/bannou-service/Generated/Models/AccountsModels.cs(583,34): warning CS1591: Missing XML comment for publicly visible type or member 'AuthMethodResponse.LinkedAt' [/home/lysander/repos/bannou/Bannou.SDK/Bannou.SDK.csproj::TargetFramework=net9.0]
/home/lysander/repos/bannou/bannou-service/Generated/Models/AccountsModels.cs(588,68): warning CS1591: Missing XML comment for publicly visible type or member 'AuthMethodResponse.AdditionalProperties' [/home/lysander/repos/bannou/Bannou.SDK/Bannou.SDK.csproj::TargetFramework=net9.0]
/home/lysander/repos/bannou/bannou-service/Generated/Models/AccountsModels.cs(597,22): warning CS1591: Missing XML comment for publicly visible type or member 'AuthMethodsResponse' [/home/lysander/repos/bannou/Bannou.SDK/Bannou.SDK.csproj::TargetFramework=net9.0]
/home/lysander/repos/bannou/bannou-service/Generated/Models/AccountsModels.cs(603,67): warning CS1591: Missing XML comment for publicly visible type or member 'AuthMethodsResponse.AuthMethods' [/home/lysander/repos/bannou/Bannou.SDK/Bannou.SDK.csproj::TargetFramework=net9.0]
/home/lysander/repos/bannou/bannou-service/Generated/Models/AccountsModels.cs(608,68): warning CS1591: Missing XML comment for publicly visible type or member 'AuthMethodsResponse.AdditionalProperties' [/home/lysander/repos/bannou/Bannou.SDK/Bannou.SDK.csproj::TargetFramework=net9.0]
/home/lysander/repos/bannou/bannou-service/Generated/Models/AccountsModels.cs(617,22): warning CS1591: Missing XML comment for publicly visible type or member 'AccountListResponse' [/home/lysander/repos/bannou/Bannou.SDK/Bannou.SDK.csproj::TargetFramework=net9.0]
/home/lysander/repos/bannou/bannou-service/Generated/Models/AccountsModels.cs(623,68): warning CS1591: Missing XML comment for publicly visible type or member 'AccountListResponse.Accounts' [/home/lysander/repos/bannou/Bannou.SDK/Bannou.SDK.csproj::TargetFramework=net9.0]
/home/lysander/repos/bannou/bannou-service/Generated/Models/AccountsModels.cs(626,16): warning CS1591: Missing XML comment for publicly visible type or member 'AccountListResponse.TotalCount' [/home/lysander/repos/bannou/Bannou.SDK/Bannou.SDK.csproj::TargetFramework=net9.0]
/home/lysander/repos/bannou/bannou-service/Generated/Models/AccountsModels.cs(629,16): warning CS1591: Missing XML comment for publicly visible type or member 'AccountListResponse.Page' [/home/lysander/repos/bannou/Bannou.SDK/Bannou.SDK.csproj::TargetFramework=net9.0]
/home/lysander/repos/bannou/bannou-service/Generated/Models/AccountsModels.cs(632,16): warning CS1591: Missing XML comment for publicly visible type or member 'AccountListResponse.PageSize' [/home/lysander/repos/bannou/Bannou.SDK/Bannou.SDK.csproj::TargetFramework=net9.0]
/home/lysander/repos/bannou/bannou-service/Generated/Models/AccountsModels.cs(635,17): warning CS1591: Missing XML comment for publicly visible type or member 'AccountListResponse.HasNextPage' [/home/lysander/repos/bannou/Bannou.SDK/Bannou.SDK.csproj::TargetFramework=net9.0]
/home/lysander/repos/bannou/bannou-service/Generated/Models/AccountsModels.cs(638,17): warning CS1591: Missing XML comment for publicly visible type or member 'AccountListResponse.HasPreviousPage' [/home/lysander/repos/bannou/Bannou.SDK/Bannou.SDK.csproj::TargetFramework=net9.0]
/home/lysander/repos/bannou/bannou-service/Generated/Models/AccountsModels.cs(643,68): warning CS1591: Missing XML comment for publicly visible type or member 'AccountListResponse.AdditionalProperties' [/home/lysander/repos/bannou/Bannou.SDK/Bannou.SDK.csproj::TargetFramework=net9.0]
/home/lysander/repos/bannou/bannou-service/Generated/Clients/SubscriptionsClient.cs(19,26): warning CS1591: Missing XML comment for publicly visible type or member 'ISubscriptionsClient' [/home/lysander/repos/bannou/Bannou.SDK/Bannou.SDK.csproj::TargetFramework=net9.0]
/home/lysander/repos/bannou/bannou-service/Generated/Clients/SubscriptionsClient.cs(31,119): warning CS1573: Parameter 'body' has no matching param tag in the XML comment for 'ISubscriptionsClient.GetAccountSubscriptionsAsync(GetAccountSubscriptionsRequest, CancellationToken)' (but other parameters do) [/home/lysander/repos/bannou/Bannou.SDK/Bannou.SDK.csproj::TargetFramework=net9.0]
/home/lysander/repos/bannou/bannou-service/Generated/Clients/SubscriptionsClient.cs(43,123): warning CS1573: Parameter 'body' has no matching param tag in the XML comment for 'ISubscriptionsClient.GetCurrentSubscriptionsAsync(GetCurrentSubscriptionsRequest, CancellationToken)' (but other parameters do) [/home/lysander/repos/bannou/Bannou.SDK/Bannou.SDK.csproj::TargetFramework=net9.0]
/home/lysander/repos/bannou/bannou-service/Generated/Clients/SubscriptionsClient.cs(51,95): warning CS1573: Parameter 'body' has no matching param tag in the XML comment for 'ISubscriptionsClient.GetSubscriptionAsync(GetSubscriptionRequest, CancellationToken)' (but other parameters do) [/home/lysander/repos/bannou/Bannou.SDK/Bannou.SDK.csproj::TargetFramework=net9.0]
/home/lysander/repos/bannou/bannou-service/Generated/Clients/SubscriptionsClient.cs(62,101): warning CS1573: Parameter 'body' has no matching param tag in the XML comment for 'ISubscriptionsClient.CreateSubscriptionAsync(CreateSubscriptionRequest, CancellationToken)' (but other parameters do) [/home/lysander/repos/bannou/Bannou.SDK/Bannou.SDK.csproj::TargetFramework=net9.0]
/home/lysander/repos/bannou/bannou-service/Generated/Clients/SubscriptionsClient.cs(73,101): warning CS1573: Parameter 'body' has no matching param tag in the XML comment for 'ISubscriptionsClient.UpdateSubscriptionAsync(UpdateSubscriptionRequest, CancellationToken)' (but other parameters do) [/home/lysander/repos/bannou/Bannou.SDK/Bannou.SDK.csproj::TargetFramework=net9.0]
/home/lysander/repos/bannou/bannou-service/Generated/Clients/SubscriptionsClient.cs(85,101): warning CS1573: Parameter 'body' has no matching param tag in the XML comment for 'ISubscriptionsClient.CancelSubscriptionAsync(CancelSubscriptionRequest, CancellationToken)' (but other parameters do) [/home/lysander/repos/bannou/Bannou.SDK/Bannou.SDK.csproj::TargetFramework=net9.0]
/home/lysander/repos/bannou/bannou-service/Generated/Clients/SubscriptionsClient.cs(96,99): warning CS1573: Parameter 'body' has no matching param tag in the XML comment for 'ISubscriptionsClient.RenewSubscriptionAsync(RenewSubscriptionRequest, CancellationToken)' (but other parameters do) [/home/lysander/repos/bannou/Bannou.SDK/Bannou.SDK.csproj::TargetFramework=net9.0]
/home/lysander/repos/bannou/bannou-service/Generated/Clients/SubscriptionsClient.cs(100,22): warning CS1591: Missing XML comment for publicly visible type or member 'SubscriptionsClient' [/home/lysander/repos/bannou/Bannou.SDK/Bannou.SDK.csproj::TargetFramework=net9.0]
/home/lysander/repos/bannou/bannou-service/Generated/Clients/SubscriptionsClient.cs(120,12): warning CS1591: Missing XML comment for publicly visible type or member 'SubscriptionsClient.SubscriptionsClient(IMeshInvocationClient, IServiceAppMappingResolver, ILogger<SubscriptionsClient>?)' [/home/lysander/repos/bannou/Bannou.SDK/Bannou.SDK.csproj::TargetFramework=net9.0]
/home/lysander/repos/bannou/bannou-service/Generated/Clients/SubscriptionsClient.cs(128,54): warning CS1591: Missing XML comment for publicly visible type or member 'SubscriptionsClient.JsonSerializerSettings' [/home/lysander/repos/bannou/Bannou.SDK/Bannou.SDK.csproj::TargetFramework=net9.0]
/home/lysander/repos/bannou/bannou-service/Generated/Clients/SubscriptionsClient.cs(231,140): warning CS1573: Parameter 'body' has no matching param tag in the XML comment for 'SubscriptionsClient.GetAccountSubscriptionsAsync(GetAccountSubscriptionsRequest, CancellationToken)' (but other parameters do) [/home/lysander/repos/bannou/Bannou.SDK/Bannou.SDK.csproj::TargetFramework=net9.0]
/home/lysander/repos/bannou/bannou-service/Generated/Clients/SubscriptionsClient.cs(314,144): warning CS1573: Parameter 'body' has no matching param tag in the XML comment for 'SubscriptionsClient.GetCurrentSubscriptionsAsync(GetCurrentSubscriptionsRequest, CancellationToken)' (but other parameters do) [/home/lysander/repos/bannou/Bannou.SDK/Bannou.SDK.csproj::TargetFramework=net9.0]
/home/lysander/repos/bannou/bannou-service/Generated/Clients/SubscriptionsClient.cs(393,116): warning CS1573: Parameter 'body' has no matching param tag in the XML comment for 'SubscriptionsClient.GetSubscriptionAsync(GetSubscriptionRequest, CancellationToken)' (but other parameters do) [/home/lysander/repos/bannou/Bannou.SDK/Bannou.SDK.csproj::TargetFramework=net9.0]
/home/lysander/repos/bannou/bannou-service/Generated/Clients/SubscriptionsClient.cs(481,122): warning CS1573: Parameter 'body' has no matching param tag in the XML comment for 'SubscriptionsClient.CreateSubscriptionAsync(CreateSubscriptionRequest, CancellationToken)' (but other parameters do) [/home/lysander/repos/bannou/Bannou.SDK/Bannou.SDK.csproj::TargetFramework=net9.0]
/home/lysander/repos/bannou/bannou-service/Generated/Clients/SubscriptionsClient.cs(581,122): warning CS1573: Parameter 'body' has no matching param tag in the XML comment for 'SubscriptionsClient.UpdateSubscriptionAsync(UpdateSubscriptionRequest, CancellationToken)' (but other parameters do) [/home/lysander/repos/bannou/Bannou.SDK/Bannou.SDK.csproj::TargetFramework=net9.0]
/home/lysander/repos/bannou/bannou-service/Generated/Clients/SubscriptionsClient.cs(670,122): warning CS1573: Parameter 'body' has no matching param tag in the XML comment for 'SubscriptionsClient.CancelSubscriptionAsync(CancelSubscriptionRequest, CancellationToken)' (but other parameters do) [/home/lysander/repos/bannou/Bannou.SDK/Bannou.SDK.csproj::TargetFramework=net9.0]
/home/lysander/repos/bannou/bannou-service/Generated/Clients/SubscriptionsClient.cs(764,120): warning CS1573: Parameter 'body' has no matching param tag in the XML comment for 'SubscriptionsClient.RenewSubscriptionAsync(RenewSubscriptionRequest, CancellationToken)' (but other parameters do) [/home/lysander/repos/bannou/Bannou.SDK/Bannou.SDK.csproj::TargetFramework=net9.0]
/home/lysander/repos/bannou/bannou-service/Generated/Clients/SubscriptionsClient.cs(843,22): warning CS1591: Missing XML comment for publicly visible type or member 'SubscriptionsClient.ObjectResponseResult<T>' [/home/lysander/repos/bannou/Bannou.SDK/Bannou.SDK.csproj::TargetFramework=net9.0]
/home/lysander/repos/bannou/bannou-service/Generated/Clients/SubscriptionsClient.cs(845,16): warning CS1591: Missing XML comment for publicly visible type or member 'SubscriptionsClient.ObjectResponseResult<T>.ObjectResponseResult(T, string)' [/home/lysander/repos/bannou/Bannou.SDK/Bannou.SDK.csproj::TargetFramework=net9.0]
/home/lysander/repos/bannou/bannou-service/Generated/Clients/SubscriptionsClient.cs(851,18): warning CS1591: Missing XML comment for publicly visible type or member 'SubscriptionsClient.ObjectResponseResult<T>.Object' [/home/lysander/repos/bannou/Bannou.SDK/Bannou.SDK.csproj::TargetFramework=net9.0]
/home/lysander/repos/bannou/bannou-service/Generated/Clients/SubscriptionsClient.cs(853,23): warning CS1591: Missing XML comment for publicly visible type or member 'SubscriptionsClient.ObjectResponseResult<T>.Text' [/home/lysander/repos/bannou/Bannou.SDK/Bannou.SDK.csproj::TargetFramework=net9.0]
/home/lysander/repos/bannou/bannou-service/Generated/Clients/SubscriptionsClient.cs(876,17): warning CS1591: Missing XML comment for publicly visible type or member 'SubscriptionsClient.ReadResponseAsString' [/home/lysander/repos/bannou/Bannou.SDK/Bannou.SDK.csproj::TargetFramework=net9.0]
/home/lysander/repos/bannou/bannou-service/Generated/Clients/SubscriptionsClient.cs(878,86): warning CS1591: Missing XML comment for publicly visible type or member 'SubscriptionsClient.ReadObjectResponseAsync<T>(HttpResponseMessage, IReadOnlyDictionary<string, IEnumerable<string>>, CancellationToken)' [/home/lysander/repos/bannou/Bannou.SDK/Bannou.SDK.csproj::TargetFramework=net9.0]
/home/lysander/repos/bannou/bannou-service/Generated/Models/SubscriptionsModels.cs(47,68): warning CS1591: Missing XML comment for publicly visible type or member 'GetAccountSubscriptionsRequest.AdditionalProperties' [/home/lysander/repos/bannou/Bannou.SDK/Bannou.SDK.csproj::TargetFramework=net9.0]
/home/lysander/repos/bannou/bannou-service/Generated/Models/SubscriptionsModels.cs(73,68): warning CS1591: Missing XML comment for publicly visible type or member 'GetCurrentSubscriptionsRequest.AdditionalProperties' [/home/lysander/repos/bannou/Bannou.SDK/Bannou.SDK.csproj::TargetFramework=net9.0]
/home/lysander/repos/bannou/bannou-service/Generated/Models/SubscriptionsModels.cs(99,68): warning CS1591: Missing XML comment for publicly visible type or member 'GetSubscriptionRequest.AdditionalProperties' [/home/lysander/repos/bannou/Bannou.SDK/Bannou.SDK.csproj::TargetFramework=net9.0]
/home/lysander/repos/bannou/bannou-service/Generated/Models/SubscriptionsModels.cs(151,68): warning CS1591: Missing XML comment for publicly visible type or member 'CreateSubscriptionRequest.AdditionalProperties' [/home/lysander/repos/bannou/Bannou.SDK/Bannou.SDK.csproj::TargetFramework=net9.0]
/home/lysander/repos/bannou/bannou-service/Generated/Models/SubscriptionsModels.cs(189,68): warning CS1591: Missing XML comment for publicly visible type or member 'UpdateSubscriptionRequest.AdditionalProperties' [/home/lysander/repos/bannou/Bannou.SDK/Bannou.SDK.csproj::TargetFramework=net9.0]
/home/lysander/repos/bannou/bannou-service/Generated/Models/SubscriptionsModels.cs(222,68): warning CS1591: Missing XML comment for publicly visible type or member 'CancelSubscriptionRequest.AdditionalProperties' [/home/lysander/repos/bannou/Bannou.SDK/Bannou.SDK.csproj::TargetFramework=net9.0]
/home/lysander/repos/bannou/bannou-service/Generated/Models/SubscriptionsModels.cs(260,68): warning CS1591: Missing XML comment for publicly visible type or member 'RenewSubscriptionRequest.AdditionalProperties' [/home/lysander/repos/bannou/Bannou.SDK/Bannou.SDK.csproj::TargetFramework=net9.0]
/home/lysander/repos/bannou/bannou-service/Generated/Models/SubscriptionsModels.cs(362,68): warning CS1591: Missing XML comment for publicly visible type or member 'SubscriptionInfo.AdditionalProperties' [/home/lysander/repos/bannou/Bannou.SDK/Bannou.SDK.csproj::TargetFramework=net9.0]
/home/lysander/repos/bannou/bannou-service/Generated/Models/SubscriptionsModels.cs(402,68): warning CS1591: Missing XML comment for publicly visible type or member 'CurrentSubscriptionsResponse.AdditionalProperties' [/home/lysander/repos/bannou/Bannou.SDK/Bannou.SDK.csproj::TargetFramework=net9.0]
/home/lysander/repos/bannou/bannou-service/Generated/Models/SubscriptionsModels.cs(420,69): warning CS1591: Missing XML comment for publicly visible type or member 'SubscriptionListResponse.Subscriptions' [/home/lysander/repos/bannou/Bannou.SDK/Bannou.SDK.csproj::TargetFramework=net9.0]
/home/lysander/repos/bannou/bannou-service/Generated/Models/SubscriptionsModels.cs(431,68): warning CS1591: Missing XML comment for publicly visible type or member 'SubscriptionListResponse.AdditionalProperties' [/home/lysander/repos/bannou/Bannou.SDK/Bannou.SDK.csproj::TargetFramework=net9.0]
/home/lysander/repos/bannou/bannou-service/Generated/Clients/PermissionsClient.cs(19,26): warning CS1591: Missing XML comment for publicly visible type or member 'IPermissionsClient' [/home/lysander/repos/bannou/Bannou.SDK/Bannou.SDK.csproj::TargetFramework=net9.0]
/home/lysander/repos/bannou/bannou-service/Generated/Clients/PermissionsClient.cs(31,92): warning CS1573: Parameter 'body' has no matching param tag in the XML comment for 'IPermissionsClient.GetCapabilitiesAsync(CapabilityRequest, CancellationToken)' (but other parameters do) [/home/lysander/repos/bannou/Bannou.SDK/Bannou.SDK.csproj::TargetFramework=net9.0]
/home/lysander/repos/bannou/bannou-service/Generated/Clients/PermissionsClient.cs(42,94): warning CS1573: Parameter 'body' has no matching param tag in the XML comment for 'IPermissionsClient.ValidateApiAccessAsync(ValidationRequest, CancellationToken)' (but other parameters do) [/home/lysander/repos/bannou/Bannou.SDK/Bannou.SDK.csproj::TargetFramework=net9.0]
/home/lysander/repos/bannou/bannou-service/Generated/Clients/PermissionsClient.cs(53,111): warning CS1573: Parameter 'body' has no matching param tag in the XML comment for 'IPermissionsClient.RegisterServicePermissionsAsync(ServicePermissionMatrix, CancellationToken)' (but other parameters do) [/home/lysander/repos/bannou/Bannou.SDK/Bannou.SDK.csproj::TargetFramework=net9.0]
/home/lysander/repos/bannou/bannou-service/Generated/Clients/PermissionsClient.cs(64,99): warning CS1573: Parameter 'body' has no matching param tag in the XML comment for 'IPermissionsClient.UpdateSessionStateAsync(SessionStateUpdate, CancellationToken)' (but other parameters do) [/home/lysander/repos/bannou/Bannou.SDK/Bannou.SDK.csproj::TargetFramework=net9.0]
/home/lysander/repos/bannou/bannou-service/Generated/Clients/PermissionsClient.cs(75,97): warning CS1573: Parameter 'body' has no matching param tag in the XML comment for 'IPermissionsClient.UpdateSessionRoleAsync(SessionRoleUpdate, CancellationToken)' (but other parameters do) [/home/lysander/repos/bannou/Bannou.SDK/Bannou.SDK.csproj::TargetFramework=net9.0]
/home/lysander/repos/bannou/bannou-service/Generated/Clients/PermissionsClient.cs(88,104): warning CS1573: Parameter 'body' has no matching param tag in the XML comment for 'IPermissionsClient.ClearSessionStateAsync(ClearSessionStateRequest, CancellationToken)' (but other parameters do) [/home/lysander/repos/bannou/Bannou.SDK/Bannou.SDK.csproj::TargetFramework=net9.0]
/home/lysander/repos/bannou/bannou-service/Generated/Clients/PermissionsClient.cs(99,85): warning CS1573: Parameter 'body' has no matching param tag in the XML comment for 'IPermissionsClient.GetSessionInfoAsync(SessionInfoRequest, CancellationToken)' (but other parameters do) [/home/lysander/repos/bannou/Bannou.SDK/Bannou.SDK.csproj::TargetFramework=net9.0]
/home/lysander/repos/bannou/bannou-service/Generated/Clients/PermissionsClient.cs(116,108): warning CS1573: Parameter 'body' has no matching param tag in the XML comment for 'IPermissionsClient.GetRegisteredServicesAsync(ListServicesRequest, CancellationToken)' (but other parameters do) [/home/lysander/repos/bannou/Bannou.SDK/Bannou.SDK.csproj::TargetFramework=net9.0]
/home/lysander/repos/bannou/bannou-service/Generated/Clients/PermissionsClient.cs(120,22): warning CS1591: Missing XML comment for publicly visible type or member 'PermissionsClient' [/home/lysander/repos/bannou/Bannou.SDK/Bannou.SDK.csproj::TargetFramework=net9.0]
/home/lysander/repos/bannou/bannou-service/Generated/Clients/PermissionsClient.cs(140,12): warning CS1591: Missing XML comment for publicly visible type or member 'PermissionsClient.PermissionsClient(IMeshInvocationClient, IServiceAppMappingResolver, ILogger<PermissionsClient>?)' [/home/lysander/repos/bannou/Bannou.SDK/Bannou.SDK.csproj::TargetFramework=net9.0]
/home/lysander/repos/bannou/bannou-service/Generated/Clients/PermissionsClient.cs(148,54): warning CS1591: Missing XML comment for publicly visible type or member 'PermissionsClient.JsonSerializerSettings' [/home/lysander/repos/bannou/Bannou.SDK/Bannou.SDK.csproj::TargetFramework=net9.0]
/home/lysander/repos/bannou/bannou-service/Generated/Clients/PermissionsClient.cs(251,113): warning CS1573: Parameter 'body' has no matching param tag in the XML comment for 'PermissionsClient.GetCapabilitiesAsync(CapabilityRequest, CancellationToken)' (but other parameters do) [/home/lysander/repos/bannou/Bannou.SDK/Bannou.SDK.csproj::TargetFramework=net9.0]
/home/lysander/repos/bannou/bannou-service/Generated/Clients/PermissionsClient.cs(333,115): warning CS1573: Parameter 'body' has no matching param tag in the XML comment for 'PermissionsClient.ValidateApiAccessAsync(ValidationRequest, CancellationToken)' (but other parameters do) [/home/lysander/repos/bannou/Bannou.SDK/Bannou.SDK.csproj::TargetFramework=net9.0]
/home/lysander/repos/bannou/bannou-service/Generated/Clients/PermissionsClient.cs(415,132): warning CS1573: Parameter 'body' has no matching param tag in the XML comment for 'PermissionsClient.RegisterServicePermissionsAsync(ServicePermissionMatrix, CancellationToken)' (but other parameters do) [/home/lysander/repos/bannou/Bannou.SDK/Bannou.SDK.csproj::TargetFramework=net9.0]
/home/lysander/repos/bannou/bannou-service/Generated/Clients/PermissionsClient.cs(497,120): warning CS1573: Parameter 'body' has no matching param tag in the XML comment for 'PermissionsClient.UpdateSessionStateAsync(SessionStateUpdate, CancellationToken)' (but other parameters do) [/home/lysander/repos/bannou/Bannou.SDK/Bannou.SDK.csproj::TargetFramework=net9.0]
/home/lysander/repos/bannou/bannou-service/Generated/Clients/PermissionsClient.cs(579,118): warning CS1573: Parameter 'body' has no matching param tag in the XML comment for 'PermissionsClient.UpdateSessionRoleAsync(SessionRoleUpdate, CancellationToken)' (but other parameters do) [/home/lysander/repos/bannou/Bannou.SDK/Bannou.SDK.csproj::TargetFramework=net9.0]
/home/lysander/repos/bannou/bannou-service/Generated/Clients/PermissionsClient.cs(663,125): warning CS1573: Parameter 'body' has no matching param tag in the XML comment for 'PermissionsClient.ClearSessionStateAsync(ClearSessionStateRequest, CancellationToken)' (but other parameters do) [/home/lysander/repos/bannou/Bannou.SDK/Bannou.SDK.csproj::TargetFramework=net9.0]
/home/lysander/repos/bannou/bannou-service/Generated/Clients/PermissionsClient.cs(745,106): warning CS1573: Parameter 'body' has no matching param tag in the XML comment for 'PermissionsClient.GetSessionInfoAsync(SessionInfoRequest, CancellationToken)' (but other parameters do) [/home/lysander/repos/bannou/Bannou.SDK/Bannou.SDK.csproj::TargetFramework=net9.0]
/home/lysander/repos/bannou/bannou-service/Generated/Clients/PermissionsClient.cs(833,129): warning CS1573: Parameter 'body' has no matching param tag in the XML comment for 'PermissionsClient.GetRegisteredServicesAsync(ListServicesRequest, CancellationToken)' (but other parameters do) [/home/lysander/repos/bannou/Bannou.SDK/Bannou.SDK.csproj::TargetFramework=net9.0]
/home/lysander/repos/bannou/bannou-service/Generated/Clients/PermissionsClient.cs(906,22): warning CS1591: Missing XML comment for publicly visible type or member 'PermissionsClient.ObjectResponseResult<T>' [/home/lysander/repos/bannou/Bannou.SDK/Bannou.SDK.csproj::TargetFramework=net9.0]
/home/lysander/repos/bannou/bannou-service/Generated/Clients/PermissionsClient.cs(908,16): warning CS1591: Missing XML comment for publicly visible type or member 'PermissionsClient.ObjectResponseResult<T>.ObjectResponseResult(T, string)' [/home/lysander/repos/bannou/Bannou.SDK/Bannou.SDK.csproj::TargetFramework=net9.0]
/home/lysander/repos/bannou/bannou-service/Generated/Clients/PermissionsClient.cs(914,18): warning CS1591: Missing XML comment for publicly visible type or member 'PermissionsClient.ObjectResponseResult<T>.Object' [/home/lysander/repos/bannou/Bannou.SDK/Bannou.SDK.csproj::TargetFramework=net9.0]
/home/lysander/repos/bannou/bannou-service/Generated/Clients/PermissionsClient.cs(916,23): warning CS1591: Missing XML comment for publicly visible type or member 'PermissionsClient.ObjectResponseResult<T>.Text' [/home/lysander/repos/bannou/Bannou.SDK/Bannou.SDK.csproj::TargetFramework=net9.0]
/home/lysander/repos/bannou/bannou-service/Generated/Clients/PermissionsClient.cs(939,17): warning CS1591: Missing XML comment for publicly visible type or member 'PermissionsClient.ReadResponseAsString' [/home/lysander/repos/bannou/Bannou.SDK/Bannou.SDK.csproj::TargetFramework=net9.0]
/home/lysander/repos/bannou/bannou-service/Generated/Clients/PermissionsClient.cs(941,86): warning CS1591: Missing XML comment for publicly visible type or member 'PermissionsClient.ReadObjectResponseAsync<T>(HttpResponseMessage, IReadOnlyDictionary<string, IEnumerable<string>>, CancellationToken)' [/home/lysander/repos/bannou/Bannou.SDK/Bannou.SDK.csproj::TargetFramework=net9.0]
/home/lysander/repos/bannou/bannou-service/Generated/Models/PermissionsModels.cs(33,68): warning CS1591: Missing XML comment for publicly visible type or member 'ListServicesRequest.AdditionalProperties' [/home/lysander/repos/bannou/Bannou.SDK/Bannou.SDK.csproj::TargetFramework=net9.0]
/home/lysander/repos/bannou/bannou-service/Generated/Models/PermissionsModels.cs(42,22): warning CS1591: Missing XML comment for publicly visible type or member 'CapabilityRequest' [/home/lysander/repos/bannou/Bannou.SDK/Bannou.SDK.csproj::TargetFramework=net9.0]
/home/lysander/repos/bannou/bannou-service/Generated/Models/PermissionsModels.cs(62,68): warning CS1591: Missing XML comment for publicly visible type or member 'CapabilityRequest.AdditionalProperties' [/home/lysander/repos/bannou/Bannou.SDK/Bannou.SDK.csproj::TargetFramework=net9.0]
/home/lysander/repos/bannou/bannou-service/Generated/Models/PermissionsModels.cs(71,22): warning CS1591: Missing XML comment for publicly visible type or member 'CapabilityResponse' [/home/lysander/repos/bannou/Bannou.SDK/Bannou.SDK.csproj::TargetFramework=net9.0]
/home/lysander/repos/bannou/bannou-service/Generated/Models/PermissionsModels.cs(77,24): warning CS1591: Missing XML comment for publicly visible type or member 'CapabilityResponse.SessionId' [/home/lysander/repos/bannou/Bannou.SDK/Bannou.SDK.csproj::TargetFramework=net9.0]
/home/lysander/repos/bannou/bannou-service/Generated/Models/PermissionsModels.cs(96,68): warning CS1591: Missing XML comment for publicly visible type or member 'CapabilityResponse.AdditionalProperties' [/home/lysander/repos/bannou/Bannou.SDK/Bannou.SDK.csproj::TargetFramework=net9.0]
/home/lysander/repos/bannou/bannou-service/Generated/Models/PermissionsModels.cs(105,22): warning CS1591: Missing XML comment for publicly visible type or member 'ValidationRequest' [/home/lysander/repos/bannou/Bannou.SDK/Bannou.SDK.csproj::TargetFramework=net9.0]
/home/lysander/repos/bannou/bannou-service/Generated/Models/PermissionsModels.cs(111,24): warning CS1591: Missing XML comment for publicly visible type or member 'ValidationRequest.SessionId' [/home/lysander/repos/bannou/Bannou.SDK/Bannou.SDK.csproj::TargetFramework=net9.0]
/home/lysander/repos/bannou/bannou-service/Generated/Models/PermissionsModels.cs(132,68): warning CS1591: Missing XML comment for publicly visible type or member 'ValidationRequest.AdditionalProperties' [/home/lysander/repos/bannou/Bannou.SDK/Bannou.SDK.csproj::TargetFramework=net9.0]
/home/lysander/repos/bannou/bannou-service/Generated/Models/PermissionsModels.cs(141,22): warning CS1591: Missing XML comment for publicly visible type or member 'ValidationResponse' [/home/lysander/repos/bannou/Bannou.SDK/Bannou.SDK.csproj::TargetFramework=net9.0]
/home/lysander/repos/bannou/bannou-service/Generated/Models/PermissionsModels.cs(153,24): warning CS1591: Missing XML comment for publicly visible type or member 'ValidationResponse.SessionId' [/home/lysander/repos/bannou/Bannou.SDK/Bannou.SDK.csproj::TargetFramework=net9.0]
/home/lysander/repos/bannou/bannou-service/Generated/Models/PermissionsModels.cs(164,68): warning CS1591: Missing XML comment for publicly visible type or member 'ValidationResponse.AdditionalProperties' [/home/lysander/repos/bannou/Bannou.SDK/Bannou.SDK.csproj::TargetFramework=net9.0]
/home/lysander/repos/bannou/bannou-service/Generated/Models/PermissionsModels.cs(173,22): warning CS1591: Missing XML comment for publicly visible type or member 'ServicePermissionMatrix' [/home/lysander/repos/bannou/Bannou.SDK/Bannou.SDK.csproj::TargetFramework=net9.0]
/home/lysander/repos/bannou/bannou-service/Generated/Models/PermissionsModels.cs(207,68): warning CS1591: Missing XML comment for publicly visible type or member 'ServicePermissionMatrix.AdditionalProperties' [/home/lysander/repos/bannou/Bannou.SDK/Bannou.SDK.csproj::TargetFramework=net9.0]
/home/lysander/repos/bannou/bannou-service/Generated/Models/PermissionsModels.cs(225,22): warning CS1591: Missing XML comment for publicly visible type or member 'RegistrationResponse' [/home/lysander/repos/bannou/Bannou.SDK/Bannou.SDK.csproj::TargetFramework=net9.0]
/home/lysander/repos/bannou/bannou-service/Generated/Models/PermissionsModels.cs(231,19): warning CS1591: Missing XML comment for publicly visible type or member 'RegistrationResponse.ServiceId' [/home/lysander/repos/bannou/Bannou.SDK/Bannou.SDK.csproj::TargetFramework=net9.0]
/home/lysander/repos/bannou/bannou-service/Generated/Models/PermissionsModels.cs(258,34): warning CS1591: Missing XML comment for publicly visible type or member 'RegistrationResponse.RecompiledAt' [/home/lysander/repos/bannou/Bannou.SDK/Bannou.SDK.csproj::TargetFramework=net9.0]
/home/lysander/repos/bannou/bannou-service/Generated/Models/PermissionsModels.cs(263,68): warning CS1591: Missing XML comment for publicly visible type or member 'RegistrationResponse.AdditionalProperties' [/home/lysander/repos/bannou/Bannou.SDK/Bannou.SDK.csproj::TargetFramework=net9.0]
/home/lysander/repos/bannou/bannou-service/Generated/Models/PermissionsModels.cs(272,22): warning CS1591: Missing XML comment for publicly visible type or member 'SessionStateUpdate' [/home/lysander/repos/bannou/Bannou.SDK/Bannou.SDK.csproj::TargetFramework=net9.0]
/home/lysander/repos/bannou/bannou-service/Generated/Models/PermissionsModels.cs(278,24): warning CS1591: Missing XML comment for publicly visible type or member 'SessionStateUpdate.SessionId' [/home/lysander/repos/bannou/Bannou.SDK/Bannou.SDK.csproj::TargetFramework=net9.0]
/home/lysander/repos/bannou/bannou-service/Generated/Models/PermissionsModels.cs(311,68): warning CS1591: Missing XML comment for publicly visible type or member 'SessionStateUpdate.AdditionalProperties' [/home/lysander/repos/bannou/Bannou.SDK/Bannou.SDK.csproj::TargetFramework=net9.0]
/home/lysander/repos/bannou/bannou-service/Generated/Models/PermissionsModels.cs(320,22): warning CS1591: Missing XML comment for publicly visible type or member 'SessionRoleUpdate' [/home/lysander/repos/bannou/Bannou.SDK/Bannou.SDK.csproj::TargetFramework=net9.0]
/home/lysander/repos/bannou/bannou-service/Generated/Models/PermissionsModels.cs(326,24): warning CS1591: Missing XML comment for publicly visible type or member 'SessionRoleUpdate.SessionId' [/home/lysander/repos/bannou/Bannou.SDK/Bannou.SDK.csproj::TargetFramework=net9.0]
/home/lysander/repos/bannou/bannou-service/Generated/Models/PermissionsModels.cs(345,68): warning CS1591: Missing XML comment for publicly visible type or member 'SessionRoleUpdate.AdditionalProperties' [/home/lysander/repos/bannou/Bannou.SDK/Bannou.SDK.csproj::TargetFramework=net9.0]
/home/lysander/repos/bannou/bannou-service/Generated/Models/PermissionsModels.cs(354,22): warning CS1591: Missing XML comment for publicly visible type or member 'ClearSessionStateRequest' [/home/lysander/repos/bannou/Bannou.SDK/Bannou.SDK.csproj::TargetFramework=net9.0]
/home/lysander/repos/bannou/bannou-service/Generated/Models/PermissionsModels.cs(385,68): warning CS1591: Missing XML comment for publicly visible type or member 'ClearSessionStateRequest.AdditionalProperties' [/home/lysander/repos/bannou/Bannou.SDK/Bannou.SDK.csproj::TargetFramework=net9.0]
/home/lysander/repos/bannou/bannou-service/Generated/Models/PermissionsModels.cs(394,22): warning CS1591: Missing XML comment for publicly visible type or member 'SessionUpdateResponse' [/home/lysander/repos/bannou/Bannou.SDK/Bannou.SDK.csproj::TargetFramework=net9.0]
/home/lysander/repos/bannou/bannou-service/Generated/Models/PermissionsModels.cs(400,24): warning CS1591: Missing XML comment for publicly visible type or member 'SessionUpdateResponse.SessionId' [/home/lysander/repos/bannou/Bannou.SDK/Bannou.SDK.csproj::TargetFramework=net9.0]
/home/lysander/repos/bannou/bannou-service/Generated/Models/PermissionsModels.cs(427,34): warning CS1591: Missing XML comment for publicly visible type or member 'SessionUpdateResponse.UpdatedAt' [/home/lysander/repos/bannou/Bannou.SDK/Bannou.SDK.csproj::TargetFramework=net9.0]
/home/lysander/repos/bannou/bannou-service/Generated/Models/PermissionsModels.cs(432,68): warning CS1591: Missing XML comment for publicly visible type or member 'SessionUpdateResponse.AdditionalProperties' [/home/lysander/repos/bannou/Bannou.SDK/Bannou.SDK.csproj::TargetFramework=net9.0]
/home/lysander/repos/bannou/bannou-service/Generated/Models/PermissionsModels.cs(441,22): warning CS1591: Missing XML comment for publicly visible type or member 'SessionInfoRequest' [/home/lysander/repos/bannou/Bannou.SDK/Bannou.SDK.csproj::TargetFramework=net9.0]
/home/lysander/repos/bannou/bannou-service/Generated/Models/PermissionsModels.cs(447,24): warning CS1591: Missing XML comment for publicly visible type or member 'SessionInfoRequest.SessionId' [/home/lysander/repos/bannou/Bannou.SDK/Bannou.SDK.csproj::TargetFramework=net9.0]
/home/lysander/repos/bannou/bannou-service/Generated/Models/PermissionsModels.cs(452,68): warning CS1591: Missing XML comment for publicly visible type or member 'SessionInfoRequest.AdditionalProperties' [/home/lysander/repos/bannou/Bannou.SDK/Bannou.SDK.csproj::TargetFramework=net9.0]
/home/lysander/repos/bannou/bannou-service/Generated/Models/PermissionsModels.cs(461,22): warning CS1591: Missing XML comment for publicly visible type or member 'SessionInfo' [/home/lysander/repos/bannou/Bannou.SDK/Bannou.SDK.csproj::TargetFramework=net9.0]
/home/lysander/repos/bannou/bannou-service/Generated/Models/PermissionsModels.cs(467,24): warning CS1591: Missing XML comment for publicly visible type or member 'SessionInfo.SessionId' [/home/lysander/repos/bannou/Bannou.SDK/Bannou.SDK.csproj::TargetFramework=net9.0]
/home/lysander/repos/bannou/bannou-service/Generated/Models/PermissionsModels.cs(514,68): warning CS1591: Missing XML comment for publicly visible type or member 'SessionInfo.AdditionalProperties' [/home/lysander/repos/bannou/Bannou.SDK/Bannou.SDK.csproj::TargetFramework=net9.0]
/home/lysander/repos/bannou/bannou-service/Generated/Models/PermissionsModels.cs(523,22): warning CS1591: Missing XML comment for publicly visible type or member 'RegisteredServicesResponse' [/home/lysander/repos/bannou/Bannou.SDK/Bannou.SDK.csproj::TargetFramework=net9.0]
/home/lysander/repos/bannou/bannou-service/Generated/Models/PermissionsModels.cs(545,68): warning CS1591: Missing XML comment for publicly visible type or member 'RegisteredServicesResponse.AdditionalProperties' [/home/lysander/repos/bannou/Bannou.SDK/Bannou.SDK.csproj::TargetFramework=net9.0]
/home/lysander/repos/bannou/bannou-service/Generated/Models/PermissionsModels.cs(554,22): warning CS1591: Missing XML comment for publicly visible type or member 'RegisteredServiceInfo' [/home/lysander/repos/bannou/Bannou.SDK/Bannou.SDK.csproj::TargetFramework=net9.0]
/home/lysander/repos/bannou/bannou-service/Generated/Models/PermissionsModels.cs(594,68): warning CS1591: Missing XML comment for publicly visible type or member 'RegisteredServiceInfo.AdditionalProperties' [/home/lysander/repos/bannou/Bannou.SDK/Bannou.SDK.csproj::TargetFramework=net9.0]
/home/lysander/repos/bannou/bannou-service/Generated/Clients/RelationshipClient.cs(19,26): warning CS1591: Missing XML comment for publicly visible type or member 'IRelationshipClient' [/home/lysander/repos/bannou/Bannou.SDK/Bannou.SDK.csproj::TargetFramework=net9.0]
/home/lysander/repos/bannou/bannou-service/Generated/Clients/RelationshipClient.cs(33,105): warning CS1573: Parameter 'body' has no matching param tag in the XML comment for 'IRelationshipClient.CreateRelationshipAsync(CreateRelationshipRequest, CancellationToken)' (but other parameters do) [/home/lysander/repos/bannou/Bannou.SDK/Bannou.SDK.csproj::TargetFramework=net9.0]
/home/lysander/repos/bannou/bannou-service/Generated/Clients/RelationshipClient.cs(41,99): warning CS1573: Parameter 'body' has no matching param tag in the XML comment for 'IRelationshipClient.GetRelationshipAsync(GetRelationshipRequest, CancellationToken)' (but other parameters do) [/home/lysander/repos/bannou/Bannou.SDK/Bannou.SDK.csproj::TargetFramework=net9.0]
/home/lysander/repos/bannou/bannou-service/Generated/Clients/RelationshipClient.cs(54,123): warning CS1573: Parameter 'body' has no matching param tag in the XML comment for 'IRelationshipClient.ListRelationshipsByEntityAsync(ListRelationshipsByEntityRequest, CancellationToken)' (but other parameters do) [/home/lysander/repos/bannou/Bannou.SDK/Bannou.SDK.csproj::TargetFramework=net9.0]
/home/lysander/repos/bannou/bannou-service/Generated/Clients/RelationshipClient.cs(66,119): warning CS1573: Parameter 'body' has no matching param tag in the XML comment for 'IRelationshipClient.GetRelationshipsBetweenAsync(GetRelationshipsBetweenRequest, CancellationToken)' (but other parameters do) [/home/lysander/repos/bannou/Bannou.SDK/Bannou.SDK.csproj::TargetFramework=net9.0]
/home/lysander/repos/bannou/bannou-service/Generated/Clients/RelationshipClient.cs(78,119): warning CS1573: Parameter 'body' has no matching param tag in the XML comment for 'IRelationshipClient.ListRelationshipsByTypeAsync(ListRelationshipsByTypeRequest, CancellationToken)' (but other parameters do) [/home/lysander/repos/bannou/Bannou.SDK/Bannou.SDK.csproj::TargetFramework=net9.0]
/home/lysander/repos/bannou/bannou-service/Generated/Clients/RelationshipClient.cs(89,105): warning CS1573: Parameter 'body' has no matching param tag in the XML comment for 'IRelationshipClient.UpdateRelationshipAsync(UpdateRelationshipRequest, CancellationToken)' (but other parameters do) [/home/lysander/repos/bannou/Bannou.SDK/Bannou.SDK.csproj::TargetFramework=net9.0]
/home/lysander/repos/bannou/bannou-service/Generated/Clients/RelationshipClient.cs(103,77): warning CS1573: Parameter 'body' has no matching param tag in the XML comment for 'IRelationshipClient.EndRelationshipAsync(EndRelationshipRequest, CancellationToken)' (but other parameters do) [/home/lysander/repos/bannou/Bannou.SDK/Bannou.SDK.csproj::TargetFramework=net9.0]
/home/lysander/repos/bannou/bannou-service/Generated/Clients/RelationshipClient.cs(107,22): warning CS1591: Missing XML comment for publicly visible type or member 'RelationshipClient' [/home/lysander/repos/bannou/Bannou.SDK/Bannou.SDK.csproj::TargetFramework=net9.0]
/home/lysander/repos/bannou/bannou-service/Generated/Clients/RelationshipClient.cs(127,12): warning CS1591: Missing XML comment for publicly visible type or member 'RelationshipClient.RelationshipClient(IMeshInvocationClient, IServiceAppMappingResolver, ILogger<RelationshipClient>?)' [/home/lysander/repos/bannou/Bannou.SDK/Bannou.SDK.csproj::TargetFramework=net9.0]
/home/lysander/repos/bannou/bannou-service/Generated/Clients/RelationshipClient.cs(135,54): warning CS1591: Missing XML comment for publicly visible type or member 'RelationshipClient.JsonSerializerSettings' [/home/lysander/repos/bannou/Bannou.SDK/Bannou.SDK.csproj::TargetFramework=net9.0]
/home/lysander/repos/bannou/bannou-service/Generated/Clients/RelationshipClient.cs(240,126): warning CS1573: Parameter 'body' has no matching param tag in the XML comment for 'RelationshipClient.CreateRelationshipAsync(CreateRelationshipRequest, CancellationToken)' (but other parameters do) [/home/lysander/repos/bannou/Bannou.SDK/Bannou.SDK.csproj::TargetFramework=net9.0]
/home/lysander/repos/bannou/bannou-service/Generated/Clients/RelationshipClient.cs(331,120): warning CS1573: Parameter 'body' has no matching param tag in the XML comment for 'RelationshipClient.GetRelationshipAsync(GetRelationshipRequest, CancellationToken)' (but other parameters do) [/home/lysander/repos/bannou/Bannou.SDK/Bannou.SDK.csproj::TargetFramework=net9.0]
/home/lysander/repos/bannou/bannou-service/Generated/Clients/RelationshipClient.cs(421,144): warning CS1573: Parameter 'body' has no matching param tag in the XML comment for 'RelationshipClient.ListRelationshipsByEntityAsync(ListRelationshipsByEntityRequest, CancellationToken)' (but other parameters do) [/home/lysander/repos/bannou/Bannou.SDK/Bannou.SDK.csproj::TargetFramework=net9.0]
/home/lysander/repos/bannou/bannou-service/Generated/Clients/RelationshipClient.cs(504,140): warning CS1573: Parameter 'body' has no matching param tag in the XML comment for 'RelationshipClient.GetRelationshipsBetweenAsync(GetRelationshipsBetweenRequest, CancellationToken)' (but other parameters do) [/home/lysander/repos/bannou/Bannou.SDK/Bannou.SDK.csproj::TargetFramework=net9.0]
/home/lysander/repos/bannou/bannou-service/Generated/Clients/RelationshipClient.cs(587,140): warning CS1573: Parameter 'body' has no matching param tag in the XML comment for 'RelationshipClient.ListRelationshipsByTypeAsync(ListRelationshipsByTypeRequest, CancellationToken)' (but other parameters do) [/home/lysander/repos/bannou/Bannou.SDK/Bannou.SDK.csproj::TargetFramework=net9.0]
/home/lysander/repos/bannou/bannou-service/Generated/Clients/RelationshipClient.cs(669,126): warning CS1573: Parameter 'body' has no matching param tag in the XML comment for 'RelationshipClient.UpdateRelationshipAsync(UpdateRelationshipRequest, CancellationToken)' (but other parameters do) [/home/lysander/repos/bannou/Bannou.SDK/Bannou.SDK.csproj::TargetFramework=net9.0]
/home/lysander/repos/bannou/bannou-service/Generated/Clients/RelationshipClient.cs(760,98): warning CS1573: Parameter 'body' has no matching param tag in the XML comment for 'RelationshipClient.EndRelationshipAsync(EndRelationshipRequest, CancellationToken)' (but other parameters do) [/home/lysander/repos/bannou/Bannou.SDK/Bannou.SDK.csproj::TargetFramework=net9.0]
/home/lysander/repos/bannou/bannou-service/Generated/Clients/RelationshipClient.cs(833,22): warning CS1591: Missing XML comment for publicly visible type or member 'RelationshipClient.ObjectResponseResult<T>' [/home/lysander/repos/bannou/Bannou.SDK/Bannou.SDK.csproj::TargetFramework=net9.0]
/home/lysander/repos/bannou/bannou-service/Generated/Clients/RelationshipClient.cs(835,16): warning CS1591: Missing XML comment for publicly visible type or member 'RelationshipClient.ObjectResponseResult<T>.ObjectResponseResult(T, string)' [/home/lysander/repos/bannou/Bannou.SDK/Bannou.SDK.csproj::TargetFramework=net9.0]
/home/lysander/repos/bannou/bannou-service/Generated/Clients/RelationshipClient.cs(841,18): warning CS1591: Missing XML comment for publicly visible type or member 'RelationshipClient.ObjectResponseResult<T>.Object' [/home/lysander/repos/bannou/Bannou.SDK/Bannou.SDK.csproj::TargetFramework=net9.0]
/home/lysander/repos/bannou/bannou-service/Generated/Clients/RelationshipClient.cs(843,23): warning CS1591: Missing XML comment for publicly visible type or member 'RelationshipClient.ObjectResponseResult<T>.Text' [/home/lysander/repos/bannou/Bannou.SDK/Bannou.SDK.csproj::TargetFramework=net9.0]
/home/lysander/repos/bannou/bannou-service/Generated/Clients/RelationshipClient.cs(866,17): warning CS1591: Missing XML comment for publicly visible type or member 'RelationshipClient.ReadResponseAsString' [/home/lysander/repos/bannou/Bannou.SDK/Bannou.SDK.csproj::TargetFramework=net9.0]
/home/lysander/repos/bannou/bannou-service/Generated/Clients/RelationshipClient.cs(868,86): warning CS1591: Missing XML comment for publicly visible type or member 'RelationshipClient.ReadObjectResponseAsync<T>(HttpResponseMessage, IReadOnlyDictionary<string, IEnumerable<string>>, CancellationToken)' [/home/lysander/repos/bannou/Bannou.SDK/Bannou.SDK.csproj::TargetFramework=net9.0]
/home/lysander/repos/bannou/bannou-service/Generated/Models/RelationshipModels.cs(35,5): warning CS1591: Missing XML comment for publicly visible type or member 'EntityType.CHARACTER' [/home/lysander/repos/bannou/Bannou.SDK/Bannou.SDK.csproj::TargetFramework=net9.0]
/home/lysander/repos/bannou/bannou-service/Generated/Models/RelationshipModels.cs(38,5): warning CS1591: Missing XML comment for publicly visible type or member 'EntityType.NPC' [/home/lysander/repos/bannou/Bannou.SDK/Bannou.SDK.csproj::TargetFramework=net9.0]
/home/lysander/repos/bannou/bannou-service/Generated/Models/RelationshipModels.cs(41,5): warning CS1591: Missing XML comment for publicly visible type or member 'EntityType.MONSTER' [/home/lysander/repos/bannou/Bannou.SDK/Bannou.SDK.csproj::TargetFramework=net9.0]
/home/lysander/repos/bannou/bannou-service/Generated/Models/RelationshipModels.cs(44,5): warning CS1591: Missing XML comment for publicly visible type or member 'EntityType.ITEM' [/home/lysander/repos/bannou/Bannou.SDK/Bannou.SDK.csproj::TargetFramework=net9.0]
/home/lysander/repos/bannou/bannou-service/Generated/Models/RelationshipModels.cs(47,5): warning CS1591: Missing XML comment for publicly visible type or member 'EntityType.LOCATION' [/home/lysander/repos/bannou/Bannou.SDK/Bannou.SDK.csproj::TargetFramework=net9.0]
/home/lysander/repos/bannou/bannou-service/Generated/Models/RelationshipModels.cs(50,5): warning CS1591: Missing XML comment for publicly visible type or member 'EntityType.ORGANIZATION' [/home/lysander/repos/bannou/Bannou.SDK/Bannou.SDK.csproj::TargetFramework=net9.0]
/home/lysander/repos/bannou/bannou-service/Generated/Models/RelationshipModels.cs(53,5): warning CS1591: Missing XML comment for publicly visible type or member 'EntityType.FACTION' [/home/lysander/repos/bannou/Bannou.SDK/Bannou.SDK.csproj::TargetFramework=net9.0]
/home/lysander/repos/bannou/bannou-service/Generated/Models/RelationshipModels.cs(56,5): warning CS1591: Missing XML comment for publicly visible type or member 'EntityType.REALM' [/home/lysander/repos/bannou/Bannou.SDK/Bannou.SDK.csproj::TargetFramework=net9.0]
/home/lysander/repos/bannou/bannou-service/Generated/Models/RelationshipModels.cs(59,5): warning CS1591: Missing XML comment for publicly visible type or member 'EntityType.OTHER' [/home/lysander/repos/bannou/Bannou.SDK/Bannou.SDK.csproj::TargetFramework=net9.0]
/home/lysander/repos/bannou/bannou-service/Generated/Models/RelationshipModels.cs(64,22): warning CS1591: Missing XML comment for publicly visible type or member 'CreateRelationshipRequest' [/home/lysander/repos/bannou/Bannou.SDK/Bannou.SDK.csproj::TargetFramework=net9.0]
/home/lysander/repos/bannou/bannou-service/Generated/Models/RelationshipModels.cs(79,23): warning CS1591: Missing XML comment for publicly visible type or member 'CreateRelationshipRequest.Entity1Type' [/home/lysander/repos/bannou/Bannou.SDK/Bannou.SDK.csproj::TargetFramework=net9.0]
/home/lysander/repos/bannou/bannou-service/Generated/Models/RelationshipModels.cs(93,23): warning CS1591: Missing XML comment for publicly visible type or member 'CreateRelationshipRequest.Entity2Type' [/home/lysander/repos/bannou/Bannou.SDK/Bannou.SDK.csproj::TargetFramework=net9.0]
/home/lysander/repos/bannou/bannou-service/Generated/Models/RelationshipModels.cs(120,68): warning CS1591: Missing XML comment for publicly visible type or member 'CreateRelationshipRequest.AdditionalProperties' [/home/lysander/repos/bannou/Bannou.SDK/Bannou.SDK.csproj::TargetFramework=net9.0]
/home/lysander/repos/bannou/bannou-service/Generated/Models/RelationshipModels.cs(129,22): warning CS1591: Missing XML comment for publicly visible type or member 'GetRelationshipRequest' [/home/lysander/repos/bannou/Bannou.SDK/Bannou.SDK.csproj::TargetFramework=net9.0]
/home/lysander/repos/bannou/bannou-service/Generated/Models/RelationshipModels.cs(143,68): warning CS1591: Missing XML comment for publicly visible type or member 'GetRelationshipRequest.AdditionalProperties' [/home/lysander/repos/bannou/Bannou.SDK/Bannou.SDK.csproj::TargetFramework=net9.0]
/home/lysander/repos/bannou/bannou-service/Generated/Models/RelationshipModels.cs(152,22): warning CS1591: Missing XML comment for publicly visible type or member 'ListRelationshipsByEntityRequest' [/home/lysander/repos/bannou/Bannou.SDK/Bannou.SDK.csproj::TargetFramework=net9.0]
/home/lysander/repos/bannou/bannou-service/Generated/Models/RelationshipModels.cs(167,23): warning CS1591: Missing XML comment for publicly visible type or member 'ListRelationshipsByEntityRequest.EntityType' [/home/lysander/repos/bannou/Bannou.SDK/Bannou.SDK.csproj::TargetFramework=net9.0]
/home/lysander/repos/bannou/bannou-service/Generated/Models/RelationshipModels.cs(190,16): warning CS1591: Missing XML comment for publicly visible type or member 'ListRelationshipsByEntityRequest.Page' [/home/lysander/repos/bannou/Bannou.SDK/Bannou.SDK.csproj::TargetFramework=net9.0]
/home/lysander/repos/bannou/bannou-service/Generated/Models/RelationshipModels.cs(194,16): warning CS1591: Missing XML comment for publicly visible type or member 'ListRelationshipsByEntityRequest.PageSize' [/home/lysander/repos/bannou/Bannou.SDK/Bannou.SDK.csproj::TargetFramework=net9.0]
/home/lysander/repos/bannou/bannou-service/Generated/Models/RelationshipModels.cs(199,68): warning CS1591: Missing XML comment for publicly visible type or member 'ListRelationshipsByEntityRequest.AdditionalProperties' [/home/lysander/repos/bannou/Bannou.SDK/Bannou.SDK.csproj::TargetFramework=net9.0]
/home/lysander/repos/bannou/bannou-service/Generated/Models/RelationshipModels.cs(208,22): warning CS1591: Missing XML comment for publicly visible type or member 'GetRelationshipsBetweenRequest' [/home/lysander/repos/bannou/Bannou.SDK/Bannou.SDK.csproj::TargetFramework=net9.0]
/home/lysander/repos/bannou/bannou-service/Generated/Models/RelationshipModels.cs(214,24): warning CS1591: Missing XML comment for publicly visible type or member 'GetRelationshipsBetweenRequest.Entity1Id' [/home/lysander/repos/bannou/Bannou.SDK/Bannou.SDK.csproj::TargetFramework=net9.0]
/home/lysander/repos/bannou/bannou-service/Generated/Models/RelationshipModels.cs(220,23): warning CS1591: Missing XML comment for publicly visible type or member 'GetRelationshipsBetweenRequest.Entity1Type' [/home/lysander/repos/bannou/Bannou.SDK/Bannou.SDK.csproj::TargetFramework=net9.0]
/home/lysander/repos/bannou/bannou-service/Generated/Models/RelationshipModels.cs(225,24): warning CS1591: Missing XML comment for publicly visible type or member 'GetRelationshipsBetweenRequest.Entity2Id' [/home/lysander/repos/bannou/Bannou.SDK/Bannou.SDK.csproj::TargetFramework=net9.0]
/home/lysander/repos/bannou/bannou-service/Generated/Models/RelationshipModels.cs(231,23): warning CS1591: Missing XML comment for publicly visible type or member 'GetRelationshipsBetweenRequest.Entity2Type' [/home/lysander/repos/bannou/Bannou.SDK/Bannou.SDK.csproj::TargetFramework=net9.0]
/home/lysander/repos/bannou/bannou-service/Generated/Models/RelationshipModels.cs(248,68): warning CS1591: Missing XML comment for publicly visible type or member 'GetRelationshipsBetweenRequest.AdditionalProperties' [/home/lysander/repos/bannou/Bannou.SDK/Bannou.SDK.csproj::TargetFramework=net9.0]
/home/lysander/repos/bannou/bannou-service/Generated/Models/RelationshipModels.cs(257,22): warning CS1591: Missing XML comment for publicly visible type or member 'ListRelationshipsByTypeRequest' [/home/lysander/repos/bannou/Bannou.SDK/Bannou.SDK.csproj::TargetFramework=net9.0]
/home/lysander/repos/bannou/bannou-service/Generated/Models/RelationshipModels.cs(283,17): warning CS1591: Missing XML comment for publicly visible type or member 'ListRelationshipsByTypeRequest.IncludeEnded' [/home/lysander/repos/bannou/Bannou.SDK/Bannou.SDK.csproj::TargetFramework=net9.0]
/home/lysander/repos/bannou/bannou-service/Generated/Models/RelationshipModels.cs(287,16): warning CS1591: Missing XML comment for publicly visible type or member 'ListRelationshipsByTypeRequest.Page' [/home/lysander/repos/bannou/Bannou.SDK/Bannou.SDK.csproj::TargetFramework=net9.0]
/home/lysander/repos/bannou/bannou-service/Generated/Models/RelationshipModels.cs(291,16): warning CS1591: Missing XML comment for publicly visible type or member 'ListRelationshipsByTypeRequest.PageSize' [/home/lysander/repos/bannou/Bannou.SDK/Bannou.SDK.csproj::TargetFramework=net9.0]
/home/lysander/repos/bannou/bannou-service/Generated/Models/RelationshipModels.cs(296,68): warning CS1591: Missing XML comment for publicly visible type or member 'ListRelationshipsByTypeRequest.AdditionalProperties' [/home/lysander/repos/bannou/Bannou.SDK/Bannou.SDK.csproj::TargetFramework=net9.0]
/home/lysander/repos/bannou/bannou-service/Generated/Models/RelationshipModels.cs(305,22): warning CS1591: Missing XML comment for publicly visible type or member 'UpdateRelationshipRequest' [/home/lysander/repos/bannou/Bannou.SDK/Bannou.SDK.csproj::TargetFramework=net9.0]
/home/lysander/repos/bannou/bannou-service/Generated/Models/RelationshipModels.cs(331,68): warning CS1591: Missing XML comment for publicly visible type or member 'UpdateRelationshipRequest.AdditionalProperties' [/home/lysander/repos/bannou/Bannou.SDK/Bannou.SDK.csproj::TargetFramework=net9.0]
/home/lysander/repos/bannou/bannou-service/Generated/Models/RelationshipModels.cs(340,22): warning CS1591: Missing XML comment for publicly visible type or member 'EndRelationshipRequest' [/home/lysander/repos/bannou/Bannou.SDK/Bannou.SDK.csproj::TargetFramework=net9.0]
/home/lysander/repos/bannou/bannou-service/Generated/Models/RelationshipModels.cs(367,68): warning CS1591: Missing XML comment for publicly visible type or member 'EndRelationshipRequest.AdditionalProperties' [/home/lysander/repos/bannou/Bannou.SDK/Bannou.SDK.csproj::TargetFramework=net9.0]
/home/lysander/repos/bannou/bannou-service/Generated/Models/RelationshipModels.cs(376,22): warning CS1591: Missing XML comment for publicly visible type or member 'RelationshipResponse' [/home/lysander/repos/bannou/Bannou.SDK/Bannou.SDK.csproj::TargetFramework=net9.0]
/home/lysander/repos/bannou/bannou-service/Generated/Models/RelationshipModels.cs(382,24): warning CS1591: Missing XML comment for publicly visible type or member 'RelationshipResponse.RelationshipId' [/home/lysander/repos/bannou/Bannou.SDK/Bannou.SDK.csproj::TargetFramework=net9.0]
/home/lysander/repos/bannou/bannou-service/Generated/Models/RelationshipModels.cs(387,24): warning CS1591: Missing XML comment for publicly visible type or member 'RelationshipResponse.Entity1Id' [/home/lysander/repos/bannou/Bannou.SDK/Bannou.SDK.csproj::TargetFramework=net9.0]
/home/lysander/repos/bannou/bannou-service/Generated/Models/RelationshipModels.cs(393,23): warning CS1591: Missing XML comment for publicly visible type or member 'RelationshipResponse.Entity1Type' [/home/lysander/repos/bannou/Bannou.SDK/Bannou.SDK.csproj::TargetFramework=net9.0]
/home/lysander/repos/bannou/bannou-service/Generated/Models/RelationshipModels.cs(398,24): warning CS1591: Missing XML comment for publicly visible type or member 'RelationshipResponse.Entity2Id' [/home/lysander/repos/bannou/Bannou.SDK/Bannou.SDK.csproj::TargetFramework=net9.0]
/home/lysander/repos/bannou/bannou-service/Generated/Models/RelationshipModels.cs(404,23): warning CS1591: Missing XML comment for publicly visible type or member 'RelationshipResponse.Entity2Type' [/home/lysander/repos/bannou/Bannou.SDK/Bannou.SDK.csproj::TargetFramework=net9.0]
/home/lysander/repos/bannou/bannou-service/Generated/Models/RelationshipModels.cs(409,24): warning CS1591: Missing XML comment for publicly visible type or member 'RelationshipResponse.RelationshipTypeId' [/home/lysander/repos/bannou/Bannou.SDK/Bannou.SDK.csproj::TargetFramework=net9.0]
/home/lysander/repos/bannou/bannou-service/Generated/Models/RelationshipModels.cs(414,34): warning CS1591: Missing XML comment for publicly visible type or member 'RelationshipResponse.StartedAt' [/home/lysander/repos/bannou/Bannou.SDK/Bannou.SDK.csproj::TargetFramework=net9.0]
/home/lysander/repos/bannou/bannou-service/Generated/Models/RelationshipModels.cs(417,35): warning CS1591: Missing XML comment for publicly visible type or member 'RelationshipResponse.EndedAt' [/home/lysander/repos/bannou/Bannou.SDK/Bannou.SDK.csproj::TargetFramework=net9.0]
/home/lysander/repos/bannou/bannou-service/Generated/Models/RelationshipModels.cs(428,34): warning CS1591: Missing XML comment for publicly visible type or member 'RelationshipResponse.CreatedAt' [/home/lysander/repos/bannou/Bannou.SDK/Bannou.SDK.csproj::TargetFramework=net9.0]
/home/lysander/repos/bannou/bannou-service/Generated/Models/RelationshipModels.cs(431,35): warning CS1591: Missing XML comment for publicly visible type or member 'RelationshipResponse.UpdatedAt' [/home/lysander/repos/bannou/Bannou.SDK/Bannou.SDK.csproj::TargetFramework=net9.0]
/home/lysander/repos/bannou/bannou-service/Generated/Models/RelationshipModels.cs(436,68): warning CS1591: Missing XML comment for publicly visible type or member 'RelationshipResponse.AdditionalProperties' [/home/lysander/repos/bannou/Bannou.SDK/Bannou.SDK.csproj::TargetFramework=net9.0]
/home/lysander/repos/bannou/bannou-service/Generated/Models/RelationshipModels.cs(445,22): warning CS1591: Missing XML comment for publicly visible type or member 'RelationshipListResponse' [/home/lysander/repos/bannou/Bannou.SDK/Bannou.SDK.csproj::TargetFramework=net9.0]
/home/lysander/repos/bannou/bannou-service/Generated/Models/RelationshipModels.cs(451,73): warning CS1591: Missing XML comment for publicly visible type or member 'RelationshipListResponse.Relationships' [/home/lysander/repos/bannou/Bannou.SDK/Bannou.SDK.csproj::TargetFramework=net9.0]
/home/lysander/repos/bannou/bannou-service/Generated/Models/RelationshipModels.cs(454,16): warning CS1591: Missing XML comment for publicly visible type or member 'RelationshipListResponse.TotalCount' [/home/lysander/repos/bannou/Bannou.SDK/Bannou.SDK.csproj::TargetFramework=net9.0]
/home/lysander/repos/bannou/bannou-service/Generated/Models/RelationshipModels.cs(457,16): warning CS1591: Missing XML comment for publicly visible type or member 'RelationshipListResponse.Page' [/home/lysander/repos/bannou/Bannou.SDK/Bannou.SDK.csproj::TargetFramework=net9.0]
/home/lysander/repos/bannou/bannou-service/Generated/Models/RelationshipModels.cs(460,16): warning CS1591: Missing XML comment for publicly visible type or member 'RelationshipListResponse.PageSize' [/home/lysander/repos/bannou/Bannou.SDK/Bannou.SDK.csproj::TargetFramework=net9.0]
/home/lysander/repos/bannou/bannou-service/Generated/Models/RelationshipModels.cs(463,17): warning CS1591: Missing XML comment for publicly visible type or member 'RelationshipListResponse.HasNextPage' [/home/lysander/repos/bannou/Bannou.SDK/Bannou.SDK.csproj::TargetFramework=net9.0]
/home/lysander/repos/bannou/bannou-service/Generated/Models/RelationshipModels.cs(466,17): warning CS1591: Missing XML comment for publicly visible type or member 'RelationshipListResponse.HasPreviousPage' [/home/lysander/repos/bannou/Bannou.SDK/Bannou.SDK.csproj::TargetFramework=net9.0]
/home/lysander/repos/bannou/bannou-service/Generated/Models/RelationshipModels.cs(471,68): warning CS1591: Missing XML comment for publicly visible type or member 'RelationshipListResponse.AdditionalProperties' [/home/lysander/repos/bannou/Bannou.SDK/Bannou.SDK.csproj::TargetFramework=net9.0]
/home/lysander/repos/bannou/bannou-service/Generated/Clients/OrchestratorClient.cs(19,26): warning CS1591: Missing XML comment for publicly visible type or member 'IOrchestratorClient' [/home/lysander/repos/bannou/Bannou.SDK/Bannou.SDK.csproj::TargetFramework=net9.0]
/home/lysander/repos/bannou/bannou-service/Generated/Clients/OrchestratorClient.cs(34,120): warning CS1573: Parameter 'body' has no matching param tag in the XML comment for 'IOrchestratorClient.GetInfrastructureHealthAsync(InfrastructureHealthRequest, CancellationToken)' (but other parameters do) [/home/lysander/repos/bannou/Bannou.SDK/Bannou.SDK.csproj::TargetFramework=net9.0]
/home/lysander/repos/bannou/bannou-service/Generated/Clients/OrchestratorClient.cs(46,98): warning CS1573: Parameter 'body' has no matching param tag in the XML comment for 'IOrchestratorClient.GetServicesHealthAsync(ServiceHealthRequest, CancellationToken)' (but other parameters do) [/home/lysander/repos/bannou/Bannou.SDK/Bannou.SDK.csproj::TargetFramework=net9.0]
/home/lysander/repos/bannou/bannou-service/Generated/Clients/OrchestratorClient.cs(60,97): warning CS1573: Parameter 'body' has no matching param tag in the XML comment for 'IOrchestratorClient.RestartServiceAsync(ServiceRestartRequest, CancellationToken)' (but other parameters do) [/home/lysander/repos/bannou/Bannou.SDK/Bannou.SDK.csproj::TargetFramework=net9.0]
/home/lysander/repos/bannou/bannou-service/Generated/Clients/OrchestratorClient.cs(77,110): warning CS1573: Parameter 'body' has no matching param tag in the XML comment for 'IOrchestratorClient.ShouldRestartServiceAsync(ShouldRestartServiceRequest, CancellationToken)' (but other parameters do) [/home/lysander/repos/bannou/Bannou.SDK/Bannou.SDK.csproj::TargetFramework=net9.0]
/home/lysander/repos/bannou/bannou-service/Generated/Clients/OrchestratorClient.cs(101,88): warning CS1573: Parameter 'body' has no matching param tag in the XML comment for 'IOrchestratorClient.GetBackendsAsync(ListBackendsRequest, CancellationToken)' (but other parameters do) [/home/lysander/repos/bannou/Bannou.SDK/Bannou.SDK.csproj::TargetFramework=net9.0]
/home/lysander/repos/bannou/bannou-service/Generated/Clients/OrchestratorClient.cs(121,85): warning CS1573: Parameter 'body' has no matching param tag in the XML comment for 'IOrchestratorClient.GetPresetsAsync(ListPresetsRequest, CancellationToken)' (but other parameters do) [/home/lysander/repos/bannou/Bannou.SDK/Bannou.SDK.csproj::TargetFramework=net9.0]
/home/lysander/repos/bannou/bannou-service/Generated/Clients/OrchestratorClient.cs(148,75): warning CS1573: Parameter 'body' has no matching param tag in the XML comment for 'IOrchestratorClient.DeployAsync(DeployRequest, CancellationToken)' (but other parameters do) [/home/lysander/repos/bannou/Bannou.SDK/Bannou.SDK.csproj::TargetFramework=net9.0]
/home/lysander/repos/bannou/bannou-service/Generated/Clients/OrchestratorClient.cs(168,105): warning CS1573: Parameter 'body' has no matching param tag in the XML comment for 'IOrchestratorClient.GetServiceRoutingAsync(GetServiceRoutingRequest, CancellationToken)' (but other parameters do) [/home/lysander/repos/bannou/Bannou.SDK/Bannou.SDK.csproj::TargetFramework=net9.0]
/home/lysander/repos/bannou/bannou-service/Generated/Clients/OrchestratorClient.cs(184,84): warning CS1573: Parameter 'body' has no matching param tag in the XML comment for 'IOrchestratorClient.GetStatusAsync(GetStatusRequest, CancellationToken)' (but other parameters do) [/home/lysander/repos/bannou/Bannou.SDK/Bannou.SDK.csproj::TargetFramework=net9.0]
/home/lysander/repos/bannou/bannou-service/Generated/Clients/OrchestratorClient.cs(201,81): warning CS1573: Parameter 'body' has no matching param tag in the XML comment for 'IOrchestratorClient.TeardownAsync(TeardownRequest, CancellationToken)' (but other parameters do) [/home/lysander/repos/bannou/Bannou.SDK/Bannou.SDK.csproj::TargetFramework=net9.0]
/home/lysander/repos/bannou/bannou-service/Generated/Clients/OrchestratorClient.cs(222,72): warning CS1573: Parameter 'body' has no matching param tag in the XML comment for 'IOrchestratorClient.CleanAsync(CleanRequest, CancellationToken)' (but other parameters do) [/home/lysander/repos/bannou/Bannou.SDK/Bannou.SDK.csproj::TargetFramework=net9.0]
/home/lysander/repos/bannou/bannou-service/Generated/Clients/OrchestratorClient.cs(234,75): warning CS1573: Parameter 'body' has no matching param tag in the XML comment for 'IOrchestratorClient.GetLogsAsync(GetLogsRequest, CancellationToken)' (but other parameters do) [/home/lysander/repos/bannou/Bannou.SDK/Bannou.SDK.csproj::TargetFramework=net9.0]
/home/lysander/repos/bannou/bannou-service/Generated/Clients/OrchestratorClient.cs(252,99): warning CS1573: Parameter 'body' has no matching param tag in the XML comment for 'IOrchestratorClient.UpdateTopologyAsync(TopologyUpdateRequest, CancellationToken)' (but other parameters do) [/home/lysander/repos/bannou/Bannou.SDK/Bannou.SDK.csproj::TargetFramework=net9.0]
/home/lysander/repos/bannou/bannou-service/Generated/Clients/OrchestratorClient.cs(276,116): warning CS1573: Parameter 'body' has no matching param tag in the XML comment for 'IOrchestratorClient.RequestContainerRestartAsync(ContainerRestartRequestBody, CancellationToken)' (but other parameters do) [/home/lysander/repos/bannou/Bannou.SDK/Bannou.SDK.csproj::TargetFramework=net9.0]
/home/lysander/repos/bannou/bannou-service/Generated/Clients/OrchestratorClient.cs(288,100): warning CS1573: Parameter 'body' has no matching param tag in the XML comment for 'IOrchestratorClient.GetContainerStatusAsync(GetContainerStatusRequest, CancellationToken)' (but other parameters do) [/home/lysander/repos/bannou/Bannou.SDK/Bannou.SDK.csproj::TargetFramework=net9.0]
/home/lysander/repos/bannou/bannou-service/Generated/Clients/OrchestratorClient.cs(304,106): warning CS1573: Parameter 'body' has no matching param tag in the XML comment for 'IOrchestratorClient.RollbackConfigurationAsync(ConfigRollbackRequest, CancellationToken)' (but other parameters do) [/home/lysander/repos/bannou/Bannou.SDK/Bannou.SDK.csproj::TargetFramework=net9.0]
/home/lysander/repos/bannou/bannou-service/Generated/Clients/OrchestratorClient.cs(316,102): warning CS1573: Parameter 'body' has no matching param tag in the XML comment for 'IOrchestratorClient.GetConfigVersionAsync(GetConfigVersionRequest, CancellationToken)' (but other parameters do) [/home/lysander/repos/bannou/Bannou.SDK/Bannou.SDK.csproj::TargetFramework=net9.0]
/home/lysander/repos/bannou/bannou-service/Generated/Clients/OrchestratorClient.cs(329,105): warning CS1573: Parameter 'body' has no matching param tag in the XML comment for 'IOrchestratorClient.AcquireProcessorAsync(AcquireProcessorRequest, CancellationToken)' (but other parameters do) [/home/lysander/repos/bannou/Bannou.SDK/Bannou.SDK.csproj::TargetFramework=net9.0]
/home/lysander/repos/bannou/bannou-service/Generated/Clients/OrchestratorClient.cs(341,105): warning CS1573: Parameter 'body' has no matching param tag in the XML comment for 'IOrchestratorClient.ReleaseProcessorAsync(ReleaseProcessorRequest, CancellationToken)' (but other parameters do) [/home/lysander/repos/bannou/Bannou.SDK/Bannou.SDK.csproj::TargetFramework=net9.0]
/home/lysander/repos/bannou/bannou-service/Generated/Clients/OrchestratorClient.cs(356,93): warning CS1573: Parameter 'body' has no matching param tag in the XML comment for 'IOrchestratorClient.GetPoolStatusAsync(GetPoolStatusRequest, CancellationToken)' (but other parameters do) [/home/lysander/repos/bannou/Bannou.SDK/Bannou.SDK.csproj::TargetFramework=net9.0]
/home/lysander/repos/bannou/bannou-service/Generated/Clients/OrchestratorClient.cs(369,84): warning CS1573: Parameter 'body' has no matching param tag in the XML comment for 'IOrchestratorClient.ScalePoolAsync(ScalePoolRequest, CancellationToken)' (but other parameters do) [/home/lysander/repos/bannou/Bannou.SDK/Bannou.SDK.csproj::TargetFramework=net9.0]
/home/lysander/repos/bannou/bannou-service/Generated/Clients/OrchestratorClient.cs(381,90): warning CS1573: Parameter 'body' has no matching param tag in the XML comment for 'IOrchestratorClient.CleanupPoolAsync(CleanupPoolRequest, CancellationToken)' (but other parameters do) [/home/lysander/repos/bannou/Bannou.SDK/Bannou.SDK.csproj::TargetFramework=net9.0]
/home/lysander/repos/bannou/bannou-service/Generated/Clients/OrchestratorClient.cs(385,22): warning CS1591: Missing XML comment for publicly visible type or member 'OrchestratorClient' [/home/lysander/repos/bannou/Bannou.SDK/Bannou.SDK.csproj::TargetFramework=net9.0]
/home/lysander/repos/bannou/bannou-service/Generated/Clients/OrchestratorClient.cs(405,12): warning CS1591: Missing XML comment for publicly visible type or member 'OrchestratorClient.OrchestratorClient(IMeshInvocationClient, IServiceAppMappingResolver, ILogger<OrchestratorClient>?)' [/home/lysander/repos/bannou/Bannou.SDK/Bannou.SDK.csproj::TargetFramework=net9.0]
/home/lysander/repos/bannou/bannou-service/Generated/Clients/OrchestratorClient.cs(413,54): warning CS1591: Missing XML comment for publicly visible type or member 'OrchestratorClient.JsonSerializerSettings' [/home/lysander/repos/bannou/Bannou.SDK/Bannou.SDK.csproj::TargetFramework=net9.0]
/home/lysander/repos/bannou/bannou-service/Generated/Clients/OrchestratorClient.cs(519,141): warning CS1573: Parameter 'body' has no matching param tag in the XML comment for 'OrchestratorClient.GetInfrastructureHealthAsync(InfrastructureHealthRequest, CancellationToken)' (but other parameters do) [/home/lysander/repos/bannou/Bannou.SDK/Bannou.SDK.csproj::TargetFramework=net9.0]
/home/lysander/repos/bannou/bannou-service/Generated/Clients/OrchestratorClient.cs(602,119): warning CS1573: Parameter 'body' has no matching param tag in the XML comment for 'OrchestratorClient.GetServicesHealthAsync(ServiceHealthRequest, CancellationToken)' (but other parameters do) [/home/lysander/repos/bannou/Bannou.SDK/Bannou.SDK.csproj::TargetFramework=net9.0]
/home/lysander/repos/bannou/bannou-service/Generated/Clients/OrchestratorClient.cs(687,118): warning CS1573: Parameter 'body' has no matching param tag in the XML comment for 'OrchestratorClient.RestartServiceAsync(ServiceRestartRequest, CancellationToken)' (but other parameters do) [/home/lysander/repos/bannou/Bannou.SDK/Bannou.SDK.csproj::TargetFramework=net9.0]
/home/lysander/repos/bannou/bannou-service/Generated/Clients/OrchestratorClient.cs(787,131): warning CS1573: Parameter 'body' has no matching param tag in the XML comment for 'OrchestratorClient.ShouldRestartServiceAsync(ShouldRestartServiceRequest, CancellationToken)' (but other parameters do) [/home/lysander/repos/bannou/Bannou.SDK/Bannou.SDK.csproj::TargetFramework=net9.0]
/home/lysander/repos/bannou/bannou-service/Generated/Clients/OrchestratorClient.cs(882,109): warning CS1573: Parameter 'body' has no matching param tag in the XML comment for 'OrchestratorClient.GetBackendsAsync(ListBackendsRequest, CancellationToken)' (but other parameters do) [/home/lysander/repos/bannou/Bannou.SDK/Bannou.SDK.csproj::TargetFramework=net9.0]
/home/lysander/repos/bannou/bannou-service/Generated/Clients/OrchestratorClient.cs(973,106): warning CS1573: Parameter 'body' has no matching param tag in the XML comment for 'OrchestratorClient.GetPresetsAsync(ListPresetsRequest, CancellationToken)' (but other parameters do) [/home/lysander/repos/bannou/Bannou.SDK/Bannou.SDK.csproj::TargetFramework=net9.0]
/home/lysander/repos/bannou/bannou-service/Generated/Clients/OrchestratorClient.cs(1071,96): warning CS1573: Parameter 'body' has no matching param tag in the XML comment for 'OrchestratorClient.DeployAsync(DeployRequest, CancellationToken)' (but other parameters do) [/home/lysander/repos/bannou/Bannou.SDK/Bannou.SDK.csproj::TargetFramework=net9.0]
/home/lysander/repos/bannou/bannou-service/Generated/Clients/OrchestratorClient.cs(1192,126): warning CS1573: Parameter 'body' has no matching param tag in the XML comment for 'OrchestratorClient.GetServiceRoutingAsync(GetServiceRoutingRequest, CancellationToken)' (but other parameters do) [/home/lysander/repos/bannou/Bannou.SDK/Bannou.SDK.csproj::TargetFramework=net9.0]
/home/lysander/repos/bannou/bannou-service/Generated/Clients/OrchestratorClient.cs(1279,105): warning CS1573: Parameter 'body' has no matching param tag in the XML comment for 'OrchestratorClient.GetStatusAsync(GetStatusRequest, CancellationToken)' (but other parameters do) [/home/lysander/repos/bannou/Bannou.SDK/Bannou.SDK.csproj::TargetFramework=net9.0]
/home/lysander/repos/bannou/bannou-service/Generated/Clients/OrchestratorClient.cs(1367,102): warning CS1573: Parameter 'body' has no matching param tag in the XML comment for 'OrchestratorClient.TeardownAsync(TeardownRequest, CancellationToken)' (but other parameters do) [/home/lysander/repos/bannou/Bannou.SDK/Bannou.SDK.csproj::TargetFramework=net9.0]
/home/lysander/repos/bannou/bannou-service/Generated/Clients/OrchestratorClient.cs(1469,93): warning CS1573: Parameter 'body' has no matching param tag in the XML comment for 'OrchestratorClient.CleanAsync(CleanRequest, CancellationToken)' (but other parameters do) [/home/lysander/repos/bannou/Bannou.SDK/Bannou.SDK.csproj::TargetFramework=net9.0]
/home/lysander/repos/bannou/bannou-service/Generated/Clients/OrchestratorClient.cs(1562,96): warning CS1573: Parameter 'body' has no matching param tag in the XML comment for 'OrchestratorClient.GetLogsAsync(GetLogsRequest, CancellationToken)' (but other parameters do) [/home/lysander/repos/bannou/Bannou.SDK/Bannou.SDK.csproj::TargetFramework=net9.0]
/home/lysander/repos/bannou/bannou-service/Generated/Clients/OrchestratorClient.cs(1663,120): warning CS1573: Parameter 'body' has no matching param tag in the XML comment for 'OrchestratorClient.UpdateTopologyAsync(TopologyUpdateRequest, CancellationToken)' (but other parameters do) [/home/lysander/repos/bannou/Bannou.SDK/Bannou.SDK.csproj::TargetFramework=net9.0]
/home/lysander/repos/bannou/bannou-service/Generated/Clients/OrchestratorClient.cs(1776,137): warning CS1573: Parameter 'body' has no matching param tag in the XML comment for 'OrchestratorClient.RequestContainerRestartAsync(ContainerRestartRequestBody, CancellationToken)' (but other parameters do) [/home/lysander/repos/bannou/Bannou.SDK/Bannou.SDK.csproj::TargetFramework=net9.0]
/home/lysander/repos/bannou/bannou-service/Generated/Clients/OrchestratorClient.cs(1871,121): warning CS1573: Parameter 'body' has no matching param tag in the XML comment for 'OrchestratorClient.GetContainerStatusAsync(GetContainerStatusRequest, CancellationToken)' (but other parameters do) [/home/lysander/repos/bannou/Bannou.SDK/Bannou.SDK.csproj::TargetFramework=net9.0]
/home/lysander/repos/bannou/bannou-service/Generated/Clients/OrchestratorClient.cs(1964,127): warning CS1573: Parameter 'body' has no matching param tag in the XML comment for 'OrchestratorClient.RollbackConfigurationAsync(ConfigRollbackRequest, CancellationToken)' (but other parameters do) [/home/lysander/repos/bannou/Bannou.SDK/Bannou.SDK.csproj::TargetFramework=net9.0]
/home/lysander/repos/bannou/bannou-service/Generated/Clients/OrchestratorClient.cs(2059,123): warning CS1573: Parameter 'body' has no matching param tag in the XML comment for 'OrchestratorClient.GetConfigVersionAsync(GetConfigVersionRequest, CancellationToken)' (but other parameters do) [/home/lysander/repos/bannou/Bannou.SDK/Bannou.SDK.csproj::TargetFramework=net9.0]
/home/lysander/repos/bannou/bannou-service/Generated/Clients/OrchestratorClient.cs(2143,126): warning CS1573: Parameter 'body' has no matching param tag in the XML comment for 'OrchestratorClient.AcquireProcessorAsync(AcquireProcessorRequest, CancellationToken)' (but other parameters do) [/home/lysander/repos/bannou/Bannou.SDK/Bannou.SDK.csproj::TargetFramework=net9.0]
/home/lysander/repos/bannou/bannou-service/Generated/Clients/OrchestratorClient.cs(2236,126): warning CS1573: Parameter 'body' has no matching param tag in the XML comment for 'OrchestratorClient.ReleaseProcessorAsync(ReleaseProcessorRequest, CancellationToken)' (but other parameters do) [/home/lysander/repos/bannou/Bannou.SDK/Bannou.SDK.csproj::TargetFramework=net9.0]
/home/lysander/repos/bannou/bannou-service/Generated/Clients/OrchestratorClient.cs(2328,114): warning CS1573: Parameter 'body' has no matching param tag in the XML comment for 'OrchestratorClient.GetPoolStatusAsync(GetPoolStatusRequest, CancellationToken)' (but other parameters do) [/home/lysander/repos/bannou/Bannou.SDK/Bannou.SDK.csproj::TargetFramework=net9.0]
/home/lysander/repos/bannou/bannou-service/Generated/Clients/OrchestratorClient.cs(2412,105): warning CS1573: Parameter 'body' has no matching param tag in the XML comment for 'OrchestratorClient.ScalePoolAsync(ScalePoolRequest, CancellationToken)' (but other parameters do) [/home/lysander/repos/bannou/Bannou.SDK/Bannou.SDK.csproj::TargetFramework=net9.0]
/home/lysander/repos/bannou/bannou-service/Generated/Clients/OrchestratorClient.cs(2501,111): warning CS1573: Parameter 'body' has no matching param tag in the XML comment for 'OrchestratorClient.CleanupPoolAsync(CleanupPoolRequest, CancellationToken)' (but other parameters do) [/home/lysander/repos/bannou/Bannou.SDK/Bannou.SDK.csproj::TargetFramework=net9.0]
/home/lysander/repos/bannou/bannou-service/Generated/Clients/OrchestratorClient.cs(2574,22): warning CS1591: Missing XML comment for publicly visible type or member 'OrchestratorClient.ObjectResponseResult<T>' [/home/lysander/repos/bannou/Bannou.SDK/Bannou.SDK.csproj::TargetFramework=net9.0]
/home/lysander/repos/bannou/bannou-service/Generated/Clients/OrchestratorClient.cs(2576,16): warning CS1591: Missing XML comment for publicly visible type or member 'OrchestratorClient.ObjectResponseResult<T>.ObjectResponseResult(T, string)' [/home/lysander/repos/bannou/Bannou.SDK/Bannou.SDK.csproj::TargetFramework=net9.0]
/home/lysander/repos/bannou/bannou-service/Generated/Clients/OrchestratorClient.cs(2582,18): warning CS1591: Missing XML comment for publicly visible type or member 'OrchestratorClient.ObjectResponseResult<T>.Object' [/home/lysander/repos/bannou/Bannou.SDK/Bannou.SDK.csproj::TargetFramework=net9.0]
/home/lysander/repos/bannou/bannou-service/Generated/Clients/OrchestratorClient.cs(2584,23): warning CS1591: Missing XML comment for publicly visible type or member 'OrchestratorClient.ObjectResponseResult<T>.Text' [/home/lysander/repos/bannou/Bannou.SDK/Bannou.SDK.csproj::TargetFramework=net9.0]
/home/lysander/repos/bannou/bannou-service/Generated/Clients/OrchestratorClient.cs(2607,17): warning CS1591: Missing XML comment for publicly visible type or member 'OrchestratorClient.ReadResponseAsString' [/home/lysander/repos/bannou/Bannou.SDK/Bannou.SDK.csproj::TargetFramework=net9.0]
/home/lysander/repos/bannou/bannou-service/Generated/Clients/OrchestratorClient.cs(2609,86): warning CS1591: Missing XML comment for publicly visible type or member 'OrchestratorClient.ReadObjectResponseAsync<T>(HttpResponseMessage, IReadOnlyDictionary<string, IEnumerable<string>>, CancellationToken)' [/home/lysander/repos/bannou/Bannou.SDK/Bannou.SDK.csproj::TargetFramework=net9.0]
/home/lysander/repos/bannou/bannou-service/Generated/Models/OrchestratorModels.cs(33,68): warning CS1591: Missing XML comment for publicly visible type or member 'InfrastructureHealthRequest.AdditionalProperties' [/home/lysander/repos/bannou/Bannou.SDK/Bannou.SDK.csproj::TargetFramework=net9.0]
/home/lysander/repos/bannou/bannou-service/Generated/Models/OrchestratorModels.cs(57,68): warning CS1591: Missing XML comment for publicly visible type or member 'ServiceHealthRequest.AdditionalProperties' [/home/lysander/repos/bannou/Bannou.SDK/Bannou.SDK.csproj::TargetFramework=net9.0]
/home/lysander/repos/bannou/bannou-service/Generated/Models/OrchestratorModels.cs(81,68): warning CS1591: Missing XML comment for publicly visible type or member 'GetServiceRoutingRequest.AdditionalProperties' [/home/lysander/repos/bannou/Bannou.SDK/Bannou.SDK.csproj::TargetFramework=net9.0]
/home/lysander/repos/bannou/bannou-service/Generated/Models/OrchestratorModels.cs(90,22): warning CS1591: Missing XML comment for publicly visible type or member 'ServiceRoutingResponse' [/home/lysander/repos/bannou/Bannou.SDK/Bannou.SDK.csproj::TargetFramework=net9.0]
/home/lysander/repos/bannou/bannou-service/Generated/Models/OrchestratorModels.cs(135,68): warning CS1591: Missing XML comment for publicly visible type or member 'ServiceRoutingResponse.AdditionalProperties' [/home/lysander/repos/bannou/Bannou.SDK/Bannou.SDK.csproj::TargetFramework=net9.0]
/home/lysander/repos/bannou/bannou-service/Generated/Models/OrchestratorModels.cs(159,68): warning CS1591: Missing XML comment for publicly visible type or member 'ListBackendsRequest.AdditionalProperties' [/home/lysander/repos/bannou/Bannou.SDK/Bannou.SDK.csproj::TargetFramework=net9.0]
/home/lysander/repos/bannou/bannou-service/Generated/Models/OrchestratorModels.cs(184,68): warning CS1591: Missing XML comment for publicly visible type or member 'ListPresetsRequest.AdditionalProperties' [/home/lysander/repos/bannou/Bannou.SDK/Bannou.SDK.csproj::TargetFramework=net9.0]
/home/lysander/repos/bannou/bannou-service/Generated/Models/OrchestratorModels.cs(208,68): warning CS1591: Missing XML comment for publicly visible type or member 'GetStatusRequest.AdditionalProperties' [/home/lysander/repos/bannou/Bannou.SDK/Bannou.SDK.csproj::TargetFramework=net9.0]
/home/lysander/repos/bannou/bannou-service/Generated/Models/OrchestratorModels.cs(262,68): warning CS1591: Missing XML comment for publicly visible type or member 'GetLogsRequest.AdditionalProperties' [/home/lysander/repos/bannou/Bannou.SDK/Bannou.SDK.csproj::TargetFramework=net9.0]
/home/lysander/repos/bannou/bannou-service/Generated/Models/OrchestratorModels.cs(271,22): warning CS1591: Missing XML comment for publicly visible type or member 'ContainerRestartRequestBody' [/home/lysander/repos/bannou/Bannou.SDK/Bannou.SDK.csproj::TargetFramework=net9.0]
/home/lysander/repos/bannou/bannou-service/Generated/Models/OrchestratorModels.cs(292,28): warning CS1591: Missing XML comment for publicly visible type or member 'ContainerRestartRequestBody.Priority' [/home/lysander/repos/bannou/Bannou.SDK/Bannou.SDK.csproj::TargetFramework=net9.0]
/home/lysander/repos/bannou/bannou-service/Generated/Models/OrchestratorModels.cs(303,68): warning CS1591: Missing XML comment for publicly visible type or member 'ContainerRestartRequestBody.AdditionalProperties' [/home/lysander/repos/bannou/Bannou.SDK/Bannou.SDK.csproj::TargetFramework=net9.0]
/home/lysander/repos/bannou/bannou-service/Generated/Models/OrchestratorModels.cs(312,22): warning CS1591: Missing XML comment for publicly visible type or member 'GetContainerStatusRequest' [/home/lysander/repos/bannou/Bannou.SDK/Bannou.SDK.csproj::TargetFramework=net9.0]
/home/lysander/repos/bannou/bannou-service/Generated/Models/OrchestratorModels.cs(326,68): warning CS1591: Missing XML comment for publicly visible type or member 'GetContainerStatusRequest.AdditionalProperties' [/home/lysander/repos/bannou/Bannou.SDK/Bannou.SDK.csproj::TargetFramework=net9.0]
/home/lysander/repos/bannou/bannou-service/Generated/Models/OrchestratorModels.cs(350,68): warning CS1591: Missing XML comment for publicly visible type or member 'GetConfigVersionRequest.AdditionalProperties' [/home/lysander/repos/bannou/Bannou.SDK/Bannou.SDK.csproj::TargetFramework=net9.0]
/home/lysander/repos/bannou/bannou-service/Generated/Models/OrchestratorModels.cs(359,22): warning CS1591: Missing XML comment for publicly visible type or member 'InfrastructureHealthResponse' [/home/lysander/repos/bannou/Bannou.SDK/Bannou.SDK.csproj::TargetFramework=net9.0]
/home/lysander/repos/bannou/bannou-service/Generated/Models/OrchestratorModels.cs(387,68): warning CS1591: Missing XML comment for publicly visible type or member 'InfrastructureHealthResponse.AdditionalProperties' [/home/lysander/repos/bannou/Bannou.SDK/Bannou.SDK.csproj::TargetFramework=net9.0]
/home/lysander/repos/bannou/bannou-service/Generated/Models/OrchestratorModels.cs(396,22): warning CS1591: Missing XML comment for publicly visible type or member 'ComponentHealth' [/home/lysander/repos/bannou/Bannou.SDK/Bannou.SDK.csproj::TargetFramework=net9.0]
/home/lysander/repos/bannou/bannou-service/Generated/Models/OrchestratorModels.cs(439,68): warning CS1591: Missing XML comment for publicly visible type or member 'ComponentHealth.AdditionalProperties' [/home/lysander/repos/bannou/Bannou.SDK/Bannou.SDK.csproj::TargetFramework=net9.0]
/home/lysander/repos/bannou/bannou-service/Generated/Models/OrchestratorModels.cs(448,22): warning CS1591: Missing XML comment for publicly visible type or member 'ServiceHealthReport' [/home/lysander/repos/bannou/Bannou.SDK/Bannou.SDK.csproj::TargetFramework=net9.0]
/home/lysander/repos/bannou/bannou-service/Generated/Models/OrchestratorModels.cs(490,68): warning CS1591: Missing XML comment for publicly visible type or member 'ServiceHealthReport.AdditionalProperties' [/home/lysander/repos/bannou/Bannou.SDK/Bannou.SDK.csproj::TargetFramework=net9.0]
/home/lysander/repos/bannou/bannou-service/Generated/Models/OrchestratorModels.cs(554,68): warning CS1591: Missing XML comment for publicly visible type or member 'ServiceHealthStatus.AdditionalProperties' [/home/lysander/repos/bannou/Bannou.SDK/Bannou.SDK.csproj::TargetFramework=net9.0]
/home/lysander/repos/bannou/bannou-service/Generated/Models/OrchestratorModels.cs(563,22): warning CS1591: Missing XML comment for publicly visible type or member 'TestExecutionRequest' [/home/lysander/repos/bannou/Bannou.SDK/Bannou.SDK.csproj::TargetFramework=net9.0]
/home/lysander/repos/bannou/bannou-service/Generated/Models/OrchestratorModels.cs(596,68): warning CS1591: Missing XML comment for publicly visible type or member 'TestExecutionRequest.AdditionalProperties' [/home/lysander/repos/bannou/Bannou.SDK/Bannou.SDK.csproj::TargetFramework=net9.0]
/home/lysander/repos/bannou/bannou-service/Generated/Models/OrchestratorModels.cs(605,22): warning CS1591: Missing XML comment for publicly visible type or member 'TestExecutionResult' [/home/lysander/repos/bannou/Bannou.SDK/Bannou.SDK.csproj::TargetFramework=net9.0]
/home/lysander/repos/bannou/bannou-service/Generated/Models/OrchestratorModels.cs(651,68): warning CS1591: Missing XML comment for publicly visible type or member 'TestExecutionResult.AdditionalProperties' [/home/lysander/repos/bannou/Bannou.SDK/Bannou.SDK.csproj::TargetFramework=net9.0]
/home/lysander/repos/bannou/bannou-service/Generated/Models/OrchestratorModels.cs(660,22): warning CS1591: Missing XML comment for publicly visible type or member 'TestResult' [/home/lysander/repos/bannou/Bannou.SDK/Bannou.SDK.csproj::TargetFramework=net9.0]
/home/lysander/repos/bannou/bannou-service/Generated/Models/OrchestratorModels.cs(698,68): warning CS1591: Missing XML comment for publicly visible type or member 'TestResult.AdditionalProperties' [/home/lysander/repos/bannou/Bannou.SDK/Bannou.SDK.csproj::TargetFramework=net9.0]
/home/lysander/repos/bannou/bannou-service/Generated/Models/OrchestratorModels.cs(707,22): warning CS1591: Missing XML comment for publicly visible type or member 'ServiceRestartRequest' [/home/lysander/repos/bannou/Bannou.SDK/Bannou.SDK.csproj::TargetFramework=net9.0]
/home/lysander/repos/bannou/bannou-service/Generated/Models/OrchestratorModels.cs(739,68): warning CS1591: Missing XML comment for publicly visible type or member 'ServiceRestartRequest.AdditionalProperties' [/home/lysander/repos/bannou/Bannou.SDK/Bannou.SDK.csproj::TargetFramework=net9.0]
/home/lysander/repos/bannou/bannou-service/Generated/Models/OrchestratorModels.cs(748,22): warning CS1591: Missing XML comment for publicly visible type or member 'ServiceRestartResult' [/home/lysander/repos/bannou/Bannou.SDK/Bannou.SDK.csproj::TargetFramework=net9.0]
/home/lysander/repos/bannou/bannou-service/Generated/Models/OrchestratorModels.cs(794,68): warning CS1591: Missing XML comment for publicly visible type or member 'ServiceRestartResult.AdditionalProperties' [/home/lysander/repos/bannou/Bannou.SDK/Bannou.SDK.csproj::TargetFramework=net9.0]
/home/lysander/repos/bannou/bannou-service/Generated/Models/OrchestratorModels.cs(803,22): warning CS1591: Missing XML comment for publicly visible type or member 'ShouldRestartServiceRequest' [/home/lysander/repos/bannou/Bannou.SDK/Bannou.SDK.csproj::TargetFramework=net9.0]
/home/lysander/repos/bannou/bannou-service/Generated/Models/OrchestratorModels.cs(817,68): warning CS1591: Missing XML comment for publicly visible type or member 'ShouldRestartServiceRequest.AdditionalProperties' [/home/lysander/repos/bannou/Bannou.SDK/Bannou.SDK.csproj::TargetFramework=net9.0]
/home/lysander/repos/bannou/bannou-service/Generated/Models/OrchestratorModels.cs(826,22): warning CS1591: Missing XML comment for publicly visible type or member 'RestartRecommendation' [/home/lysander/repos/bannou/Bannou.SDK/Bannou.SDK.csproj::TargetFramework=net9.0]
/home/lysander/repos/bannou/bannou-service/Generated/Models/OrchestratorModels.cs(874,68): warning CS1591: Missing XML comment for publicly visible type or member 'RestartRecommendation.AdditionalProperties' [/home/lysander/repos/bannou/Bannou.SDK/Bannou.SDK.csproj::TargetFramework=net9.0]
/home/lysander/repos/bannou/bannou-service/Generated/Models/OrchestratorModels.cs(892,5): warning CS1591: Missing XML comment for publicly visible type or member 'BackendType.Kubernetes' [/home/lysander/repos/bannou/Bannou.SDK/Bannou.SDK.csproj::TargetFramework=net9.0]
/home/lysander/repos/bannou/bannou-service/Generated/Models/OrchestratorModels.cs(895,5): warning CS1591: Missing XML comment for publicly visible type or member 'BackendType.Portainer' [/home/lysander/repos/bannou/Bannou.SDK/Bannou.SDK.csproj::TargetFramework=net9.0]
/home/lysander/repos/bannou/bannou-service/Generated/Models/OrchestratorModels.cs(898,5): warning CS1591: Missing XML comment for publicly visible type or member 'BackendType.Swarm' [/home/lysander/repos/bannou/Bannou.SDK/Bannou.SDK.csproj::TargetFramework=net9.0]
/home/lysander/repos/bannou/bannou-service/Generated/Models/OrchestratorModels.cs(901,5): warning CS1591: Missing XML comment for publicly visible type or member 'BackendType.Compose' [/home/lysander/repos/bannou/Bannou.SDK/Bannou.SDK.csproj::TargetFramework=net9.0]
/home/lysander/repos/bannou/bannou-service/Generated/Models/OrchestratorModels.cs(906,22): warning CS1591: Missing XML comment for publicly visible type or member 'BackendInfo' [/home/lysander/repos/bannou/Bannou.SDK/Bannou.SDK.csproj::TargetFramework=net9.0]
/home/lysander/repos/bannou/bannou-service/Generated/Models/OrchestratorModels.cs(913,24): warning CS1591: Missing XML comment for publicly visible type or member 'BackendInfo.Type' [/home/lysander/repos/bannou/Bannou.SDK/Bannou.SDK.csproj::TargetFramework=net9.0]
/home/lysander/repos/bannou/bannou-service/Generated/Models/OrchestratorModels.cs(961,68): warning CS1591: Missing XML comment for publicly visible type or member 'BackendInfo.AdditionalProperties' [/home/lysander/repos/bannou/Bannou.SDK/Bannou.SDK.csproj::TargetFramework=net9.0]
/home/lysander/repos/bannou/bannou-service/Generated/Models/OrchestratorModels.cs(970,22): warning CS1591: Missing XML comment for publicly visible type or member 'BackendsResponse' [/home/lysander/repos/bannou/Bannou.SDK/Bannou.SDK.csproj::TargetFramework=net9.0]
/home/lysander/repos/bannou/bannou-service/Generated/Models/OrchestratorModels.cs(993,24): warning CS1591: Missing XML comment for publicly visible type or member 'BackendsResponse.Recommended' [/home/lysander/repos/bannou/Bannou.SDK/Bannou.SDK.csproj::TargetFramework=net9.0]
/home/lysander/repos/bannou/bannou-service/Generated/Models/OrchestratorModels.cs(1005,68): warning CS1591: Missing XML comment for publicly visible type or member 'BackendsResponse.AdditionalProperties' [/home/lysander/repos/bannou/Bannou.SDK/Bannou.SDK.csproj::TargetFramework=net9.0]
/home/lysander/repos/bannou/bannou-service/Generated/Models/OrchestratorModels.cs(1014,22): warning CS1591: Missing XML comment for publicly visible type or member 'DeploymentPreset' [/home/lysander/repos/bannou/Bannou.SDK/Bannou.SDK.csproj::TargetFramework=net9.0]
/home/lysander/repos/bannou/bannou-service/Generated/Models/OrchestratorModels.cs(1043,28): warning CS1591: Missing XML comment for publicly visible type or member 'DeploymentPreset.Topology' [/home/lysander/repos/bannou/Bannou.SDK/Bannou.SDK.csproj::TargetFramework=net9.0]
/home/lysander/repos/bannou/bannou-service/Generated/Models/OrchestratorModels.cs(1073,68): warning CS1591: Missing XML comment for publicly visible type or member 'DeploymentPreset.AdditionalProperties' [/home/lysander/repos/bannou/Bannou.SDK/Bannou.SDK.csproj::TargetFramework=net9.0]
/home/lysander/repos/bannou/bannou-service/Generated/Models/OrchestratorModels.cs(1082,22): warning CS1591: Missing XML comment for publicly visible type or member 'PresetsResponse' [/home/lysander/repos/bannou/Bannou.SDK/Bannou.SDK.csproj::TargetFramework=net9.0]
/home/lysander/repos/bannou/bannou-service/Generated/Models/OrchestratorModels.cs(1102,68): warning CS1591: Missing XML comment for publicly visible type or member 'PresetsResponse.AdditionalProperties' [/home/lysander/repos/bannou/Bannou.SDK/Bannou.SDK.csproj::TargetFramework=net9.0]
/home/lysander/repos/bannou/bannou-service/Generated/Models/OrchestratorModels.cs(1111,22): warning CS1591: Missing XML comment for publicly visible type or member 'ServiceTopology' [/home/lysander/repos/bannou/Bannou.SDK/Bannou.SDK.csproj::TargetFramework=net9.0]
/home/lysander/repos/bannou/bannou-service/Generated/Models/OrchestratorModels.cs(1131,68): warning CS1591: Missing XML comment for publicly visible type or member 'ServiceTopology.AdditionalProperties' [/home/lysander/repos/bannou/Bannou.SDK/Bannou.SDK.csproj::TargetFramework=net9.0]
/home/lysander/repos/bannou/bannou-service/Generated/Models/OrchestratorModels.cs(1140,22): warning CS1591: Missing XML comment for publicly visible type or member 'TopologyNode' [/home/lysander/repos/bannou/Bannou.SDK/Bannou.SDK.csproj::TargetFramework=net9.0]
/home/lysander/repos/bannou/bannou-service/Generated/Models/OrchestratorModels.cs(1169,27): warning CS1591: Missing XML comment for publicly visible type or member 'TopologyNode.Resources' [/home/lysander/repos/bannou/Bannou.SDK/Bannou.SDK.csproj::TargetFramework=net9.0]
/home/lysander/repos/bannou/bannou-service/Generated/Models/OrchestratorModels.cs(1192,68): warning CS1591: Missing XML comment for publicly visible type or member 'TopologyNode.AdditionalProperties' [/home/lysander/repos/bannou/Bannou.SDK/Bannou.SDK.csproj::TargetFramework=net9.0]
/home/lysander/repos/bannou/bannou-service/Generated/Models/OrchestratorModels.cs(1201,22): warning CS1591: Missing XML comment for publicly visible type or member 'InfrastructureConfig' [/home/lysander/repos/bannou/Bannou.SDK/Bannou.SDK.csproj::TargetFramework=net9.0]
/home/lysander/repos/bannou/bannou-service/Generated/Models/OrchestratorModels.cs(1205,31): warning CS1591: Missing XML comment for publicly visible type or member 'InfrastructureConfig.Redis' [/home/lysander/repos/bannou/Bannou.SDK/Bannou.SDK.csproj::TargetFramework=net9.0]
/home/lysander/repos/bannou/bannou-service/Generated/Models/OrchestratorModels.cs(1208,31): warning CS1591: Missing XML comment for publicly visible type or member 'InfrastructureConfig.Rabbitmq' [/home/lysander/repos/bannou/Bannou.SDK/Bannou.SDK.csproj::TargetFramework=net9.0]
/home/lysander/repos/bannou/bannou-service/Generated/Models/OrchestratorModels.cs(1211,31): warning CS1591: Missing XML comment for publicly visible type or member 'InfrastructureConfig.Mysql' [/home/lysander/repos/bannou/Bannou.SDK/Bannou.SDK.csproj::TargetFramework=net9.0]
/home/lysander/repos/bannou/bannou-service/Generated/Models/OrchestratorModels.cs(1214,26): warning CS1591: Missing XML comment for publicly visible type or member 'InfrastructureConfig.Ingress' [/home/lysander/repos/bannou/Bannou.SDK/Bannou.SDK.csproj::TargetFramework=net9.0]
/home/lysander/repos/bannou/bannou-service/Generated/Models/OrchestratorModels.cs(1219,68): warning CS1591: Missing XML comment for publicly visible type or member 'InfrastructureConfig.AdditionalProperties' [/home/lysander/repos/bannou/Bannou.SDK/Bannou.SDK.csproj::TargetFramework=net9.0]
/home/lysander/repos/bannou/bannou-service/Generated/Models/OrchestratorModels.cs(1228,22): warning CS1591: Missing XML comment for publicly visible type or member 'InfraServiceConfig' [/home/lysander/repos/bannou/Bannou.SDK/Bannou.SDK.csproj::TargetFramework=net9.0]
/home/lysander/repos/bannou/bannou-service/Generated/Models/OrchestratorModels.cs(1232,17): warning CS1591: Missing XML comment for publicly visible type or member 'InfraServiceConfig.Enabled' [/home/lysander/repos/bannou/Bannou.SDK/Bannou.SDK.csproj::TargetFramework=net9.0]
/home/lysander/repos/bannou/bannou-service/Generated/Models/OrchestratorModels.cs(1241,27): warning CS1591: Missing XML comment for publicly visible type or member 'InfraServiceConfig.Resources' [/home/lysander/repos/bannou/Bannou.SDK/Bannou.SDK.csproj::TargetFramework=net9.0]
/home/lysander/repos/bannou/bannou-service/Generated/Models/OrchestratorModels.cs(1244,67): warning CS1591: Missing XML comment for publicly visible type or member 'InfraServiceConfig.Environment' [/home/lysander/repos/bannou/Bannou.SDK/Bannou.SDK.csproj::TargetFramework=net9.0]
/home/lysander/repos/bannou/bannou-service/Generated/Models/OrchestratorModels.cs(1255,68): warning CS1591: Missing XML comment for publicly visible type or member 'InfraServiceConfig.AdditionalProperties' [/home/lysander/repos/bannou/Bannou.SDK/Bannou.SDK.csproj::TargetFramework=net9.0]
/home/lysander/repos/bannou/bannou-service/Generated/Models/OrchestratorModels.cs(1264,22): warning CS1591: Missing XML comment for publicly visible type or member 'IngressConfig' [/home/lysander/repos/bannou/Bannou.SDK/Bannou.SDK.csproj::TargetFramework=net9.0]
/home/lysander/repos/bannou/bannou-service/Generated/Models/OrchestratorModels.cs(1268,17): warning CS1591: Missing XML comment for publicly visible type or member 'IngressConfig.Enabled' [/home/lysander/repos/bannou/Bannou.SDK/Bannou.SDK.csproj::TargetFramework=net9.0]
/home/lysander/repos/bannou/bannou-service/Generated/Models/OrchestratorModels.cs(1272,30): warning CS1591: Missing XML comment for publicly visible type or member 'IngressConfig.Type' [/home/lysander/repos/bannou/Bannou.SDK/Bannou.SDK.csproj::TargetFramework=net9.0]
/home/lysander/repos/bannou/bannou-service/Generated/Models/OrchestratorModels.cs(1275,18): warning CS1591: Missing XML comment for publicly visible type or member 'IngressConfig.Ports' [/home/lysander/repos/bannou/Bannou.SDK/Bannou.SDK.csproj::TargetFramework=net9.0]
/home/lysander/repos/bannou/bannou-service/Generated/Models/OrchestratorModels.cs(1278,17): warning CS1591: Missing XML comment for publicly visible type or member 'IngressConfig.Ssl' [/home/lysander/repos/bannou/Bannou.SDK/Bannou.SDK.csproj::TargetFramework=net9.0]
/home/lysander/repos/bannou/bannou-service/Generated/Models/OrchestratorModels.cs(1283,68): warning CS1591: Missing XML comment for publicly visible type or member 'IngressConfig.AdditionalProperties' [/home/lysander/repos/bannou/Bannou.SDK/Bannou.SDK.csproj::TargetFramework=net9.0]
/home/lysander/repos/bannou/bannou-service/Generated/Models/OrchestratorModels.cs(1292,22): warning CS1591: Missing XML comment for publicly visible type or member 'ResourceLimits' [/home/lysander/repos/bannou/Bannou.SDK/Bannou.SDK.csproj::TargetFramework=net9.0]
/home/lysander/repos/bannou/bannou-service/Generated/Models/OrchestratorModels.cs(1322,68): warning CS1591: Missing XML comment for publicly visible type or member 'ResourceLimits.AdditionalProperties' [/home/lysander/repos/bannou/Bannou.SDK/Bannou.SDK.csproj::TargetFramework=net9.0]
/home/lysander/repos/bannou/bannou-service/Generated/Models/OrchestratorModels.cs(1342,5): warning CS1591: Missing XML comment for publicly visible type or member 'DeploymentMode.Graceful' [/home/lysander/repos/bannou/Bannou.SDK/Bannou.SDK.csproj::TargetFramework=net9.0]
/home/lysander/repos/bannou/bannou-service/Generated/Models/OrchestratorModels.cs(1345,5): warning CS1591: Missing XML comment for publicly visible type or member 'DeploymentMode.Force' [/home/lysander/repos/bannou/Bannou.SDK/Bannou.SDK.csproj::TargetFramework=net9.0]
/home/lysander/repos/bannou/bannou-service/Generated/Models/OrchestratorModels.cs(1348,5): warning CS1591: Missing XML comment for publicly visible type or member 'DeploymentMode.Clean' [/home/lysander/repos/bannou/Bannou.SDK/Bannou.SDK.csproj::TargetFramework=net9.0]
/home/lysander/repos/bannou/bannou-service/Generated/Models/OrchestratorModels.cs(1353,22): warning CS1591: Missing XML comment for publicly visible type or member 'DeployRequest' [/home/lysander/repos/bannou/Bannou.SDK/Bannou.SDK.csproj::TargetFramework=net9.0]
/home/lysander/repos/bannou/bannou-service/Generated/Models/OrchestratorModels.cs(1377,27): warning CS1591: Missing XML comment for publicly visible type or member 'DeployRequest.Mode' [/home/lysander/repos/bannou/Bannou.SDK/Bannou.SDK.csproj::TargetFramework=net9.0]
/home/lysander/repos/bannou/bannou-service/Generated/Models/OrchestratorModels.cs(1400,68): warning CS1591: Missing XML comment for publicly visible type or member 'DeployRequest.AdditionalProperties' [/home/lysander/repos/bannou/Bannou.SDK/Bannou.SDK.csproj::TargetFramework=net9.0]
/home/lysander/repos/bannou/bannou-service/Generated/Models/OrchestratorModels.cs(1409,22): warning CS1591: Missing XML comment for publicly visible type or member 'DeployResponse' [/home/lysander/repos/bannou/Bannou.SDK/Bannou.SDK.csproj::TargetFramework=net9.0]
/home/lysander/repos/bannou/bannou-service/Generated/Models/OrchestratorModels.cs(1430,24): warning CS1591: Missing XML comment for publicly visible type or member 'DeployResponse.Backend' [/home/lysander/repos/bannou/Bannou.SDK/Bannou.SDK.csproj::TargetFramework=net9.0]
/home/lysander/repos/bannou/bannou-service/Generated/Models/OrchestratorModels.cs(1473,68): warning CS1591: Missing XML comment for publicly visible type or member 'DeployResponse.AdditionalProperties' [/home/lysander/repos/bannou/Bannou.SDK/Bannou.SDK.csproj::TargetFramework=net9.0]
/home/lysander/repos/bannou/bannou-service/Generated/Models/OrchestratorModels.cs(1482,22): warning CS1591: Missing XML comment for publicly visible type or member 'DeployedService' [/home/lysander/repos/bannou/Bannou.SDK/Bannou.SDK.csproj::TargetFramework=net9.0]
/home/lysander/repos/bannou/bannou-service/Generated/Models/OrchestratorModels.cs(1497,34): warning CS1591: Missing XML comment for publicly visible type or member 'DeployedService.Status' [/home/lysander/repos/bannou/Bannou.SDK/Bannou.SDK.csproj::TargetFramework=net9.0]
/home/lysander/repos/bannou/bannou-service/Generated/Models/OrchestratorModels.cs(1528,68): warning CS1591: Missing XML comment for publicly visible type or member 'DeployedService.AdditionalProperties' [/home/lysander/repos/bannou/Bannou.SDK/Bannou.SDK.csproj::TargetFramework=net9.0]
/home/lysander/repos/bannou/bannou-service/Generated/Models/OrchestratorModels.cs(1537,22): warning CS1591: Missing XML comment for publicly visible type or member 'EnvironmentStatus' [/home/lysander/repos/bannou/Bannou.SDK/Bannou.SDK.csproj::TargetFramework=net9.0]
/home/lysander/repos/bannou/bannou-service/Generated/Models/OrchestratorModels.cs(1549,34): warning CS1591: Missing XML comment for publicly visible type or member 'EnvironmentStatus.Timestamp' [/home/lysander/repos/bannou/Bannou.SDK/Bannou.SDK.csproj::TargetFramework=net9.0]
/home/lysander/repos/bannou/bannou-service/Generated/Models/OrchestratorModels.cs(1559,24): warning CS1591: Missing XML comment for publicly visible type or member 'EnvironmentStatus.Backend' [/home/lysander/repos/bannou/Bannou.SDK/Bannou.SDK.csproj::TargetFramework=net9.0]
/home/lysander/repos/bannou/bannou-service/Generated/Models/OrchestratorModels.cs(1600,68): warning CS1591: Missing XML comment for publicly visible type or member 'EnvironmentStatus.AdditionalProperties' [/home/lysander/repos/bannou/Bannou.SDK/Bannou.SDK.csproj::TargetFramework=net9.0]
/home/lysander/repos/bannou/bannou-service/Generated/Models/OrchestratorModels.cs(1609,22): warning CS1591: Missing XML comment for publicly visible type or member 'ResourceUsage' [/home/lysander/repos/bannou/Bannou.SDK/Bannou.SDK.csproj::TargetFramework=net9.0]
/home/lysander/repos/bannou/bannou-service/Generated/Models/OrchestratorModels.cs(1651,68): warning CS1591: Missing XML comment for publicly visible type or member 'ResourceUsage.AdditionalProperties' [/home/lysander/repos/bannou/Bannou.SDK/Bannou.SDK.csproj::TargetFramework=net9.0]
/home/lysander/repos/bannou/bannou-service/Generated/Models/OrchestratorModels.cs(1671,5): warning CS1591: Missing XML comment for publicly visible type or member 'TeardownMode.Graceful' [/home/lysander/repos/bannou/Bannou.SDK/Bannou.SDK.csproj::TargetFramework=net9.0]
/home/lysander/repos/bannou/bannou-service/Generated/Models/OrchestratorModels.cs(1674,5): warning CS1591: Missing XML comment for publicly visible type or member 'TeardownMode.Force' [/home/lysander/repos/bannou/Bannou.SDK/Bannou.SDK.csproj::TargetFramework=net9.0]
/home/lysander/repos/bannou/bannou-service/Generated/Models/OrchestratorModels.cs(1677,5): warning CS1591: Missing XML comment for publicly visible type or member 'TeardownMode.PreserveData' [/home/lysander/repos/bannou/Bannou.SDK/Bannou.SDK.csproj::TargetFramework=net9.0]
/home/lysander/repos/bannou/bannou-service/Generated/Models/OrchestratorModels.cs(1682,22): warning CS1591: Missing XML comment for publicly visible type or member 'TeardownRequest' [/home/lysander/repos/bannou/Bannou.SDK/Bannou.SDK.csproj::TargetFramework=net9.0]
/home/lysander/repos/bannou/bannou-service/Generated/Models/OrchestratorModels.cs(1695,25): warning CS1591: Missing XML comment for publicly visible type or member 'TeardownRequest.Mode' [/home/lysander/repos/bannou/Bannou.SDK/Bannou.SDK.csproj::TargetFramework=net9.0]
/home/lysander/repos/bannou/bannou-service/Generated/Models/OrchestratorModels.cs(1728,68): warning CS1591: Missing XML comment for publicly visible type or member 'TeardownRequest.AdditionalProperties' [/home/lysander/repos/bannou/Bannou.SDK/Bannou.SDK.csproj::TargetFramework=net9.0]
/home/lysander/repos/bannou/bannou-service/Generated/Models/OrchestratorModels.cs(1737,22): warning CS1591: Missing XML comment for publicly visible type or member 'TeardownResponse' [/home/lysander/repos/bannou/Bannou.SDK/Bannou.SDK.csproj::TargetFramework=net9.0]
/home/lysander/repos/bannou/bannou-service/Generated/Models/OrchestratorModels.cs(1741,17): warning CS1591: Missing XML comment for publicly visible type or member 'TeardownResponse.Success' [/home/lysander/repos/bannou/Bannou.SDK/Bannou.SDK.csproj::TargetFramework=net9.0]
/home/lysander/repos/bannou/bannou-service/Generated/Models/OrchestratorModels.cs(1746,19): warning CS1591: Missing XML comment for publicly visible type or member 'TeardownResponse.Duration' [/home/lysander/repos/bannou/Bannou.SDK/Bannou.SDK.csproj::TargetFramework=net9.0]
/home/lysander/repos/bannou/bannou-service/Generated/Models/OrchestratorModels.cs(1779,19): warning CS1591: Missing XML comment for publicly visible type or member 'TeardownResponse.Message' [/home/lysander/repos/bannou/Bannou.SDK/Bannou.SDK.csproj::TargetFramework=net9.0]
/home/lysander/repos/bannou/bannou-service/Generated/Models/OrchestratorModels.cs(1784,68): warning CS1591: Missing XML comment for publicly visible type or member 'TeardownResponse.AdditionalProperties' [/home/lysander/repos/bannou/Bannou.SDK/Bannou.SDK.csproj::TargetFramework=net9.0]
/home/lysander/repos/bannou/bannou-service/Generated/Models/OrchestratorModels.cs(1800,5): warning CS1591: Missing XML comment for publicly visible type or member 'CleanTarget.Containers' [/home/lysander/repos/bannou/Bannou.SDK/Bannou.SDK.csproj::TargetFramework=net9.0]
/home/lysander/repos/bannou/bannou-service/Generated/Models/OrchestratorModels.cs(1803,5): warning CS1591: Missing XML comment for publicly visible type or member 'CleanTarget.Networks' [/home/lysander/repos/bannou/Bannou.SDK/Bannou.SDK.csproj::TargetFramework=net9.0]
/home/lysander/repos/bannou/bannou-service/Generated/Models/OrchestratorModels.cs(1806,5): warning CS1591: Missing XML comment for publicly visible type or member 'CleanTarget.Volumes' [/home/lysander/repos/bannou/Bannou.SDK/Bannou.SDK.csproj::TargetFramework=net9.0]
/home/lysander/repos/bannou/bannou-service/Generated/Models/OrchestratorModels.cs(1809,5): warning CS1591: Missing XML comment for publicly visible type or member 'CleanTarget.Images' [/home/lysander/repos/bannou/Bannou.SDK/Bannou.SDK.csproj::TargetFramework=net9.0]
/home/lysander/repos/bannou/bannou-service/Generated/Models/OrchestratorModels.cs(1812,5): warning CS1591: Missing XML comment for publicly visible type or member 'CleanTarget.All' [/home/lysander/repos/bannou/Bannou.SDK/Bannou.SDK.csproj::TargetFramework=net9.0]
/home/lysander/repos/bannou/bannou-service/Generated/Models/OrchestratorModels.cs(1817,22): warning CS1591: Missing XML comment for publicly visible type or member 'CleanRequest' [/home/lysander/repos/bannou/Bannou.SDK/Bannou.SDK.csproj::TargetFramework=net9.0]
/home/lysander/repos/bannou/bannou-service/Generated/Models/OrchestratorModels.cs(1850,68): warning CS1591: Missing XML comment for publicly visible type or member 'CleanRequest.AdditionalProperties' [/home/lysander/repos/bannou/Bannou.SDK/Bannou.SDK.csproj::TargetFramework=net9.0]
/home/lysander/repos/bannou/bannou-service/Generated/Models/OrchestratorModels.cs(1859,22): warning CS1591: Missing XML comment for publicly visible type or member 'CleanResponse' [/home/lysander/repos/bannou/Bannou.SDK/Bannou.SDK.csproj::TargetFramework=net9.0]
/home/lysander/repos/bannou/bannou-service/Generated/Models/OrchestratorModels.cs(1863,17): warning CS1591: Missing XML comment for publicly visible type or member 'CleanResponse.Success' [/home/lysander/repos/bannou/Bannou.SDK/Bannou.SDK.csproj::TargetFramework=net9.0]
/home/lysander/repos/bannou/bannou-service/Generated/Models/OrchestratorModels.cs(1872,16): warning CS1591: Missing XML comment for publicly visible type or member 'CleanResponse.RemovedContainers' [/home/lysander/repos/bannou/Bannou.SDK/Bannou.SDK.csproj::TargetFramework=net9.0]
/home/lysander/repos/bannou/bannou-service/Generated/Models/OrchestratorModels.cs(1875,16): warning CS1591: Missing XML comment for publicly visible type or member 'CleanResponse.RemovedNetworks' [/home/lysander/repos/bannou/Bannou.SDK/Bannou.SDK.csproj::TargetFramework=net9.0]
/home/lysander/repos/bannou/bannou-service/Generated/Models/OrchestratorModels.cs(1878,16): warning CS1591: Missing XML comment for publicly visible type or member 'CleanResponse.RemovedVolumes' [/home/lysander/repos/bannou/Bannou.SDK/Bannou.SDK.csproj::TargetFramework=net9.0]
/home/lysander/repos/bannou/bannou-service/Generated/Models/OrchestratorModels.cs(1881,16): warning CS1591: Missing XML comment for publicly visible type or member 'CleanResponse.RemovedImages' [/home/lysander/repos/bannou/Bannou.SDK/Bannou.SDK.csproj::TargetFramework=net9.0]
/home/lysander/repos/bannou/bannou-service/Generated/Models/OrchestratorModels.cs(1884,59): warning CS1591: Missing XML comment for publicly visible type or member 'CleanResponse.Errors' [/home/lysander/repos/bannou/Bannou.SDK/Bannou.SDK.csproj::TargetFramework=net9.0]
/home/lysander/repos/bannou/bannou-service/Generated/Models/OrchestratorModels.cs(1887,19): warning CS1591: Missing XML comment for publicly visible type or member 'CleanResponse.Message' [/home/lysander/repos/bannou/Bannou.SDK/Bannou.SDK.csproj::TargetFramework=net9.0]
/home/lysander/repos/bannou/bannou-service/Generated/Models/OrchestratorModels.cs(1892,68): warning CS1591: Missing XML comment for publicly visible type or member 'CleanResponse.AdditionalProperties' [/home/lysander/repos/bannou/Bannou.SDK/Bannou.SDK.csproj::TargetFramework=net9.0]
/home/lysander/repos/bannou/bannou-service/Generated/Models/OrchestratorModels.cs(1901,22): warning CS1591: Missing XML comment for publicly visible type or member 'LogsResponse' [/home/lysander/repos/bannou/Bannou.SDK/Bannou.SDK.csproj::TargetFramework=net9.0]
/home/lysander/repos/bannou/bannou-service/Generated/Models/OrchestratorModels.cs(1919,61): warning CS1591: Missing XML comment for publicly visible type or member 'LogsResponse.Logs' [/home/lysander/repos/bannou/Bannou.SDK/Bannou.SDK.csproj::TargetFramework=net9.0]
/home/lysander/repos/bannou/bannou-service/Generated/Models/OrchestratorModels.cs(1930,68): warning CS1591: Missing XML comment for publicly visible type or member 'LogsResponse.AdditionalProperties' [/home/lysander/repos/bannou/Bannou.SDK/Bannou.SDK.csproj::TargetFramework=net9.0]
/home/lysander/repos/bannou/bannou-service/Generated/Models/OrchestratorModels.cs(1939,22): warning CS1591: Missing XML comment for publicly visible type or member 'LogEntry' [/home/lysander/repos/bannou/Bannou.SDK/Bannou.SDK.csproj::TargetFramework=net9.0]
/home/lysander/repos/bannou/bannou-service/Generated/Models/OrchestratorModels.cs(1945,34): warning CS1591: Missing XML comment for publicly visible type or member 'LogEntry.Timestamp' [/home/lysander/repos/bannou/Bannou.SDK/Bannou.SDK.csproj::TargetFramework=net9.0]
/home/lysander/repos/bannou/bannou-service/Generated/Models/OrchestratorModels.cs(1949,27): warning CS1591: Missing XML comment for publicly visible type or member 'LogEntry.Stream' [/home/lysander/repos/bannou/Bannou.SDK/Bannou.SDK.csproj::TargetFramework=net9.0]
/home/lysander/repos/bannou/bannou-service/Generated/Models/OrchestratorModels.cs(1954,19): warning CS1591: Missing XML comment for publicly visible type or member 'LogEntry.Message' [/home/lysander/repos/bannou/Bannou.SDK/Bannou.SDK.csproj::TargetFramework=net9.0]
/home/lysander/repos/bannou/bannou-service/Generated/Models/OrchestratorModels.cs(1959,68): warning CS1591: Missing XML comment for publicly visible type or member 'LogEntry.AdditionalProperties' [/home/lysander/repos/bannou/Bannou.SDK/Bannou.SDK.csproj::TargetFramework=net9.0]
/home/lysander/repos/bannou/bannou-service/Generated/Models/OrchestratorModels.cs(1968,22): warning CS1591: Missing XML comment for publicly visible type or member 'TopologyUpdateRequest' [/home/lysander/repos/bannou/Bannou.SDK/Bannou.SDK.csproj::TargetFramework=net9.0]
/home/lysander/repos/bannou/bannou-service/Generated/Models/OrchestratorModels.cs(1981,27): warning CS1591: Missing XML comment for publicly visible type or member 'TopologyUpdateRequest.Mode' [/home/lysander/repos/bannou/Bannou.SDK/Bannou.SDK.csproj::TargetFramework=net9.0]
/home/lysander/repos/bannou/bannou-service/Generated/Models/OrchestratorModels.cs(1992,68): warning CS1591: Missing XML comment for publicly visible type or member 'TopologyUpdateRequest.AdditionalProperties' [/home/lysander/repos/bannou/Bannou.SDK/Bannou.SDK.csproj::TargetFramework=net9.0]
/home/lysander/repos/bannou/bannou-service/Generated/Models/OrchestratorModels.cs(2001,22): warning CS1591: Missing XML comment for publicly visible type or member 'TopologyChange' [/home/lysander/repos/bannou/Bannou.SDK/Bannou.SDK.csproj::TargetFramework=net9.0]
/home/lysander/repos/bannou/bannou-service/Generated/Models/OrchestratorModels.cs(2046,68): warning CS1591: Missing XML comment for publicly visible type or member 'TopologyChange.AdditionalProperties' [/home/lysander/repos/bannou/Bannou.SDK/Bannou.SDK.csproj::TargetFramework=net9.0]
/home/lysander/repos/bannou/bannou-service/Generated/Models/OrchestratorModels.cs(2055,22): warning CS1591: Missing XML comment for publicly visible type or member 'TopologyUpdateResponse' [/home/lysander/repos/bannou/Bannou.SDK/Bannou.SDK.csproj::TargetFramework=net9.0]
/home/lysander/repos/bannou/bannou-service/Generated/Models/OrchestratorModels.cs(2059,17): warning CS1591: Missing XML comment for publicly visible type or member 'TopologyUpdateResponse.Success' [/home/lysander/repos/bannou/Bannou.SDK/Bannou.SDK.csproj::TargetFramework=net9.0]
/home/lysander/repos/bannou/bannou-service/Generated/Models/OrchestratorModels.cs(2064,66): warning CS1591: Missing XML comment for publicly visible type or member 'TopologyUpdateResponse.AppliedChanges' [/home/lysander/repos/bannou/Bannou.SDK/Bannou.SDK.csproj::TargetFramework=net9.0]
/home/lysander/repos/bannou/bannou-service/Generated/Models/OrchestratorModels.cs(2073,19): warning CS1591: Missing XML comment for publicly visible type or member 'TopologyUpdateResponse.Duration' [/home/lysander/repos/bannou/Bannou.SDK/Bannou.SDK.csproj::TargetFramework=net9.0]
/home/lysander/repos/bannou/bannou-service/Generated/Models/OrchestratorModels.cs(2076,59): warning CS1591: Missing XML comment for publicly visible type or member 'TopologyUpdateResponse.Warnings' [/home/lysander/repos/bannou/Bannou.SDK/Bannou.SDK.csproj::TargetFramework=net9.0]
/home/lysander/repos/bannou/bannou-service/Generated/Models/OrchestratorModels.cs(2079,19): warning CS1591: Missing XML comment for publicly visible type or member 'TopologyUpdateResponse.Message' [/home/lysander/repos/bannou/Bannou.SDK/Bannou.SDK.csproj::TargetFramework=net9.0]
/home/lysander/repos/bannou/bannou-service/Generated/Models/OrchestratorModels.cs(2084,68): warning CS1591: Missing XML comment for publicly visible type or member 'TopologyUpdateResponse.AdditionalProperties' [/home/lysander/repos/bannou/Bannou.SDK/Bannou.SDK.csproj::TargetFramework=net9.0]
/home/lysander/repos/bannou/bannou-service/Generated/Models/OrchestratorModels.cs(2093,22): warning CS1591: Missing XML comment for publicly visible type or member 'AppliedChange' [/home/lysander/repos/bannou/Bannou.SDK/Bannou.SDK.csproj::TargetFramework=net9.0]
/home/lysander/repos/bannou/bannou-service/Generated/Models/OrchestratorModels.cs(2099,19): warning CS1591: Missing XML comment for publicly visible type or member 'AppliedChange.Action' [/home/lysander/repos/bannou/Bannou.SDK/Bannou.SDK.csproj::TargetFramework=net9.0]
/home/lysander/repos/bannou/bannou-service/Generated/Models/OrchestratorModels.cs(2108,17): warning CS1591: Missing XML comment for publicly visible type or member 'AppliedChange.Success' [/home/lysander/repos/bannou/Bannou.SDK/Bannou.SDK.csproj::TargetFramework=net9.0]
/home/lysander/repos/bannou/bannou-service/Generated/Models/OrchestratorModels.cs(2119,68): warning CS1591: Missing XML comment for publicly visible type or member 'AppliedChange.AdditionalProperties' [/home/lysander/repos/bannou/Bannou.SDK/Bannou.SDK.csproj::TargetFramework=net9.0]
/home/lysander/repos/bannou/bannou-service/Generated/Models/OrchestratorModels.cs(2128,22): warning CS1591: Missing XML comment for publicly visible type or member 'ErrorResponse' [/home/lysander/repos/bannou/Bannou.SDK/Bannou.SDK.csproj::TargetFramework=net9.0]
/home/lysander/repos/bannou/bannou-service/Generated/Models/OrchestratorModels.cs(2156,68): warning CS1591: Missing XML comment for publicly visible type or member 'ErrorResponse.AdditionalProperties' [/home/lysander/repos/bannou/Bannou.SDK/Bannou.SDK.csproj::TargetFramework=net9.0]
/home/lysander/repos/bannou/bannou-service/Generated/Models/OrchestratorModels.cs(2176,19): warning CS1591: Missing XML comment for publicly visible type or member 'DeploymentEvent.EventId' [/home/lysander/repos/bannou/Bannou.SDK/Bannou.SDK.csproj::TargetFramework=net9.0]
/home/lysander/repos/bannou/bannou-service/Generated/Models/OrchestratorModels.cs(2181,34): warning CS1591: Missing XML comment for publicly visible type or member 'DeploymentEvent.Timestamp' [/home/lysander/repos/bannou/Bannou.SDK/Bannou.SDK.csproj::TargetFramework=net9.0]
/home/lysander/repos/bannou/bannou-service/Generated/Models/OrchestratorModels.cs(2187,34): warning CS1591: Missing XML comment for publicly visible type or member 'DeploymentEvent.Action' [/home/lysander/repos/bannou/Bannou.SDK/Bannou.SDK.csproj::TargetFramework=net9.0]
/home/lysander/repos/bannou/bannou-service/Generated/Models/OrchestratorModels.cs(2192,19): warning CS1591: Missing XML comment for publicly visible type or member 'DeploymentEvent.DeploymentId' [/home/lysander/repos/bannou/Bannou.SDK/Bannou.SDK.csproj::TargetFramework=net9.0]
/home/lysander/repos/bannou/bannou-service/Generated/Models/OrchestratorModels.cs(2195,19): warning CS1591: Missing XML comment for publicly visible type or member 'DeploymentEvent.Preset' [/home/lysander/repos/bannou/Bannou.SDK/Bannou.SDK.csproj::TargetFramework=net9.0]
/home/lysander/repos/bannou/bannou-service/Generated/Models/OrchestratorModels.cs(2199,24): warning CS1591: Missing XML comment for publicly visible type or member 'DeploymentEvent.Backend' [/home/lysander/repos/bannou/Bannou.SDK/Bannou.SDK.csproj::TargetFramework=net9.0]
/home/lysander/repos/bannou/bannou-service/Generated/Models/OrchestratorModels.cs(2216,68): warning CS1591: Missing XML comment for publicly visible type or member 'DeploymentEvent.AdditionalProperties' [/home/lysander/repos/bannou/Bannou.SDK/Bannou.SDK.csproj::TargetFramework=net9.0]
/home/lysander/repos/bannou/bannou-service/Generated/Models/OrchestratorModels.cs(2236,19): warning CS1591: Missing XML comment for publicly visible type or member 'ServiceRestartEvent.EventId' [/home/lysander/repos/bannou/Bannou.SDK/Bannou.SDK.csproj::TargetFramework=net9.0]
/home/lysander/repos/bannou/bannou-service/Generated/Models/OrchestratorModels.cs(2241,19): warning CS1591: Missing XML comment for publicly visible type or member 'ServiceRestartEvent.ServiceName' [/home/lysander/repos/bannou/Bannou.SDK/Bannou.SDK.csproj::TargetFramework=net9.0]
/home/lysander/repos/bannou/bannou-service/Generated/Models/OrchestratorModels.cs(2246,19): warning CS1591: Missing XML comment for publicly visible type or member 'ServiceRestartEvent.Reason' [/home/lysander/repos/bannou/Bannou.SDK/Bannou.SDK.csproj::TargetFramework=net9.0]
/home/lysander/repos/bannou/bannou-service/Generated/Models/OrchestratorModels.cs(2249,17): warning CS1591: Missing XML comment for publicly visible type or member 'ServiceRestartEvent.Forced' [/home/lysander/repos/bannou/Bannou.SDK/Bannou.SDK.csproj::TargetFramework=net9.0]
/home/lysander/repos/bannou/bannou-service/Generated/Models/OrchestratorModels.cs(2252,67): warning CS1591: Missing XML comment for publicly visible type or member 'ServiceRestartEvent.NewEnvironment' [/home/lysander/repos/bannou/Bannou.SDK/Bannou.SDK.csproj::TargetFramework=net9.0]
/home/lysander/repos/bannou/bannou-service/Generated/Models/OrchestratorModels.cs(2257,68): warning CS1591: Missing XML comment for publicly visible type or member 'ServiceRestartEvent.AdditionalProperties' [/home/lysander/repos/bannou/Bannou.SDK/Bannou.SDK.csproj::TargetFramework=net9.0]
/home/lysander/repos/bannou/bannou-service/Generated/Models/OrchestratorModels.cs(2287,34): warning CS1591: Missing XML comment for publicly visible type or member 'ConfigurationChangedEvent.Timestamp' [/home/lysander/repos/bannou/Bannou.SDK/Bannou.SDK.csproj::TargetFramework=net9.0]
/home/lysander/repos/bannou/bannou-service/Generated/Models/OrchestratorModels.cs(2312,68): warning CS1591: Missing XML comment for publicly visible type or member 'ConfigurationChangedEvent.AdditionalProperties' [/home/lysander/repos/bannou/Bannou.SDK/Bannou.SDK.csproj::TargetFramework=net9.0]
/home/lysander/repos/bannou/bannou-service/Generated/Models/OrchestratorModels.cs(2332,5): warning CS1591: Missing XML comment for publicly visible type or member 'RestartPriority.Graceful' [/home/lysander/repos/bannou/Bannou.SDK/Bannou.SDK.csproj::TargetFramework=net9.0]
/home/lysander/repos/bannou/bannou-service/Generated/Models/OrchestratorModels.cs(2335,5): warning CS1591: Missing XML comment for publicly visible type or member 'RestartPriority.Immediate' [/home/lysander/repos/bannou/Bannou.SDK/Bannou.SDK.csproj::TargetFramework=net9.0]
/home/lysander/repos/bannou/bannou-service/Generated/Models/OrchestratorModels.cs(2338,5): warning CS1591: Missing XML comment for publicly visible type or member 'RestartPriority.Force' [/home/lysander/repos/bannou/Bannou.SDK/Bannou.SDK.csproj::TargetFramework=net9.0]
/home/lysander/repos/bannou/bannou-service/Generated/Models/OrchestratorModels.cs(2343,22): warning CS1591: Missing XML comment for publicly visible type or member 'ContainerRestartRequest' [/home/lysander/repos/bannou/Bannou.SDK/Bannou.SDK.csproj::TargetFramework=net9.0]
/home/lysander/repos/bannou/bannou-service/Generated/Models/OrchestratorModels.cs(2356,28): warning CS1591: Missing XML comment for publicly visible type or member 'ContainerRestartRequest.Priority' [/home/lysander/repos/bannou/Bannou.SDK/Bannou.SDK.csproj::TargetFramework=net9.0]
/home/lysander/repos/bannou/bannou-service/Generated/Models/OrchestratorModels.cs(2367,68): warning CS1591: Missing XML comment for publicly visible type or member 'ContainerRestartRequest.AdditionalProperties' [/home/lysander/repos/bannou/Bannou.SDK/Bannou.SDK.csproj::TargetFramework=net9.0]
/home/lysander/repos/bannou/bannou-service/Generated/Models/OrchestratorModels.cs(2376,22): warning CS1591: Missing XML comment for publicly visible type or member 'ContainerRestartResponse' [/home/lysander/repos/bannou/Bannou.SDK/Bannou.SDK.csproj::TargetFramework=net9.0]
/home/lysander/repos/bannou/bannou-service/Generated/Models/OrchestratorModels.cs(2421,68): warning CS1591: Missing XML comment for publicly visible type or member 'ContainerRestartResponse.AdditionalProperties' [/home/lysander/repos/bannou/Bannou.SDK/Bannou.SDK.csproj::TargetFramework=net9.0]
/home/lysander/repos/bannou/bannou-service/Generated/Models/OrchestratorModels.cs(2430,22): warning CS1591: Missing XML comment for publicly visible type or member 'ContainerStatus' [/home/lysander/repos/bannou/Bannou.SDK/Bannou.SDK.csproj::TargetFramework=net9.0]
/home/lysander/repos/bannou/bannou-service/Generated/Models/OrchestratorModels.cs(2445,34): warning CS1591: Missing XML comment for publicly visible type or member 'ContainerStatus.Status' [/home/lysander/repos/bannou/Bannou.SDK/Bannou.SDK.csproj::TargetFramework=net9.0]
/home/lysander/repos/bannou/bannou-service/Generated/Models/OrchestratorModels.cs(2450,34): warning CS1591: Missing XML comment for publicly visible type or member 'ContainerStatus.Timestamp' [/home/lysander/repos/bannou/Bannou.SDK/Bannou.SDK.csproj::TargetFramework=net9.0]
/home/lysander/repos/bannou/bannou-service/Generated/Models/OrchestratorModels.cs(2483,25): warning CS1591: Missing XML comment for publicly visible type or member 'ContainerStatus.HealthChecks' [/home/lysander/repos/bannou/Bannou.SDK/Bannou.SDK.csproj::TargetFramework=net9.0]
/home/lysander/repos/bannou/bannou-service/Generated/Models/OrchestratorModels.cs(2494,68): warning CS1591: Missing XML comment for publicly visible type or member 'ContainerStatus.AdditionalProperties' [/home/lysander/repos/bannou/Bannou.SDK/Bannou.SDK.csproj::TargetFramework=net9.0]
/home/lysander/repos/bannou/bannou-service/Generated/Models/OrchestratorModels.cs(2503,22): warning CS1591: Missing XML comment for publicly visible type or member 'RestartHistoryEntry' [/home/lysander/repos/bannou/Bannou.SDK/Bannou.SDK.csproj::TargetFramework=net9.0]
/home/lysander/repos/bannou/bannou-service/Generated/Models/OrchestratorModels.cs(2509,34): warning CS1591: Missing XML comment for publicly visible type or member 'RestartHistoryEntry.Timestamp' [/home/lysander/repos/bannou/Bannou.SDK/Bannou.SDK.csproj::TargetFramework=net9.0]
/home/lysander/repos/bannou/bannou-service/Generated/Models/OrchestratorModels.cs(2514,19): warning CS1591: Missing XML comment for publicly visible type or member 'RestartHistoryEntry.Reason' [/home/lysander/repos/bannou/Bannou.SDK/Bannou.SDK.csproj::TargetFramework=net9.0]
/home/lysander/repos/bannou/bannou-service/Generated/Models/OrchestratorModels.cs(2518,28): warning CS1591: Missing XML comment for publicly visible type or member 'RestartHistoryEntry.Priority' [/home/lysander/repos/bannou/Bannou.SDK/Bannou.SDK.csproj::TargetFramework=net9.0]
/home/lysander/repos/bannou/bannou-service/Generated/Models/OrchestratorModels.cs(2527,17): warning CS1591: Missing XML comment for publicly visible type or member 'RestartHistoryEntry.Success' [/home/lysander/repos/bannou/Bannou.SDK/Bannou.SDK.csproj::TargetFramework=net9.0]
/home/lysander/repos/bannou/bannou-service/Generated/Models/OrchestratorModels.cs(2538,68): warning CS1591: Missing XML comment for publicly visible type or member 'RestartHistoryEntry.AdditionalProperties' [/home/lysander/repos/bannou/Bannou.SDK/Bannou.SDK.csproj::TargetFramework=net9.0]
/home/lysander/repos/bannou/bannou-service/Generated/Models/OrchestratorModels.cs(2547,22): warning CS1591: Missing XML comment for publicly visible type or member 'ConfigRollbackRequest' [/home/lysander/repos/bannou/Bannou.SDK/Bannou.SDK.csproj::TargetFramework=net9.0]
/home/lysander/repos/bannou/bannou-service/Generated/Models/OrchestratorModels.cs(2561,68): warning CS1591: Missing XML comment for publicly visible type or member 'ConfigRollbackRequest.AdditionalProperties' [/home/lysander/repos/bannou/Bannou.SDK/Bannou.SDK.csproj::TargetFramework=net9.0]
/home/lysander/repos/bannou/bannou-service/Generated/Models/OrchestratorModels.cs(2570,22): warning CS1591: Missing XML comment for publicly visible type or member 'ConfigRollbackResponse' [/home/lysander/repos/bannou/Bannou.SDK/Bannou.SDK.csproj::TargetFramework=net9.0]
/home/lysander/repos/bannou/bannou-service/Generated/Models/OrchestratorModels.cs(2574,17): warning CS1591: Missing XML comment for publicly visible type or member 'ConfigRollbackResponse.Success' [/home/lysander/repos/bannou/Bannou.SDK/Bannou.SDK.csproj::TargetFramework=net9.0]
/home/lysander/repos/bannou/bannou-service/Generated/Models/OrchestratorModels.cs(2595,19): warning CS1591: Missing XML comment for publicly visible type or member 'ConfigRollbackResponse.Message' [/home/lysander/repos/bannou/Bannou.SDK/Bannou.SDK.csproj::TargetFramework=net9.0]
/home/lysander/repos/bannou/bannou-service/Generated/Models/OrchestratorModels.cs(2600,68): warning CS1591: Missing XML comment for publicly visible type or member 'ConfigRollbackResponse.AdditionalProperties' [/home/lysander/repos/bannou/Bannou.SDK/Bannou.SDK.csproj::TargetFramework=net9.0]
/home/lysander/repos/bannou/bannou-service/Generated/Models/OrchestratorModels.cs(2609,22): warning CS1591: Missing XML comment for publicly visible type or member 'ConfigVersionResponse' [/home/lysander/repos/bannou/Bannou.SDK/Bannou.SDK.csproj::TargetFramework=net9.0]
/home/lysander/repos/bannou/bannou-service/Generated/Models/OrchestratorModels.cs(2647,68): warning CS1591: Missing XML comment for publicly visible type or member 'ConfigVersionResponse.AdditionalProperties' [/home/lysander/repos/bannou/Bannou.SDK/Bannou.SDK.csproj::TargetFramework=net9.0]
/home/lysander/repos/bannou/bannou-service/Generated/Models/OrchestratorModels.cs(2656,22): warning CS1591: Missing XML comment for publicly visible type or member 'AcquireProcessorRequest' [/home/lysander/repos/bannou/Bannou.SDK/Bannou.SDK.csproj::TargetFramework=net9.0]
/home/lysander/repos/bannou/bannou-service/Generated/Models/OrchestratorModels.cs(2688,68): warning CS1591: Missing XML comment for publicly visible type or member 'AcquireProcessorRequest.AdditionalProperties' [/home/lysander/repos/bannou/Bannou.SDK/Bannou.SDK.csproj::TargetFramework=net9.0]
/home/lysander/repos/bannou/bannou-service/Generated/Models/OrchestratorModels.cs(2697,22): warning CS1591: Missing XML comment for publicly visible type or member 'AcquireProcessorResponse' [/home/lysander/repos/bannou/Bannou.SDK/Bannou.SDK.csproj::TargetFramework=net9.0]
/home/lysander/repos/bannou/bannou-service/Generated/Models/OrchestratorModels.cs(2735,68): warning CS1591: Missing XML comment for publicly visible type or member 'AcquireProcessorResponse.AdditionalProperties' [/home/lysander/repos/bannou/Bannou.SDK/Bannou.SDK.csproj::TargetFramework=net9.0]
/home/lysander/repos/bannou/bannou-service/Generated/Models/OrchestratorModels.cs(2744,22): warning CS1591: Missing XML comment for publicly visible type or member 'PoolBusyResponse' [/home/lysander/repos/bannou/Bannou.SDK/Bannou.SDK.csproj::TargetFramework=net9.0]
/home/lysander/repos/bannou/bannou-service/Generated/Models/OrchestratorModels.cs(2776,68): warning CS1591: Missing XML comment for publicly visible type or member 'PoolBusyResponse.AdditionalProperties' [/home/lysander/repos/bannou/Bannou.SDK/Bannou.SDK.csproj::TargetFramework=net9.0]
/home/lysander/repos/bannou/bannou-service/Generated/Models/OrchestratorModels.cs(2785,22): warning CS1591: Missing XML comment for publicly visible type or member 'ReleaseProcessorRequest' [/home/lysander/repos/bannou/Bannou.SDK/Bannou.SDK.csproj::TargetFramework=net9.0]
/home/lysander/repos/bannou/bannou-service/Generated/Models/OrchestratorModels.cs(2811,68): warning CS1591: Missing XML comment for publicly visible type or member 'ReleaseProcessorRequest.AdditionalProperties' [/home/lysander/repos/bannou/Bannou.SDK/Bannou.SDK.csproj::TargetFramework=net9.0]
/home/lysander/repos/bannou/bannou-service/Generated/Models/OrchestratorModels.cs(2820,22): warning CS1591: Missing XML comment for publicly visible type or member 'ReleaseProcessorResponse' [/home/lysander/repos/bannou/Bannou.SDK/Bannou.SDK.csproj::TargetFramework=net9.0]
/home/lysander/repos/bannou/bannou-service/Generated/Models/OrchestratorModels.cs(2838,68): warning CS1591: Missing XML comment for publicly visible type or member 'ReleaseProcessorResponse.AdditionalProperties' [/home/lysander/repos/bannou/Bannou.SDK/Bannou.SDK.csproj::TargetFramework=net9.0]
/home/lysander/repos/bannou/bannou-service/Generated/Models/OrchestratorModels.cs(2847,22): warning CS1591: Missing XML comment for publicly visible type or member 'GetPoolStatusRequest' [/home/lysander/repos/bannou/Bannou.SDK/Bannou.SDK.csproj::TargetFramework=net9.0]
/home/lysander/repos/bannou/bannou-service/Generated/Models/OrchestratorModels.cs(2867,68): warning CS1591: Missing XML comment for publicly visible type or member 'GetPoolStatusRequest.AdditionalProperties' [/home/lysander/repos/bannou/Bannou.SDK/Bannou.SDK.csproj::TargetFramework=net9.0]
/home/lysander/repos/bannou/bannou-service/Generated/Models/OrchestratorModels.cs(2876,22): warning CS1591: Missing XML comment for publicly visible type or member 'PoolStatusResponse' [/home/lysander/repos/bannou/Bannou.SDK/Bannou.SDK.csproj::TargetFramework=net9.0]
/home/lysander/repos/bannou/bannou-service/Generated/Models/OrchestratorModels.cs(2936,24): warning CS1591: Missing XML comment for publicly visible type or member 'PoolStatusResponse.RecentMetrics' [/home/lysander/repos/bannou/Bannou.SDK/Bannou.SDK.csproj::TargetFramework=net9.0]
/home/lysander/repos/bannou/bannou-service/Generated/Models/OrchestratorModels.cs(2941,68): warning CS1591: Missing XML comment for publicly visible type or member 'PoolStatusResponse.AdditionalProperties' [/home/lysander/repos/bannou/Bannou.SDK/Bannou.SDK.csproj::TargetFramework=net9.0]
/home/lysander/repos/bannou/bannou-service/Generated/Models/OrchestratorModels.cs(2950,22): warning CS1591: Missing XML comment for publicly visible type or member 'PoolMetrics' [/home/lysander/repos/bannou/Bannou.SDK/Bannou.SDK.csproj::TargetFramework=net9.0]
/home/lysander/repos/bannou/bannou-service/Generated/Models/OrchestratorModels.cs(2980,68): warning CS1591: Missing XML comment for publicly visible type or member 'PoolMetrics.AdditionalProperties' [/home/lysander/repos/bannou/Bannou.SDK/Bannou.SDK.csproj::TargetFramework=net9.0]
/home/lysander/repos/bannou/bannou-service/Generated/Models/OrchestratorModels.cs(2989,22): warning CS1591: Missing XML comment for publicly visible type or member 'ScalePoolRequest' [/home/lysander/repos/bannou/Bannou.SDK/Bannou.SDK.csproj::TargetFramework=net9.0]
/home/lysander/repos/bannou/bannou-service/Generated/Models/OrchestratorModels.cs(3016,68): warning CS1591: Missing XML comment for publicly visible type or member 'ScalePoolRequest.AdditionalProperties' [/home/lysander/repos/bannou/Bannou.SDK/Bannou.SDK.csproj::TargetFramework=net9.0]
/home/lysander/repos/bannou/bannou-service/Generated/Models/OrchestratorModels.cs(3025,22): warning CS1591: Missing XML comment for publicly visible type or member 'ScalePoolResponse' [/home/lysander/repos/bannou/Bannou.SDK/Bannou.SDK.csproj::TargetFramework=net9.0]
/home/lysander/repos/bannou/bannou-service/Generated/Models/OrchestratorModels.cs(3069,68): warning CS1591: Missing XML comment for publicly visible type or member 'ScalePoolResponse.AdditionalProperties' [/home/lysander/repos/bannou/Bannou.SDK/Bannou.SDK.csproj::TargetFramework=net9.0]
/home/lysander/repos/bannou/bannou-service/Generated/Models/OrchestratorModels.cs(3078,22): warning CS1591: Missing XML comment for publicly visible type or member 'CleanupPoolRequest' [/home/lysander/repos/bannou/Bannou.SDK/Bannou.SDK.csproj::TargetFramework=net9.0]
/home/lysander/repos/bannou/bannou-service/Generated/Models/OrchestratorModels.cs(3098,68): warning CS1591: Missing XML comment for publicly visible type or member 'CleanupPoolRequest.AdditionalProperties' [/home/lysander/repos/bannou/Bannou.SDK/Bannou.SDK.csproj::TargetFramework=net9.0]
/home/lysander/repos/bannou/bannou-service/Generated/Models/OrchestratorModels.cs(3107,22): warning CS1591: Missing XML comment for publicly visible type or member 'CleanupPoolResponse' [/home/lysander/repos/bannou/Bannou.SDK/Bannou.SDK.csproj::TargetFramework=net9.0]
/home/lysander/repos/bannou/bannou-service/Generated/Models/OrchestratorModels.cs(3139,68): warning CS1591: Missing XML comment for publicly visible type or member 'CleanupPoolResponse.AdditionalProperties' [/home/lysander/repos/bannou/Bannou.SDK/Bannou.SDK.csproj::TargetFramework=net9.0]
/home/lysander/repos/bannou/bannou-service/Generated/Models/OrchestratorModels.cs(3148,13): warning CS1591: Missing XML comment for publicly visible type or member 'ListPresetsRequestCategory' [/home/lysander/repos/bannou/Bannou.SDK/Bannou.SDK.csproj::TargetFramework=net9.0]
/home/lysander/repos/bannou/bannou-service/Generated/Models/OrchestratorModels.cs(3152,5): warning CS1591: Missing XML comment for publicly visible type or member 'ListPresetsRequestCategory.Development' [/home/lysander/repos/bannou/Bannou.SDK/Bannou.SDK.csproj::TargetFramework=net9.0]
/home/lysander/repos/bannou/bannou-service/Generated/Models/OrchestratorModels.cs(3155,5): warning CS1591: Missing XML comment for publicly visible type or member 'ListPresetsRequestCategory.Testing' [/home/lysander/repos/bannou/Bannou.SDK/Bannou.SDK.csproj::TargetFramework=net9.0]
/home/lysander/repos/bannou/bannou-service/Generated/Models/OrchestratorModels.cs(3158,5): warning CS1591: Missing XML comment for publicly visible type or member 'ListPresetsRequestCategory.Production' [/home/lysander/repos/bannou/Bannou.SDK/Bannou.SDK.csproj::TargetFramework=net9.0]
/home/lysander/repos/bannou/bannou-service/Generated/Models/OrchestratorModels.cs(3161,5): warning CS1591: Missing XML comment for publicly visible type or member 'ListPresetsRequestCategory.Custom' [/home/lysander/repos/bannou/Bannou.SDK/Bannou.SDK.csproj::TargetFramework=net9.0]
/home/lysander/repos/bannou/bannou-service/Generated/Models/OrchestratorModels.cs(3166,13): warning CS1591: Missing XML comment for publicly visible type or member 'ComponentHealthStatus' [/home/lysander/repos/bannou/Bannou.SDK/Bannou.SDK.csproj::TargetFramework=net9.0]
/home/lysander/repos/bannou/bannou-service/Generated/Models/OrchestratorModels.cs(3170,5): warning CS1591: Missing XML comment for publicly visible type or member 'ComponentHealthStatus.Healthy' [/home/lysander/repos/bannou/Bannou.SDK/Bannou.SDK.csproj::TargetFramework=net9.0]
/home/lysander/repos/bannou/bannou-service/Generated/Models/OrchestratorModels.cs(3173,5): warning CS1591: Missing XML comment for publicly visible type or member 'ComponentHealthStatus.Degraded' [/home/lysander/repos/bannou/Bannou.SDK/Bannou.SDK.csproj::TargetFramework=net9.0]
/home/lysander/repos/bannou/bannou-service/Generated/Models/OrchestratorModels.cs(3176,5): warning CS1591: Missing XML comment for publicly visible type or member 'ComponentHealthStatus.Unavailable' [/home/lysander/repos/bannou/Bannou.SDK/Bannou.SDK.csproj::TargetFramework=net9.0]
/home/lysander/repos/bannou/bannou-service/Generated/Models/OrchestratorModels.cs(3181,22): warning CS1591: Missing XML comment for publicly visible type or member 'Capacity' [/home/lysander/repos/bannou/Bannou.SDK/Bannou.SDK.csproj::TargetFramework=net9.0]
/home/lysander/repos/bannou/bannou-service/Generated/Models/OrchestratorModels.cs(3185,16): warning CS1591: Missing XML comment for publicly visible type or member 'Capacity.MaxConnections' [/home/lysander/repos/bannou/Bannou.SDK/Bannou.SDK.csproj::TargetFramework=net9.0]
/home/lysander/repos/bannou/bannou-service/Generated/Models/OrchestratorModels.cs(3188,16): warning CS1591: Missing XML comment for publicly visible type or member 'Capacity.CurrentConnections' [/home/lysander/repos/bannou/Bannou.SDK/Bannou.SDK.csproj::TargetFramework=net9.0]
/home/lysander/repos/bannou/bannou-service/Generated/Models/OrchestratorModels.cs(3191,18): warning CS1591: Missing XML comment for publicly visible type or member 'Capacity.CpuUsage' [/home/lysander/repos/bannou/Bannou.SDK/Bannou.SDK.csproj::TargetFramework=net9.0]
/home/lysander/repos/bannou/bannou-service/Generated/Models/OrchestratorModels.cs(3194,18): warning CS1591: Missing XML comment for publicly visible type or member 'Capacity.MemoryUsage' [/home/lysander/repos/bannou/Bannou.SDK/Bannou.SDK.csproj::TargetFramework=net9.0]
/home/lysander/repos/bannou/bannou-service/Generated/Models/OrchestratorModels.cs(3199,68): warning CS1591: Missing XML comment for publicly visible type or member 'Capacity.AdditionalProperties' [/home/lysander/repos/bannou/Bannou.SDK/Bannou.SDK.csproj::TargetFramework=net9.0]
/home/lysander/repos/bannou/bannou-service/Generated/Models/OrchestratorModels.cs(3208,13): warning CS1591: Missing XML comment for publicly visible type or member 'TestExecutionRequestTestType' [/home/lysander/repos/bannou/Bannou.SDK/Bannou.SDK.csproj::TargetFramework=net9.0]
/home/lysander/repos/bannou/bannou-service/Generated/Models/OrchestratorModels.cs(3212,5): warning CS1591: Missing XML comment for publicly visible type or member 'TestExecutionRequestTestType.Infrastructure' [/home/lysander/repos/bannou/Bannou.SDK/Bannou.SDK.csproj::TargetFramework=net9.0]
/home/lysander/repos/bannou/bannou-service/Generated/Models/OrchestratorModels.cs(3215,5): warning CS1591: Missing XML comment for publicly visible type or member 'TestExecutionRequestTestType.Http' [/home/lysander/repos/bannou/Bannou.SDK/Bannou.SDK.csproj::TargetFramework=net9.0]
/home/lysander/repos/bannou/bannou-service/Generated/Models/OrchestratorModels.cs(3218,5): warning CS1591: Missing XML comment for publicly visible type or member 'TestExecutionRequestTestType.Edge' [/home/lysander/repos/bannou/Bannou.SDK/Bannou.SDK.csproj::TargetFramework=net9.0]
/home/lysander/repos/bannou/bannou-service/Generated/Models/OrchestratorModels.cs(3223,13): warning CS1591: Missing XML comment for publicly visible type or member 'DeploymentPresetCategory' [/home/lysander/repos/bannou/Bannou.SDK/Bannou.SDK.csproj::TargetFramework=net9.0]
/home/lysander/repos/bannou/bannou-service/Generated/Models/OrchestratorModels.cs(3227,5): warning CS1591: Missing XML comment for publicly visible type or member 'DeploymentPresetCategory.Development' [/home/lysander/repos/bannou/Bannou.SDK/Bannou.SDK.csproj::TargetFramework=net9.0]
/home/lysander/repos/bannou/bannou-service/Generated/Models/OrchestratorModels.cs(3230,5): warning CS1591: Missing XML comment for publicly visible type or member 'DeploymentPresetCategory.Testing' [/home/lysander/repos/bannou/Bannou.SDK/Bannou.SDK.csproj::TargetFramework=net9.0]
/home/lysander/repos/bannou/bannou-service/Generated/Models/OrchestratorModels.cs(3233,5): warning CS1591: Missing XML comment for publicly visible type or member 'DeploymentPresetCategory.Production' [/home/lysander/repos/bannou/Bannou.SDK/Bannou.SDK.csproj::TargetFramework=net9.0]
/home/lysander/repos/bannou/bannou-service/Generated/Models/OrchestratorModels.cs(3236,5): warning CS1591: Missing XML comment for publicly visible type or member 'DeploymentPresetCategory.Custom' [/home/lysander/repos/bannou/Bannou.SDK/Bannou.SDK.csproj::TargetFramework=net9.0]
/home/lysander/repos/bannou/bannou-service/Generated/Models/OrchestratorModels.cs(3241,13): warning CS1591: Missing XML comment for publicly visible type or member 'IngressConfigType' [/home/lysander/repos/bannou/Bannou.SDK/Bannou.SDK.csproj::TargetFramework=net9.0]
/home/lysander/repos/bannou/bannou-service/Generated/Models/OrchestratorModels.cs(3245,5): warning CS1591: Missing XML comment for publicly visible type or member 'IngressConfigType.Openresty' [/home/lysander/repos/bannou/Bannou.SDK/Bannou.SDK.csproj::TargetFramework=net9.0]
/home/lysander/repos/bannou/bannou-service/Generated/Models/OrchestratorModels.cs(3248,5): warning CS1591: Missing XML comment for publicly visible type or member 'IngressConfigType.Nginx' [/home/lysander/repos/bannou/Bannou.SDK/Bannou.SDK.csproj::TargetFramework=net9.0]
/home/lysander/repos/bannou/bannou-service/Generated/Models/OrchestratorModels.cs(3251,5): warning CS1591: Missing XML comment for publicly visible type or member 'IngressConfigType.Traefik' [/home/lysander/repos/bannou/Bannou.SDK/Bannou.SDK.csproj::TargetFramework=net9.0]
/home/lysander/repos/bannou/bannou-service/Generated/Models/OrchestratorModels.cs(3254,5): warning CS1591: Missing XML comment for publicly visible type or member 'IngressConfigType.None' [/home/lysander/repos/bannou/Bannou.SDK/Bannou.SDK.csproj::TargetFramework=net9.0]
/home/lysander/repos/bannou/bannou-service/Generated/Models/OrchestratorModels.cs(3259,22): warning CS1591: Missing XML comment for publicly visible type or member 'Ports' [/home/lysander/repos/bannou/Bannou.SDK/Bannou.SDK.csproj::TargetFramework=net9.0]
/home/lysander/repos/bannou/bannou-service/Generated/Models/OrchestratorModels.cs(3263,16): warning CS1591: Missing XML comment for publicly visible type or member 'Ports.Http' [/home/lysander/repos/bannou/Bannou.SDK/Bannou.SDK.csproj::TargetFramework=net9.0]
/home/lysander/repos/bannou/bannou-service/Generated/Models/OrchestratorModels.cs(3266,16): warning CS1591: Missing XML comment for publicly visible type or member 'Ports.Https' [/home/lysander/repos/bannou/Bannou.SDK/Bannou.SDK.csproj::TargetFramework=net9.0]
/home/lysander/repos/bannou/bannou-service/Generated/Models/OrchestratorModels.cs(3271,68): warning CS1591: Missing XML comment for publicly visible type or member 'Ports.AdditionalProperties' [/home/lysander/repos/bannou/Bannou.SDK/Bannou.SDK.csproj::TargetFramework=net9.0]
/home/lysander/repos/bannou/bannou-service/Generated/Models/OrchestratorModels.cs(3280,13): warning CS1591: Missing XML comment for publicly visible type or member 'DeployedServiceStatus' [/home/lysander/repos/bannou/Bannou.SDK/Bannou.SDK.csproj::TargetFramework=net9.0]
/home/lysander/repos/bannou/bannou-service/Generated/Models/OrchestratorModels.cs(3284,5): warning CS1591: Missing XML comment for publicly visible type or member 'DeployedServiceStatus.Starting' [/home/lysander/repos/bannou/Bannou.SDK/Bannou.SDK.csproj::TargetFramework=net9.0]
/home/lysander/repos/bannou/bannou-service/Generated/Models/OrchestratorModels.cs(3287,5): warning CS1591: Missing XML comment for publicly visible type or member 'DeployedServiceStatus.Running' [/home/lysander/repos/bannou/Bannou.SDK/Bannou.SDK.csproj::TargetFramework=net9.0]
/home/lysander/repos/bannou/bannou-service/Generated/Models/OrchestratorModels.cs(3290,5): warning CS1591: Missing XML comment for publicly visible type or member 'DeployedServiceStatus.Healthy' [/home/lysander/repos/bannou/Bannou.SDK/Bannou.SDK.csproj::TargetFramework=net9.0]
/home/lysander/repos/bannou/bannou-service/Generated/Models/OrchestratorModels.cs(3293,5): warning CS1591: Missing XML comment for publicly visible type or member 'DeployedServiceStatus.Unhealthy' [/home/lysander/repos/bannou/Bannou.SDK/Bannou.SDK.csproj::TargetFramework=net9.0]
/home/lysander/repos/bannou/bannou-service/Generated/Models/OrchestratorModels.cs(3296,5): warning CS1591: Missing XML comment for publicly visible type or member 'DeployedServiceStatus.Stopped' [/home/lysander/repos/bannou/Bannou.SDK/Bannou.SDK.csproj::TargetFramework=net9.0]
/home/lysander/repos/bannou/bannou-service/Generated/Models/OrchestratorModels.cs(3301,13): warning CS1591: Missing XML comment for publicly visible type or member 'LogEntryStream' [/home/lysander/repos/bannou/Bannou.SDK/Bannou.SDK.csproj::TargetFramework=net9.0]
/home/lysander/repos/bannou/bannou-service/Generated/Models/OrchestratorModels.cs(3305,5): warning CS1591: Missing XML comment for publicly visible type or member 'LogEntryStream.Stdout' [/home/lysander/repos/bannou/Bannou.SDK/Bannou.SDK.csproj::TargetFramework=net9.0]
/home/lysander/repos/bannou/bannou-service/Generated/Models/OrchestratorModels.cs(3308,5): warning CS1591: Missing XML comment for publicly visible type or member 'LogEntryStream.Stderr' [/home/lysander/repos/bannou/Bannou.SDK/Bannou.SDK.csproj::TargetFramework=net9.0]
/home/lysander/repos/bannou/bannou-service/Generated/Models/OrchestratorModels.cs(3313,13): warning CS1591: Missing XML comment for publicly visible type or member 'TopologyChangeAction' [/home/lysander/repos/bannou/Bannou.SDK/Bannou.SDK.csproj::TargetFramework=net9.0]
/home/lysander/repos/bannou/bannou-service/Generated/Models/OrchestratorModels.cs(3317,5): warning CS1591: Missing XML comment for publicly visible type or member 'TopologyChangeAction.AddNode' [/home/lysander/repos/bannou/Bannou.SDK/Bannou.SDK.csproj::TargetFramework=net9.0]
/home/lysander/repos/bannou/bannou-service/Generated/Models/OrchestratorModels.cs(3320,5): warning CS1591: Missing XML comment for publicly visible type or member 'TopologyChangeAction.RemoveNode' [/home/lysander/repos/bannou/Bannou.SDK/Bannou.SDK.csproj::TargetFramework=net9.0]
/home/lysander/repos/bannou/bannou-service/Generated/Models/OrchestratorModels.cs(3323,5): warning CS1591: Missing XML comment for publicly visible type or member 'TopologyChangeAction.MoveService' [/home/lysander/repos/bannou/Bannou.SDK/Bannou.SDK.csproj::TargetFramework=net9.0]
/home/lysander/repos/bannou/bannou-service/Generated/Models/OrchestratorModels.cs(3326,5): warning CS1591: Missing XML comment for publicly visible type or member 'TopologyChangeAction.Scale' [/home/lysander/repos/bannou/Bannou.SDK/Bannou.SDK.csproj::TargetFramework=net9.0]
/home/lysander/repos/bannou/bannou-service/Generated/Models/OrchestratorModels.cs(3329,5): warning CS1591: Missing XML comment for publicly visible type or member 'TopologyChangeAction.UpdateEnv' [/home/lysander/repos/bannou/Bannou.SDK/Bannou.SDK.csproj::TargetFramework=net9.0]
/home/lysander/repos/bannou/bannou-service/Generated/Models/OrchestratorModels.cs(3334,13): warning CS1591: Missing XML comment for publicly visible type or member 'DeploymentEventAction' [/home/lysander/repos/bannou/Bannou.SDK/Bannou.SDK.csproj::TargetFramework=net9.0]
/home/lysander/repos/bannou/bannou-service/Generated/Models/OrchestratorModels.cs(3338,5): warning CS1591: Missing XML comment for publicly visible type or member 'DeploymentEventAction.Started' [/home/lysander/repos/bannou/Bannou.SDK/Bannou.SDK.csproj::TargetFramework=net9.0]
/home/lysander/repos/bannou/bannou-service/Generated/Models/OrchestratorModels.cs(3341,5): warning CS1591: Missing XML comment for publicly visible type or member 'DeploymentEventAction.Completed' [/home/lysander/repos/bannou/Bannou.SDK/Bannou.SDK.csproj::TargetFramework=net9.0]
/home/lysander/repos/bannou/bannou-service/Generated/Models/OrchestratorModels.cs(3344,5): warning CS1591: Missing XML comment for publicly visible type or member 'DeploymentEventAction.Failed' [/home/lysander/repos/bannou/Bannou.SDK/Bannou.SDK.csproj::TargetFramework=net9.0]
/home/lysander/repos/bannou/bannou-service/Generated/Models/OrchestratorModels.cs(3347,5): warning CS1591: Missing XML comment for publicly visible type or member 'DeploymentEventAction.TopologyChanged' [/home/lysander/repos/bannou/Bannou.SDK/Bannou.SDK.csproj::TargetFramework=net9.0]
/home/lysander/repos/bannou/bannou-service/Generated/Models/OrchestratorModels.cs(3352,13): warning CS1591: Missing XML comment for publicly visible type or member 'ContainerRestartResponseRestartStrategy' [/home/lysander/repos/bannou/Bannou.SDK/Bannou.SDK.csproj::TargetFramework=net9.0]
/home/lysander/repos/bannou/bannou-service/Generated/Models/OrchestratorModels.cs(3356,5): warning CS1591: Missing XML comment for publicly visible type or member 'ContainerRestartResponseRestartStrategy.Rolling' [/home/lysander/repos/bannou/Bannou.SDK/Bannou.SDK.csproj::TargetFramework=net9.0]
/home/lysander/repos/bannou/bannou-service/Generated/Models/OrchestratorModels.cs(3359,5): warning CS1591: Missing XML comment for publicly visible type or member 'ContainerRestartResponseRestartStrategy.Simultaneous' [/home/lysander/repos/bannou/Bannou.SDK/Bannou.SDK.csproj::TargetFramework=net9.0]
/home/lysander/repos/bannou/bannou-service/Generated/Models/OrchestratorModels.cs(3364,13): warning CS1591: Missing XML comment for publicly visible type or member 'ContainerStatusStatus' [/home/lysander/repos/bannou/Bannou.SDK/Bannou.SDK.csproj::TargetFramework=net9.0]
/home/lysander/repos/bannou/bannou-service/Generated/Models/OrchestratorModels.cs(3368,5): warning CS1591: Missing XML comment for publicly visible type or member 'ContainerStatusStatus.Running' [/home/lysander/repos/bannou/Bannou.SDK/Bannou.SDK.csproj::TargetFramework=net9.0]
/home/lysander/repos/bannou/bannou-service/Generated/Models/OrchestratorModels.cs(3371,5): warning CS1591: Missing XML comment for publicly visible type or member 'ContainerStatusStatus.Starting' [/home/lysander/repos/bannou/Bannou.SDK/Bannou.SDK.csproj::TargetFramework=net9.0]
/home/lysander/repos/bannou/bannou-service/Generated/Models/OrchestratorModels.cs(3374,5): warning CS1591: Missing XML comment for publicly visible type or member 'ContainerStatusStatus.Stopping' [/home/lysander/repos/bannou/Bannou.SDK/Bannou.SDK.csproj::TargetFramework=net9.0]
/home/lysander/repos/bannou/bannou-service/Generated/Models/OrchestratorModels.cs(3377,5): warning CS1591: Missing XML comment for publicly visible type or member 'ContainerStatusStatus.Stopped' [/home/lysander/repos/bannou/Bannou.SDK/Bannou.SDK.csproj::TargetFramework=net9.0]
/home/lysander/repos/bannou/bannou-service/Generated/Models/OrchestratorModels.cs(3380,5): warning CS1591: Missing XML comment for publicly visible type or member 'ContainerStatusStatus.Unhealthy' [/home/lysander/repos/bannou/Bannou.SDK/Bannou.SDK.csproj::TargetFramework=net9.0]
/home/lysander/repos/bannou/bannou-service/Generated/Models/OrchestratorModels.cs(3385,22): warning CS1591: Missing XML comment for publicly visible type or member 'HealthChecks' [/home/lysander/repos/bannou/Bannou.SDK/Bannou.SDK.csproj::TargetFramework=net9.0]
/home/lysander/repos/bannou/bannou-service/Generated/Models/OrchestratorModels.cs(3389,34): warning CS1591: Missing XML comment for publicly visible type or member 'HealthChecks.LastCheck' [/home/lysander/repos/bannou/Bannou.SDK/Bannou.SDK.csproj::TargetFramework=net9.0]
/home/lysander/repos/bannou/bannou-service/Generated/Models/OrchestratorModels.cs(3392,19): warning CS1591: Missing XML comment for publicly visible type or member 'HealthChecks.Status' [/home/lysander/repos/bannou/Bannou.SDK/Bannou.SDK.csproj::TargetFramework=net9.0]
/home/lysander/repos/bannou/bannou-service/Generated/Models/OrchestratorModels.cs(3395,16): warning CS1591: Missing XML comment for publicly visible type or member 'HealthChecks.ConsecutiveFailures' [/home/lysander/repos/bannou/Bannou.SDK/Bannou.SDK.csproj::TargetFramework=net9.0]
/home/lysander/repos/bannou/bannou-service/Generated/Models/OrchestratorModels.cs(3400,68): warning CS1591: Missing XML comment for publicly visible type or member 'HealthChecks.AdditionalProperties' [/home/lysander/repos/bannou/Bannou.SDK/Bannou.SDK.csproj::TargetFramework=net9.0]
/home/lysander/repos/bannou/bannou-service/Generated/Clients/MessagingClient.cs(19,26): warning CS1591: Missing XML comment for publicly visible type or member 'IMessagingClient' [/home/lysander/repos/bannou/Bannou.SDK/Bannou.SDK.csproj::TargetFramework=net9.0]
/home/lysander/repos/bannou/bannou-service/Generated/Clients/MessagingClient.cs(28,93): warning CS1573: Parameter 'body' has no matching param tag in the XML comment for 'IMessagingClient.PublishEventAsync(PublishEventRequest, CancellationToken)' (but other parameters do) [/home/lysander/repos/bannou/Bannou.SDK/Bannou.SDK.csproj::TargetFramework=net9.0]
/home/lysander/repos/bannou/bannou-service/Generated/Clients/MessagingClient.cs(36,111): warning CS1573: Parameter 'body' has no matching param tag in the XML comment for 'IMessagingClient.CreateSubscriptionAsync(CreateSubscriptionRequest, CancellationToken)' (but other parameters do) [/home/lysander/repos/bannou/Bannou.SDK/Bannou.SDK.csproj::TargetFramework=net9.0]
/home/lysander/repos/bannou/bannou-service/Generated/Clients/MessagingClient.cs(44,111): warning CS1573: Parameter 'body' has no matching param tag in the XML comment for 'IMessagingClient.RemoveSubscriptionAsync(RemoveSubscriptionRequest, CancellationToken)' (but other parameters do) [/home/lysander/repos/bannou/Bannou.SDK/Bannou.SDK.csproj::TargetFramework=net9.0]
/home/lysander/repos/bannou/bannou-service/Generated/Clients/MessagingClient.cs(52,88): warning CS1573: Parameter 'body' has no matching param tag in the XML comment for 'IMessagingClient.ListTopicsAsync(ListTopicsRequest?, CancellationToken)' (but other parameters do) [/home/lysander/repos/bannou/Bannou.SDK/Bannou.SDK.csproj::TargetFramework=net9.0]
/home/lysander/repos/bannou/bannou-service/Generated/Clients/MessagingClient.cs(56,22): warning CS1591: Missing XML comment for publicly visible type or member 'MessagingClient' [/home/lysander/repos/bannou/Bannou.SDK/Bannou.SDK.csproj::TargetFramework=net9.0]
/home/lysander/repos/bannou/bannou-service/Generated/Clients/MessagingClient.cs(76,12): warning CS1591: Missing XML comment for publicly visible type or member 'MessagingClient.MessagingClient(IMeshInvocationClient, IServiceAppMappingResolver, ILogger<MessagingClient>?)' [/home/lysander/repos/bannou/Bannou.SDK/Bannou.SDK.csproj::TargetFramework=net9.0]
/home/lysander/repos/bannou/bannou-service/Generated/Clients/MessagingClient.cs(84,54): warning CS1591: Missing XML comment for publicly visible type or member 'MessagingClient.JsonSerializerSettings' [/home/lysander/repos/bannou/Bannou.SDK/Bannou.SDK.csproj::TargetFramework=net9.0]
/home/lysander/repos/bannou/bannou-service/Generated/Clients/MessagingClient.cs(184,114): warning CS1573: Parameter 'body' has no matching param tag in the XML comment for 'MessagingClient.PublishEventAsync(PublishEventRequest, CancellationToken)' (but other parameters do) [/home/lysander/repos/bannou/Bannou.SDK/Bannou.SDK.csproj::TargetFramework=net9.0]
/home/lysander/repos/bannou/bannou-service/Generated/Clients/MessagingClient.cs(263,132): warning CS1573: Parameter 'body' has no matching param tag in the XML comment for 'MessagingClient.CreateSubscriptionAsync(CreateSubscriptionRequest, CancellationToken)' (but other parameters do) [/home/lysander/repos/bannou/Bannou.SDK/Bannou.SDK.csproj::TargetFramework=net9.0]
/home/lysander/repos/bannou/bannou-service/Generated/Clients/MessagingClient.cs(342,132): warning CS1573: Parameter 'body' has no matching param tag in the XML comment for 'MessagingClient.RemoveSubscriptionAsync(RemoveSubscriptionRequest, CancellationToken)' (but other parameters do) [/home/lysander/repos/bannou/Bannou.SDK/Bannou.SDK.csproj::TargetFramework=net9.0]
/home/lysander/repos/bannou/bannou-service/Generated/Clients/MessagingClient.cs(421,109): warning CS1573: Parameter 'body' has no matching param tag in the XML comment for 'MessagingClient.ListTopicsAsync(ListTopicsRequest?, CancellationToken)' (but other parameters do) [/home/lysander/repos/bannou/Bannou.SDK/Bannou.SDK.csproj::TargetFramework=net9.0]
/home/lysander/repos/bannou/bannou-service/Generated/Clients/MessagingClient.cs(491,22): warning CS1591: Missing XML comment for publicly visible type or member 'MessagingClient.ObjectResponseResult<T>' [/home/lysander/repos/bannou/Bannou.SDK/Bannou.SDK.csproj::TargetFramework=net9.0]
/home/lysander/repos/bannou/bannou-service/Generated/Clients/MessagingClient.cs(493,16): warning CS1591: Missing XML comment for publicly visible type or member 'MessagingClient.ObjectResponseResult<T>.ObjectResponseResult(T, string)' [/home/lysander/repos/bannou/Bannou.SDK/Bannou.SDK.csproj::TargetFramework=net9.0]
/home/lysander/repos/bannou/bannou-service/Generated/Clients/MessagingClient.cs(499,18): warning CS1591: Missing XML comment for publicly visible type or member 'MessagingClient.ObjectResponseResult<T>.Object' [/home/lysander/repos/bannou/Bannou.SDK/Bannou.SDK.csproj::TargetFramework=net9.0]
/home/lysander/repos/bannou/bannou-service/Generated/Clients/MessagingClient.cs(501,23): warning CS1591: Missing XML comment for publicly visible type or member 'MessagingClient.ObjectResponseResult<T>.Text' [/home/lysander/repos/bannou/Bannou.SDK/Bannou.SDK.csproj::TargetFramework=net9.0]
/home/lysander/repos/bannou/bannou-service/Generated/Clients/MessagingClient.cs(524,17): warning CS1591: Missing XML comment for publicly visible type or member 'MessagingClient.ReadResponseAsString' [/home/lysander/repos/bannou/Bannou.SDK/Bannou.SDK.csproj::TargetFramework=net9.0]
/home/lysander/repos/bannou/bannou-service/Generated/Clients/MessagingClient.cs(526,86): warning CS1591: Missing XML comment for publicly visible type or member 'MessagingClient.ReadObjectResponseAsync<T>(HttpResponseMessage, IReadOnlyDictionary<string, IEnumerable<string>>, CancellationToken)' [/home/lysander/repos/bannou/Bannou.SDK/Bannou.SDK.csproj::TargetFramework=net9.0]
/home/lysander/repos/bannou/bannou-service/Generated/Models/MessagingModels.cs(18,22): warning CS1591: Missing XML comment for publicly visible type or member 'PublishEventRequest' [/home/lysander/repos/bannou/Bannou.SDK/Bannou.SDK.csproj::TargetFramework=net9.0]
/home/lysander/repos/bannou/bannou-service/Generated/Models/MessagingModels.cs(38,27): warning CS1591: Missing XML comment for publicly visible type or member 'PublishEventRequest.Options' [/home/lysander/repos/bannou/Bannou.SDK/Bannou.SDK.csproj::TargetFramework=net9.0]
/home/lysander/repos/bannou/bannou-service/Generated/Models/MessagingModels.cs(43,68): warning CS1591: Missing XML comment for publicly visible type or member 'PublishEventRequest.AdditionalProperties' [/home/lysander/repos/bannou/Bannou.SDK/Bannou.SDK.csproj::TargetFramework=net9.0]
/home/lysander/repos/bannou/bannou-service/Generated/Models/MessagingModels.cs(111,68): warning CS1591: Missing XML comment for publicly visible type or member 'PublishOptions.AdditionalProperties' [/home/lysander/repos/bannou/Bannou.SDK/Bannou.SDK.csproj::TargetFramework=net9.0]
/home/lysander/repos/bannou/bannou-service/Generated/Models/MessagingModels.cs(120,22): warning CS1591: Missing XML comment for publicly visible type or member 'PublishEventResponse' [/home/lysander/repos/bannou/Bannou.SDK/Bannou.SDK.csproj::TargetFramework=net9.0]
/home/lysander/repos/bannou/bannou-service/Generated/Models/MessagingModels.cs(124,17): warning CS1591: Missing XML comment for publicly visible type or member 'PublishEventResponse.Success' [/home/lysander/repos/bannou/Bannou.SDK/Bannou.SDK.csproj::TargetFramework=net9.0]
/home/lysander/repos/bannou/bannou-service/Generated/Models/MessagingModels.cs(127,24): warning CS1591: Missing XML comment for publicly visible type or member 'PublishEventResponse.MessageId' [/home/lysander/repos/bannou/Bannou.SDK/Bannou.SDK.csproj::TargetFramework=net9.0]
/home/lysander/repos/bannou/bannou-service/Generated/Models/MessagingModels.cs(132,68): warning CS1591: Missing XML comment for publicly visible type or member 'PublishEventResponse.AdditionalProperties' [/home/lysander/repos/bannou/Bannou.SDK/Bannou.SDK.csproj::TargetFramework=net9.0]
/home/lysander/repos/bannou/bannou-service/Generated/Models/MessagingModels.cs(141,22): warning CS1591: Missing XML comment for publicly visible type or member 'CreateSubscriptionRequest' [/home/lysander/repos/bannou/Bannou.SDK/Bannou.SDK.csproj::TargetFramework=net9.0]
/home/lysander/repos/bannou/bannou-service/Generated/Models/MessagingModels.cs(147,19): warning CS1591: Missing XML comment for publicly visible type or member 'CreateSubscriptionRequest.Topic' [/home/lysander/repos/bannou/Bannou.SDK/Bannou.SDK.csproj::TargetFramework=net9.0]
/home/lysander/repos/bannou/bannou-service/Generated/Models/MessagingModels.cs(158,32): warning CS1591: Missing XML comment for publicly visible type or member 'CreateSubscriptionRequest.Options' [/home/lysander/repos/bannou/Bannou.SDK/Bannou.SDK.csproj::TargetFramework=net9.0]
/home/lysander/repos/bannou/bannou-service/Generated/Models/MessagingModels.cs(163,68): warning CS1591: Missing XML comment for publicly visible type or member 'CreateSubscriptionRequest.AdditionalProperties' [/home/lysander/repos/bannou/Bannou.SDK/Bannou.SDK.csproj::TargetFramework=net9.0]
/home/lysander/repos/bannou/bannou-service/Generated/Models/MessagingModels.cs(217,68): warning CS1591: Missing XML comment for publicly visible type or member 'SubscriptionOptions.AdditionalProperties' [/home/lysander/repos/bannou/Bannou.SDK/Bannou.SDK.csproj::TargetFramework=net9.0]
/home/lysander/repos/bannou/bannou-service/Generated/Models/MessagingModels.cs(226,22): warning CS1591: Missing XML comment for publicly visible type or member 'CreateSubscriptionResponse' [/home/lysander/repos/bannou/Bannou.SDK/Bannou.SDK.csproj::TargetFramework=net9.0]
/home/lysander/repos/bannou/bannou-service/Generated/Models/MessagingModels.cs(230,24): warning CS1591: Missing XML comment for publicly visible type or member 'CreateSubscriptionResponse.SubscriptionId' [/home/lysander/repos/bannou/Bannou.SDK/Bannou.SDK.csproj::TargetFramework=net9.0]
/home/lysander/repos/bannou/bannou-service/Generated/Models/MessagingModels.cs(233,19): warning CS1591: Missing XML comment for publicly visible type or member 'CreateSubscriptionResponse.QueueName' [/home/lysander/repos/bannou/Bannou.SDK/Bannou.SDK.csproj::TargetFramework=net9.0]
/home/lysander/repos/bannou/bannou-service/Generated/Models/MessagingModels.cs(238,68): warning CS1591: Missing XML comment for publicly visible type or member 'CreateSubscriptionResponse.AdditionalProperties' [/home/lysander/repos/bannou/Bannou.SDK/Bannou.SDK.csproj::TargetFramework=net9.0]
/home/lysander/repos/bannou/bannou-service/Generated/Models/MessagingModels.cs(247,22): warning CS1591: Missing XML comment for publicly visible type or member 'RemoveSubscriptionRequest' [/home/lysander/repos/bannou/Bannou.SDK/Bannou.SDK.csproj::TargetFramework=net9.0]
/home/lysander/repos/bannou/bannou-service/Generated/Models/MessagingModels.cs(253,24): warning CS1591: Missing XML comment for publicly visible type or member 'RemoveSubscriptionRequest.SubscriptionId' [/home/lysander/repos/bannou/Bannou.SDK/Bannou.SDK.csproj::TargetFramework=net9.0]
/home/lysander/repos/bannou/bannou-service/Generated/Models/MessagingModels.cs(258,68): warning CS1591: Missing XML comment for publicly visible type or member 'RemoveSubscriptionRequest.AdditionalProperties' [/home/lysander/repos/bannou/Bannou.SDK/Bannou.SDK.csproj::TargetFramework=net9.0]
/home/lysander/repos/bannou/bannou-service/Generated/Models/MessagingModels.cs(267,22): warning CS1591: Missing XML comment for publicly visible type or member 'RemoveSubscriptionResponse' [/home/lysander/repos/bannou/Bannou.SDK/Bannou.SDK.csproj::TargetFramework=net9.0]
/home/lysander/repos/bannou/bannou-service/Generated/Models/MessagingModels.cs(271,17): warning CS1591: Missing XML comment for publicly visible type or member 'RemoveSubscriptionResponse.Success' [/home/lysander/repos/bannou/Bannou.SDK/Bannou.SDK.csproj::TargetFramework=net9.0]
/home/lysander/repos/bannou/bannou-service/Generated/Models/MessagingModels.cs(276,68): warning CS1591: Missing XML comment for publicly visible type or member 'RemoveSubscriptionResponse.AdditionalProperties' [/home/lysander/repos/bannou/Bannou.SDK/Bannou.SDK.csproj::TargetFramework=net9.0]
/home/lysander/repos/bannou/bannou-service/Generated/Models/MessagingModels.cs(306,68): warning CS1591: Missing XML comment for publicly visible type or member 'ListTopicsRequest.AdditionalProperties' [/home/lysander/repos/bannou/Bannou.SDK/Bannou.SDK.csproj::TargetFramework=net9.0]
/home/lysander/repos/bannou/bannou-service/Generated/Models/MessagingModels.cs(315,22): warning CS1591: Missing XML comment for publicly visible type or member 'ListTopicsResponse' [/home/lysander/repos/bannou/Bannou.SDK/Bannou.SDK.csproj::TargetFramework=net9.0]
/home/lysander/repos/bannou/bannou-service/Generated/Models/MessagingModels.cs(319,62): warning CS1591: Missing XML comment for publicly visible type or member 'ListTopicsResponse.Topics' [/home/lysander/repos/bannou/Bannou.SDK/Bannou.SDK.csproj::TargetFramework=net9.0]
/home/lysander/repos/bannou/bannou-service/Generated/Models/MessagingModels.cs(324,68): warning CS1591: Missing XML comment for publicly visible type or member 'ListTopicsResponse.AdditionalProperties' [/home/lysander/repos/bannou/Bannou.SDK/Bannou.SDK.csproj::TargetFramework=net9.0]
/home/lysander/repos/bannou/bannou-service/Generated/Models/MessagingModels.cs(333,22): warning CS1591: Missing XML comment for publicly visible type or member 'TopicInfo' [/home/lysander/repos/bannou/Bannou.SDK/Bannou.SDK.csproj::TargetFramework=net9.0]
/home/lysander/repos/bannou/bannou-service/Generated/Models/MessagingModels.cs(337,19): warning CS1591: Missing XML comment for publicly visible type or member 'TopicInfo.Name' [/home/lysander/repos/bannou/Bannou.SDK/Bannou.SDK.csproj::TargetFramework=net9.0]
/home/lysander/repos/bannou/bannou-service/Generated/Models/MessagingModels.cs(340,16): warning CS1591: Missing XML comment for publicly visible type or member 'TopicInfo.MessageCount' [/home/lysander/repos/bannou/Bannou.SDK/Bannou.SDK.csproj::TargetFramework=net9.0]
/home/lysander/repos/bannou/bannou-service/Generated/Models/MessagingModels.cs(343,16): warning CS1591: Missing XML comment for publicly visible type or member 'TopicInfo.ConsumerCount' [/home/lysander/repos/bannou/Bannou.SDK/Bannou.SDK.csproj::TargetFramework=net9.0]
/home/lysander/repos/bannou/bannou-service/Generated/Models/MessagingModels.cs(348,68): warning CS1591: Missing XML comment for publicly visible type or member 'TopicInfo.AdditionalProperties' [/home/lysander/repos/bannou/Bannou.SDK/Bannou.SDK.csproj::TargetFramework=net9.0]
/home/lysander/repos/bannou/bannou-service/Generated/Models/MessagingModels.cs(357,13): warning CS1591: Missing XML comment for publicly visible type or member 'PublishOptionsExchangeType' [/home/lysander/repos/bannou/Bannou.SDK/Bannou.SDK.csproj::TargetFramework=net9.0]
/home/lysander/repos/bannou/bannou-service/Generated/Models/MessagingModels.cs(361,5): warning CS1591: Missing XML comment for publicly visible type or member 'PublishOptionsExchangeType.Fanout' [/home/lysander/repos/bannou/Bannou.SDK/Bannou.SDK.csproj::TargetFramework=net9.0]
/home/lysander/repos/bannou/bannou-service/Generated/Models/MessagingModels.cs(364,5): warning CS1591: Missing XML comment for publicly visible type or member 'PublishOptionsExchangeType.Direct' [/home/lysander/repos/bannou/Bannou.SDK/Bannou.SDK.csproj::TargetFramework=net9.0]
/home/lysander/repos/bannou/bannou-service/Generated/Models/MessagingModels.cs(367,5): warning CS1591: Missing XML comment for publicly visible type or member 'PublishOptionsExchangeType.Topic' [/home/lysander/repos/bannou/Bannou.SDK/Bannou.SDK.csproj::TargetFramework=net9.0]
/home/lysander/repos/bannou/bannou-service/Generated/Clients/AuthClient.cs(19,26): warning CS1591: Missing XML comment for publicly visible type or member 'IAuthClient' [/home/lysander/repos/bannou/Bannou.SDK/Bannou.SDK.csproj::TargetFramework=net9.0]
/home/lysander/repos/bannou/bannou-service/Generated/Clients/AuthClient.cs(28,71): warning CS1573: Parameter 'body' has no matching param tag in the XML comment for 'IAuthClient.LoginAsync(LoginRequest, CancellationToken)' (but other parameters do) [/home/lysander/repos/bannou/Bannou.SDK/Bannou.SDK.csproj::TargetFramework=net9.0]
/home/lysander/repos/bannou/bannou-service/Generated/Clients/AuthClient.cs(36,81): warning CS1573: Parameter 'body' has no matching param tag in the XML comment for 'IAuthClient.RegisterAsync(RegisterRequest, CancellationToken)' (but other parameters do) [/home/lysander/repos/bannou/Bannou.SDK/Bannou.SDK.csproj::TargetFramework=net9.0]
/home/lysander/repos/bannou/bannou-service/Generated/Clients/AuthClient.cs(50,57): warning CS1573: Parameter 'provider' has no matching param tag in the XML comment for 'IAuthClient.InitOAuthAsync(Provider, Uri, string?, CancellationToken)' (but other parameters do) [/home/lysander/repos/bannou/Bannou.SDK/Bannou.SDK.csproj::TargetFramework=net9.0]
/home/lysander/repos/bannou/bannou-service/Generated/Clients/AuthClient.cs(50,78): warning CS1573: Parameter 'redirectUri' has no matching param tag in the XML comment for 'IAuthClient.InitOAuthAsync(Provider, Uri, string?, CancellationToken)' (but other parameters do) [/home/lysander/repos/bannou/Bannou.SDK/Bannou.SDK.csproj::TargetFramework=net9.0]
/home/lysander/repos/bannou/bannou-service/Generated/Clients/AuthClient.cs(50,99): warning CS1573: Parameter 'state' has no matching param tag in the XML comment for 'IAuthClient.InitOAuthAsync(Provider, Uri, string?, CancellationToken)' (but other parameters do) [/home/lysander/repos/bannou/Bannou.SDK/Bannou.SDK.csproj::TargetFramework=net9.0]
/home/lysander/repos/bannou/bannou-service/Generated/Clients/AuthClient.cs(65,75): warning CS1573: Parameter 'provider' has no matching param tag in the XML comment for 'IAuthClient.CompleteOAuthAsync(Provider, OAuthCallbackRequest, CancellationToken)' (but other parameters do) [/home/lysander/repos/bannou/Bannou.SDK/Bannou.SDK.csproj::TargetFramework=net9.0]
/home/lysander/repos/bannou/bannou-service/Generated/Clients/AuthClient.cs(65,106): warning CS1573: Parameter 'body' has no matching param tag in the XML comment for 'IAuthClient.CompleteOAuthAsync(Provider, OAuthCallbackRequest, CancellationToken)' (but other parameters do) [/home/lysander/repos/bannou/Bannou.SDK/Bannou.SDK.csproj::TargetFramework=net9.0]
/home/lysander/repos/bannou/bannou-service/Generated/Clients/AuthClient.cs(78,87): warning CS1573: Parameter 'body' has no matching param tag in the XML comment for 'IAuthClient.VerifySteamAuthAsync(SteamVerifyRequest, CancellationToken)' (but other parameters do) [/home/lysander/repos/bannou/Bannou.SDK/Bannou.SDK.csproj::TargetFramework=net9.0]
/home/lysander/repos/bannou/bannou-service/Generated/Clients/AuthClient.cs(86,80): warning CS1573: Parameter 'body' has no matching param tag in the XML comment for 'IAuthClient.RefreshTokenAsync(RefreshRequest, CancellationToken)' (but other parameters do) [/home/lysander/repos/bannou/Bannou.SDK/Bannou.SDK.csproj::TargetFramework=net9.0]
/home/lysander/repos/bannou/bannou-service/Generated/Clients/AuthClient.cs(102,60): warning CS1573: Parameter 'body' has no matching param tag in the XML comment for 'IAuthClient.LogoutAsync(LogoutRequest?, CancellationToken)' (but other parameters do) [/home/lysander/repos/bannou/Bannou.SDK/Bannou.SDK.csproj::TargetFramework=net9.0]
/home/lysander/repos/bannou/bannou-service/Generated/Clients/AuthClient.cs(118,79): warning CS1573: Parameter 'body' has no matching param tag in the XML comment for 'IAuthClient.TerminateSessionAsync(TerminateSessionRequest, CancellationToken)' (but other parameters do) [/home/lysander/repos/bannou/Bannou.SDK/Bannou.SDK.csproj::TargetFramework=net9.0]
/home/lysander/repos/bannou/bannou-service/Generated/Clients/AuthClient.cs(126,80): warning CS1573: Parameter 'body' has no matching param tag in the XML comment for 'IAuthClient.RequestPasswordResetAsync(PasswordResetRequest, CancellationToken)' (but other parameters do) [/home/lysander/repos/bannou/Bannou.SDK/Bannou.SDK.csproj::TargetFramework=net9.0]
/home/lysander/repos/bannou/bannou-service/Generated/Clients/AuthClient.cs(134,87): warning CS1573: Parameter 'body' has no matching param tag in the XML comment for 'IAuthClient.ConfirmPasswordResetAsync(PasswordResetConfirmRequest, CancellationToken)' (but other parameters do) [/home/lysander/repos/bannou/Bannou.SDK/Bannou.SDK.csproj::TargetFramework=net9.0]
/home/lysander/repos/bannou/bannou-service/Generated/Clients/AuthClient.cs(138,22): warning CS1591: Missing XML comment for publicly visible type or member 'AuthClient' [/home/lysander/repos/bannou/Bannou.SDK/Bannou.SDK.csproj::TargetFramework=net9.0]
/home/lysander/repos/bannou/bannou-service/Generated/Clients/AuthClient.cs(158,12): warning CS1591: Missing XML comment for publicly visible type or member 'AuthClient.AuthClient(IMeshInvocationClient, IServiceAppMappingResolver, ILogger<AuthClient>?)' [/home/lysander/repos/bannou/Bannou.SDK/Bannou.SDK.csproj::TargetFramework=net9.0]
/home/lysander/repos/bannou/bannou-service/Generated/Clients/AuthClient.cs(166,54): warning CS1591: Missing XML comment for publicly visible type or member 'AuthClient.JsonSerializerSettings' [/home/lysander/repos/bannou/Bannou.SDK/Bannou.SDK.csproj::TargetFramework=net9.0]
/home/lysander/repos/bannou/bannou-service/Generated/Clients/AuthClient.cs(266,92): warning CS1573: Parameter 'body' has no matching param tag in the XML comment for 'AuthClient.LoginAsync(LoginRequest, CancellationToken)' (but other parameters do) [/home/lysander/repos/bannou/Bannou.SDK/Bannou.SDK.csproj::TargetFramework=net9.0]
/home/lysander/repos/bannou/bannou-service/Generated/Clients/AuthClient.cs(357,102): warning CS1573: Parameter 'body' has no matching param tag in the XML comment for 'AuthClient.RegisterAsync(RegisterRequest, CancellationToken)' (but other parameters do) [/home/lysander/repos/bannou/Bannou.SDK/Bannou.SDK.csproj::TargetFramework=net9.0]
/home/lysander/repos/bannou/bannou-service/Generated/Clients/AuthClient.cs(454,78): warning CS1573: Parameter 'provider' has no matching param tag in the XML comment for 'AuthClient.InitOAuthAsync(Provider, Uri, string?, CancellationToken)' (but other parameters do) [/home/lysander/repos/bannou/Bannou.SDK/Bannou.SDK.csproj::TargetFramework=net9.0]
/home/lysander/repos/bannou/bannou-service/Generated/Clients/AuthClient.cs(454,99): warning CS1573: Parameter 'redirectUri' has no matching param tag in the XML comment for 'AuthClient.InitOAuthAsync(Provider, Uri, string?, CancellationToken)' (but other parameters do) [/home/lysander/repos/bannou/Bannou.SDK/Bannou.SDK.csproj::TargetFramework=net9.0]
/home/lysander/repos/bannou/bannou-service/Generated/Clients/AuthClient.cs(454,120): warning CS1573: Parameter 'state' has no matching param tag in the XML comment for 'AuthClient.InitOAuthAsync(Provider, Uri, string?, CancellationToken)' (but other parameters do) [/home/lysander/repos/bannou/Bannou.SDK/Bannou.SDK.csproj::TargetFramework=net9.0]
/home/lysander/repos/bannou/bannou-service/Generated/Clients/AuthClient.cs(550,96): warning CS1573: Parameter 'provider' has no matching param tag in the XML comment for 'AuthClient.CompleteOAuthAsync(Provider, OAuthCallbackRequest, CancellationToken)' (but other parameters do) [/home/lysander/repos/bannou/Bannou.SDK/Bannou.SDK.csproj::TargetFramework=net9.0]
/home/lysander/repos/bannou/bannou-service/Generated/Clients/AuthClient.cs(550,127): warning CS1573: Parameter 'body' has no matching param tag in the XML comment for 'AuthClient.CompleteOAuthAsync(Provider, OAuthCallbackRequest, CancellationToken)' (but other parameters do) [/home/lysander/repos/bannou/Bannou.SDK/Bannou.SDK.csproj::TargetFramework=net9.0]
/home/lysander/repos/bannou/bannou-service/Generated/Clients/AuthClient.cs(639,108): warning CS1573: Parameter 'body' has no matching param tag in the XML comment for 'AuthClient.VerifySteamAuthAsync(SteamVerifyRequest, CancellationToken)' (but other parameters do) [/home/lysander/repos/bannou/Bannou.SDK/Bannou.SDK.csproj::TargetFramework=net9.0]
/home/lysander/repos/bannou/bannou-service/Generated/Clients/AuthClient.cs(730,101): warning CS1573: Parameter 'body' has no matching param tag in the XML comment for 'AuthClient.RefreshTokenAsync(RefreshRequest, CancellationToken)' (but other parameters do) [/home/lysander/repos/bannou/Bannou.SDK/Bannou.SDK.csproj::TargetFramework=net9.0]
/home/lysander/repos/bannou/bannou-service/Generated/Clients/AuthClient.cs(894,81): warning CS1573: Parameter 'body' has no matching param tag in the XML comment for 'AuthClient.LogoutAsync(LogoutRequest?, CancellationToken)' (but other parameters do) [/home/lysander/repos/bannou/Bannou.SDK/Bannou.SDK.csproj::TargetFramework=net9.0]
/home/lysander/repos/bannou/bannou-service/Generated/Clients/AuthClient.cs(1037,100): warning CS1573: Parameter 'body' has no matching param tag in the XML comment for 'AuthClient.TerminateSessionAsync(TerminateSessionRequest, CancellationToken)' (but other parameters do) [/home/lysander/repos/bannou/Bannou.SDK/Bannou.SDK.csproj::TargetFramework=net9.0]
/home/lysander/repos/bannou/bannou-service/Generated/Clients/AuthClient.cs(1116,101): warning CS1573: Parameter 'body' has no matching param tag in the XML comment for 'AuthClient.RequestPasswordResetAsync(PasswordResetRequest, CancellationToken)' (but other parameters do) [/home/lysander/repos/bannou/Bannou.SDK/Bannou.SDK.csproj::TargetFramework=net9.0]
/home/lysander/repos/bannou/bannou-service/Generated/Clients/AuthClient.cs(1189,108): warning CS1573: Parameter 'body' has no matching param tag in the XML comment for 'AuthClient.ConfirmPasswordResetAsync(PasswordResetConfirmRequest, CancellationToken)' (but other parameters do) [/home/lysander/repos/bannou/Bannou.SDK/Bannou.SDK.csproj::TargetFramework=net9.0]
/home/lysander/repos/bannou/bannou-service/Generated/Clients/AuthClient.cs(1256,22): warning CS1591: Missing XML comment for publicly visible type or member 'AuthClient.ObjectResponseResult<T>' [/home/lysander/repos/bannou/Bannou.SDK/Bannou.SDK.csproj::TargetFramework=net9.0]
/home/lysander/repos/bannou/bannou-service/Generated/Clients/AuthClient.cs(1258,16): warning CS1591: Missing XML comment for publicly visible type or member 'AuthClient.ObjectResponseResult<T>.ObjectResponseResult(T, string)' [/home/lysander/repos/bannou/Bannou.SDK/Bannou.SDK.csproj::TargetFramework=net9.0]
/home/lysander/repos/bannou/bannou-service/Generated/Clients/AuthClient.cs(1264,18): warning CS1591: Missing XML comment for publicly visible type or member 'AuthClient.ObjectResponseResult<T>.Object' [/home/lysander/repos/bannou/Bannou.SDK/Bannou.SDK.csproj::TargetFramework=net9.0]
/home/lysander/repos/bannou/bannou-service/Generated/Clients/AuthClient.cs(1266,23): warning CS1591: Missing XML comment for publicly visible type or member 'AuthClient.ObjectResponseResult<T>.Text' [/home/lysander/repos/bannou/Bannou.SDK/Bannou.SDK.csproj::TargetFramework=net9.0]
/home/lysander/repos/bannou/bannou-service/Generated/Clients/AuthClient.cs(1289,17): warning CS1591: Missing XML comment for publicly visible type or member 'AuthClient.ReadResponseAsString' [/home/lysander/repos/bannou/Bannou.SDK/Bannou.SDK.csproj::TargetFramework=net9.0]
/home/lysander/repos/bannou/bannou-service/Generated/Clients/AuthClient.cs(1291,86): warning CS1591: Missing XML comment for publicly visible type or member 'AuthClient.ReadObjectResponseAsync<T>(HttpResponseMessage, IReadOnlyDictionary<string, IEnumerable<string>>, CancellationToken)' [/home/lysander/repos/bannou/Bannou.SDK/Bannou.SDK.csproj::TargetFramework=net9.0]
/home/lysander/repos/bannou/bannou-service/Generated/Models/AuthModels.cs(25,5): warning CS1591: Missing XML comment for publicly visible type or member 'Provider.Google' [/home/lysander/repos/bannou/Bannou.SDK/Bannou.SDK.csproj::TargetFramework=net9.0]
/home/lysander/repos/bannou/bannou-service/Generated/Models/AuthModels.cs(28,5): warning CS1591: Missing XML comment for publicly visible type or member 'Provider.Discord' [/home/lysander/repos/bannou/Bannou.SDK/Bannou.SDK.csproj::TargetFramework=net9.0]
/home/lysander/repos/bannou/bannou-service/Generated/Models/AuthModels.cs(31,5): warning CS1591: Missing XML comment for publicly visible type or member 'Provider.Twitch' [/home/lysander/repos/bannou/Bannou.SDK/Bannou.SDK.csproj::TargetFramework=net9.0]
/home/lysander/repos/bannou/bannou-service/Generated/Models/AuthModels.cs(53,68): warning CS1591: Missing XML comment for publicly visible type or member 'InitOAuthResponse.AdditionalProperties' [/home/lysander/repos/bannou/Bannou.SDK/Bannou.SDK.csproj::TargetFramework=net9.0]
/home/lysander/repos/bannou/bannou-service/Generated/Models/AuthModels.cs(79,68): warning CS1591: Missing XML comment for publicly visible type or member 'TerminateSessionRequest.AdditionalProperties' [/home/lysander/repos/bannou/Bannou.SDK/Bannou.SDK.csproj::TargetFramework=net9.0]
/home/lysander/repos/bannou/bannou-service/Generated/Models/AuthModels.cs(88,22): warning CS1591: Missing XML comment for publicly visible type or member 'LoginRequest' [/home/lysander/repos/bannou/Bannou.SDK/Bannou.SDK.csproj::TargetFramework=net9.0]
/home/lysander/repos/bannou/bannou-service/Generated/Models/AuthModels.cs(94,19): warning CS1591: Missing XML comment for publicly visible type or member 'LoginRequest.Email' [/home/lysander/repos/bannou/Bannou.SDK/Bannou.SDK.csproj::TargetFramework=net9.0]
/home/lysander/repos/bannou/bannou-service/Generated/Models/AuthModels.cs(99,19): warning CS1591: Missing XML comment for publicly visible type or member 'LoginRequest.Password' [/home/lysander/repos/bannou/Bannou.SDK/Bannou.SDK.csproj::TargetFramework=net9.0]
/home/lysander/repos/bannou/bannou-service/Generated/Models/AuthModels.cs(102,17): warning CS1591: Missing XML comment for publicly visible type or member 'LoginRequest.RememberMe' [/home/lysander/repos/bannou/Bannou.SDK/Bannou.SDK.csproj::TargetFramework=net9.0]
/home/lysander/repos/bannou/bannou-service/Generated/Models/AuthModels.cs(105,23): warning CS1591: Missing XML comment for publicly visible type or member 'LoginRequest.DeviceInfo' [/home/lysander/repos/bannou/Bannou.SDK/Bannou.SDK.csproj::TargetFramework=net9.0]
/home/lysander/repos/bannou/bannou-service/Generated/Models/AuthModels.cs(110,68): warning CS1591: Missing XML comment for publicly visible type or member 'LoginRequest.AdditionalProperties' [/home/lysander/repos/bannou/Bannou.SDK/Bannou.SDK.csproj::TargetFramework=net9.0]
/home/lysander/repos/bannou/bannou-service/Generated/Models/AuthModels.cs(153,68): warning CS1591: Missing XML comment for publicly visible type or member 'RegisterRequest.AdditionalProperties' [/home/lysander/repos/bannou/Bannou.SDK/Bannou.SDK.csproj::TargetFramework=net9.0]
/home/lysander/repos/bannou/bannou-service/Generated/Models/AuthModels.cs(193,68): warning CS1591: Missing XML comment for publicly visible type or member 'RegisterResponse.AdditionalProperties' [/home/lysander/repos/bannou/Bannou.SDK/Bannou.SDK.csproj::TargetFramework=net9.0]
/home/lysander/repos/bannou/bannou-service/Generated/Models/AuthModels.cs(225,68): warning CS1591: Missing XML comment for publicly visible type or member 'LoginResponse.AdditionalProperties' [/home/lysander/repos/bannou/Bannou.SDK/Bannou.SDK.csproj::TargetFramework=net9.0]
/home/lysander/repos/bannou/bannou-service/Generated/Models/AuthModels.cs(234,22): warning CS1591: Missing XML comment for publicly visible type or member 'AuthResponse' [/home/lysander/repos/bannou/Bannou.SDK/Bannou.SDK.csproj::TargetFramework=net9.0]
/home/lysander/repos/bannou/bannou-service/Generated/Models/AuthModels.cs(240,24): warning CS1591: Missing XML comment for publicly visible type or member 'AuthResponse.AccountId' [/home/lysander/repos/bannou/Bannou.SDK/Bannou.SDK.csproj::TargetFramework=net9.0]
/home/lysander/repos/bannou/bannou-service/Generated/Models/AuthModels.cs(245,19): warning CS1591: Missing XML comment for publicly visible type or member 'AuthResponse.AccessToken' [/home/lysander/repos/bannou/Bannou.SDK/Bannou.SDK.csproj::TargetFramework=net9.0]
/home/lysander/repos/bannou/bannou-service/Generated/Models/AuthModels.cs(250,19): warning CS1591: Missing XML comment for publicly visible type or member 'AuthResponse.RefreshToken' [/home/lysander/repos/bannou/Bannou.SDK/Bannou.SDK.csproj::TargetFramework=net9.0]
/home/lysander/repos/bannou/bannou-service/Generated/Models/AuthModels.cs(267,59): warning CS1591: Missing XML comment for publicly visible type or member 'AuthResponse.Roles' [/home/lysander/repos/bannou/Bannou.SDK/Bannou.SDK.csproj::TargetFramework=net9.0]
/home/lysander/repos/bannou/bannou-service/Generated/Models/AuthModels.cs(270,17): warning CS1591: Missing XML comment for publicly visible type or member 'AuthResponse.RequiresTwoFactor' [/home/lysander/repos/bannou/Bannou.SDK/Bannou.SDK.csproj::TargetFramework=net9.0]
/home/lysander/repos/bannou/bannou-service/Generated/Models/AuthModels.cs(275,68): warning CS1591: Missing XML comment for publicly visible type or member 'AuthResponse.AdditionalProperties' [/home/lysander/repos/bannou/Bannou.SDK/Bannou.SDK.csproj::TargetFramework=net9.0]
/home/lysander/repos/bannou/bannou-service/Generated/Models/AuthModels.cs(284,22): warning CS1591: Missing XML comment for publicly visible type or member 'OAuthCallbackRequest' [/home/lysander/repos/bannou/Bannou.SDK/Bannou.SDK.csproj::TargetFramework=net9.0]
/home/lysander/repos/bannou/bannou-service/Generated/Models/AuthModels.cs(290,19): warning CS1591: Missing XML comment for publicly visible type or member 'OAuthCallbackRequest.Code' [/home/lysander/repos/bannou/Bannou.SDK/Bannou.SDK.csproj::TargetFramework=net9.0]
/home/lysander/repos/bannou/bannou-service/Generated/Models/AuthModels.cs(293,20): warning CS1591: Missing XML comment for publicly visible type or member 'OAuthCallbackRequest.State' [/home/lysander/repos/bannou/Bannou.SDK/Bannou.SDK.csproj::TargetFramework=net9.0]
/home/lysander/repos/bannou/bannou-service/Generated/Models/AuthModels.cs(296,23): warning CS1591: Missing XML comment for publicly visible type or member 'OAuthCallbackRequest.DeviceInfo' [/home/lysander/repos/bannou/Bannou.SDK/Bannou.SDK.csproj::TargetFramework=net9.0]
/home/lysander/repos/bannou/bannou-service/Generated/Models/AuthModels.cs(301,68): warning CS1591: Missing XML comment for publicly visible type or member 'OAuthCallbackRequest.AdditionalProperties' [/home/lysander/repos/bannou/Bannou.SDK/Bannou.SDK.csproj::TargetFramework=net9.0]
/home/lysander/repos/bannou/bannou-service/Generated/Models/AuthModels.cs(330,23): warning CS1591: Missing XML comment for publicly visible type or member 'SteamVerifyRequest.DeviceInfo' [/home/lysander/repos/bannou/Bannou.SDK/Bannou.SDK.csproj::TargetFramework=net9.0]
/home/lysander/repos/bannou/bannou-service/Generated/Models/AuthModels.cs(335,68): warning CS1591: Missing XML comment for publicly visible type or member 'SteamVerifyRequest.AdditionalProperties' [/home/lysander/repos/bannou/Bannou.SDK/Bannou.SDK.csproj::TargetFramework=net9.0]
/home/lysander/repos/bannou/bannou-service/Generated/Models/AuthModels.cs(344,22): warning CS1591: Missing XML comment for publicly visible type or member 'RefreshRequest' [/home/lysander/repos/bannou/Bannou.SDK/Bannou.SDK.csproj::TargetFramework=net9.0]
/home/lysander/repos/bannou/bannou-service/Generated/Models/AuthModels.cs(350,19): warning CS1591: Missing XML comment for publicly visible type or member 'RefreshRequest.RefreshToken' [/home/lysander/repos/bannou/Bannou.SDK/Bannou.SDK.csproj::TargetFramework=net9.0]
/home/lysander/repos/bannou/bannou-service/Generated/Models/AuthModels.cs(355,68): warning CS1591: Missing XML comment for publicly visible type or member 'RefreshRequest.AdditionalProperties' [/home/lysander/repos/bannou/Bannou.SDK/Bannou.SDK.csproj::TargetFramework=net9.0]
/home/lysander/repos/bannou/bannou-service/Generated/Models/AuthModels.cs(364,22): warning CS1591: Missing XML comment for publicly visible type or member 'ValidateTokenResponse' [/home/lysander/repos/bannou/Bannou.SDK/Bannou.SDK.csproj::TargetFramework=net9.0]
/home/lysander/repos/bannou/bannou-service/Generated/Models/AuthModels.cs(368,17): warning CS1591: Missing XML comment for publicly visible type or member 'ValidateTokenResponse.Valid' [/home/lysander/repos/bannou/Bannou.SDK/Bannou.SDK.csproj::TargetFramework=net9.0]
/home/lysander/repos/bannou/bannou-service/Generated/Models/AuthModels.cs(373,24): warning CS1591: Missing XML comment for publicly visible type or member 'ValidateTokenResponse.AccountId' [/home/lysander/repos/bannou/Bannou.SDK/Bannou.SDK.csproj::TargetFramework=net9.0]
/home/lysander/repos/bannou/bannou-service/Generated/Models/AuthModels.cs(384,59): warning CS1591: Missing XML comment for publicly visible type or member 'ValidateTokenResponse.Roles' [/home/lysander/repos/bannou/Bannou.SDK/Bannou.SDK.csproj::TargetFramework=net9.0]
/home/lysander/repos/bannou/bannou-service/Generated/Models/AuthModels.cs(403,68): warning CS1591: Missing XML comment for publicly visible type or member 'ValidateTokenResponse.AdditionalProperties' [/home/lysander/repos/bannou/Bannou.SDK/Bannou.SDK.csproj::TargetFramework=net9.0]
/home/lysander/repos/bannou/bannou-service/Generated/Models/AuthModels.cs(412,22): warning CS1591: Missing XML comment for publicly visible type or member 'LogoutRequest' [/home/lysander/repos/bannou/Bannou.SDK/Bannou.SDK.csproj::TargetFramework=net9.0]
/home/lysander/repos/bannou/bannou-service/Generated/Models/AuthModels.cs(424,68): warning CS1591: Missing XML comment for publicly visible type or member 'LogoutRequest.AdditionalProperties' [/home/lysander/repos/bannou/Bannou.SDK/Bannou.SDK.csproj::TargetFramework=net9.0]
/home/lysander/repos/bannou/bannou-service/Generated/Models/AuthModels.cs(433,22): warning CS1591: Missing XML comment for publicly visible type or member 'SessionsResponse' [/home/lysander/repos/bannou/Bannou.SDK/Bannou.SDK.csproj::TargetFramework=net9.0]
/home/lysander/repos/bannou/bannou-service/Generated/Models/AuthModels.cs(439,64): warning CS1591: Missing XML comment for publicly visible type or member 'SessionsResponse.Sessions' [/home/lysander/repos/bannou/Bannou.SDK/Bannou.SDK.csproj::TargetFramework=net9.0]
/home/lysander/repos/bannou/bannou-service/Generated/Models/AuthModels.cs(444,68): warning CS1591: Missing XML comment for publicly visible type or member 'SessionsResponse.AdditionalProperties' [/home/lysander/repos/bannou/Bannou.SDK/Bannou.SDK.csproj::TargetFramework=net9.0]
/home/lysander/repos/bannou/bannou-service/Generated/Models/AuthModels.cs(453,22): warning CS1591: Missing XML comment for publicly visible type or member 'SessionInfo' [/home/lysander/repos/bannou/Bannou.SDK/Bannou.SDK.csproj::TargetFramework=net9.0]
/home/lysander/repos/bannou/bannou-service/Generated/Models/AuthModels.cs(459,24): warning CS1591: Missing XML comment for publicly visible type or member 'SessionInfo.SessionId' [/home/lysander/repos/bannou/Bannou.SDK/Bannou.SDK.csproj::TargetFramework=net9.0]
/home/lysander/repos/bannou/bannou-service/Generated/Models/AuthModels.cs(462,23): warning CS1591: Missing XML comment for publicly visible type or member 'SessionInfo.DeviceInfo' [/home/lysander/repos/bannou/Bannou.SDK/Bannou.SDK.csproj::TargetFramework=net9.0]
/home/lysander/repos/bannou/bannou-service/Generated/Models/AuthModels.cs(467,34): warning CS1591: Missing XML comment for publicly visible type or member 'SessionInfo.CreatedAt' [/home/lysander/repos/bannou/Bannou.SDK/Bannou.SDK.csproj::TargetFramework=net9.0]
/home/lysander/repos/bannou/bannou-service/Generated/Models/AuthModels.cs(472,34): warning CS1591: Missing XML comment for publicly visible type or member 'SessionInfo.LastActive' [/home/lysander/repos/bannou/Bannou.SDK/Bannou.SDK.csproj::TargetFramework=net9.0]
/home/lysander/repos/bannou/bannou-service/Generated/Models/AuthModels.cs(475,19): warning CS1591: Missing XML comment for publicly visible type or member 'SessionInfo.IpAddress' [/home/lysander/repos/bannou/Bannou.SDK/Bannou.SDK.csproj::TargetFramework=net9.0]
/home/lysander/repos/bannou/bannou-service/Generated/Models/AuthModels.cs(478,20): warning CS1591: Missing XML comment for publicly visible type or member 'SessionInfo.Location' [/home/lysander/repos/bannou/Bannou.SDK/Bannou.SDK.csproj::TargetFramework=net9.0]
/home/lysander/repos/bannou/bannou-service/Generated/Models/AuthModels.cs(483,68): warning CS1591: Missing XML comment for publicly visible type or member 'SessionInfo.AdditionalProperties' [/home/lysander/repos/bannou/Bannou.SDK/Bannou.SDK.csproj::TargetFramework=net9.0]
/home/lysander/repos/bannou/bannou-service/Generated/Models/AuthModels.cs(492,22): warning CS1591: Missing XML comment for publicly visible type or member 'DeviceInfo' [/home/lysander/repos/bannou/Bannou.SDK/Bannou.SDK.csproj::TargetFramework=net9.0]
/home/lysander/repos/bannou/bannou-service/Generated/Models/AuthModels.cs(497,33): warning CS1591: Missing XML comment for publicly visible type or member 'DeviceInfo.DeviceType' [/home/lysander/repos/bannou/Bannou.SDK/Bannou.SDK.csproj::TargetFramework=net9.0]
/home/lysander/repos/bannou/bannou-service/Generated/Models/AuthModels.cs(500,19): warning CS1591: Missing XML comment for publicly visible type or member 'DeviceInfo.Platform' [/home/lysander/repos/bannou/Bannou.SDK/Bannou.SDK.csproj::TargetFramework=net9.0]
/home/lysander/repos/bannou/bannou-service/Generated/Models/AuthModels.cs(503,20): warning CS1591: Missing XML comment for publicly visible type or member 'DeviceInfo.Browser' [/home/lysander/repos/bannou/Bannou.SDK/Bannou.SDK.csproj::TargetFramework=net9.0]
/home/lysander/repos/bannou/bannou-service/Generated/Models/AuthModels.cs(506,20): warning CS1591: Missing XML comment for publicly visible type or member 'DeviceInfo.AppVersion' [/home/lysander/repos/bannou/Bannou.SDK/Bannou.SDK.csproj::TargetFramework=net9.0]
/home/lysander/repos/bannou/bannou-service/Generated/Models/AuthModels.cs(511,68): warning CS1591: Missing XML comment for publicly visible type or member 'DeviceInfo.AdditionalProperties' [/home/lysander/repos/bannou/Bannou.SDK/Bannou.SDK.csproj::TargetFramework=net9.0]
/home/lysander/repos/bannou/bannou-service/Generated/Models/AuthModels.cs(520,22): warning CS1591: Missing XML comment for publicly visible type or member 'PasswordResetRequest' [/home/lysander/repos/bannou/Bannou.SDK/Bannou.SDK.csproj::TargetFramework=net9.0]
/home/lysander/repos/bannou/bannou-service/Generated/Models/AuthModels.cs(526,19): warning CS1591: Missing XML comment for publicly visible type or member 'PasswordResetRequest.Email' [/home/lysander/repos/bannou/Bannou.SDK/Bannou.SDK.csproj::TargetFramework=net9.0]
/home/lysander/repos/bannou/bannou-service/Generated/Models/AuthModels.cs(531,68): warning CS1591: Missing XML comment for publicly visible type or member 'PasswordResetRequest.AdditionalProperties' [/home/lysander/repos/bannou/Bannou.SDK/Bannou.SDK.csproj::TargetFramework=net9.0]
/home/lysander/repos/bannou/bannou-service/Generated/Models/AuthModels.cs(540,22): warning CS1591: Missing XML comment for publicly visible type or member 'PasswordResetConfirmRequest' [/home/lysander/repos/bannou/Bannou.SDK/Bannou.SDK.csproj::TargetFramework=net9.0]
/home/lysander/repos/bannou/bannou-service/Generated/Models/AuthModels.cs(546,19): warning CS1591: Missing XML comment for publicly visible type or member 'PasswordResetConfirmRequest.Token' [/home/lysander/repos/bannou/Bannou.SDK/Bannou.SDK.csproj::TargetFramework=net9.0]
/home/lysander/repos/bannou/bannou-service/Generated/Models/AuthModels.cs(552,19): warning CS1591: Missing XML comment for publicly visible type or member 'PasswordResetConfirmRequest.NewPassword' [/home/lysander/repos/bannou/Bannou.SDK/Bannou.SDK.csproj::TargetFramework=net9.0]
/home/lysander/repos/bannou/bannou-service/Generated/Models/AuthModels.cs(557,68): warning CS1591: Missing XML comment for publicly visible type or member 'PasswordResetConfirmRequest.AdditionalProperties' [/home/lysander/repos/bannou/Bannou.SDK/Bannou.SDK.csproj::TargetFramework=net9.0]
/home/lysander/repos/bannou/bannou-service/Generated/Models/AuthModels.cs(575,62): warning CS1591: Missing XML comment for publicly visible type or member 'OAuthProvidersResponse.Providers' [/home/lysander/repos/bannou/Bannou.SDK/Bannou.SDK.csproj::TargetFramework=net9.0]
/home/lysander/repos/bannou/bannou-service/Generated/Models/AuthModels.cs(580,68): warning CS1591: Missing XML comment for publicly visible type or member 'OAuthProvidersResponse.AdditionalProperties' [/home/lysander/repos/bannou/Bannou.SDK/Bannou.SDK.csproj::TargetFramework=net9.0]
/home/lysander/repos/bannou/bannou-service/Generated/Models/AuthModels.cs(610,68): warning CS1591: Missing XML comment for publicly visible type or member 'RoutingPreferenceResponse.AdditionalProperties' [/home/lysander/repos/bannou/Bannou.SDK/Bannou.SDK.csproj::TargetFramework=net9.0]
/home/lysander/repos/bannou/bannou-service/Generated/Models/AuthModels.cs(619,13): warning CS1591: Missing XML comment for publicly visible type or member 'DeviceInfoDeviceType' [/home/lysander/repos/bannou/Bannou.SDK/Bannou.SDK.csproj::TargetFramework=net9.0]
/home/lysander/repos/bannou/bannou-service/Generated/Models/AuthModels.cs(623,5): warning CS1591: Missing XML comment for publicly visible type or member 'DeviceInfoDeviceType.Desktop' [/home/lysander/repos/bannou/Bannou.SDK/Bannou.SDK.csproj::TargetFramework=net9.0]
/home/lysander/repos/bannou/bannou-service/Generated/Models/AuthModels.cs(626,5): warning CS1591: Missing XML comment for publicly visible type or member 'DeviceInfoDeviceType.Mobile' [/home/lysander/repos/bannou/Bannou.SDK/Bannou.SDK.csproj::TargetFramework=net9.0]
/home/lysander/repos/bannou/bannou-service/Generated/Models/AuthModels.cs(629,5): warning CS1591: Missing XML comment for publicly visible type or member 'DeviceInfoDeviceType.Tablet' [/home/lysander/repos/bannou/Bannou.SDK/Bannou.SDK.csproj::TargetFramework=net9.0]
/home/lysander/repos/bannou/bannou-service/Generated/Models/AuthModels.cs(632,5): warning CS1591: Missing XML comment for publicly visible type or member 'DeviceInfoDeviceType.Console' [/home/lysander/repos/bannou/Bannou.SDK/Bannou.SDK.csproj::TargetFramework=net9.0]
/home/lysander/repos/bannou/bannou-service/Generated/Models/AuthModels.cs(637,22): warning CS1591: Missing XML comment for publicly visible type or member 'Providers' [/home/lysander/repos/bannou/Bannou.SDK/Bannou.SDK.csproj::TargetFramework=net9.0]
/home/lysander/repos/bannou/bannou-service/Generated/Models/AuthModels.cs(641,19): warning CS1591: Missing XML comment for publicly visible type or member 'Providers.Name' [/home/lysander/repos/bannou/Bannou.SDK/Bannou.SDK.csproj::TargetFramework=net9.0]
/home/lysander/repos/bannou/bannou-service/Generated/Models/AuthModels.cs(644,19): warning CS1591: Missing XML comment for publicly visible type or member 'Providers.DisplayName' [/home/lysander/repos/bannou/Bannou.SDK/Bannou.SDK.csproj::TargetFramework=net9.0]
/home/lysander/repos/bannou/bannou-service/Generated/Models/AuthModels.cs(647,23): warning CS1591: Missing XML comment for publicly visible type or member 'Providers.AuthUrl' [/home/lysander/repos/bannou/Bannou.SDK/Bannou.SDK.csproj::TargetFramework=net9.0]
/home/lysander/repos/bannou/bannou-service/Generated/Models/AuthModels.cs(652,68): warning CS1591: Missing XML comment for publicly visible type or member 'Providers.AdditionalProperties' [/home/lysander/repos/bannou/Bannou.SDK/Bannou.SDK.csproj::TargetFramework=net9.0]
/home/lysander/repos/bannou/bannou-service/Generated/Clients/CharacterClient.cs(19,26): warning CS1591: Missing XML comment for publicly visible type or member 'ICharacterClient' [/home/lysander/repos/bannou/Bannou.SDK/Bannou.SDK.csproj::TargetFramework=net9.0]
/home/lysander/repos/bannou/bannou-service/Generated/Clients/CharacterClient.cs(28,96): warning CS1573: Parameter 'body' has no matching param tag in the XML comment for 'ICharacterClient.CreateCharacterAsync(CreateCharacterRequest, CancellationToken)' (but other parameters do) [/home/lysander/repos/bannou/Bannou.SDK/Bannou.SDK.csproj::TargetFramework=net9.0]
/home/lysander/repos/bannou/bannou-service/Generated/Clients/CharacterClient.cs(36,90): warning CS1573: Parameter 'body' has no matching param tag in the XML comment for 'ICharacterClient.GetCharacterAsync(GetCharacterRequest, CancellationToken)' (but other parameters do) [/home/lysander/repos/bannou/Bannou.SDK/Bannou.SDK.csproj::TargetFramework=net9.0]
/home/lysander/repos/bannou/bannou-service/Generated/Clients/CharacterClient.cs(44,96): warning CS1573: Parameter 'body' has no matching param tag in the XML comment for 'ICharacterClient.UpdateCharacterAsync(UpdateCharacterRequest, CancellationToken)' (but other parameters do) [/home/lysander/repos/bannou/Bannou.SDK/Bannou.SDK.csproj::TargetFramework=net9.0]
/home/lysander/repos/bannou/bannou-service/Generated/Clients/CharacterClient.cs(52,77): warning CS1573: Parameter 'body' has no matching param tag in the XML comment for 'ICharacterClient.DeleteCharacterAsync(DeleteCharacterRequest, CancellationToken)' (but other parameters do) [/home/lysander/repos/bannou/Bannou.SDK/Bannou.SDK.csproj::TargetFramework=net9.0]
/home/lysander/repos/bannou/bannou-service/Generated/Clients/CharacterClient.cs(60,98): warning CS1573: Parameter 'body' has no matching param tag in the XML comment for 'ICharacterClient.ListCharactersAsync(ListCharactersRequest, CancellationToken)' (but other parameters do) [/home/lysander/repos/bannou/Bannou.SDK/Bannou.SDK.csproj::TargetFramework=net9.0]
/home/lysander/repos/bannou/bannou-service/Generated/Clients/CharacterClient.cs(68,110): warning CS1573: Parameter 'body' has no matching param tag in the XML comment for 'ICharacterClient.GetCharactersByRealmAsync(GetCharactersByRealmRequest, CancellationToken)' (but other parameters do) [/home/lysander/repos/bannou/Bannou.SDK/Bannou.SDK.csproj::TargetFramework=net9.0]
/home/lysander/repos/bannou/bannou-service/Generated/Clients/CharacterClient.cs(72,22): warning CS1591: Missing XML comment for publicly visible type or member 'CharacterClient' [/home/lysander/repos/bannou/Bannou.SDK/Bannou.SDK.csproj::TargetFramework=net9.0]
/home/lysander/repos/bannou/bannou-service/Generated/Clients/CharacterClient.cs(92,12): warning CS1591: Missing XML comment for publicly visible type or member 'CharacterClient.CharacterClient(IMeshInvocationClient, IServiceAppMappingResolver, ILogger<CharacterClient>?)' [/home/lysander/repos/bannou/Bannou.SDK/Bannou.SDK.csproj::TargetFramework=net9.0]
/home/lysander/repos/bannou/bannou-service/Generated/Clients/CharacterClient.cs(100,54): warning CS1591: Missing XML comment for publicly visible type or member 'CharacterClient.JsonSerializerSettings' [/home/lysander/repos/bannou/Bannou.SDK/Bannou.SDK.csproj::TargetFramework=net9.0]
/home/lysander/repos/bannou/bannou-service/Generated/Clients/CharacterClient.cs(200,117): warning CS1573: Parameter 'body' has no matching param tag in the XML comment for 'CharacterClient.CreateCharacterAsync(CreateCharacterRequest, CancellationToken)' (but other parameters do) [/home/lysander/repos/bannou/Bannou.SDK/Bannou.SDK.csproj::TargetFramework=net9.0]
/home/lysander/repos/bannou/bannou-service/Generated/Clients/CharacterClient.cs(291,111): warning CS1573: Parameter 'body' has no matching param tag in the XML comment for 'CharacterClient.GetCharacterAsync(GetCharacterRequest, CancellationToken)' (but other parameters do) [/home/lysander/repos/bannou/Bannou.SDK/Bannou.SDK.csproj::TargetFramework=net9.0]
/home/lysander/repos/bannou/bannou-service/Generated/Clients/CharacterClient.cs(376,117): warning CS1573: Parameter 'body' has no matching param tag in the XML comment for 'CharacterClient.UpdateCharacterAsync(UpdateCharacterRequest, CancellationToken)' (but other parameters do) [/home/lysander/repos/bannou/Bannou.SDK/Bannou.SDK.csproj::TargetFramework=net9.0]
/home/lysander/repos/bannou/bannou-service/Generated/Clients/CharacterClient.cs(467,98): warning CS1573: Parameter 'body' has no matching param tag in the XML comment for 'CharacterClient.DeleteCharacterAsync(DeleteCharacterRequest, CancellationToken)' (but other parameters do) [/home/lysander/repos/bannou/Bannou.SDK/Bannou.SDK.csproj::TargetFramework=net9.0]
/home/lysander/repos/bannou/bannou-service/Generated/Clients/CharacterClient.cs(546,119): warning CS1573: Parameter 'body' has no matching param tag in the XML comment for 'CharacterClient.ListCharactersAsync(ListCharactersRequest, CancellationToken)' (but other parameters do) [/home/lysander/repos/bannou/Bannou.SDK/Bannou.SDK.csproj::TargetFramework=net9.0]
/home/lysander/repos/bannou/bannou-service/Generated/Clients/CharacterClient.cs(625,131): warning CS1573: Parameter 'body' has no matching param tag in the XML comment for 'CharacterClient.GetCharactersByRealmAsync(GetCharactersByRealmRequest, CancellationToken)' (but other parameters do) [/home/lysander/repos/bannou/Bannou.SDK/Bannou.SDK.csproj::TargetFramework=net9.0]
/home/lysander/repos/bannou/bannou-service/Generated/Clients/CharacterClient.cs(698,22): warning CS1591: Missing XML comment for publicly visible type or member 'CharacterClient.ObjectResponseResult<T>' [/home/lysander/repos/bannou/Bannou.SDK/Bannou.SDK.csproj::TargetFramework=net9.0]
/home/lysander/repos/bannou/bannou-service/Generated/Clients/CharacterClient.cs(700,16): warning CS1591: Missing XML comment for publicly visible type or member 'CharacterClient.ObjectResponseResult<T>.ObjectResponseResult(T, string)' [/home/lysander/repos/bannou/Bannou.SDK/Bannou.SDK.csproj::TargetFramework=net9.0]
/home/lysander/repos/bannou/bannou-service/Generated/Clients/CharacterClient.cs(706,18): warning CS1591: Missing XML comment for publicly visible type or member 'CharacterClient.ObjectResponseResult<T>.Object' [/home/lysander/repos/bannou/Bannou.SDK/Bannou.SDK.csproj::TargetFramework=net9.0]
/home/lysander/repos/bannou/bannou-service/Generated/Clients/CharacterClient.cs(708,23): warning CS1591: Missing XML comment for publicly visible type or member 'CharacterClient.ObjectResponseResult<T>.Text' [/home/lysander/repos/bannou/Bannou.SDK/Bannou.SDK.csproj::TargetFramework=net9.0]
/home/lysander/repos/bannou/bannou-service/Generated/Clients/CharacterClient.cs(731,17): warning CS1591: Missing XML comment for publicly visible type or member 'CharacterClient.ReadResponseAsString' [/home/lysander/repos/bannou/Bannou.SDK/Bannou.SDK.csproj::TargetFramework=net9.0]
/home/lysander/repos/bannou/bannou-service/Generated/Clients/CharacterClient.cs(733,86): warning CS1591: Missing XML comment for publicly visible type or member 'CharacterClient.ReadObjectResponseAsync<T>(HttpResponseMessage, IReadOnlyDictionary<string, IEnumerable<string>>, CancellationToken)' [/home/lysander/repos/bannou/Bannou.SDK/Bannou.SDK.csproj::TargetFramework=net9.0]
/home/lysander/repos/bannou/bannou-service/Generated/Models/CharacterModels.cs(25,5): warning CS1591: Missing XML comment for publicly visible type or member 'CharacterStatus.Alive' [/home/lysander/repos/bannou/Bannou.SDK/Bannou.SDK.csproj::TargetFramework=net9.0]
/home/lysander/repos/bannou/bannou-service/Generated/Models/CharacterModels.cs(28,5): warning CS1591: Missing XML comment for publicly visible type or member 'CharacterStatus.Dead' [/home/lysander/repos/bannou/Bannou.SDK/Bannou.SDK.csproj::TargetFramework=net9.0]
/home/lysander/repos/bannou/bannou-service/Generated/Models/CharacterModels.cs(31,5): warning CS1591: Missing XML comment for publicly visible type or member 'CharacterStatus.Dormant' [/home/lysander/repos/bannou/Bannou.SDK/Bannou.SDK.csproj::TargetFramework=net9.0]
/home/lysander/repos/bannou/bannou-service/Generated/Models/CharacterModels.cs(36,22): warning CS1591: Missing XML comment for publicly visible type or member 'CreateCharacterRequest' [/home/lysander/repos/bannou/Bannou.SDK/Bannou.SDK.csproj::TargetFramework=net9.0]
/home/lysander/repos/bannou/bannou-service/Generated/Models/CharacterModels.cs(74,28): warning CS1591: Missing XML comment for publicly visible type or member 'CreateCharacterRequest.Status' [/home/lysander/repos/bannou/Bannou.SDK/Bannou.SDK.csproj::TargetFramework=net9.0]
/home/lysander/repos/bannou/bannou-service/Generated/Models/CharacterModels.cs(79,68): warning CS1591: Missing XML comment for publicly visible type or member 'CreateCharacterRequest.AdditionalProperties' [/home/lysander/repos/bannou/Bannou.SDK/Bannou.SDK.csproj::TargetFramework=net9.0]
/home/lysander/repos/bannou/bannou-service/Generated/Models/CharacterModels.cs(88,22): warning CS1591: Missing XML comment for publicly visible type or member 'GetCharacterRequest' [/home/lysander/repos/bannou/Bannou.SDK/Bannou.SDK.csproj::TargetFramework=net9.0]
/home/lysander/repos/bannou/bannou-service/Generated/Models/CharacterModels.cs(102,68): warning CS1591: Missing XML comment for publicly visible type or member 'GetCharacterRequest.AdditionalProperties' [/home/lysander/repos/bannou/Bannou.SDK/Bannou.SDK.csproj::TargetFramework=net9.0]
/home/lysander/repos/bannou/bannou-service/Generated/Models/CharacterModels.cs(111,22): warning CS1591: Missing XML comment for publicly visible type or member 'UpdateCharacterRequest' [/home/lysander/repos/bannou/Bannou.SDK/Bannou.SDK.csproj::TargetFramework=net9.0]
/home/lysander/repos/bannou/bannou-service/Generated/Models/CharacterModels.cs(124,20): warning CS1591: Missing XML comment for publicly visible type or member 'UpdateCharacterRequest.Name' [/home/lysander/repos/bannou/Bannou.SDK/Bannou.SDK.csproj::TargetFramework=net9.0]
/home/lysander/repos/bannou/bannou-service/Generated/Models/CharacterModels.cs(134,29): warning CS1591: Missing XML comment for publicly visible type or member 'UpdateCharacterRequest.Status' [/home/lysander/repos/bannou/Bannou.SDK/Bannou.SDK.csproj::TargetFramework=net9.0]
/home/lysander/repos/bannou/bannou-service/Generated/Models/CharacterModels.cs(145,68): warning CS1591: Missing XML comment for publicly visible type or member 'UpdateCharacterRequest.AdditionalProperties' [/home/lysander/repos/bannou/Bannou.SDK/Bannou.SDK.csproj::TargetFramework=net9.0]
/home/lysander/repos/bannou/bannou-service/Generated/Models/CharacterModels.cs(154,22): warning CS1591: Missing XML comment for publicly visible type or member 'DeleteCharacterRequest' [/home/lysander/repos/bannou/Bannou.SDK/Bannou.SDK.csproj::TargetFramework=net9.0]
/home/lysander/repos/bannou/bannou-service/Generated/Models/CharacterModels.cs(168,68): warning CS1591: Missing XML comment for publicly visible type or member 'DeleteCharacterRequest.AdditionalProperties' [/home/lysander/repos/bannou/Bannou.SDK/Bannou.SDK.csproj::TargetFramework=net9.0]
/home/lysander/repos/bannou/bannou-service/Generated/Models/CharacterModels.cs(177,22): warning CS1591: Missing XML comment for publicly visible type or member 'ListCharactersRequest' [/home/lysander/repos/bannou/Bannou.SDK/Bannou.SDK.csproj::TargetFramework=net9.0]
/home/lysander/repos/bannou/bannou-service/Generated/Models/CharacterModels.cs(201,16): warning CS1591: Missing XML comment for publicly visible type or member 'ListCharactersRequest.Page' [/home/lysander/repos/bannou/Bannou.SDK/Bannou.SDK.csproj::TargetFramework=net9.0]
/home/lysander/repos/bannou/bannou-service/Generated/Models/CharacterModels.cs(205,16): warning CS1591: Missing XML comment for publicly visible type or member 'ListCharactersRequest.PageSize' [/home/lysander/repos/bannou/Bannou.SDK/Bannou.SDK.csproj::TargetFramework=net9.0]
/home/lysander/repos/bannou/bannou-service/Generated/Models/CharacterModels.cs(210,68): warning CS1591: Missing XML comment for publicly visible type or member 'ListCharactersRequest.AdditionalProperties' [/home/lysander/repos/bannou/Bannou.SDK/Bannou.SDK.csproj::TargetFramework=net9.0]
/home/lysander/repos/bannou/bannou-service/Generated/Models/CharacterModels.cs(219,22): warning CS1591: Missing XML comment for publicly visible type or member 'GetCharactersByRealmRequest' [/home/lysander/repos/bannou/Bannou.SDK/Bannou.SDK.csproj::TargetFramework=net9.0]
/home/lysander/repos/bannou/bannou-service/Generated/Models/CharacterModels.cs(245,16): warning CS1591: Missing XML comment for publicly visible type or member 'GetCharactersByRealmRequest.Page' [/home/lysander/repos/bannou/Bannou.SDK/Bannou.SDK.csproj::TargetFramework=net9.0]
/home/lysander/repos/bannou/bannou-service/Generated/Models/CharacterModels.cs(249,16): warning CS1591: Missing XML comment for publicly visible type or member 'GetCharactersByRealmRequest.PageSize' [/home/lysander/repos/bannou/Bannou.SDK/Bannou.SDK.csproj::TargetFramework=net9.0]
/home/lysander/repos/bannou/bannou-service/Generated/Models/CharacterModels.cs(254,68): warning CS1591: Missing XML comment for publicly visible type or member 'GetCharactersByRealmRequest.AdditionalProperties' [/home/lysander/repos/bannou/Bannou.SDK/Bannou.SDK.csproj::TargetFramework=net9.0]
/home/lysander/repos/bannou/bannou-service/Generated/Models/CharacterModels.cs(263,22): warning CS1591: Missing XML comment for publicly visible type or member 'CharacterResponse' [/home/lysander/repos/bannou/Bannou.SDK/Bannou.SDK.csproj::TargetFramework=net9.0]
/home/lysander/repos/bannou/bannou-service/Generated/Models/CharacterModels.cs(269,24): warning CS1591: Missing XML comment for publicly visible type or member 'CharacterResponse.CharacterId' [/home/lysander/repos/bannou/Bannou.SDK/Bannou.SDK.csproj::TargetFramework=net9.0]
/home/lysander/repos/bannou/bannou-service/Generated/Models/CharacterModels.cs(274,19): warning CS1591: Missing XML comment for publicly visible type or member 'CharacterResponse.Name' [/home/lysander/repos/bannou/Bannou.SDK/Bannou.SDK.csproj::TargetFramework=net9.0]
/home/lysander/repos/bannou/bannou-service/Generated/Models/CharacterModels.cs(287,24): warning CS1591: Missing XML comment for publicly visible type or member 'CharacterResponse.SpeciesId' [/home/lysander/repos/bannou/Bannou.SDK/Bannou.SDK.csproj::TargetFramework=net9.0]
/home/lysander/repos/bannou/bannou-service/Generated/Models/CharacterModels.cs(307,28): warning CS1591: Missing XML comment for publicly visible type or member 'CharacterResponse.Status' [/home/lysander/repos/bannou/Bannou.SDK/Bannou.SDK.csproj::TargetFramework=net9.0]
/home/lysander/repos/bannou/bannou-service/Generated/Models/CharacterModels.cs(326,68): warning CS1591: Missing XML comment for publicly visible type or member 'CharacterResponse.AdditionalProperties' [/home/lysander/repos/bannou/Bannou.SDK/Bannou.SDK.csproj::TargetFramework=net9.0]
/home/lysander/repos/bannou/bannou-service/Generated/Models/CharacterModels.cs(335,22): warning CS1591: Missing XML comment for publicly visible type or member 'CharacterListResponse' [/home/lysander/repos/bannou/Bannou.SDK/Bannou.SDK.csproj::TargetFramework=net9.0]
/home/lysander/repos/bannou/bannou-service/Generated/Models/CharacterModels.cs(341,70): warning CS1591: Missing XML comment for publicly visible type or member 'CharacterListResponse.Characters' [/home/lysander/repos/bannou/Bannou.SDK/Bannou.SDK.csproj::TargetFramework=net9.0]
/home/lysander/repos/bannou/bannou-service/Generated/Models/CharacterModels.cs(344,16): warning CS1591: Missing XML comment for publicly visible type or member 'CharacterListResponse.TotalCount' [/home/lysander/repos/bannou/Bannou.SDK/Bannou.SDK.csproj::TargetFramework=net9.0]
/home/lysander/repos/bannou/bannou-service/Generated/Models/CharacterModels.cs(347,16): warning CS1591: Missing XML comment for publicly visible type or member 'CharacterListResponse.Page' [/home/lysander/repos/bannou/Bannou.SDK/Bannou.SDK.csproj::TargetFramework=net9.0]
/home/lysander/repos/bannou/bannou-service/Generated/Models/CharacterModels.cs(350,16): warning CS1591: Missing XML comment for publicly visible type or member 'CharacterListResponse.PageSize' [/home/lysander/repos/bannou/Bannou.SDK/Bannou.SDK.csproj::TargetFramework=net9.0]
/home/lysander/repos/bannou/bannou-service/Generated/Models/CharacterModels.cs(353,17): warning CS1591: Missing XML comment for publicly visible type or member 'CharacterListResponse.HasNextPage' [/home/lysander/repos/bannou/Bannou.SDK/Bannou.SDK.csproj::TargetFramework=net9.0]
/home/lysander/repos/bannou/bannou-service/Generated/Models/CharacterModels.cs(356,17): warning CS1591: Missing XML comment for publicly visible type or member 'CharacterListResponse.HasPreviousPage' [/home/lysander/repos/bannou/Bannou.SDK/Bannou.SDK.csproj::TargetFramework=net9.0]
/home/lysander/repos/bannou/bannou-service/Generated/Models/CharacterModels.cs(361,68): warning CS1591: Missing XML comment for publicly visible type or member 'CharacterListResponse.AdditionalProperties' [/home/lysander/repos/bannou/Bannou.SDK/Bannou.SDK.csproj::TargetFramework=net9.0]
/home/lysander/repos/bannou/bannou-service/Generated/Models/CharacterModels.cs(387,34): warning CS1591: Missing XML comment for publicly visible type or member 'CharacterRealmJoinedEvent.Timestamp' [/home/lysander/repos/bannou/Bannou.SDK/Bannou.SDK.csproj::TargetFramework=net9.0]
/home/lysander/repos/bannou/bannou-service/Generated/Models/CharacterModels.cs(414,68): warning CS1591: Missing XML comment for publicly visible type or member 'CharacterRealmJoinedEvent.AdditionalProperties' [/home/lysander/repos/bannou/Bannou.SDK/Bannou.SDK.csproj::TargetFramework=net9.0]
/home/lysander/repos/bannou/bannou-service/Generated/Models/CharacterModels.cs(440,34): warning CS1591: Missing XML comment for publicly visible type or member 'CharacterRealmLeftEvent.Timestamp' [/home/lysander/repos/bannou/Bannou.SDK/Bannou.SDK.csproj::TargetFramework=net9.0]
/home/lysander/repos/bannou/bannou-service/Generated/Models/CharacterModels.cs(467,68): warning CS1591: Missing XML comment for publicly visible type or member 'CharacterRealmLeftEvent.AdditionalProperties' [/home/lysander/repos/bannou/Bannou.SDK/Bannou.SDK.csproj::TargetFramework=net9.0]
/home/lysander/repos/bannou/bannou-service/Generated/Clients/ServicedataClient.cs(19,26): warning CS1591: Missing XML comment for publicly visible type or member 'IServicedataClient' [/home/lysander/repos/bannou/Bannou.SDK/Bannou.SDK.csproj::TargetFramework=net9.0]
/home/lysander/repos/bannou/bannou-service/Generated/Clients/ServicedataClient.cs(31,93): warning CS1573: Parameter 'body' has no matching param tag in the XML comment for 'IServicedataClient.ListServicesAsync(ListServicesRequest, CancellationToken)' (but other parameters do) [/home/lysander/repos/bannou/Bannou.SDK/Bannou.SDK.csproj::TargetFramework=net9.0]
/home/lysander/repos/bannou/bannou-service/Generated/Clients/ServicedataClient.cs(42,80): warning CS1573: Parameter 'body' has no matching param tag in the XML comment for 'IServicedataClient.GetServiceAsync(GetServiceRequest, CancellationToken)' (but other parameters do) [/home/lysander/repos/bannou/Bannou.SDK/Bannou.SDK.csproj::TargetFramework=net9.0]
/home/lysander/repos/bannou/bannou-service/Generated/Clients/ServicedataClient.cs(53,86): warning CS1573: Parameter 'body' has no matching param tag in the XML comment for 'IServicedataClient.CreateServiceAsync(CreateServiceRequest, CancellationToken)' (but other parameters do) [/home/lysander/repos/bannou/Bannou.SDK/Bannou.SDK.csproj::TargetFramework=net9.0]
/home/lysander/repos/bannou/bannou-service/Generated/Clients/ServicedataClient.cs(64,86): warning CS1573: Parameter 'body' has no matching param tag in the XML comment for 'IServicedataClient.UpdateServiceAsync(UpdateServiceRequest, CancellationToken)' (but other parameters do) [/home/lysander/repos/bannou/Bannou.SDK/Bannou.SDK.csproj::TargetFramework=net9.0]
/home/lysander/repos/bannou/bannou-service/Generated/Clients/ServicedataClient.cs(75,73): warning CS1573: Parameter 'body' has no matching param tag in the XML comment for 'IServicedataClient.DeleteServiceAsync(DeleteServiceRequest, CancellationToken)' (but other parameters do) [/home/lysander/repos/bannou/Bannou.SDK/Bannou.SDK.csproj::TargetFramework=net9.0]
/home/lysander/repos/bannou/bannou-service/Generated/Clients/ServicedataClient.cs(79,22): warning CS1591: Missing XML comment for publicly visible type or member 'ServicedataClient' [/home/lysander/repos/bannou/Bannou.SDK/Bannou.SDK.csproj::TargetFramework=net9.0]
/home/lysander/repos/bannou/bannou-service/Generated/Clients/ServicedataClient.cs(99,12): warning CS1591: Missing XML comment for publicly visible type or member 'ServicedataClient.ServicedataClient(IMeshInvocationClient, IServiceAppMappingResolver, ILogger<ServicedataClient>?)' [/home/lysander/repos/bannou/Bannou.SDK/Bannou.SDK.csproj::TargetFramework=net9.0]
/home/lysander/repos/bannou/bannou-service/Generated/Clients/ServicedataClient.cs(107,54): warning CS1591: Missing XML comment for publicly visible type or member 'ServicedataClient.JsonSerializerSettings' [/home/lysander/repos/bannou/Bannou.SDK/Bannou.SDK.csproj::TargetFramework=net9.0]
/home/lysander/repos/bannou/bannou-service/Generated/Clients/ServicedataClient.cs(210,114): warning CS1573: Parameter 'body' has no matching param tag in the XML comment for 'ServicedataClient.ListServicesAsync(ListServicesRequest, CancellationToken)' (but other parameters do) [/home/lysander/repos/bannou/Bannou.SDK/Bannou.SDK.csproj::TargetFramework=net9.0]
/home/lysander/repos/bannou/bannou-service/Generated/Clients/ServicedataClient.cs(292,101): warning CS1573: Parameter 'body' has no matching param tag in the XML comment for 'ServicedataClient.GetServiceAsync(GetServiceRequest, CancellationToken)' (but other parameters do) [/home/lysander/repos/bannou/Bannou.SDK/Bannou.SDK.csproj::TargetFramework=net9.0]
/home/lysander/repos/bannou/bannou-service/Generated/Clients/ServicedataClient.cs(380,107): warning CS1573: Parameter 'body' has no matching param tag in the XML comment for 'ServicedataClient.CreateServiceAsync(CreateServiceRequest, CancellationToken)' (but other parameters do) [/home/lysander/repos/bannou/Bannou.SDK/Bannou.SDK.csproj::TargetFramework=net9.0]
/home/lysander/repos/bannou/bannou-service/Generated/Clients/ServicedataClient.cs(474,107): warning CS1573: Parameter 'body' has no matching param tag in the XML comment for 'ServicedataClient.UpdateServiceAsync(UpdateServiceRequest, CancellationToken)' (but other parameters do) [/home/lysander/repos/bannou/Bannou.SDK/Bannou.SDK.csproj::TargetFramework=net9.0]
/home/lysander/repos/bannou/bannou-service/Generated/Clients/ServicedataClient.cs(568,94): warning CS1573: Parameter 'body' has no matching param tag in the XML comment for 'ServicedataClient.DeleteServiceAsync(DeleteServiceRequest, CancellationToken)' (but other parameters do) [/home/lysander/repos/bannou/Bannou.SDK/Bannou.SDK.csproj::TargetFramework=net9.0]
/home/lysander/repos/bannou/bannou-service/Generated/Clients/ServicedataClient.cs(647,22): warning CS1591: Missing XML comment for publicly visible type or member 'ServicedataClient.ObjectResponseResult<T>' [/home/lysander/repos/bannou/Bannou.SDK/Bannou.SDK.csproj::TargetFramework=net9.0]
/home/lysander/repos/bannou/bannou-service/Generated/Clients/ServicedataClient.cs(649,16): warning CS1591: Missing XML comment for publicly visible type or member 'ServicedataClient.ObjectResponseResult<T>.ObjectResponseResult(T, string)' [/home/lysander/repos/bannou/Bannou.SDK/Bannou.SDK.csproj::TargetFramework=net9.0]
/home/lysander/repos/bannou/bannou-service/Generated/Clients/ServicedataClient.cs(655,18): warning CS1591: Missing XML comment for publicly visible type or member 'ServicedataClient.ObjectResponseResult<T>.Object' [/home/lysander/repos/bannou/Bannou.SDK/Bannou.SDK.csproj::TargetFramework=net9.0]
/home/lysander/repos/bannou/bannou-service/Generated/Clients/ServicedataClient.cs(657,23): warning CS1591: Missing XML comment for publicly visible type or member 'ServicedataClient.ObjectResponseResult<T>.Text' [/home/lysander/repos/bannou/Bannou.SDK/Bannou.SDK.csproj::TargetFramework=net9.0]
/home/lysander/repos/bannou/bannou-service/Generated/Clients/ServicedataClient.cs(680,17): warning CS1591: Missing XML comment for publicly visible type or member 'ServicedataClient.ReadResponseAsString' [/home/lysander/repos/bannou/Bannou.SDK/Bannou.SDK.csproj::TargetFramework=net9.0]
/home/lysander/repos/bannou/bannou-service/Generated/Clients/ServicedataClient.cs(682,86): warning CS1591: Missing XML comment for publicly visible type or member 'ServicedataClient.ReadObjectResponseAsync<T>(HttpResponseMessage, IReadOnlyDictionary<string, IEnumerable<string>>, CancellationToken)' [/home/lysander/repos/bannou/Bannou.SDK/Bannou.SDK.csproj::TargetFramework=net9.0]
/home/lysander/repos/bannou/bannou-service/Generated/Models/ServicedataModels.cs(33,68): warning CS1591: Missing XML comment for publicly visible type or member 'ListServicesRequest.AdditionalProperties' [/home/lysander/repos/bannou/Bannou.SDK/Bannou.SDK.csproj::TargetFramework=net9.0]
/home/lysander/repos/bannou/bannou-service/Generated/Models/ServicedataModels.cs(63,68): warning CS1591: Missing XML comment for publicly visible type or member 'GetServiceRequest.AdditionalProperties' [/home/lysander/repos/bannou/Bannou.SDK/Bannou.SDK.csproj::TargetFramework=net9.0]
/home/lysander/repos/bannou/bannou-service/Generated/Models/ServicedataModels.cs(113,68): warning CS1591: Missing XML comment for publicly visible type or member 'CreateServiceRequest.AdditionalProperties' [/home/lysander/repos/bannou/Bannou.SDK/Bannou.SDK.csproj::TargetFramework=net9.0]
/home/lysander/repos/bannou/bannou-service/Generated/Models/ServicedataModels.cs(159,68): warning CS1591: Missing XML comment for publicly visible type or member 'UpdateServiceRequest.AdditionalProperties' [/home/lysander/repos/bannou/Bannou.SDK/Bannou.SDK.csproj::TargetFramework=net9.0]
/home/lysander/repos/bannou/bannou-service/Generated/Models/ServicedataModels.cs(185,68): warning CS1591: Missing XML comment for publicly visible type or member 'DeleteServiceRequest.AdditionalProperties' [/home/lysander/repos/bannou/Bannou.SDK/Bannou.SDK.csproj::TargetFramework=net9.0]
/home/lysander/repos/bannou/bannou-service/Generated/Models/ServicedataModels.cs(253,68): warning CS1591: Missing XML comment for publicly visible type or member 'ServiceInfo.AdditionalProperties' [/home/lysander/repos/bannou/Bannou.SDK/Bannou.SDK.csproj::TargetFramework=net9.0]
/home/lysander/repos/bannou/bannou-service/Generated/Models/ServicedataModels.cs(271,64): warning CS1591: Missing XML comment for publicly visible type or member 'ListServicesResponse.Services' [/home/lysander/repos/bannou/Bannou.SDK/Bannou.SDK.csproj::TargetFramework=net9.0]
/home/lysander/repos/bannou/bannou-service/Generated/Models/ServicedataModels.cs(282,68): warning CS1591: Missing XML comment for publicly visible type or member 'ListServicesResponse.AdditionalProperties' [/home/lysander/repos/bannou/Bannou.SDK/Bannou.SDK.csproj::TargetFramework=net9.0]
/home/lysander/repos/bannou/bannou-service/Generated/Clients/AssetClient.cs(19,26): warning CS1591: Missing XML comment for publicly visible type or member 'IAssetClient' [/home/lysander/repos/bannou/Bannou.SDK/Bannou.SDK.csproj::TargetFramework=net9.0]
/home/lysander/repos/bannou/bannou-service/Generated/Clients/AssetClient.cs(32,82): warning CS1573: Parameter 'body' has no matching param tag in the XML comment for 'IAssetClient.RequestUploadAsync(UploadRequest, CancellationToken)' (but other parameters do) [/home/lysander/repos/bannou/Bannou.SDK/Bannou.SDK.csproj::TargetFramework=net9.0]
/home/lysander/repos/bannou/bannou-service/Generated/Clients/AssetClient.cs(45,90): warning CS1573: Parameter 'body' has no matching param tag in the XML comment for 'IAssetClient.CompleteUploadAsync(CompleteUploadRequest, CancellationToken)' (but other parameters do) [/home/lysander/repos/bannou/Bannou.SDK/Bannou.SDK.csproj::TargetFramework=net9.0]
/home/lysander/repos/bannou/bannou-service/Generated/Clients/AssetClient.cs(57,85): warning CS1573: Parameter 'body' has no matching param tag in the XML comment for 'IAssetClient.GetAssetAsync(GetAssetRequest, CancellationToken)' (but other parameters do) [/home/lysander/repos/bannou/Bannou.SDK/Bannou.SDK.csproj::TargetFramework=net9.0]
/home/lysander/repos/bannou/bannou-service/Generated/Clients/AssetClient.cs(69,94): warning CS1573: Parameter 'body' has no matching param tag in the XML comment for 'IAssetClient.ListAssetVersionsAsync(ListVersionsRequest, CancellationToken)' (but other parameters do) [/home/lysander/repos/bannou/Bannou.SDK/Bannou.SDK.csproj::TargetFramework=net9.0]
/home/lysander/repos/bannou/bannou-service/Generated/Clients/AssetClient.cs(81,89): warning CS1573: Parameter 'body' has no matching param tag in the XML comment for 'IAssetClient.SearchAssetsAsync(AssetSearchRequest, CancellationToken)' (but other parameters do) [/home/lysander/repos/bannou/Bannou.SDK/Bannou.SDK.csproj::TargetFramework=net9.0]
/home/lysander/repos/bannou/bannou-service/Generated/Clients/AssetClient.cs(94,93): warning CS1573: Parameter 'body' has no matching param tag in the XML comment for 'IAssetClient.CreateBundleAsync(CreateBundleRequest, CancellationToken)' (but other parameters do) [/home/lysander/repos/bannou/Bannou.SDK/Bannou.SDK.csproj::TargetFramework=net9.0]
/home/lysander/repos/bannou/bannou-service/Generated/Clients/AssetClient.cs(106,88): warning CS1573: Parameter 'body' has no matching param tag in the XML comment for 'IAssetClient.GetBundleAsync(GetBundleRequest, CancellationToken)' (but other parameters do) [/home/lysander/repos/bannou/Bannou.SDK/Bannou.SDK.csproj::TargetFramework=net9.0]
/home/lysander/repos/bannou/bannou-service/Generated/Clients/AssetClient.cs(118,94): warning CS1573: Parameter 'body' has no matching param tag in the XML comment for 'IAssetClient.RequestBundleUploadAsync(BundleUploadRequest, CancellationToken)' (but other parameters do) [/home/lysander/repos/bannou/Bannou.SDK/Bannou.SDK.csproj::TargetFramework=net9.0]
/home/lysander/repos/bannou/bannou-service/Generated/Clients/AssetClient.cs(122,22): warning CS1591: Missing XML comment for publicly visible type or member 'AssetClient' [/home/lysander/repos/bannou/Bannou.SDK/Bannou.SDK.csproj::TargetFramework=net9.0]
/home/lysander/repos/bannou/bannou-service/Generated/Clients/AssetClient.cs(142,12): warning CS1591: Missing XML comment for publicly visible type or member 'AssetClient.AssetClient(IMeshInvocationClient, IServiceAppMappingResolver, ILogger<AssetClient>?)' [/home/lysander/repos/bannou/Bannou.SDK/Bannou.SDK.csproj::TargetFramework=net9.0]
/home/lysander/repos/bannou/bannou-service/Generated/Clients/AssetClient.cs(150,54): warning CS1591: Missing XML comment for publicly visible type or member 'AssetClient.JsonSerializerSettings' [/home/lysander/repos/bannou/Bannou.SDK/Bannou.SDK.csproj::TargetFramework=net9.0]
/home/lysander/repos/bannou/bannou-service/Generated/Clients/AssetClient.cs(254,103): warning CS1573: Parameter 'body' has no matching param tag in the XML comment for 'AssetClient.RequestUploadAsync(UploadRequest, CancellationToken)' (but other parameters do) [/home/lysander/repos/bannou/Bannou.SDK/Bannou.SDK.csproj::TargetFramework=net9.0]
/home/lysander/repos/bannou/bannou-service/Generated/Clients/AssetClient.cs(356,111): warning CS1573: Parameter 'body' has no matching param tag in the XML comment for 'AssetClient.CompleteUploadAsync(CompleteUploadRequest, CancellationToken)' (but other parameters do) [/home/lysander/repos/bannou/Bannou.SDK/Bannou.SDK.csproj::TargetFramework=net9.0]
/home/lysander/repos/bannou/bannou-service/Generated/Clients/AssetClient.cs(451,106): warning CS1573: Parameter 'body' has no matching param tag in the XML comment for 'AssetClient.GetAssetAsync(GetAssetRequest, CancellationToken)' (but other parameters do) [/home/lysander/repos/bannou/Bannou.SDK/Bannou.SDK.csproj::TargetFramework=net9.0]
/home/lysander/repos/bannou/bannou-service/Generated/Clients/AssetClient.cs(540,115): warning CS1573: Parameter 'body' has no matching param tag in the XML comment for 'AssetClient.ListAssetVersionsAsync(ListVersionsRequest, CancellationToken)' (but other parameters do) [/home/lysander/repos/bannou/Bannou.SDK/Bannou.SDK.csproj::TargetFramework=net9.0]
/home/lysander/repos/bannou/bannou-service/Generated/Clients/AssetClient.cs(629,110): warning CS1573: Parameter 'body' has no matching param tag in the XML comment for 'AssetClient.SearchAssetsAsync(AssetSearchRequest, CancellationToken)' (but other parameters do) [/home/lysander/repos/bannou/Bannou.SDK/Bannou.SDK.csproj::TargetFramework=net9.0]
/home/lysander/repos/bannou/bannou-service/Generated/Clients/AssetClient.cs(713,114): warning CS1573: Parameter 'body' has no matching param tag in the XML comment for 'AssetClient.CreateBundleAsync(CreateBundleRequest, CancellationToken)' (but other parameters do) [/home/lysander/repos/bannou/Bannou.SDK/Bannou.SDK.csproj::TargetFramework=net9.0]
/home/lysander/repos/bannou/bannou-service/Generated/Clients/AssetClient.cs(802,109): warning CS1573: Parameter 'body' has no matching param tag in the XML comment for 'AssetClient.GetBundleAsync(GetBundleRequest, CancellationToken)' (but other parameters do) [/home/lysander/repos/bannou/Bannou.SDK/Bannou.SDK.csproj::TargetFramework=net9.0]
/home/lysander/repos/bannou/bannou-service/Generated/Clients/AssetClient.cs(891,115): warning CS1573: Parameter 'body' has no matching param tag in the XML comment for 'AssetClient.RequestBundleUploadAsync(BundleUploadRequest, CancellationToken)' (but other parameters do) [/home/lysander/repos/bannou/Bannou.SDK/Bannou.SDK.csproj::TargetFramework=net9.0]
/home/lysander/repos/bannou/bannou-service/Generated/Clients/AssetClient.cs(970,22): warning CS1591: Missing XML comment for publicly visible type or member 'AssetClient.ObjectResponseResult<T>' [/home/lysander/repos/bannou/Bannou.SDK/Bannou.SDK.csproj::TargetFramework=net9.0]
/home/lysander/repos/bannou/bannou-service/Generated/Clients/AssetClient.cs(972,16): warning CS1591: Missing XML comment for publicly visible type or member 'AssetClient.ObjectResponseResult<T>.ObjectResponseResult(T, string)' [/home/lysander/repos/bannou/Bannou.SDK/Bannou.SDK.csproj::TargetFramework=net9.0]
/home/lysander/repos/bannou/bannou-service/Generated/Clients/AssetClient.cs(978,18): warning CS1591: Missing XML comment for publicly visible type or member 'AssetClient.ObjectResponseResult<T>.Object' [/home/lysander/repos/bannou/Bannou.SDK/Bannou.SDK.csproj::TargetFramework=net9.0]
/home/lysander/repos/bannou/bannou-service/Generated/Clients/AssetClient.cs(980,23): warning CS1591: Missing XML comment for publicly visible type or member 'AssetClient.ObjectResponseResult<T>.Text' [/home/lysander/repos/bannou/Bannou.SDK/Bannou.SDK.csproj::TargetFramework=net9.0]
/home/lysander/repos/bannou/bannou-service/Generated/Clients/AssetClient.cs(1003,17): warning CS1591: Missing XML comment for publicly visible type or member 'AssetClient.ReadResponseAsString' [/home/lysander/repos/bannou/Bannou.SDK/Bannou.SDK.csproj::TargetFramework=net9.0]
/home/lysander/repos/bannou/bannou-service/Generated/Clients/AssetClient.cs(1005,86): warning CS1591: Missing XML comment for publicly visible type or member 'AssetClient.ReadObjectResponseAsync<T>(HttpResponseMessage, IReadOnlyDictionary<string, IEnumerable<string>>, CancellationToken)' [/home/lysander/repos/bannou/Bannou.SDK/Bannou.SDK.csproj::TargetFramework=net9.0]
/home/lysander/repos/bannou/bannou-service/Generated/Models/AssetModels.cs(25,5): warning CS1591: Missing XML comment for publicly visible type or member 'AssetType.Texture' [/home/lysander/repos/bannou/Bannou.SDK/Bannou.SDK.csproj::TargetFramework=net9.0]
/home/lysander/repos/bannou/bannou-service/Generated/Models/AssetModels.cs(28,5): warning CS1591: Missing XML comment for publicly visible type or member 'AssetType.Model' [/home/lysander/repos/bannou/Bannou.SDK/Bannou.SDK.csproj::TargetFramework=net9.0]
/home/lysander/repos/bannou/bannou-service/Generated/Models/AssetModels.cs(31,5): warning CS1591: Missing XML comment for publicly visible type or member 'AssetType.Audio' [/home/lysander/repos/bannou/Bannou.SDK/Bannou.SDK.csproj::TargetFramework=net9.0]
/home/lysander/repos/bannou/bannou-service/Generated/Models/AssetModels.cs(34,5): warning CS1591: Missing XML comment for publicly visible type or member 'AssetType.Behavior' [/home/lysander/repos/bannou/Bannou.SDK/Bannou.SDK.csproj::TargetFramework=net9.0]
/home/lysander/repos/bannou/bannou-service/Generated/Models/AssetModels.cs(37,5): warning CS1591: Missing XML comment for publicly visible type or member 'AssetType.Bundle' [/home/lysander/repos/bannou/Bannou.SDK/Bannou.SDK.csproj::TargetFramework=net9.0]
/home/lysander/repos/bannou/bannou-service/Generated/Models/AssetModels.cs(40,5): warning CS1591: Missing XML comment for publicly visible type or member 'AssetType.Prefab' [/home/lysander/repos/bannou/Bannou.SDK/Bannou.SDK.csproj::TargetFramework=net9.0]
/home/lysander/repos/bannou/bannou-service/Generated/Models/AssetModels.cs(43,5): warning CS1591: Missing XML comment for publicly visible type or member 'AssetType.Other' [/home/lysander/repos/bannou/Bannou.SDK/Bannou.SDK.csproj::TargetFramework=net9.0]
/home/lysander/repos/bannou/bannou-service/Generated/Models/AssetModels.cs(55,5): warning CS1591: Missing XML comment for publicly visible type or member 'Realm.Omega' [/home/lysander/repos/bannou/Bannou.SDK/Bannou.SDK.csproj::TargetFramework=net9.0]
/home/lysander/repos/bannou/bannou-service/Generated/Models/AssetModels.cs(58,5): warning CS1591: Missing XML comment for publicly visible type or member 'Realm.Arcadia' [/home/lysander/repos/bannou/Bannou.SDK/Bannou.SDK.csproj::TargetFramework=net9.0]
/home/lysander/repos/bannou/bannou-service/Generated/Models/AssetModels.cs(61,5): warning CS1591: Missing XML comment for publicly visible type or member 'Realm.Fantasia' [/home/lysander/repos/bannou/Bannou.SDK/Bannou.SDK.csproj::TargetFramework=net9.0]
/home/lysander/repos/bannou/bannou-service/Generated/Models/AssetModels.cs(64,5): warning CS1591: Missing XML comment for publicly visible type or member 'Realm.Shared' [/home/lysander/repos/bannou/Bannou.SDK/Bannou.SDK.csproj::TargetFramework=net9.0]
/home/lysander/repos/bannou/bannou-service/Generated/Models/AssetModels.cs(76,5): warning CS1591: Missing XML comment for publicly visible type or member 'ProcessingStatus.Pending' [/home/lysander/repos/bannou/Bannou.SDK/Bannou.SDK.csproj::TargetFramework=net9.0]
/home/lysander/repos/bannou/bannou-service/Generated/Models/AssetModels.cs(79,5): warning CS1591: Missing XML comment for publicly visible type or member 'ProcessingStatus.Processing' [/home/lysander/repos/bannou/Bannou.SDK/Bannou.SDK.csproj::TargetFramework=net9.0]
/home/lysander/repos/bannou/bannou-service/Generated/Models/AssetModels.cs(82,5): warning CS1591: Missing XML comment for publicly visible type or member 'ProcessingStatus.Complete' [/home/lysander/repos/bannou/Bannou.SDK/Bannou.SDK.csproj::TargetFramework=net9.0]
/home/lysander/repos/bannou/bannou-service/Generated/Models/AssetModels.cs(85,5): warning CS1591: Missing XML comment for publicly visible type or member 'ProcessingStatus.Failed' [/home/lysander/repos/bannou/Bannou.SDK/Bannou.SDK.csproj::TargetFramework=net9.0]
/home/lysander/repos/bannou/bannou-service/Generated/Models/AssetModels.cs(97,5): warning CS1591: Missing XML comment for publicly visible type or member 'CompressionType.Lz4' [/home/lysander/repos/bannou/Bannou.SDK/Bannou.SDK.csproj::TargetFramework=net9.0]
/home/lysander/repos/bannou/bannou-service/Generated/Models/AssetModels.cs(100,5): warning CS1591: Missing XML comment for publicly visible type or member 'CompressionType.Lzma' [/home/lysander/repos/bannou/Bannou.SDK/Bannou.SDK.csproj::TargetFramework=net9.0]
/home/lysander/repos/bannou/bannou-service/Generated/Models/AssetModels.cs(103,5): warning CS1591: Missing XML comment for publicly visible type or member 'CompressionType.None' [/home/lysander/repos/bannou/Bannou.SDK/Bannou.SDK.csproj::TargetFramework=net9.0]
/home/lysander/repos/bannou/bannou-service/Generated/Models/AssetModels.cs(115,5): warning CS1591: Missing XML comment for publicly visible type or member 'BundleFormat.Bannou' [/home/lysander/repos/bannou/Bannou.SDK/Bannou.SDK.csproj::TargetFramework=net9.0]
/home/lysander/repos/bannou/bannou-service/Generated/Models/AssetModels.cs(118,5): warning CS1591: Missing XML comment for publicly visible type or member 'BundleFormat.Zip' [/home/lysander/repos/bannou/Bannou.SDK/Bannou.SDK.csproj::TargetFramework=net9.0]
/home/lysander/repos/bannou/bannou-service/Generated/Models/AssetModels.cs(123,22): warning CS1591: Missing XML comment for publicly visible type or member 'UploadRequest' [/home/lysander/repos/bannou/Bannou.SDK/Bannou.SDK.csproj::TargetFramework=net9.0]
/home/lysander/repos/bannou/bannou-service/Generated/Models/AssetModels.cs(149,31): warning CS1591: Missing XML comment for publicly visible type or member 'UploadRequest.Metadata' [/home/lysander/repos/bannou/Bannou.SDK/Bannou.SDK.csproj::TargetFramework=net9.0]
/home/lysander/repos/bannou/bannou-service/Generated/Models/AssetModels.cs(154,68): warning CS1591: Missing XML comment for publicly visible type or member 'UploadRequest.AdditionalProperties' [/home/lysander/repos/bannou/Bannou.SDK/Bannou.SDK.csproj::TargetFramework=net9.0]
/home/lysander/repos/bannou/bannou-service/Generated/Models/AssetModels.cs(163,22): warning CS1591: Missing XML comment for publicly visible type or member 'UploadResponse' [/home/lysander/repos/bannou/Bannou.SDK/Bannou.SDK.csproj::TargetFramework=net9.0]
/home/lysander/repos/bannou/bannou-service/Generated/Models/AssetModels.cs(191,28): warning CS1591: Missing XML comment for publicly visible type or member 'UploadResponse.Multipart' [/home/lysander/repos/bannou/Bannou.SDK/Bannou.SDK.csproj::TargetFramework=net9.0]
/home/lysander/repos/bannou/bannou-service/Generated/Models/AssetModels.cs(196,68): warning CS1591: Missing XML comment for publicly visible type or member 'UploadResponse.AdditionalProperties' [/home/lysander/repos/bannou/Bannou.SDK/Bannou.SDK.csproj::TargetFramework=net9.0]
/home/lysander/repos/bannou/bannou-service/Generated/Models/AssetModels.cs(205,22): warning CS1591: Missing XML comment for publicly visible type or member 'CompleteUploadRequest' [/home/lysander/repos/bannou/Bannou.SDK/Bannou.SDK.csproj::TargetFramework=net9.0]
/home/lysander/repos/bannou/bannou-service/Generated/Models/AssetModels.cs(225,68): warning CS1591: Missing XML comment for publicly visible type or member 'CompleteUploadRequest.AdditionalProperties' [/home/lysander/repos/bannou/Bannou.SDK/Bannou.SDK.csproj::TargetFramework=net9.0]
/home/lysander/repos/bannou/bannou-service/Generated/Models/AssetModels.cs(234,22): warning CS1591: Missing XML comment for publicly visible type or member 'CompletedPart' [/home/lysander/repos/bannou/Bannou.SDK/Bannou.SDK.csproj::TargetFramework=net9.0]
/home/lysander/repos/bannou/bannou-service/Generated/Models/AssetModels.cs(254,68): warning CS1591: Missing XML comment for publicly visible type or member 'CompletedPart.AdditionalProperties' [/home/lysander/repos/bannou/Bannou.SDK/Bannou.SDK.csproj::TargetFramework=net9.0]
/home/lysander/repos/bannou/bannou-service/Generated/Models/AssetModels.cs(263,22): warning CS1591: Missing XML comment for publicly visible type or member 'MultipartConfig' [/home/lysander/repos/bannou/Bannou.SDK/Bannou.SDK.csproj::TargetFramework=net9.0]
/home/lysander/repos/bannou/bannou-service/Generated/Models/AssetModels.cs(285,67): warning CS1591: Missing XML comment for publicly visible type or member 'MultipartConfig.UploadUrls' [/home/lysander/repos/bannou/Bannou.SDK/Bannou.SDK.csproj::TargetFramework=net9.0]
/home/lysander/repos/bannou/bannou-service/Generated/Models/AssetModels.cs(290,68): warning CS1591: Missing XML comment for publicly visible type or member 'MultipartConfig.AdditionalProperties' [/home/lysander/repos/bannou/Bannou.SDK/Bannou.SDK.csproj::TargetFramework=net9.0]
/home/lysander/repos/bannou/bannou-service/Generated/Models/AssetModels.cs(299,22): warning CS1591: Missing XML comment for publicly visible type or member 'PartUploadInfo' [/home/lysander/repos/bannou/Bannou.SDK/Bannou.SDK.csproj::TargetFramework=net9.0]
/home/lysander/repos/bannou/bannou-service/Generated/Models/AssetModels.cs(331,68): warning CS1591: Missing XML comment for publicly visible type or member 'PartUploadInfo.AdditionalProperties' [/home/lysander/repos/bannou/Bannou.SDK/Bannou.SDK.csproj::TargetFramework=net9.0]
/home/lysander/repos/bannou/bannou-service/Generated/Models/AssetModels.cs(348,22): warning CS1591: Missing XML comment for publicly visible type or member 'AssetMetadataInput.AssetType' [/home/lysander/repos/bannou/Bannou.SDK/Bannou.SDK.csproj::TargetFramework=net9.0]
/home/lysander/repos/bannou/bannou-service/Generated/Models/AssetModels.cs(352,18): warning CS1591: Missing XML comment for publicly visible type or member 'AssetMetadataInput.Realm' [/home/lysander/repos/bannou/Bannou.SDK/Bannou.SDK.csproj::TargetFramework=net9.0]
/home/lysander/repos/bannou/bannou-service/Generated/Models/AssetModels.cs(363,68): warning CS1591: Missing XML comment for publicly visible type or member 'AssetMetadataInput.AdditionalProperties' [/home/lysander/repos/bannou/Bannou.SDK/Bannou.SDK.csproj::TargetFramework=net9.0]
/home/lysander/repos/bannou/bannou-service/Generated/Models/AssetModels.cs(410,22): warning CS1591: Missing XML comment for publicly visible type or member 'AssetMetadata.AssetType' [/home/lysander/repos/bannou/Bannou.SDK/Bannou.SDK.csproj::TargetFramework=net9.0]
/home/lysander/repos/bannou/bannou-service/Generated/Models/AssetModels.cs(414,18): warning CS1591: Missing XML comment for publicly visible type or member 'AssetMetadata.Realm' [/home/lysander/repos/bannou/Bannou.SDK/Bannou.SDK.csproj::TargetFramework=net9.0]
/home/lysander/repos/bannou/bannou-service/Generated/Models/AssetModels.cs(417,59): warning CS1591: Missing XML comment for publicly visible type or member 'AssetMetadata.Tags' [/home/lysander/repos/bannou/Bannou.SDK/Bannou.SDK.csproj::TargetFramework=net9.0]
/home/lysander/repos/bannou/bannou-service/Generated/Models/AssetModels.cs(421,29): warning CS1591: Missing XML comment for publicly visible type or member 'AssetMetadata.ProcessingStatus' [/home/lysander/repos/bannou/Bannou.SDK/Bannou.SDK.csproj::TargetFramework=net9.0]
/home/lysander/repos/bannou/bannou-service/Generated/Models/AssetModels.cs(430,34): warning CS1591: Missing XML comment for publicly visible type or member 'AssetMetadata.CreatedAt' [/home/lysander/repos/bannou/Bannou.SDK/Bannou.SDK.csproj::TargetFramework=net9.0]
/home/lysander/repos/bannou/bannou-service/Generated/Models/AssetModels.cs(433,34): warning CS1591: Missing XML comment for publicly visible type or member 'AssetMetadata.UpdatedAt' [/home/lysander/repos/bannou/Bannou.SDK/Bannou.SDK.csproj::TargetFramework=net9.0]
/home/lysander/repos/bannou/bannou-service/Generated/Models/AssetModels.cs(438,68): warning CS1591: Missing XML comment for publicly visible type or member 'AssetMetadata.AdditionalProperties' [/home/lysander/repos/bannou/Bannou.SDK/Bannou.SDK.csproj::TargetFramework=net9.0]
/home/lysander/repos/bannou/bannou-service/Generated/Models/AssetModels.cs(447,22): warning CS1591: Missing XML comment for publicly visible type or member 'GetAssetRequest' [/home/lysander/repos/bannou/Bannou.SDK/Bannou.SDK.csproj::TargetFramework=net9.0]
/home/lysander/repos/bannou/bannou-service/Generated/Models/AssetModels.cs(467,68): warning CS1591: Missing XML comment for publicly visible type or member 'GetAssetRequest.AdditionalProperties' [/home/lysander/repos/bannou/Bannou.SDK/Bannou.SDK.csproj::TargetFramework=net9.0]
/home/lysander/repos/bannou/bannou-service/Generated/Models/AssetModels.cs(476,22): warning CS1591: Missing XML comment for publicly visible type or member 'AssetWithDownloadUrl' [/home/lysander/repos/bannou/Bannou.SDK/Bannou.SDK.csproj::TargetFramework=net9.0]
/home/lysander/repos/bannou/bannou-service/Generated/Models/AssetModels.cs(480,19): warning CS1591: Missing XML comment for publicly visible type or member 'AssetWithDownloadUrl.AssetId' [/home/lysander/repos/bannou/Bannou.SDK/Bannou.SDK.csproj::TargetFramework=net9.0]
/home/lysander/repos/bannou/bannou-service/Generated/Models/AssetModels.cs(483,19): warning CS1591: Missing XML comment for publicly visible type or member 'AssetWithDownloadUrl.VersionId' [/home/lysander/repos/bannou/Bannou.SDK/Bannou.SDK.csproj::TargetFramework=net9.0]
/home/lysander/repos/bannou/bannou-service/Generated/Models/AssetModels.cs(498,17): warning CS1591: Missing XML comment for publicly visible type or member 'AssetWithDownloadUrl.Size' [/home/lysander/repos/bannou/Bannou.SDK/Bannou.SDK.csproj::TargetFramework=net9.0]
/home/lysander/repos/bannou/bannou-service/Generated/Models/AssetModels.cs(501,19): warning CS1591: Missing XML comment for publicly visible type or member 'AssetWithDownloadUrl.ContentHash' [/home/lysander/repos/bannou/Bannou.SDK/Bannou.SDK.csproj::TargetFramework=net9.0]
/home/lysander/repos/bannou/bannou-service/Generated/Models/AssetModels.cs(504,19): warning CS1591: Missing XML comment for publicly visible type or member 'AssetWithDownloadUrl.ContentType' [/home/lysander/repos/bannou/Bannou.SDK/Bannou.SDK.csproj::TargetFramework=net9.0]
/home/lysander/repos/bannou/bannou-service/Generated/Models/AssetModels.cs(507,26): warning CS1591: Missing XML comment for publicly visible type or member 'AssetWithDownloadUrl.Metadata' [/home/lysander/repos/bannou/Bannou.SDK/Bannou.SDK.csproj::TargetFramework=net9.0]
/home/lysander/repos/bannou/bannou-service/Generated/Models/AssetModels.cs(512,68): warning CS1591: Missing XML comment for publicly visible type or member 'AssetWithDownloadUrl.AdditionalProperties' [/home/lysander/repos/bannou/Bannou.SDK/Bannou.SDK.csproj::TargetFramework=net9.0]
/home/lysander/repos/bannou/bannou-service/Generated/Models/AssetModels.cs(521,22): warning CS1591: Missing XML comment for publicly visible type or member 'ListVersionsRequest' [/home/lysander/repos/bannou/Bannou.SDK/Bannou.SDK.csproj::TargetFramework=net9.0]
/home/lysander/repos/bannou/bannou-service/Generated/Models/AssetModels.cs(527,19): warning CS1591: Missing XML comment for publicly visible type or member 'ListVersionsRequest.AssetId' [/home/lysander/repos/bannou/Bannou.SDK/Bannou.SDK.csproj::TargetFramework=net9.0]
/home/lysander/repos/bannou/bannou-service/Generated/Models/AssetModels.cs(530,16): warning CS1591: Missing XML comment for publicly visible type or member 'ListVersionsRequest.Limit' [/home/lysander/repos/bannou/Bannou.SDK/Bannou.SDK.csproj::TargetFramework=net9.0]
/home/lysander/repos/bannou/bannou-service/Generated/Models/AssetModels.cs(533,16): warning CS1591: Missing XML comment for publicly visible type or member 'ListVersionsRequest.Offset' [/home/lysander/repos/bannou/Bannou.SDK/Bannou.SDK.csproj::TargetFramework=net9.0]
/home/lysander/repos/bannou/bannou-service/Generated/Models/AssetModels.cs(538,68): warning CS1591: Missing XML comment for publicly visible type or member 'ListVersionsRequest.AdditionalProperties' [/home/lysander/repos/bannou/Bannou.SDK/Bannou.SDK.csproj::TargetFramework=net9.0]
/home/lysander/repos/bannou/bannou-service/Generated/Models/AssetModels.cs(547,22): warning CS1591: Missing XML comment for publicly visible type or member 'AssetVersionList' [/home/lysander/repos/bannou/Bannou.SDK/Bannou.SDK.csproj::TargetFramework=net9.0]
/home/lysander/repos/bannou/bannou-service/Generated/Models/AssetModels.cs(551,19): warning CS1591: Missing XML comment for publicly visible type or member 'AssetVersionList.AssetId' [/home/lysander/repos/bannou/Bannou.SDK/Bannou.SDK.csproj::TargetFramework=net9.0]
/home/lysander/repos/bannou/bannou-service/Generated/Models/AssetModels.cs(554,65): warning CS1591: Missing XML comment for publicly visible type or member 'AssetVersionList.Versions' [/home/lysander/repos/bannou/Bannou.SDK/Bannou.SDK.csproj::TargetFramework=net9.0]
/home/lysander/repos/bannou/bannou-service/Generated/Models/AssetModels.cs(557,16): warning CS1591: Missing XML comment for publicly visible type or member 'AssetVersionList.Total' [/home/lysander/repos/bannou/Bannou.SDK/Bannou.SDK.csproj::TargetFramework=net9.0]
/home/lysander/repos/bannou/bannou-service/Generated/Models/AssetModels.cs(560,16): warning CS1591: Missing XML comment for publicly visible type or member 'AssetVersionList.Limit' [/home/lysander/repos/bannou/Bannou.SDK/Bannou.SDK.csproj::TargetFramework=net9.0]
/home/lysander/repos/bannou/bannou-service/Generated/Models/AssetModels.cs(563,16): warning CS1591: Missing XML comment for publicly visible type or member 'AssetVersionList.Offset' [/home/lysander/repos/bannou/Bannou.SDK/Bannou.SDK.csproj::TargetFramework=net9.0]
/home/lysander/repos/bannou/bannou-service/Generated/Models/AssetModels.cs(568,68): warning CS1591: Missing XML comment for publicly visible type or member 'AssetVersionList.AdditionalProperties' [/home/lysander/repos/bannou/Bannou.SDK/Bannou.SDK.csproj::TargetFramework=net9.0]
/home/lysander/repos/bannou/bannou-service/Generated/Models/AssetModels.cs(577,22): warning CS1591: Missing XML comment for publicly visible type or member 'AssetVersion' [/home/lysander/repos/bannou/Bannou.SDK/Bannou.SDK.csproj::TargetFramework=net9.0]
/home/lysander/repos/bannou/bannou-service/Generated/Models/AssetModels.cs(581,19): warning CS1591: Missing XML comment for publicly visible type or member 'AssetVersion.VersionId' [/home/lysander/repos/bannou/Bannou.SDK/Bannou.SDK.csproj::TargetFramework=net9.0]
/home/lysander/repos/bannou/bannou-service/Generated/Models/AssetModels.cs(584,34): warning CS1591: Missing XML comment for publicly visible type or member 'AssetVersion.CreatedAt' [/home/lysander/repos/bannou/Bannou.SDK/Bannou.SDK.csproj::TargetFramework=net9.0]
/home/lysander/repos/bannou/bannou-service/Generated/Models/AssetModels.cs(587,17): warning CS1591: Missing XML comment for publicly visible type or member 'AssetVersion.Size' [/home/lysander/repos/bannou/Bannou.SDK/Bannou.SDK.csproj::TargetFramework=net9.0]
/home/lysander/repos/bannou/bannou-service/Generated/Models/AssetModels.cs(598,68): warning CS1591: Missing XML comment for publicly visible type or member 'AssetVersion.AdditionalProperties' [/home/lysander/repos/bannou/Bannou.SDK/Bannou.SDK.csproj::TargetFramework=net9.0]
/home/lysander/repos/bannou/bannou-service/Generated/Models/AssetModels.cs(607,22): warning CS1591: Missing XML comment for publicly visible type or member 'AssetSearchRequest' [/home/lysander/repos/bannou/Bannou.SDK/Bannou.SDK.csproj::TargetFramework=net9.0]
/home/lysander/repos/bannou/bannou-service/Generated/Models/AssetModels.cs(611,59): warning CS1591: Missing XML comment for publicly visible type or member 'AssetSearchRequest.Tags' [/home/lysander/repos/bannou/Bannou.SDK/Bannou.SDK.csproj::TargetFramework=net9.0]
/home/lysander/repos/bannou/bannou-service/Generated/Models/AssetModels.cs(617,22): warning CS1591: Missing XML comment for publicly visible type or member 'AssetSearchRequest.AssetType' [/home/lysander/repos/bannou/Bannou.SDK/Bannou.SDK.csproj::TargetFramework=net9.0]
/home/lysander/repos/bannou/bannou-service/Generated/Models/AssetModels.cs(623,18): warning CS1591: Missing XML comment for publicly visible type or member 'AssetSearchRequest.Realm' [/home/lysander/repos/bannou/Bannou.SDK/Bannou.SDK.csproj::TargetFramework=net9.0]
/home/lysander/repos/bannou/bannou-service/Generated/Models/AssetModels.cs(632,16): warning CS1591: Missing XML comment for publicly visible type or member 'AssetSearchRequest.Limit' [/home/lysander/repos/bannou/Bannou.SDK/Bannou.SDK.csproj::TargetFramework=net9.0]
/home/lysander/repos/bannou/bannou-service/Generated/Models/AssetModels.cs(635,16): warning CS1591: Missing XML comment for publicly visible type or member 'AssetSearchRequest.Offset' [/home/lysander/repos/bannou/Bannou.SDK/Bannou.SDK.csproj::TargetFramework=net9.0]
/home/lysander/repos/bannou/bannou-service/Generated/Models/AssetModels.cs(640,68): warning CS1591: Missing XML comment for publicly visible type or member 'AssetSearchRequest.AdditionalProperties' [/home/lysander/repos/bannou/Bannou.SDK/Bannou.SDK.csproj::TargetFramework=net9.0]
/home/lysander/repos/bannou/bannou-service/Generated/Models/AssetModels.cs(649,22): warning CS1591: Missing XML comment for publicly visible type or member 'AssetSearchResult' [/home/lysander/repos/bannou/Bannou.SDK/Bannou.SDK.csproj::TargetFramework=net9.0]
/home/lysander/repos/bannou/bannou-service/Generated/Models/AssetModels.cs(653,66): warning CS1591: Missing XML comment for publicly visible type or member 'AssetSearchResult.Assets' [/home/lysander/repos/bannou/Bannou.SDK/Bannou.SDK.csproj::TargetFramework=net9.0]
/home/lysander/repos/bannou/bannou-service/Generated/Models/AssetModels.cs(656,16): warning CS1591: Missing XML comment for publicly visible type or member 'AssetSearchResult.Total' [/home/lysander/repos/bannou/Bannou.SDK/Bannou.SDK.csproj::TargetFramework=net9.0]
/home/lysander/repos/bannou/bannou-service/Generated/Models/AssetModels.cs(659,16): warning CS1591: Missing XML comment for publicly visible type or member 'AssetSearchResult.Limit' [/home/lysander/repos/bannou/Bannou.SDK/Bannou.SDK.csproj::TargetFramework=net9.0]
/home/lysander/repos/bannou/bannou-service/Generated/Models/AssetModels.cs(662,16): warning CS1591: Missing XML comment for publicly visible type or member 'AssetSearchResult.Offset' [/home/lysander/repos/bannou/Bannou.SDK/Bannou.SDK.csproj::TargetFramework=net9.0]
/home/lysander/repos/bannou/bannou-service/Generated/Models/AssetModels.cs(667,68): warning CS1591: Missing XML comment for publicly visible type or member 'AssetSearchResult.AdditionalProperties' [/home/lysander/repos/bannou/Bannou.SDK/Bannou.SDK.csproj::TargetFramework=net9.0]
/home/lysander/repos/bannou/bannou-service/Generated/Models/AssetModels.cs(676,22): warning CS1591: Missing XML comment for publicly visible type or member 'CreateBundleRequest' [/home/lysander/repos/bannou/Bannou.SDK/Bannou.SDK.csproj::TargetFramework=net9.0]
/home/lysander/repos/bannou/bannou-service/Generated/Models/AssetModels.cs(703,28): warning CS1591: Missing XML comment for publicly visible type or member 'CreateBundleRequest.Compression' [/home/lysander/repos/bannou/Bannou.SDK/Bannou.SDK.csproj::TargetFramework=net9.0]
/home/lysander/repos/bannou/bannou-service/Generated/Models/AssetModels.cs(714,68): warning CS1591: Missing XML comment for publicly visible type or member 'CreateBundleRequest.AdditionalProperties' [/home/lysander/repos/bannou/Bannou.SDK/Bannou.SDK.csproj::TargetFramework=net9.0]
/home/lysander/repos/bannou/bannou-service/Generated/Models/AssetModels.cs(723,22): warning CS1591: Missing XML comment for publicly visible type or member 'CreateBundleResponse' [/home/lysander/repos/bannou/Bannou.SDK/Bannou.SDK.csproj::TargetFramework=net9.0]
/home/lysander/repos/bannou/bannou-service/Generated/Models/AssetModels.cs(727,19): warning CS1591: Missing XML comment for publicly visible type or member 'CreateBundleResponse.BundleId' [/home/lysander/repos/bannou/Bannou.SDK/Bannou.SDK.csproj::TargetFramework=net9.0]
/home/lysander/repos/bannou/bannou-service/Generated/Models/AssetModels.cs(745,68): warning CS1591: Missing XML comment for publicly visible type or member 'CreateBundleResponse.AdditionalProperties' [/home/lysander/repos/bannou/Bannou.SDK/Bannou.SDK.csproj::TargetFramework=net9.0]
/home/lysander/repos/bannou/bannou-service/Generated/Models/AssetModels.cs(754,22): warning CS1591: Missing XML comment for publicly visible type or member 'GetBundleRequest' [/home/lysander/repos/bannou/Bannou.SDK/Bannou.SDK.csproj::TargetFramework=net9.0]
/home/lysander/repos/bannou/bannou-service/Generated/Models/AssetModels.cs(760,19): warning CS1591: Missing XML comment for publicly visible type or member 'GetBundleRequest.BundleId' [/home/lysander/repos/bannou/Bannou.SDK/Bannou.SDK.csproj::TargetFramework=net9.0]
/home/lysander/repos/bannou/bannou-service/Generated/Models/AssetModels.cs(764,25): warning CS1591: Missing XML comment for publicly visible type or member 'GetBundleRequest.Format' [/home/lysander/repos/bannou/Bannou.SDK/Bannou.SDK.csproj::TargetFramework=net9.0]
/home/lysander/repos/bannou/bannou-service/Generated/Models/AssetModels.cs(769,68): warning CS1591: Missing XML comment for publicly visible type or member 'GetBundleRequest.AdditionalProperties' [/home/lysander/repos/bannou/Bannou.SDK/Bannou.SDK.csproj::TargetFramework=net9.0]
/home/lysander/repos/bannou/bannou-service/Generated/Models/AssetModels.cs(778,22): warning CS1591: Missing XML comment for publicly visible type or member 'BundleWithDownloadUrl' [/home/lysander/repos/bannou/Bannou.SDK/Bannou.SDK.csproj::TargetFramework=net9.0]
/home/lysander/repos/bannou/bannou-service/Generated/Models/AssetModels.cs(782,19): warning CS1591: Missing XML comment for publicly visible type or member 'BundleWithDownloadUrl.BundleId' [/home/lysander/repos/bannou/Bannou.SDK/Bannou.SDK.csproj::TargetFramework=net9.0]
/home/lysander/repos/bannou/bannou-service/Generated/Models/AssetModels.cs(785,19): warning CS1591: Missing XML comment for publicly visible type or member 'BundleWithDownloadUrl.Version' [/home/lysander/repos/bannou/Bannou.SDK/Bannou.SDK.csproj::TargetFramework=net9.0]
/home/lysander/repos/bannou/bannou-service/Generated/Models/AssetModels.cs(788,23): warning CS1591: Missing XML comment for publicly visible type or member 'BundleWithDownloadUrl.DownloadUrl' [/home/lysander/repos/bannou/Bannou.SDK/Bannou.SDK.csproj::TargetFramework=net9.0]
/home/lysander/repos/bannou/bannou-service/Generated/Models/AssetModels.cs(792,25): warning CS1591: Missing XML comment for publicly visible type or member 'BundleWithDownloadUrl.Format' [/home/lysander/repos/bannou/Bannou.SDK/Bannou.SDK.csproj::TargetFramework=net9.0]
/home/lysander/repos/bannou/bannou-service/Generated/Models/AssetModels.cs(795,34): warning CS1591: Missing XML comment for publicly visible type or member 'BundleWithDownloadUrl.ExpiresAt' [/home/lysander/repos/bannou/Bannou.SDK/Bannou.SDK.csproj::TargetFramework=net9.0]
/home/lysander/repos/bannou/bannou-service/Generated/Models/AssetModels.cs(798,17): warning CS1591: Missing XML comment for publicly visible type or member 'BundleWithDownloadUrl.Size' [/home/lysander/repos/bannou/Bannou.SDK/Bannou.SDK.csproj::TargetFramework=net9.0]
/home/lysander/repos/bannou/bannou-service/Generated/Models/AssetModels.cs(801,16): warning CS1591: Missing XML comment for publicly visible type or member 'BundleWithDownloadUrl.AssetCount' [/home/lysander/repos/bannou/Bannou.SDK/Bannou.SDK.csproj::TargetFramework=net9.0]
/home/lysander/repos/bannou/bannou-service/Generated/Models/AssetModels.cs(812,68): warning CS1591: Missing XML comment for publicly visible type or member 'BundleWithDownloadUrl.AdditionalProperties' [/home/lysander/repos/bannou/Bannou.SDK/Bannou.SDK.csproj::TargetFramework=net9.0]
/home/lysander/repos/bannou/bannou-service/Generated/Models/AssetModels.cs(821,22): warning CS1591: Missing XML comment for publicly visible type or member 'BundleUploadRequest' [/home/lysander/repos/bannou/Bannou.SDK/Bannou.SDK.csproj::TargetFramework=net9.0]
/home/lysander/repos/bannou/bannou-service/Generated/Models/AssetModels.cs(833,17): warning CS1591: Missing XML comment for publicly visible type or member 'BundleUploadRequest.Size' [/home/lysander/repos/bannou/Bannou.SDK/Bannou.SDK.csproj::TargetFramework=net9.0]
/home/lysander/repos/bannou/bannou-service/Generated/Models/AssetModels.cs(836,34): warning CS1591: Missing XML comment for publicly visible type or member 'BundleUploadRequest.ManifestPreview' [/home/lysander/repos/bannou/Bannou.SDK/Bannou.SDK.csproj::TargetFramework=net9.0]
/home/lysander/repos/bannou/bannou-service/Generated/Models/AssetModels.cs(841,68): warning CS1591: Missing XML comment for publicly visible type or member 'BundleUploadRequest.AdditionalProperties' [/home/lysander/repos/bannou/Bannou.SDK/Bannou.SDK.csproj::TargetFramework=net9.0]
/home/lysander/repos/bannou/bannou-service/Generated/Models/AssetModels.cs(857,19): warning CS1591: Missing XML comment for publicly visible type or member 'BundleManifestPreview.BundleId' [/home/lysander/repos/bannou/Bannou.SDK/Bannou.SDK.csproj::TargetFramework=net9.0]
/home/lysander/repos/bannou/bannou-service/Generated/Models/AssetModels.cs(860,19): warning CS1591: Missing XML comment for publicly visible type or member 'BundleManifestPreview.Version' [/home/lysander/repos/bannou/Bannou.SDK/Bannou.SDK.csproj::TargetFramework=net9.0]
/home/lysander/repos/bannou/bannou-service/Generated/Models/AssetModels.cs(863,16): warning CS1591: Missing XML comment for publicly visible type or member 'BundleManifestPreview.AssetCount' [/home/lysander/repos/bannou/Bannou.SDK/Bannou.SDK.csproj::TargetFramework=net9.0]
/home/lysander/repos/bannou/bannou-service/Generated/Models/AssetModels.cs(868,68): warning CS1591: Missing XML comment for publicly visible type or member 'BundleManifestPreview.AdditionalProperties' [/home/lysander/repos/bannou/Bannou.SDK/Bannou.SDK.csproj::TargetFramework=net9.0]
/home/lysander/repos/bannou/bannou-service/Generated/Models/AssetModels.cs(877,13): warning CS1591: Missing XML comment for publicly visible type or member 'CreateBundleResponseStatus' [/home/lysander/repos/bannou/Bannou.SDK/Bannou.SDK.csproj::TargetFramework=net9.0]
/home/lysander/repos/bannou/bannou-service/Generated/Models/AssetModels.cs(881,5): warning CS1591: Missing XML comment for publicly visible type or member 'CreateBundleResponseStatus.Queued' [/home/lysander/repos/bannou/Bannou.SDK/Bannou.SDK.csproj::TargetFramework=net9.0]
/home/lysander/repos/bannou/bannou-service/Generated/Models/AssetModels.cs(884,5): warning CS1591: Missing XML comment for publicly visible type or member 'CreateBundleResponseStatus.Processing' [/home/lysander/repos/bannou/Bannou.SDK/Bannou.SDK.csproj::TargetFramework=net9.0]
/home/lysander/repos/bannou/bannou-service/Generated/Models/AssetModels.cs(887,5): warning CS1591: Missing XML comment for publicly visible type or member 'CreateBundleResponseStatus.Ready' [/home/lysander/repos/bannou/Bannou.SDK/Bannou.SDK.csproj::TargetFramework=net9.0]
/home/lysander/repos/bannou/bannou-service/Generated/Models/AssetModels.cs(890,5): warning CS1591: Missing XML comment for publicly visible type or member 'CreateBundleResponseStatus.Failed' [/home/lysander/repos/bannou/Bannou.SDK/Bannou.SDK.csproj::TargetFramework=net9.0]
/home/lysander/repos/bannou/bannou-service/Generated/Clients/VoiceClient.cs(19,26): warning CS1591: Missing XML comment for publicly visible type or member 'IVoiceClient' [/home/lysander/repos/bannou/Bannou.SDK/Bannou.SDK.csproj::TargetFramework=net9.0]
/home/lysander/repos/bannou/bannou-service/Generated/Clients/VoiceClient.cs(33,96): warning CS1573: Parameter 'body' has no matching param tag in the XML comment for 'IVoiceClient.CreateVoiceRoomAsync(CreateVoiceRoomRequest, CancellationToken)' (but other parameters do) [/home/lysander/repos/bannou/Bannou.SDK/Bannou.SDK.csproj::TargetFramework=net9.0]
/home/lysander/repos/bannou/bannou-service/Generated/Clients/VoiceClient.cs(45,90): warning CS1573: Parameter 'body' has no matching param tag in the XML comment for 'IVoiceClient.GetVoiceRoomAsync(GetVoiceRoomRequest, CancellationToken)' (but other parameters do) [/home/lysander/repos/bannou/Bannou.SDK/Bannou.SDK.csproj::TargetFramework=net9.0]
/home/lysander/repos/bannou/bannou-service/Generated/Clients/VoiceClient.cs(59,96): warning CS1573: Parameter 'body' has no matching param tag in the XML comment for 'IVoiceClient.JoinVoiceRoomAsync(JoinVoiceRoomRequest, CancellationToken)' (but other parameters do) [/home/lysander/repos/bannou/Bannou.SDK/Bannou.SDK.csproj::TargetFramework=net9.0]
/home/lysander/repos/bannou/bannou-service/Generated/Clients/VoiceClient.cs(71,75): warning CS1573: Parameter 'body' has no matching param tag in the XML comment for 'IVoiceClient.LeaveVoiceRoomAsync(LeaveVoiceRoomRequest, CancellationToken)' (but other parameters do) [/home/lysander/repos/bannou/Bannou.SDK/Bannou.SDK.csproj::TargetFramework=net9.0]
/home/lysander/repos/bannou/bannou-service/Generated/Clients/VoiceClient.cs(83,77): warning CS1573: Parameter 'body' has no matching param tag in the XML comment for 'IVoiceClient.DeleteVoiceRoomAsync(DeleteVoiceRoomRequest, CancellationToken)' (but other parameters do) [/home/lysander/repos/bannou/Bannou.SDK/Bannou.SDK.csproj::TargetFramework=net9.0]
/home/lysander/repos/bannou/bannou-service/Generated/Clients/VoiceClient.cs(95,73): warning CS1573: Parameter 'body' has no matching param tag in the XML comment for 'IVoiceClient.PeerHeartbeatAsync(PeerHeartbeatRequest, CancellationToken)' (but other parameters do) [/home/lysander/repos/bannou/Bannou.SDK/Bannou.SDK.csproj::TargetFramework=net9.0]
/home/lysander/repos/bannou/bannou-service/Generated/Clients/VoiceClient.cs(112,67): warning CS1573: Parameter 'body' has no matching param tag in the XML comment for 'IVoiceClient.AnswerPeerAsync(AnswerPeerRequest, CancellationToken)' (but other parameters do) [/home/lysander/repos/bannou/Bannou.SDK/Bannou.SDK.csproj::TargetFramework=net9.0]
/home/lysander/repos/bannou/bannou-service/Generated/Clients/VoiceClient.cs(116,22): warning CS1591: Missing XML comment for publicly visible type or member 'VoiceClient' [/home/lysander/repos/bannou/Bannou.SDK/Bannou.SDK.csproj::TargetFramework=net9.0]
/home/lysander/repos/bannou/bannou-service/Generated/Clients/VoiceClient.cs(136,12): warning CS1591: Missing XML comment for publicly visible type or member 'VoiceClient.VoiceClient(IMeshInvocationClient, IServiceAppMappingResolver, ILogger<VoiceClient>?)' [/home/lysander/repos/bannou/Bannou.SDK/Bannou.SDK.csproj::TargetFramework=net9.0]
/home/lysander/repos/bannou/bannou-service/Generated/Clients/VoiceClient.cs(144,54): warning CS1591: Missing XML comment for publicly visible type or member 'VoiceClient.JsonSerializerSettings' [/home/lysander/repos/bannou/Bannou.SDK/Bannou.SDK.csproj::TargetFramework=net9.0]
/home/lysander/repos/bannou/bannou-service/Generated/Clients/VoiceClient.cs(249,117): warning CS1573: Parameter 'body' has no matching param tag in the XML comment for 'VoiceClient.CreateVoiceRoomAsync(CreateVoiceRoomRequest, CancellationToken)' (but other parameters do) [/home/lysander/repos/bannou/Bannou.SDK/Bannou.SDK.csproj::TargetFramework=net9.0]
/home/lysander/repos/bannou/bannou-service/Generated/Clients/VoiceClient.cs(344,111): warning CS1573: Parameter 'body' has no matching param tag in the XML comment for 'VoiceClient.GetVoiceRoomAsync(GetVoiceRoomRequest, CancellationToken)' (but other parameters do) [/home/lysander/repos/bannou/Bannou.SDK/Bannou.SDK.csproj::TargetFramework=net9.0]
/home/lysander/repos/bannou/bannou-service/Generated/Clients/VoiceClient.cs(435,117): warning CS1573: Parameter 'body' has no matching param tag in the XML comment for 'VoiceClient.JoinVoiceRoomAsync(JoinVoiceRoomRequest, CancellationToken)' (but other parameters do) [/home/lysander/repos/bannou/Bannou.SDK/Bannou.SDK.csproj::TargetFramework=net9.0]
/home/lysander/repos/bannou/bannou-service/Generated/Clients/VoiceClient.cs(536,96): warning CS1573: Parameter 'body' has no matching param tag in the XML comment for 'VoiceClient.LeaveVoiceRoomAsync(LeaveVoiceRoomRequest, CancellationToken)' (but other parameters do) [/home/lysander/repos/bannou/Bannou.SDK/Bannou.SDK.csproj::TargetFramework=net9.0]
/home/lysander/repos/bannou/bannou-service/Generated/Clients/VoiceClient.cs(619,98): warning CS1573: Parameter 'body' has no matching param tag in the XML comment for 'VoiceClient.DeleteVoiceRoomAsync(DeleteVoiceRoomRequest, CancellationToken)' (but other parameters do) [/home/lysander/repos/bannou/Bannou.SDK/Bannou.SDK.csproj::TargetFramework=net9.0]
/home/lysander/repos/bannou/bannou-service/Generated/Clients/VoiceClient.cs(702,94): warning CS1573: Parameter 'body' has no matching param tag in the XML comment for 'VoiceClient.PeerHeartbeatAsync(PeerHeartbeatRequest, CancellationToken)' (but other parameters do) [/home/lysander/repos/bannou/Bannou.SDK/Bannou.SDK.csproj::TargetFramework=net9.0]
/home/lysander/repos/bannou/bannou-service/Generated/Clients/VoiceClient.cs(790,88): warning CS1573: Parameter 'body' has no matching param tag in the XML comment for 'VoiceClient.AnswerPeerAsync(AnswerPeerRequest, CancellationToken)' (but other parameters do) [/home/lysander/repos/bannou/Bannou.SDK/Bannou.SDK.csproj::TargetFramework=net9.0]
/home/lysander/repos/bannou/bannou-service/Generated/Clients/VoiceClient.cs(869,22): warning CS1591: Missing XML comment for publicly visible type or member 'VoiceClient.ObjectResponseResult<T>' [/home/lysander/repos/bannou/Bannou.SDK/Bannou.SDK.csproj::TargetFramework=net9.0]
/home/lysander/repos/bannou/bannou-service/Generated/Clients/VoiceClient.cs(871,16): warning CS1591: Missing XML comment for publicly visible type or member 'VoiceClient.ObjectResponseResult<T>.ObjectResponseResult(T, string)' [/home/lysander/repos/bannou/Bannou.SDK/Bannou.SDK.csproj::TargetFramework=net9.0]
/home/lysander/repos/bannou/bannou-service/Generated/Clients/VoiceClient.cs(877,18): warning CS1591: Missing XML comment for publicly visible type or member 'VoiceClient.ObjectResponseResult<T>.Object' [/home/lysander/repos/bannou/Bannou.SDK/Bannou.SDK.csproj::TargetFramework=net9.0]
/home/lysander/repos/bannou/bannou-service/Generated/Clients/VoiceClient.cs(879,23): warning CS1591: Missing XML comment for publicly visible type or member 'VoiceClient.ObjectResponseResult<T>.Text' [/home/lysander/repos/bannou/Bannou.SDK/Bannou.SDK.csproj::TargetFramework=net9.0]
/home/lysander/repos/bannou/bannou-service/Generated/Clients/VoiceClient.cs(902,17): warning CS1591: Missing XML comment for publicly visible type or member 'VoiceClient.ReadResponseAsString' [/home/lysander/repos/bannou/Bannou.SDK/Bannou.SDK.csproj::TargetFramework=net9.0]
/home/lysander/repos/bannou/bannou-service/Generated/Clients/VoiceClient.cs(904,86): warning CS1591: Missing XML comment for publicly visible type or member 'VoiceClient.ReadObjectResponseAsync<T>(HttpResponseMessage, IReadOnlyDictionary<string, IEnumerable<string>>, CancellationToken)' [/home/lysander/repos/bannou/Bannou.SDK/Bannou.SDK.csproj::TargetFramework=net9.0]
/home/lysander/repos/bannou/bannou-service/Generated/Models/VoiceModels.cs(28,5): warning CS1591: Missing XML comment for publicly visible type or member 'VoiceTier.P2p' [/home/lysander/repos/bannou/Bannou.SDK/Bannou.SDK.csproj::TargetFramework=net9.0]
/home/lysander/repos/bannou/bannou-service/Generated/Models/VoiceModels.cs(31,5): warning CS1591: Missing XML comment for publicly visible type or member 'VoiceTier.Scaled' [/home/lysander/repos/bannou/Bannou.SDK/Bannou.SDK.csproj::TargetFramework=net9.0]
/home/lysander/repos/bannou/bannou-service/Generated/Models/VoiceModels.cs(43,5): warning CS1591: Missing XML comment for publicly visible type or member 'VoiceCodec.Opus' [/home/lysander/repos/bannou/Bannou.SDK/Bannou.SDK.csproj::TargetFramework=net9.0]
/home/lysander/repos/bannou/bannou-service/Generated/Models/VoiceModels.cs(46,5): warning CS1591: Missing XML comment for publicly visible type or member 'VoiceCodec.G711' [/home/lysander/repos/bannou/Bannou.SDK/Bannou.SDK.csproj::TargetFramework=net9.0]
/home/lysander/repos/bannou/bannou-service/Generated/Models/VoiceModels.cs(49,5): warning CS1591: Missing XML comment for publicly visible type or member 'VoiceCodec.G722' [/home/lysander/repos/bannou/Bannou.SDK/Bannou.SDK.csproj::TargetFramework=net9.0]
/home/lysander/repos/bannou/bannou-service/Generated/Models/VoiceModels.cs(92,68): warning CS1591: Missing XML comment for publicly visible type or member 'CreateVoiceRoomRequest.AdditionalProperties' [/home/lysander/repos/bannou/Bannou.SDK/Bannou.SDK.csproj::TargetFramework=net9.0]
/home/lysander/repos/bannou/bannou-service/Generated/Models/VoiceModels.cs(118,68): warning CS1591: Missing XML comment for publicly visible type or member 'GetVoiceRoomRequest.AdditionalProperties' [/home/lysander/repos/bannou/Bannou.SDK/Bannou.SDK.csproj::TargetFramework=net9.0]
/home/lysander/repos/bannou/bannou-service/Generated/Models/VoiceModels.cs(167,68): warning CS1591: Missing XML comment for publicly visible type or member 'JoinVoiceRoomRequest.AdditionalProperties' [/home/lysander/repos/bannou/Bannou.SDK/Bannou.SDK.csproj::TargetFramework=net9.0]
/home/lysander/repos/bannou/bannou-service/Generated/Models/VoiceModels.cs(201,68): warning CS1591: Missing XML comment for publicly visible type or member 'LeaveVoiceRoomRequest.AdditionalProperties' [/home/lysander/repos/bannou/Bannou.SDK/Bannou.SDK.csproj::TargetFramework=net9.0]
/home/lysander/repos/bannou/bannou-service/Generated/Models/VoiceModels.cs(233,68): warning CS1591: Missing XML comment for publicly visible type or member 'DeleteVoiceRoomRequest.AdditionalProperties' [/home/lysander/repos/bannou/Bannou.SDK/Bannou.SDK.csproj::TargetFramework=net9.0]
/home/lysander/repos/bannou/bannou-service/Generated/Models/VoiceModels.cs(267,68): warning CS1591: Missing XML comment for publicly visible type or member 'PeerHeartbeatRequest.AdditionalProperties' [/home/lysander/repos/bannou/Bannou.SDK/Bannou.SDK.csproj::TargetFramework=net9.0]
/home/lysander/repos/bannou/bannou-service/Generated/Models/VoiceModels.cs(325,68): warning CS1591: Missing XML comment for publicly visible type or member 'AnswerPeerRequest.AdditionalProperties' [/home/lysander/repos/bannou/Bannou.SDK/Bannou.SDK.csproj::TargetFramework=net9.0]
/home/lysander/repos/bannou/bannou-service/Generated/Models/VoiceModels.cs(407,68): warning CS1591: Missing XML comment for publicly visible type or member 'VoiceRoomResponse.AdditionalProperties' [/home/lysander/repos/bannou/Bannou.SDK/Bannou.SDK.csproj::TargetFramework=net9.0]
/home/lysander/repos/bannou/bannou-service/Generated/Models/VoiceModels.cs(479,68): warning CS1591: Missing XML comment for publicly visible type or member 'JoinVoiceRoomResponse.AdditionalProperties' [/home/lysander/repos/bannou/Bannou.SDK/Bannou.SDK.csproj::TargetFramework=net9.0]
/home/lysander/repos/bannou/bannou-service/Generated/Models/VoiceModels.cs(523,68): warning CS1591: Missing XML comment for publicly visible type or member 'SipEndpoint.AdditionalProperties' [/home/lysander/repos/bannou/Bannou.SDK/Bannou.SDK.csproj::TargetFramework=net9.0]
/home/lysander/repos/bannou/bannou-service/Generated/Models/VoiceModels.cs(569,68): warning CS1591: Missing XML comment for publicly visible type or member 'VoiceParticipant.AdditionalProperties' [/home/lysander/repos/bannou/Bannou.SDK/Bannou.SDK.csproj::TargetFramework=net9.0]
/home/lysander/repos/bannou/bannou-service/Generated/Models/VoiceModels.cs(609,68): warning CS1591: Missing XML comment for publicly visible type or member 'VoicePeer.AdditionalProperties' [/home/lysander/repos/bannou/Bannou.SDK/Bannou.SDK.csproj::TargetFramework=net9.0]
/home/lysander/repos/bannou/bannou-service/Generated/Clients/LocationClient.cs(19,26): warning CS1591: Missing XML comment for publicly visible type or member 'ILocationClient' [/home/lysander/repos/bannou/Bannou.SDK/Bannou.SDK.csproj::TargetFramework=net9.0]
/home/lysander/repos/bannou/bannou-service/Generated/Clients/LocationClient.cs(28,87): warning CS1573: Parameter 'body' has no matching param tag in the XML comment for 'ILocationClient.GetLocationAsync(GetLocationRequest, CancellationToken)' (but other parameters do) [/home/lysander/repos/bannou/Bannou.SDK/Bannou.SDK.csproj::TargetFramework=net9.0]
/home/lysander/repos/bannou/bannou-service/Generated/Clients/LocationClient.cs(39,99): warning CS1573: Parameter 'body' has no matching param tag in the XML comment for 'ILocationClient.GetLocationByCodeAsync(GetLocationByCodeRequest, CancellationToken)' (but other parameters do) [/home/lysander/repos/bannou/Bannou.SDK/Bannou.SDK.csproj::TargetFramework=net9.0]
/home/lysander/repos/bannou/bannou-service/Generated/Clients/LocationClient.cs(50,95): warning CS1573: Parameter 'body' has no matching param tag in the XML comment for 'ILocationClient.ListLocationsAsync(ListLocationsRequest, CancellationToken)' (but other parameters do) [/home/lysander/repos/bannou/Bannou.SDK/Bannou.SDK.csproj::TargetFramework=net9.0]
/home/lysander/repos/bannou/bannou-service/Generated/Clients/LocationClient.cs(63,109): warning CS1573: Parameter 'body' has no matching param tag in the XML comment for 'ILocationClient.ListLocationsByRealmAsync(ListLocationsByRealmRequest, CancellationToken)' (but other parameters do) [/home/lysander/repos/bannou/Bannou.SDK/Bannou.SDK.csproj::TargetFramework=net9.0]
/home/lysander/repos/bannou/bannou-service/Generated/Clients/LocationClient.cs(75,111): warning CS1573: Parameter 'body' has no matching param tag in the XML comment for 'ILocationClient.ListLocationsByParentAsync(ListLocationsByParentRequest, CancellationToken)' (but other parameters do) [/home/lysander/repos/bannou/Bannou.SDK/Bannou.SDK.csproj::TargetFramework=net9.0]
/home/lysander/repos/bannou/bannou-service/Generated/Clients/LocationClient.cs(87,103): warning CS1573: Parameter 'body' has no matching param tag in the XML comment for 'ILocationClient.ListRootLocationsAsync(ListRootLocationsRequest, CancellationToken)' (but other parameters do) [/home/lysander/repos/bannou/Bannou.SDK/Bannou.SDK.csproj::TargetFramework=net9.0]
/home/lysander/repos/bannou/bannou-service/Generated/Clients/LocationClient.cs(100,109): warning CS1573: Parameter 'body' has no matching param tag in the XML comment for 'ILocationClient.GetLocationAncestorsAsync(GetLocationAncestorsRequest, CancellationToken)' (but other parameters do) [/home/lysander/repos/bannou/Bannou.SDK/Bannou.SDK.csproj::TargetFramework=net9.0]
/home/lysander/repos/bannou/bannou-service/Generated/Clients/LocationClient.cs(113,113): warning CS1573: Parameter 'body' has no matching param tag in the XML comment for 'ILocationClient.GetLocationDescendantsAsync(GetLocationDescendantsRequest, CancellationToken)' (but other parameters do) [/home/lysander/repos/bannou/Bannou.SDK/Bannou.SDK.csproj::TargetFramework=net9.0]
/home/lysander/repos/bannou/bannou-service/Generated/Clients/LocationClient.cs(121,93): warning CS1573: Parameter 'body' has no matching param tag in the XML comment for 'ILocationClient.CreateLocationAsync(CreateLocationRequest, CancellationToken)' (but other parameters do) [/home/lysander/repos/bannou/Bannou.SDK/Bannou.SDK.csproj::TargetFramework=net9.0]
/home/lysander/repos/bannou/bannou-service/Generated/Clients/LocationClient.cs(129,93): warning CS1573: Parameter 'body' has no matching param tag in the XML comment for 'ILocationClient.UpdateLocationAsync(UpdateLocationRequest, CancellationToken)' (but other parameters do) [/home/lysander/repos/bannou/Bannou.SDK/Bannou.SDK.csproj::TargetFramework=net9.0]
/home/lysander/repos/bannou/bannou-service/Generated/Clients/LocationClient.cs(144,99): warning CS1573: Parameter 'body' has no matching param tag in the XML comment for 'ILocationClient.SetLocationParentAsync(SetLocationParentRequest, CancellationToken)' (but other parameters do) [/home/lysander/repos/bannou/Bannou.SDK/Bannou.SDK.csproj::TargetFramework=net9.0]
/home/lysander/repos/bannou/bannou-service/Generated/Clients/LocationClient.cs(156,105): warning CS1573: Parameter 'body' has no matching param tag in the XML comment for 'ILocationClient.RemoveLocationParentAsync(RemoveLocationParentRequest, CancellationToken)' (but other parameters do) [/home/lysander/repos/bannou/Bannou.SDK/Bannou.SDK.csproj::TargetFramework=net9.0]
/home/lysander/repos/bannou/bannou-service/Generated/Clients/LocationClient.cs(171,75): warning CS1573: Parameter 'body' has no matching param tag in the XML comment for 'ILocationClient.DeleteLocationAsync(DeleteLocationRequest, CancellationToken)' (but other parameters do) [/home/lysander/repos/bannou/Bannou.SDK/Bannou.SDK.csproj::TargetFramework=net9.0]
/home/lysander/repos/bannou/bannou-service/Generated/Clients/LocationClient.cs(186,99): warning CS1573: Parameter 'body' has no matching param tag in the XML comment for 'ILocationClient.DeprecateLocationAsync(DeprecateLocationRequest, CancellationToken)' (but other parameters do) [/home/lysander/repos/bannou/Bannou.SDK/Bannou.SDK.csproj::TargetFramework=net9.0]
/home/lysander/repos/bannou/bannou-service/Generated/Clients/LocationClient.cs(198,103): warning CS1573: Parameter 'body' has no matching param tag in the XML comment for 'ILocationClient.UndeprecateLocationAsync(UndeprecateLocationRequest, CancellationToken)' (but other parameters do) [/home/lysander/repos/bannou/Bannou.SDK/Bannou.SDK.csproj::TargetFramework=net9.0]
/home/lysander/repos/bannou/bannou-service/Generated/Clients/LocationClient.cs(210,99): warning CS1573: Parameter 'body' has no matching param tag in the XML comment for 'ILocationClient.LocationExistsAsync(LocationExistsRequest, CancellationToken)' (but other parameters do) [/home/lysander/repos/bannou/Bannou.SDK/Bannou.SDK.csproj::TargetFramework=net9.0]
/home/lysander/repos/bannou/bannou-service/Generated/Clients/LocationClient.cs(224,96): warning CS1573: Parameter 'body' has no matching param tag in the XML comment for 'ILocationClient.SeedLocationsAsync(SeedLocationsRequest, CancellationToken)' (but other parameters do) [/home/lysander/repos/bannou/Bannou.SDK/Bannou.SDK.csproj::TargetFramework=net9.0]
/home/lysander/repos/bannou/bannou-service/Generated/Clients/LocationClient.cs(228,22): warning CS1591: Missing XML comment for publicly visible type or member 'LocationClient' [/home/lysander/repos/bannou/Bannou.SDK/Bannou.SDK.csproj::TargetFramework=net9.0]
/home/lysander/repos/bannou/bannou-service/Generated/Clients/LocationClient.cs(248,12): warning CS1591: Missing XML comment for publicly visible type or member 'LocationClient.LocationClient(IMeshInvocationClient, IServiceAppMappingResolver, ILogger<LocationClient>?)' [/home/lysander/repos/bannou/Bannou.SDK/Bannou.SDK.csproj::TargetFramework=net9.0]
/home/lysander/repos/bannou/bannou-service/Generated/Clients/LocationClient.cs(256,54): warning CS1591: Missing XML comment for publicly visible type or member 'LocationClient.JsonSerializerSettings' [/home/lysander/repos/bannou/Bannou.SDK/Bannou.SDK.csproj::TargetFramework=net9.0]
/home/lysander/repos/bannou/bannou-service/Generated/Clients/LocationClient.cs(356,108): warning CS1573: Parameter 'body' has no matching param tag in the XML comment for 'LocationClient.GetLocationAsync(GetLocationRequest, CancellationToken)' (but other parameters do) [/home/lysander/repos/bannou/Bannou.SDK/Bannou.SDK.csproj::TargetFramework=net9.0]
/home/lysander/repos/bannou/bannou-service/Generated/Clients/LocationClient.cs(444,120): warning CS1573: Parameter 'body' has no matching param tag in the XML comment for 'LocationClient.GetLocationByCodeAsync(GetLocationByCodeRequest, CancellationToken)' (but other parameters do) [/home/lysander/repos/bannou/Bannou.SDK/Bannou.SDK.csproj::TargetFramework=net9.0]
/home/lysander/repos/bannou/bannou-service/Generated/Clients/LocationClient.cs(532,116): warning CS1573: Parameter 'body' has no matching param tag in the XML comment for 'LocationClient.ListLocationsAsync(ListLocationsRequest, CancellationToken)' (but other parameters do) [/home/lysander/repos/bannou/Bannou.SDK/Bannou.SDK.csproj::TargetFramework=net9.0]
/home/lysander/repos/bannou/bannou-service/Generated/Clients/LocationClient.cs(616,130): warning CS1573: Parameter 'body' has no matching param tag in the XML comment for 'LocationClient.ListLocationsByRealmAsync(ListLocationsByRealmRequest, CancellationToken)' (but other parameters do) [/home/lysander/repos/bannou/Bannou.SDK/Bannou.SDK.csproj::TargetFramework=net9.0]
/home/lysander/repos/bannou/bannou-service/Generated/Clients/LocationClient.cs(699,132): warning CS1573: Parameter 'body' has no matching param tag in the XML comment for 'LocationClient.ListLocationsByParentAsync(ListLocationsByParentRequest, CancellationToken)' (but other parameters do) [/home/lysander/repos/bannou/Bannou.SDK/Bannou.SDK.csproj::TargetFramework=net9.0]
/home/lysander/repos/bannou/bannou-service/Generated/Clients/LocationClient.cs(788,124): warning CS1573: Parameter 'body' has no matching param tag in the XML comment for 'LocationClient.ListRootLocationsAsync(ListRootLocationsRequest, CancellationToken)' (but other parameters do) [/home/lysander/repos/bannou/Bannou.SDK/Bannou.SDK.csproj::TargetFramework=net9.0]
/home/lysander/repos/bannou/bannou-service/Generated/Clients/LocationClient.cs(872,130): warning CS1573: Parameter 'body' has no matching param tag in the XML comment for 'LocationClient.GetLocationAncestorsAsync(GetLocationAncestorsRequest, CancellationToken)' (but other parameters do) [/home/lysander/repos/bannou/Bannou.SDK/Bannou.SDK.csproj::TargetFramework=net9.0]
/home/lysander/repos/bannou/bannou-service/Generated/Clients/LocationClient.cs(962,134): warning CS1573: Parameter 'body' has no matching param tag in the XML comment for 'LocationClient.GetLocationDescendantsAsync(GetLocationDescendantsRequest, CancellationToken)' (but other parameters do) [/home/lysander/repos/bannou/Bannou.SDK/Bannou.SDK.csproj::TargetFramework=net9.0]
/home/lysander/repos/bannou/bannou-service/Generated/Clients/LocationClient.cs(1047,114): warning CS1573: Parameter 'body' has no matching param tag in the XML comment for 'LocationClient.CreateLocationAsync(CreateLocationRequest, CancellationToken)' (but other parameters do) [/home/lysander/repos/bannou/Bannou.SDK/Bannou.SDK.csproj::TargetFramework=net9.0]
/home/lysander/repos/bannou/bannou-service/Generated/Clients/LocationClient.cs(1138,114): warning CS1573: Parameter 'body' has no matching param tag in the XML comment for 'LocationClient.UpdateLocationAsync(UpdateLocationRequest, CancellationToken)' (but other parameters do) [/home/lysander/repos/bannou/Bannou.SDK/Bannou.SDK.csproj::TargetFramework=net9.0]
/home/lysander/repos/bannou/bannou-service/Generated/Clients/LocationClient.cs(1236,120): warning CS1573: Parameter 'body' has no matching param tag in the XML comment for 'LocationClient.SetLocationParentAsync(SetLocationParentRequest, CancellationToken)' (but other parameters do) [/home/lysander/repos/bannou/Bannou.SDK/Bannou.SDK.csproj::TargetFramework=net9.0]
/home/lysander/repos/bannou/bannou-service/Generated/Clients/LocationClient.cs(1331,126): warning CS1573: Parameter 'body' has no matching param tag in the XML comment for 'LocationClient.RemoveLocationParentAsync(RemoveLocationParentRequest, CancellationToken)' (but other parameters do) [/home/lysander/repos/bannou/Bannou.SDK/Bannou.SDK.csproj::TargetFramework=net9.0]
/home/lysander/repos/bannou/bannou-service/Generated/Clients/LocationClient.cs(1423,96): warning CS1573: Parameter 'body' has no matching param tag in the XML comment for 'LocationClient.DeleteLocationAsync(DeleteLocationRequest, CancellationToken)' (but other parameters do) [/home/lysander/repos/bannou/Bannou.SDK/Bannou.SDK.csproj::TargetFramework=net9.0]
/home/lysander/repos/bannou/bannou-service/Generated/Clients/LocationClient.cs(1515,120): warning CS1573: Parameter 'body' has no matching param tag in the XML comment for 'LocationClient.DeprecateLocationAsync(DeprecateLocationRequest, CancellationToken)' (but other parameters do) [/home/lysander/repos/bannou/Bannou.SDK/Bannou.SDK.csproj::TargetFramework=net9.0]
/home/lysander/repos/bannou/bannou-service/Generated/Clients/LocationClient.cs(1610,124): warning CS1573: Parameter 'body' has no matching param tag in the XML comment for 'LocationClient.UndeprecateLocationAsync(UndeprecateLocationRequest, CancellationToken)' (but other parameters do) [/home/lysander/repos/bannou/Bannou.SDK/Bannou.SDK.csproj::TargetFramework=net9.0]
/home/lysander/repos/bannou/bannou-service/Generated/Clients/LocationClient.cs(1705,120): warning CS1573: Parameter 'body' has no matching param tag in the XML comment for 'LocationClient.LocationExistsAsync(LocationExistsRequest, CancellationToken)' (but other parameters do) [/home/lysander/repos/bannou/Bannou.SDK/Bannou.SDK.csproj::TargetFramework=net9.0]
/home/lysander/repos/bannou/bannou-service/Generated/Clients/LocationClient.cs(1790,117): warning CS1573: Parameter 'body' has no matching param tag in the XML comment for 'LocationClient.SeedLocationsAsync(SeedLocationsRequest, CancellationToken)' (but other parameters do) [/home/lysander/repos/bannou/Bannou.SDK/Bannou.SDK.csproj::TargetFramework=net9.0]
/home/lysander/repos/bannou/bannou-service/Generated/Clients/LocationClient.cs(1869,22): warning CS1591: Missing XML comment for publicly visible type or member 'LocationClient.ObjectResponseResult<T>' [/home/lysander/repos/bannou/Bannou.SDK/Bannou.SDK.csproj::TargetFramework=net9.0]
/home/lysander/repos/bannou/bannou-service/Generated/Clients/LocationClient.cs(1871,16): warning CS1591: Missing XML comment for publicly visible type or member 'LocationClient.ObjectResponseResult<T>.ObjectResponseResult(T, string)' [/home/lysander/repos/bannou/Bannou.SDK/Bannou.SDK.csproj::TargetFramework=net9.0]
/home/lysander/repos/bannou/bannou-service/Generated/Clients/LocationClient.cs(1877,18): warning CS1591: Missing XML comment for publicly visible type or member 'LocationClient.ObjectResponseResult<T>.Object' [/home/lysander/repos/bannou/Bannou.SDK/Bannou.SDK.csproj::TargetFramework=net9.0]
/home/lysander/repos/bannou/bannou-service/Generated/Clients/LocationClient.cs(1879,23): warning CS1591: Missing XML comment for publicly visible type or member 'LocationClient.ObjectResponseResult<T>.Text' [/home/lysander/repos/bannou/Bannou.SDK/Bannou.SDK.csproj::TargetFramework=net9.0]
/home/lysander/repos/bannou/bannou-service/Generated/Clients/LocationClient.cs(1902,17): warning CS1591: Missing XML comment for publicly visible type or member 'LocationClient.ReadResponseAsString' [/home/lysander/repos/bannou/Bannou.SDK/Bannou.SDK.csproj::TargetFramework=net9.0]
/home/lysander/repos/bannou/bannou-service/Generated/Clients/LocationClient.cs(1904,86): warning CS1591: Missing XML comment for publicly visible type or member 'LocationClient.ReadObjectResponseAsync<T>(HttpResponseMessage, IReadOnlyDictionary<string, IEnumerable<string>>, CancellationToken)' [/home/lysander/repos/bannou/Bannou.SDK/Bannou.SDK.csproj::TargetFramework=net9.0]
/home/lysander/repos/bannou/bannou-service/Generated/Models/LocationModels.cs(25,5): warning CS1591: Missing XML comment for publicly visible type or member 'LocationType.CONTINENT' [/home/lysander/repos/bannou/Bannou.SDK/Bannou.SDK.csproj::TargetFramework=net9.0]
/home/lysander/repos/bannou/bannou-service/Generated/Models/LocationModels.cs(28,5): warning CS1591: Missing XML comment for publicly visible type or member 'LocationType.REGION' [/home/lysander/repos/bannou/Bannou.SDK/Bannou.SDK.csproj::TargetFramework=net9.0]
/home/lysander/repos/bannou/bannou-service/Generated/Models/LocationModels.cs(31,5): warning CS1591: Missing XML comment for publicly visible type or member 'LocationType.CITY' [/home/lysander/repos/bannou/Bannou.SDK/Bannou.SDK.csproj::TargetFramework=net9.0]
/home/lysander/repos/bannou/bannou-service/Generated/Models/LocationModels.cs(34,5): warning CS1591: Missing XML comment for publicly visible type or member 'LocationType.DISTRICT' [/home/lysander/repos/bannou/Bannou.SDK/Bannou.SDK.csproj::TargetFramework=net9.0]
/home/lysander/repos/bannou/bannou-service/Generated/Models/LocationModels.cs(37,5): warning CS1591: Missing XML comment for publicly visible type or member 'LocationType.BUILDING' [/home/lysander/repos/bannou/Bannou.SDK/Bannou.SDK.csproj::TargetFramework=net9.0]
/home/lysander/repos/bannou/bannou-service/Generated/Models/LocationModels.cs(40,5): warning CS1591: Missing XML comment for publicly visible type or member 'LocationType.ROOM' [/home/lysander/repos/bannou/Bannou.SDK/Bannou.SDK.csproj::TargetFramework=net9.0]
/home/lysander/repos/bannou/bannou-service/Generated/Models/LocationModels.cs(43,5): warning CS1591: Missing XML comment for publicly visible type or member 'LocationType.LANDMARK' [/home/lysander/repos/bannou/Bannou.SDK/Bannou.SDK.csproj::TargetFramework=net9.0]
/home/lysander/repos/bannou/bannou-service/Generated/Models/LocationModels.cs(46,5): warning CS1591: Missing XML comment for publicly visible type or member 'LocationType.WILDERNESS' [/home/lysander/repos/bannou/Bannou.SDK/Bannou.SDK.csproj::TargetFramework=net9.0]
/home/lysander/repos/bannou/bannou-service/Generated/Models/LocationModels.cs(49,5): warning CS1591: Missing XML comment for publicly visible type or member 'LocationType.DUNGEON' [/home/lysander/repos/bannou/Bannou.SDK/Bannou.SDK.csproj::TargetFramework=net9.0]
/home/lysander/repos/bannou/bannou-service/Generated/Models/LocationModels.cs(52,5): warning CS1591: Missing XML comment for publicly visible type or member 'LocationType.OTHER' [/home/lysander/repos/bannou/Bannou.SDK/Bannou.SDK.csproj::TargetFramework=net9.0]
/home/lysander/repos/bannou/bannou-service/Generated/Models/LocationModels.cs(57,22): warning CS1591: Missing XML comment for publicly visible type or member 'GetLocationRequest' [/home/lysander/repos/bannou/Bannou.SDK/Bannou.SDK.csproj::TargetFramework=net9.0]
/home/lysander/repos/bannou/bannou-service/Generated/Models/LocationModels.cs(71,68): warning CS1591: Missing XML comment for publicly visible type or member 'GetLocationRequest.AdditionalProperties' [/home/lysander/repos/bannou/Bannou.SDK/Bannou.SDK.csproj::TargetFramework=net9.0]
/home/lysander/repos/bannou/bannou-service/Generated/Models/LocationModels.cs(80,22): warning CS1591: Missing XML comment for publicly visible type or member 'GetLocationByCodeRequest' [/home/lysander/repos/bannou/Bannou.SDK/Bannou.SDK.csproj::TargetFramework=net9.0]
/home/lysander/repos/bannou/bannou-service/Generated/Models/LocationModels.cs(104,68): warning CS1591: Missing XML comment for publicly visible type or member 'GetLocationByCodeRequest.AdditionalProperties' [/home/lysander/repos/bannou/Bannou.SDK/Bannou.SDK.csproj::TargetFramework=net9.0]
/home/lysander/repos/bannou/bannou-service/Generated/Models/LocationModels.cs(113,22): warning CS1591: Missing XML comment for publicly visible type or member 'ListLocationsRequest' [/home/lysander/repos/bannou/Bannou.SDK/Bannou.SDK.csproj::TargetFramework=net9.0]
/home/lysander/repos/bannou/bannou-service/Generated/Models/LocationModels.cs(137,16): warning CS1591: Missing XML comment for publicly visible type or member 'ListLocationsRequest.Page' [/home/lysander/repos/bannou/Bannou.SDK/Bannou.SDK.csproj::TargetFramework=net9.0]
/home/lysander/repos/bannou/bannou-service/Generated/Models/LocationModels.cs(141,16): warning CS1591: Missing XML comment for publicly visible type or member 'ListLocationsRequest.PageSize' [/home/lysander/repos/bannou/Bannou.SDK/Bannou.SDK.csproj::TargetFramework=net9.0]
/home/lysander/repos/bannou/bannou-service/Generated/Models/LocationModels.cs(146,68): warning CS1591: Missing XML comment for publicly visible type or member 'ListLocationsRequest.AdditionalProperties' [/home/lysander/repos/bannou/Bannou.SDK/Bannou.SDK.csproj::TargetFramework=net9.0]
/home/lysander/repos/bannou/bannou-service/Generated/Models/LocationModels.cs(155,22): warning CS1591: Missing XML comment for publicly visible type or member 'ListLocationsByRealmRequest' [/home/lysander/repos/bannou/Bannou.SDK/Bannou.SDK.csproj::TargetFramework=net9.0]
/home/lysander/repos/bannou/bannou-service/Generated/Models/LocationModels.cs(174,17): warning CS1591: Missing XML comment for publicly visible type or member 'ListLocationsByRealmRequest.IncludeDeprecated' [/home/lysander/repos/bannou/Bannou.SDK/Bannou.SDK.csproj::TargetFramework=net9.0]
/home/lysander/repos/bannou/bannou-service/Generated/Models/LocationModels.cs(178,16): warning CS1591: Missing XML comment for publicly visible type or member 'ListLocationsByRealmRequest.Page' [/home/lysander/repos/bannou/Bannou.SDK/Bannou.SDK.csproj::TargetFramework=net9.0]
/home/lysander/repos/bannou/bannou-service/Generated/Models/LocationModels.cs(182,16): warning CS1591: Missing XML comment for publicly visible type or member 'ListLocationsByRealmRequest.PageSize' [/home/lysander/repos/bannou/Bannou.SDK/Bannou.SDK.csproj::TargetFramework=net9.0]
/home/lysander/repos/bannou/bannou-service/Generated/Models/LocationModels.cs(187,68): warning CS1591: Missing XML comment for publicly visible type or member 'ListLocationsByRealmRequest.AdditionalProperties' [/home/lysander/repos/bannou/Bannou.SDK/Bannou.SDK.csproj::TargetFramework=net9.0]
/home/lysander/repos/bannou/bannou-service/Generated/Models/LocationModels.cs(196,22): warning CS1591: Missing XML comment for publicly visible type or member 'ListLocationsByParentRequest' [/home/lysander/repos/bannou/Bannou.SDK/Bannou.SDK.csproj::TargetFramework=net9.0]
/home/lysander/repos/bannou/bannou-service/Generated/Models/LocationModels.cs(215,17): warning CS1591: Missing XML comment for publicly visible type or member 'ListLocationsByParentRequest.IncludeDeprecated' [/home/lysander/repos/bannou/Bannou.SDK/Bannou.SDK.csproj::TargetFramework=net9.0]
/home/lysander/repos/bannou/bannou-service/Generated/Models/LocationModels.cs(219,16): warning CS1591: Missing XML comment for publicly visible type or member 'ListLocationsByParentRequest.Page' [/home/lysander/repos/bannou/Bannou.SDK/Bannou.SDK.csproj::TargetFramework=net9.0]
/home/lysander/repos/bannou/bannou-service/Generated/Models/LocationModels.cs(223,16): warning CS1591: Missing XML comment for publicly visible type or member 'ListLocationsByParentRequest.PageSize' [/home/lysander/repos/bannou/Bannou.SDK/Bannou.SDK.csproj::TargetFramework=net9.0]
/home/lysander/repos/bannou/bannou-service/Generated/Models/LocationModels.cs(228,68): warning CS1591: Missing XML comment for publicly visible type or member 'ListLocationsByParentRequest.AdditionalProperties' [/home/lysander/repos/bannou/Bannou.SDK/Bannou.SDK.csproj::TargetFramework=net9.0]
/home/lysander/repos/bannou/bannou-service/Generated/Models/LocationModels.cs(237,22): warning CS1591: Missing XML comment for publicly visible type or member 'ListRootLocationsRequest' [/home/lysander/repos/bannou/Bannou.SDK/Bannou.SDK.csproj::TargetFramework=net9.0]
/home/lysander/repos/bannou/bannou-service/Generated/Models/LocationModels.cs(256,17): warning CS1591: Missing XML comment for publicly visible type or member 'ListRootLocationsRequest.IncludeDeprecated' [/home/lysander/repos/bannou/Bannou.SDK/Bannou.SDK.csproj::TargetFramework=net9.0]
/home/lysander/repos/bannou/bannou-service/Generated/Models/LocationModels.cs(260,16): warning CS1591: Missing XML comment for publicly visible type or member 'ListRootLocationsRequest.Page' [/home/lysander/repos/bannou/Bannou.SDK/Bannou.SDK.csproj::TargetFramework=net9.0]
/home/lysander/repos/bannou/bannou-service/Generated/Models/LocationModels.cs(264,16): warning CS1591: Missing XML comment for publicly visible type or member 'ListRootLocationsRequest.PageSize' [/home/lysander/repos/bannou/Bannou.SDK/Bannou.SDK.csproj::TargetFramework=net9.0]
/home/lysander/repos/bannou/bannou-service/Generated/Models/LocationModels.cs(269,68): warning CS1591: Missing XML comment for publicly visible type or member 'ListRootLocationsRequest.AdditionalProperties' [/home/lysander/repos/bannou/Bannou.SDK/Bannou.SDK.csproj::TargetFramework=net9.0]
/home/lysander/repos/bannou/bannou-service/Generated/Models/LocationModels.cs(278,22): warning CS1591: Missing XML comment for publicly visible type or member 'GetLocationAncestorsRequest' [/home/lysander/repos/bannou/Bannou.SDK/Bannou.SDK.csproj::TargetFramework=net9.0]
/home/lysander/repos/bannou/bannou-service/Generated/Models/LocationModels.cs(292,68): warning CS1591: Missing XML comment for publicly visible type or member 'GetLocationAncestorsRequest.AdditionalProperties' [/home/lysander/repos/bannou/Bannou.SDK/Bannou.SDK.csproj::TargetFramework=net9.0]
/home/lysander/repos/bannou/bannou-service/Generated/Models/LocationModels.cs(301,22): warning CS1591: Missing XML comment for publicly visible type or member 'GetLocationDescendantsRequest' [/home/lysander/repos/bannou/Bannou.SDK/Bannou.SDK.csproj::TargetFramework=net9.0]
/home/lysander/repos/bannou/bannou-service/Generated/Models/LocationModels.cs(327,17): warning CS1591: Missing XML comment for publicly visible type or member 'GetLocationDescendantsRequest.IncludeDeprecated' [/home/lysander/repos/bannou/Bannou.SDK/Bannou.SDK.csproj::TargetFramework=net9.0]
/home/lysander/repos/bannou/bannou-service/Generated/Models/LocationModels.cs(331,16): warning CS1591: Missing XML comment for publicly visible type or member 'GetLocationDescendantsRequest.Page' [/home/lysander/repos/bannou/Bannou.SDK/Bannou.SDK.csproj::TargetFramework=net9.0]
/home/lysander/repos/bannou/bannou-service/Generated/Models/LocationModels.cs(335,16): warning CS1591: Missing XML comment for publicly visible type or member 'GetLocationDescendantsRequest.PageSize' [/home/lysander/repos/bannou/Bannou.SDK/Bannou.SDK.csproj::TargetFramework=net9.0]
/home/lysander/repos/bannou/bannou-service/Generated/Models/LocationModels.cs(340,68): warning CS1591: Missing XML comment for publicly visible type or member 'GetLocationDescendantsRequest.AdditionalProperties' [/home/lysander/repos/bannou/Bannou.SDK/Bannou.SDK.csproj::TargetFramework=net9.0]
/home/lysander/repos/bannou/bannou-service/Generated/Models/LocationModels.cs(349,22): warning CS1591: Missing XML comment for publicly visible type or member 'CreateLocationRequest' [/home/lysander/repos/bannou/Bannou.SDK/Bannou.SDK.csproj::TargetFramework=net9.0]
/home/lysander/repos/bannou/bannou-service/Generated/Models/LocationModels.cs(390,25): warning CS1591: Missing XML comment for publicly visible type or member 'CreateLocationRequest.LocationType' [/home/lysander/repos/bannou/Bannou.SDK/Bannou.SDK.csproj::TargetFramework=net9.0]
/home/lysander/repos/bannou/bannou-service/Generated/Models/LocationModels.cs(407,68): warning CS1591: Missing XML comment for publicly visible type or member 'CreateLocationRequest.AdditionalProperties' [/home/lysander/repos/bannou/Bannou.SDK/Bannou.SDK.csproj::TargetFramework=net9.0]
/home/lysander/repos/bannou/bannou-service/Generated/Models/LocationModels.cs(416,22): warning CS1591: Missing XML comment for publicly visible type or member 'UpdateLocationRequest' [/home/lysander/repos/bannou/Bannou.SDK/Bannou.SDK.csproj::TargetFramework=net9.0]
/home/lysander/repos/bannou/bannou-service/Generated/Models/LocationModels.cs(457,68): warning CS1591: Missing XML comment for publicly visible type or member 'UpdateLocationRequest.AdditionalProperties' [/home/lysander/repos/bannou/Bannou.SDK/Bannou.SDK.csproj::TargetFramework=net9.0]
/home/lysander/repos/bannou/bannou-service/Generated/Models/LocationModels.cs(466,22): warning CS1591: Missing XML comment for publicly visible type or member 'SetLocationParentRequest' [/home/lysander/repos/bannou/Bannou.SDK/Bannou.SDK.csproj::TargetFramework=net9.0]
/home/lysander/repos/bannou/bannou-service/Generated/Models/LocationModels.cs(488,68): warning CS1591: Missing XML comment for publicly visible type or member 'SetLocationParentRequest.AdditionalProperties' [/home/lysander/repos/bannou/Bannou.SDK/Bannou.SDK.csproj::TargetFramework=net9.0]
/home/lysander/repos/bannou/bannou-service/Generated/Models/LocationModels.cs(497,22): warning CS1591: Missing XML comment for publicly visible type or member 'RemoveLocationParentRequest' [/home/lysander/repos/bannou/Bannou.SDK/Bannou.SDK.csproj::TargetFramework=net9.0]
/home/lysander/repos/bannou/bannou-service/Generated/Models/LocationModels.cs(511,68): warning CS1591: Missing XML comment for publicly visible type or member 'RemoveLocationParentRequest.AdditionalProperties' [/home/lysander/repos/bannou/Bannou.SDK/Bannou.SDK.csproj::TargetFramework=net9.0]
/home/lysander/repos/bannou/bannou-service/Generated/Models/LocationModels.cs(520,22): warning CS1591: Missing XML comment for publicly visible type or member 'DeleteLocationRequest' [/home/lysander/repos/bannou/Bannou.SDK/Bannou.SDK.csproj::TargetFramework=net9.0]
/home/lysander/repos/bannou/bannou-service/Generated/Models/LocationModels.cs(534,68): warning CS1591: Missing XML comment for publicly visible type or member 'DeleteLocationRequest.AdditionalProperties' [/home/lysander/repos/bannou/Bannou.SDK/Bannou.SDK.csproj::TargetFramework=net9.0]
/home/lysander/repos/bannou/bannou-service/Generated/Models/LocationModels.cs(543,22): warning CS1591: Missing XML comment for publicly visible type or member 'DeprecateLocationRequest' [/home/lysander/repos/bannou/Bannou.SDK/Bannou.SDK.csproj::TargetFramework=net9.0]
/home/lysander/repos/bannou/bannou-service/Generated/Models/LocationModels.cs(564,68): warning CS1591: Missing XML comment for publicly visible type or member 'DeprecateLocationRequest.AdditionalProperties' [/home/lysander/repos/bannou/Bannou.SDK/Bannou.SDK.csproj::TargetFramework=net9.0]
/home/lysander/repos/bannou/bannou-service/Generated/Models/LocationModels.cs(573,22): warning CS1591: Missing XML comment for publicly visible type or member 'UndeprecateLocationRequest' [/home/lysander/repos/bannou/Bannou.SDK/Bannou.SDK.csproj::TargetFramework=net9.0]
/home/lysander/repos/bannou/bannou-service/Generated/Models/LocationModels.cs(587,68): warning CS1591: Missing XML comment for publicly visible type or member 'UndeprecateLocationRequest.AdditionalProperties' [/home/lysander/repos/bannou/Bannou.SDK/Bannou.SDK.csproj::TargetFramework=net9.0]
/home/lysander/repos/bannou/bannou-service/Generated/Models/LocationModels.cs(596,22): warning CS1591: Missing XML comment for publicly visible type or member 'LocationExistsRequest' [/home/lysander/repos/bannou/Bannou.SDK/Bannou.SDK.csproj::TargetFramework=net9.0]
/home/lysander/repos/bannou/bannou-service/Generated/Models/LocationModels.cs(610,68): warning CS1591: Missing XML comment for publicly visible type or member 'LocationExistsRequest.AdditionalProperties' [/home/lysander/repos/bannou/Bannou.SDK/Bannou.SDK.csproj::TargetFramework=net9.0]
/home/lysander/repos/bannou/bannou-service/Generated/Models/LocationModels.cs(619,22): warning CS1591: Missing XML comment for publicly visible type or member 'LocationExistsResponse' [/home/lysander/repos/bannou/Bannou.SDK/Bannou.SDK.csproj::TargetFramework=net9.0]
/home/lysander/repos/bannou/bannou-service/Generated/Models/LocationModels.cs(649,68): warning CS1591: Missing XML comment for publicly visible type or member 'LocationExistsResponse.AdditionalProperties' [/home/lysander/repos/bannou/Bannou.SDK/Bannou.SDK.csproj::TargetFramework=net9.0]
/home/lysander/repos/bannou/bannou-service/Generated/Models/LocationModels.cs(658,22): warning CS1591: Missing XML comment for publicly visible type or member 'SeedLocationsRequest' [/home/lysander/repos/bannou/Bannou.SDK/Bannou.SDK.csproj::TargetFramework=net9.0]
/home/lysander/repos/bannou/bannou-service/Generated/Models/LocationModels.cs(678,68): warning CS1591: Missing XML comment for publicly visible type or member 'SeedLocationsRequest.AdditionalProperties' [/home/lysander/repos/bannou/Bannou.SDK/Bannou.SDK.csproj::TargetFramework=net9.0]
/home/lysander/repos/bannou/bannou-service/Generated/Models/LocationModels.cs(687,22): warning CS1591: Missing XML comment for publicly visible type or member 'SeedLocation' [/home/lysander/repos/bannou/Bannou.SDK/Bannou.SDK.csproj::TargetFramework=net9.0]
/home/lysander/repos/bannou/bannou-service/Generated/Models/LocationModels.cs(724,25): warning CS1591: Missing XML comment for publicly visible type or member 'SeedLocation.LocationType' [/home/lysander/repos/bannou/Bannou.SDK/Bannou.SDK.csproj::TargetFramework=net9.0]
/home/lysander/repos/bannou/bannou-service/Generated/Models/LocationModels.cs(733,20): warning CS1591: Missing XML comment for publicly visible type or member 'SeedLocation.Metadata' [/home/lysander/repos/bannou/Bannou.SDK/Bannou.SDK.csproj::TargetFramework=net9.0]
/home/lysander/repos/bannou/bannou-service/Generated/Models/LocationModels.cs(738,68): warning CS1591: Missing XML comment for publicly visible type or member 'SeedLocation.AdditionalProperties' [/home/lysander/repos/bannou/Bannou.SDK/Bannou.SDK.csproj::TargetFramework=net9.0]
/home/lysander/repos/bannou/bannou-service/Generated/Models/LocationModels.cs(747,22): warning CS1591: Missing XML comment for publicly visible type or member 'LocationResponse' [/home/lysander/repos/bannou/Bannou.SDK/Bannou.SDK.csproj::TargetFramework=net9.0]
/home/lysander/repos/bannou/bannou-service/Generated/Models/LocationModels.cs(753,24): warning CS1591: Missing XML comment for publicly visible type or member 'LocationResponse.LocationId' [/home/lysander/repos/bannou/Bannou.SDK/Bannou.SDK.csproj::TargetFramework=net9.0]
/home/lysander/repos/bannou/bannou-service/Generated/Models/LocationModels.cs(766,19): warning CS1591: Missing XML comment for publicly visible type or member 'LocationResponse.Code' [/home/lysander/repos/bannou/Bannou.SDK/Bannou.SDK.csproj::TargetFramework=net9.0]
/home/lysander/repos/bannou/bannou-service/Generated/Models/LocationModels.cs(771,19): warning CS1591: Missing XML comment for publicly visible type or member 'LocationResponse.Name' [/home/lysander/repos/bannou/Bannou.SDK/Bannou.SDK.csproj::TargetFramework=net9.0]
/home/lysander/repos/bannou/bannou-service/Generated/Models/LocationModels.cs(774,20): warning CS1591: Missing XML comment for publicly visible type or member 'LocationResponse.Description' [/home/lysander/repos/bannou/Bannou.SDK/Bannou.SDK.csproj::TargetFramework=net9.0]
/home/lysander/repos/bannou/bannou-service/Generated/Models/LocationModels.cs(780,25): warning CS1591: Missing XML comment for publicly visible type or member 'LocationResponse.LocationType' [/home/lysander/repos/bannou/Bannou.SDK/Bannou.SDK.csproj::TargetFramework=net9.0]
/home/lysander/repos/bannou/bannou-service/Generated/Models/LocationModels.cs(813,20): warning CS1591: Missing XML comment for publicly visible type or member 'LocationResponse.Metadata' [/home/lysander/repos/bannou/Bannou.SDK/Bannou.SDK.csproj::TargetFramework=net9.0]
/home/lysander/repos/bannou/bannou-service/Generated/Models/LocationModels.cs(818,34): warning CS1591: Missing XML comment for publicly visible type or member 'LocationResponse.CreatedAt' [/home/lysander/repos/bannou/Bannou.SDK/Bannou.SDK.csproj::TargetFramework=net9.0]
/home/lysander/repos/bannou/bannou-service/Generated/Models/LocationModels.cs(823,34): warning CS1591: Missing XML comment for publicly visible type or member 'LocationResponse.UpdatedAt' [/home/lysander/repos/bannou/Bannou.SDK/Bannou.SDK.csproj::TargetFramework=net9.0]
/home/lysander/repos/bannou/bannou-service/Generated/Models/LocationModels.cs(828,68): warning CS1591: Missing XML comment for publicly visible type or member 'LocationResponse.AdditionalProperties' [/home/lysander/repos/bannou/Bannou.SDK/Bannou.SDK.csproj::TargetFramework=net9.0]
/home/lysander/repos/bannou/bannou-service/Generated/Models/LocationModels.cs(837,22): warning CS1591: Missing XML comment for publicly visible type or member 'LocationListResponse' [/home/lysander/repos/bannou/Bannou.SDK/Bannou.SDK.csproj::TargetFramework=net9.0]
/home/lysander/repos/bannou/bannou-service/Generated/Models/LocationModels.cs(843,69): warning CS1591: Missing XML comment for publicly visible type or member 'LocationListResponse.Locations' [/home/lysander/repos/bannou/Bannou.SDK/Bannou.SDK.csproj::TargetFramework=net9.0]
/home/lysander/repos/bannou/bannou-service/Generated/Models/LocationModels.cs(846,16): warning CS1591: Missing XML comment for publicly visible type or member 'LocationListResponse.TotalCount' [/home/lysander/repos/bannou/Bannou.SDK/Bannou.SDK.csproj::TargetFramework=net9.0]
/home/lysander/repos/bannou/bannou-service/Generated/Models/LocationModels.cs(849,16): warning CS1591: Missing XML comment for publicly visible type or member 'LocationListResponse.Page' [/home/lysander/repos/bannou/Bannou.SDK/Bannou.SDK.csproj::TargetFramework=net9.0]
/home/lysander/repos/bannou/bannou-service/Generated/Models/LocationModels.cs(852,16): warning CS1591: Missing XML comment for publicly visible type or member 'LocationListResponse.PageSize' [/home/lysander/repos/bannou/Bannou.SDK/Bannou.SDK.csproj::TargetFramework=net9.0]
/home/lysander/repos/bannou/bannou-service/Generated/Models/LocationModels.cs(855,17): warning CS1591: Missing XML comment for publicly visible type or member 'LocationListResponse.HasNextPage' [/home/lysander/repos/bannou/Bannou.SDK/Bannou.SDK.csproj::TargetFramework=net9.0]
/home/lysander/repos/bannou/bannou-service/Generated/Models/LocationModels.cs(858,17): warning CS1591: Missing XML comment for publicly visible type or member 'LocationListResponse.HasPreviousPage' [/home/lysander/repos/bannou/Bannou.SDK/Bannou.SDK.csproj::TargetFramework=net9.0]
/home/lysander/repos/bannou/bannou-service/Generated/Models/LocationModels.cs(863,68): warning CS1591: Missing XML comment for publicly visible type or member 'LocationListResponse.AdditionalProperties' [/home/lysander/repos/bannou/Bannou.SDK/Bannou.SDK.csproj::TargetFramework=net9.0]
/home/lysander/repos/bannou/bannou-service/Generated/Models/LocationModels.cs(872,22): warning CS1591: Missing XML comment for publicly visible type or member 'SeedLocationsResponse' [/home/lysander/repos/bannou/Bannou.SDK/Bannou.SDK.csproj::TargetFramework=net9.0]
/home/lysander/repos/bannou/bannou-service/Generated/Models/LocationModels.cs(904,68): warning CS1591: Missing XML comment for publicly visible type or member 'SeedLocationsResponse.AdditionalProperties' [/home/lysander/repos/bannou/Bannou.SDK/Bannou.SDK.csproj::TargetFramework=net9.0]
/home/lysander/repos/bannou/bannou-service/Generated/Clients/SpeciesClient.cs(19,26): warning CS1591: Missing XML comment for publicly visible type or member 'ISpeciesClient' [/home/lysander/repos/bannou/Bannou.SDK/Bannou.SDK.csproj::TargetFramework=net9.0]
/home/lysander/repos/bannou/bannou-service/Generated/Clients/SpeciesClient.cs(28,84): warning CS1573: Parameter 'body' has no matching param tag in the XML comment for 'ISpeciesClient.GetSpeciesAsync(GetSpeciesRequest, CancellationToken)' (but other parameters do) [/home/lysander/repos/bannou/Bannou.SDK/Bannou.SDK.csproj::TargetFramework=net9.0]
/home/lysander/repos/bannou/bannou-service/Generated/Clients/SpeciesClient.cs(39,96): warning CS1573: Parameter 'body' has no matching param tag in the XML comment for 'ISpeciesClient.GetSpeciesByCodeAsync(GetSpeciesByCodeRequest, CancellationToken)' (but other parameters do) [/home/lysander/repos/bannou/Bannou.SDK/Bannou.SDK.csproj::TargetFramework=net9.0]
/home/lysander/repos/bannou/bannou-service/Generated/Clients/SpeciesClient.cs(50,90): warning CS1573: Parameter 'body' has no matching param tag in the XML comment for 'ISpeciesClient.ListSpeciesAsync(ListSpeciesRequest, CancellationToken)' (but other parameters do) [/home/lysander/repos/bannou/Bannou.SDK/Bannou.SDK.csproj::TargetFramework=net9.0]
/home/lysander/repos/bannou/bannou-service/Generated/Clients/SpeciesClient.cs(61,104): warning CS1573: Parameter 'body' has no matching param tag in the XML comment for 'ISpeciesClient.ListSpeciesByRealmAsync(ListSpeciesByRealmRequest, CancellationToken)' (but other parameters do) [/home/lysander/repos/bannou/Bannou.SDK/Bannou.SDK.csproj::TargetFramework=net9.0]
/home/lysander/repos/bannou/bannou-service/Generated/Clients/SpeciesClient.cs(69,90): warning CS1573: Parameter 'body' has no matching param tag in the XML comment for 'ISpeciesClient.CreateSpeciesAsync(CreateSpeciesRequest, CancellationToken)' (but other parameters do) [/home/lysander/repos/bannou/Bannou.SDK/Bannou.SDK.csproj::TargetFramework=net9.0]
/home/lysander/repos/bannou/bannou-service/Generated/Clients/SpeciesClient.cs(77,90): warning CS1573: Parameter 'body' has no matching param tag in the XML comment for 'ISpeciesClient.UpdateSpeciesAsync(UpdateSpeciesRequest, CancellationToken)' (but other parameters do) [/home/lysander/repos/bannou/Bannou.SDK/Bannou.SDK.csproj::TargetFramework=net9.0]
/home/lysander/repos/bannou/bannou-service/Generated/Clients/SpeciesClient.cs(90,73): warning CS1573: Parameter 'body' has no matching param tag in the XML comment for 'ISpeciesClient.DeleteSpeciesAsync(DeleteSpeciesRequest, CancellationToken)' (but other parameters do) [/home/lysander/repos/bannou/Bannou.SDK/Bannou.SDK.csproj::TargetFramework=net9.0]
/home/lysander/repos/bannou/bannou-service/Generated/Clients/SpeciesClient.cs(106,96): warning CS1573: Parameter 'body' has no matching param tag in the XML comment for 'ISpeciesClient.DeprecateSpeciesAsync(DeprecateSpeciesRequest, CancellationToken)' (but other parameters do) [/home/lysander/repos/bannou/Bannou.SDK/Bannou.SDK.csproj::TargetFramework=net9.0]
/home/lysander/repos/bannou/bannou-service/Generated/Clients/SpeciesClient.cs(118,100): warning CS1573: Parameter 'body' has no matching param tag in the XML comment for 'ISpeciesClient.UndeprecateSpeciesAsync(UndeprecateSpeciesRequest, CancellationToken)' (but other parameters do) [/home/lysander/repos/bannou/Bannou.SDK/Bannou.SDK.csproj::TargetFramework=net9.0]
/home/lysander/repos/bannou/bannou-service/Generated/Clients/SpeciesClient.cs(139,93): warning CS1573: Parameter 'body' has no matching param tag in the XML comment for 'ISpeciesClient.MergeSpeciesAsync(MergeSpeciesRequest, CancellationToken)' (but other parameters do) [/home/lysander/repos/bannou/Bannou.SDK/Bannou.SDK.csproj::TargetFramework=net9.0]
/home/lysander/repos/bannou/bannou-service/Generated/Clients/SpeciesClient.cs(150,98): warning CS1573: Parameter 'body' has no matching param tag in the XML comment for 'ISpeciesClient.AddSpeciesToRealmAsync(AddSpeciesToRealmRequest, CancellationToken)' (but other parameters do) [/home/lysander/repos/bannou/Bannou.SDK/Bannou.SDK.csproj::TargetFramework=net9.0]
/home/lysander/repos/bannou/bannou-service/Generated/Clients/SpeciesClient.cs(161,108): warning CS1573: Parameter 'body' has no matching param tag in the XML comment for 'ISpeciesClient.RemoveSpeciesFromRealmAsync(RemoveSpeciesFromRealmRequest, CancellationToken)' (but other parameters do) [/home/lysander/repos/bannou/Bannou.SDK/Bannou.SDK.csproj::TargetFramework=net9.0]
/home/lysander/repos/bannou/bannou-service/Generated/Clients/SpeciesClient.cs(174,90): warning CS1573: Parameter 'body' has no matching param tag in the XML comment for 'ISpeciesClient.SeedSpeciesAsync(SeedSpeciesRequest, CancellationToken)' (but other parameters do) [/home/lysander/repos/bannou/Bannou.SDK/Bannou.SDK.csproj::TargetFramework=net9.0]
/home/lysander/repos/bannou/bannou-service/Generated/Clients/SpeciesClient.cs(178,22): warning CS1591: Missing XML comment for publicly visible type or member 'SpeciesClient' [/home/lysander/repos/bannou/Bannou.SDK/Bannou.SDK.csproj::TargetFramework=net9.0]
/home/lysander/repos/bannou/bannou-service/Generated/Clients/SpeciesClient.cs(198,12): warning CS1591: Missing XML comment for publicly visible type or member 'SpeciesClient.SpeciesClient(IMeshInvocationClient, IServiceAppMappingResolver, ILogger<SpeciesClient>?)' [/home/lysander/repos/bannou/Bannou.SDK/Bannou.SDK.csproj::TargetFramework=net9.0]
/home/lysander/repos/bannou/bannou-service/Generated/Clients/SpeciesClient.cs(206,54): warning CS1591: Missing XML comment for publicly visible type or member 'SpeciesClient.JsonSerializerSettings' [/home/lysander/repos/bannou/Bannou.SDK/Bannou.SDK.csproj::TargetFramework=net9.0]
/home/lysander/repos/bannou/bannou-service/Generated/Clients/SpeciesClient.cs(306,105): warning CS1573: Parameter 'body' has no matching param tag in the XML comment for 'SpeciesClient.GetSpeciesAsync(GetSpeciesRequest, CancellationToken)' (but other parameters do) [/home/lysander/repos/bannou/Bannou.SDK/Bannou.SDK.csproj::TargetFramework=net9.0]
/home/lysander/repos/bannou/bannou-service/Generated/Clients/SpeciesClient.cs(394,117): warning CS1573: Parameter 'body' has no matching param tag in the XML comment for 'SpeciesClient.GetSpeciesByCodeAsync(GetSpeciesByCodeRequest, CancellationToken)' (but other parameters do) [/home/lysander/repos/bannou/Bannou.SDK/Bannou.SDK.csproj::TargetFramework=net9.0]
/home/lysander/repos/bannou/bannou-service/Generated/Clients/SpeciesClient.cs(482,111): warning CS1573: Parameter 'body' has no matching param tag in the XML comment for 'SpeciesClient.ListSpeciesAsync(ListSpeciesRequest, CancellationToken)' (but other parameters do) [/home/lysander/repos/bannou/Bannou.SDK/Bannou.SDK.csproj::TargetFramework=net9.0]
/home/lysander/repos/bannou/bannou-service/Generated/Clients/SpeciesClient.cs(564,125): warning CS1573: Parameter 'body' has no matching param tag in the XML comment for 'SpeciesClient.ListSpeciesByRealmAsync(ListSpeciesByRealmRequest, CancellationToken)' (but other parameters do) [/home/lysander/repos/bannou/Bannou.SDK/Bannou.SDK.csproj::TargetFramework=net9.0]
/home/lysander/repos/bannou/bannou-service/Generated/Clients/SpeciesClient.cs(649,111): warning CS1573: Parameter 'body' has no matching param tag in the XML comment for 'SpeciesClient.CreateSpeciesAsync(CreateSpeciesRequest, CancellationToken)' (but other parameters do) [/home/lysander/repos/bannou/Bannou.SDK/Bannou.SDK.csproj::TargetFramework=net9.0]
/home/lysander/repos/bannou/bannou-service/Generated/Clients/SpeciesClient.cs(740,111): warning CS1573: Parameter 'body' has no matching param tag in the XML comment for 'SpeciesClient.UpdateSpeciesAsync(UpdateSpeciesRequest, CancellationToken)' (but other parameters do) [/home/lysander/repos/bannou/Bannou.SDK/Bannou.SDK.csproj::TargetFramework=net9.0]
/home/lysander/repos/bannou/bannou-service/Generated/Clients/SpeciesClient.cs(836,94): warning CS1573: Parameter 'body' has no matching param tag in the XML comment for 'SpeciesClient.DeleteSpeciesAsync(DeleteSpeciesRequest, CancellationToken)' (but other parameters do) [/home/lysander/repos/bannou/Bannou.SDK/Bannou.SDK.csproj::TargetFramework=net9.0]
/home/lysander/repos/bannou/bannou-service/Generated/Clients/SpeciesClient.cs(929,117): warning CS1573: Parameter 'body' has no matching param tag in the XML comment for 'SpeciesClient.DeprecateSpeciesAsync(DeprecateSpeciesRequest, CancellationToken)' (but other parameters do) [/home/lysander/repos/bannou/Bannou.SDK/Bannou.SDK.csproj::TargetFramework=net9.0]
/home/lysander/repos/bannou/bannou-service/Generated/Clients/SpeciesClient.cs(1024,121): warning CS1573: Parameter 'body' has no matching param tag in the XML comment for 'SpeciesClient.UndeprecateSpeciesAsync(UndeprecateSpeciesRequest, CancellationToken)' (but other parameters do) [/home/lysander/repos/bannou/Bannou.SDK/Bannou.SDK.csproj::TargetFramework=net9.0]
/home/lysander/repos/bannou/bannou-service/Generated/Clients/SpeciesClient.cs(1128,114): warning CS1573: Parameter 'body' has no matching param tag in the XML comment for 'SpeciesClient.MergeSpeciesAsync(MergeSpeciesRequest, CancellationToken)' (but other parameters do) [/home/lysander/repos/bannou/Bannou.SDK/Bannou.SDK.csproj::TargetFramework=net9.0]
/home/lysander/repos/bannou/bannou-service/Generated/Clients/SpeciesClient.cs(1228,119): warning CS1573: Parameter 'body' has no matching param tag in the XML comment for 'SpeciesClient.AddSpeciesToRealmAsync(AddSpeciesToRealmRequest, CancellationToken)' (but other parameters do) [/home/lysander/repos/bannou/Bannou.SDK/Bannou.SDK.csproj::TargetFramework=net9.0]
/home/lysander/repos/bannou/bannou-service/Generated/Clients/SpeciesClient.cs(1322,129): warning CS1573: Parameter 'body' has no matching param tag in the XML comment for 'SpeciesClient.RemoveSpeciesFromRealmAsync(RemoveSpeciesFromRealmRequest, CancellationToken)' (but other parameters do) [/home/lysander/repos/bannou/Bannou.SDK/Bannou.SDK.csproj::TargetFramework=net9.0]
/home/lysander/repos/bannou/bannou-service/Generated/Clients/SpeciesClient.cs(1418,111): warning CS1573: Parameter 'body' has no matching param tag in the XML comment for 'SpeciesClient.SeedSpeciesAsync(SeedSpeciesRequest, CancellationToken)' (but other parameters do) [/home/lysander/repos/bannou/Bannou.SDK/Bannou.SDK.csproj::TargetFramework=net9.0]
/home/lysander/repos/bannou/bannou-service/Generated/Clients/SpeciesClient.cs(1497,22): warning CS1591: Missing XML comment for publicly visible type or member 'SpeciesClient.ObjectResponseResult<T>' [/home/lysander/repos/bannou/Bannou.SDK/Bannou.SDK.csproj::TargetFramework=net9.0]
/home/lysander/repos/bannou/bannou-service/Generated/Clients/SpeciesClient.cs(1499,16): warning CS1591: Missing XML comment for publicly visible type or member 'SpeciesClient.ObjectResponseResult<T>.ObjectResponseResult(T, string)' [/home/lysander/repos/bannou/Bannou.SDK/Bannou.SDK.csproj::TargetFramework=net9.0]
/home/lysander/repos/bannou/bannou-service/Generated/Clients/SpeciesClient.cs(1505,18): warning CS1591: Missing XML comment for publicly visible type or member 'SpeciesClient.ObjectResponseResult<T>.Object' [/home/lysander/repos/bannou/Bannou.SDK/Bannou.SDK.csproj::TargetFramework=net9.0]
/home/lysander/repos/bannou/bannou-service/Generated/Clients/SpeciesClient.cs(1507,23): warning CS1591: Missing XML comment for publicly visible type or member 'SpeciesClient.ObjectResponseResult<T>.Text' [/home/lysander/repos/bannou/Bannou.SDK/Bannou.SDK.csproj::TargetFramework=net9.0]
/home/lysander/repos/bannou/bannou-service/Generated/Clients/SpeciesClient.cs(1530,17): warning CS1591: Missing XML comment for publicly visible type or member 'SpeciesClient.ReadResponseAsString' [/home/lysander/repos/bannou/Bannou.SDK/Bannou.SDK.csproj::TargetFramework=net9.0]
/home/lysander/repos/bannou/bannou-service/Generated/Clients/SpeciesClient.cs(1532,86): warning CS1591: Missing XML comment for publicly visible type or member 'SpeciesClient.ReadObjectResponseAsync<T>(HttpResponseMessage, IReadOnlyDictionary<string, IEnumerable<string>>, CancellationToken)' [/home/lysander/repos/bannou/Bannou.SDK/Bannou.SDK.csproj::TargetFramework=net9.0]
/home/lysander/repos/bannou/bannou-service/Generated/Models/SpeciesModels.cs(18,22): warning CS1591: Missing XML comment for publicly visible type or member 'GetSpeciesRequest' [/home/lysander/repos/bannou/Bannou.SDK/Bannou.SDK.csproj::TargetFramework=net9.0]
/home/lysander/repos/bannou/bannou-service/Generated/Models/SpeciesModels.cs(32,68): warning CS1591: Missing XML comment for publicly visible type or member 'GetSpeciesRequest.AdditionalProperties' [/home/lysander/repos/bannou/Bannou.SDK/Bannou.SDK.csproj::TargetFramework=net9.0]
/home/lysander/repos/bannou/bannou-service/Generated/Models/SpeciesModels.cs(41,22): warning CS1591: Missing XML comment for publicly visible type or member 'GetSpeciesByCodeRequest' [/home/lysander/repos/bannou/Bannou.SDK/Bannou.SDK.csproj::TargetFramework=net9.0]
/home/lysander/repos/bannou/bannou-service/Generated/Models/SpeciesModels.cs(57,68): warning CS1591: Missing XML comment for publicly visible type or member 'GetSpeciesByCodeRequest.AdditionalProperties' [/home/lysander/repos/bannou/Bannou.SDK/Bannou.SDK.csproj::TargetFramework=net9.0]
/home/lysander/repos/bannou/bannou-service/Generated/Models/SpeciesModels.cs(66,22): warning CS1591: Missing XML comment for publicly visible type or member 'ListSpeciesRequest' [/home/lysander/repos/bannou/Bannou.SDK/Bannou.SDK.csproj::TargetFramework=net9.0]
/home/lysander/repos/bannou/bannou-service/Generated/Models/SpeciesModels.cs(89,16): warning CS1591: Missing XML comment for publicly visible type or member 'ListSpeciesRequest.Page' [/home/lysander/repos/bannou/Bannou.SDK/Bannou.SDK.csproj::TargetFramework=net9.0]
/home/lysander/repos/bannou/bannou-service/Generated/Models/SpeciesModels.cs(93,16): warning CS1591: Missing XML comment for publicly visible type or member 'ListSpeciesRequest.PageSize' [/home/lysander/repos/bannou/Bannou.SDK/Bannou.SDK.csproj::TargetFramework=net9.0]
/home/lysander/repos/bannou/bannou-service/Generated/Models/SpeciesModels.cs(98,68): warning CS1591: Missing XML comment for publicly visible type or member 'ListSpeciesRequest.AdditionalProperties' [/home/lysander/repos/bannou/Bannou.SDK/Bannou.SDK.csproj::TargetFramework=net9.0]
/home/lysander/repos/bannou/bannou-service/Generated/Models/SpeciesModels.cs(107,22): warning CS1591: Missing XML comment for publicly visible type or member 'ListSpeciesByRealmRequest' [/home/lysander/repos/bannou/Bannou.SDK/Bannou.SDK.csproj::TargetFramework=net9.0]
/home/lysander/repos/bannou/bannou-service/Generated/Models/SpeciesModels.cs(126,16): warning CS1591: Missing XML comment for publicly visible type or member 'ListSpeciesByRealmRequest.Page' [/home/lysander/repos/bannou/Bannou.SDK/Bannou.SDK.csproj::TargetFramework=net9.0]
/home/lysander/repos/bannou/bannou-service/Generated/Models/SpeciesModels.cs(130,16): warning CS1591: Missing XML comment for publicly visible type or member 'ListSpeciesByRealmRequest.PageSize' [/home/lysander/repos/bannou/Bannou.SDK/Bannou.SDK.csproj::TargetFramework=net9.0]
/home/lysander/repos/bannou/bannou-service/Generated/Models/SpeciesModels.cs(135,68): warning CS1591: Missing XML comment for publicly visible type or member 'ListSpeciesByRealmRequest.AdditionalProperties' [/home/lysander/repos/bannou/Bannou.SDK/Bannou.SDK.csproj::TargetFramework=net9.0]
/home/lysander/repos/bannou/bannou-service/Generated/Models/SpeciesModels.cs(144,22): warning CS1591: Missing XML comment for publicly visible type or member 'CreateSpeciesRequest' [/home/lysander/repos/bannou/Bannou.SDK/Bannou.SDK.csproj::TargetFramework=net9.0]
/home/lysander/repos/bannou/bannou-service/Generated/Models/SpeciesModels.cs(221,68): warning CS1591: Missing XML comment for publicly visible type or member 'CreateSpeciesRequest.AdditionalProperties' [/home/lysander/repos/bannou/Bannou.SDK/Bannou.SDK.csproj::TargetFramework=net9.0]
/home/lysander/repos/bannou/bannou-service/Generated/Models/SpeciesModels.cs(230,22): warning CS1591: Missing XML comment for publicly visible type or member 'UpdateSpeciesRequest' [/home/lysander/repos/bannou/Bannou.SDK/Bannou.SDK.csproj::TargetFramework=net9.0]
/home/lysander/repos/bannou/bannou-service/Generated/Models/SpeciesModels.cs(297,68): warning CS1591: Missing XML comment for publicly visible type or member 'UpdateSpeciesRequest.AdditionalProperties' [/home/lysander/repos/bannou/Bannou.SDK/Bannou.SDK.csproj::TargetFramework=net9.0]
/home/lysander/repos/bannou/bannou-service/Generated/Models/SpeciesModels.cs(306,22): warning CS1591: Missing XML comment for publicly visible type or member 'DeleteSpeciesRequest' [/home/lysander/repos/bannou/Bannou.SDK/Bannou.SDK.csproj::TargetFramework=net9.0]
/home/lysander/repos/bannou/bannou-service/Generated/Models/SpeciesModels.cs(320,68): warning CS1591: Missing XML comment for publicly visible type or member 'DeleteSpeciesRequest.AdditionalProperties' [/home/lysander/repos/bannou/Bannou.SDK/Bannou.SDK.csproj::TargetFramework=net9.0]
/home/lysander/repos/bannou/bannou-service/Generated/Models/SpeciesModels.cs(329,22): warning CS1591: Missing XML comment for publicly visible type or member 'DeprecateSpeciesRequest' [/home/lysander/repos/bannou/Bannou.SDK/Bannou.SDK.csproj::TargetFramework=net9.0]
/home/lysander/repos/bannou/bannou-service/Generated/Models/SpeciesModels.cs(350,68): warning CS1591: Missing XML comment for publicly visible type or member 'DeprecateSpeciesRequest.AdditionalProperties' [/home/lysander/repos/bannou/Bannou.SDK/Bannou.SDK.csproj::TargetFramework=net9.0]
/home/lysander/repos/bannou/bannou-service/Generated/Models/SpeciesModels.cs(359,22): warning CS1591: Missing XML comment for publicly visible type or member 'UndeprecateSpeciesRequest' [/home/lysander/repos/bannou/Bannou.SDK/Bannou.SDK.csproj::TargetFramework=net9.0]
/home/lysander/repos/bannou/bannou-service/Generated/Models/SpeciesModels.cs(373,68): warning CS1591: Missing XML comment for publicly visible type or member 'UndeprecateSpeciesRequest.AdditionalProperties' [/home/lysander/repos/bannou/Bannou.SDK/Bannou.SDK.csproj::TargetFramework=net9.0]
/home/lysander/repos/bannou/bannou-service/Generated/Models/SpeciesModels.cs(382,22): warning CS1591: Missing XML comment for publicly visible type or member 'MergeSpeciesRequest' [/home/lysander/repos/bannou/Bannou.SDK/Bannou.SDK.csproj::TargetFramework=net9.0]
/home/lysander/repos/bannou/bannou-service/Generated/Models/SpeciesModels.cs(410,68): warning CS1591: Missing XML comment for publicly visible type or member 'MergeSpeciesRequest.AdditionalProperties' [/home/lysander/repos/bannou/Bannou.SDK/Bannou.SDK.csproj::TargetFramework=net9.0]
/home/lysander/repos/bannou/bannou-service/Generated/Models/SpeciesModels.cs(419,22): warning CS1591: Missing XML comment for publicly visible type or member 'AddSpeciesToRealmRequest' [/home/lysander/repos/bannou/Bannou.SDK/Bannou.SDK.csproj::TargetFramework=net9.0]
/home/lysander/repos/bannou/bannou-service/Generated/Models/SpeciesModels.cs(441,68): warning CS1591: Missing XML comment for publicly visible type or member 'AddSpeciesToRealmRequest.AdditionalProperties' [/home/lysander/repos/bannou/Bannou.SDK/Bannou.SDK.csproj::TargetFramework=net9.0]
/home/lysander/repos/bannou/bannou-service/Generated/Models/SpeciesModels.cs(450,22): warning CS1591: Missing XML comment for publicly visible type or member 'RemoveSpeciesFromRealmRequest' [/home/lysander/repos/bannou/Bannou.SDK/Bannou.SDK.csproj::TargetFramework=net9.0]
/home/lysander/repos/bannou/bannou-service/Generated/Models/SpeciesModels.cs(472,68): warning CS1591: Missing XML comment for publicly visible type or member 'RemoveSpeciesFromRealmRequest.AdditionalProperties' [/home/lysander/repos/bannou/Bannou.SDK/Bannou.SDK.csproj::TargetFramework=net9.0]
/home/lysander/repos/bannou/bannou-service/Generated/Models/SpeciesModels.cs(481,22): warning CS1591: Missing XML comment for publicly visible type or member 'SeedSpeciesRequest' [/home/lysander/repos/bannou/Bannou.SDK/Bannou.SDK.csproj::TargetFramework=net9.0]
/home/lysander/repos/bannou/bannou-service/Generated/Models/SpeciesModels.cs(501,68): warning CS1591: Missing XML comment for publicly visible type or member 'SeedSpeciesRequest.AdditionalProperties' [/home/lysander/repos/bannou/Bannou.SDK/Bannou.SDK.csproj::TargetFramework=net9.0]
/home/lysander/repos/bannou/bannou-service/Generated/Models/SpeciesModels.cs(510,22): warning CS1591: Missing XML comment for publicly visible type or member 'SeedSpecies' [/home/lysander/repos/bannou/Bannou.SDK/Bannou.SDK.csproj::TargetFramework=net9.0]
/home/lysander/repos/bannou/bannou-service/Generated/Models/SpeciesModels.cs(542,17): warning CS1591: Missing XML comment for publicly visible type or member 'SeedSpecies.IsPlayable' [/home/lysander/repos/bannou/Bannou.SDK/Bannou.SDK.csproj::TargetFramework=net9.0]
/home/lysander/repos/bannou/bannou-service/Generated/Models/SpeciesModels.cs(557,19): warning CS1591: Missing XML comment for publicly visible type or member 'SeedSpecies.TraitModifiers' [/home/lysander/repos/bannou/Bannou.SDK/Bannou.SDK.csproj::TargetFramework=net9.0]
/home/lysander/repos/bannou/bannou-service/Generated/Models/SpeciesModels.cs(566,19): warning CS1591: Missing XML comment for publicly visible type or member 'SeedSpecies.Metadata' [/home/lysander/repos/bannou/Bannou.SDK/Bannou.SDK.csproj::TargetFramework=net9.0]
/home/lysander/repos/bannou/bannou-service/Generated/Models/SpeciesModels.cs(571,68): warning CS1591: Missing XML comment for publicly visible type or member 'SeedSpecies.AdditionalProperties' [/home/lysander/repos/bannou/Bannou.SDK/Bannou.SDK.csproj::TargetFramework=net9.0]
/home/lysander/repos/bannou/bannou-service/Generated/Models/SpeciesModels.cs(580,22): warning CS1591: Missing XML comment for publicly visible type or member 'SpeciesResponse' [/home/lysander/repos/bannou/Bannou.SDK/Bannou.SDK.csproj::TargetFramework=net9.0]
/home/lysander/repos/bannou/bannou-service/Generated/Models/SpeciesModels.cs(586,24): warning CS1591: Missing XML comment for publicly visible type or member 'SpeciesResponse.SpeciesId' [/home/lysander/repos/bannou/Bannou.SDK/Bannou.SDK.csproj::TargetFramework=net9.0]
/home/lysander/repos/bannou/bannou-service/Generated/Models/SpeciesModels.cs(591,19): warning CS1591: Missing XML comment for publicly visible type or member 'SpeciesResponse.Code' [/home/lysander/repos/bannou/Bannou.SDK/Bannou.SDK.csproj::TargetFramework=net9.0]
/home/lysander/repos/bannou/bannou-service/Generated/Models/SpeciesModels.cs(596,19): warning CS1591: Missing XML comment for publicly visible type or member 'SpeciesResponse.Name' [/home/lysander/repos/bannou/Bannou.SDK/Bannou.SDK.csproj::TargetFramework=net9.0]
/home/lysander/repos/bannou/bannou-service/Generated/Models/SpeciesModels.cs(599,20): warning CS1591: Missing XML comment for publicly visible type or member 'SpeciesResponse.Description' [/home/lysander/repos/bannou/Bannou.SDK/Bannou.SDK.csproj::TargetFramework=net9.0]
/home/lysander/repos/bannou/bannou-service/Generated/Models/SpeciesModels.cs(602,20): warning CS1591: Missing XML comment for publicly visible type or member 'SpeciesResponse.Category' [/home/lysander/repos/bannou/Bannou.SDK/Bannou.SDK.csproj::TargetFramework=net9.0]
/home/lysander/repos/bannou/bannou-service/Generated/Models/SpeciesModels.cs(605,17): warning CS1591: Missing XML comment for publicly visible type or member 'SpeciesResponse.IsPlayable' [/home/lysander/repos/bannou/Bannou.SDK/Bannou.SDK.csproj::TargetFramework=net9.0]
/home/lysander/repos/bannou/bannou-service/Generated/Models/SpeciesModels.cs(626,17): warning CS1591: Missing XML comment for publicly visible type or member 'SpeciesResponse.BaseLifespan' [/home/lysander/repos/bannou/Bannou.SDK/Bannou.SDK.csproj::TargetFramework=net9.0]
/home/lysander/repos/bannou/bannou-service/Generated/Models/SpeciesModels.cs(629,17): warning CS1591: Missing XML comment for publicly visible type or member 'SpeciesResponse.MaturityAge' [/home/lysander/repos/bannou/Bannou.SDK/Bannou.SDK.csproj::TargetFramework=net9.0]
/home/lysander/repos/bannou/bannou-service/Generated/Models/SpeciesModels.cs(632,20): warning CS1591: Missing XML comment for publicly visible type or member 'SpeciesResponse.TraitModifiers' [/home/lysander/repos/bannou/Bannou.SDK/Bannou.SDK.csproj::TargetFramework=net9.0]
/home/lysander/repos/bannou/bannou-service/Generated/Models/SpeciesModels.cs(641,20): warning CS1591: Missing XML comment for publicly visible type or member 'SpeciesResponse.Metadata' [/home/lysander/repos/bannou/Bannou.SDK/Bannou.SDK.csproj::TargetFramework=net9.0]
/home/lysander/repos/bannou/bannou-service/Generated/Models/SpeciesModels.cs(646,34): warning CS1591: Missing XML comment for publicly visible type or member 'SpeciesResponse.CreatedAt' [/home/lysander/repos/bannou/Bannou.SDK/Bannou.SDK.csproj::TargetFramework=net9.0]
/home/lysander/repos/bannou/bannou-service/Generated/Models/SpeciesModels.cs(651,34): warning CS1591: Missing XML comment for publicly visible type or member 'SpeciesResponse.UpdatedAt' [/home/lysander/repos/bannou/Bannou.SDK/Bannou.SDK.csproj::TargetFramework=net9.0]
/home/lysander/repos/bannou/bannou-service/Generated/Models/SpeciesModels.cs(656,68): warning CS1591: Missing XML comment for publicly visible type or member 'SpeciesResponse.AdditionalProperties' [/home/lysander/repos/bannou/Bannou.SDK/Bannou.SDK.csproj::TargetFramework=net9.0]
/home/lysander/repos/bannou/bannou-service/Generated/Models/SpeciesModels.cs(665,22): warning CS1591: Missing XML comment for publicly visible type or member 'SpeciesListResponse' [/home/lysander/repos/bannou/Bannou.SDK/Bannou.SDK.csproj::TargetFramework=net9.0]
/home/lysander/repos/bannou/bannou-service/Generated/Models/SpeciesModels.cs(671,68): warning CS1591: Missing XML comment for publicly visible type or member 'SpeciesListResponse.Species' [/home/lysander/repos/bannou/Bannou.SDK/Bannou.SDK.csproj::TargetFramework=net9.0]
/home/lysander/repos/bannou/bannou-service/Generated/Models/SpeciesModels.cs(674,16): warning CS1591: Missing XML comment for publicly visible type or member 'SpeciesListResponse.TotalCount' [/home/lysander/repos/bannou/Bannou.SDK/Bannou.SDK.csproj::TargetFramework=net9.0]
/home/lysander/repos/bannou/bannou-service/Generated/Models/SpeciesModels.cs(677,16): warning CS1591: Missing XML comment for publicly visible type or member 'SpeciesListResponse.Page' [/home/lysander/repos/bannou/Bannou.SDK/Bannou.SDK.csproj::TargetFramework=net9.0]
/home/lysander/repos/bannou/bannou-service/Generated/Models/SpeciesModels.cs(680,16): warning CS1591: Missing XML comment for publicly visible type or member 'SpeciesListResponse.PageSize' [/home/lysander/repos/bannou/Bannou.SDK/Bannou.SDK.csproj::TargetFramework=net9.0]
/home/lysander/repos/bannou/bannou-service/Generated/Models/SpeciesModels.cs(685,68): warning CS1591: Missing XML comment for publicly visible type or member 'SpeciesListResponse.AdditionalProperties' [/home/lysander/repos/bannou/Bannou.SDK/Bannou.SDK.csproj::TargetFramework=net9.0]
/home/lysander/repos/bannou/bannou-service/Generated/Models/SpeciesModels.cs(694,22): warning CS1591: Missing XML comment for publicly visible type or member 'SeedSpeciesResponse' [/home/lysander/repos/bannou/Bannou.SDK/Bannou.SDK.csproj::TargetFramework=net9.0]
/home/lysander/repos/bannou/bannou-service/Generated/Models/SpeciesModels.cs(726,68): warning CS1591: Missing XML comment for publicly visible type or member 'SeedSpeciesResponse.AdditionalProperties' [/home/lysander/repos/bannou/Bannou.SDK/Bannou.SDK.csproj::TargetFramework=net9.0]
/home/lysander/repos/bannou/bannou-service/Generated/Models/SpeciesModels.cs(735,22): warning CS1591: Missing XML comment for publicly visible type or member 'MergeSpeciesResponse' [/home/lysander/repos/bannou/Bannou.SDK/Bannou.SDK.csproj::TargetFramework=net9.0]
/home/lysander/repos/bannou/bannou-service/Generated/Models/SpeciesModels.cs(769,68): warning CS1591: Missing XML comment for publicly visible type or member 'MergeSpeciesResponse.AdditionalProperties' [/home/lysander/repos/bannou/Bannou.SDK/Bannou.SDK.csproj::TargetFramework=net9.0]
/home/lysander/repos/bannou/bannou-service/Generated/Clients/RealmClient.cs(19,26): warning CS1591: Missing XML comment for publicly visible type or member 'IRealmClient' [/home/lysander/repos/bannou/Bannou.SDK/Bannou.SDK.csproj::TargetFramework=net9.0]
/home/lysander/repos/bannou/bannou-service/Generated/Clients/RealmClient.cs(28,78): warning CS1573: Parameter 'body' has no matching param tag in the XML comment for 'IRealmClient.GetRealmAsync(GetRealmRequest, CancellationToken)' (but other parameters do) [/home/lysander/repos/bannou/Bannou.SDK/Bannou.SDK.csproj::TargetFramework=net9.0]
/home/lysander/repos/bannou/bannou-service/Generated/Clients/RealmClient.cs(39,90): warning CS1573: Parameter 'body' has no matching param tag in the XML comment for 'IRealmClient.GetRealmByCodeAsync(GetRealmByCodeRequest, CancellationToken)' (but other parameters do) [/home/lysander/repos/bannou/Bannou.SDK/Bannou.SDK.csproj::TargetFramework=net9.0]
/home/lysander/repos/bannou/bannou-service/Generated/Clients/RealmClient.cs(50,86): warning CS1573: Parameter 'body' has no matching param tag in the XML comment for 'IRealmClient.ListRealmsAsync(ListRealmsRequest, CancellationToken)' (but other parameters do) [/home/lysander/repos/bannou/Bannou.SDK/Bannou.SDK.csproj::TargetFramework=net9.0]
/home/lysander/repos/bannou/bannou-service/Generated/Clients/RealmClient.cs(58,84): warning CS1573: Parameter 'body' has no matching param tag in the XML comment for 'IRealmClient.CreateRealmAsync(CreateRealmRequest, CancellationToken)' (but other parameters do) [/home/lysander/repos/bannou/Bannou.SDK/Bannou.SDK.csproj::TargetFramework=net9.0]
/home/lysander/repos/bannou/bannou-service/Generated/Clients/RealmClient.cs(66,84): warning CS1573: Parameter 'body' has no matching param tag in the XML comment for 'IRealmClient.UpdateRealmAsync(UpdateRealmRequest, CancellationToken)' (but other parameters do) [/home/lysander/repos/bannou/Bannou.SDK/Bannou.SDK.csproj::TargetFramework=net9.0]
/home/lysander/repos/bannou/bannou-service/Generated/Clients/RealmClient.cs(80,69): warning CS1573: Parameter 'body' has no matching param tag in the XML comment for 'IRealmClient.DeleteRealmAsync(DeleteRealmRequest, CancellationToken)' (but other parameters do) [/home/lysander/repos/bannou/Bannou.SDK/Bannou.SDK.csproj::TargetFramework=net9.0]
/home/lysander/repos/bannou/bannou-service/Generated/Clients/RealmClient.cs(95,90): warning CS1573: Parameter 'body' has no matching param tag in the XML comment for 'IRealmClient.DeprecateRealmAsync(DeprecateRealmRequest, CancellationToken)' (but other parameters do) [/home/lysander/repos/bannou/Bannou.SDK/Bannou.SDK.csproj::TargetFramework=net9.0]
/home/lysander/repos/bannou/bannou-service/Generated/Clients/RealmClient.cs(107,94): warning CS1573: Parameter 'body' has no matching param tag in the XML comment for 'IRealmClient.UndeprecateRealmAsync(UndeprecateRealmRequest, CancellationToken)' (but other parameters do) [/home/lysander/repos/bannou/Bannou.SDK/Bannou.SDK.csproj::TargetFramework=net9.0]
/home/lysander/repos/bannou/bannou-service/Generated/Clients/RealmClient.cs(119,90): warning CS1573: Parameter 'body' has no matching param tag in the XML comment for 'IRealmClient.RealmExistsAsync(RealmExistsRequest, CancellationToken)' (but other parameters do) [/home/lysander/repos/bannou/Bannou.SDK/Bannou.SDK.csproj::TargetFramework=net9.0]
/home/lysander/repos/bannou/bannou-service/Generated/Clients/RealmClient.cs(132,87): warning CS1573: Parameter 'body' has no matching param tag in the XML comment for 'IRealmClient.SeedRealmsAsync(SeedRealmsRequest, CancellationToken)' (but other parameters do) [/home/lysander/repos/bannou/Bannou.SDK/Bannou.SDK.csproj::TargetFramework=net9.0]
/home/lysander/repos/bannou/bannou-service/Generated/Clients/RealmClient.cs(136,22): warning CS1591: Missing XML comment for publicly visible type or member 'RealmClient' [/home/lysander/repos/bannou/Bannou.SDK/Bannou.SDK.csproj::TargetFramework=net9.0]
/home/lysander/repos/bannou/bannou-service/Generated/Clients/RealmClient.cs(156,12): warning CS1591: Missing XML comment for publicly visible type or member 'RealmClient.RealmClient(IMeshInvocationClient, IServiceAppMappingResolver, ILogger<RealmClient>?)' [/home/lysander/repos/bannou/Bannou.SDK/Bannou.SDK.csproj::TargetFramework=net9.0]
/home/lysander/repos/bannou/bannou-service/Generated/Clients/RealmClient.cs(164,54): warning CS1591: Missing XML comment for publicly visible type or member 'RealmClient.JsonSerializerSettings' [/home/lysander/repos/bannou/Bannou.SDK/Bannou.SDK.csproj::TargetFramework=net9.0]
/home/lysander/repos/bannou/bannou-service/Generated/Clients/RealmClient.cs(264,99): warning CS1573: Parameter 'body' has no matching param tag in the XML comment for 'RealmClient.GetRealmAsync(GetRealmRequest, CancellationToken)' (but other parameters do) [/home/lysander/repos/bannou/Bannou.SDK/Bannou.SDK.csproj::TargetFramework=net9.0]
/home/lysander/repos/bannou/bannou-service/Generated/Clients/RealmClient.cs(352,111): warning CS1573: Parameter 'body' has no matching param tag in the XML comment for 'RealmClient.GetRealmByCodeAsync(GetRealmByCodeRequest, CancellationToken)' (but other parameters do) [/home/lysander/repos/bannou/Bannou.SDK/Bannou.SDK.csproj::TargetFramework=net9.0]
/home/lysander/repos/bannou/bannou-service/Generated/Clients/RealmClient.cs(440,107): warning CS1573: Parameter 'body' has no matching param tag in the XML comment for 'RealmClient.ListRealmsAsync(ListRealmsRequest, CancellationToken)' (but other parameters do) [/home/lysander/repos/bannou/Bannou.SDK/Bannou.SDK.csproj::TargetFramework=net9.0]
/home/lysander/repos/bannou/bannou-service/Generated/Clients/RealmClient.cs(519,105): warning CS1573: Parameter 'body' has no matching param tag in the XML comment for 'RealmClient.CreateRealmAsync(CreateRealmRequest, CancellationToken)' (but other parameters do) [/home/lysander/repos/bannou/Bannou.SDK/Bannou.SDK.csproj::TargetFramework=net9.0]
/home/lysander/repos/bannou/bannou-service/Generated/Clients/RealmClient.cs(610,105): warning CS1573: Parameter 'body' has no matching param tag in the XML comment for 'RealmClient.UpdateRealmAsync(UpdateRealmRequest, CancellationToken)' (but other parameters do) [/home/lysander/repos/bannou/Bannou.SDK/Bannou.SDK.csproj::TargetFramework=net9.0]
/home/lysander/repos/bannou/bannou-service/Generated/Clients/RealmClient.cs(707,90): warning CS1573: Parameter 'body' has no matching param tag in the XML comment for 'RealmClient.DeleteRealmAsync(DeleteRealmRequest, CancellationToken)' (but other parameters do) [/home/lysander/repos/bannou/Bannou.SDK/Bannou.SDK.csproj::TargetFramework=net9.0]
/home/lysander/repos/bannou/bannou-service/Generated/Clients/RealmClient.cs(799,111): warning CS1573: Parameter 'body' has no matching param tag in the XML comment for 'RealmClient.DeprecateRealmAsync(DeprecateRealmRequest, CancellationToken)' (but other parameters do) [/home/lysander/repos/bannou/Bannou.SDK/Bannou.SDK.csproj::TargetFramework=net9.0]
/home/lysander/repos/bannou/bannou-service/Generated/Clients/RealmClient.cs(894,115): warning CS1573: Parameter 'body' has no matching param tag in the XML comment for 'RealmClient.UndeprecateRealmAsync(UndeprecateRealmRequest, CancellationToken)' (but other parameters do) [/home/lysander/repos/bannou/Bannou.SDK/Bannou.SDK.csproj::TargetFramework=net9.0]
/home/lysander/repos/bannou/bannou-service/Generated/Clients/RealmClient.cs(989,111): warning CS1573: Parameter 'body' has no matching param tag in the XML comment for 'RealmClient.RealmExistsAsync(RealmExistsRequest, CancellationToken)' (but other parameters do) [/home/lysander/repos/bannou/Bannou.SDK/Bannou.SDK.csproj::TargetFramework=net9.0]
/home/lysander/repos/bannou/bannou-service/Generated/Clients/RealmClient.cs(1073,108): warning CS1573: Parameter 'body' has no matching param tag in the XML comment for 'RealmClient.SeedRealmsAsync(SeedRealmsRequest, CancellationToken)' (but other parameters do) [/home/lysander/repos/bannou/Bannou.SDK/Bannou.SDK.csproj::TargetFramework=net9.0]
/home/lysander/repos/bannou/bannou-service/Generated/Clients/RealmClient.cs(1152,22): warning CS1591: Missing XML comment for publicly visible type or member 'RealmClient.ObjectResponseResult<T>' [/home/lysander/repos/bannou/Bannou.SDK/Bannou.SDK.csproj::TargetFramework=net9.0]
/home/lysander/repos/bannou/bannou-service/Generated/Clients/RealmClient.cs(1154,16): warning CS1591: Missing XML comment for publicly visible type or member 'RealmClient.ObjectResponseResult<T>.ObjectResponseResult(T, string)' [/home/lysander/repos/bannou/Bannou.SDK/Bannou.SDK.csproj::TargetFramework=net9.0]
/home/lysander/repos/bannou/bannou-service/Generated/Clients/RealmClient.cs(1160,18): warning CS1591: Missing XML comment for publicly visible type or member 'RealmClient.ObjectResponseResult<T>.Object' [/home/lysander/repos/bannou/Bannou.SDK/Bannou.SDK.csproj::TargetFramework=net9.0]
/home/lysander/repos/bannou/bannou-service/Generated/Clients/RealmClient.cs(1162,23): warning CS1591: Missing XML comment for publicly visible type or member 'RealmClient.ObjectResponseResult<T>.Text' [/home/lysander/repos/bannou/Bannou.SDK/Bannou.SDK.csproj::TargetFramework=net9.0]
/home/lysander/repos/bannou/bannou-service/Generated/Clients/RealmClient.cs(1185,17): warning CS1591: Missing XML comment for publicly visible type or member 'RealmClient.ReadResponseAsString' [/home/lysander/repos/bannou/Bannou.SDK/Bannou.SDK.csproj::TargetFramework=net9.0]
/home/lysander/repos/bannou/bannou-service/Generated/Clients/RealmClient.cs(1187,86): warning CS1591: Missing XML comment for publicly visible type or member 'RealmClient.ReadObjectResponseAsync<T>(HttpResponseMessage, IReadOnlyDictionary<string, IEnumerable<string>>, CancellationToken)' [/home/lysander/repos/bannou/Bannou.SDK/Bannou.SDK.csproj::TargetFramework=net9.0]
/home/lysander/repos/bannou/bannou-service/Generated/Models/RealmModels.cs(18,22): warning CS1591: Missing XML comment for publicly visible type or member 'GetRealmRequest' [/home/lysander/repos/bannou/Bannou.SDK/Bannou.SDK.csproj::TargetFramework=net9.0]
/home/lysander/repos/bannou/bannou-service/Generated/Models/RealmModels.cs(32,68): warning CS1591: Missing XML comment for publicly visible type or member 'GetRealmRequest.AdditionalProperties' [/home/lysander/repos/bannou/Bannou.SDK/Bannou.SDK.csproj::TargetFramework=net9.0]
/home/lysander/repos/bannou/bannou-service/Generated/Models/RealmModels.cs(41,22): warning CS1591: Missing XML comment for publicly visible type or member 'GetRealmByCodeRequest' [/home/lysander/repos/bannou/Bannou.SDK/Bannou.SDK.csproj::TargetFramework=net9.0]
/home/lysander/repos/bannou/bannou-service/Generated/Models/RealmModels.cs(57,68): warning CS1591: Missing XML comment for publicly visible type or member 'GetRealmByCodeRequest.AdditionalProperties' [/home/lysander/repos/bannou/Bannou.SDK/Bannou.SDK.csproj::TargetFramework=net9.0]
/home/lysander/repos/bannou/bannou-service/Generated/Models/RealmModels.cs(66,22): warning CS1591: Missing XML comment for publicly visible type or member 'ListRealmsRequest' [/home/lysander/repos/bannou/Bannou.SDK/Bannou.SDK.csproj::TargetFramework=net9.0]
/home/lysander/repos/bannou/bannou-service/Generated/Models/RealmModels.cs(89,16): warning CS1591: Missing XML comment for publicly visible type or member 'ListRealmsRequest.Page' [/home/lysander/repos/bannou/Bannou.SDK/Bannou.SDK.csproj::TargetFramework=net9.0]
/home/lysander/repos/bannou/bannou-service/Generated/Models/RealmModels.cs(93,16): warning CS1591: Missing XML comment for publicly visible type or member 'ListRealmsRequest.PageSize' [/home/lysander/repos/bannou/Bannou.SDK/Bannou.SDK.csproj::TargetFramework=net9.0]
/home/lysander/repos/bannou/bannou-service/Generated/Models/RealmModels.cs(98,68): warning CS1591: Missing XML comment for publicly visible type or member 'ListRealmsRequest.AdditionalProperties' [/home/lysander/repos/bannou/Bannou.SDK/Bannou.SDK.csproj::TargetFramework=net9.0]
/home/lysander/repos/bannou/bannou-service/Generated/Models/RealmModels.cs(107,22): warning CS1591: Missing XML comment for publicly visible type or member 'CreateRealmRequest' [/home/lysander/repos/bannou/Bannou.SDK/Bannou.SDK.csproj::TargetFramework=net9.0]
/home/lysander/repos/bannou/bannou-service/Generated/Models/RealmModels.cs(158,68): warning CS1591: Missing XML comment for publicly visible type or member 'CreateRealmRequest.AdditionalProperties' [/home/lysander/repos/bannou/Bannou.SDK/Bannou.SDK.csproj::TargetFramework=net9.0]
/home/lysander/repos/bannou/bannou-service/Generated/Models/RealmModels.cs(167,22): warning CS1591: Missing XML comment for publicly visible type or member 'UpdateRealmRequest' [/home/lysander/repos/bannou/Bannou.SDK/Bannou.SDK.csproj::TargetFramework=net9.0]
/home/lysander/repos/bannou/bannou-service/Generated/Models/RealmModels.cs(214,68): warning CS1591: Missing XML comment for publicly visible type or member 'UpdateRealmRequest.AdditionalProperties' [/home/lysander/repos/bannou/Bannou.SDK/Bannou.SDK.csproj::TargetFramework=net9.0]
/home/lysander/repos/bannou/bannou-service/Generated/Models/RealmModels.cs(223,22): warning CS1591: Missing XML comment for publicly visible type or member 'DeleteRealmRequest' [/home/lysander/repos/bannou/Bannou.SDK/Bannou.SDK.csproj::TargetFramework=net9.0]
/home/lysander/repos/bannou/bannou-service/Generated/Models/RealmModels.cs(237,68): warning CS1591: Missing XML comment for publicly visible type or member 'DeleteRealmRequest.AdditionalProperties' [/home/lysander/repos/bannou/Bannou.SDK/Bannou.SDK.csproj::TargetFramework=net9.0]
/home/lysander/repos/bannou/bannou-service/Generated/Models/RealmModels.cs(246,22): warning CS1591: Missing XML comment for publicly visible type or member 'DeprecateRealmRequest' [/home/lysander/repos/bannou/Bannou.SDK/Bannou.SDK.csproj::TargetFramework=net9.0]
/home/lysander/repos/bannou/bannou-service/Generated/Models/RealmModels.cs(267,68): warning CS1591: Missing XML comment for publicly visible type or member 'DeprecateRealmRequest.AdditionalProperties' [/home/lysander/repos/bannou/Bannou.SDK/Bannou.SDK.csproj::TargetFramework=net9.0]
/home/lysander/repos/bannou/bannou-service/Generated/Models/RealmModels.cs(276,22): warning CS1591: Missing XML comment for publicly visible type or member 'UndeprecateRealmRequest' [/home/lysander/repos/bannou/Bannou.SDK/Bannou.SDK.csproj::TargetFramework=net9.0]
/home/lysander/repos/bannou/bannou-service/Generated/Models/RealmModels.cs(290,68): warning CS1591: Missing XML comment for publicly visible type or member 'UndeprecateRealmRequest.AdditionalProperties' [/home/lysander/repos/bannou/Bannou.SDK/Bannou.SDK.csproj::TargetFramework=net9.0]
/home/lysander/repos/bannou/bannou-service/Generated/Models/RealmModels.cs(299,22): warning CS1591: Missing XML comment for publicly visible type or member 'RealmExistsRequest' [/home/lysander/repos/bannou/Bannou.SDK/Bannou.SDK.csproj::TargetFramework=net9.0]
/home/lysander/repos/bannou/bannou-service/Generated/Models/RealmModels.cs(313,68): warning CS1591: Missing XML comment for publicly visible type or member 'RealmExistsRequest.AdditionalProperties' [/home/lysander/repos/bannou/Bannou.SDK/Bannou.SDK.csproj::TargetFramework=net9.0]
/home/lysander/repos/bannou/bannou-service/Generated/Models/RealmModels.cs(322,22): warning CS1591: Missing XML comment for publicly visible type or member 'RealmExistsResponse' [/home/lysander/repos/bannou/Bannou.SDK/Bannou.SDK.csproj::TargetFramework=net9.0]
/home/lysander/repos/bannou/bannou-service/Generated/Models/RealmModels.cs(346,68): warning CS1591: Missing XML comment for publicly visible type or member 'RealmExistsResponse.AdditionalProperties' [/home/lysander/repos/bannou/Bannou.SDK/Bannou.SDK.csproj::TargetFramework=net9.0]
/home/lysander/repos/bannou/bannou-service/Generated/Models/RealmModels.cs(355,22): warning CS1591: Missing XML comment for publicly visible type or member 'SeedRealmsRequest' [/home/lysander/repos/bannou/Bannou.SDK/Bannou.SDK.csproj::TargetFramework=net9.0]
/home/lysander/repos/bannou/bannou-service/Generated/Models/RealmModels.cs(375,68): warning CS1591: Missing XML comment for publicly visible type or member 'SeedRealmsRequest.AdditionalProperties' [/home/lysander/repos/bannou/Bannou.SDK/Bannou.SDK.csproj::TargetFramework=net9.0]
/home/lysander/repos/bannou/bannou-service/Generated/Models/RealmModels.cs(384,22): warning CS1591: Missing XML comment for publicly visible type or member 'SeedRealm' [/home/lysander/repos/bannou/Bannou.SDK/Bannou.SDK.csproj::TargetFramework=net9.0]
/home/lysander/repos/bannou/bannou-service/Generated/Models/RealmModels.cs(416,17): warning CS1591: Missing XML comment for publicly visible type or member 'SeedRealm.IsActive' [/home/lysander/repos/bannou/Bannou.SDK/Bannou.SDK.csproj::TargetFramework=net9.0]
/home/lysander/repos/bannou/bannou-service/Generated/Models/RealmModels.cs(419,20): warning CS1591: Missing XML comment for publicly visible type or member 'SeedRealm.Metadata' [/home/lysander/repos/bannou/Bannou.SDK/Bannou.SDK.csproj::TargetFramework=net9.0]
/home/lysander/repos/bannou/bannou-service/Generated/Models/RealmModels.cs(424,68): warning CS1591: Missing XML comment for publicly visible type or member 'SeedRealm.AdditionalProperties' [/home/lysander/repos/bannou/Bannou.SDK/Bannou.SDK.csproj::TargetFramework=net9.0]
/home/lysander/repos/bannou/bannou-service/Generated/Models/RealmModels.cs(433,22): warning CS1591: Missing XML comment for publicly visible type or member 'RealmResponse' [/home/lysander/repos/bannou/Bannou.SDK/Bannou.SDK.csproj::TargetFramework=net9.0]
/home/lysander/repos/bannou/bannou-service/Generated/Models/RealmModels.cs(439,24): warning CS1591: Missing XML comment for publicly visible type or member 'RealmResponse.RealmId' [/home/lysander/repos/bannou/Bannou.SDK/Bannou.SDK.csproj::TargetFramework=net9.0]
/home/lysander/repos/bannou/bannou-service/Generated/Models/RealmModels.cs(444,19): warning CS1591: Missing XML comment for publicly visible type or member 'RealmResponse.Code' [/home/lysander/repos/bannou/Bannou.SDK/Bannou.SDK.csproj::TargetFramework=net9.0]
/home/lysander/repos/bannou/bannou-service/Generated/Models/RealmModels.cs(449,19): warning CS1591: Missing XML comment for publicly visible type or member 'RealmResponse.Name' [/home/lysander/repos/bannou/Bannou.SDK/Bannou.SDK.csproj::TargetFramework=net9.0]
/home/lysander/repos/bannou/bannou-service/Generated/Models/RealmModels.cs(452,20): warning CS1591: Missing XML comment for publicly visible type or member 'RealmResponse.Description' [/home/lysander/repos/bannou/Bannou.SDK/Bannou.SDK.csproj::TargetFramework=net9.0]
/home/lysander/repos/bannou/bannou-service/Generated/Models/RealmModels.cs(455,20): warning CS1591: Missing XML comment for publicly visible type or member 'RealmResponse.Category' [/home/lysander/repos/bannou/Bannou.SDK/Bannou.SDK.csproj::TargetFramework=net9.0]
/home/lysander/repos/bannou/bannou-service/Generated/Models/RealmModels.cs(458,17): warning CS1591: Missing XML comment for publicly visible type or member 'RealmResponse.IsActive' [/home/lysander/repos/bannou/Bannou.SDK/Bannou.SDK.csproj::TargetFramework=net9.0]
/home/lysander/repos/bannou/bannou-service/Generated/Models/RealmModels.cs(479,20): warning CS1591: Missing XML comment for publicly visible type or member 'RealmResponse.Metadata' [/home/lysander/repos/bannou/Bannou.SDK/Bannou.SDK.csproj::TargetFramework=net9.0]
/home/lysander/repos/bannou/bannou-service/Generated/Models/RealmModels.cs(484,34): warning CS1591: Missing XML comment for publicly visible type or member 'RealmResponse.CreatedAt' [/home/lysander/repos/bannou/Bannou.SDK/Bannou.SDK.csproj::TargetFramework=net9.0]
/home/lysander/repos/bannou/bannou-service/Generated/Models/RealmModels.cs(489,34): warning CS1591: Missing XML comment for publicly visible type or member 'RealmResponse.UpdatedAt' [/home/lysander/repos/bannou/Bannou.SDK/Bannou.SDK.csproj::TargetFramework=net9.0]
/home/lysander/repos/bannou/bannou-service/Generated/Models/RealmModels.cs(494,68): warning CS1591: Missing XML comment for publicly visible type or member 'RealmResponse.AdditionalProperties' [/home/lysander/repos/bannou/Bannou.SDK/Bannou.SDK.csproj::TargetFramework=net9.0]
/home/lysander/repos/bannou/bannou-service/Generated/Models/RealmModels.cs(503,22): warning CS1591: Missing XML comment for publicly visible type or member 'RealmListResponse' [/home/lysander/repos/bannou/Bannou.SDK/Bannou.SDK.csproj::TargetFramework=net9.0]
/home/lysander/repos/bannou/bannou-service/Generated/Models/RealmModels.cs(509,66): warning CS1591: Missing XML comment for publicly visible type or member 'RealmListResponse.Realms' [/home/lysander/repos/bannou/Bannou.SDK/Bannou.SDK.csproj::TargetFramework=net9.0]
/home/lysander/repos/bannou/bannou-service/Generated/Models/RealmModels.cs(512,16): warning CS1591: Missing XML comment for publicly visible type or member 'RealmListResponse.TotalCount' [/home/lysander/repos/bannou/Bannou.SDK/Bannou.SDK.csproj::TargetFramework=net9.0]
/home/lysander/repos/bannou/bannou-service/Generated/Models/RealmModels.cs(515,16): warning CS1591: Missing XML comment for publicly visible type or member 'RealmListResponse.Page' [/home/lysander/repos/bannou/Bannou.SDK/Bannou.SDK.csproj::TargetFramework=net9.0]
/home/lysander/repos/bannou/bannou-service/Generated/Models/RealmModels.cs(518,16): warning CS1591: Missing XML comment for publicly visible type or member 'RealmListResponse.PageSize' [/home/lysander/repos/bannou/Bannou.SDK/Bannou.SDK.csproj::TargetFramework=net9.0]
/home/lysander/repos/bannou/bannou-service/Generated/Models/RealmModels.cs(521,17): warning CS1591: Missing XML comment for publicly visible type or member 'RealmListResponse.HasNextPage' [/home/lysander/repos/bannou/Bannou.SDK/Bannou.SDK.csproj::TargetFramework=net9.0]
/home/lysander/repos/bannou/bannou-service/Generated/Models/RealmModels.cs(524,17): warning CS1591: Missing XML comment for publicly visible type or member 'RealmListResponse.HasPreviousPage' [/home/lysander/repos/bannou/Bannou.SDK/Bannou.SDK.csproj::TargetFramework=net9.0]
/home/lysander/repos/bannou/bannou-service/Generated/Models/RealmModels.cs(529,68): warning CS1591: Missing XML comment for publicly visible type or member 'RealmListResponse.AdditionalProperties' [/home/lysander/repos/bannou/Bannou.SDK/Bannou.SDK.csproj::TargetFramework=net9.0]
/home/lysander/repos/bannou/bannou-service/Generated/Models/RealmModels.cs(538,22): warning CS1591: Missing XML comment for publicly visible type or member 'SeedRealmsResponse' [/home/lysander/repos/bannou/Bannou.SDK/Bannou.SDK.csproj::TargetFramework=net9.0]
/home/lysander/repos/bannou/bannou-service/Generated/Models/RealmModels.cs(570,68): warning CS1591: Missing XML comment for publicly visible type or member 'SeedRealmsResponse.AdditionalProperties' [/home/lysander/repos/bannou/Bannou.SDK/Bannou.SDK.csproj::TargetFramework=net9.0]
  Bannou.SDK -> /home/lysander/repos/bannou/Bannou.SDK/bin/Debug/net9.0/Bannou.SDK.dll
  Bannou.SDK.Tests -> /home/lysander/repos/bannou/Bannou.SDK.Tests/bin/Debug/net9.0/Bannou.SDK.Tests.dll
/home/lysander/repos/bannou/bannou-service/Generated/Clients/AuthClient.cs(456,13): warning CS0472: The result of the expression is always 'false' since a value of type 'Provider' is never equal to 'null' of type 'Provider?' [/home/lysander/repos/bannou/bannou-service/bannou-service.csproj]
/home/lysander/repos/bannou/bannou-service/Generated/Clients/AuthClient.cs(552,13): warning CS0472: The result of the expression is always 'false' since a value of type 'Provider' is never equal to 'null' of type 'Provider?' [/home/lysander/repos/bannou/bannou-service/bannou-service.csproj]
/home/lysander/repos/bannou/bannou-service/Generated/Clients/ConnectClient.cs(468,17): warning CS0472: The result of the expression is always 'false' since a value of type 'Connection' is never equal to 'null' of type 'Connection?' [/home/lysander/repos/bannou/bannou-service/bannou-service.csproj]
/home/lysander/repos/bannou/bannou-service/Generated/Clients/ConnectClient.cs(472,17): warning CS0472: The result of the expression is always 'false' since a value of type 'Upgrade' is never equal to 'null' of type 'Upgrade?' [/home/lysander/repos/bannou/bannou-service/bannou-service.csproj]
/home/lysander/repos/bannou/bannou-service/Generated/Clients/ConnectClient.cs(589,17): warning CS0472: The result of the expression is always 'false' since a value of type 'Connection2' is never equal to 'null' of type 'Connection2?' [/home/lysander/repos/bannou/bannou-service/bannou-service.csproj]
/home/lysander/repos/bannou/bannou-service/Generated/Clients/ConnectClient.cs(593,17): warning CS0472: The result of the expression is always 'false' since a value of type 'Upgrade2' is never equal to 'null' of type 'Upgrade2?' [/home/lysander/repos/bannou/bannou-service/bannou-service.csproj]
/home/lysander/repos/bannou/bannou-service/Generated/Events/AccountsLifecycleEvents.cs(32,24): warning CS1591: Missing XML comment for publicly visible type or member 'AccountCreatedEvent.AccountId' [/home/lysander/repos/bannou/bannou-service/bannou-service.csproj]
/home/lysander/repos/bannou/bannou-service/Generated/Events/AccountsLifecycleEvents.cs(37,19): warning CS1591: Missing XML comment for publicly visible type or member 'AccountCreatedEvent.Email' [/home/lysander/repos/bannou/bannou-service/bannou-service.csproj]
/home/lysander/repos/bannou/bannou-service/Generated/Events/AccountsLifecycleEvents.cs(40,19): warning CS1591: Missing XML comment for publicly visible type or member 'AccountCreatedEvent.DisplayName' [/home/lysander/repos/bannou/bannou-service/bannou-service.csproj]
/home/lysander/repos/bannou/bannou-service/Generated/Events/AccountsLifecycleEvents.cs(43,17): warning CS1591: Missing XML comment for publicly visible type or member 'AccountCreatedEvent.EmailVerified' [/home/lysander/repos/bannou/bannou-service/bannou-service.csproj]
/home/lysander/repos/bannou/bannou-service/Generated/Events/AccountsLifecycleEvents.cs(46,59): warning CS1591: Missing XML comment for publicly visible type or member 'AccountCreatedEvent.Roles' [/home/lysander/repos/bannou/bannou-service/bannou-service.csproj]
/home/lysander/repos/bannou/bannou-service/Generated/Events/AccountsLifecycleEvents.cs(51,34): warning CS1591: Missing XML comment for publicly visible type or member 'AccountCreatedEvent.CreatedAt' [/home/lysander/repos/bannou/bannou-service/bannou-service.csproj]
/home/lysander/repos/bannou/bannou-service/Generated/Events/AccountsLifecycleEvents.cs(54,34): warning CS1591: Missing XML comment for publicly visible type or member 'AccountCreatedEvent.UpdatedAt' [/home/lysander/repos/bannou/bannou-service/bannou-service.csproj]
/home/lysander/repos/bannou/bannou-service/Generated/Events/AccountsLifecycleEvents.cs(57,19): warning CS1591: Missing XML comment for publicly visible type or member 'AccountCreatedEvent.Metadata' [/home/lysander/repos/bannou/bannou-service/bannou-service.csproj]
/home/lysander/repos/bannou/bannou-service/Generated/Events/AccountsLifecycleEvents.cs(79,24): warning CS1591: Missing XML comment for publicly visible type or member 'AccountUpdatedEvent.AccountId' [/home/lysander/repos/bannou/bannou-service/bannou-service.csproj]
/home/lysander/repos/bannou/bannou-service/Generated/Events/AccountsLifecycleEvents.cs(84,19): warning CS1591: Missing XML comment for publicly visible type or member 'AccountUpdatedEvent.Email' [/home/lysander/repos/bannou/bannou-service/bannou-service.csproj]
/home/lysander/repos/bannou/bannou-service/Generated/Events/AccountsLifecycleEvents.cs(87,19): warning CS1591: Missing XML comment for publicly visible type or member 'AccountUpdatedEvent.DisplayName' [/home/lysander/repos/bannou/bannou-service/bannou-service.csproj]
/home/lysander/repos/bannou/bannou-service/Generated/Events/AccountsLifecycleEvents.cs(90,17): warning CS1591: Missing XML comment for publicly visible type or member 'AccountUpdatedEvent.EmailVerified' [/home/lysander/repos/bannou/bannou-service/bannou-service.csproj]
/home/lysander/repos/bannou/bannou-service/Generated/Events/AccountsLifecycleEvents.cs(93,59): warning CS1591: Missing XML comment for publicly visible type or member 'AccountUpdatedEvent.Roles' [/home/lysander/repos/bannou/bannou-service/bannou-service.csproj]
/home/lysander/repos/bannou/bannou-service/Generated/Events/AccountsLifecycleEvents.cs(98,34): warning CS1591: Missing XML comment for publicly visible type or member 'AccountUpdatedEvent.CreatedAt' [/home/lysander/repos/bannou/bannou-service/bannou-service.csproj]
/home/lysander/repos/bannou/bannou-service/Generated/Events/AccountsLifecycleEvents.cs(101,34): warning CS1591: Missing XML comment for publicly visible type or member 'AccountUpdatedEvent.UpdatedAt' [/home/lysander/repos/bannou/bannou-service/bannou-service.csproj]
/home/lysander/repos/bannou/bannou-service/Generated/Events/AccountsLifecycleEvents.cs(104,19): warning CS1591: Missing XML comment for publicly visible type or member 'AccountUpdatedEvent.Metadata' [/home/lysander/repos/bannou/bannou-service/bannou-service.csproj]
/home/lysander/repos/bannou/bannou-service/Generated/Events/AccountsLifecycleEvents.cs(134,24): warning CS1591: Missing XML comment for publicly visible type or member 'AccountDeletedEvent.AccountId' [/home/lysander/repos/bannou/bannou-service/bannou-service.csproj]
/home/lysander/repos/bannou/bannou-service/Generated/Events/AccountsLifecycleEvents.cs(139,19): warning CS1591: Missing XML comment for publicly visible type or member 'AccountDeletedEvent.Email' [/home/lysander/repos/bannou/bannou-service/bannou-service.csproj]
/home/lysander/repos/bannou/bannou-service/Generated/Events/AccountsLifecycleEvents.cs(142,19): warning CS1591: Missing XML comment for publicly visible type or member 'AccountDeletedEvent.DisplayName' [/home/lysander/repos/bannou/bannou-service/bannou-service.csproj]
/home/lysander/repos/bannou/bannou-service/Generated/Events/AccountsLifecycleEvents.cs(145,17): warning CS1591: Missing XML comment for publicly visible type or member 'AccountDeletedEvent.EmailVerified' [/home/lysander/repos/bannou/bannou-service/bannou-service.csproj]
/home/lysander/repos/bannou/bannou-service/Generated/Events/AccountsLifecycleEvents.cs(148,59): warning CS1591: Missing XML comment for publicly visible type or member 'AccountDeletedEvent.Roles' [/home/lysander/repos/bannou/bannou-service/bannou-service.csproj]
/home/lysander/repos/bannou/bannou-service/Generated/Events/AccountsLifecycleEvents.cs(153,34): warning CS1591: Missing XML comment for publicly visible type or member 'AccountDeletedEvent.CreatedAt' [/home/lysander/repos/bannou/bannou-service/bannou-service.csproj]
/home/lysander/repos/bannou/bannou-service/Generated/Events/AccountsLifecycleEvents.cs(156,34): warning CS1591: Missing XML comment for publicly visible type or member 'AccountDeletedEvent.UpdatedAt' [/home/lysander/repos/bannou/bannou-service/bannou-service.csproj]
/home/lysander/repos/bannou/bannou-service/Generated/Events/AccountsLifecycleEvents.cs(159,19): warning CS1591: Missing XML comment for publicly visible type or member 'AccountDeletedEvent.Metadata' [/home/lysander/repos/bannou/bannou-service/bannou-service.csproj]
/home/lysander/repos/bannou/bannou-service/Generated/Events/AssetEventsModels.cs(67,27): warning CS1591: Missing XML comment for publicly visible type or member 'AssetUploadRequestedEvent.AssetType' [/home/lysander/repos/bannou/bannou-service/bannou-service.csproj]
/home/lysander/repos/bannou/bannou-service/Generated/Events/AssetEventsModels.cs(71,23): warning CS1591: Missing XML comment for publicly visible type or member 'AssetUploadRequestedEvent.Realm' [/home/lysander/repos/bannou/bannou-service/bannou-service.csproj]
/home/lysander/repos/bannou/bannou-service/Generated/Events/AssetEventsModels.cs(175,31): warning CS1591: Missing XML comment for publicly visible type or member 'AssetProcessingQueuedEvent.ProcessingType' [/home/lysander/repos/bannou/bannou-service/bannou-service.csproj]
/home/lysander/repos/bannou/bannou-service/Generated/Events/AssetEventsModels.cs(216,31): warning CS1591: Missing XML comment for publicly visible type or member 'AssetProcessingCompletedEvent.ProcessingType' [/home/lysander/repos/bannou/bannou-service/bannou-service.csproj]
/home/lysander/repos/bannou/bannou-service/Generated/Events/AssetEventsModels.cs(231,70): warning CS1591: Missing XML comment for publicly visible type or member 'AssetProcessingCompletedEvent.Outputs' [/home/lysander/repos/bannou/bannou-service/bannou-service.csproj]
/home/lysander/repos/bannou/bannou-service/Generated/Events/AssetEventsModels.cs(300,27): warning CS1591: Missing XML comment for publicly visible type or member 'AssetReadyEvent.AssetType' [/home/lysander/repos/bannou/bannou-service/bannou-service.csproj]
/home/lysander/repos/bannou/bannou-service/Generated/Events/AssetEventsModels.cs(304,23): warning CS1591: Missing XML comment for publicly visible type or member 'AssetReadyEvent.Realm' [/home/lysander/repos/bannou/bannou-service/bannou-service.csproj]
/home/lysander/repos/bannou/bannou-service/Generated/Events/AssetEventsModels.cs(361,33): warning CS1591: Missing XML comment for publicly visible type or member 'BundleCreatedEvent.Compression' [/home/lysander/repos/bannou/bannou-service/bannou-service.csproj]
/home/lysander/repos/bannou/bannou-service/Generated/Events/AssetEventsModels.cs(372,13): warning CS1591: Missing XML comment for publicly visible type or member 'AssetTypeEnum' [/home/lysander/repos/bannou/bannou-service/bannou-service.csproj]
/home/lysander/repos/bannou/bannou-service/Generated/Events/AssetEventsModels.cs(376,5): warning CS1591: Missing XML comment for publicly visible type or member 'AssetTypeEnum.Texture' [/home/lysander/repos/bannou/bannou-service/bannou-service.csproj]
/home/lysander/repos/bannou/bannou-service/Generated/Events/AssetEventsModels.cs(379,5): warning CS1591: Missing XML comment for publicly visible type or member 'AssetTypeEnum.Model' [/home/lysander/repos/bannou/bannou-service/bannou-service.csproj]
/home/lysander/repos/bannou/bannou-service/Generated/Events/AssetEventsModels.cs(382,5): warning CS1591: Missing XML comment for publicly visible type or member 'AssetTypeEnum.Audio' [/home/lysander/repos/bannou/bannou-service/bannou-service.csproj]
/home/lysander/repos/bannou/bannou-service/Generated/Events/AssetEventsModels.cs(385,5): warning CS1591: Missing XML comment for publicly visible type or member 'AssetTypeEnum.Behavior' [/home/lysander/repos/bannou/bannou-service/bannou-service.csproj]
/home/lysander/repos/bannou/bannou-service/Generated/Events/AssetEventsModels.cs(388,5): warning CS1591: Missing XML comment for publicly visible type or member 'AssetTypeEnum.Bundle' [/home/lysander/repos/bannou/bannou-service/bannou-service.csproj]
/home/lysander/repos/bannou/bannou-service/Generated/Events/AssetEventsModels.cs(391,5): warning CS1591: Missing XML comment for publicly visible type or member 'AssetTypeEnum.Prefab' [/home/lysander/repos/bannou/bannou-service/bannou-service.csproj]
/home/lysander/repos/bannou/bannou-service/Generated/Events/AssetEventsModels.cs(394,5): warning CS1591: Missing XML comment for publicly visible type or member 'AssetTypeEnum.Other' [/home/lysander/repos/bannou/bannou-service/bannou-service.csproj]
/home/lysander/repos/bannou/bannou-service/Generated/Events/AssetEventsModels.cs(399,13): warning CS1591: Missing XML comment for publicly visible type or member 'RealmEnum' [/home/lysander/repos/bannou/bannou-service/bannou-service.csproj]
/home/lysander/repos/bannou/bannou-service/Generated/Events/AssetEventsModels.cs(403,5): warning CS1591: Missing XML comment for publicly visible type or member 'RealmEnum.Omega' [/home/lysander/repos/bannou/bannou-service/bannou-service.csproj]
/home/lysander/repos/bannou/bannou-service/Generated/Events/AssetEventsModels.cs(406,5): warning CS1591: Missing XML comment for publicly visible type or member 'RealmEnum.Arcadia' [/home/lysander/repos/bannou/bannou-service/bannou-service.csproj]
/home/lysander/repos/bannou/bannou-service/Generated/Events/AssetEventsModels.cs(409,5): warning CS1591: Missing XML comment for publicly visible type or member 'RealmEnum.Fantasia' [/home/lysander/repos/bannou/bannou-service/bannou-service.csproj]
/home/lysander/repos/bannou/bannou-service/Generated/Events/AssetEventsModels.cs(412,5): warning CS1591: Missing XML comment for publicly visible type or member 'RealmEnum.Shared' [/home/lysander/repos/bannou/bannou-service/bannou-service.csproj]
/home/lysander/repos/bannou/bannou-service/Generated/Events/AssetEventsModels.cs(424,5): warning CS1591: Missing XML comment for publicly visible type or member 'ProcessingTypeEnum.Mipmaps' [/home/lysander/repos/bannou/bannou-service/bannou-service.csproj]
/home/lysander/repos/bannou/bannou-service/Generated/Events/AssetEventsModels.cs(427,5): warning CS1591: Missing XML comment for publicly visible type or member 'ProcessingTypeEnum.Lod_generation' [/home/lysander/repos/bannou/bannou-service/bannou-service.csproj]
/home/lysander/repos/bannou/bannou-service/Generated/Events/AssetEventsModels.cs(430,5): warning CS1591: Missing XML comment for publicly visible type or member 'ProcessingTypeEnum.Transcode' [/home/lysander/repos/bannou/bannou-service/bannou-service.csproj]
/home/lysander/repos/bannou/bannou-service/Generated/Events/AssetEventsModels.cs(433,5): warning CS1591: Missing XML comment for publicly visible type or member 'ProcessingTypeEnum.Compression' [/home/lysander/repos/bannou/bannou-service/bannou-service.csproj]
/home/lysander/repos/bannou/bannou-service/Generated/Events/AssetEventsModels.cs(436,5): warning CS1591: Missing XML comment for publicly visible type or member 'ProcessingTypeEnum.Validation' [/home/lysander/repos/bannou/bannou-service/bannou-service.csproj]
/home/lysander/repos/bannou/bannou-service/Generated/Events/AssetEventsModels.cs(439,5): warning CS1591: Missing XML comment for publicly visible type or member 'ProcessingTypeEnum.Behavior_compile' [/home/lysander/repos/bannou/bannou-service/bannou-service.csproj]
/home/lysander/repos/bannou/bannou-service/Generated/Events/AssetEventsModels.cs(444,13): warning CS1591: Missing XML comment for publicly visible type or member 'CompressionTypeEnum' [/home/lysander/repos/bannou/bannou-service/bannou-service.csproj]
/home/lysander/repos/bannou/bannou-service/Generated/Events/AssetEventsModels.cs(448,5): warning CS1591: Missing XML comment for publicly visible type or member 'CompressionTypeEnum.Lz4' [/home/lysander/repos/bannou/bannou-service/bannou-service.csproj]
/home/lysander/repos/bannou/bannou-service/Generated/Events/AssetEventsModels.cs(451,5): warning CS1591: Missing XML comment for publicly visible type or member 'CompressionTypeEnum.Lzma' [/home/lysander/repos/bannou/bannou-service/bannou-service.csproj]
/home/lysander/repos/bannou/bannou-service/Generated/Events/AssetEventsModels.cs(454,5): warning CS1591: Missing XML comment for publicly visible type or member 'CompressionTypeEnum.None' [/home/lysander/repos/bannou/bannou-service/bannou-service.csproj]
/home/lysander/repos/bannou/bannou-service/Generated/Events/AssetEventsModels.cs(486,68): warning CS1591: Missing XML comment for publicly visible type or member 'ProcessingOutput.AdditionalProperties' [/home/lysander/repos/bannou/bannou-service/bannou-service.csproj]
/home/lysander/repos/bannou/bannou-service/Generated/Events/AuthEventsModels.cs(39,42): warning CS1591: Missing XML comment for publicly visible type or member 'SessionInvalidatedEvent.Reason' [/home/lysander/repos/bannou/bannou-service/bannou-service.csproj]
/home/lysander/repos/bannou/bannou-service/Generated/Events/AuthEventsModels.cs(57,5): warning CS1591: Missing XML comment for publicly visible type or member 'SessionInvalidatedEventReason.Logout' [/home/lysander/repos/bannou/bannou-service/bannou-service.csproj]
/home/lysander/repos/bannou/bannou-service/Generated/Events/AuthEventsModels.cs(60,5): warning CS1591: Missing XML comment for publicly visible type or member 'SessionInvalidatedEventReason.Account_deleted' [/home/lysander/repos/bannou/bannou-service/bannou-service.csproj]
/home/lysander/repos/bannou/bannou-service/Generated/Events/AuthEventsModels.cs(63,5): warning CS1591: Missing XML comment for publicly visible type or member 'SessionInvalidatedEventReason.Security_revocation' [/home/lysander/repos/bannou/bannou-service/bannou-service.csproj]
/home/lysander/repos/bannou/bannou-service/Generated/Events/AuthEventsModels.cs(66,5): warning CS1591: Missing XML comment for publicly visible type or member 'SessionInvalidatedEventReason.Admin_action' [/home/lysander/repos/bannou/bannou-service/bannou-service.csproj]
/home/lysander/repos/bannou/bannou-service/Generated/Events/AuthEventsModels.cs(69,5): warning CS1591: Missing XML comment for publicly visible type or member 'SessionInvalidatedEventReason.Session_expired' [/home/lysander/repos/bannou/bannou-service/bannou-service.csproj]
/home/lysander/repos/bannou/bannou-service/Generated/Events/AuthEventsModels.cs(118,38): warning CS1591: Missing XML comment for publicly visible type or member 'SessionUpdatedEvent.Reason' [/home/lysander/repos/bannou/bannou-service/bannou-service.csproj]
/home/lysander/repos/bannou/bannou-service/Generated/Events/AuthEventsModels.cs(130,5): warning CS1591: Missing XML comment for publicly visible type or member 'SessionUpdatedEventReason.Role_changed' [/home/lysander/repos/bannou/bannou-service/bannou-service.csproj]
/home/lysander/repos/bannou/bannou-service/Generated/Events/AuthEventsModels.cs(133,5): warning CS1591: Missing XML comment for publicly visible type or member 'SessionUpdatedEventReason.Authorization_changed' [/home/lysander/repos/bannou/bannou-service/bannou-service.csproj]
/home/lysander/repos/bannou/bannou-service/Generated/Events/AuthEventsModels.cs(136,5): warning CS1591: Missing XML comment for publicly visible type or member 'SessionUpdatedEventReason.Subscription_changed' [/home/lysander/repos/bannou/bannou-service/bannou-service.csproj]
/home/lysander/repos/bannou/bannou-service/Generated/Events/BehaviorLifecycleEvents.cs(32,19): warning CS1591: Missing XML comment for publicly visible type or member 'BehaviorCreatedEvent.BehaviorId' [/home/lysander/repos/bannou/bannou-service/bannou-service.csproj]
/home/lysander/repos/bannou/bannou-service/Generated/Events/BehaviorLifecycleEvents.cs(37,19): warning CS1591: Missing XML comment for publicly visible type or member 'BehaviorCreatedEvent.Name' [/home/lysander/repos/bannou/bannou-service/bannou-service.csproj]
/home/lysander/repos/bannou/bannou-service/Generated/Events/BehaviorLifecycleEvents.cs(40,19): warning CS1591: Missing XML comment for publicly visible type or member 'BehaviorCreatedEvent.Category' [/home/lysander/repos/bannou/bannou-service/bannou-service.csproj]
/home/lysander/repos/bannou/bannou-service/Generated/Events/BehaviorLifecycleEvents.cs(43,19): warning CS1591: Missing XML comment for publicly visible type or member 'BehaviorCreatedEvent.BundleId' [/home/lysander/repos/bannou/bannou-service/bannou-service.csproj]
/home/lysander/repos/bannou/bannou-service/Generated/Events/BehaviorLifecycleEvents.cs(46,19): warning CS1591: Missing XML comment for publicly visible type or member 'BehaviorCreatedEvent.AssetId' [/home/lysander/repos/bannou/bannou-service/bannou-service.csproj]
/home/lysander/repos/bannou/bannou-service/Generated/Events/BehaviorLifecycleEvents.cs(49,16): warning CS1591: Missing XML comment for publicly visible type or member 'BehaviorCreatedEvent.BytecodeSize' [/home/lysander/repos/bannou/bannou-service/bannou-service.csproj]
/home/lysander/repos/bannou/bannou-service/Generated/Events/BehaviorLifecycleEvents.cs(52,19): warning CS1591: Missing XML comment for publicly visible type or member 'BehaviorCreatedEvent.SchemaVersion' [/home/lysander/repos/bannou/bannou-service/bannou-service.csproj]
/home/lysander/repos/bannou/bannou-service/Generated/Events/BehaviorLifecycleEvents.cs(57,34): warning CS1591: Missing XML comment for publicly visible type or member 'BehaviorCreatedEvent.CreatedAt' [/home/lysander/repos/bannou/bannou-service/bannou-service.csproj]
/home/lysander/repos/bannou/bannou-service/Generated/Events/BehaviorLifecycleEvents.cs(60,34): warning CS1591: Missing XML comment for publicly visible type or member 'BehaviorCreatedEvent.UpdatedAt' [/home/lysander/repos/bannou/bannou-service/bannou-service.csproj]
/home/lysander/repos/bannou/bannou-service/Generated/Events/BehaviorLifecycleEvents.cs(82,19): warning CS1591: Missing XML comment for publicly visible type or member 'BehaviorUpdatedEvent.BehaviorId' [/home/lysander/repos/bannou/bannou-service/bannou-service.csproj]
/home/lysander/repos/bannou/bannou-service/Generated/Events/BehaviorLifecycleEvents.cs(87,19): warning CS1591: Missing XML comment for publicly visible type or member 'BehaviorUpdatedEvent.Name' [/home/lysander/repos/bannou/bannou-service/bannou-service.csproj]
/home/lysander/repos/bannou/bannou-service/Generated/Events/BehaviorLifecycleEvents.cs(90,19): warning CS1591: Missing XML comment for publicly visible type or member 'BehaviorUpdatedEvent.Category' [/home/lysander/repos/bannou/bannou-service/bannou-service.csproj]
/home/lysander/repos/bannou/bannou-service/Generated/Events/BehaviorLifecycleEvents.cs(93,19): warning CS1591: Missing XML comment for publicly visible type or member 'BehaviorUpdatedEvent.BundleId' [/home/lysander/repos/bannou/bannou-service/bannou-service.csproj]
/home/lysander/repos/bannou/bannou-service/Generated/Events/BehaviorLifecycleEvents.cs(96,19): warning CS1591: Missing XML comment for publicly visible type or member 'BehaviorUpdatedEvent.AssetId' [/home/lysander/repos/bannou/bannou-service/bannou-service.csproj]
/home/lysander/repos/bannou/bannou-service/Generated/Events/BehaviorLifecycleEvents.cs(99,16): warning CS1591: Missing XML comment for publicly visible type or member 'BehaviorUpdatedEvent.BytecodeSize' [/home/lysander/repos/bannou/bannou-service/bannou-service.csproj]
/home/lysander/repos/bannou/bannou-service/Generated/Events/BehaviorLifecycleEvents.cs(102,19): warning CS1591: Missing XML comment for publicly visible type or member 'BehaviorUpdatedEvent.SchemaVersion' [/home/lysander/repos/bannou/bannou-service/bannou-service.csproj]
/home/lysander/repos/bannou/bannou-service/Generated/Events/BehaviorLifecycleEvents.cs(107,34): warning CS1591: Missing XML comment for publicly visible type or member 'BehaviorUpdatedEvent.CreatedAt' [/home/lysander/repos/bannou/bannou-service/bannou-service.csproj]
/home/lysander/repos/bannou/bannou-service/Generated/Events/BehaviorLifecycleEvents.cs(110,34): warning CS1591: Missing XML comment for publicly visible type or member 'BehaviorUpdatedEvent.UpdatedAt' [/home/lysander/repos/bannou/bannou-service/bannou-service.csproj]
/home/lysander/repos/bannou/bannou-service/Generated/Events/BehaviorLifecycleEvents.cs(140,19): warning CS1591: Missing XML comment for publicly visible type or member 'BehaviorDeletedEvent.BehaviorId' [/home/lysander/repos/bannou/bannou-service/bannou-service.csproj]
/home/lysander/repos/bannou/bannou-service/Generated/Events/BehaviorLifecycleEvents.cs(145,19): warning CS1591: Missing XML comment for publicly visible type or member 'BehaviorDeletedEvent.Name' [/home/lysander/repos/bannou/bannou-service/bannou-service.csproj]
/home/lysander/repos/bannou/bannou-service/Generated/Events/BehaviorLifecycleEvents.cs(148,19): warning CS1591: Missing XML comment for publicly visible type or member 'BehaviorDeletedEvent.Category' [/home/lysander/repos/bannou/bannou-service/bannou-service.csproj]
/home/lysander/repos/bannou/bannou-service/Generated/Events/BehaviorLifecycleEvents.cs(151,19): warning CS1591: Missing XML comment for publicly visible type or member 'BehaviorDeletedEvent.BundleId' [/home/lysander/repos/bannou/bannou-service/bannou-service.csproj]
/home/lysander/repos/bannou/bannou-service/Generated/Events/BehaviorLifecycleEvents.cs(154,19): warning CS1591: Missing XML comment for publicly visible type or member 'BehaviorDeletedEvent.AssetId' [/home/lysander/repos/bannou/bannou-service/bannou-service.csproj]
/home/lysander/repos/bannou/bannou-service/Generated/Events/BehaviorLifecycleEvents.cs(157,16): warning CS1591: Missing XML comment for publicly visible type or member 'BehaviorDeletedEvent.BytecodeSize' [/home/lysander/repos/bannou/bannou-service/bannou-service.csproj]
/home/lysander/repos/bannou/bannou-service/Generated/Events/BehaviorLifecycleEvents.cs(160,19): warning CS1591: Missing XML comment for publicly visible type or member 'BehaviorDeletedEvent.SchemaVersion' [/home/lysander/repos/bannou/bannou-service/bannou-service.csproj]
/home/lysander/repos/bannou/bannou-service/Generated/Events/BehaviorLifecycleEvents.cs(165,34): warning CS1591: Missing XML comment for publicly visible type or member 'BehaviorDeletedEvent.CreatedAt' [/home/lysander/repos/bannou/bannou-service/bannou-service.csproj]
/home/lysander/repos/bannou/bannou-service/Generated/Events/BehaviorLifecycleEvents.cs(168,34): warning CS1591: Missing XML comment for publicly visible type or member 'BehaviorDeletedEvent.UpdatedAt' [/home/lysander/repos/bannou/bannou-service/bannou-service.csproj]
/home/lysander/repos/bannou/bannou-service/Generated/Events/CharacterLifecycleEvents.cs(32,24): warning CS1591: Missing XML comment for publicly visible type or member 'CharacterCreatedEvent.CharacterId' [/home/lysander/repos/bannou/bannou-service/bannou-service.csproj]
/home/lysander/repos/bannou/bannou-service/Generated/Events/CharacterLifecycleEvents.cs(37,19): warning CS1591: Missing XML comment for publicly visible type or member 'CharacterCreatedEvent.Name' [/home/lysander/repos/bannou/bannou-service/bannou-service.csproj]
/home/lysander/repos/bannou/bannou-service/Generated/Events/CharacterLifecycleEvents.cs(42,24): warning CS1591: Missing XML comment for publicly visible type or member 'CharacterCreatedEvent.RealmId' [/home/lysander/repos/bannou/bannou-service/bannou-service.csproj]
/home/lysander/repos/bannou/bannou-service/Generated/Events/CharacterLifecycleEvents.cs(47,24): warning CS1591: Missing XML comment for publicly visible type or member 'CharacterCreatedEvent.SpeciesId' [/home/lysander/repos/bannou/bannou-service/bannou-service.csproj]
/home/lysander/repos/bannou/bannou-service/Generated/Events/CharacterLifecycleEvents.cs(50,34): warning CS1591: Missing XML comment for publicly visible type or member 'CharacterCreatedEvent.BirthDate' [/home/lysander/repos/bannou/bannou-service/bannou-service.csproj]
/home/lysander/repos/bannou/bannou-service/Generated/Events/CharacterLifecycleEvents.cs(53,19): warning CS1591: Missing XML comment for publicly visible type or member 'CharacterCreatedEvent.Status' [/home/lysander/repos/bannou/bannou-service/bannou-service.csproj]
/home/lysander/repos/bannou/bannou-service/Generated/Events/CharacterLifecycleEvents.cs(58,34): warning CS1591: Missing XML comment for publicly visible type or member 'CharacterCreatedEvent.CreatedAt' [/home/lysander/repos/bannou/bannou-service/bannou-service.csproj]
/home/lysander/repos/bannou/bannou-service/Generated/Events/CharacterLifecycleEvents.cs(61,34): warning CS1591: Missing XML comment for publicly visible type or member 'CharacterCreatedEvent.UpdatedAt' [/home/lysander/repos/bannou/bannou-service/bannou-service.csproj]
/home/lysander/repos/bannou/bannou-service/Generated/Events/CharacterLifecycleEvents.cs(83,24): warning CS1591: Missing XML comment for publicly visible type or member 'CharacterUpdatedEvent.CharacterId' [/home/lysander/repos/bannou/bannou-service/bannou-service.csproj]
/home/lysander/repos/bannou/bannou-service/Generated/Events/CharacterLifecycleEvents.cs(88,19): warning CS1591: Missing XML comment for publicly visible type or member 'CharacterUpdatedEvent.Name' [/home/lysander/repos/bannou/bannou-service/bannou-service.csproj]
/home/lysander/repos/bannou/bannou-service/Generated/Events/CharacterLifecycleEvents.cs(93,24): warning CS1591: Missing XML comment for publicly visible type or member 'CharacterUpdatedEvent.RealmId' [/home/lysander/repos/bannou/bannou-service/bannou-service.csproj]
/home/lysander/repos/bannou/bannou-service/Generated/Events/CharacterLifecycleEvents.cs(98,24): warning CS1591: Missing XML comment for publicly visible type or member 'CharacterUpdatedEvent.SpeciesId' [/home/lysander/repos/bannou/bannou-service/bannou-service.csproj]
/home/lysander/repos/bannou/bannou-service/Generated/Events/CharacterLifecycleEvents.cs(101,34): warning CS1591: Missing XML comment for publicly visible type or member 'CharacterUpdatedEvent.BirthDate' [/home/lysander/repos/bannou/bannou-service/bannou-service.csproj]
/home/lysander/repos/bannou/bannou-service/Generated/Events/CharacterLifecycleEvents.cs(104,19): warning CS1591: Missing XML comment for publicly visible type or member 'CharacterUpdatedEvent.Status' [/home/lysander/repos/bannou/bannou-service/bannou-service.csproj]
/home/lysander/repos/bannou/bannou-service/Generated/Events/CharacterLifecycleEvents.cs(109,34): warning CS1591: Missing XML comment for publicly visible type or member 'CharacterUpdatedEvent.CreatedAt' [/home/lysander/repos/bannou/bannou-service/bannou-service.csproj]
/home/lysander/repos/bannou/bannou-service/Generated/Events/CharacterLifecycleEvents.cs(112,34): warning CS1591: Missing XML comment for publicly visible type or member 'CharacterUpdatedEvent.UpdatedAt' [/home/lysander/repos/bannou/bannou-service/bannou-service.csproj]
/home/lysander/repos/bannou/bannou-service/Generated/Events/CharacterLifecycleEvents.cs(142,24): warning CS1591: Missing XML comment for publicly visible type or member 'CharacterDeletedEvent.CharacterId' [/home/lysander/repos/bannou/bannou-service/bannou-service.csproj]
/home/lysander/repos/bannou/bannou-service/Generated/Events/CharacterLifecycleEvents.cs(147,19): warning CS1591: Missing XML comment for publicly visible type or member 'CharacterDeletedEvent.Name' [/home/lysander/repos/bannou/bannou-service/bannou-service.csproj]
/home/lysander/repos/bannou/bannou-service/Generated/Events/CharacterLifecycleEvents.cs(152,24): warning CS1591: Missing XML comment for publicly visible type or member 'CharacterDeletedEvent.RealmId' [/home/lysander/repos/bannou/bannou-service/bannou-service.csproj]
/home/lysander/repos/bannou/bannou-service/Generated/Events/CharacterLifecycleEvents.cs(157,24): warning CS1591: Missing XML comment for publicly visible type or member 'CharacterDeletedEvent.SpeciesId' [/home/lysander/repos/bannou/bannou-service/bannou-service.csproj]
/home/lysander/repos/bannou/bannou-service/Generated/Events/CharacterLifecycleEvents.cs(160,34): warning CS1591: Missing XML comment for publicly visible type or member 'CharacterDeletedEvent.BirthDate' [/home/lysander/repos/bannou/bannou-service/bannou-service.csproj]
/home/lysander/repos/bannou/bannou-service/Generated/Events/CharacterLifecycleEvents.cs(163,19): warning CS1591: Missing XML comment for publicly visible type or member 'CharacterDeletedEvent.Status' [/home/lysander/repos/bannou/bannou-service/bannou-service.csproj]
/home/lysander/repos/bannou/bannou-service/Generated/Events/CharacterLifecycleEvents.cs(168,34): warning CS1591: Missing XML comment for publicly visible type or member 'CharacterDeletedEvent.CreatedAt' [/home/lysander/repos/bannou/bannou-service/bannou-service.csproj]
/home/lysander/repos/bannou/bannou-service/Generated/Events/CharacterLifecycleEvents.cs(171,34): warning CS1591: Missing XML comment for publicly visible type or member 'CharacterDeletedEvent.UpdatedAt' [/home/lysander/repos/bannou/bannou-service/bannou-service.csproj]
/home/lysander/repos/bannou/bannou-service/Generated/Events/DocumentationEventsModels.cs(32,34): warning CS1591: Missing XML comment for publicly visible type or member 'DocumentationQueriedEvent.Timestamp' [/home/lysander/repos/bannou/bannou-service/bannou-service.csproj]
/home/lysander/repos/bannou/bannou-service/Generated/Events/DocumentationEventsModels.cs(37,19): warning CS1591: Missing XML comment for publicly visible type or member 'DocumentationQueriedEvent.Namespace' [/home/lysander/repos/bannou/bannou-service/bannou-service.csproj]
/home/lysander/repos/bannou/bannou-service/Generated/Events/DocumentationEventsModels.cs(42,19): warning CS1591: Missing XML comment for publicly visible type or member 'DocumentationQueriedEvent.Query' [/home/lysander/repos/bannou/bannou-service/bannou-service.csproj]
/home/lysander/repos/bannou/bannou-service/Generated/Events/DocumentationEventsModels.cs(45,25): warning CS1591: Missing XML comment for publicly visible type or member 'DocumentationQueriedEvent.SessionId' [/home/lysander/repos/bannou/bannou-service/bannou-service.csproj]
/home/lysander/repos/bannou/bannou-service/Generated/Events/DocumentationEventsModels.cs(48,16): warning CS1591: Missing XML comment for publicly visible type or member 'DocumentationQueriedEvent.ResultCount' [/home/lysander/repos/bannou/bannou-service/bannou-service.csproj]
/home/lysander/repos/bannou/bannou-service/Generated/Events/DocumentationEventsModels.cs(51,25): warning CS1591: Missing XML comment for publicly visible type or member 'DocumentationQueriedEvent.TopResultId' [/home/lysander/repos/bannou/bannou-service/bannou-service.csproj]
/home/lysander/repos/bannou/bannou-service/Generated/Events/DocumentationEventsModels.cs(54,20): warning CS1591: Missing XML comment for publicly visible type or member 'DocumentationQueriedEvent.RelevanceScore' [/home/lysander/repos/bannou/bannou-service/bannou-service.csproj]
/home/lysander/repos/bannou/bannou-service/Generated/Events/DocumentationEventsModels.cs(59,68): warning CS1591: Missing XML comment for publicly visible type or member 'DocumentationQueriedEvent.AdditionalProperties' [/home/lysander/repos/bannou/bannou-service/bannou-service.csproj]
/home/lysander/repos/bannou/bannou-service/Generated/Events/DocumentationEventsModels.cs(85,34): warning CS1591: Missing XML comment for publicly visible type or member 'DocumentationSearchedEvent.Timestamp' [/home/lysander/repos/bannou/bannou-service/bannou-service.csproj]
/home/lysander/repos/bannou/bannou-service/Generated/Events/DocumentationEventsModels.cs(90,19): warning CS1591: Missing XML comment for publicly visible type or member 'DocumentationSearchedEvent.Namespace' [/home/lysander/repos/bannou/bannou-service/bannou-service.csproj]
/home/lysander/repos/bannou/bannou-service/Generated/Events/DocumentationEventsModels.cs(95,19): warning CS1591: Missing XML comment for publicly visible type or member 'DocumentationSearchedEvent.SearchTerm' [/home/lysander/repos/bannou/bannou-service/bannou-service.csproj]
/home/lysander/repos/bannou/bannou-service/Generated/Events/DocumentationEventsModels.cs(98,25): warning CS1591: Missing XML comment for publicly visible type or member 'DocumentationSearchedEvent.SessionId' [/home/lysander/repos/bannou/bannou-service/bannou-service.csproj]
/home/lysander/repos/bannou/bannou-service/Generated/Events/DocumentationEventsModels.cs(101,16): warning CS1591: Missing XML comment for publicly visible type or member 'DocumentationSearchedEvent.ResultCount' [/home/lysander/repos/bannou/bannou-service/bannou-service.csproj]
/home/lysander/repos/bannou/bannou-service/Generated/Events/DocumentationEventsModels.cs(106,68): warning CS1591: Missing XML comment for publicly visible type or member 'DocumentationSearchedEvent.AdditionalProperties' [/home/lysander/repos/bannou/bannou-service/bannou-service.csproj]
/home/lysander/repos/bannou/bannou-service/Generated/Events/DocumentationEventsModels.cs(132,34): warning CS1591: Missing XML comment for publicly visible type or member 'DocumentationBindingCreatedEvent.Timestamp' [/home/lysander/repos/bannou/bannou-service/bannou-service.csproj]
/home/lysander/repos/bannou/bannou-service/Generated/Events/DocumentationEventsModels.cs(137,19): warning CS1591: Missing XML comment for publicly visible type or member 'DocumentationBindingCreatedEvent.Namespace' [/home/lysander/repos/bannou/bannou-service/bannou-service.csproj]
/home/lysander/repos/bannou/bannou-service/Generated/Events/DocumentationEventsModels.cs(142,24): warning CS1591: Missing XML comment for publicly visible type or member 'DocumentationBindingCreatedEvent.BindingId' [/home/lysander/repos/bannou/bannou-service/bannou-service.csproj]
/home/lysander/repos/bannou/bannou-service/Generated/Events/DocumentationEventsModels.cs(147,19): warning CS1591: Missing XML comment for publicly visible type or member 'DocumentationBindingCreatedEvent.RepositoryUrl' [/home/lysander/repos/bannou/bannou-service/bannou-service.csproj]
/home/lysander/repos/bannou/bannou-service/Generated/Events/DocumentationEventsModels.cs(150,19): warning CS1591: Missing XML comment for publicly visible type or member 'DocumentationBindingCreatedEvent.Branch' [/home/lysander/repos/bannou/bannou-service/bannou-service.csproj]
/home/lysander/repos/bannou/bannou-service/Generated/Events/DocumentationEventsModels.cs(155,68): warning CS1591: Missing XML comment for publicly visible type or member 'DocumentationBindingCreatedEvent.AdditionalProperties' [/home/lysander/repos/bannou/bannou-service/bannou-service.csproj]
/home/lysander/repos/bannou/bannou-service/Generated/Events/DocumentationEventsModels.cs(181,34): warning CS1591: Missing XML comment for publicly visible type or member 'DocumentationBindingRemovedEvent.Timestamp' [/home/lysander/repos/bannou/bannou-service/bannou-service.csproj]
/home/lysander/repos/bannou/bannou-service/Generated/Events/DocumentationEventsModels.cs(186,19): warning CS1591: Missing XML comment for publicly visible type or member 'DocumentationBindingRemovedEvent.Namespace' [/home/lysander/repos/bannou/bannou-service/bannou-service.csproj]
/home/lysander/repos/bannou/bannou-service/Generated/Events/DocumentationEventsModels.cs(191,24): warning CS1591: Missing XML comment for publicly visible type or member 'DocumentationBindingRemovedEvent.BindingId' [/home/lysander/repos/bannou/bannou-service/bannou-service.csproj]
/home/lysander/repos/bannou/bannou-service/Generated/Events/DocumentationEventsModels.cs(194,16): warning CS1591: Missing XML comment for publicly visible type or member 'DocumentationBindingRemovedEvent.DocumentsDeleted' [/home/lysander/repos/bannou/bannou-service/bannou-service.csproj]
/home/lysander/repos/bannou/bannou-service/Generated/Events/DocumentationEventsModels.cs(199,68): warning CS1591: Missing XML comment for publicly visible type or member 'DocumentationBindingRemovedEvent.AdditionalProperties' [/home/lysander/repos/bannou/bannou-service/bannou-service.csproj]
/home/lysander/repos/bannou/bannou-service/Generated/Events/DocumentationEventsModels.cs(225,34): warning CS1591: Missing XML comment for publicly visible type or member 'DocumentationSyncStartedEvent.Timestamp' [/home/lysander/repos/bannou/bannou-service/bannou-service.csproj]
/home/lysander/repos/bannou/bannou-service/Generated/Events/DocumentationEventsModels.cs(230,19): warning CS1591: Missing XML comment for publicly visible type or member 'DocumentationSyncStartedEvent.Namespace' [/home/lysander/repos/bannou/bannou-service/bannou-service.csproj]
/home/lysander/repos/bannou/bannou-service/Generated/Events/DocumentationEventsModels.cs(235,24): warning CS1591: Missing XML comment for publicly visible type or member 'DocumentationSyncStartedEvent.BindingId' [/home/lysander/repos/bannou/bannou-service/bannou-service.csproj]
/home/lysander/repos/bannou/bannou-service/Generated/Events/DocumentationEventsModels.cs(240,24): warning CS1591: Missing XML comment for publicly visible type or member 'DocumentationSyncStartedEvent.SyncId' [/home/lysander/repos/bannou/bannou-service/bannou-service.csproj]
/home/lysander/repos/bannou/bannou-service/Generated/Events/DocumentationEventsModels.cs(246,53): warning CS1591: Missing XML comment for publicly visible type or member 'DocumentationSyncStartedEvent.TriggeredBy' [/home/lysander/repos/bannou/bannou-service/bannou-service.csproj]
/home/lysander/repos/bannou/bannou-service/Generated/Events/DocumentationEventsModels.cs(251,68): warning CS1591: Missing XML comment for publicly visible type or member 'DocumentationSyncStartedEvent.AdditionalProperties' [/home/lysander/repos/bannou/bannou-service/bannou-service.csproj]
/home/lysander/repos/bannou/bannou-service/Generated/Events/DocumentationEventsModels.cs(277,34): warning CS1591: Missing XML comment for publicly visible type or member 'DocumentationSyncCompletedEvent.Timestamp' [/home/lysander/repos/bannou/bannou-service/bannou-service.csproj]
/home/lysander/repos/bannou/bannou-service/Generated/Events/DocumentationEventsModels.cs(282,19): warning CS1591: Missing XML comment for publicly visible type or member 'DocumentationSyncCompletedEvent.Namespace' [/home/lysander/repos/bannou/bannou-service/bannou-service.csproj]
/home/lysander/repos/bannou/bannou-service/Generated/Events/DocumentationEventsModels.cs(287,24): warning CS1591: Missing XML comment for publicly visible type or member 'DocumentationSyncCompletedEvent.BindingId' [/home/lysander/repos/bannou/bannou-service/bannou-service.csproj]
/home/lysander/repos/bannou/bannou-service/Generated/Events/DocumentationEventsModels.cs(292,24): warning CS1591: Missing XML comment for publicly visible type or member 'DocumentationSyncCompletedEvent.SyncId' [/home/lysander/repos/bannou/bannou-service/bannou-service.csproj]
/home/lysander/repos/bannou/bannou-service/Generated/Events/DocumentationEventsModels.cs(298,50): warning CS1591: Missing XML comment for publicly visible type or member 'DocumentationSyncCompletedEvent.Status' [/home/lysander/repos/bannou/bannou-service/bannou-service.csproj]
/home/lysander/repos/bannou/bannou-service/Generated/Events/DocumentationEventsModels.cs(301,19): warning CS1591: Missing XML comment for publicly visible type or member 'DocumentationSyncCompletedEvent.CommitHash' [/home/lysander/repos/bannou/bannou-service/bannou-service.csproj]
/home/lysander/repos/bannou/bannou-service/Generated/Events/DocumentationEventsModels.cs(304,16): warning CS1591: Missing XML comment for publicly visible type or member 'DocumentationSyncCompletedEvent.DocumentsCreated' [/home/lysander/repos/bannou/bannou-service/bannou-service.csproj]
/home/lysander/repos/bannou/bannou-service/Generated/Events/DocumentationEventsModels.cs(307,16): warning CS1591: Missing XML comment for publicly visible type or member 'DocumentationSyncCompletedEvent.DocumentsUpdated' [/home/lysander/repos/bannou/bannou-service/bannou-service.csproj]
/home/lysander/repos/bannou/bannou-service/Generated/Events/DocumentationEventsModels.cs(310,16): warning CS1591: Missing XML comment for publicly visible type or member 'DocumentationSyncCompletedEvent.DocumentsDeleted' [/home/lysander/repos/bannou/bannou-service/bannou-service.csproj]
/home/lysander/repos/bannou/bannou-service/Generated/Events/DocumentationEventsModels.cs(313,16): warning CS1591: Missing XML comment for publicly visible type or member 'DocumentationSyncCompletedEvent.DurationMs' [/home/lysander/repos/bannou/bannou-service/bannou-service.csproj]
/home/lysander/repos/bannou/bannou-service/Generated/Events/DocumentationEventsModels.cs(316,20): warning CS1591: Missing XML comment for publicly visible type or member 'DocumentationSyncCompletedEvent.ErrorMessage' [/home/lysander/repos/bannou/bannou-service/bannou-service.csproj]
/home/lysander/repos/bannou/bannou-service/Generated/Events/DocumentationEventsModels.cs(321,68): warning CS1591: Missing XML comment for publicly visible type or member 'DocumentationSyncCompletedEvent.AdditionalProperties' [/home/lysander/repos/bannou/bannou-service/bannou-service.csproj]
/home/lysander/repos/bannou/bannou-service/Generated/Events/DocumentationEventsModels.cs(347,34): warning CS1591: Missing XML comment for publicly visible type or member 'DocumentationArchiveCreatedEvent.Timestamp' [/home/lysander/repos/bannou/bannou-service/bannou-service.csproj]
/home/lysander/repos/bannou/bannou-service/Generated/Events/DocumentationEventsModels.cs(352,19): warning CS1591: Missing XML comment for publicly visible type or member 'DocumentationArchiveCreatedEvent.Namespace' [/home/lysander/repos/bannou/bannou-service/bannou-service.csproj]
/home/lysander/repos/bannou/bannou-service/Generated/Events/DocumentationEventsModels.cs(357,24): warning CS1591: Missing XML comment for publicly visible type or member 'DocumentationArchiveCreatedEvent.ArchiveId' [/home/lysander/repos/bannou/bannou-service/bannou-service.csproj]
/home/lysander/repos/bannou/bannou-service/Generated/Events/DocumentationEventsModels.cs(360,24): warning CS1591: Missing XML comment for publicly visible type or member 'DocumentationArchiveCreatedEvent.BundleAssetId' [/home/lysander/repos/bannou/bannou-service/bannou-service.csproj]
/home/lysander/repos/bannou/bannou-service/Generated/Events/DocumentationEventsModels.cs(363,16): warning CS1591: Missing XML comment for publicly visible type or member 'DocumentationArchiveCreatedEvent.DocumentCount' [/home/lysander/repos/bannou/bannou-service/bannou-service.csproj]
/home/lysander/repos/bannou/bannou-service/Generated/Events/DocumentationEventsModels.cs(366,16): warning CS1591: Missing XML comment for publicly visible type or member 'DocumentationArchiveCreatedEvent.SizeBytes' [/home/lysander/repos/bannou/bannou-service/bannou-service.csproj]
/home/lysander/repos/bannou/bannou-service/Generated/Events/DocumentationEventsModels.cs(369,20): warning CS1591: Missing XML comment for publicly visible type or member 'DocumentationArchiveCreatedEvent.CommitHash' [/home/lysander/repos/bannou/bannou-service/bannou-service.csproj]
/home/lysander/repos/bannou/bannou-service/Generated/Events/DocumentationEventsModels.cs(374,68): warning CS1591: Missing XML comment for publicly visible type or member 'DocumentationArchiveCreatedEvent.AdditionalProperties' [/home/lysander/repos/bannou/bannou-service/bannou-service.csproj]
/home/lysander/repos/bannou/bannou-service/Generated/Events/DocumentationEventsModels.cs(383,13): warning CS1591: Missing XML comment for publicly visible type or member 'DocumentationSyncStartedEventTriggeredBy' [/home/lysander/repos/bannou/bannou-service/bannou-service.csproj]
/home/lysander/repos/bannou/bannou-service/Generated/Events/DocumentationEventsModels.cs(387,5): warning CS1591: Missing XML comment for publicly visible type or member 'DocumentationSyncStartedEventTriggeredBy.Manual' [/home/lysander/repos/bannou/bannou-service/bannou-service.csproj]
/home/lysander/repos/bannou/bannou-service/Generated/Events/DocumentationEventsModels.cs(390,5): warning CS1591: Missing XML comment for publicly visible type or member 'DocumentationSyncStartedEventTriggeredBy.Scheduled' [/home/lysander/repos/bannou/bannou-service/bannou-service.csproj]
/home/lysander/repos/bannou/bannou-service/Generated/Events/DocumentationEventsModels.cs(395,13): warning CS1591: Missing XML comment for publicly visible type or member 'DocumentationSyncCompletedEventStatus' [/home/lysander/repos/bannou/bannou-service/bannou-service.csproj]
/home/lysander/repos/bannou/bannou-service/Generated/Events/DocumentationEventsModels.cs(399,5): warning CS1591: Missing XML comment for publicly visible type or member 'DocumentationSyncCompletedEventStatus.Success' [/home/lysander/repos/bannou/bannou-service/bannou-service.csproj]
/home/lysander/repos/bannou/bannou-service/Generated/Events/DocumentationEventsModels.cs(402,5): warning CS1591: Missing XML comment for publicly visible type or member 'DocumentationSyncCompletedEventStatus.Partial' [/home/lysander/repos/bannou/bannou-service/bannou-service.csproj]
/home/lysander/repos/bannou/bannou-service/Generated/Events/DocumentationEventsModels.cs(405,5): warning CS1591: Missing XML comment for publicly visible type or member 'DocumentationSyncCompletedEventStatus.Failed' [/home/lysander/repos/bannou/bannou-service/bannou-service.csproj]
/home/lysander/repos/bannou/bannou-service/Generated/Events/DocumentationLifecycleEvents.cs(32,24): warning CS1591: Missing XML comment for publicly visible type or member 'DocumentCreatedEvent.DocumentId' [/home/lysander/repos/bannou/bannou-service/bannou-service.csproj]
/home/lysander/repos/bannou/bannou-service/Generated/Events/DocumentationLifecycleEvents.cs(37,19): warning CS1591: Missing XML comment for publicly visible type or member 'DocumentCreatedEvent.Namespace' [/home/lysander/repos/bannou/bannou-service/bannou-service.csproj]
/home/lysander/repos/bannou/bannou-service/Generated/Events/DocumentationLifecycleEvents.cs(42,19): warning CS1591: Missing XML comment for publicly visible type or member 'DocumentCreatedEvent.Slug' [/home/lysander/repos/bannou/bannou-service/bannou-service.csproj]
/home/lysander/repos/bannou/bannou-service/Generated/Events/DocumentationLifecycleEvents.cs(47,19): warning CS1591: Missing XML comment for publicly visible type or member 'DocumentCreatedEvent.Title' [/home/lysander/repos/bannou/bannou-service/bannou-service.csproj]
/home/lysander/repos/bannou/bannou-service/Generated/Events/DocumentationLifecycleEvents.cs(52,19): warning CS1591: Missing XML comment for publicly visible type or member 'DocumentCreatedEvent.Category' [/home/lysander/repos/bannou/bannou-service/bannou-service.csproj]
/home/lysander/repos/bannou/bannou-service/Generated/Events/DocumentationLifecycleEvents.cs(55,59): warning CS1591: Missing XML comment for publicly visible type or member 'DocumentCreatedEvent.Tags' [/home/lysander/repos/bannou/bannou-service/bannou-service.csproj]
/home/lysander/repos/bannou/bannou-service/Generated/Events/DocumentationLifecycleEvents.cs(60,34): warning CS1591: Missing XML comment for publicly visible type or member 'DocumentCreatedEvent.CreatedAt' [/home/lysander/repos/bannou/bannou-service/bannou-service.csproj]
/home/lysander/repos/bannou/bannou-service/Generated/Events/DocumentationLifecycleEvents.cs(65,34): warning CS1591: Missing XML comment for publicly visible type or member 'DocumentCreatedEvent.UpdatedAt' [/home/lysander/repos/bannou/bannou-service/bannou-service.csproj]
/home/lysander/repos/bannou/bannou-service/Generated/Events/DocumentationLifecycleEvents.cs(87,24): warning CS1591: Missing XML comment for publicly visible type or member 'DocumentUpdatedEvent.DocumentId' [/home/lysander/repos/bannou/bannou-service/bannou-service.csproj]
/home/lysander/repos/bannou/bannou-service/Generated/Events/DocumentationLifecycleEvents.cs(92,19): warning CS1591: Missing XML comment for publicly visible type or member 'DocumentUpdatedEvent.Namespace' [/home/lysander/repos/bannou/bannou-service/bannou-service.csproj]
/home/lysander/repos/bannou/bannou-service/Generated/Events/DocumentationLifecycleEvents.cs(97,19): warning CS1591: Missing XML comment for publicly visible type or member 'DocumentUpdatedEvent.Slug' [/home/lysander/repos/bannou/bannou-service/bannou-service.csproj]
/home/lysander/repos/bannou/bannou-service/Generated/Events/DocumentationLifecycleEvents.cs(102,19): warning CS1591: Missing XML comment for publicly visible type or member 'DocumentUpdatedEvent.Title' [/home/lysander/repos/bannou/bannou-service/bannou-service.csproj]
/home/lysander/repos/bannou/bannou-service/Generated/Events/DocumentationLifecycleEvents.cs(107,19): warning CS1591: Missing XML comment for publicly visible type or member 'DocumentUpdatedEvent.Category' [/home/lysander/repos/bannou/bannou-service/bannou-service.csproj]
/home/lysander/repos/bannou/bannou-service/Generated/Events/DocumentationLifecycleEvents.cs(110,59): warning CS1591: Missing XML comment for publicly visible type or member 'DocumentUpdatedEvent.Tags' [/home/lysander/repos/bannou/bannou-service/bannou-service.csproj]
/home/lysander/repos/bannou/bannou-service/Generated/Events/DocumentationLifecycleEvents.cs(115,34): warning CS1591: Missing XML comment for publicly visible type or member 'DocumentUpdatedEvent.CreatedAt' [/home/lysander/repos/bannou/bannou-service/bannou-service.csproj]
/home/lysander/repos/bannou/bannou-service/Generated/Events/DocumentationLifecycleEvents.cs(120,34): warning CS1591: Missing XML comment for publicly visible type or member 'DocumentUpdatedEvent.UpdatedAt' [/home/lysander/repos/bannou/bannou-service/bannou-service.csproj]
/home/lysander/repos/bannou/bannou-service/Generated/Events/DocumentationLifecycleEvents.cs(150,24): warning CS1591: Missing XML comment for publicly visible type or member 'DocumentDeletedEvent.DocumentId' [/home/lysander/repos/bannou/bannou-service/bannou-service.csproj]
/home/lysander/repos/bannou/bannou-service/Generated/Events/DocumentationLifecycleEvents.cs(155,19): warning CS1591: Missing XML comment for publicly visible type or member 'DocumentDeletedEvent.Namespace' [/home/lysander/repos/bannou/bannou-service/bannou-service.csproj]
/home/lysander/repos/bannou/bannou-service/Generated/Events/DocumentationLifecycleEvents.cs(160,19): warning CS1591: Missing XML comment for publicly visible type or member 'DocumentDeletedEvent.Slug' [/home/lysander/repos/bannou/bannou-service/bannou-service.csproj]
/home/lysander/repos/bannou/bannou-service/Generated/Events/DocumentationLifecycleEvents.cs(165,19): warning CS1591: Missing XML comment for publicly visible type or member 'DocumentDeletedEvent.Title' [/home/lysander/repos/bannou/bannou-service/bannou-service.csproj]
/home/lysander/repos/bannou/bannou-service/Generated/Events/DocumentationLifecycleEvents.cs(170,19): warning CS1591: Missing XML comment for publicly visible type or member 'DocumentDeletedEvent.Category' [/home/lysander/repos/bannou/bannou-service/bannou-service.csproj]
/home/lysander/repos/bannou/bannou-service/Generated/Events/DocumentationLifecycleEvents.cs(173,59): warning CS1591: Missing XML comment for publicly visible type or member 'DocumentDeletedEvent.Tags' [/home/lysander/repos/bannou/bannou-service/bannou-service.csproj]
/home/lysander/repos/bannou/bannou-service/Generated/Events/DocumentationLifecycleEvents.cs(178,34): warning CS1591: Missing XML comment for publicly visible type or member 'DocumentDeletedEvent.CreatedAt' [/home/lysander/repos/bannou/bannou-service/bannou-service.csproj]
/home/lysander/repos/bannou/bannou-service/Generated/Events/DocumentationLifecycleEvents.cs(183,34): warning CS1591: Missing XML comment for publicly visible type or member 'DocumentDeletedEvent.UpdatedAt' [/home/lysander/repos/bannou/bannou-service/bannou-service.csproj]
/home/lysander/repos/bannou/bannou-service/Generated/Events/GameSessionEventsModels.cs(56,68): warning CS1591: Missing XML comment for publicly visible type or member 'GameSessionPlayerJoinedEvent.AdditionalProperties' [/home/lysander/repos/bannou/bannou-service/bannou-service.csproj]
/home/lysander/repos/bannou/bannou-service/Generated/Events/GameSessionEventsModels.cs(118,68): warning CS1591: Missing XML comment for publicly visible type or member 'GameSessionPlayerLeftEvent.AdditionalProperties' [/home/lysander/repos/bannou/bannou-service/bannou-service.csproj]
/home/lysander/repos/bannou/bannou-service/Generated/Events/GameSessionLifecycleEvents.cs(32,24): warning CS1591: Missing XML comment for publicly visible type or member 'GameSessionCreatedEvent.SessionId' [/home/lysander/repos/bannou/bannou-service/bannou-service.csproj]
/home/lysander/repos/bannou/bannou-service/Generated/Events/GameSessionLifecycleEvents.cs(37,19): warning CS1591: Missing XML comment for publicly visible type or member 'GameSessionCreatedEvent.GameType' [/home/lysander/repos/bannou/bannou-service/bannou-service.csproj]
/home/lysander/repos/bannou/bannou-service/Generated/Events/GameSessionLifecycleEvents.cs(40,19): warning CS1591: Missing XML comment for publicly visible type or member 'GameSessionCreatedEvent.SessionName' [/home/lysander/repos/bannou/bannou-service/bannou-service.csproj]
/home/lysander/repos/bannou/bannou-service/Generated/Events/GameSessionLifecycleEvents.cs(45,19): warning CS1591: Missing XML comment for publicly visible type or member 'GameSessionCreatedEvent.Status' [/home/lysander/repos/bannou/bannou-service/bannou-service.csproj]
/home/lysander/repos/bannou/bannou-service/Generated/Events/GameSessionLifecycleEvents.cs(48,16): warning CS1591: Missing XML comment for publicly visible type or member 'GameSessionCreatedEvent.MaxPlayers' [/home/lysander/repos/bannou/bannou-service/bannou-service.csproj]
/home/lysander/repos/bannou/bannou-service/Generated/Events/GameSessionLifecycleEvents.cs(51,16): warning CS1591: Missing XML comment for publicly visible type or member 'GameSessionCreatedEvent.CurrentPlayers' [/home/lysander/repos/bannou/bannou-service/bannou-service.csproj]
/home/lysander/repos/bannou/bannou-service/Generated/Events/GameSessionLifecycleEvents.cs(54,17): warning CS1591: Missing XML comment for publicly visible type or member 'GameSessionCreatedEvent.IsPrivate' [/home/lysander/repos/bannou/bannou-service/bannou-service.csproj]
/home/lysander/repos/bannou/bannou-service/Generated/Events/GameSessionLifecycleEvents.cs(57,24): warning CS1591: Missing XML comment for publicly visible type or member 'GameSessionCreatedEvent.Owner' [/home/lysander/repos/bannou/bannou-service/bannou-service.csproj]
/home/lysander/repos/bannou/bannou-service/Generated/Events/GameSessionLifecycleEvents.cs(62,34): warning CS1591: Missing XML comment for publicly visible type or member 'GameSessionCreatedEvent.CreatedAt' [/home/lysander/repos/bannou/bannou-service/bannou-service.csproj]
/home/lysander/repos/bannou/bannou-service/Generated/Events/GameSessionLifecycleEvents.cs(84,24): warning CS1591: Missing XML comment for publicly visible type or member 'GameSessionUpdatedEvent.SessionId' [/home/lysander/repos/bannou/bannou-service/bannou-service.csproj]
/home/lysander/repos/bannou/bannou-service/Generated/Events/GameSessionLifecycleEvents.cs(89,19): warning CS1591: Missing XML comment for publicly visible type or member 'GameSessionUpdatedEvent.GameType' [/home/lysander/repos/bannou/bannou-service/bannou-service.csproj]
/home/lysander/repos/bannou/bannou-service/Generated/Events/GameSessionLifecycleEvents.cs(92,19): warning CS1591: Missing XML comment for publicly visible type or member 'GameSessionUpdatedEvent.SessionName' [/home/lysander/repos/bannou/bannou-service/bannou-service.csproj]
/home/lysander/repos/bannou/bannou-service/Generated/Events/GameSessionLifecycleEvents.cs(97,19): warning CS1591: Missing XML comment for publicly visible type or member 'GameSessionUpdatedEvent.Status' [/home/lysander/repos/bannou/bannou-service/bannou-service.csproj]
/home/lysander/repos/bannou/bannou-service/Generated/Events/GameSessionLifecycleEvents.cs(100,16): warning CS1591: Missing XML comment for publicly visible type or member 'GameSessionUpdatedEvent.MaxPlayers' [/home/lysander/repos/bannou/bannou-service/bannou-service.csproj]
/home/lysander/repos/bannou/bannou-service/Generated/Events/GameSessionLifecycleEvents.cs(103,16): warning CS1591: Missing XML comment for publicly visible type or member 'GameSessionUpdatedEvent.CurrentPlayers' [/home/lysander/repos/bannou/bannou-service/bannou-service.csproj]
/home/lysander/repos/bannou/bannou-service/Generated/Events/GameSessionLifecycleEvents.cs(106,17): warning CS1591: Missing XML comment for publicly visible type or member 'GameSessionUpdatedEvent.IsPrivate' [/home/lysander/repos/bannou/bannou-service/bannou-service.csproj]
/home/lysander/repos/bannou/bannou-service/Generated/Events/GameSessionLifecycleEvents.cs(109,24): warning CS1591: Missing XML comment for publicly visible type or member 'GameSessionUpdatedEvent.Owner' [/home/lysander/repos/bannou/bannou-service/bannou-service.csproj]
/home/lysander/repos/bannou/bannou-service/Generated/Events/GameSessionLifecycleEvents.cs(114,34): warning CS1591: Missing XML comment for publicly visible type or member 'GameSessionUpdatedEvent.CreatedAt' [/home/lysander/repos/bannou/bannou-service/bannou-service.csproj]
/home/lysander/repos/bannou/bannou-service/Generated/Events/GameSessionLifecycleEvents.cs(144,24): warning CS1591: Missing XML comment for publicly visible type or member 'GameSessionDeletedEvent.SessionId' [/home/lysander/repos/bannou/bannou-service/bannou-service.csproj]
/home/lysander/repos/bannou/bannou-service/Generated/Events/GameSessionLifecycleEvents.cs(149,19): warning CS1591: Missing XML comment for publicly visible type or member 'GameSessionDeletedEvent.GameType' [/home/lysander/repos/bannou/bannou-service/bannou-service.csproj]
/home/lysander/repos/bannou/bannou-service/Generated/Events/GameSessionLifecycleEvents.cs(152,19): warning CS1591: Missing XML comment for publicly visible type or member 'GameSessionDeletedEvent.SessionName' [/home/lysander/repos/bannou/bannou-service/bannou-service.csproj]
/home/lysander/repos/bannou/bannou-service/Generated/Events/GameSessionLifecycleEvents.cs(157,19): warning CS1591: Missing XML comment for publicly visible type or member 'GameSessionDeletedEvent.Status' [/home/lysander/repos/bannou/bannou-service/bannou-service.csproj]
/home/lysander/repos/bannou/bannou-service/Generated/Events/GameSessionLifecycleEvents.cs(160,16): warning CS1591: Missing XML comment for publicly visible type or member 'GameSessionDeletedEvent.MaxPlayers' [/home/lysander/repos/bannou/bannou-service/bannou-service.csproj]
/home/lysander/repos/bannou/bannou-service/Generated/Events/GameSessionLifecycleEvents.cs(163,16): warning CS1591: Missing XML comment for publicly visible type or member 'GameSessionDeletedEvent.CurrentPlayers' [/home/lysander/repos/bannou/bannou-service/bannou-service.csproj]
/home/lysander/repos/bannou/bannou-service/Generated/Events/GameSessionLifecycleEvents.cs(166,17): warning CS1591: Missing XML comment for publicly visible type or member 'GameSessionDeletedEvent.IsPrivate' [/home/lysander/repos/bannou/bannou-service/bannou-service.csproj]
/home/lysander/repos/bannou/bannou-service/Generated/Events/GameSessionLifecycleEvents.cs(169,24): warning CS1591: Missing XML comment for publicly visible type or member 'GameSessionDeletedEvent.Owner' [/home/lysander/repos/bannou/bannou-service/bannou-service.csproj]
/home/lysander/repos/bannou/bannou-service/Generated/Events/GameSessionLifecycleEvents.cs(174,34): warning CS1591: Missing XML comment for publicly visible type or member 'GameSessionDeletedEvent.CreatedAt' [/home/lysander/repos/bannou/bannou-service/bannou-service.csproj]
/home/lysander/repos/bannou/bannou-service/Generated/Events/LocationLifecycleEvents.cs(32,24): warning CS1591: Missing XML comment for publicly visible type or member 'LocationCreatedEvent.LocationId' [/home/lysander/repos/bannou/bannou-service/bannou-service.csproj]
/home/lysander/repos/bannou/bannou-service/Generated/Events/LocationLifecycleEvents.cs(37,24): warning CS1591: Missing XML comment for publicly visible type or member 'LocationCreatedEvent.RealmId' [/home/lysander/repos/bannou/bannou-service/bannou-service.csproj]
/home/lysander/repos/bannou/bannou-service/Generated/Events/LocationLifecycleEvents.cs(42,19): warning CS1591: Missing XML comment for publicly visible type or member 'LocationCreatedEvent.Code' [/home/lysander/repos/bannou/bannou-service/bannou-service.csproj]
/home/lysander/repos/bannou/bannou-service/Generated/Events/LocationLifecycleEvents.cs(47,19): warning CS1591: Missing XML comment for publicly visible type or member 'LocationCreatedEvent.Name' [/home/lysander/repos/bannou/bannou-service/bannou-service.csproj]
/home/lysander/repos/bannou/bannou-service/Generated/Events/LocationLifecycleEvents.cs(50,19): warning CS1591: Missing XML comment for publicly visible type or member 'LocationCreatedEvent.Description' [/home/lysander/repos/bannou/bannou-service/bannou-service.csproj]
/home/lysander/repos/bannou/bannou-service/Generated/Events/LocationLifecycleEvents.cs(55,19): warning CS1591: Missing XML comment for publicly visible type or member 'LocationCreatedEvent.LocationType' [/home/lysander/repos/bannou/bannou-service/bannou-service.csproj]
/home/lysander/repos/bannou/bannou-service/Generated/Events/LocationLifecycleEvents.cs(58,24): warning CS1591: Missing XML comment for publicly visible type or member 'LocationCreatedEvent.ParentLocationId' [/home/lysander/repos/bannou/bannou-service/bannou-service.csproj]
/home/lysander/repos/bannou/bannou-service/Generated/Events/LocationLifecycleEvents.cs(61,16): warning CS1591: Missing XML comment for publicly visible type or member 'LocationCreatedEvent.Depth' [/home/lysander/repos/bannou/bannou-service/bannou-service.csproj]
/home/lysander/repos/bannou/bannou-service/Generated/Events/LocationLifecycleEvents.cs(64,17): warning CS1591: Missing XML comment for publicly visible type or member 'LocationCreatedEvent.IsDeprecated' [/home/lysander/repos/bannou/bannou-service/bannou-service.csproj]
/home/lysander/repos/bannou/bannou-service/Generated/Events/LocationLifecycleEvents.cs(67,34): warning CS1591: Missing XML comment for publicly visible type or member 'LocationCreatedEvent.DeprecatedAt' [/home/lysander/repos/bannou/bannou-service/bannou-service.csproj]
/home/lysander/repos/bannou/bannou-service/Generated/Events/LocationLifecycleEvents.cs(70,19): warning CS1591: Missing XML comment for publicly visible type or member 'LocationCreatedEvent.DeprecationReason' [/home/lysander/repos/bannou/bannou-service/bannou-service.csproj]
/home/lysander/repos/bannou/bannou-service/Generated/Events/LocationLifecycleEvents.cs(73,19): warning CS1591: Missing XML comment for publicly visible type or member 'LocationCreatedEvent.Metadata' [/home/lysander/repos/bannou/bannou-service/bannou-service.csproj]
/home/lysander/repos/bannou/bannou-service/Generated/Events/LocationLifecycleEvents.cs(78,34): warning CS1591: Missing XML comment for publicly visible type or member 'LocationCreatedEvent.CreatedAt' [/home/lysander/repos/bannou/bannou-service/bannou-service.csproj]
/home/lysander/repos/bannou/bannou-service/Generated/Events/LocationLifecycleEvents.cs(83,34): warning CS1591: Missing XML comment for publicly visible type or member 'LocationCreatedEvent.UpdatedAt' [/home/lysander/repos/bannou/bannou-service/bannou-service.csproj]
/home/lysander/repos/bannou/bannou-service/Generated/Events/LocationLifecycleEvents.cs(105,24): warning CS1591: Missing XML comment for publicly visible type or member 'LocationUpdatedEvent.LocationId' [/home/lysander/repos/bannou/bannou-service/bannou-service.csproj]
/home/lysander/repos/bannou/bannou-service/Generated/Events/LocationLifecycleEvents.cs(110,24): warning CS1591: Missing XML comment for publicly visible type or member 'LocationUpdatedEvent.RealmId' [/home/lysander/repos/bannou/bannou-service/bannou-service.csproj]
/home/lysander/repos/bannou/bannou-service/Generated/Events/LocationLifecycleEvents.cs(115,19): warning CS1591: Missing XML comment for publicly visible type or member 'LocationUpdatedEvent.Code' [/home/lysander/repos/bannou/bannou-service/bannou-service.csproj]
/home/lysander/repos/bannou/bannou-service/Generated/Events/LocationLifecycleEvents.cs(120,19): warning CS1591: Missing XML comment for publicly visible type or member 'LocationUpdatedEvent.Name' [/home/lysander/repos/bannou/bannou-service/bannou-service.csproj]
/home/lysander/repos/bannou/bannou-service/Generated/Events/LocationLifecycleEvents.cs(123,19): warning CS1591: Missing XML comment for publicly visible type or member 'LocationUpdatedEvent.Description' [/home/lysander/repos/bannou/bannou-service/bannou-service.csproj]
/home/lysander/repos/bannou/bannou-service/Generated/Events/LocationLifecycleEvents.cs(128,19): warning CS1591: Missing XML comment for publicly visible type or member 'LocationUpdatedEvent.LocationType' [/home/lysander/repos/bannou/bannou-service/bannou-service.csproj]
/home/lysander/repos/bannou/bannou-service/Generated/Events/LocationLifecycleEvents.cs(131,24): warning CS1591: Missing XML comment for publicly visible type or member 'LocationUpdatedEvent.ParentLocationId' [/home/lysander/repos/bannou/bannou-service/bannou-service.csproj]
/home/lysander/repos/bannou/bannou-service/Generated/Events/LocationLifecycleEvents.cs(134,16): warning CS1591: Missing XML comment for publicly visible type or member 'LocationUpdatedEvent.Depth' [/home/lysander/repos/bannou/bannou-service/bannou-service.csproj]
/home/lysander/repos/bannou/bannou-service/Generated/Events/LocationLifecycleEvents.cs(137,17): warning CS1591: Missing XML comment for publicly visible type or member 'LocationUpdatedEvent.IsDeprecated' [/home/lysander/repos/bannou/bannou-service/bannou-service.csproj]
/home/lysander/repos/bannou/bannou-service/Generated/Events/LocationLifecycleEvents.cs(140,34): warning CS1591: Missing XML comment for publicly visible type or member 'LocationUpdatedEvent.DeprecatedAt' [/home/lysander/repos/bannou/bannou-service/bannou-service.csproj]
/home/lysander/repos/bannou/bannou-service/Generated/Events/LocationLifecycleEvents.cs(143,19): warning CS1591: Missing XML comment for publicly visible type or member 'LocationUpdatedEvent.DeprecationReason' [/home/lysander/repos/bannou/bannou-service/bannou-service.csproj]
/home/lysander/repos/bannou/bannou-service/Generated/Events/LocationLifecycleEvents.cs(146,19): warning CS1591: Missing XML comment for publicly visible type or member 'LocationUpdatedEvent.Metadata' [/home/lysander/repos/bannou/bannou-service/bannou-service.csproj]
/home/lysander/repos/bannou/bannou-service/Generated/Events/LocationLifecycleEvents.cs(151,34): warning CS1591: Missing XML comment for publicly visible type or member 'LocationUpdatedEvent.CreatedAt' [/home/lysander/repos/bannou/bannou-service/bannou-service.csproj]
/home/lysander/repos/bannou/bannou-service/Generated/Events/LocationLifecycleEvents.cs(156,34): warning CS1591: Missing XML comment for publicly visible type or member 'LocationUpdatedEvent.UpdatedAt' [/home/lysander/repos/bannou/bannou-service/bannou-service.csproj]
/home/lysander/repos/bannou/bannou-service/Generated/Events/LocationLifecycleEvents.cs(186,24): warning CS1591: Missing XML comment for publicly visible type or member 'LocationDeletedEvent.LocationId' [/home/lysander/repos/bannou/bannou-service/bannou-service.csproj]
/home/lysander/repos/bannou/bannou-service/Generated/Events/LocationLifecycleEvents.cs(191,24): warning CS1591: Missing XML comment for publicly visible type or member 'LocationDeletedEvent.RealmId' [/home/lysander/repos/bannou/bannou-service/bannou-service.csproj]
/home/lysander/repos/bannou/bannou-service/Generated/Events/LocationLifecycleEvents.cs(196,19): warning CS1591: Missing XML comment for publicly visible type or member 'LocationDeletedEvent.Code' [/home/lysander/repos/bannou/bannou-service/bannou-service.csproj]
/home/lysander/repos/bannou/bannou-service/Generated/Events/LocationLifecycleEvents.cs(201,19): warning CS1591: Missing XML comment for publicly visible type or member 'LocationDeletedEvent.Name' [/home/lysander/repos/bannou/bannou-service/bannou-service.csproj]
/home/lysander/repos/bannou/bannou-service/Generated/Events/LocationLifecycleEvents.cs(204,19): warning CS1591: Missing XML comment for publicly visible type or member 'LocationDeletedEvent.Description' [/home/lysander/repos/bannou/bannou-service/bannou-service.csproj]
/home/lysander/repos/bannou/bannou-service/Generated/Events/LocationLifecycleEvents.cs(209,19): warning CS1591: Missing XML comment for publicly visible type or member 'LocationDeletedEvent.LocationType' [/home/lysander/repos/bannou/bannou-service/bannou-service.csproj]
/home/lysander/repos/bannou/bannou-service/Generated/Events/LocationLifecycleEvents.cs(212,24): warning CS1591: Missing XML comment for publicly visible type or member 'LocationDeletedEvent.ParentLocationId' [/home/lysander/repos/bannou/bannou-service/bannou-service.csproj]
/home/lysander/repos/bannou/bannou-service/Generated/Events/LocationLifecycleEvents.cs(215,16): warning CS1591: Missing XML comment for publicly visible type or member 'LocationDeletedEvent.Depth' [/home/lysander/repos/bannou/bannou-service/bannou-service.csproj]
/home/lysander/repos/bannou/bannou-service/Generated/Events/LocationLifecycleEvents.cs(218,17): warning CS1591: Missing XML comment for publicly visible type or member 'LocationDeletedEvent.IsDeprecated' [/home/lysander/repos/bannou/bannou-service/bannou-service.csproj]
/home/lysander/repos/bannou/bannou-service/Generated/Events/LocationLifecycleEvents.cs(221,34): warning CS1591: Missing XML comment for publicly visible type or member 'LocationDeletedEvent.DeprecatedAt' [/home/lysander/repos/bannou/bannou-service/bannou-service.csproj]
/home/lysander/repos/bannou/bannou-service/Generated/Events/LocationLifecycleEvents.cs(224,19): warning CS1591: Missing XML comment for publicly visible type or member 'LocationDeletedEvent.DeprecationReason' [/home/lysander/repos/bannou/bannou-service/bannou-service.csproj]
/home/lysander/repos/bannou/bannou-service/Generated/Events/LocationLifecycleEvents.cs(227,19): warning CS1591: Missing XML comment for publicly visible type or member 'LocationDeletedEvent.Metadata' [/home/lysander/repos/bannou/bannou-service/bannou-service.csproj]
/home/lysander/repos/bannou/bannou-service/Generated/Events/LocationLifecycleEvents.cs(232,34): warning CS1591: Missing XML comment for publicly visible type or member 'LocationDeletedEvent.CreatedAt' [/home/lysander/repos/bannou/bannou-service/bannou-service.csproj]
/home/lysander/repos/bannou/bannou-service/Generated/Events/LocationLifecycleEvents.cs(237,34): warning CS1591: Missing XML comment for publicly visible type or member 'LocationDeletedEvent.UpdatedAt' [/home/lysander/repos/bannou/bannou-service/bannou-service.csproj]
/home/lysander/repos/bannou/bannou-service/Generated/Events/MeshEventsModels.cs(98,13): warning CS1591: Missing XML comment for publicly visible type or member 'MeshEndpointDeregisteredEventReason' [/home/lysander/repos/bannou/bannou-service/bannou-service.csproj]
/home/lysander/repos/bannou/bannou-service/Generated/Events/MeshEventsModels.cs(102,5): warning CS1591: Missing XML comment for publicly visible type or member 'MeshEndpointDeregisteredEventReason.Graceful' [/home/lysander/repos/bannou/bannou-service/bannou-service.csproj]
/home/lysander/repos/bannou/bannou-service/Generated/Events/MeshEventsModels.cs(105,5): warning CS1591: Missing XML comment for publicly visible type or member 'MeshEndpointDeregisteredEventReason.TtlExpired' [/home/lysander/repos/bannou/bannou-service/bannou-service.csproj]
/home/lysander/repos/bannou/bannou-service/Generated/Events/MeshEventsModels.cs(108,5): warning CS1591: Missing XML comment for publicly visible type or member 'MeshEndpointDeregisteredEventReason.HealthCheckFailed' [/home/lysander/repos/bannou/bannou-service/bannou-service.csproj]
/home/lysander/repos/bannou/bannou-service/Generated/Events/MeshEventsModels.cs(111,5): warning CS1591: Missing XML comment for publicly visible type or member 'MeshEndpointDeregisteredEventReason.CircuitBreakerTripped' [/home/lysander/repos/bannou/bannou-service/bannou-service.csproj]
/home/lysander/repos/bannou/bannou-service/Generated/Events/OrchestratorEventsModels.cs(35,13): warning CS1591: Missing XML comment for publicly visible type or member 'OrchestratorHealthPingEventStatus' [/home/lysander/repos/bannou/bannou-service/bannou-service.csproj]
/home/lysander/repos/bannou/bannou-service/Generated/Events/OrchestratorEventsModels.cs(39,5): warning CS1591: Missing XML comment for publicly visible type or member 'OrchestratorHealthPingEventStatus.Ok' [/home/lysander/repos/bannou/bannou-service/bannou-service.csproj]
/home/lysander/repos/bannou/bannou-service/Generated/Events/OrchestratorEventsModels.cs(42,5): warning CS1591: Missing XML comment for publicly visible type or member 'OrchestratorHealthPingEventStatus.Degraded' [/home/lysander/repos/bannou/bannou-service/bannou-service.csproj]
/home/lysander/repos/bannou/bannou-service/Generated/Events/OrchestratorEventsModels.cs(45,5): warning CS1591: Missing XML comment for publicly visible type or member 'OrchestratorHealthPingEventStatus.Checking' [/home/lysander/repos/bannou/bannou-service/bannou-service.csproj]
/home/lysander/repos/bannou/bannou-service/Generated/Events/PermissionsEventsModels.cs(93,68): warning CS1591: Missing XML comment for publicly visible type or member 'PermissionCapabilityUpdate.AdditionalProperties' [/home/lysander/repos/bannou/bannou-service/bannou-service.csproj]
/home/lysander/repos/bannou/bannou-service/Generated/Events/PermissionsEventsModels.cs(149,13): warning CS1591: Missing XML comment for publicly visible type or member 'PermissionCapabilityUpdateUpdateType' [/home/lysander/repos/bannou/bannou-service/bannou-service.csproj]
/home/lysander/repos/bannou/bannou-service/Generated/Events/PermissionsEventsModels.cs(153,5): warning CS1591: Missing XML comment for publicly visible type or member 'PermissionCapabilityUpdateUpdateType.Full' [/home/lysander/repos/bannou/bannou-service/bannou-service.csproj]
/home/lysander/repos/bannou/bannou-service/Generated/Events/PermissionsEventsModels.cs(156,5): warning CS1591: Missing XML comment for publicly visible type or member 'PermissionCapabilityUpdateUpdateType.Delta' [/home/lysander/repos/bannou/bannou-service/bannou-service.csproj]
/home/lysander/repos/bannou/bannou-service/Generated/Events/PermissionsEventsModels.cs(161,13): warning CS1591: Missing XML comment for publicly visible type or member 'PermissionCapabilityUpdateReason' [/home/lysander/repos/bannou/bannou-service/bannou-service.csproj]
/home/lysander/repos/bannou/bannou-service/Generated/Events/PermissionsEventsModels.cs(165,5): warning CS1591: Missing XML comment for publicly visible type or member 'PermissionCapabilityUpdateReason.Session_created' [/home/lysander/repos/bannou/bannou-service/bannou-service.csproj]
/home/lysander/repos/bannou/bannou-service/Generated/Events/PermissionsEventsModels.cs(168,5): warning CS1591: Missing XML comment for publicly visible type or member 'PermissionCapabilityUpdateReason.Session_state_changed' [/home/lysander/repos/bannou/bannou-service/bannou-service.csproj]
/home/lysander/repos/bannou/bannou-service/Generated/Events/PermissionsEventsModels.cs(171,5): warning CS1591: Missing XML comment for publicly visible type or member 'PermissionCapabilityUpdateReason.Role_changed' [/home/lysander/repos/bannou/bannou-service/bannou-service.csproj]
/home/lysander/repos/bannou/bannou-service/Generated/Events/PermissionsEventsModels.cs(174,5): warning CS1591: Missing XML comment for publicly visible type or member 'PermissionCapabilityUpdateReason.Service_registered' [/home/lysander/repos/bannou/bannou-service/bannou-service.csproj]
/home/lysander/repos/bannou/bannou-service/Generated/Events/PermissionsEventsModels.cs(177,5): warning CS1591: Missing XML comment for publicly visible type or member 'PermissionCapabilityUpdateReason.Manual_refresh' [/home/lysander/repos/bannou/bannou-service/bannou-service.csproj]
/home/lysander/repos/bannou/bannou-service/Generated/Events/RealmLifecycleEvents.cs(32,24): warning CS1591: Missing XML comment for publicly visible type or member 'RealmCreatedEvent.RealmId' [/home/lysander/repos/bannou/bannou-service/bannou-service.csproj]
/home/lysander/repos/bannou/bannou-service/Generated/Events/RealmLifecycleEvents.cs(37,19): warning CS1591: Missing XML comment for publicly visible type or member 'RealmCreatedEvent.Code' [/home/lysander/repos/bannou/bannou-service/bannou-service.csproj]
/home/lysander/repos/bannou/bannou-service/Generated/Events/RealmLifecycleEvents.cs(42,19): warning CS1591: Missing XML comment for publicly visible type or member 'RealmCreatedEvent.Name' [/home/lysander/repos/bannou/bannou-service/bannou-service.csproj]
/home/lysander/repos/bannou/bannou-service/Generated/Events/RealmLifecycleEvents.cs(45,19): warning CS1591: Missing XML comment for publicly visible type or member 'RealmCreatedEvent.Description' [/home/lysander/repos/bannou/bannou-service/bannou-service.csproj]
/home/lysander/repos/bannou/bannou-service/Generated/Events/RealmLifecycleEvents.cs(48,19): warning CS1591: Missing XML comment for publicly visible type or member 'RealmCreatedEvent.Category' [/home/lysander/repos/bannou/bannou-service/bannou-service.csproj]
/home/lysander/repos/bannou/bannou-service/Generated/Events/RealmLifecycleEvents.cs(51,17): warning CS1591: Missing XML comment for publicly visible type or member 'RealmCreatedEvent.IsActive' [/home/lysander/repos/bannou/bannou-service/bannou-service.csproj]
/home/lysander/repos/bannou/bannou-service/Generated/Events/RealmLifecycleEvents.cs(54,17): warning CS1591: Missing XML comment for publicly visible type or member 'RealmCreatedEvent.IsDeprecated' [/home/lysander/repos/bannou/bannou-service/bannou-service.csproj]
/home/lysander/repos/bannou/bannou-service/Generated/Events/RealmLifecycleEvents.cs(57,34): warning CS1591: Missing XML comment for publicly visible type or member 'RealmCreatedEvent.DeprecatedAt' [/home/lysander/repos/bannou/bannou-service/bannou-service.csproj]
/home/lysander/repos/bannou/bannou-service/Generated/Events/RealmLifecycleEvents.cs(60,19): warning CS1591: Missing XML comment for publicly visible type or member 'RealmCreatedEvent.DeprecationReason' [/home/lysander/repos/bannou/bannou-service/bannou-service.csproj]
/home/lysander/repos/bannou/bannou-service/Generated/Events/RealmLifecycleEvents.cs(63,19): warning CS1591: Missing XML comment for publicly visible type or member 'RealmCreatedEvent.Metadata' [/home/lysander/repos/bannou/bannou-service/bannou-service.csproj]
/home/lysander/repos/bannou/bannou-service/Generated/Events/RealmLifecycleEvents.cs(68,34): warning CS1591: Missing XML comment for publicly visible type or member 'RealmCreatedEvent.CreatedAt' [/home/lysander/repos/bannou/bannou-service/bannou-service.csproj]
/home/lysander/repos/bannou/bannou-service/Generated/Events/RealmLifecycleEvents.cs(73,34): warning CS1591: Missing XML comment for publicly visible type or member 'RealmCreatedEvent.UpdatedAt' [/home/lysander/repos/bannou/bannou-service/bannou-service.csproj]
/home/lysander/repos/bannou/bannou-service/Generated/Events/RealmLifecycleEvents.cs(95,24): warning CS1591: Missing XML comment for publicly visible type or member 'RealmUpdatedEvent.RealmId' [/home/lysander/repos/bannou/bannou-service/bannou-service.csproj]
/home/lysander/repos/bannou/bannou-service/Generated/Events/RealmLifecycleEvents.cs(100,19): warning CS1591: Missing XML comment for publicly visible type or member 'RealmUpdatedEvent.Code' [/home/lysander/repos/bannou/bannou-service/bannou-service.csproj]
/home/lysander/repos/bannou/bannou-service/Generated/Events/RealmLifecycleEvents.cs(105,19): warning CS1591: Missing XML comment for publicly visible type or member 'RealmUpdatedEvent.Name' [/home/lysander/repos/bannou/bannou-service/bannou-service.csproj]
/home/lysander/repos/bannou/bannou-service/Generated/Events/RealmLifecycleEvents.cs(108,19): warning CS1591: Missing XML comment for publicly visible type or member 'RealmUpdatedEvent.Description' [/home/lysander/repos/bannou/bannou-service/bannou-service.csproj]
/home/lysander/repos/bannou/bannou-service/Generated/Events/RealmLifecycleEvents.cs(111,19): warning CS1591: Missing XML comment for publicly visible type or member 'RealmUpdatedEvent.Category' [/home/lysander/repos/bannou/bannou-service/bannou-service.csproj]
/home/lysander/repos/bannou/bannou-service/Generated/Events/RealmLifecycleEvents.cs(114,17): warning CS1591: Missing XML comment for publicly visible type or member 'RealmUpdatedEvent.IsActive' [/home/lysander/repos/bannou/bannou-service/bannou-service.csproj]
/home/lysander/repos/bannou/bannou-service/Generated/Events/RealmLifecycleEvents.cs(117,17): warning CS1591: Missing XML comment for publicly visible type or member 'RealmUpdatedEvent.IsDeprecated' [/home/lysander/repos/bannou/bannou-service/bannou-service.csproj]
/home/lysander/repos/bannou/bannou-service/Generated/Events/RealmLifecycleEvents.cs(120,34): warning CS1591: Missing XML comment for publicly visible type or member 'RealmUpdatedEvent.DeprecatedAt' [/home/lysander/repos/bannou/bannou-service/bannou-service.csproj]
/home/lysander/repos/bannou/bannou-service/Generated/Events/RealmLifecycleEvents.cs(123,19): warning CS1591: Missing XML comment for publicly visible type or member 'RealmUpdatedEvent.DeprecationReason' [/home/lysander/repos/bannou/bannou-service/bannou-service.csproj]
/home/lysander/repos/bannou/bannou-service/Generated/Events/RealmLifecycleEvents.cs(126,19): warning CS1591: Missing XML comment for publicly visible type or member 'RealmUpdatedEvent.Metadata' [/home/lysander/repos/bannou/bannou-service/bannou-service.csproj]
/home/lysander/repos/bannou/bannou-service/Generated/Events/RealmLifecycleEvents.cs(131,34): warning CS1591: Missing XML comment for publicly visible type or member 'RealmUpdatedEvent.CreatedAt' [/home/lysander/repos/bannou/bannou-service/bannou-service.csproj]
/home/lysander/repos/bannou/bannou-service/Generated/Events/RealmLifecycleEvents.cs(136,34): warning CS1591: Missing XML comment for publicly visible type or member 'RealmUpdatedEvent.UpdatedAt' [/home/lysander/repos/bannou/bannou-service/bannou-service.csproj]
/home/lysander/repos/bannou/bannou-service/Generated/Events/RealmLifecycleEvents.cs(166,24): warning CS1591: Missing XML comment for publicly visible type or member 'RealmDeletedEvent.RealmId' [/home/lysander/repos/bannou/bannou-service/bannou-service.csproj]
/home/lysander/repos/bannou/bannou-service/Generated/Events/RealmLifecycleEvents.cs(171,19): warning CS1591: Missing XML comment for publicly visible type or member 'RealmDeletedEvent.Code' [/home/lysander/repos/bannou/bannou-service/bannou-service.csproj]
/home/lysander/repos/bannou/bannou-service/Generated/Events/RealmLifecycleEvents.cs(176,19): warning CS1591: Missing XML comment for publicly visible type or member 'RealmDeletedEvent.Name' [/home/lysander/repos/bannou/bannou-service/bannou-service.csproj]
/home/lysander/repos/bannou/bannou-service/Generated/Events/RealmLifecycleEvents.cs(179,19): warning CS1591: Missing XML comment for publicly visible type or member 'RealmDeletedEvent.Description' [/home/lysander/repos/bannou/bannou-service/bannou-service.csproj]
/home/lysander/repos/bannou/bannou-service/Generated/Events/RealmLifecycleEvents.cs(182,19): warning CS1591: Missing XML comment for publicly visible type or member 'RealmDeletedEvent.Category' [/home/lysander/repos/bannou/bannou-service/bannou-service.csproj]
/home/lysander/repos/bannou/bannou-service/Generated/Events/RealmLifecycleEvents.cs(185,17): warning CS1591: Missing XML comment for publicly visible type or member 'RealmDeletedEvent.IsActive' [/home/lysander/repos/bannou/bannou-service/bannou-service.csproj]
/home/lysander/repos/bannou/bannou-service/Generated/Events/RealmLifecycleEvents.cs(188,17): warning CS1591: Missing XML comment for publicly visible type or member 'RealmDeletedEvent.IsDeprecated' [/home/lysander/repos/bannou/bannou-service/bannou-service.csproj]
/home/lysander/repos/bannou/bannou-service/Generated/Events/RealmLifecycleEvents.cs(191,34): warning CS1591: Missing XML comment for publicly visible type or member 'RealmDeletedEvent.DeprecatedAt' [/home/lysander/repos/bannou/bannou-service/bannou-service.csproj]
/home/lysander/repos/bannou/bannou-service/Generated/Events/RealmLifecycleEvents.cs(194,19): warning CS1591: Missing XML comment for publicly visible type or member 'RealmDeletedEvent.DeprecationReason' [/home/lysander/repos/bannou/bannou-service/bannou-service.csproj]
/home/lysander/repos/bannou/bannou-service/Generated/Events/RealmLifecycleEvents.cs(197,19): warning CS1591: Missing XML comment for publicly visible type or member 'RealmDeletedEvent.Metadata' [/home/lysander/repos/bannou/bannou-service/bannou-service.csproj]
/home/lysander/repos/bannou/bannou-service/Generated/Events/RealmLifecycleEvents.cs(202,34): warning CS1591: Missing XML comment for publicly visible type or member 'RealmDeletedEvent.CreatedAt' [/home/lysander/repos/bannou/bannou-service/bannou-service.csproj]
/home/lysander/repos/bannou/bannou-service/Generated/Events/RealmLifecycleEvents.cs(207,34): warning CS1591: Missing XML comment for publicly visible type or member 'RealmDeletedEvent.UpdatedAt' [/home/lysander/repos/bannou/bannou-service/bannou-service.csproj]
/home/lysander/repos/bannou/bannou-service/Generated/Events/RelationshipLifecycleEvents.cs(32,24): warning CS1591: Missing XML comment for publicly visible type or member 'RelationshipCreatedEvent.RelationshipId' [/home/lysander/repos/bannou/bannou-service/bannou-service.csproj]
/home/lysander/repos/bannou/bannou-service/Generated/Events/RelationshipLifecycleEvents.cs(37,24): warning CS1591: Missing XML comment for publicly visible type or member 'RelationshipCreatedEvent.Entity1Id' [/home/lysander/repos/bannou/bannou-service/bannou-service.csproj]
/home/lysander/repos/bannou/bannou-service/Generated/Events/RelationshipLifecycleEvents.cs(42,19): warning CS1591: Missing XML comment for publicly visible type or member 'RelationshipCreatedEvent.Entity1Type' [/home/lysander/repos/bannou/bannou-service/bannou-service.csproj]
/home/lysander/repos/bannou/bannou-service/Generated/Events/RelationshipLifecycleEvents.cs(47,24): warning CS1591: Missing XML comment for publicly visible type or member 'RelationshipCreatedEvent.Entity2Id' [/home/lysander/repos/bannou/bannou-service/bannou-service.csproj]
/home/lysander/repos/bannou/bannou-service/Generated/Events/RelationshipLifecycleEvents.cs(52,19): warning CS1591: Missing XML comment for publicly visible type or member 'RelationshipCreatedEvent.Entity2Type' [/home/lysander/repos/bannou/bannou-service/bannou-service.csproj]
/home/lysander/repos/bannou/bannou-service/Generated/Events/RelationshipLifecycleEvents.cs(57,24): warning CS1591: Missing XML comment for publicly visible type or member 'RelationshipCreatedEvent.RelationshipTypeId' [/home/lysander/repos/bannou/bannou-service/bannou-service.csproj]
/home/lysander/repos/bannou/bannou-service/Generated/Events/RelationshipLifecycleEvents.cs(62,34): warning CS1591: Missing XML comment for publicly visible type or member 'RelationshipCreatedEvent.StartedAt' [/home/lysander/repos/bannou/bannou-service/bannou-service.csproj]
/home/lysander/repos/bannou/bannou-service/Generated/Events/RelationshipLifecycleEvents.cs(65,34): warning CS1591: Missing XML comment for publicly visible type or member 'RelationshipCreatedEvent.EndedAt' [/home/lysander/repos/bannou/bannou-service/bannou-service.csproj]
/home/lysander/repos/bannou/bannou-service/Generated/Events/RelationshipLifecycleEvents.cs(68,19): warning CS1591: Missing XML comment for publicly visible type or member 'RelationshipCreatedEvent.Metadata' [/home/lysander/repos/bannou/bannou-service/bannou-service.csproj]
/home/lysander/repos/bannou/bannou-service/Generated/Events/RelationshipLifecycleEvents.cs(73,34): warning CS1591: Missing XML comment for publicly visible type or member 'RelationshipCreatedEvent.CreatedAt' [/home/lysander/repos/bannou/bannou-service/bannou-service.csproj]
/home/lysander/repos/bannou/bannou-service/Generated/Events/RelationshipLifecycleEvents.cs(76,34): warning CS1591: Missing XML comment for publicly visible type or member 'RelationshipCreatedEvent.UpdatedAt' [/home/lysander/repos/bannou/bannou-service/bannou-service.csproj]
/home/lysander/repos/bannou/bannou-service/Generated/Events/RelationshipLifecycleEvents.cs(98,24): warning CS1591: Missing XML comment for publicly visible type or member 'RelationshipUpdatedEvent.RelationshipId' [/home/lysander/repos/bannou/bannou-service/bannou-service.csproj]
/home/lysander/repos/bannou/bannou-service/Generated/Events/RelationshipLifecycleEvents.cs(103,24): warning CS1591: Missing XML comment for publicly visible type or member 'RelationshipUpdatedEvent.Entity1Id' [/home/lysander/repos/bannou/bannou-service/bannou-service.csproj]
/home/lysander/repos/bannou/bannou-service/Generated/Events/RelationshipLifecycleEvents.cs(108,19): warning CS1591: Missing XML comment for publicly visible type or member 'RelationshipUpdatedEvent.Entity1Type' [/home/lysander/repos/bannou/bannou-service/bannou-service.csproj]
/home/lysander/repos/bannou/bannou-service/Generated/Events/RelationshipLifecycleEvents.cs(113,24): warning CS1591: Missing XML comment for publicly visible type or member 'RelationshipUpdatedEvent.Entity2Id' [/home/lysander/repos/bannou/bannou-service/bannou-service.csproj]
/home/lysander/repos/bannou/bannou-service/Generated/Events/RelationshipLifecycleEvents.cs(118,19): warning CS1591: Missing XML comment for publicly visible type or member 'RelationshipUpdatedEvent.Entity2Type' [/home/lysander/repos/bannou/bannou-service/bannou-service.csproj]
/home/lysander/repos/bannou/bannou-service/Generated/Events/RelationshipLifecycleEvents.cs(123,24): warning CS1591: Missing XML comment for publicly visible type or member 'RelationshipUpdatedEvent.RelationshipTypeId' [/home/lysander/repos/bannou/bannou-service/bannou-service.csproj]
/home/lysander/repos/bannou/bannou-service/Generated/Events/RelationshipLifecycleEvents.cs(128,34): warning CS1591: Missing XML comment for publicly visible type or member 'RelationshipUpdatedEvent.StartedAt' [/home/lysander/repos/bannou/bannou-service/bannou-service.csproj]
/home/lysander/repos/bannou/bannou-service/Generated/Events/RelationshipLifecycleEvents.cs(131,34): warning CS1591: Missing XML comment for publicly visible type or member 'RelationshipUpdatedEvent.EndedAt' [/home/lysander/repos/bannou/bannou-service/bannou-service.csproj]
/home/lysander/repos/bannou/bannou-service/Generated/Events/RelationshipLifecycleEvents.cs(134,19): warning CS1591: Missing XML comment for publicly visible type or member 'RelationshipUpdatedEvent.Metadata' [/home/lysander/repos/bannou/bannou-service/bannou-service.csproj]
/home/lysander/repos/bannou/bannou-service/Generated/Events/RelationshipLifecycleEvents.cs(139,34): warning CS1591: Missing XML comment for publicly visible type or member 'RelationshipUpdatedEvent.CreatedAt' [/home/lysander/repos/bannou/bannou-service/bannou-service.csproj]
/home/lysander/repos/bannou/bannou-service/Generated/Events/RelationshipLifecycleEvents.cs(142,34): warning CS1591: Missing XML comment for publicly visible type or member 'RelationshipUpdatedEvent.UpdatedAt' [/home/lysander/repos/bannou/bannou-service/bannou-service.csproj]
/home/lysander/repos/bannou/bannou-service/Generated/Events/RelationshipLifecycleEvents.cs(172,24): warning CS1591: Missing XML comment for publicly visible type or member 'RelationshipDeletedEvent.RelationshipId' [/home/lysander/repos/bannou/bannou-service/bannou-service.csproj]
/home/lysander/repos/bannou/bannou-service/Generated/Events/RelationshipLifecycleEvents.cs(177,24): warning CS1591: Missing XML comment for publicly visible type or member 'RelationshipDeletedEvent.Entity1Id' [/home/lysander/repos/bannou/bannou-service/bannou-service.csproj]
/home/lysander/repos/bannou/bannou-service/Generated/Events/RelationshipLifecycleEvents.cs(182,19): warning CS1591: Missing XML comment for publicly visible type or member 'RelationshipDeletedEvent.Entity1Type' [/home/lysander/repos/bannou/bannou-service/bannou-service.csproj]
/home/lysander/repos/bannou/bannou-service/Generated/Events/RelationshipLifecycleEvents.cs(187,24): warning CS1591: Missing XML comment for publicly visible type or member 'RelationshipDeletedEvent.Entity2Id' [/home/lysander/repos/bannou/bannou-service/bannou-service.csproj]
/home/lysander/repos/bannou/bannou-service/Generated/Events/RelationshipLifecycleEvents.cs(192,19): warning CS1591: Missing XML comment for publicly visible type or member 'RelationshipDeletedEvent.Entity2Type' [/home/lysander/repos/bannou/bannou-service/bannou-service.csproj]
/home/lysander/repos/bannou/bannou-service/Generated/Events/RelationshipLifecycleEvents.cs(197,24): warning CS1591: Missing XML comment for publicly visible type or member 'RelationshipDeletedEvent.RelationshipTypeId' [/home/lysander/repos/bannou/bannou-service/bannou-service.csproj]
/home/lysander/repos/bannou/bannou-service/Generated/Events/RelationshipLifecycleEvents.cs(202,34): warning CS1591: Missing XML comment for publicly visible type or member 'RelationshipDeletedEvent.StartedAt' [/home/lysander/repos/bannou/bannou-service/bannou-service.csproj]
/home/lysander/repos/bannou/bannou-service/Generated/Events/RelationshipLifecycleEvents.cs(205,34): warning CS1591: Missing XML comment for publicly visible type or member 'RelationshipDeletedEvent.EndedAt' [/home/lysander/repos/bannou/bannou-service/bannou-service.csproj]
/home/lysander/repos/bannou/bannou-service/Generated/Events/RelationshipLifecycleEvents.cs(208,19): warning CS1591: Missing XML comment for publicly visible type or member 'RelationshipDeletedEvent.Metadata' [/home/lysander/repos/bannou/bannou-service/bannou-service.csproj]
/home/lysander/repos/bannou/bannou-service/Generated/Events/RelationshipLifecycleEvents.cs(213,34): warning CS1591: Missing XML comment for publicly visible type or member 'RelationshipDeletedEvent.CreatedAt' [/home/lysander/repos/bannou/bannou-service/bannou-service.csproj]
/home/lysander/repos/bannou/bannou-service/Generated/Events/RelationshipLifecycleEvents.cs(216,34): warning CS1591: Missing XML comment for publicly visible type or member 'RelationshipDeletedEvent.UpdatedAt' [/home/lysander/repos/bannou/bannou-service/bannou-service.csproj]
/home/lysander/repos/bannou/bannou-service/Generated/Events/RelationshipTypeLifecycleEvents.cs(32,24): warning CS1591: Missing XML comment for publicly visible type or member 'RelationshipTypeCreatedEvent.RelationshipTypeId' [/home/lysander/repos/bannou/bannou-service/bannou-service.csproj]
/home/lysander/repos/bannou/bannou-service/Generated/Events/RelationshipTypeLifecycleEvents.cs(37,19): warning CS1591: Missing XML comment for publicly visible type or member 'RelationshipTypeCreatedEvent.Code' [/home/lysander/repos/bannou/bannou-service/bannou-service.csproj]
/home/lysander/repos/bannou/bannou-service/Generated/Events/RelationshipTypeLifecycleEvents.cs(42,19): warning CS1591: Missing XML comment for publicly visible type or member 'RelationshipTypeCreatedEvent.Name' [/home/lysander/repos/bannou/bannou-service/bannou-service.csproj]
/home/lysander/repos/bannou/bannou-service/Generated/Events/RelationshipTypeLifecycleEvents.cs(45,19): warning CS1591: Missing XML comment for publicly visible type or member 'RelationshipTypeCreatedEvent.Description' [/home/lysander/repos/bannou/bannou-service/bannou-service.csproj]
/home/lysander/repos/bannou/bannou-service/Generated/Events/RelationshipTypeLifecycleEvents.cs(48,19): warning CS1591: Missing XML comment for publicly visible type or member 'RelationshipTypeCreatedEvent.Category' [/home/lysander/repos/bannou/bannou-service/bannou-service.csproj]
/home/lysander/repos/bannou/bannou-service/Generated/Events/RelationshipTypeLifecycleEvents.cs(51,24): warning CS1591: Missing XML comment for publicly visible type or member 'RelationshipTypeCreatedEvent.ParentTypeId' [/home/lysander/repos/bannou/bannou-service/bannou-service.csproj]
/home/lysander/repos/bannou/bannou-service/Generated/Events/RelationshipTypeLifecycleEvents.cs(54,19): warning CS1591: Missing XML comment for publicly visible type or member 'RelationshipTypeCreatedEvent.ParentTypeCode' [/home/lysander/repos/bannou/bannou-service/bannou-service.csproj]
/home/lysander/repos/bannou/bannou-service/Generated/Events/RelationshipTypeLifecycleEvents.cs(57,24): warning CS1591: Missing XML comment for publicly visible type or member 'RelationshipTypeCreatedEvent.InverseTypeId' [/home/lysander/repos/bannou/bannou-service/bannou-service.csproj]
/home/lysander/repos/bannou/bannou-service/Generated/Events/RelationshipTypeLifecycleEvents.cs(60,19): warning CS1591: Missing XML comment for publicly visible type or member 'RelationshipTypeCreatedEvent.InverseTypeCode' [/home/lysander/repos/bannou/bannou-service/bannou-service.csproj]
/home/lysander/repos/bannou/bannou-service/Generated/Events/RelationshipTypeLifecycleEvents.cs(63,17): warning CS1591: Missing XML comment for publicly visible type or member 'RelationshipTypeCreatedEvent.IsBidirectional' [/home/lysander/repos/bannou/bannou-service/bannou-service.csproj]
/home/lysander/repos/bannou/bannou-service/Generated/Events/RelationshipTypeLifecycleEvents.cs(66,17): warning CS1591: Missing XML comment for publicly visible type or member 'RelationshipTypeCreatedEvent.IsDeprecated' [/home/lysander/repos/bannou/bannou-service/bannou-service.csproj]
/home/lysander/repos/bannou/bannou-service/Generated/Events/RelationshipTypeLifecycleEvents.cs(69,34): warning CS1591: Missing XML comment for publicly visible type or member 'RelationshipTypeCreatedEvent.DeprecatedAt' [/home/lysander/repos/bannou/bannou-service/bannou-service.csproj]
/home/lysander/repos/bannou/bannou-service/Generated/Events/RelationshipTypeLifecycleEvents.cs(72,19): warning CS1591: Missing XML comment for publicly visible type or member 'RelationshipTypeCreatedEvent.DeprecationReason' [/home/lysander/repos/bannou/bannou-service/bannou-service.csproj]
/home/lysander/repos/bannou/bannou-service/Generated/Events/RelationshipTypeLifecycleEvents.cs(75,16): warning CS1591: Missing XML comment for publicly visible type or member 'RelationshipTypeCreatedEvent.Depth' [/home/lysander/repos/bannou/bannou-service/bannou-service.csproj]
/home/lysander/repos/bannou/bannou-service/Generated/Events/RelationshipTypeLifecycleEvents.cs(78,19): warning CS1591: Missing XML comment for publicly visible type or member 'RelationshipTypeCreatedEvent.Metadata' [/home/lysander/repos/bannou/bannou-service/bannou-service.csproj]
/home/lysander/repos/bannou/bannou-service/Generated/Events/RelationshipTypeLifecycleEvents.cs(83,34): warning CS1591: Missing XML comment for publicly visible type or member 'RelationshipTypeCreatedEvent.CreatedAt' [/home/lysander/repos/bannou/bannou-service/bannou-service.csproj]
/home/lysander/repos/bannou/bannou-service/Generated/Events/RelationshipTypeLifecycleEvents.cs(88,34): warning CS1591: Missing XML comment for publicly visible type or member 'RelationshipTypeCreatedEvent.UpdatedAt' [/home/lysander/repos/bannou/bannou-service/bannou-service.csproj]
/home/lysander/repos/bannou/bannou-service/Generated/Events/RelationshipTypeLifecycleEvents.cs(110,24): warning CS1591: Missing XML comment for publicly visible type or member 'RelationshipTypeUpdatedEvent.RelationshipTypeId' [/home/lysander/repos/bannou/bannou-service/bannou-service.csproj]
/home/lysander/repos/bannou/bannou-service/Generated/Events/RelationshipTypeLifecycleEvents.cs(115,19): warning CS1591: Missing XML comment for publicly visible type or member 'RelationshipTypeUpdatedEvent.Code' [/home/lysander/repos/bannou/bannou-service/bannou-service.csproj]
/home/lysander/repos/bannou/bannou-service/Generated/Events/RelationshipTypeLifecycleEvents.cs(120,19): warning CS1591: Missing XML comment for publicly visible type or member 'RelationshipTypeUpdatedEvent.Name' [/home/lysander/repos/bannou/bannou-service/bannou-service.csproj]
/home/lysander/repos/bannou/bannou-service/Generated/Events/RelationshipTypeLifecycleEvents.cs(123,19): warning CS1591: Missing XML comment for publicly visible type or member 'RelationshipTypeUpdatedEvent.Description' [/home/lysander/repos/bannou/bannou-service/bannou-service.csproj]
/home/lysander/repos/bannou/bannou-service/Generated/Events/RelationshipTypeLifecycleEvents.cs(126,19): warning CS1591: Missing XML comment for publicly visible type or member 'RelationshipTypeUpdatedEvent.Category' [/home/lysander/repos/bannou/bannou-service/bannou-service.csproj]
/home/lysander/repos/bannou/bannou-service/Generated/Events/RelationshipTypeLifecycleEvents.cs(129,24): warning CS1591: Missing XML comment for publicly visible type or member 'RelationshipTypeUpdatedEvent.ParentTypeId' [/home/lysander/repos/bannou/bannou-service/bannou-service.csproj]
/home/lysander/repos/bannou/bannou-service/Generated/Events/RelationshipTypeLifecycleEvents.cs(132,19): warning CS1591: Missing XML comment for publicly visible type or member 'RelationshipTypeUpdatedEvent.ParentTypeCode' [/home/lysander/repos/bannou/bannou-service/bannou-service.csproj]
/home/lysander/repos/bannou/bannou-service/Generated/Events/RelationshipTypeLifecycleEvents.cs(135,24): warning CS1591: Missing XML comment for publicly visible type or member 'RelationshipTypeUpdatedEvent.InverseTypeId' [/home/lysander/repos/bannou/bannou-service/bannou-service.csproj]
/home/lysander/repos/bannou/bannou-service/Generated/Events/RelationshipTypeLifecycleEvents.cs(138,19): warning CS1591: Missing XML comment for publicly visible type or member 'RelationshipTypeUpdatedEvent.InverseTypeCode' [/home/lysander/repos/bannou/bannou-service/bannou-service.csproj]
/home/lysander/repos/bannou/bannou-service/Generated/Events/RelationshipTypeLifecycleEvents.cs(141,17): warning CS1591: Missing XML comment for publicly visible type or member 'RelationshipTypeUpdatedEvent.IsBidirectional' [/home/lysander/repos/bannou/bannou-service/bannou-service.csproj]
/home/lysander/repos/bannou/bannou-service/Generated/Events/RelationshipTypeLifecycleEvents.cs(144,17): warning CS1591: Missing XML comment for publicly visible type or member 'RelationshipTypeUpdatedEvent.IsDeprecated' [/home/lysander/repos/bannou/bannou-service/bannou-service.csproj]
/home/lysander/repos/bannou/bannou-service/Generated/Events/RelationshipTypeLifecycleEvents.cs(147,34): warning CS1591: Missing XML comment for publicly visible type or member 'RelationshipTypeUpdatedEvent.DeprecatedAt' [/home/lysander/repos/bannou/bannou-service/bannou-service.csproj]
/home/lysander/repos/bannou/bannou-service/Generated/Events/RelationshipTypeLifecycleEvents.cs(150,19): warning CS1591: Missing XML comment for publicly visible type or member 'RelationshipTypeUpdatedEvent.DeprecationReason' [/home/lysander/repos/bannou/bannou-service/bannou-service.csproj]
/home/lysander/repos/bannou/bannou-service/Generated/Events/RelationshipTypeLifecycleEvents.cs(153,16): warning CS1591: Missing XML comment for publicly visible type or member 'RelationshipTypeUpdatedEvent.Depth' [/home/lysander/repos/bannou/bannou-service/bannou-service.csproj]
/home/lysander/repos/bannou/bannou-service/Generated/Events/RelationshipTypeLifecycleEvents.cs(156,19): warning CS1591: Missing XML comment for publicly visible type or member 'RelationshipTypeUpdatedEvent.Metadata' [/home/lysander/repos/bannou/bannou-service/bannou-service.csproj]
/home/lysander/repos/bannou/bannou-service/Generated/Events/RelationshipTypeLifecycleEvents.cs(161,34): warning CS1591: Missing XML comment for publicly visible type or member 'RelationshipTypeUpdatedEvent.CreatedAt' [/home/lysander/repos/bannou/bannou-service/bannou-service.csproj]
/home/lysander/repos/bannou/bannou-service/Generated/Events/RelationshipTypeLifecycleEvents.cs(166,34): warning CS1591: Missing XML comment for publicly visible type or member 'RelationshipTypeUpdatedEvent.UpdatedAt' [/home/lysander/repos/bannou/bannou-service/bannou-service.csproj]
/home/lysander/repos/bannou/bannou-service/Generated/Events/RelationshipTypeLifecycleEvents.cs(196,24): warning CS1591: Missing XML comment for publicly visible type or member 'RelationshipTypeDeletedEvent.RelationshipTypeId' [/home/lysander/repos/bannou/bannou-service/bannou-service.csproj]
/home/lysander/repos/bannou/bannou-service/Generated/Events/RelationshipTypeLifecycleEvents.cs(201,19): warning CS1591: Missing XML comment for publicly visible type or member 'RelationshipTypeDeletedEvent.Code' [/home/lysander/repos/bannou/bannou-service/bannou-service.csproj]
/home/lysander/repos/bannou/bannou-service/Generated/Events/RelationshipTypeLifecycleEvents.cs(206,19): warning CS1591: Missing XML comment for publicly visible type or member 'RelationshipTypeDeletedEvent.Name' [/home/lysander/repos/bannou/bannou-service/bannou-service.csproj]
/home/lysander/repos/bannou/bannou-service/Generated/Events/RelationshipTypeLifecycleEvents.cs(209,19): warning CS1591: Missing XML comment for publicly visible type or member 'RelationshipTypeDeletedEvent.Description' [/home/lysander/repos/bannou/bannou-service/bannou-service.csproj]
/home/lysander/repos/bannou/bannou-service/Generated/Events/RelationshipTypeLifecycleEvents.cs(212,19): warning CS1591: Missing XML comment for publicly visible type or member 'RelationshipTypeDeletedEvent.Category' [/home/lysander/repos/bannou/bannou-service/bannou-service.csproj]
/home/lysander/repos/bannou/bannou-service/Generated/Events/RelationshipTypeLifecycleEvents.cs(215,24): warning CS1591: Missing XML comment for publicly visible type or member 'RelationshipTypeDeletedEvent.ParentTypeId' [/home/lysander/repos/bannou/bannou-service/bannou-service.csproj]
/home/lysander/repos/bannou/bannou-service/Generated/Events/RelationshipTypeLifecycleEvents.cs(218,19): warning CS1591: Missing XML comment for publicly visible type or member 'RelationshipTypeDeletedEvent.ParentTypeCode' [/home/lysander/repos/bannou/bannou-service/bannou-service.csproj]
/home/lysander/repos/bannou/bannou-service/Generated/Events/RelationshipTypeLifecycleEvents.cs(221,24): warning CS1591: Missing XML comment for publicly visible type or member 'RelationshipTypeDeletedEvent.InverseTypeId' [/home/lysander/repos/bannou/bannou-service/bannou-service.csproj]
/home/lysander/repos/bannou/bannou-service/Generated/Events/RelationshipTypeLifecycleEvents.cs(224,19): warning CS1591: Missing XML comment for publicly visible type or member 'RelationshipTypeDeletedEvent.InverseTypeCode' [/home/lysander/repos/bannou/bannou-service/bannou-service.csproj]
/home/lysander/repos/bannou/bannou-service/Generated/Events/RelationshipTypeLifecycleEvents.cs(227,17): warning CS1591: Missing XML comment for publicly visible type or member 'RelationshipTypeDeletedEvent.IsBidirectional' [/home/lysander/repos/bannou/bannou-service/bannou-service.csproj]
/home/lysander/repos/bannou/bannou-service/Generated/Events/RelationshipTypeLifecycleEvents.cs(230,17): warning CS1591: Missing XML comment for publicly visible type or member 'RelationshipTypeDeletedEvent.IsDeprecated' [/home/lysander/repos/bannou/bannou-service/bannou-service.csproj]
/home/lysander/repos/bannou/bannou-service/Generated/Events/RelationshipTypeLifecycleEvents.cs(233,34): warning CS1591: Missing XML comment for publicly visible type or member 'RelationshipTypeDeletedEvent.DeprecatedAt' [/home/lysander/repos/bannou/bannou-service/bannou-service.csproj]
/home/lysander/repos/bannou/bannou-service/Generated/Events/RelationshipTypeLifecycleEvents.cs(236,19): warning CS1591: Missing XML comment for publicly visible type or member 'RelationshipTypeDeletedEvent.DeprecationReason' [/home/lysander/repos/bannou/bannou-service/bannou-service.csproj]
/home/lysander/repos/bannou/bannou-service/Generated/Events/RelationshipTypeLifecycleEvents.cs(239,16): warning CS1591: Missing XML comment for publicly visible type or member 'RelationshipTypeDeletedEvent.Depth' [/home/lysander/repos/bannou/bannou-service/bannou-service.csproj]
/home/lysander/repos/bannou/bannou-service/Generated/Events/RelationshipTypeLifecycleEvents.cs(242,19): warning CS1591: Missing XML comment for publicly visible type or member 'RelationshipTypeDeletedEvent.Metadata' [/home/lysander/repos/bannou/bannou-service/bannou-service.csproj]
/home/lysander/repos/bannou/bannou-service/Generated/Events/RelationshipTypeLifecycleEvents.cs(247,34): warning CS1591: Missing XML comment for publicly visible type or member 'RelationshipTypeDeletedEvent.CreatedAt' [/home/lysander/repos/bannou/bannou-service/bannou-service.csproj]
/home/lysander/repos/bannou/bannou-service/Generated/Events/RelationshipTypeLifecycleEvents.cs(252,34): warning CS1591: Missing XML comment for publicly visible type or member 'RelationshipTypeDeletedEvent.UpdatedAt' [/home/lysander/repos/bannou/bannou-service/bannou-service.csproj]
/home/lysander/repos/bannou/bannou-service/Generated/Events/SpeciesLifecycleEvents.cs(32,24): warning CS1591: Missing XML comment for publicly visible type or member 'SpeciesCreatedEvent.SpeciesId' [/home/lysander/repos/bannou/bannou-service/bannou-service.csproj]
/home/lysander/repos/bannou/bannou-service/Generated/Events/SpeciesLifecycleEvents.cs(37,19): warning CS1591: Missing XML comment for publicly visible type or member 'SpeciesCreatedEvent.Code' [/home/lysander/repos/bannou/bannou-service/bannou-service.csproj]
/home/lysander/repos/bannou/bannou-service/Generated/Events/SpeciesLifecycleEvents.cs(42,19): warning CS1591: Missing XML comment for publicly visible type or member 'SpeciesCreatedEvent.Name' [/home/lysander/repos/bannou/bannou-service/bannou-service.csproj]
/home/lysander/repos/bannou/bannou-service/Generated/Events/SpeciesLifecycleEvents.cs(45,19): warning CS1591: Missing XML comment for publicly visible type or member 'SpeciesCreatedEvent.Description' [/home/lysander/repos/bannou/bannou-service/bannou-service.csproj]
/home/lysander/repos/bannou/bannou-service/Generated/Events/SpeciesLifecycleEvents.cs(48,19): warning CS1591: Missing XML comment for publicly visible type or member 'SpeciesCreatedEvent.Category' [/home/lysander/repos/bannou/bannou-service/bannou-service.csproj]
/home/lysander/repos/bannou/bannou-service/Generated/Events/SpeciesLifecycleEvents.cs(51,17): warning CS1591: Missing XML comment for publicly visible type or member 'SpeciesCreatedEvent.IsPlayable' [/home/lysander/repos/bannou/bannou-service/bannou-service.csproj]
/home/lysander/repos/bannou/bannou-service/Generated/Events/SpeciesLifecycleEvents.cs(54,17): warning CS1591: Missing XML comment for publicly visible type or member 'SpeciesCreatedEvent.IsDeprecated' [/home/lysander/repos/bannou/bannou-service/bannou-service.csproj]
/home/lysander/repos/bannou/bannou-service/Generated/Events/SpeciesLifecycleEvents.cs(57,34): warning CS1591: Missing XML comment for publicly visible type or member 'SpeciesCreatedEvent.DeprecatedAt' [/home/lysander/repos/bannou/bannou-service/bannou-service.csproj]
/home/lysander/repos/bannou/bannou-service/Generated/Events/SpeciesLifecycleEvents.cs(60,19): warning CS1591: Missing XML comment for publicly visible type or member 'SpeciesCreatedEvent.DeprecationReason' [/home/lysander/repos/bannou/bannou-service/bannou-service.csproj]
/home/lysander/repos/bannou/bannou-service/Generated/Events/SpeciesLifecycleEvents.cs(63,16): warning CS1591: Missing XML comment for publicly visible type or member 'SpeciesCreatedEvent.BaseLifespan' [/home/lysander/repos/bannou/bannou-service/bannou-service.csproj]
/home/lysander/repos/bannou/bannou-service/Generated/Events/SpeciesLifecycleEvents.cs(66,16): warning CS1591: Missing XML comment for publicly visible type or member 'SpeciesCreatedEvent.MaturityAge' [/home/lysander/repos/bannou/bannou-service/bannou-service.csproj]
/home/lysander/repos/bannou/bannou-service/Generated/Events/SpeciesLifecycleEvents.cs(69,19): warning CS1591: Missing XML comment for publicly visible type or member 'SpeciesCreatedEvent.TraitModifiers' [/home/lysander/repos/bannou/bannou-service/bannou-service.csproj]
/home/lysander/repos/bannou/bannou-service/Generated/Events/SpeciesLifecycleEvents.cs(72,64): warning CS1591: Missing XML comment for publicly visible type or member 'SpeciesCreatedEvent.RealmIds' [/home/lysander/repos/bannou/bannou-service/bannou-service.csproj]
/home/lysander/repos/bannou/bannou-service/Generated/Events/SpeciesLifecycleEvents.cs(75,19): warning CS1591: Missing XML comment for publicly visible type or member 'SpeciesCreatedEvent.Metadata' [/home/lysander/repos/bannou/bannou-service/bannou-service.csproj]
/home/lysander/repos/bannou/bannou-service/Generated/Events/SpeciesLifecycleEvents.cs(80,34): warning CS1591: Missing XML comment for publicly visible type or member 'SpeciesCreatedEvent.CreatedAt' [/home/lysander/repos/bannou/bannou-service/bannou-service.csproj]
/home/lysander/repos/bannou/bannou-service/Generated/Events/SpeciesLifecycleEvents.cs(85,34): warning CS1591: Missing XML comment for publicly visible type or member 'SpeciesCreatedEvent.UpdatedAt' [/home/lysander/repos/bannou/bannou-service/bannou-service.csproj]
/home/lysander/repos/bannou/bannou-service/Generated/Events/SpeciesLifecycleEvents.cs(107,24): warning CS1591: Missing XML comment for publicly visible type or member 'SpeciesUpdatedEvent.SpeciesId' [/home/lysander/repos/bannou/bannou-service/bannou-service.csproj]
/home/lysander/repos/bannou/bannou-service/Generated/Events/SpeciesLifecycleEvents.cs(112,19): warning CS1591: Missing XML comment for publicly visible type or member 'SpeciesUpdatedEvent.Code' [/home/lysander/repos/bannou/bannou-service/bannou-service.csproj]
/home/lysander/repos/bannou/bannou-service/Generated/Events/SpeciesLifecycleEvents.cs(117,19): warning CS1591: Missing XML comment for publicly visible type or member 'SpeciesUpdatedEvent.Name' [/home/lysander/repos/bannou/bannou-service/bannou-service.csproj]
/home/lysander/repos/bannou/bannou-service/Generated/Events/SpeciesLifecycleEvents.cs(120,19): warning CS1591: Missing XML comment for publicly visible type or member 'SpeciesUpdatedEvent.Description' [/home/lysander/repos/bannou/bannou-service/bannou-service.csproj]
/home/lysander/repos/bannou/bannou-service/Generated/Events/SpeciesLifecycleEvents.cs(123,19): warning CS1591: Missing XML comment for publicly visible type or member 'SpeciesUpdatedEvent.Category' [/home/lysander/repos/bannou/bannou-service/bannou-service.csproj]
/home/lysander/repos/bannou/bannou-service/Generated/Events/SpeciesLifecycleEvents.cs(126,17): warning CS1591: Missing XML comment for publicly visible type or member 'SpeciesUpdatedEvent.IsPlayable' [/home/lysander/repos/bannou/bannou-service/bannou-service.csproj]
/home/lysander/repos/bannou/bannou-service/Generated/Events/SpeciesLifecycleEvents.cs(129,17): warning CS1591: Missing XML comment for publicly visible type or member 'SpeciesUpdatedEvent.IsDeprecated' [/home/lysander/repos/bannou/bannou-service/bannou-service.csproj]
/home/lysander/repos/bannou/bannou-service/Generated/Events/SpeciesLifecycleEvents.cs(132,34): warning CS1591: Missing XML comment for publicly visible type or member 'SpeciesUpdatedEvent.DeprecatedAt' [/home/lysander/repos/bannou/bannou-service/bannou-service.csproj]
/home/lysander/repos/bannou/bannou-service/Generated/Events/SpeciesLifecycleEvents.cs(135,19): warning CS1591: Missing XML comment for publicly visible type or member 'SpeciesUpdatedEvent.DeprecationReason' [/home/lysander/repos/bannou/bannou-service/bannou-service.csproj]
/home/lysander/repos/bannou/bannou-service/Generated/Events/SpeciesLifecycleEvents.cs(138,16): warning CS1591: Missing XML comment for publicly visible type or member 'SpeciesUpdatedEvent.BaseLifespan' [/home/lysander/repos/bannou/bannou-service/bannou-service.csproj]
/home/lysander/repos/bannou/bannou-service/Generated/Events/SpeciesLifecycleEvents.cs(141,16): warning CS1591: Missing XML comment for publicly visible type or member 'SpeciesUpdatedEvent.MaturityAge' [/home/lysander/repos/bannou/bannou-service/bannou-service.csproj]
/home/lysander/repos/bannou/bannou-service/Generated/Events/SpeciesLifecycleEvents.cs(144,19): warning CS1591: Missing XML comment for publicly visible type or member 'SpeciesUpdatedEvent.TraitModifiers' [/home/lysander/repos/bannou/bannou-service/bannou-service.csproj]
/home/lysander/repos/bannou/bannou-service/Generated/Events/SpeciesLifecycleEvents.cs(147,64): warning CS1591: Missing XML comment for publicly visible type or member 'SpeciesUpdatedEvent.RealmIds' [/home/lysander/repos/bannou/bannou-service/bannou-service.csproj]
/home/lysander/repos/bannou/bannou-service/Generated/Events/SpeciesLifecycleEvents.cs(150,19): warning CS1591: Missing XML comment for publicly visible type or member 'SpeciesUpdatedEvent.Metadata' [/home/lysander/repos/bannou/bannou-service/bannou-service.csproj]
/home/lysander/repos/bannou/bannou-service/Generated/Events/SpeciesLifecycleEvents.cs(155,34): warning CS1591: Missing XML comment for publicly visible type or member 'SpeciesUpdatedEvent.CreatedAt' [/home/lysander/repos/bannou/bannou-service/bannou-service.csproj]
/home/lysander/repos/bannou/bannou-service/Generated/Events/SpeciesLifecycleEvents.cs(160,34): warning CS1591: Missing XML comment for publicly visible type or member 'SpeciesUpdatedEvent.UpdatedAt' [/home/lysander/repos/bannou/bannou-service/bannou-service.csproj]
/home/lysander/repos/bannou/bannou-service/Generated/Events/SpeciesLifecycleEvents.cs(190,24): warning CS1591: Missing XML comment for publicly visible type or member 'SpeciesDeletedEvent.SpeciesId' [/home/lysander/repos/bannou/bannou-service/bannou-service.csproj]
/home/lysander/repos/bannou/bannou-service/Generated/Events/SpeciesLifecycleEvents.cs(195,19): warning CS1591: Missing XML comment for publicly visible type or member 'SpeciesDeletedEvent.Code' [/home/lysander/repos/bannou/bannou-service/bannou-service.csproj]
/home/lysander/repos/bannou/bannou-service/Generated/Events/SpeciesLifecycleEvents.cs(200,19): warning CS1591: Missing XML comment for publicly visible type or member 'SpeciesDeletedEvent.Name' [/home/lysander/repos/bannou/bannou-service/bannou-service.csproj]
/home/lysander/repos/bannou/bannou-service/Generated/Events/SpeciesLifecycleEvents.cs(203,19): warning CS1591: Missing XML comment for publicly visible type or member 'SpeciesDeletedEvent.Description' [/home/lysander/repos/bannou/bannou-service/bannou-service.csproj]
/home/lysander/repos/bannou/bannou-service/Generated/Events/SpeciesLifecycleEvents.cs(206,19): warning CS1591: Missing XML comment for publicly visible type or member 'SpeciesDeletedEvent.Category' [/home/lysander/repos/bannou/bannou-service/bannou-service.csproj]
/home/lysander/repos/bannou/bannou-service/Generated/Events/SpeciesLifecycleEvents.cs(209,17): warning CS1591: Missing XML comment for publicly visible type or member 'SpeciesDeletedEvent.IsPlayable' [/home/lysander/repos/bannou/bannou-service/bannou-service.csproj]
/home/lysander/repos/bannou/bannou-service/Generated/Events/SpeciesLifecycleEvents.cs(212,17): warning CS1591: Missing XML comment for publicly visible type or member 'SpeciesDeletedEvent.IsDeprecated' [/home/lysander/repos/bannou/bannou-service/bannou-service.csproj]
/home/lysander/repos/bannou/bannou-service/Generated/Events/SpeciesLifecycleEvents.cs(215,34): warning CS1591: Missing XML comment for publicly visible type or member 'SpeciesDeletedEvent.DeprecatedAt' [/home/lysander/repos/bannou/bannou-service/bannou-service.csproj]
/home/lysander/repos/bannou/bannou-service/Generated/Events/SpeciesLifecycleEvents.cs(218,19): warning CS1591: Missing XML comment for publicly visible type or member 'SpeciesDeletedEvent.DeprecationReason' [/home/lysander/repos/bannou/bannou-service/bannou-service.csproj]
/home/lysander/repos/bannou/bannou-service/Generated/Events/SpeciesLifecycleEvents.cs(221,16): warning CS1591: Missing XML comment for publicly visible type or member 'SpeciesDeletedEvent.BaseLifespan' [/home/lysander/repos/bannou/bannou-service/bannou-service.csproj]
/home/lysander/repos/bannou/bannou-service/Generated/Events/SpeciesLifecycleEvents.cs(224,16): warning CS1591: Missing XML comment for publicly visible type or member 'SpeciesDeletedEvent.MaturityAge' [/home/lysander/repos/bannou/bannou-service/bannou-service.csproj]
/home/lysander/repos/bannou/bannou-service/Generated/Events/SpeciesLifecycleEvents.cs(227,19): warning CS1591: Missing XML comment for publicly visible type or member 'SpeciesDeletedEvent.TraitModifiers' [/home/lysander/repos/bannou/bannou-service/bannou-service.csproj]
/home/lysander/repos/bannou/bannou-service/Generated/Events/SpeciesLifecycleEvents.cs(230,64): warning CS1591: Missing XML comment for publicly visible type or member 'SpeciesDeletedEvent.RealmIds' [/home/lysander/repos/bannou/bannou-service/bannou-service.csproj]
/home/lysander/repos/bannou/bannou-service/Generated/Events/SpeciesLifecycleEvents.cs(233,19): warning CS1591: Missing XML comment for publicly visible type or member 'SpeciesDeletedEvent.Metadata' [/home/lysander/repos/bannou/bannou-service/bannou-service.csproj]
/home/lysander/repos/bannou/bannou-service/Generated/Events/SpeciesLifecycleEvents.cs(238,34): warning CS1591: Missing XML comment for publicly visible type or member 'SpeciesDeletedEvent.CreatedAt' [/home/lysander/repos/bannou/bannou-service/bannou-service.csproj]
/home/lysander/repos/bannou/bannou-service/Generated/Events/SpeciesLifecycleEvents.cs(243,34): warning CS1591: Missing XML comment for publicly visible type or member 'SpeciesDeletedEvent.UpdatedAt' [/home/lysander/repos/bannou/bannou-service/bannou-service.csproj]
/home/lysander/repos/bannou/bannou-service/Generated/Events/SubscriptionsEventsModels.cs(97,13): warning CS1591: Missing XML comment for publicly visible type or member 'SubscriptionUpdatedEventAction' [/home/lysander/repos/bannou/bannou-service/bannou-service.csproj]
/home/lysander/repos/bannou/bannou-service/Generated/Events/SubscriptionsEventsModels.cs(101,5): warning CS1591: Missing XML comment for publicly visible type or member 'SubscriptionUpdatedEventAction.Created' [/home/lysander/repos/bannou/bannou-service/bannou-service.csproj]
/home/lysander/repos/bannou/bannou-service/Generated/Events/SubscriptionsEventsModels.cs(104,5): warning CS1591: Missing XML comment for publicly visible type or member 'SubscriptionUpdatedEventAction.Updated' [/home/lysander/repos/bannou/bannou-service/bannou-service.csproj]
/home/lysander/repos/bannou/bannou-service/Generated/Events/SubscriptionsEventsModels.cs(107,5): warning CS1591: Missing XML comment for publicly visible type or member 'SubscriptionUpdatedEventAction.Cancelled' [/home/lysander/repos/bannou/bannou-service/bannou-service.csproj]
/home/lysander/repos/bannou/bannou-service/Generated/Events/SubscriptionsEventsModels.cs(110,5): warning CS1591: Missing XML comment for publicly visible type or member 'SubscriptionUpdatedEventAction.Expired' [/home/lysander/repos/bannou/bannou-service/bannou-service.csproj]
/home/lysander/repos/bannou/bannou-service/Generated/Events/SubscriptionsEventsModels.cs(113,5): warning CS1591: Missing XML comment for publicly visible type or member 'SubscriptionUpdatedEventAction.Renewed' [/home/lysander/repos/bannou/bannou-service/bannou-service.csproj]
/home/lysander/repos/bannou/bannou-service/Generated/Clients/AccountsClient.cs(19,26): warning CS1591: Missing XML comment for publicly visible type or member 'IAccountsClient' [/home/lysander/repos/bannou/bannou-service/bannou-service.csproj]
/home/lysander/repos/bannou/bannou-service/Generated/Clients/AccountsClient.cs(28,92): warning CS1573: Parameter 'body' has no matching param tag in the XML comment for 'IAccountsClient.ListAccountsAsync(ListAccountsRequest, CancellationToken)' (but other parameters do) [/home/lysander/repos/bannou/bannou-service/bannou-service.csproj]
/home/lysander/repos/bannou/bannou-service/Generated/Clients/AccountsClient.cs(36,90): warning CS1573: Parameter 'body' has no matching param tag in the XML comment for 'IAccountsClient.CreateAccountAsync(CreateAccountRequest, CancellationToken)' (but other parameters do) [/home/lysander/repos/bannou/bannou-service/bannou-service.csproj]
/home/lysander/repos/bannou/bannou-service/Generated/Clients/AccountsClient.cs(44,84): warning CS1573: Parameter 'body' has no matching param tag in the XML comment for 'IAccountsClient.GetAccountAsync(GetAccountRequest, CancellationToken)' (but other parameters do) [/home/lysander/repos/bannou/bannou-service/bannou-service.csproj]
/home/lysander/repos/bannou/bannou-service/Generated/Clients/AccountsClient.cs(52,90): warning CS1573: Parameter 'body' has no matching param tag in the XML comment for 'IAccountsClient.UpdateAccountAsync(UpdateAccountRequest, CancellationToken)' (but other parameters do) [/home/lysander/repos/bannou/bannou-service/bannou-service.csproj]
/home/lysander/repos/bannou/bannou-service/Generated/Clients/AccountsClient.cs(60,73): warning CS1573: Parameter 'body' has no matching param tag in the XML comment for 'IAccountsClient.DeleteAccountAsync(DeleteAccountRequest, CancellationToken)' (but other parameters do) [/home/lysander/repos/bannou/bannou-service/bannou-service.csproj]
/home/lysander/repos/bannou/bannou-service/Generated/Clients/AccountsClient.cs(68,98): warning CS1573: Parameter 'body' has no matching param tag in the XML comment for 'IAccountsClient.GetAccountByEmailAsync(GetAccountByEmailRequest, CancellationToken)' (but other parameters do) [/home/lysander/repos/bannou/bannou-service/bannou-service.csproj]
/home/lysander/repos/bannou/bannou-service/Generated/Clients/AccountsClient.cs(76,96): warning CS1573: Parameter 'body' has no matching param tag in the XML comment for 'IAccountsClient.GetAuthMethodsAsync(GetAuthMethodsRequest, CancellationToken)' (but other parameters do) [/home/lysander/repos/bannou/bannou-service/bannou-service.csproj]
/home/lysander/repos/bannou/bannou-service/Generated/Clients/AccountsClient.cs(84,93): warning CS1573: Parameter 'body' has no matching param tag in the XML comment for 'IAccountsClient.AddAuthMethodAsync(AddAuthMethodRequest, CancellationToken)' (but other parameters do) [/home/lysander/repos/bannou/bannou-service/bannou-service.csproj]
/home/lysander/repos/bannou/bannou-service/Generated/Clients/AccountsClient.cs(92,79): warning CS1573: Parameter 'body' has no matching param tag in the XML comment for 'IAccountsClient.RemoveAuthMethodAsync(RemoveAuthMethodRequest, CancellationToken)' (but other parameters do) [/home/lysander/repos/bannou/bannou-service/bannou-service.csproj]
/home/lysander/repos/bannou/bannou-service/Generated/Clients/AccountsClient.cs(100,104): warning CS1573: Parameter 'body' has no matching param tag in the XML comment for 'IAccountsClient.GetAccountByProviderAsync(GetAccountByProviderRequest, CancellationToken)' (but other parameters do) [/home/lysander/repos/bannou/bannou-service/bannou-service.csproj]
/home/lysander/repos/bannou/bannou-service/Generated/Clients/AccountsClient.cs(108,90): warning CS1573: Parameter 'body' has no matching param tag in the XML comment for 'IAccountsClient.UpdateProfileAsync(UpdateProfileRequest, CancellationToken)' (but other parameters do) [/home/lysander/repos/bannou/bannou-service/bannou-service.csproj]
/home/lysander/repos/bannou/bannou-service/Generated/Clients/AccountsClient.cs(116,79): warning CS1573: Parameter 'body' has no matching param tag in the XML comment for 'IAccountsClient.UpdatePasswordHashAsync(UpdatePasswordRequest, CancellationToken)' (but other parameters do) [/home/lysander/repos/bannou/bannou-service/bannou-service.csproj]
/home/lysander/repos/bannou/bannou-service/Generated/Clients/AccountsClient.cs(124,89): warning CS1573: Parameter 'body' has no matching param tag in the XML comment for 'IAccountsClient.UpdateVerificationStatusAsync(UpdateVerificationRequest, CancellationToken)' (but other parameters do) [/home/lysander/repos/bannou/bannou-service/bannou-service.csproj]
/home/lysander/repos/bannou/bannou-service/Generated/Clients/AccountsClient.cs(128,22): warning CS1591: Missing XML comment for publicly visible type or member 'AccountsClient' [/home/lysander/repos/bannou/bannou-service/bannou-service.csproj]
/home/lysander/repos/bannou/bannou-service/Generated/Clients/AccountsClient.cs(148,12): warning CS1591: Missing XML comment for publicly visible type or member 'AccountsClient.AccountsClient(IMeshInvocationClient, IServiceAppMappingResolver, ILogger<AccountsClient>?)' [/home/lysander/repos/bannou/bannou-service/bannou-service.csproj]
/home/lysander/repos/bannou/bannou-service/Generated/Clients/AccountsClient.cs(156,54): warning CS1591: Missing XML comment for publicly visible type or member 'AccountsClient.JsonSerializerSettings' [/home/lysander/repos/bannou/bannou-service/bannou-service.csproj]
/home/lysander/repos/bannou/bannou-service/Generated/Clients/AccountsClient.cs(256,113): warning CS1573: Parameter 'body' has no matching param tag in the XML comment for 'AccountsClient.ListAccountsAsync(ListAccountsRequest, CancellationToken)' (but other parameters do) [/home/lysander/repos/bannou/bannou-service/bannou-service.csproj]
/home/lysander/repos/bannou/bannou-service/Generated/Clients/AccountsClient.cs(335,111): warning CS1573: Parameter 'body' has no matching param tag in the XML comment for 'AccountsClient.CreateAccountAsync(CreateAccountRequest, CancellationToken)' (but other parameters do) [/home/lysander/repos/bannou/bannou-service/bannou-service.csproj]
/home/lysander/repos/bannou/bannou-service/Generated/Clients/AccountsClient.cs(426,105): warning CS1573: Parameter 'body' has no matching param tag in the XML comment for 'AccountsClient.GetAccountAsync(GetAccountRequest, CancellationToken)' (but other parameters do) [/home/lysander/repos/bannou/bannou-service/bannou-service.csproj]
/home/lysander/repos/bannou/bannou-service/Generated/Clients/AccountsClient.cs(511,111): warning CS1573: Parameter 'body' has no matching param tag in the XML comment for 'AccountsClient.UpdateAccountAsync(UpdateAccountRequest, CancellationToken)' (but other parameters do) [/home/lysander/repos/bannou/bannou-service/bannou-service.csproj]
/home/lysander/repos/bannou/bannou-service/Generated/Clients/AccountsClient.cs(602,94): warning CS1573: Parameter 'body' has no matching param tag in the XML comment for 'AccountsClient.DeleteAccountAsync(DeleteAccountRequest, CancellationToken)' (but other parameters do) [/home/lysander/repos/bannou/bannou-service/bannou-service.csproj]
/home/lysander/repos/bannou/bannou-service/Generated/Clients/AccountsClient.cs(687,119): warning CS1573: Parameter 'body' has no matching param tag in the XML comment for 'AccountsClient.GetAccountByEmailAsync(GetAccountByEmailRequest, CancellationToken)' (but other parameters do) [/home/lysander/repos/bannou/bannou-service/bannou-service.csproj]
/home/lysander/repos/bannou/bannou-service/Generated/Clients/AccountsClient.cs(772,117): warning CS1573: Parameter 'body' has no matching param tag in the XML comment for 'AccountsClient.GetAuthMethodsAsync(GetAuthMethodsRequest, CancellationToken)' (but other parameters do) [/home/lysander/repos/bannou/bannou-service/bannou-service.csproj]
/home/lysander/repos/bannou/bannou-service/Generated/Clients/AccountsClient.cs(857,114): warning CS1573: Parameter 'body' has no matching param tag in the XML comment for 'AccountsClient.AddAuthMethodAsync(AddAuthMethodRequest, CancellationToken)' (but other parameters do) [/home/lysander/repos/bannou/bannou-service/bannou-service.csproj]
/home/lysander/repos/bannou/bannou-service/Generated/Clients/AccountsClient.cs(948,100): warning CS1573: Parameter 'body' has no matching param tag in the XML comment for 'AccountsClient.RemoveAuthMethodAsync(RemoveAuthMethodRequest, CancellationToken)' (but other parameters do) [/home/lysander/repos/bannou/bannou-service/bannou-service.csproj]
/home/lysander/repos/bannou/bannou-service/Generated/Clients/AccountsClient.cs(1033,125): warning CS1573: Parameter 'body' has no matching param tag in the XML comment for 'AccountsClient.GetAccountByProviderAsync(GetAccountByProviderRequest, CancellationToken)' (but other parameters do) [/home/lysander/repos/bannou/bannou-service/bannou-service.csproj]
/home/lysander/repos/bannou/bannou-service/Generated/Clients/AccountsClient.cs(1118,111): warning CS1573: Parameter 'body' has no matching param tag in the XML comment for 'AccountsClient.UpdateProfileAsync(UpdateProfileRequest, CancellationToken)' (but other parameters do) [/home/lysander/repos/bannou/bannou-service/bannou-service.csproj]
/home/lysander/repos/bannou/bannou-service/Generated/Clients/AccountsClient.cs(1203,100): warning CS1573: Parameter 'body' has no matching param tag in the XML comment for 'AccountsClient.UpdatePasswordHashAsync(UpdatePasswordRequest, CancellationToken)' (but other parameters do) [/home/lysander/repos/bannou/bannou-service/bannou-service.csproj]
/home/lysander/repos/bannou/bannou-service/Generated/Clients/AccountsClient.cs(1282,110): warning CS1573: Parameter 'body' has no matching param tag in the XML comment for 'AccountsClient.UpdateVerificationStatusAsync(UpdateVerificationRequest, CancellationToken)' (but other parameters do) [/home/lysander/repos/bannou/bannou-service/bannou-service.csproj]
/home/lysander/repos/bannou/bannou-service/Generated/Clients/AccountsClient.cs(1355,22): warning CS1591: Missing XML comment for publicly visible type or member 'AccountsClient.ObjectResponseResult<T>' [/home/lysander/repos/bannou/bannou-service/bannou-service.csproj]
/home/lysander/repos/bannou/bannou-service/Generated/Clients/AccountsClient.cs(1357,16): warning CS1591: Missing XML comment for publicly visible type or member 'AccountsClient.ObjectResponseResult<T>.ObjectResponseResult(T, string)' [/home/lysander/repos/bannou/bannou-service/bannou-service.csproj]
/home/lysander/repos/bannou/bannou-service/Generated/Clients/AccountsClient.cs(1363,18): warning CS1591: Missing XML comment for publicly visible type or member 'AccountsClient.ObjectResponseResult<T>.Object' [/home/lysander/repos/bannou/bannou-service/bannou-service.csproj]
/home/lysander/repos/bannou/bannou-service/Generated/Clients/AccountsClient.cs(1365,23): warning CS1591: Missing XML comment for publicly visible type or member 'AccountsClient.ObjectResponseResult<T>.Text' [/home/lysander/repos/bannou/bannou-service/bannou-service.csproj]
/home/lysander/repos/bannou/bannou-service/Generated/Clients/AccountsClient.cs(1388,17): warning CS1591: Missing XML comment for publicly visible type or member 'AccountsClient.ReadResponseAsString' [/home/lysander/repos/bannou/bannou-service/bannou-service.csproj]
/home/lysander/repos/bannou/bannou-service/Generated/Clients/AccountsClient.cs(1390,86): warning CS1591: Missing XML comment for publicly visible type or member 'AccountsClient.ReadObjectResponseAsync<T>(HttpResponseMessage, IReadOnlyDictionary<string, IEnumerable<string>>, CancellationToken)' [/home/lysander/repos/bannou/bannou-service/bannou-service.csproj]
/home/lysander/repos/bannou/bannou-service/Generated/Models/AccountsModels.cs(25,5): warning CS1591: Missing XML comment for publicly visible type or member 'AuthProvider.Email' [/home/lysander/repos/bannou/bannou-service/bannou-service.csproj]
/home/lysander/repos/bannou/bannou-service/Generated/Models/AccountsModels.cs(28,5): warning CS1591: Missing XML comment for publicly visible type or member 'AuthProvider.Google' [/home/lysander/repos/bannou/bannou-service/bannou-service.csproj]
/home/lysander/repos/bannou/bannou-service/Generated/Models/AccountsModels.cs(31,5): warning CS1591: Missing XML comment for publicly visible type or member 'AuthProvider.Discord' [/home/lysander/repos/bannou/bannou-service/bannou-service.csproj]
/home/lysander/repos/bannou/bannou-service/Generated/Models/AccountsModels.cs(34,5): warning CS1591: Missing XML comment for publicly visible type or member 'AuthProvider.Twitch' [/home/lysander/repos/bannou/bannou-service/bannou-service.csproj]
/home/lysander/repos/bannou/bannou-service/Generated/Models/AccountsModels.cs(37,5): warning CS1591: Missing XML comment for publicly visible type or member 'AuthProvider.Steam' [/home/lysander/repos/bannou/bannou-service/bannou-service.csproj]
/home/lysander/repos/bannou/bannou-service/Generated/Models/AccountsModels.cs(49,5): warning CS1591: Missing XML comment for publicly visible type or member 'OAuthProvider.Google' [/home/lysander/repos/bannou/bannou-service/bannou-service.csproj]
/home/lysander/repos/bannou/bannou-service/Generated/Models/AccountsModels.cs(52,5): warning CS1591: Missing XML comment for publicly visible type or member 'OAuthProvider.Discord' [/home/lysander/repos/bannou/bannou-service/bannou-service.csproj]
/home/lysander/repos/bannou/bannou-service/Generated/Models/AccountsModels.cs(55,5): warning CS1591: Missing XML comment for publicly visible type or member 'OAuthProvider.Twitch' [/home/lysander/repos/bannou/bannou-service/bannou-service.csproj]
/home/lysander/repos/bannou/bannou-service/Generated/Models/AccountsModels.cs(58,5): warning CS1591: Missing XML comment for publicly visible type or member 'OAuthProvider.Steam' [/home/lysander/repos/bannou/bannou-service/bannou-service.csproj]
/home/lysander/repos/bannou/bannou-service/Generated/Models/AccountsModels.cs(70,20): warning CS1591: Missing XML comment for publicly visible type or member 'ListAccountsRequest.Email' [/home/lysander/repos/bannou/bannou-service/bannou-service.csproj]
/home/lysander/repos/bannou/bannou-service/Generated/Models/AccountsModels.cs(73,20): warning CS1591: Missing XML comment for publicly visible type or member 'ListAccountsRequest.DisplayName' [/home/lysander/repos/bannou/bannou-service/bannou-service.csproj]
/home/lysander/repos/bannou/bannou-service/Generated/Models/AccountsModels.cs(77,26): warning CS1591: Missing XML comment for publicly visible type or member 'ListAccountsRequest.Provider' [/home/lysander/repos/bannou/bannou-service/bannou-service.csproj]
/home/lysander/repos/bannou/bannou-service/Generated/Models/AccountsModels.cs(80,18): warning CS1591: Missing XML comment for publicly visible type or member 'ListAccountsRequest.Verified' [/home/lysander/repos/bannou/bannou-service/bannou-service.csproj]
/home/lysander/repos/bannou/bannou-service/Generated/Models/AccountsModels.cs(84,16): warning CS1591: Missing XML comment for publicly visible type or member 'ListAccountsRequest.Page' [/home/lysander/repos/bannou/bannou-service/bannou-service.csproj]
/home/lysander/repos/bannou/bannou-service/Generated/Models/AccountsModels.cs(88,16): warning CS1591: Missing XML comment for publicly visible type or member 'ListAccountsRequest.PageSize' [/home/lysander/repos/bannou/bannou-service/bannou-service.csproj]
/home/lysander/repos/bannou/bannou-service/Generated/Models/AccountsModels.cs(93,68): warning CS1591: Missing XML comment for publicly visible type or member 'ListAccountsRequest.AdditionalProperties' [/home/lysander/repos/bannou/bannou-service/bannou-service.csproj]
/home/lysander/repos/bannou/bannou-service/Generated/Models/AccountsModels.cs(119,68): warning CS1591: Missing XML comment for publicly visible type or member 'GetAccountRequest.AdditionalProperties' [/home/lysander/repos/bannou/bannou-service/bannou-service.csproj]
/home/lysander/repos/bannou/bannou-service/Generated/Models/AccountsModels.cs(145,68): warning CS1591: Missing XML comment for publicly visible type or member 'DeleteAccountRequest.AdditionalProperties' [/home/lysander/repos/bannou/bannou-service/bannou-service.csproj]
/home/lysander/repos/bannou/bannou-service/Generated/Models/AccountsModels.cs(171,68): warning CS1591: Missing XML comment for publicly visible type or member 'GetAccountByEmailRequest.AdditionalProperties' [/home/lysander/repos/bannou/bannou-service/bannou-service.csproj]
/home/lysander/repos/bannou/bannou-service/Generated/Models/AccountsModels.cs(197,68): warning CS1591: Missing XML comment for publicly visible type or member 'GetAuthMethodsRequest.AdditionalProperties' [/home/lysander/repos/bannou/bannou-service/bannou-service.csproj]
/home/lysander/repos/bannou/bannou-service/Generated/Models/AccountsModels.cs(231,68): warning CS1591: Missing XML comment for publicly visible type or member 'RemoveAuthMethodRequest.AdditionalProperties' [/home/lysander/repos/bannou/bannou-service/bannou-service.csproj]
/home/lysander/repos/bannou/bannou-service/Generated/Models/AccountsModels.cs(266,68): warning CS1591: Missing XML comment for publicly visible type or member 'GetAccountByProviderRequest.AdditionalProperties' [/home/lysander/repos/bannou/bannou-service/bannou-service.csproj]
/home/lysander/repos/bannou/bannou-service/Generated/Models/AccountsModels.cs(275,22): warning CS1591: Missing XML comment for publicly visible type or member 'CreateAccountRequest' [/home/lysander/repos/bannou/bannou-service/bannou-service.csproj]
/home/lysander/repos/bannou/bannou-service/Generated/Models/AccountsModels.cs(281,19): warning CS1591: Missing XML comment for publicly visible type or member 'CreateAccountRequest.Email' [/home/lysander/repos/bannou/bannou-service/bannou-service.csproj]
/home/lysander/repos/bannou/bannou-service/Generated/Models/AccountsModels.cs(291,20): warning CS1591: Missing XML comment for publicly visible type or member 'CreateAccountRequest.DisplayName' [/home/lysander/repos/bannou/bannou-service/bannou-service.csproj]
/home/lysander/repos/bannou/bannou-service/Generated/Models/AccountsModels.cs(294,17): warning CS1591: Missing XML comment for publicly visible type or member 'CreateAccountRequest.EmailVerified' [/home/lysander/repos/bannou/bannou-service/bannou-service.csproj]
/home/lysander/repos/bannou/bannou-service/Generated/Models/AccountsModels.cs(297,59): warning CS1591: Missing XML comment for publicly visible type or member 'CreateAccountRequest.Roles' [/home/lysander/repos/bannou/bannou-service/bannou-service.csproj]
/home/lysander/repos/bannou/bannou-service/Generated/Models/AccountsModels.cs(300,20): warning CS1591: Missing XML comment for publicly visible type or member 'CreateAccountRequest.Metadata' [/home/lysander/repos/bannou/bannou-service/bannou-service.csproj]
/home/lysander/repos/bannou/bannou-service/Generated/Models/AccountsModels.cs(305,68): warning CS1591: Missing XML comment for publicly visible type or member 'CreateAccountRequest.AdditionalProperties' [/home/lysander/repos/bannou/bannou-service/bannou-service.csproj]
/home/lysander/repos/bannou/bannou-service/Generated/Models/AccountsModels.cs(314,22): warning CS1591: Missing XML comment for publicly visible type or member 'UpdateAccountRequest' [/home/lysander/repos/bannou/bannou-service/bannou-service.csproj]
/home/lysander/repos/bannou/bannou-service/Generated/Models/AccountsModels.cs(327,20): warning CS1591: Missing XML comment for publicly visible type or member 'UpdateAccountRequest.DisplayName' [/home/lysander/repos/bannou/bannou-service/bannou-service.csproj]
/home/lysander/repos/bannou/bannou-service/Generated/Models/AccountsModels.cs(330,59): warning CS1591: Missing XML comment for publicly visible type or member 'UpdateAccountRequest.Roles' [/home/lysander/repos/bannou/bannou-service/bannou-service.csproj]
/home/lysander/repos/bannou/bannou-service/Generated/Models/AccountsModels.cs(333,20): warning CS1591: Missing XML comment for publicly visible type or member 'UpdateAccountRequest.Metadata' [/home/lysander/repos/bannou/bannou-service/bannou-service.csproj]
/home/lysander/repos/bannou/bannou-service/Generated/Models/AccountsModels.cs(338,68): warning CS1591: Missing XML comment for publicly visible type or member 'UpdateAccountRequest.AdditionalProperties' [/home/lysander/repos/bannou/bannou-service/bannou-service.csproj]
/home/lysander/repos/bannou/bannou-service/Generated/Models/AccountsModels.cs(347,22): warning CS1591: Missing XML comment for publicly visible type or member 'UpdateProfileRequest' [/home/lysander/repos/bannou/bannou-service/bannou-service.csproj]
/home/lysander/repos/bannou/bannou-service/Generated/Models/AccountsModels.cs(360,20): warning CS1591: Missing XML comment for publicly visible type or member 'UpdateProfileRequest.DisplayName' [/home/lysander/repos/bannou/bannou-service/bannou-service.csproj]
/home/lysander/repos/bannou/bannou-service/Generated/Models/AccountsModels.cs(363,20): warning CS1591: Missing XML comment for publicly visible type or member 'UpdateProfileRequest.Metadata' [/home/lysander/repos/bannou/bannou-service/bannou-service.csproj]
/home/lysander/repos/bannou/bannou-service/Generated/Models/AccountsModels.cs(368,68): warning CS1591: Missing XML comment for publicly visible type or member 'UpdateProfileRequest.AdditionalProperties' [/home/lysander/repos/bannou/bannou-service/bannou-service.csproj]
/home/lysander/repos/bannou/bannou-service/Generated/Models/AccountsModels.cs(377,22): warning CS1591: Missing XML comment for publicly visible type or member 'UpdatePasswordRequest' [/home/lysander/repos/bannou/bannou-service/bannou-service.csproj]
/home/lysander/repos/bannou/bannou-service/Generated/Models/AccountsModels.cs(399,68): warning CS1591: Missing XML comment for publicly visible type or member 'UpdatePasswordRequest.AdditionalProperties' [/home/lysander/repos/bannou/bannou-service/bannou-service.csproj]
/home/lysander/repos/bannou/bannou-service/Generated/Models/AccountsModels.cs(408,22): warning CS1591: Missing XML comment for publicly visible type or member 'UpdateVerificationRequest' [/home/lysander/repos/bannou/bannou-service/bannou-service.csproj]
/home/lysander/repos/bannou/bannou-service/Generated/Models/AccountsModels.cs(420,17): warning CS1591: Missing XML comment for publicly visible type or member 'UpdateVerificationRequest.EmailVerified' [/home/lysander/repos/bannou/bannou-service/bannou-service.csproj]
/home/lysander/repos/bannou/bannou-service/Generated/Models/AccountsModels.cs(425,68): warning CS1591: Missing XML comment for publicly visible type or member 'UpdateVerificationRequest.AdditionalProperties' [/home/lysander/repos/bannou/bannou-service/bannou-service.csproj]
/home/lysander/repos/bannou/bannou-service/Generated/Models/AccountsModels.cs(434,22): warning CS1591: Missing XML comment for publicly visible type or member 'AddAuthMethodRequest' [/home/lysander/repos/bannou/bannou-service/bannou-service.csproj]
/home/lysander/repos/bannou/bannou-service/Generated/Models/AccountsModels.cs(449,26): warning CS1591: Missing XML comment for publicly visible type or member 'AddAuthMethodRequest.Provider' [/home/lysander/repos/bannou/bannou-service/bannou-service.csproj]
/home/lysander/repos/bannou/bannou-service/Generated/Models/AccountsModels.cs(452,19): warning CS1591: Missing XML comment for publicly visible type or member 'AddAuthMethodRequest.ExternalId' [/home/lysander/repos/bannou/bannou-service/bannou-service.csproj]
/home/lysander/repos/bannou/bannou-service/Generated/Models/AccountsModels.cs(455,20): warning CS1591: Missing XML comment for publicly visible type or member 'AddAuthMethodRequest.DisplayName' [/home/lysander/repos/bannou/bannou-service/bannou-service.csproj]
/home/lysander/repos/bannou/bannou-service/Generated/Models/AccountsModels.cs(460,68): warning CS1591: Missing XML comment for publicly visible type or member 'AddAuthMethodRequest.AdditionalProperties' [/home/lysander/repos/bannou/bannou-service/bannou-service.csproj]
/home/lysander/repos/bannou/bannou-service/Generated/Models/AccountsModels.cs(469,22): warning CS1591: Missing XML comment for publicly visible type or member 'AccountResponse' [/home/lysander/repos/bannou/bannou-service/bannou-service.csproj]
/home/lysander/repos/bannou/bannou-service/Generated/Models/AccountsModels.cs(475,24): warning CS1591: Missing XML comment for publicly visible type or member 'AccountResponse.AccountId' [/home/lysander/repos/bannou/bannou-service/bannou-service.csproj]
/home/lysander/repos/bannou/bannou-service/Generated/Models/AccountsModels.cs(480,19): warning CS1591: Missing XML comment for publicly visible type or member 'AccountResponse.Email' [/home/lysander/repos/bannou/bannou-service/bannou-service.csproj]
/home/lysander/repos/bannou/bannou-service/Generated/Models/AccountsModels.cs(483,20): warning CS1591: Missing XML comment for publicly visible type or member 'AccountResponse.DisplayName' [/home/lysander/repos/bannou/bannou-service/bannou-service.csproj]
/home/lysander/repos/bannou/bannou-service/Generated/Models/AccountsModels.cs(494,34): warning CS1591: Missing XML comment for publicly visible type or member 'AccountResponse.CreatedAt' [/home/lysander/repos/bannou/bannou-service/bannou-service.csproj]
/home/lysander/repos/bannou/bannou-service/Generated/Models/AccountsModels.cs(497,35): warning CS1591: Missing XML comment for publicly visible type or member 'AccountResponse.UpdatedAt' [/home/lysander/repos/bannou/bannou-service/bannou-service.csproj]
/home/lysander/repos/bannou/bannou-service/Generated/Models/AccountsModels.cs(500,17): warning CS1591: Missing XML comment for publicly visible type or member 'AccountResponse.EmailVerified' [/home/lysander/repos/bannou/bannou-service/bannou-service.csproj]
/home/lysander/repos/bannou/bannou-service/Generated/Models/AccountsModels.cs(505,59): warning CS1591: Missing XML comment for publicly visible type or member 'AccountResponse.Roles' [/home/lysander/repos/bannou/bannou-service/bannou-service.csproj]
/home/lysander/repos/bannou/bannou-service/Generated/Models/AccountsModels.cs(508,67): warning CS1591: Missing XML comment for publicly visible type or member 'AccountResponse.AuthMethods' [/home/lysander/repos/bannou/bannou-service/bannou-service.csproj]
/home/lysander/repos/bannou/bannou-service/Generated/Models/AccountsModels.cs(511,20): warning CS1591: Missing XML comment for publicly visible type or member 'AccountResponse.Metadata' [/home/lysander/repos/bannou/bannou-service/bannou-service.csproj]
/home/lysander/repos/bannou/bannou-service/Generated/Models/AccountsModels.cs(516,68): warning CS1591: Missing XML comment for publicly visible type or member 'AccountResponse.AdditionalProperties' [/home/lysander/repos/bannou/bannou-service/bannou-service.csproj]
/home/lysander/repos/bannou/bannou-service/Generated/Models/AccountsModels.cs(525,22): warning CS1591: Missing XML comment for publicly visible type or member 'AuthMethodInfo' [/home/lysander/repos/bannou/bannou-service/bannou-service.csproj]
/home/lysander/repos/bannou/bannou-service/Generated/Models/AccountsModels.cs(529,24): warning CS1591: Missing XML comment for publicly visible type or member 'AuthMethodInfo.MethodId' [/home/lysander/repos/bannou/bannou-service/bannou-service.csproj]
/home/lysander/repos/bannou/bannou-service/Generated/Models/AccountsModels.cs(535,25): warning CS1591: Missing XML comment for publicly visible type or member 'AuthMethodInfo.Provider' [/home/lysander/repos/bannou/bannou-service/bannou-service.csproj]
/home/lysander/repos/bannou/bannou-service/Generated/Models/AccountsModels.cs(538,20): warning CS1591: Missing XML comment for publicly visible type or member 'AuthMethodInfo.ExternalId' [/home/lysander/repos/bannou/bannou-service/bannou-service.csproj]
/home/lysander/repos/bannou/bannou-service/Generated/Models/AccountsModels.cs(541,20): warning CS1591: Missing XML comment for publicly visible type or member 'AuthMethodInfo.DisplayName' [/home/lysander/repos/bannou/bannou-service/bannou-service.csproj]
/home/lysander/repos/bannou/bannou-service/Generated/Models/AccountsModels.cs(546,34): warning CS1591: Missing XML comment for publicly visible type or member 'AuthMethodInfo.LinkedAt' [/home/lysander/repos/bannou/bannou-service/bannou-service.csproj]
/home/lysander/repos/bannou/bannou-service/Generated/Models/AccountsModels.cs(551,68): warning CS1591: Missing XML comment for publicly visible type or member 'AuthMethodInfo.AdditionalProperties' [/home/lysander/repos/bannou/bannou-service/bannou-service.csproj]
/home/lysander/repos/bannou/bannou-service/Generated/Models/AccountsModels.cs(560,22): warning CS1591: Missing XML comment for publicly visible type or member 'AuthMethodResponse' [/home/lysander/repos/bannou/bannou-service/bannou-service.csproj]
/home/lysander/repos/bannou/bannou-service/Generated/Models/AccountsModels.cs(566,24): warning CS1591: Missing XML comment for publicly visible type or member 'AuthMethodResponse.MethodId' [/home/lysander/repos/bannou/bannou-service/bannou-service.csproj]
/home/lysander/repos/bannou/bannou-service/Generated/Models/AccountsModels.cs(572,26): warning CS1591: Missing XML comment for publicly visible type or member 'AuthMethodResponse.Provider' [/home/lysander/repos/bannou/bannou-service/bannou-service.csproj]
/home/lysander/repos/bannou/bannou-service/Generated/Models/AccountsModels.cs(575,19): warning CS1591: Missing XML comment for publicly visible type or member 'AuthMethodResponse.ExternalId' [/home/lysander/repos/bannou/bannou-service/bannou-service.csproj]
/home/lysander/repos/bannou/bannou-service/Generated/Models/AccountsModels.cs(578,20): warning CS1591: Missing XML comment for publicly visible type or member 'AuthMethodResponse.DisplayName' [/home/lysander/repos/bannou/bannou-service/bannou-service.csproj]
/home/lysander/repos/bannou/bannou-service/Generated/Models/AccountsModels.cs(583,34): warning CS1591: Missing XML comment for publicly visible type or member 'AuthMethodResponse.LinkedAt' [/home/lysander/repos/bannou/bannou-service/bannou-service.csproj]
/home/lysander/repos/bannou/bannou-service/Generated/Models/AccountsModels.cs(588,68): warning CS1591: Missing XML comment for publicly visible type or member 'AuthMethodResponse.AdditionalProperties' [/home/lysander/repos/bannou/bannou-service/bannou-service.csproj]
/home/lysander/repos/bannou/bannou-service/Generated/Models/AccountsModels.cs(597,22): warning CS1591: Missing XML comment for publicly visible type or member 'AuthMethodsResponse' [/home/lysander/repos/bannou/bannou-service/bannou-service.csproj]
/home/lysander/repos/bannou/bannou-service/Generated/Models/AccountsModels.cs(603,67): warning CS1591: Missing XML comment for publicly visible type or member 'AuthMethodsResponse.AuthMethods' [/home/lysander/repos/bannou/bannou-service/bannou-service.csproj]
/home/lysander/repos/bannou/bannou-service/Generated/Models/AccountsModels.cs(608,68): warning CS1591: Missing XML comment for publicly visible type or member 'AuthMethodsResponse.AdditionalProperties' [/home/lysander/repos/bannou/bannou-service/bannou-service.csproj]
/home/lysander/repos/bannou/bannou-service/Generated/Models/AccountsModels.cs(617,22): warning CS1591: Missing XML comment for publicly visible type or member 'AccountListResponse' [/home/lysander/repos/bannou/bannou-service/bannou-service.csproj]
/home/lysander/repos/bannou/bannou-service/Generated/Models/AccountsModels.cs(623,68): warning CS1591: Missing XML comment for publicly visible type or member 'AccountListResponse.Accounts' [/home/lysander/repos/bannou/bannou-service/bannou-service.csproj]
/home/lysander/repos/bannou/bannou-service/Generated/Models/AccountsModels.cs(626,16): warning CS1591: Missing XML comment for publicly visible type or member 'AccountListResponse.TotalCount' [/home/lysander/repos/bannou/bannou-service/bannou-service.csproj]
/home/lysander/repos/bannou/bannou-service/Generated/Models/AccountsModels.cs(629,16): warning CS1591: Missing XML comment for publicly visible type or member 'AccountListResponse.Page' [/home/lysander/repos/bannou/bannou-service/bannou-service.csproj]
/home/lysander/repos/bannou/bannou-service/Generated/Models/AccountsModels.cs(632,16): warning CS1591: Missing XML comment for publicly visible type or member 'AccountListResponse.PageSize' [/home/lysander/repos/bannou/bannou-service/bannou-service.csproj]
/home/lysander/repos/bannou/bannou-service/Generated/Models/AccountsModels.cs(635,17): warning CS1591: Missing XML comment for publicly visible type or member 'AccountListResponse.HasNextPage' [/home/lysander/repos/bannou/bannou-service/bannou-service.csproj]
/home/lysander/repos/bannou/bannou-service/Generated/Models/AccountsModels.cs(638,17): warning CS1591: Missing XML comment for publicly visible type or member 'AccountListResponse.HasPreviousPage' [/home/lysander/repos/bannou/bannou-service/bannou-service.csproj]
/home/lysander/repos/bannou/bannou-service/Generated/Models/AccountsModels.cs(643,68): warning CS1591: Missing XML comment for publicly visible type or member 'AccountListResponse.AdditionalProperties' [/home/lysander/repos/bannou/bannou-service/bannou-service.csproj]
/home/lysander/repos/bannou/bannou-service/Generated/Clients/AssetClient.cs(19,26): warning CS1591: Missing XML comment for publicly visible type or member 'IAssetClient' [/home/lysander/repos/bannou/bannou-service/bannou-service.csproj]
/home/lysander/repos/bannou/bannou-service/Generated/Clients/AssetClient.cs(32,82): warning CS1573: Parameter 'body' has no matching param tag in the XML comment for 'IAssetClient.RequestUploadAsync(UploadRequest, CancellationToken)' (but other parameters do) [/home/lysander/repos/bannou/bannou-service/bannou-service.csproj]
/home/lysander/repos/bannou/bannou-service/Generated/Clients/AssetClient.cs(45,90): warning CS1573: Parameter 'body' has no matching param tag in the XML comment for 'IAssetClient.CompleteUploadAsync(CompleteUploadRequest, CancellationToken)' (but other parameters do) [/home/lysander/repos/bannou/bannou-service/bannou-service.csproj]
/home/lysander/repos/bannou/bannou-service/Generated/Clients/AssetClient.cs(57,85): warning CS1573: Parameter 'body' has no matching param tag in the XML comment for 'IAssetClient.GetAssetAsync(GetAssetRequest, CancellationToken)' (but other parameters do) [/home/lysander/repos/bannou/bannou-service/bannou-service.csproj]
/home/lysander/repos/bannou/bannou-service/Generated/Clients/AssetClient.cs(69,94): warning CS1573: Parameter 'body' has no matching param tag in the XML comment for 'IAssetClient.ListAssetVersionsAsync(ListVersionsRequest, CancellationToken)' (but other parameters do) [/home/lysander/repos/bannou/bannou-service/bannou-service.csproj]
/home/lysander/repos/bannou/bannou-service/Generated/Clients/AssetClient.cs(81,89): warning CS1573: Parameter 'body' has no matching param tag in the XML comment for 'IAssetClient.SearchAssetsAsync(AssetSearchRequest, CancellationToken)' (but other parameters do) [/home/lysander/repos/bannou/bannou-service/bannou-service.csproj]
/home/lysander/repos/bannou/bannou-service/Generated/Clients/AssetClient.cs(94,93): warning CS1573: Parameter 'body' has no matching param tag in the XML comment for 'IAssetClient.CreateBundleAsync(CreateBundleRequest, CancellationToken)' (but other parameters do) [/home/lysander/repos/bannou/bannou-service/bannou-service.csproj]
/home/lysander/repos/bannou/bannou-service/Generated/Clients/AssetClient.cs(106,88): warning CS1573: Parameter 'body' has no matching param tag in the XML comment for 'IAssetClient.GetBundleAsync(GetBundleRequest, CancellationToken)' (but other parameters do) [/home/lysander/repos/bannou/bannou-service/bannou-service.csproj]
/home/lysander/repos/bannou/bannou-service/Generated/Clients/AssetClient.cs(118,94): warning CS1573: Parameter 'body' has no matching param tag in the XML comment for 'IAssetClient.RequestBundleUploadAsync(BundleUploadRequest, CancellationToken)' (but other parameters do) [/home/lysander/repos/bannou/bannou-service/bannou-service.csproj]
/home/lysander/repos/bannou/bannou-service/Generated/Clients/AssetClient.cs(122,22): warning CS1591: Missing XML comment for publicly visible type or member 'AssetClient' [/home/lysander/repos/bannou/bannou-service/bannou-service.csproj]
/home/lysander/repos/bannou/bannou-service/Generated/Clients/AssetClient.cs(142,12): warning CS1591: Missing XML comment for publicly visible type or member 'AssetClient.AssetClient(IMeshInvocationClient, IServiceAppMappingResolver, ILogger<AssetClient>?)' [/home/lysander/repos/bannou/bannou-service/bannou-service.csproj]
/home/lysander/repos/bannou/bannou-service/Generated/Clients/AssetClient.cs(150,54): warning CS1591: Missing XML comment for publicly visible type or member 'AssetClient.JsonSerializerSettings' [/home/lysander/repos/bannou/bannou-service/bannou-service.csproj]
/home/lysander/repos/bannou/bannou-service/Generated/Clients/AssetClient.cs(254,103): warning CS1573: Parameter 'body' has no matching param tag in the XML comment for 'AssetClient.RequestUploadAsync(UploadRequest, CancellationToken)' (but other parameters do) [/home/lysander/repos/bannou/bannou-service/bannou-service.csproj]
/home/lysander/repos/bannou/bannou-service/Generated/Clients/AssetClient.cs(356,111): warning CS1573: Parameter 'body' has no matching param tag in the XML comment for 'AssetClient.CompleteUploadAsync(CompleteUploadRequest, CancellationToken)' (but other parameters do) [/home/lysander/repos/bannou/bannou-service/bannou-service.csproj]
/home/lysander/repos/bannou/bannou-service/Generated/Clients/AssetClient.cs(451,106): warning CS1573: Parameter 'body' has no matching param tag in the XML comment for 'AssetClient.GetAssetAsync(GetAssetRequest, CancellationToken)' (but other parameters do) [/home/lysander/repos/bannou/bannou-service/bannou-service.csproj]
/home/lysander/repos/bannou/bannou-service/Generated/Clients/AssetClient.cs(540,115): warning CS1573: Parameter 'body' has no matching param tag in the XML comment for 'AssetClient.ListAssetVersionsAsync(ListVersionsRequest, CancellationToken)' (but other parameters do) [/home/lysander/repos/bannou/bannou-service/bannou-service.csproj]
/home/lysander/repos/bannou/bannou-service/Generated/Clients/AssetClient.cs(629,110): warning CS1573: Parameter 'body' has no matching param tag in the XML comment for 'AssetClient.SearchAssetsAsync(AssetSearchRequest, CancellationToken)' (but other parameters do) [/home/lysander/repos/bannou/bannou-service/bannou-service.csproj]
/home/lysander/repos/bannou/bannou-service/Generated/Clients/AssetClient.cs(713,114): warning CS1573: Parameter 'body' has no matching param tag in the XML comment for 'AssetClient.CreateBundleAsync(CreateBundleRequest, CancellationToken)' (but other parameters do) [/home/lysander/repos/bannou/bannou-service/bannou-service.csproj]
/home/lysander/repos/bannou/bannou-service/Generated/Clients/AssetClient.cs(802,109): warning CS1573: Parameter 'body' has no matching param tag in the XML comment for 'AssetClient.GetBundleAsync(GetBundleRequest, CancellationToken)' (but other parameters do) [/home/lysander/repos/bannou/bannou-service/bannou-service.csproj]
/home/lysander/repos/bannou/bannou-service/Generated/Clients/AssetClient.cs(891,115): warning CS1573: Parameter 'body' has no matching param tag in the XML comment for 'AssetClient.RequestBundleUploadAsync(BundleUploadRequest, CancellationToken)' (but other parameters do) [/home/lysander/repos/bannou/bannou-service/bannou-service.csproj]
/home/lysander/repos/bannou/bannou-service/Generated/Clients/AssetClient.cs(970,22): warning CS1591: Missing XML comment for publicly visible type or member 'AssetClient.ObjectResponseResult<T>' [/home/lysander/repos/bannou/bannou-service/bannou-service.csproj]
/home/lysander/repos/bannou/bannou-service/Generated/Clients/AssetClient.cs(972,16): warning CS1591: Missing XML comment for publicly visible type or member 'AssetClient.ObjectResponseResult<T>.ObjectResponseResult(T, string)' [/home/lysander/repos/bannou/bannou-service/bannou-service.csproj]
/home/lysander/repos/bannou/bannou-service/Generated/Clients/AssetClient.cs(978,18): warning CS1591: Missing XML comment for publicly visible type or member 'AssetClient.ObjectResponseResult<T>.Object' [/home/lysander/repos/bannou/bannou-service/bannou-service.csproj]
/home/lysander/repos/bannou/bannou-service/Generated/Clients/AssetClient.cs(980,23): warning CS1591: Missing XML comment for publicly visible type or member 'AssetClient.ObjectResponseResult<T>.Text' [/home/lysander/repos/bannou/bannou-service/bannou-service.csproj]
/home/lysander/repos/bannou/bannou-service/Generated/Clients/AssetClient.cs(1003,17): warning CS1591: Missing XML comment for publicly visible type or member 'AssetClient.ReadResponseAsString' [/home/lysander/repos/bannou/bannou-service/bannou-service.csproj]
/home/lysander/repos/bannou/bannou-service/Generated/Clients/AssetClient.cs(1005,86): warning CS1591: Missing XML comment for publicly visible type or member 'AssetClient.ReadObjectResponseAsync<T>(HttpResponseMessage, IReadOnlyDictionary<string, IEnumerable<string>>, CancellationToken)' [/home/lysander/repos/bannou/bannou-service/bannou-service.csproj]
/home/lysander/repos/bannou/bannou-service/Generated/Models/AssetModels.cs(25,5): warning CS1591: Missing XML comment for publicly visible type or member 'AssetType.Texture' [/home/lysander/repos/bannou/bannou-service/bannou-service.csproj]
/home/lysander/repos/bannou/bannou-service/Generated/Models/AssetModels.cs(28,5): warning CS1591: Missing XML comment for publicly visible type or member 'AssetType.Model' [/home/lysander/repos/bannou/bannou-service/bannou-service.csproj]
/home/lysander/repos/bannou/bannou-service/Generated/Models/AssetModels.cs(31,5): warning CS1591: Missing XML comment for publicly visible type or member 'AssetType.Audio' [/home/lysander/repos/bannou/bannou-service/bannou-service.csproj]
/home/lysander/repos/bannou/bannou-service/Generated/Models/AssetModels.cs(34,5): warning CS1591: Missing XML comment for publicly visible type or member 'AssetType.Behavior' [/home/lysander/repos/bannou/bannou-service/bannou-service.csproj]
/home/lysander/repos/bannou/bannou-service/Generated/Models/AssetModels.cs(37,5): warning CS1591: Missing XML comment for publicly visible type or member 'AssetType.Bundle' [/home/lysander/repos/bannou/bannou-service/bannou-service.csproj]
/home/lysander/repos/bannou/bannou-service/Generated/Models/AssetModels.cs(40,5): warning CS1591: Missing XML comment for publicly visible type or member 'AssetType.Prefab' [/home/lysander/repos/bannou/bannou-service/bannou-service.csproj]
/home/lysander/repos/bannou/bannou-service/Generated/Models/AssetModels.cs(43,5): warning CS1591: Missing XML comment for publicly visible type or member 'AssetType.Other' [/home/lysander/repos/bannou/bannou-service/bannou-service.csproj]
/home/lysander/repos/bannou/bannou-service/Generated/Models/AssetModels.cs(55,5): warning CS1591: Missing XML comment for publicly visible type or member 'Realm.Omega' [/home/lysander/repos/bannou/bannou-service/bannou-service.csproj]
/home/lysander/repos/bannou/bannou-service/Generated/Models/AssetModels.cs(58,5): warning CS1591: Missing XML comment for publicly visible type or member 'Realm.Arcadia' [/home/lysander/repos/bannou/bannou-service/bannou-service.csproj]
/home/lysander/repos/bannou/bannou-service/Generated/Models/AssetModels.cs(61,5): warning CS1591: Missing XML comment for publicly visible type or member 'Realm.Fantasia' [/home/lysander/repos/bannou/bannou-service/bannou-service.csproj]
/home/lysander/repos/bannou/bannou-service/Generated/Models/AssetModels.cs(64,5): warning CS1591: Missing XML comment for publicly visible type or member 'Realm.Shared' [/home/lysander/repos/bannou/bannou-service/bannou-service.csproj]
/home/lysander/repos/bannou/bannou-service/Generated/Models/AssetModels.cs(76,5): warning CS1591: Missing XML comment for publicly visible type or member 'ProcessingStatus.Pending' [/home/lysander/repos/bannou/bannou-service/bannou-service.csproj]
/home/lysander/repos/bannou/bannou-service/Generated/Models/AssetModels.cs(79,5): warning CS1591: Missing XML comment for publicly visible type or member 'ProcessingStatus.Processing' [/home/lysander/repos/bannou/bannou-service/bannou-service.csproj]
/home/lysander/repos/bannou/bannou-service/Generated/Models/AssetModels.cs(82,5): warning CS1591: Missing XML comment for publicly visible type or member 'ProcessingStatus.Complete' [/home/lysander/repos/bannou/bannou-service/bannou-service.csproj]
/home/lysander/repos/bannou/bannou-service/Generated/Models/AssetModels.cs(85,5): warning CS1591: Missing XML comment for publicly visible type or member 'ProcessingStatus.Failed' [/home/lysander/repos/bannou/bannou-service/bannou-service.csproj]
/home/lysander/repos/bannou/bannou-service/Generated/Models/AssetModels.cs(97,5): warning CS1591: Missing XML comment for publicly visible type or member 'CompressionType.Lz4' [/home/lysander/repos/bannou/bannou-service/bannou-service.csproj]
/home/lysander/repos/bannou/bannou-service/Generated/Models/AssetModels.cs(100,5): warning CS1591: Missing XML comment for publicly visible type or member 'CompressionType.Lzma' [/home/lysander/repos/bannou/bannou-service/bannou-service.csproj]
/home/lysander/repos/bannou/bannou-service/Generated/Models/AssetModels.cs(103,5): warning CS1591: Missing XML comment for publicly visible type or member 'CompressionType.None' [/home/lysander/repos/bannou/bannou-service/bannou-service.csproj]
/home/lysander/repos/bannou/bannou-service/Generated/Models/AssetModels.cs(115,5): warning CS1591: Missing XML comment for publicly visible type or member 'BundleFormat.Bannou' [/home/lysander/repos/bannou/bannou-service/bannou-service.csproj]
/home/lysander/repos/bannou/bannou-service/Generated/Models/AssetModels.cs(118,5): warning CS1591: Missing XML comment for publicly visible type or member 'BundleFormat.Zip' [/home/lysander/repos/bannou/bannou-service/bannou-service.csproj]
/home/lysander/repos/bannou/bannou-service/Generated/Models/AssetModels.cs(123,22): warning CS1591: Missing XML comment for publicly visible type or member 'UploadRequest' [/home/lysander/repos/bannou/bannou-service/bannou-service.csproj]
/home/lysander/repos/bannou/bannou-service/Generated/Models/AssetModels.cs(149,31): warning CS1591: Missing XML comment for publicly visible type or member 'UploadRequest.Metadata' [/home/lysander/repos/bannou/bannou-service/bannou-service.csproj]
/home/lysander/repos/bannou/bannou-service/Generated/Models/AssetModels.cs(154,68): warning CS1591: Missing XML comment for publicly visible type or member 'UploadRequest.AdditionalProperties' [/home/lysander/repos/bannou/bannou-service/bannou-service.csproj]
/home/lysander/repos/bannou/bannou-service/Generated/Models/AssetModels.cs(163,22): warning CS1591: Missing XML comment for publicly visible type or member 'UploadResponse' [/home/lysander/repos/bannou/bannou-service/bannou-service.csproj]
/home/lysander/repos/bannou/bannou-service/Generated/Models/AssetModels.cs(191,28): warning CS1591: Missing XML comment for publicly visible type or member 'UploadResponse.Multipart' [/home/lysander/repos/bannou/bannou-service/bannou-service.csproj]
/home/lysander/repos/bannou/bannou-service/Generated/Models/AssetModels.cs(196,68): warning CS1591: Missing XML comment for publicly visible type or member 'UploadResponse.AdditionalProperties' [/home/lysander/repos/bannou/bannou-service/bannou-service.csproj]
/home/lysander/repos/bannou/bannou-service/Generated/Models/AssetModels.cs(205,22): warning CS1591: Missing XML comment for publicly visible type or member 'CompleteUploadRequest' [/home/lysander/repos/bannou/bannou-service/bannou-service.csproj]
/home/lysander/repos/bannou/bannou-service/Generated/Models/AssetModels.cs(225,68): warning CS1591: Missing XML comment for publicly visible type or member 'CompleteUploadRequest.AdditionalProperties' [/home/lysander/repos/bannou/bannou-service/bannou-service.csproj]
/home/lysander/repos/bannou/bannou-service/Generated/Models/AssetModels.cs(234,22): warning CS1591: Missing XML comment for publicly visible type or member 'CompletedPart' [/home/lysander/repos/bannou/bannou-service/bannou-service.csproj]
/home/lysander/repos/bannou/bannou-service/Generated/Models/AssetModels.cs(254,68): warning CS1591: Missing XML comment for publicly visible type or member 'CompletedPart.AdditionalProperties' [/home/lysander/repos/bannou/bannou-service/bannou-service.csproj]
/home/lysander/repos/bannou/bannou-service/Generated/Models/AssetModels.cs(263,22): warning CS1591: Missing XML comment for publicly visible type or member 'MultipartConfig' [/home/lysander/repos/bannou/bannou-service/bannou-service.csproj]
/home/lysander/repos/bannou/bannou-service/Generated/Models/AssetModels.cs(285,67): warning CS1591: Missing XML comment for publicly visible type or member 'MultipartConfig.UploadUrls' [/home/lysander/repos/bannou/bannou-service/bannou-service.csproj]
/home/lysander/repos/bannou/bannou-service/Generated/Models/AssetModels.cs(290,68): warning CS1591: Missing XML comment for publicly visible type or member 'MultipartConfig.AdditionalProperties' [/home/lysander/repos/bannou/bannou-service/bannou-service.csproj]
/home/lysander/repos/bannou/bannou-service/Generated/Models/AssetModels.cs(299,22): warning CS1591: Missing XML comment for publicly visible type or member 'PartUploadInfo' [/home/lysander/repos/bannou/bannou-service/bannou-service.csproj]
/home/lysander/repos/bannou/bannou-service/Generated/Models/AssetModels.cs(331,68): warning CS1591: Missing XML comment for publicly visible type or member 'PartUploadInfo.AdditionalProperties' [/home/lysander/repos/bannou/bannou-service/bannou-service.csproj]
/home/lysander/repos/bannou/bannou-service/Generated/Models/AssetModels.cs(348,22): warning CS1591: Missing XML comment for publicly visible type or member 'AssetMetadataInput.AssetType' [/home/lysander/repos/bannou/bannou-service/bannou-service.csproj]
/home/lysander/repos/bannou/bannou-service/Generated/Models/AssetModels.cs(352,18): warning CS1591: Missing XML comment for publicly visible type or member 'AssetMetadataInput.Realm' [/home/lysander/repos/bannou/bannou-service/bannou-service.csproj]
/home/lysander/repos/bannou/bannou-service/Generated/Models/AssetModels.cs(363,68): warning CS1591: Missing XML comment for publicly visible type or member 'AssetMetadataInput.AdditionalProperties' [/home/lysander/repos/bannou/bannou-service/bannou-service.csproj]
/home/lysander/repos/bannou/bannou-service/Generated/Models/AssetModels.cs(410,22): warning CS1591: Missing XML comment for publicly visible type or member 'AssetMetadata.AssetType' [/home/lysander/repos/bannou/bannou-service/bannou-service.csproj]
/home/lysander/repos/bannou/bannou-service/Generated/Models/AssetModels.cs(414,18): warning CS1591: Missing XML comment for publicly visible type or member 'AssetMetadata.Realm' [/home/lysander/repos/bannou/bannou-service/bannou-service.csproj]
/home/lysander/repos/bannou/bannou-service/Generated/Models/AssetModels.cs(417,59): warning CS1591: Missing XML comment for publicly visible type or member 'AssetMetadata.Tags' [/home/lysander/repos/bannou/bannou-service/bannou-service.csproj]
/home/lysander/repos/bannou/bannou-service/Generated/Models/AssetModels.cs(421,29): warning CS1591: Missing XML comment for publicly visible type or member 'AssetMetadata.ProcessingStatus' [/home/lysander/repos/bannou/bannou-service/bannou-service.csproj]
/home/lysander/repos/bannou/bannou-service/Generated/Models/AssetModels.cs(430,34): warning CS1591: Missing XML comment for publicly visible type or member 'AssetMetadata.CreatedAt' [/home/lysander/repos/bannou/bannou-service/bannou-service.csproj]
/home/lysander/repos/bannou/bannou-service/Generated/Models/AssetModels.cs(433,34): warning CS1591: Missing XML comment for publicly visible type or member 'AssetMetadata.UpdatedAt' [/home/lysander/repos/bannou/bannou-service/bannou-service.csproj]
/home/lysander/repos/bannou/bannou-service/Generated/Models/AssetModels.cs(438,68): warning CS1591: Missing XML comment for publicly visible type or member 'AssetMetadata.AdditionalProperties' [/home/lysander/repos/bannou/bannou-service/bannou-service.csproj]
/home/lysander/repos/bannou/bannou-service/Generated/Models/AssetModels.cs(447,22): warning CS1591: Missing XML comment for publicly visible type or member 'GetAssetRequest' [/home/lysander/repos/bannou/bannou-service/bannou-service.csproj]
/home/lysander/repos/bannou/bannou-service/Generated/Models/AssetModels.cs(467,68): warning CS1591: Missing XML comment for publicly visible type or member 'GetAssetRequest.AdditionalProperties' [/home/lysander/repos/bannou/bannou-service/bannou-service.csproj]
/home/lysander/repos/bannou/bannou-service/Generated/Models/AssetModels.cs(476,22): warning CS1591: Missing XML comment for publicly visible type or member 'AssetWithDownloadUrl' [/home/lysander/repos/bannou/bannou-service/bannou-service.csproj]
/home/lysander/repos/bannou/bannou-service/Generated/Models/AssetModels.cs(480,19): warning CS1591: Missing XML comment for publicly visible type or member 'AssetWithDownloadUrl.AssetId' [/home/lysander/repos/bannou/bannou-service/bannou-service.csproj]
/home/lysander/repos/bannou/bannou-service/Generated/Models/AssetModels.cs(483,19): warning CS1591: Missing XML comment for publicly visible type or member 'AssetWithDownloadUrl.VersionId' [/home/lysander/repos/bannou/bannou-service/bannou-service.csproj]
/home/lysander/repos/bannou/bannou-service/Generated/Models/AssetModels.cs(498,17): warning CS1591: Missing XML comment for publicly visible type or member 'AssetWithDownloadUrl.Size' [/home/lysander/repos/bannou/bannou-service/bannou-service.csproj]
/home/lysander/repos/bannou/bannou-service/Generated/Models/AssetModels.cs(501,19): warning CS1591: Missing XML comment for publicly visible type or member 'AssetWithDownloadUrl.ContentHash' [/home/lysander/repos/bannou/bannou-service/bannou-service.csproj]
/home/lysander/repos/bannou/bannou-service/Generated/Models/AssetModels.cs(504,19): warning CS1591: Missing XML comment for publicly visible type or member 'AssetWithDownloadUrl.ContentType' [/home/lysander/repos/bannou/bannou-service/bannou-service.csproj]
/home/lysander/repos/bannou/bannou-service/Generated/Models/AssetModels.cs(507,26): warning CS1591: Missing XML comment for publicly visible type or member 'AssetWithDownloadUrl.Metadata' [/home/lysander/repos/bannou/bannou-service/bannou-service.csproj]
/home/lysander/repos/bannou/bannou-service/Generated/Models/AssetModels.cs(512,68): warning CS1591: Missing XML comment for publicly visible type or member 'AssetWithDownloadUrl.AdditionalProperties' [/home/lysander/repos/bannou/bannou-service/bannou-service.csproj]
/home/lysander/repos/bannou/bannou-service/Generated/Models/AssetModels.cs(521,22): warning CS1591: Missing XML comment for publicly visible type or member 'ListVersionsRequest' [/home/lysander/repos/bannou/bannou-service/bannou-service.csproj]
/home/lysander/repos/bannou/bannou-service/Generated/Models/AssetModels.cs(527,19): warning CS1591: Missing XML comment for publicly visible type or member 'ListVersionsRequest.AssetId' [/home/lysander/repos/bannou/bannou-service/bannou-service.csproj]
/home/lysander/repos/bannou/bannou-service/Generated/Models/AssetModels.cs(530,16): warning CS1591: Missing XML comment for publicly visible type or member 'ListVersionsRequest.Limit' [/home/lysander/repos/bannou/bannou-service/bannou-service.csproj]
/home/lysander/repos/bannou/bannou-service/Generated/Models/AssetModels.cs(533,16): warning CS1591: Missing XML comment for publicly visible type or member 'ListVersionsRequest.Offset' [/home/lysander/repos/bannou/bannou-service/bannou-service.csproj]
/home/lysander/repos/bannou/bannou-service/Generated/Models/AssetModels.cs(538,68): warning CS1591: Missing XML comment for publicly visible type or member 'ListVersionsRequest.AdditionalProperties' [/home/lysander/repos/bannou/bannou-service/bannou-service.csproj]
/home/lysander/repos/bannou/bannou-service/Generated/Models/AssetModels.cs(547,22): warning CS1591: Missing XML comment for publicly visible type or member 'AssetVersionList' [/home/lysander/repos/bannou/bannou-service/bannou-service.csproj]
/home/lysander/repos/bannou/bannou-service/Generated/Models/AssetModels.cs(551,19): warning CS1591: Missing XML comment for publicly visible type or member 'AssetVersionList.AssetId' [/home/lysander/repos/bannou/bannou-service/bannou-service.csproj]
/home/lysander/repos/bannou/bannou-service/Generated/Models/AssetModels.cs(554,65): warning CS1591: Missing XML comment for publicly visible type or member 'AssetVersionList.Versions' [/home/lysander/repos/bannou/bannou-service/bannou-service.csproj]
/home/lysander/repos/bannou/bannou-service/Generated/Models/AssetModels.cs(557,16): warning CS1591: Missing XML comment for publicly visible type or member 'AssetVersionList.Total' [/home/lysander/repos/bannou/bannou-service/bannou-service.csproj]
/home/lysander/repos/bannou/bannou-service/Generated/Models/AssetModels.cs(560,16): warning CS1591: Missing XML comment for publicly visible type or member 'AssetVersionList.Limit' [/home/lysander/repos/bannou/bannou-service/bannou-service.csproj]
/home/lysander/repos/bannou/bannou-service/Generated/Models/AssetModels.cs(563,16): warning CS1591: Missing XML comment for publicly visible type or member 'AssetVersionList.Offset' [/home/lysander/repos/bannou/bannou-service/bannou-service.csproj]
/home/lysander/repos/bannou/bannou-service/Generated/Models/AssetModels.cs(568,68): warning CS1591: Missing XML comment for publicly visible type or member 'AssetVersionList.AdditionalProperties' [/home/lysander/repos/bannou/bannou-service/bannou-service.csproj]
/home/lysander/repos/bannou/bannou-service/Generated/Models/AssetModels.cs(577,22): warning CS1591: Missing XML comment for publicly visible type or member 'AssetVersion' [/home/lysander/repos/bannou/bannou-service/bannou-service.csproj]
/home/lysander/repos/bannou/bannou-service/Generated/Models/AssetModels.cs(581,19): warning CS1591: Missing XML comment for publicly visible type or member 'AssetVersion.VersionId' [/home/lysander/repos/bannou/bannou-service/bannou-service.csproj]
/home/lysander/repos/bannou/bannou-service/Generated/Models/AssetModels.cs(584,34): warning CS1591: Missing XML comment for publicly visible type or member 'AssetVersion.CreatedAt' [/home/lysander/repos/bannou/bannou-service/bannou-service.csproj]
/home/lysander/repos/bannou/bannou-service/Generated/Models/AssetModels.cs(587,17): warning CS1591: Missing XML comment for publicly visible type or member 'AssetVersion.Size' [/home/lysander/repos/bannou/bannou-service/bannou-service.csproj]
/home/lysander/repos/bannou/bannou-service/Generated/Models/AssetModels.cs(598,68): warning CS1591: Missing XML comment for publicly visible type or member 'AssetVersion.AdditionalProperties' [/home/lysander/repos/bannou/bannou-service/bannou-service.csproj]
/home/lysander/repos/bannou/bannou-service/Generated/Models/AssetModels.cs(607,22): warning CS1591: Missing XML comment for publicly visible type or member 'AssetSearchRequest' [/home/lysander/repos/bannou/bannou-service/bannou-service.csproj]
/home/lysander/repos/bannou/bannou-service/Generated/Models/AssetModels.cs(611,59): warning CS1591: Missing XML comment for publicly visible type or member 'AssetSearchRequest.Tags' [/home/lysander/repos/bannou/bannou-service/bannou-service.csproj]
/home/lysander/repos/bannou/bannou-service/Generated/Models/AssetModels.cs(617,22): warning CS1591: Missing XML comment for publicly visible type or member 'AssetSearchRequest.AssetType' [/home/lysander/repos/bannou/bannou-service/bannou-service.csproj]
/home/lysander/repos/bannou/bannou-service/Generated/Models/AssetModels.cs(623,18): warning CS1591: Missing XML comment for publicly visible type or member 'AssetSearchRequest.Realm' [/home/lysander/repos/bannou/bannou-service/bannou-service.csproj]
/home/lysander/repos/bannou/bannou-service/Generated/Models/AssetModels.cs(632,16): warning CS1591: Missing XML comment for publicly visible type or member 'AssetSearchRequest.Limit' [/home/lysander/repos/bannou/bannou-service/bannou-service.csproj]
/home/lysander/repos/bannou/bannou-service/Generated/Models/AssetModels.cs(635,16): warning CS1591: Missing XML comment for publicly visible type or member 'AssetSearchRequest.Offset' [/home/lysander/repos/bannou/bannou-service/bannou-service.csproj]
/home/lysander/repos/bannou/bannou-service/Generated/Models/AssetModels.cs(640,68): warning CS1591: Missing XML comment for publicly visible type or member 'AssetSearchRequest.AdditionalProperties' [/home/lysander/repos/bannou/bannou-service/bannou-service.csproj]
/home/lysander/repos/bannou/bannou-service/Generated/Models/AssetModels.cs(649,22): warning CS1591: Missing XML comment for publicly visible type or member 'AssetSearchResult' [/home/lysander/repos/bannou/bannou-service/bannou-service.csproj]
/home/lysander/repos/bannou/bannou-service/Generated/Models/AssetModels.cs(653,66): warning CS1591: Missing XML comment for publicly visible type or member 'AssetSearchResult.Assets' [/home/lysander/repos/bannou/bannou-service/bannou-service.csproj]
/home/lysander/repos/bannou/bannou-service/Generated/Models/AssetModels.cs(656,16): warning CS1591: Missing XML comment for publicly visible type or member 'AssetSearchResult.Total' [/home/lysander/repos/bannou/bannou-service/bannou-service.csproj]
/home/lysander/repos/bannou/bannou-service/Generated/Models/AssetModels.cs(659,16): warning CS1591: Missing XML comment for publicly visible type or member 'AssetSearchResult.Limit' [/home/lysander/repos/bannou/bannou-service/bannou-service.csproj]
/home/lysander/repos/bannou/bannou-service/Generated/Models/AssetModels.cs(662,16): warning CS1591: Missing XML comment for publicly visible type or member 'AssetSearchResult.Offset' [/home/lysander/repos/bannou/bannou-service/bannou-service.csproj]
/home/lysander/repos/bannou/bannou-service/Generated/Models/AssetModels.cs(667,68): warning CS1591: Missing XML comment for publicly visible type or member 'AssetSearchResult.AdditionalProperties' [/home/lysander/repos/bannou/bannou-service/bannou-service.csproj]
/home/lysander/repos/bannou/bannou-service/Generated/Models/AssetModels.cs(676,22): warning CS1591: Missing XML comment for publicly visible type or member 'CreateBundleRequest' [/home/lysander/repos/bannou/bannou-service/bannou-service.csproj]
/home/lysander/repos/bannou/bannou-service/Generated/Models/AssetModels.cs(703,28): warning CS1591: Missing XML comment for publicly visible type or member 'CreateBundleRequest.Compression' [/home/lysander/repos/bannou/bannou-service/bannou-service.csproj]
/home/lysander/repos/bannou/bannou-service/Generated/Models/AssetModels.cs(714,68): warning CS1591: Missing XML comment for publicly visible type or member 'CreateBundleRequest.AdditionalProperties' [/home/lysander/repos/bannou/bannou-service/bannou-service.csproj]
/home/lysander/repos/bannou/bannou-service/Generated/Models/AssetModels.cs(723,22): warning CS1591: Missing XML comment for publicly visible type or member 'CreateBundleResponse' [/home/lysander/repos/bannou/bannou-service/bannou-service.csproj]
/home/lysander/repos/bannou/bannou-service/Generated/Models/AssetModels.cs(727,19): warning CS1591: Missing XML comment for publicly visible type or member 'CreateBundleResponse.BundleId' [/home/lysander/repos/bannou/bannou-service/bannou-service.csproj]
/home/lysander/repos/bannou/bannou-service/Generated/Models/AssetModels.cs(745,68): warning CS1591: Missing XML comment for publicly visible type or member 'CreateBundleResponse.AdditionalProperties' [/home/lysander/repos/bannou/bannou-service/bannou-service.csproj]
/home/lysander/repos/bannou/bannou-service/Generated/Models/AssetModels.cs(754,22): warning CS1591: Missing XML comment for publicly visible type or member 'GetBundleRequest' [/home/lysander/repos/bannou/bannou-service/bannou-service.csproj]
/home/lysander/repos/bannou/bannou-service/Generated/Models/AssetModels.cs(760,19): warning CS1591: Missing XML comment for publicly visible type or member 'GetBundleRequest.BundleId' [/home/lysander/repos/bannou/bannou-service/bannou-service.csproj]
/home/lysander/repos/bannou/bannou-service/Generated/Models/AssetModels.cs(764,25): warning CS1591: Missing XML comment for publicly visible type or member 'GetBundleRequest.Format' [/home/lysander/repos/bannou/bannou-service/bannou-service.csproj]
/home/lysander/repos/bannou/bannou-service/Generated/Models/AssetModels.cs(769,68): warning CS1591: Missing XML comment for publicly visible type or member 'GetBundleRequest.AdditionalProperties' [/home/lysander/repos/bannou/bannou-service/bannou-service.csproj]
/home/lysander/repos/bannou/bannou-service/Generated/Models/AssetModels.cs(778,22): warning CS1591: Missing XML comment for publicly visible type or member 'BundleWithDownloadUrl' [/home/lysander/repos/bannou/bannou-service/bannou-service.csproj]
/home/lysander/repos/bannou/bannou-service/Generated/Models/AssetModels.cs(782,19): warning CS1591: Missing XML comment for publicly visible type or member 'BundleWithDownloadUrl.BundleId' [/home/lysander/repos/bannou/bannou-service/bannou-service.csproj]
/home/lysander/repos/bannou/bannou-service/Generated/Models/AssetModels.cs(785,19): warning CS1591: Missing XML comment for publicly visible type or member 'BundleWithDownloadUrl.Version' [/home/lysander/repos/bannou/bannou-service/bannou-service.csproj]
/home/lysander/repos/bannou/bannou-service/Generated/Models/AssetModels.cs(788,23): warning CS1591: Missing XML comment for publicly visible type or member 'BundleWithDownloadUrl.DownloadUrl' [/home/lysander/repos/bannou/bannou-service/bannou-service.csproj]
/home/lysander/repos/bannou/bannou-service/Generated/Models/AssetModels.cs(792,25): warning CS1591: Missing XML comment for publicly visible type or member 'BundleWithDownloadUrl.Format' [/home/lysander/repos/bannou/bannou-service/bannou-service.csproj]
/home/lysander/repos/bannou/bannou-service/Generated/Models/AssetModels.cs(795,34): warning CS1591: Missing XML comment for publicly visible type or member 'BundleWithDownloadUrl.ExpiresAt' [/home/lysander/repos/bannou/bannou-service/bannou-service.csproj]
/home/lysander/repos/bannou/bannou-service/Generated/Models/AssetModels.cs(798,17): warning CS1591: Missing XML comment for publicly visible type or member 'BundleWithDownloadUrl.Size' [/home/lysander/repos/bannou/bannou-service/bannou-service.csproj]
/home/lysander/repos/bannou/bannou-service/Generated/Models/AssetModels.cs(801,16): warning CS1591: Missing XML comment for publicly visible type or member 'BundleWithDownloadUrl.AssetCount' [/home/lysander/repos/bannou/bannou-service/bannou-service.csproj]
/home/lysander/repos/bannou/bannou-service/Generated/Models/AssetModels.cs(812,68): warning CS1591: Missing XML comment for publicly visible type or member 'BundleWithDownloadUrl.AdditionalProperties' [/home/lysander/repos/bannou/bannou-service/bannou-service.csproj]
/home/lysander/repos/bannou/bannou-service/Generated/Models/AssetModels.cs(821,22): warning CS1591: Missing XML comment for publicly visible type or member 'BundleUploadRequest' [/home/lysander/repos/bannou/bannou-service/bannou-service.csproj]
/home/lysander/repos/bannou/bannou-service/Generated/Models/AssetModels.cs(833,17): warning CS1591: Missing XML comment for publicly visible type or member 'BundleUploadRequest.Size' [/home/lysander/repos/bannou/bannou-service/bannou-service.csproj]
/home/lysander/repos/bannou/bannou-service/Generated/Models/AssetModels.cs(836,34): warning CS1591: Missing XML comment for publicly visible type or member 'BundleUploadRequest.ManifestPreview' [/home/lysander/repos/bannou/bannou-service/bannou-service.csproj]
/home/lysander/repos/bannou/bannou-service/Generated/Models/AssetModels.cs(841,68): warning CS1591: Missing XML comment for publicly visible type or member 'BundleUploadRequest.AdditionalProperties' [/home/lysander/repos/bannou/bannou-service/bannou-service.csproj]
/home/lysander/repos/bannou/bannou-service/Generated/Models/AssetModels.cs(857,19): warning CS1591: Missing XML comment for publicly visible type or member 'BundleManifestPreview.BundleId' [/home/lysander/repos/bannou/bannou-service/bannou-service.csproj]
/home/lysander/repos/bannou/bannou-service/Generated/Models/AssetModels.cs(860,19): warning CS1591: Missing XML comment for publicly visible type or member 'BundleManifestPreview.Version' [/home/lysander/repos/bannou/bannou-service/bannou-service.csproj]
/home/lysander/repos/bannou/bannou-service/Generated/Models/AssetModels.cs(863,16): warning CS1591: Missing XML comment for publicly visible type or member 'BundleManifestPreview.AssetCount' [/home/lysander/repos/bannou/bannou-service/bannou-service.csproj]
/home/lysander/repos/bannou/bannou-service/Generated/Models/AssetModels.cs(868,68): warning CS1591: Missing XML comment for publicly visible type or member 'BundleManifestPreview.AdditionalProperties' [/home/lysander/repos/bannou/bannou-service/bannou-service.csproj]
/home/lysander/repos/bannou/bannou-service/Generated/Models/AssetModels.cs(877,13): warning CS1591: Missing XML comment for publicly visible type or member 'CreateBundleResponseStatus' [/home/lysander/repos/bannou/bannou-service/bannou-service.csproj]
/home/lysander/repos/bannou/bannou-service/Generated/Models/AssetModels.cs(881,5): warning CS1591: Missing XML comment for publicly visible type or member 'CreateBundleResponseStatus.Queued' [/home/lysander/repos/bannou/bannou-service/bannou-service.csproj]
/home/lysander/repos/bannou/bannou-service/Generated/Models/AssetModels.cs(884,5): warning CS1591: Missing XML comment for publicly visible type or member 'CreateBundleResponseStatus.Processing' [/home/lysander/repos/bannou/bannou-service/bannou-service.csproj]
/home/lysander/repos/bannou/bannou-service/Generated/Models/AssetModels.cs(887,5): warning CS1591: Missing XML comment for publicly visible type or member 'CreateBundleResponseStatus.Ready' [/home/lysander/repos/bannou/bannou-service/bannou-service.csproj]
/home/lysander/repos/bannou/bannou-service/Generated/Models/AssetModels.cs(890,5): warning CS1591: Missing XML comment for publicly visible type or member 'CreateBundleResponseStatus.Failed' [/home/lysander/repos/bannou/bannou-service/bannou-service.csproj]
/home/lysander/repos/bannou/bannou-service/Generated/Clients/AuthClient.cs(19,26): warning CS1591: Missing XML comment for publicly visible type or member 'IAuthClient' [/home/lysander/repos/bannou/bannou-service/bannou-service.csproj]
/home/lysander/repos/bannou/bannou-service/Generated/Clients/AuthClient.cs(28,71): warning CS1573: Parameter 'body' has no matching param tag in the XML comment for 'IAuthClient.LoginAsync(LoginRequest, CancellationToken)' (but other parameters do) [/home/lysander/repos/bannou/bannou-service/bannou-service.csproj]
/home/lysander/repos/bannou/bannou-service/Generated/Clients/AuthClient.cs(36,81): warning CS1573: Parameter 'body' has no matching param tag in the XML comment for 'IAuthClient.RegisterAsync(RegisterRequest, CancellationToken)' (but other parameters do) [/home/lysander/repos/bannou/bannou-service/bannou-service.csproj]
/home/lysander/repos/bannou/bannou-service/Generated/Clients/AuthClient.cs(50,57): warning CS1573: Parameter 'provider' has no matching param tag in the XML comment for 'IAuthClient.InitOAuthAsync(Provider, Uri, string?, CancellationToken)' (but other parameters do) [/home/lysander/repos/bannou/bannou-service/bannou-service.csproj]
/home/lysander/repos/bannou/bannou-service/Generated/Clients/AuthClient.cs(50,78): warning CS1573: Parameter 'redirectUri' has no matching param tag in the XML comment for 'IAuthClient.InitOAuthAsync(Provider, Uri, string?, CancellationToken)' (but other parameters do) [/home/lysander/repos/bannou/bannou-service/bannou-service.csproj]
/home/lysander/repos/bannou/bannou-service/Generated/Clients/AuthClient.cs(50,99): warning CS1573: Parameter 'state' has no matching param tag in the XML comment for 'IAuthClient.InitOAuthAsync(Provider, Uri, string?, CancellationToken)' (but other parameters do) [/home/lysander/repos/bannou/bannou-service/bannou-service.csproj]
/home/lysander/repos/bannou/bannou-service/Generated/Clients/AuthClient.cs(65,75): warning CS1573: Parameter 'provider' has no matching param tag in the XML comment for 'IAuthClient.CompleteOAuthAsync(Provider, OAuthCallbackRequest, CancellationToken)' (but other parameters do) [/home/lysander/repos/bannou/bannou-service/bannou-service.csproj]
/home/lysander/repos/bannou/bannou-service/Generated/Clients/AuthClient.cs(65,106): warning CS1573: Parameter 'body' has no matching param tag in the XML comment for 'IAuthClient.CompleteOAuthAsync(Provider, OAuthCallbackRequest, CancellationToken)' (but other parameters do) [/home/lysander/repos/bannou/bannou-service/bannou-service.csproj]
/home/lysander/repos/bannou/bannou-service/Generated/Clients/AuthClient.cs(78,87): warning CS1573: Parameter 'body' has no matching param tag in the XML comment for 'IAuthClient.VerifySteamAuthAsync(SteamVerifyRequest, CancellationToken)' (but other parameters do) [/home/lysander/repos/bannou/bannou-service/bannou-service.csproj]
/home/lysander/repos/bannou/bannou-service/Generated/Clients/AuthClient.cs(86,80): warning CS1573: Parameter 'body' has no matching param tag in the XML comment for 'IAuthClient.RefreshTokenAsync(RefreshRequest, CancellationToken)' (but other parameters do) [/home/lysander/repos/bannou/bannou-service/bannou-service.csproj]
/home/lysander/repos/bannou/bannou-service/Generated/Clients/AuthClient.cs(102,60): warning CS1573: Parameter 'body' has no matching param tag in the XML comment for 'IAuthClient.LogoutAsync(LogoutRequest?, CancellationToken)' (but other parameters do) [/home/lysander/repos/bannou/bannou-service/bannou-service.csproj]
/home/lysander/repos/bannou/bannou-service/Generated/Clients/AuthClient.cs(118,79): warning CS1573: Parameter 'body' has no matching param tag in the XML comment for 'IAuthClient.TerminateSessionAsync(TerminateSessionRequest, CancellationToken)' (but other parameters do) [/home/lysander/repos/bannou/bannou-service/bannou-service.csproj]
/home/lysander/repos/bannou/bannou-service/Generated/Clients/AuthClient.cs(126,80): warning CS1573: Parameter 'body' has no matching param tag in the XML comment for 'IAuthClient.RequestPasswordResetAsync(PasswordResetRequest, CancellationToken)' (but other parameters do) [/home/lysander/repos/bannou/bannou-service/bannou-service.csproj]
/home/lysander/repos/bannou/bannou-service/Generated/Clients/AuthClient.cs(134,87): warning CS1573: Parameter 'body' has no matching param tag in the XML comment for 'IAuthClient.ConfirmPasswordResetAsync(PasswordResetConfirmRequest, CancellationToken)' (but other parameters do) [/home/lysander/repos/bannou/bannou-service/bannou-service.csproj]
/home/lysander/repos/bannou/bannou-service/Generated/Clients/AuthClient.cs(138,22): warning CS1591: Missing XML comment for publicly visible type or member 'AuthClient' [/home/lysander/repos/bannou/bannou-service/bannou-service.csproj]
/home/lysander/repos/bannou/bannou-service/Generated/Clients/AuthClient.cs(158,12): warning CS1591: Missing XML comment for publicly visible type or member 'AuthClient.AuthClient(IMeshInvocationClient, IServiceAppMappingResolver, ILogger<AuthClient>?)' [/home/lysander/repos/bannou/bannou-service/bannou-service.csproj]
/home/lysander/repos/bannou/bannou-service/Generated/Clients/AuthClient.cs(166,54): warning CS1591: Missing XML comment for publicly visible type or member 'AuthClient.JsonSerializerSettings' [/home/lysander/repos/bannou/bannou-service/bannou-service.csproj]
/home/lysander/repos/bannou/bannou-service/Generated/Clients/AuthClient.cs(266,92): warning CS1573: Parameter 'body' has no matching param tag in the XML comment for 'AuthClient.LoginAsync(LoginRequest, CancellationToken)' (but other parameters do) [/home/lysander/repos/bannou/bannou-service/bannou-service.csproj]
/home/lysander/repos/bannou/bannou-service/Generated/Clients/AuthClient.cs(357,102): warning CS1573: Parameter 'body' has no matching param tag in the XML comment for 'AuthClient.RegisterAsync(RegisterRequest, CancellationToken)' (but other parameters do) [/home/lysander/repos/bannou/bannou-service/bannou-service.csproj]
/home/lysander/repos/bannou/bannou-service/Generated/Clients/AuthClient.cs(454,78): warning CS1573: Parameter 'provider' has no matching param tag in the XML comment for 'AuthClient.InitOAuthAsync(Provider, Uri, string?, CancellationToken)' (but other parameters do) [/home/lysander/repos/bannou/bannou-service/bannou-service.csproj]
/home/lysander/repos/bannou/bannou-service/Generated/Clients/AuthClient.cs(454,99): warning CS1573: Parameter 'redirectUri' has no matching param tag in the XML comment for 'AuthClient.InitOAuthAsync(Provider, Uri, string?, CancellationToken)' (but other parameters do) [/home/lysander/repos/bannou/bannou-service/bannou-service.csproj]
/home/lysander/repos/bannou/bannou-service/Generated/Clients/AuthClient.cs(454,120): warning CS1573: Parameter 'state' has no matching param tag in the XML comment for 'AuthClient.InitOAuthAsync(Provider, Uri, string?, CancellationToken)' (but other parameters do) [/home/lysander/repos/bannou/bannou-service/bannou-service.csproj]
/home/lysander/repos/bannou/bannou-service/Generated/Clients/AuthClient.cs(550,96): warning CS1573: Parameter 'provider' has no matching param tag in the XML comment for 'AuthClient.CompleteOAuthAsync(Provider, OAuthCallbackRequest, CancellationToken)' (but other parameters do) [/home/lysander/repos/bannou/bannou-service/bannou-service.csproj]
/home/lysander/repos/bannou/bannou-service/Generated/Clients/AuthClient.cs(550,127): warning CS1573: Parameter 'body' has no matching param tag in the XML comment for 'AuthClient.CompleteOAuthAsync(Provider, OAuthCallbackRequest, CancellationToken)' (but other parameters do) [/home/lysander/repos/bannou/bannou-service/bannou-service.csproj]
/home/lysander/repos/bannou/bannou-service/Generated/Clients/AuthClient.cs(639,108): warning CS1573: Parameter 'body' has no matching param tag in the XML comment for 'AuthClient.VerifySteamAuthAsync(SteamVerifyRequest, CancellationToken)' (but other parameters do) [/home/lysander/repos/bannou/bannou-service/bannou-service.csproj]
/home/lysander/repos/bannou/bannou-service/Generated/Clients/AuthClient.cs(730,101): warning CS1573: Parameter 'body' has no matching param tag in the XML comment for 'AuthClient.RefreshTokenAsync(RefreshRequest, CancellationToken)' (but other parameters do) [/home/lysander/repos/bannou/bannou-service/bannou-service.csproj]
/home/lysander/repos/bannou/bannou-service/Generated/Clients/AuthClient.cs(894,81): warning CS1573: Parameter 'body' has no matching param tag in the XML comment for 'AuthClient.LogoutAsync(LogoutRequest?, CancellationToken)' (but other parameters do) [/home/lysander/repos/bannou/bannou-service/bannou-service.csproj]
/home/lysander/repos/bannou/bannou-service/Generated/Clients/AuthClient.cs(1037,100): warning CS1573: Parameter 'body' has no matching param tag in the XML comment for 'AuthClient.TerminateSessionAsync(TerminateSessionRequest, CancellationToken)' (but other parameters do) [/home/lysander/repos/bannou/bannou-service/bannou-service.csproj]
/home/lysander/repos/bannou/bannou-service/Generated/Clients/AuthClient.cs(1116,101): warning CS1573: Parameter 'body' has no matching param tag in the XML comment for 'AuthClient.RequestPasswordResetAsync(PasswordResetRequest, CancellationToken)' (but other parameters do) [/home/lysander/repos/bannou/bannou-service/bannou-service.csproj]
/home/lysander/repos/bannou/bannou-service/Generated/Clients/AuthClient.cs(1189,108): warning CS1573: Parameter 'body' has no matching param tag in the XML comment for 'AuthClient.ConfirmPasswordResetAsync(PasswordResetConfirmRequest, CancellationToken)' (but other parameters do) [/home/lysander/repos/bannou/bannou-service/bannou-service.csproj]
/home/lysander/repos/bannou/bannou-service/Generated/Clients/AuthClient.cs(1256,22): warning CS1591: Missing XML comment for publicly visible type or member 'AuthClient.ObjectResponseResult<T>' [/home/lysander/repos/bannou/bannou-service/bannou-service.csproj]
/home/lysander/repos/bannou/bannou-service/Generated/Clients/AuthClient.cs(1258,16): warning CS1591: Missing XML comment for publicly visible type or member 'AuthClient.ObjectResponseResult<T>.ObjectResponseResult(T, string)' [/home/lysander/repos/bannou/bannou-service/bannou-service.csproj]
/home/lysander/repos/bannou/bannou-service/Generated/Clients/AuthClient.cs(1264,18): warning CS1591: Missing XML comment for publicly visible type or member 'AuthClient.ObjectResponseResult<T>.Object' [/home/lysander/repos/bannou/bannou-service/bannou-service.csproj]
/home/lysander/repos/bannou/bannou-service/Generated/Clients/AuthClient.cs(1266,23): warning CS1591: Missing XML comment for publicly visible type or member 'AuthClient.ObjectResponseResult<T>.Text' [/home/lysander/repos/bannou/bannou-service/bannou-service.csproj]
/home/lysander/repos/bannou/bannou-service/Generated/Clients/AuthClient.cs(1289,17): warning CS1591: Missing XML comment for publicly visible type or member 'AuthClient.ReadResponseAsString' [/home/lysander/repos/bannou/bannou-service/bannou-service.csproj]
/home/lysander/repos/bannou/bannou-service/Generated/Clients/AuthClient.cs(1291,86): warning CS1591: Missing XML comment for publicly visible type or member 'AuthClient.ReadObjectResponseAsync<T>(HttpResponseMessage, IReadOnlyDictionary<string, IEnumerable<string>>, CancellationToken)' [/home/lysander/repos/bannou/bannou-service/bannou-service.csproj]
/home/lysander/repos/bannou/bannou-service/Generated/Models/AuthModels.cs(25,5): warning CS1591: Missing XML comment for publicly visible type or member 'Provider.Google' [/home/lysander/repos/bannou/bannou-service/bannou-service.csproj]
/home/lysander/repos/bannou/bannou-service/Generated/Models/AuthModels.cs(28,5): warning CS1591: Missing XML comment for publicly visible type or member 'Provider.Discord' [/home/lysander/repos/bannou/bannou-service/bannou-service.csproj]
/home/lysander/repos/bannou/bannou-service/Generated/Models/AuthModels.cs(31,5): warning CS1591: Missing XML comment for publicly visible type or member 'Provider.Twitch' [/home/lysander/repos/bannou/bannou-service/bannou-service.csproj]
/home/lysander/repos/bannou/bannou-service/Generated/Models/AuthModels.cs(53,68): warning CS1591: Missing XML comment for publicly visible type or member 'InitOAuthResponse.AdditionalProperties' [/home/lysander/repos/bannou/bannou-service/bannou-service.csproj]
/home/lysander/repos/bannou/bannou-service/Generated/Models/AuthModels.cs(79,68): warning CS1591: Missing XML comment for publicly visible type or member 'TerminateSessionRequest.AdditionalProperties' [/home/lysander/repos/bannou/bannou-service/bannou-service.csproj]
/home/lysander/repos/bannou/bannou-service/Generated/Models/AuthModels.cs(88,22): warning CS1591: Missing XML comment for publicly visible type or member 'LoginRequest' [/home/lysander/repos/bannou/bannou-service/bannou-service.csproj]
/home/lysander/repos/bannou/bannou-service/Generated/Models/AuthModels.cs(94,19): warning CS1591: Missing XML comment for publicly visible type or member 'LoginRequest.Email' [/home/lysander/repos/bannou/bannou-service/bannou-service.csproj]
/home/lysander/repos/bannou/bannou-service/Generated/Models/AuthModels.cs(99,19): warning CS1591: Missing XML comment for publicly visible type or member 'LoginRequest.Password' [/home/lysander/repos/bannou/bannou-service/bannou-service.csproj]
/home/lysander/repos/bannou/bannou-service/Generated/Models/AuthModels.cs(102,17): warning CS1591: Missing XML comment for publicly visible type or member 'LoginRequest.RememberMe' [/home/lysander/repos/bannou/bannou-service/bannou-service.csproj]
/home/lysander/repos/bannou/bannou-service/Generated/Models/AuthModels.cs(105,23): warning CS1591: Missing XML comment for publicly visible type or member 'LoginRequest.DeviceInfo' [/home/lysander/repos/bannou/bannou-service/bannou-service.csproj]
/home/lysander/repos/bannou/bannou-service/Generated/Models/AuthModels.cs(110,68): warning CS1591: Missing XML comment for publicly visible type or member 'LoginRequest.AdditionalProperties' [/home/lysander/repos/bannou/bannou-service/bannou-service.csproj]
/home/lysander/repos/bannou/bannou-service/Generated/Models/AuthModels.cs(153,68): warning CS1591: Missing XML comment for publicly visible type or member 'RegisterRequest.AdditionalProperties' [/home/lysander/repos/bannou/bannou-service/bannou-service.csproj]
/home/lysander/repos/bannou/bannou-service/Generated/Models/AuthModels.cs(193,68): warning CS1591: Missing XML comment for publicly visible type or member 'RegisterResponse.AdditionalProperties' [/home/lysander/repos/bannou/bannou-service/bannou-service.csproj]
/home/lysander/repos/bannou/bannou-service/Generated/Models/AuthModels.cs(225,68): warning CS1591: Missing XML comment for publicly visible type or member 'LoginResponse.AdditionalProperties' [/home/lysander/repos/bannou/bannou-service/bannou-service.csproj]
/home/lysander/repos/bannou/bannou-service/Generated/Models/AuthModels.cs(234,22): warning CS1591: Missing XML comment for publicly visible type or member 'AuthResponse' [/home/lysander/repos/bannou/bannou-service/bannou-service.csproj]
/home/lysander/repos/bannou/bannou-service/Generated/Models/AuthModels.cs(240,24): warning CS1591: Missing XML comment for publicly visible type or member 'AuthResponse.AccountId' [/home/lysander/repos/bannou/bannou-service/bannou-service.csproj]
/home/lysander/repos/bannou/bannou-service/Generated/Models/AuthModels.cs(245,19): warning CS1591: Missing XML comment for publicly visible type or member 'AuthResponse.AccessToken' [/home/lysander/repos/bannou/bannou-service/bannou-service.csproj]
/home/lysander/repos/bannou/bannou-service/Generated/Models/AuthModels.cs(250,19): warning CS1591: Missing XML comment for publicly visible type or member 'AuthResponse.RefreshToken' [/home/lysander/repos/bannou/bannou-service/bannou-service.csproj]
/home/lysander/repos/bannou/bannou-service/Generated/Models/AuthModels.cs(267,59): warning CS1591: Missing XML comment for publicly visible type or member 'AuthResponse.Roles' [/home/lysander/repos/bannou/bannou-service/bannou-service.csproj]
/home/lysander/repos/bannou/bannou-service/Generated/Models/AuthModels.cs(270,17): warning CS1591: Missing XML comment for publicly visible type or member 'AuthResponse.RequiresTwoFactor' [/home/lysander/repos/bannou/bannou-service/bannou-service.csproj]
/home/lysander/repos/bannou/bannou-service/Generated/Models/AuthModels.cs(275,68): warning CS1591: Missing XML comment for publicly visible type or member 'AuthResponse.AdditionalProperties' [/home/lysander/repos/bannou/bannou-service/bannou-service.csproj]
/home/lysander/repos/bannou/bannou-service/Generated/Models/AuthModels.cs(284,22): warning CS1591: Missing XML comment for publicly visible type or member 'OAuthCallbackRequest' [/home/lysander/repos/bannou/bannou-service/bannou-service.csproj]
/home/lysander/repos/bannou/bannou-service/Generated/Models/AuthModels.cs(290,19): warning CS1591: Missing XML comment for publicly visible type or member 'OAuthCallbackRequest.Code' [/home/lysander/repos/bannou/bannou-service/bannou-service.csproj]
/home/lysander/repos/bannou/bannou-service/Generated/Models/AuthModels.cs(293,20): warning CS1591: Missing XML comment for publicly visible type or member 'OAuthCallbackRequest.State' [/home/lysander/repos/bannou/bannou-service/bannou-service.csproj]
/home/lysander/repos/bannou/bannou-service/Generated/Models/AuthModels.cs(296,23): warning CS1591: Missing XML comment for publicly visible type or member 'OAuthCallbackRequest.DeviceInfo' [/home/lysander/repos/bannou/bannou-service/bannou-service.csproj]
/home/lysander/repos/bannou/bannou-service/Generated/Models/AuthModels.cs(301,68): warning CS1591: Missing XML comment for publicly visible type or member 'OAuthCallbackRequest.AdditionalProperties' [/home/lysander/repos/bannou/bannou-service/bannou-service.csproj]
/home/lysander/repos/bannou/bannou-service/Generated/Models/AuthModels.cs(330,23): warning CS1591: Missing XML comment for publicly visible type or member 'SteamVerifyRequest.DeviceInfo' [/home/lysander/repos/bannou/bannou-service/bannou-service.csproj]
/home/lysander/repos/bannou/bannou-service/Generated/Models/AuthModels.cs(335,68): warning CS1591: Missing XML comment for publicly visible type or member 'SteamVerifyRequest.AdditionalProperties' [/home/lysander/repos/bannou/bannou-service/bannou-service.csproj]
/home/lysander/repos/bannou/bannou-service/Generated/Models/AuthModels.cs(344,22): warning CS1591: Missing XML comment for publicly visible type or member 'RefreshRequest' [/home/lysander/repos/bannou/bannou-service/bannou-service.csproj]
/home/lysander/repos/bannou/bannou-service/Generated/Models/AuthModels.cs(350,19): warning CS1591: Missing XML comment for publicly visible type or member 'RefreshRequest.RefreshToken' [/home/lysander/repos/bannou/bannou-service/bannou-service.csproj]
/home/lysander/repos/bannou/bannou-service/Generated/Models/AuthModels.cs(355,68): warning CS1591: Missing XML comment for publicly visible type or member 'RefreshRequest.AdditionalProperties' [/home/lysander/repos/bannou/bannou-service/bannou-service.csproj]
/home/lysander/repos/bannou/bannou-service/Generated/Models/AuthModels.cs(364,22): warning CS1591: Missing XML comment for publicly visible type or member 'ValidateTokenResponse' [/home/lysander/repos/bannou/bannou-service/bannou-service.csproj]
/home/lysander/repos/bannou/bannou-service/Generated/Models/AuthModels.cs(368,17): warning CS1591: Missing XML comment for publicly visible type or member 'ValidateTokenResponse.Valid' [/home/lysander/repos/bannou/bannou-service/bannou-service.csproj]
/home/lysander/repos/bannou/bannou-service/Generated/Models/AuthModels.cs(373,24): warning CS1591: Missing XML comment for publicly visible type or member 'ValidateTokenResponse.AccountId' [/home/lysander/repos/bannou/bannou-service/bannou-service.csproj]
/home/lysander/repos/bannou/bannou-service/Generated/Models/AuthModels.cs(384,59): warning CS1591: Missing XML comment for publicly visible type or member 'ValidateTokenResponse.Roles' [/home/lysander/repos/bannou/bannou-service/bannou-service.csproj]
/home/lysander/repos/bannou/bannou-service/Generated/Models/AuthModels.cs(403,68): warning CS1591: Missing XML comment for publicly visible type or member 'ValidateTokenResponse.AdditionalProperties' [/home/lysander/repos/bannou/bannou-service/bannou-service.csproj]
/home/lysander/repos/bannou/bannou-service/Generated/Models/AuthModels.cs(412,22): warning CS1591: Missing XML comment for publicly visible type or member 'LogoutRequest' [/home/lysander/repos/bannou/bannou-service/bannou-service.csproj]
/home/lysander/repos/bannou/bannou-service/Generated/Models/AuthModels.cs(424,68): warning CS1591: Missing XML comment for publicly visible type or member 'LogoutRequest.AdditionalProperties' [/home/lysander/repos/bannou/bannou-service/bannou-service.csproj]
/home/lysander/repos/bannou/bannou-service/Generated/Models/AuthModels.cs(433,22): warning CS1591: Missing XML comment for publicly visible type or member 'SessionsResponse' [/home/lysander/repos/bannou/bannou-service/bannou-service.csproj]
/home/lysander/repos/bannou/bannou-service/Generated/Models/AuthModels.cs(439,64): warning CS1591: Missing XML comment for publicly visible type or member 'SessionsResponse.Sessions' [/home/lysander/repos/bannou/bannou-service/bannou-service.csproj]
/home/lysander/repos/bannou/bannou-service/Generated/Models/AuthModels.cs(444,68): warning CS1591: Missing XML comment for publicly visible type or member 'SessionsResponse.AdditionalProperties' [/home/lysander/repos/bannou/bannou-service/bannou-service.csproj]
/home/lysander/repos/bannou/bannou-service/Generated/Models/AuthModels.cs(453,22): warning CS1591: Missing XML comment for publicly visible type or member 'SessionInfo' [/home/lysander/repos/bannou/bannou-service/bannou-service.csproj]
/home/lysander/repos/bannou/bannou-service/Generated/Models/AuthModels.cs(459,24): warning CS1591: Missing XML comment for publicly visible type or member 'SessionInfo.SessionId' [/home/lysander/repos/bannou/bannou-service/bannou-service.csproj]
/home/lysander/repos/bannou/bannou-service/Generated/Models/AuthModels.cs(462,23): warning CS1591: Missing XML comment for publicly visible type or member 'SessionInfo.DeviceInfo' [/home/lysander/repos/bannou/bannou-service/bannou-service.csproj]
/home/lysander/repos/bannou/bannou-service/Generated/Models/AuthModels.cs(467,34): warning CS1591: Missing XML comment for publicly visible type or member 'SessionInfo.CreatedAt' [/home/lysander/repos/bannou/bannou-service/bannou-service.csproj]
/home/lysander/repos/bannou/bannou-service/Generated/Models/AuthModels.cs(472,34): warning CS1591: Missing XML comment for publicly visible type or member 'SessionInfo.LastActive' [/home/lysander/repos/bannou/bannou-service/bannou-service.csproj]
/home/lysander/repos/bannou/bannou-service/Generated/Models/AuthModels.cs(475,19): warning CS1591: Missing XML comment for publicly visible type or member 'SessionInfo.IpAddress' [/home/lysander/repos/bannou/bannou-service/bannou-service.csproj]
/home/lysander/repos/bannou/bannou-service/Generated/Models/AuthModels.cs(478,20): warning CS1591: Missing XML comment for publicly visible type or member 'SessionInfo.Location' [/home/lysander/repos/bannou/bannou-service/bannou-service.csproj]
/home/lysander/repos/bannou/bannou-service/Generated/Models/AuthModels.cs(483,68): warning CS1591: Missing XML comment for publicly visible type or member 'SessionInfo.AdditionalProperties' [/home/lysander/repos/bannou/bannou-service/bannou-service.csproj]
/home/lysander/repos/bannou/bannou-service/Generated/Models/AuthModels.cs(492,22): warning CS1591: Missing XML comment for publicly visible type or member 'DeviceInfo' [/home/lysander/repos/bannou/bannou-service/bannou-service.csproj]
/home/lysander/repos/bannou/bannou-service/Generated/Models/AuthModels.cs(497,33): warning CS1591: Missing XML comment for publicly visible type or member 'DeviceInfo.DeviceType' [/home/lysander/repos/bannou/bannou-service/bannou-service.csproj]
/home/lysander/repos/bannou/bannou-service/Generated/Models/AuthModels.cs(500,19): warning CS1591: Missing XML comment for publicly visible type or member 'DeviceInfo.Platform' [/home/lysander/repos/bannou/bannou-service/bannou-service.csproj]
/home/lysander/repos/bannou/bannou-service/Generated/Models/AuthModels.cs(503,20): warning CS1591: Missing XML comment for publicly visible type or member 'DeviceInfo.Browser' [/home/lysander/repos/bannou/bannou-service/bannou-service.csproj]
/home/lysander/repos/bannou/bannou-service/Generated/Models/AuthModels.cs(506,20): warning CS1591: Missing XML comment for publicly visible type or member 'DeviceInfo.AppVersion' [/home/lysander/repos/bannou/bannou-service/bannou-service.csproj]
/home/lysander/repos/bannou/bannou-service/Generated/Models/AuthModels.cs(511,68): warning CS1591: Missing XML comment for publicly visible type or member 'DeviceInfo.AdditionalProperties' [/home/lysander/repos/bannou/bannou-service/bannou-service.csproj]
/home/lysander/repos/bannou/bannou-service/Generated/Models/AuthModels.cs(520,22): warning CS1591: Missing XML comment for publicly visible type or member 'PasswordResetRequest' [/home/lysander/repos/bannou/bannou-service/bannou-service.csproj]
/home/lysander/repos/bannou/bannou-service/Generated/Models/AuthModels.cs(526,19): warning CS1591: Missing XML comment for publicly visible type or member 'PasswordResetRequest.Email' [/home/lysander/repos/bannou/bannou-service/bannou-service.csproj]
/home/lysander/repos/bannou/bannou-service/Generated/Models/AuthModels.cs(531,68): warning CS1591: Missing XML comment for publicly visible type or member 'PasswordResetRequest.AdditionalProperties' [/home/lysander/repos/bannou/bannou-service/bannou-service.csproj]
/home/lysander/repos/bannou/bannou-service/Generated/Models/AuthModels.cs(540,22): warning CS1591: Missing XML comment for publicly visible type or member 'PasswordResetConfirmRequest' [/home/lysander/repos/bannou/bannou-service/bannou-service.csproj]
/home/lysander/repos/bannou/bannou-service/Generated/Models/AuthModels.cs(546,19): warning CS1591: Missing XML comment for publicly visible type or member 'PasswordResetConfirmRequest.Token' [/home/lysander/repos/bannou/bannou-service/bannou-service.csproj]
/home/lysander/repos/bannou/bannou-service/Generated/Models/AuthModels.cs(552,19): warning CS1591: Missing XML comment for publicly visible type or member 'PasswordResetConfirmRequest.NewPassword' [/home/lysander/repos/bannou/bannou-service/bannou-service.csproj]
/home/lysander/repos/bannou/bannou-service/Generated/Models/AuthModels.cs(557,68): warning CS1591: Missing XML comment for publicly visible type or member 'PasswordResetConfirmRequest.AdditionalProperties' [/home/lysander/repos/bannou/bannou-service/bannou-service.csproj]
/home/lysander/repos/bannou/bannou-service/Generated/Models/AuthModels.cs(575,62): warning CS1591: Missing XML comment for publicly visible type or member 'OAuthProvidersResponse.Providers' [/home/lysander/repos/bannou/bannou-service/bannou-service.csproj]
/home/lysander/repos/bannou/bannou-service/Generated/Models/AuthModels.cs(580,68): warning CS1591: Missing XML comment for publicly visible type or member 'OAuthProvidersResponse.AdditionalProperties' [/home/lysander/repos/bannou/bannou-service/bannou-service.csproj]
/home/lysander/repos/bannou/bannou-service/Generated/Models/AuthModels.cs(610,68): warning CS1591: Missing XML comment for publicly visible type or member 'RoutingPreferenceResponse.AdditionalProperties' [/home/lysander/repos/bannou/bannou-service/bannou-service.csproj]
/home/lysander/repos/bannou/bannou-service/Generated/Models/AuthModels.cs(619,13): warning CS1591: Missing XML comment for publicly visible type or member 'DeviceInfoDeviceType' [/home/lysander/repos/bannou/bannou-service/bannou-service.csproj]
/home/lysander/repos/bannou/bannou-service/Generated/Models/AuthModels.cs(623,5): warning CS1591: Missing XML comment for publicly visible type or member 'DeviceInfoDeviceType.Desktop' [/home/lysander/repos/bannou/bannou-service/bannou-service.csproj]
/home/lysander/repos/bannou/bannou-service/Generated/Models/AuthModels.cs(626,5): warning CS1591: Missing XML comment for publicly visible type or member 'DeviceInfoDeviceType.Mobile' [/home/lysander/repos/bannou/bannou-service/bannou-service.csproj]
/home/lysander/repos/bannou/bannou-service/Generated/Models/AuthModels.cs(629,5): warning CS1591: Missing XML comment for publicly visible type or member 'DeviceInfoDeviceType.Tablet' [/home/lysander/repos/bannou/bannou-service/bannou-service.csproj]
/home/lysander/repos/bannou/bannou-service/Generated/Models/AuthModels.cs(632,5): warning CS1591: Missing XML comment for publicly visible type or member 'DeviceInfoDeviceType.Console' [/home/lysander/repos/bannou/bannou-service/bannou-service.csproj]
/home/lysander/repos/bannou/bannou-service/Generated/Models/AuthModels.cs(637,22): warning CS1591: Missing XML comment for publicly visible type or member 'Providers' [/home/lysander/repos/bannou/bannou-service/bannou-service.csproj]
/home/lysander/repos/bannou/bannou-service/Generated/Models/AuthModels.cs(641,19): warning CS1591: Missing XML comment for publicly visible type or member 'Providers.Name' [/home/lysander/repos/bannou/bannou-service/bannou-service.csproj]
/home/lysander/repos/bannou/bannou-service/Generated/Models/AuthModels.cs(644,19): warning CS1591: Missing XML comment for publicly visible type or member 'Providers.DisplayName' [/home/lysander/repos/bannou/bannou-service/bannou-service.csproj]
/home/lysander/repos/bannou/bannou-service/Generated/Models/AuthModels.cs(647,23): warning CS1591: Missing XML comment for publicly visible type or member 'Providers.AuthUrl' [/home/lysander/repos/bannou/bannou-service/bannou-service.csproj]
/home/lysander/repos/bannou/bannou-service/Generated/Models/AuthModels.cs(652,68): warning CS1591: Missing XML comment for publicly visible type or member 'Providers.AdditionalProperties' [/home/lysander/repos/bannou/bannou-service/bannou-service.csproj]
/home/lysander/repos/bannou/bannou-service/Generated/Clients/BehaviorClient.cs(19,26): warning CS1591: Missing XML comment for publicly visible type or member 'IBehaviorClient' [/home/lysander/repos/bannou/bannou-service/bannou-service.csproj]
/home/lysander/repos/bannou/bannou-service/Generated/Clients/BehaviorClient.cs(32,90): warning CS1573: Parameter 'body' has no matching param tag in the XML comment for 'IBehaviorClient.CompileAbmlBehaviorAsync(string, CancellationToken)' (but other parameters do) [/home/lysander/repos/bannou/bannou-service/bannou-service.csproj]
/home/lysander/repos/bannou/bannou-service/Generated/Clients/BehaviorClient.cs(44,105): warning CS1573: Parameter 'body' has no matching param tag in the XML comment for 'IBehaviorClient.CompileBehaviorStackAsync(BehaviorStackRequest, CancellationToken)' (but other parameters do) [/home/lysander/repos/bannou/bannou-service/bannou-service.csproj]
/home/lysander/repos/bannou/bannou-service/Generated/Clients/BehaviorClient.cs(56,80): warning CS1573: Parameter 'body' has no matching param tag in the XML comment for 'IBehaviorClient.ValidateAbmlAsync(string, CancellationToken)' (but other parameters do) [/home/lysander/repos/bannou/bannou-service/bannou-service.csproj]
/home/lysander/repos/bannou/bannou-service/Generated/Clients/BehaviorClient.cs(68,105): warning CS1573: Parameter 'body' has no matching param tag in the XML comment for 'IBehaviorClient.GetCachedBehaviorAsync(GetCachedBehaviorRequest, CancellationToken)' (but other parameters do) [/home/lysander/repos/bannou/bannou-service/bannou-service.csproj]
/home/lysander/repos/bannou/bannou-service/Generated/Clients/BehaviorClient.cs(80,86): warning CS1573: Parameter 'body' has no matching param tag in the XML comment for 'IBehaviorClient.InvalidateCachedBehaviorAsync(InvalidateCacheRequest, CancellationToken)' (but other parameters do) [/home/lysander/repos/bannou/bannou-service/bannou-service.csproj]
/home/lysander/repos/bannou/bannou-service/Generated/Clients/BehaviorClient.cs(92,108): warning CS1573: Parameter 'body' has no matching param tag in the XML comment for 'IBehaviorClient.ResolveContextVariablesAsync(ResolveContextRequest, CancellationToken)' (but other parameters do) [/home/lysander/repos/bannou/bannou-service/bannou-service.csproj]
/home/lysander/repos/bannou/bannou-service/Generated/Clients/BehaviorClient.cs(104,89): warning CS1573: Parameter 'body' has no matching param tag in the XML comment for 'IBehaviorClient.GenerateGoapPlanAsync(GoapPlanRequest, CancellationToken)' (but other parameters do) [/home/lysander/repos/bannou/bannou-service/bannou-service.csproj]
/home/lysander/repos/bannou/bannou-service/Generated/Clients/BehaviorClient.cs(116,105): warning CS1573: Parameter 'body' has no matching param tag in the XML comment for 'IBehaviorClient.ValidateGoapPlanAsync(ValidateGoapPlanRequest, CancellationToken)' (but other parameters do) [/home/lysander/repos/bannou/bannou-service/bannou-service.csproj]
/home/lysander/repos/bannou/bannou-service/Generated/Clients/BehaviorClient.cs(120,22): warning CS1591: Missing XML comment for publicly visible type or member 'BehaviorClient' [/home/lysander/repos/bannou/bannou-service/bannou-service.csproj]
/home/lysander/repos/bannou/bannou-service/Generated/Clients/BehaviorClient.cs(140,12): warning CS1591: Missing XML comment for publicly visible type or member 'BehaviorClient.BehaviorClient(IMeshInvocationClient, IServiceAppMappingResolver, ILogger<BehaviorClient>?)' [/home/lysander/repos/bannou/bannou-service/bannou-service.csproj]
/home/lysander/repos/bannou/bannou-service/Generated/Clients/BehaviorClient.cs(148,54): warning CS1591: Missing XML comment for publicly visible type or member 'BehaviorClient.JsonSerializerSettings' [/home/lysander/repos/bannou/bannou-service/bannou-service.csproj]
/home/lysander/repos/bannou/bannou-service/Generated/Clients/BehaviorClient.cs(252,111): warning CS1573: Parameter 'body' has no matching param tag in the XML comment for 'BehaviorClient.CompileAbmlBehaviorAsync(string, CancellationToken)' (but other parameters do) [/home/lysander/repos/bannou/bannou-service/bannou-service.csproj]
/home/lysander/repos/bannou/bannou-service/Generated/Clients/BehaviorClient.cs(365,126): warning CS1573: Parameter 'body' has no matching param tag in the XML comment for 'BehaviorClient.CompileBehaviorStackAsync(BehaviorStackRequest, CancellationToken)' (but other parameters do) [/home/lysander/repos/bannou/bannou-service/bannou-service.csproj]
/home/lysander/repos/bannou/bannou-service/Generated/Clients/BehaviorClient.cs(458,101): warning CS1573: Parameter 'body' has no matching param tag in the XML comment for 'BehaviorClient.ValidateAbmlAsync(string, CancellationToken)' (but other parameters do) [/home/lysander/repos/bannou/bannou-service/bannou-service.csproj]
/home/lysander/repos/bannou/bannou-service/Generated/Clients/BehaviorClient.cs(541,126): warning CS1573: Parameter 'body' has no matching param tag in the XML comment for 'BehaviorClient.GetCachedBehaviorAsync(GetCachedBehaviorRequest, CancellationToken)' (but other parameters do) [/home/lysander/repos/bannou/bannou-service/bannou-service.csproj]
/home/lysander/repos/bannou/bannou-service/Generated/Clients/BehaviorClient.cs(634,107): warning CS1573: Parameter 'body' has no matching param tag in the XML comment for 'BehaviorClient.InvalidateCachedBehaviorAsync(InvalidateCacheRequest, CancellationToken)' (but other parameters do) [/home/lysander/repos/bannou/bannou-service/bannou-service.csproj]
/home/lysander/repos/bannou/bannou-service/Generated/Clients/BehaviorClient.cs(717,129): warning CS1573: Parameter 'body' has no matching param tag in the XML comment for 'BehaviorClient.ResolveContextVariablesAsync(ResolveContextRequest, CancellationToken)' (but other parameters do) [/home/lysander/repos/bannou/bannou-service/bannou-service.csproj]
/home/lysander/repos/bannou/bannou-service/Generated/Clients/BehaviorClient.cs(800,110): warning CS1573: Parameter 'body' has no matching param tag in the XML comment for 'BehaviorClient.GenerateGoapPlanAsync(GoapPlanRequest, CancellationToken)' (but other parameters do) [/home/lysander/repos/bannou/bannou-service/bannou-service.csproj]
/home/lysander/repos/bannou/bannou-service/Generated/Clients/BehaviorClient.cs(893,126): warning CS1573: Parameter 'body' has no matching param tag in the XML comment for 'BehaviorClient.ValidateGoapPlanAsync(ValidateGoapPlanRequest, CancellationToken)' (but other parameters do) [/home/lysander/repos/bannou/bannou-service/bannou-service.csproj]
/home/lysander/repos/bannou/bannou-service/Generated/Clients/BehaviorClient.cs(976,22): warning CS1591: Missing XML comment for publicly visible type or member 'BehaviorClient.ObjectResponseResult<T>' [/home/lysander/repos/bannou/bannou-service/bannou-service.csproj]
/home/lysander/repos/bannou/bannou-service/Generated/Clients/BehaviorClient.cs(978,16): warning CS1591: Missing XML comment for publicly visible type or member 'BehaviorClient.ObjectResponseResult<T>.ObjectResponseResult(T, string)' [/home/lysander/repos/bannou/bannou-service/bannou-service.csproj]
/home/lysander/repos/bannou/bannou-service/Generated/Clients/BehaviorClient.cs(984,18): warning CS1591: Missing XML comment for publicly visible type or member 'BehaviorClient.ObjectResponseResult<T>.Object' [/home/lysander/repos/bannou/bannou-service/bannou-service.csproj]
/home/lysander/repos/bannou/bannou-service/Generated/Clients/BehaviorClient.cs(986,23): warning CS1591: Missing XML comment for publicly visible type or member 'BehaviorClient.ObjectResponseResult<T>.Text' [/home/lysander/repos/bannou/bannou-service/bannou-service.csproj]
/home/lysander/repos/bannou/bannou-service/Generated/Clients/BehaviorClient.cs(1009,17): warning CS1591: Missing XML comment for publicly visible type or member 'BehaviorClient.ReadResponseAsString' [/home/lysander/repos/bannou/bannou-service/bannou-service.csproj]
/home/lysander/repos/bannou/bannou-service/Generated/Clients/BehaviorClient.cs(1011,86): warning CS1591: Missing XML comment for publicly visible type or member 'BehaviorClient.ReadObjectResponseAsync<T>(HttpResponseMessage, IReadOnlyDictionary<string, IEnumerable<string>>, CancellationToken)' [/home/lysander/repos/bannou/bannou-service/bannou-service.csproj]
/home/lysander/repos/bannou/bannou-service/Generated/Models/BehaviorModels.cs(35,68): warning CS1591: Missing XML comment for publicly visible type or member 'GetCachedBehaviorRequest.AdditionalProperties' [/home/lysander/repos/bannou/bannou-service/bannou-service.csproj]
/home/lysander/repos/bannou/bannou-service/Generated/Models/BehaviorModels.cs(61,68): warning CS1591: Missing XML comment for publicly visible type or member 'InvalidateCacheRequest.AdditionalProperties' [/home/lysander/repos/bannou/bannou-service/bannou-service.csproj]
/home/lysander/repos/bannou/bannou-service/Generated/Models/BehaviorModels.cs(70,22): warning CS1591: Missing XML comment for publicly visible type or member 'CompileBehaviorRequest' [/home/lysander/repos/bannou/bannou-service/bannou-service.csproj]
/home/lysander/repos/bannou/bannou-service/Generated/Models/BehaviorModels.cs(109,29): warning CS1591: Missing XML comment for publicly visible type or member 'CompileBehaviorRequest.CharacterContext' [/home/lysander/repos/bannou/bannou-service/bannou-service.csproj]
/home/lysander/repos/bannou/bannou-service/Generated/Models/BehaviorModels.cs(112,31): warning CS1591: Missing XML comment for publicly visible type or member 'CompileBehaviorRequest.CompilationOptions' [/home/lysander/repos/bannou/bannou-service/bannou-service.csproj]
/home/lysander/repos/bannou/bannou-service/Generated/Models/BehaviorModels.cs(117,68): warning CS1591: Missing XML comment for publicly visible type or member 'CompileBehaviorRequest.AdditionalProperties' [/home/lysander/repos/bannou/bannou-service/bannou-service.csproj]
/home/lysander/repos/bannou/bannou-service/Generated/Models/BehaviorModels.cs(126,22): warning CS1591: Missing XML comment for publicly visible type or member 'BehaviorStackRequest' [/home/lysander/repos/bannou/bannou-service/bannou-service.csproj]
/home/lysander/repos/bannou/bannou-service/Generated/Models/BehaviorModels.cs(138,29): warning CS1591: Missing XML comment for publicly visible type or member 'BehaviorStackRequest.CharacterContext' [/home/lysander/repos/bannou/bannou-service/bannou-service.csproj]
/home/lysander/repos/bannou/bannou-service/Generated/Models/BehaviorModels.cs(141,31): warning CS1591: Missing XML comment for publicly visible type or member 'BehaviorStackRequest.CompilationOptions' [/home/lysander/repos/bannou/bannou-service/bannou-service.csproj]
/home/lysander/repos/bannou/bannou-service/Generated/Models/BehaviorModels.cs(146,68): warning CS1591: Missing XML comment for publicly visible type or member 'BehaviorStackRequest.AdditionalProperties' [/home/lysander/repos/bannou/bannou-service/bannou-service.csproj]
/home/lysander/repos/bannou/bannou-service/Generated/Models/BehaviorModels.cs(155,22): warning CS1591: Missing XML comment for publicly visible type or member 'ValidateAbmlRequest' [/home/lysander/repos/bannou/bannou-service/bannou-service.csproj]
/home/lysander/repos/bannou/bannou-service/Generated/Models/BehaviorModels.cs(175,68): warning CS1591: Missing XML comment for publicly visible type or member 'ValidateAbmlRequest.AdditionalProperties' [/home/lysander/repos/bannou/bannou-service/bannou-service.csproj]
/home/lysander/repos/bannou/bannou-service/Generated/Models/BehaviorModels.cs(184,22): warning CS1591: Missing XML comment for publicly visible type or member 'ResolveContextRequest' [/home/lysander/repos/bannou/bannou-service/bannou-service.csproj]
/home/lysander/repos/bannou/bannou-service/Generated/Models/BehaviorModels.cs(198,29): warning CS1591: Missing XML comment for publicly visible type or member 'ResolveContextRequest.CharacterContext' [/home/lysander/repos/bannou/bannou-service/bannou-service.csproj]
/home/lysander/repos/bannou/bannou-service/Generated/Models/BehaviorModels.cs(203,68): warning CS1591: Missing XML comment for publicly visible type or member 'ResolveContextRequest.AdditionalProperties' [/home/lysander/repos/bannou/bannou-service/bannou-service.csproj]
/home/lysander/repos/bannou/bannou-service/Generated/Models/BehaviorModels.cs(212,22): warning CS1591: Missing XML comment for publicly visible type or member 'CompileBehaviorResponse' [/home/lysander/repos/bannou/bannou-service/bannou-service.csproj]
/home/lysander/repos/bannou/bannou-service/Generated/Models/BehaviorModels.cs(236,29): warning CS1591: Missing XML comment for publicly visible type or member 'CompileBehaviorResponse.CompiledBehavior' [/home/lysander/repos/bannou/bannou-service/bannou-service.csproj]
/home/lysander/repos/bannou/bannou-service/Generated/Models/BehaviorModels.cs(271,68): warning CS1591: Missing XML comment for publicly visible type or member 'CompileBehaviorResponse.AdditionalProperties' [/home/lysander/repos/bannou/bannou-service/bannou-service.csproj]
/home/lysander/repos/bannou/bannou-service/Generated/Models/BehaviorModels.cs(280,22): warning CS1591: Missing XML comment for publicly visible type or member 'ValidateAbmlResponse' [/home/lysander/repos/bannou/bannou-service/bannou-service.csproj]
/home/lysander/repos/bannou/bannou-service/Generated/Models/BehaviorModels.cs(310,68): warning CS1591: Missing XML comment for publicly visible type or member 'ValidateAbmlResponse.AdditionalProperties' [/home/lysander/repos/bannou/bannou-service/bannou-service.csproj]
/home/lysander/repos/bannou/bannou-service/Generated/Models/BehaviorModels.cs(319,22): warning CS1591: Missing XML comment for publicly visible type or member 'CachedBehaviorResponse' [/home/lysander/repos/bannou/bannou-service/bannou-service.csproj]
/home/lysander/repos/bannou/bannou-service/Generated/Models/BehaviorModels.cs(333,29): warning CS1591: Missing XML comment for publicly visible type or member 'CachedBehaviorResponse.CompiledBehavior' [/home/lysander/repos/bannou/bannou-service/bannou-service.csproj]
/home/lysander/repos/bannou/bannou-service/Generated/Models/BehaviorModels.cs(350,68): warning CS1591: Missing XML comment for publicly visible type or member 'CachedBehaviorResponse.AdditionalProperties' [/home/lysander/repos/bannou/bannou-service/bannou-service.csproj]
/home/lysander/repos/bannou/bannou-service/Generated/Models/BehaviorModels.cs(359,22): warning CS1591: Missing XML comment for publicly visible type or member 'ResolveContextResponse' [/home/lysander/repos/bannou/bannou-service/bannou-service.csproj]
/home/lysander/repos/bannou/bannou-service/Generated/Models/BehaviorModels.cs(386,68): warning CS1591: Missing XML comment for publicly visible type or member 'ResolveContextResponse.AdditionalProperties' [/home/lysander/repos/bannou/bannou-service/bannou-service.csproj]
/home/lysander/repos/bannou/bannou-service/Generated/Models/BehaviorModels.cs(395,22): warning CS1591: Missing XML comment for publicly visible type or member 'BehaviorSetDefinition' [/home/lysander/repos/bannou/bannou-service/bannou-service.csproj]
/home/lysander/repos/bannou/bannou-service/Generated/Models/BehaviorModels.cs(437,68): warning CS1591: Missing XML comment for publicly visible type or member 'BehaviorSetDefinition.AdditionalProperties' [/home/lysander/repos/bannou/bannou-service/bannou-service.csproj]
/home/lysander/repos/bannou/bannou-service/Generated/Models/BehaviorModels.cs(446,22): warning CS1591: Missing XML comment for publicly visible type or member 'CharacterContext' [/home/lysander/repos/bannou/bannou-service/bannou-service.csproj]
/home/lysander/repos/bannou/bannou-service/Generated/Models/BehaviorModels.cs(480,21): warning CS1591: Missing XML comment for publicly visible type or member 'CharacterContext.Location' [/home/lysander/repos/bannou/bannou-service/bannou-service.csproj]
/home/lysander/repos/bannou/bannou-service/Generated/Models/BehaviorModels.cs(497,68): warning CS1591: Missing XML comment for publicly visible type or member 'CharacterContext.AdditionalProperties' [/home/lysander/repos/bannou/bannou-service/bannou-service.csproj]
/home/lysander/repos/bannou/bannou-service/Generated/Models/BehaviorModels.cs(533,68): warning CS1591: Missing XML comment for publicly visible type or member 'BehaviorTreeData.AdditionalProperties' [/home/lysander/repos/bannou/bannou-service/bannou-service.csproj]
/home/lysander/repos/bannou/bannou-service/Generated/Models/BehaviorModels.cs(551,68): warning CS1591: Missing XML comment for publicly visible type or member 'ContextSchemaData.AdditionalProperties' [/home/lysander/repos/bannou/bannou-service/bannou-service.csproj]
/home/lysander/repos/bannou/bannou-service/Generated/Models/BehaviorModels.cs(560,22): warning CS1591: Missing XML comment for publicly visible type or member 'CompiledBehavior' [/home/lysander/repos/bannou/bannou-service/bannou-service.csproj]
/home/lysander/repos/bannou/bannou-service/Generated/Models/BehaviorModels.cs(566,29): warning CS1591: Missing XML comment for publicly visible type or member 'CompiledBehavior.BehaviorTree' [/home/lysander/repos/bannou/bannou-service/bannou-service.csproj]
/home/lysander/repos/bannou/bannou-service/Generated/Models/BehaviorModels.cs(571,30): warning CS1591: Missing XML comment for publicly visible type or member 'CompiledBehavior.ContextSchema' [/home/lysander/repos/bannou/bannou-service/bannou-service.csproj]
/home/lysander/repos/bannou/bannou-service/Generated/Models/BehaviorModels.cs(586,30): warning CS1591: Missing XML comment for publicly visible type or member 'CompiledBehavior.ExecutionMetadata' [/home/lysander/repos/bannou/bannou-service/bannou-service.csproj]
/home/lysander/repos/bannou/bannou-service/Generated/Models/BehaviorModels.cs(591,68): warning CS1591: Missing XML comment for publicly visible type or member 'CompiledBehavior.AdditionalProperties' [/home/lysander/repos/bannou/bannou-service/bannou-service.csproj]
/home/lysander/repos/bannou/bannou-service/Generated/Models/BehaviorModels.cs(600,22): warning CS1591: Missing XML comment for publicly visible type or member 'GoapGoal' [/home/lysander/repos/bannou/bannou-service/bannou-service.csproj]
/home/lysander/repos/bannou/bannou-service/Generated/Models/BehaviorModels.cs(641,68): warning CS1591: Missing XML comment for publicly visible type or member 'GoapGoal.AdditionalProperties' [/home/lysander/repos/bannou/bannou-service/bannou-service.csproj]
/home/lysander/repos/bannou/bannou-service/Generated/Models/BehaviorModels.cs(650,22): warning CS1591: Missing XML comment for publicly visible type or member 'GoapPlanRequest' [/home/lysander/repos/bannou/bannou-service/bannou-service.csproj]
/home/lysander/repos/bannou/bannou-service/Generated/Models/BehaviorModels.cs(662,21): warning CS1591: Missing XML comment for publicly visible type or member 'GoapPlanRequest.Goal' [/home/lysander/repos/bannou/bannou-service/bannou-service.csproj]
/home/lysander/repos/bannou/bannou-service/Generated/Models/BehaviorModels.cs(681,32): warning CS1591: Missing XML comment for publicly visible type or member 'GoapPlanRequest.Options' [/home/lysander/repos/bannou/bannou-service/bannou-service.csproj]
/home/lysander/repos/bannou/bannou-service/Generated/Models/BehaviorModels.cs(686,68): warning CS1591: Missing XML comment for publicly visible type or member 'GoapPlanRequest.AdditionalProperties' [/home/lysander/repos/bannou/bannou-service/bannou-service.csproj]
/home/lysander/repos/bannou/bannou-service/Generated/Models/BehaviorModels.cs(695,22): warning CS1591: Missing XML comment for publicly visible type or member 'GoapPlanResponse' [/home/lysander/repos/bannou/bannou-service/bannou-service.csproj]
/home/lysander/repos/bannou/bannou-service/Generated/Models/BehaviorModels.cs(705,27): warning CS1591: Missing XML comment for publicly visible type or member 'GoapPlanResponse.Plan' [/home/lysander/repos/bannou/bannou-service/bannou-service.csproj]
/home/lysander/repos/bannou/bannou-service/Generated/Models/BehaviorModels.cs(728,68): warning CS1591: Missing XML comment for publicly visible type or member 'GoapPlanResponse.AdditionalProperties' [/home/lysander/repos/bannou/bannou-service/bannou-service.csproj]
/home/lysander/repos/bannou/bannou-service/Generated/Models/BehaviorModels.cs(737,22): warning CS1591: Missing XML comment for publicly visible type or member 'GoapPlanResult' [/home/lysander/repos/bannou/bannou-service/bannou-service.csproj]
/home/lysander/repos/bannou/bannou-service/Generated/Models/BehaviorModels.cs(765,68): warning CS1591: Missing XML comment for publicly visible type or member 'GoapPlanResult.AdditionalProperties' [/home/lysander/repos/bannou/bannou-service/bannou-service.csproj]
/home/lysander/repos/bannou/bannou-service/Generated/Models/BehaviorModels.cs(774,22): warning CS1591: Missing XML comment for publicly visible type or member 'PlannedActionResponse' [/home/lysander/repos/bannou/bannou-service/bannou-service.csproj]
/home/lysander/repos/bannou/bannou-service/Generated/Models/BehaviorModels.cs(800,68): warning CS1591: Missing XML comment for publicly visible type or member 'PlannedActionResponse.AdditionalProperties' [/home/lysander/repos/bannou/bannou-service/bannou-service.csproj]
/home/lysander/repos/bannou/bannou-service/Generated/Models/BehaviorModels.cs(809,22): warning CS1591: Missing XML comment for publicly visible type or member 'ValidateGoapPlanRequest' [/home/lysander/repos/bannou/bannou-service/bannou-service.csproj]
/home/lysander/repos/bannou/bannou-service/Generated/Models/BehaviorModels.cs(815,27): warning CS1591: Missing XML comment for publicly visible type or member 'ValidateGoapPlanRequest.Plan' [/home/lysander/repos/bannou/bannou-service/bannou-service.csproj]
/home/lysander/repos/bannou/bannou-service/Generated/Models/BehaviorModels.cs(840,68): warning CS1591: Missing XML comment for publicly visible type or member 'ValidateGoapPlanRequest.AdditionalProperties' [/home/lysander/repos/bannou/bannou-service/bannou-service.csproj]
/home/lysander/repos/bannou/bannou-service/Generated/Models/BehaviorModels.cs(849,22): warning CS1591: Missing XML comment for publicly visible type or member 'ValidateGoapPlanResponse' [/home/lysander/repos/bannou/bannou-service/bannou-service.csproj]
/home/lysander/repos/bannou/bannou-service/Generated/Models/BehaviorModels.cs(891,68): warning CS1591: Missing XML comment for publicly visible type or member 'ValidateGoapPlanResponse.AdditionalProperties' [/home/lysander/repos/bannou/bannou-service/bannou-service.csproj]
/home/lysander/repos/bannou/bannou-service/Generated/Models/BehaviorModels.cs(900,22): warning CS1591: Missing XML comment for publicly visible type or member 'GoapPlanningOptions' [/home/lysander/repos/bannou/bannou-service/bannou-service.csproj]
/home/lysander/repos/bannou/bannou-service/Generated/Models/BehaviorModels.cs(924,68): warning CS1591: Missing XML comment for publicly visible type or member 'GoapPlanningOptions.AdditionalProperties' [/home/lysander/repos/bannou/bannou-service/bannou-service.csproj]
/home/lysander/repos/bannou/bannou-service/Generated/Models/BehaviorModels.cs(933,22): warning CS1591: Missing XML comment for publicly visible type or member 'CompilationOptions' [/home/lysander/repos/bannou/bannou-service/bannou-service.csproj]
/home/lysander/repos/bannou/bannou-service/Generated/Models/BehaviorModels.cs(969,68): warning CS1591: Missing XML comment for publicly visible type or member 'CompilationOptions.AdditionalProperties' [/home/lysander/repos/bannou/bannou-service/bannou-service.csproj]
/home/lysander/repos/bannou/bannou-service/Generated/Models/BehaviorModels.cs(978,22): warning CS1591: Missing XML comment for publicly visible type or member 'ValidationError' [/home/lysander/repos/bannou/bannou-service/bannou-service.csproj]
/home/lysander/repos/bannou/bannou-service/Generated/Models/BehaviorModels.cs(1019,68): warning CS1591: Missing XML comment for publicly visible type or member 'ValidationError.AdditionalProperties' [/home/lysander/repos/bannou/bannou-service/bannou-service.csproj]
/home/lysander/repos/bannou/bannou-service/Generated/Models/BehaviorModels.cs(1028,22): warning CS1591: Missing XML comment for publicly visible type or member 'AbmlErrorResponse' [/home/lysander/repos/bannou/bannou-service/bannou-service.csproj]
/home/lysander/repos/bannou/bannou-service/Generated/Models/BehaviorModels.cs(1084,68): warning CS1591: Missing XML comment for publicly visible type or member 'AbmlErrorResponse.AdditionalProperties' [/home/lysander/repos/bannou/bannou-service/bannou-service.csproj]
/home/lysander/repos/bannou/bannou-service/Generated/Models/BehaviorModels.cs(1093,13): warning CS1591: Missing XML comment for publicly visible type or member 'CompileBehaviorRequestBehaviorCategory' [/home/lysander/repos/bannou/bannou-service/bannou-service.csproj]
/home/lysander/repos/bannou/bannou-service/Generated/Models/BehaviorModels.cs(1097,5): warning CS1591: Missing XML comment for publicly visible type or member 'CompileBehaviorRequestBehaviorCategory.Base' [/home/lysander/repos/bannou/bannou-service/bannou-service.csproj]
/home/lysander/repos/bannou/bannou-service/Generated/Models/BehaviorModels.cs(1100,5): warning CS1591: Missing XML comment for publicly visible type or member 'CompileBehaviorRequestBehaviorCategory.Cultural' [/home/lysander/repos/bannou/bannou-service/bannou-service.csproj]
/home/lysander/repos/bannou/bannou-service/Generated/Models/BehaviorModels.cs(1103,5): warning CS1591: Missing XML comment for publicly visible type or member 'CompileBehaviorRequestBehaviorCategory.Professional' [/home/lysander/repos/bannou/bannou-service/bannou-service.csproj]
/home/lysander/repos/bannou/bannou-service/Generated/Models/BehaviorModels.cs(1106,5): warning CS1591: Missing XML comment for publicly visible type or member 'CompileBehaviorRequestBehaviorCategory.Personal' [/home/lysander/repos/bannou/bannou-service/bannou-service.csproj]
/home/lysander/repos/bannou/bannou-service/Generated/Models/BehaviorModels.cs(1109,5): warning CS1591: Missing XML comment for publicly visible type or member 'CompileBehaviorRequestBehaviorCategory.Situational' [/home/lysander/repos/bannou/bannou-service/bannou-service.csproj]
/home/lysander/repos/bannou/bannou-service/Generated/Models/BehaviorModels.cs(1112,5): warning CS1591: Missing XML comment for publicly visible type or member 'CompileBehaviorRequestBehaviorCategory.Ambient' [/home/lysander/repos/bannou/bannou-service/bannou-service.csproj]
/home/lysander/repos/bannou/bannou-service/Generated/Models/BehaviorModels.cs(1117,13): warning CS1591: Missing XML comment for publicly visible type or member 'ResolveContextResponseResolvedType' [/home/lysander/repos/bannou/bannou-service/bannou-service.csproj]
/home/lysander/repos/bannou/bannou-service/Generated/Models/BehaviorModels.cs(1121,5): warning CS1591: Missing XML comment for publicly visible type or member 'ResolveContextResponseResolvedType.Boolean' [/home/lysander/repos/bannou/bannou-service/bannou-service.csproj]
/home/lysander/repos/bannou/bannou-service/Generated/Models/BehaviorModels.cs(1124,5): warning CS1591: Missing XML comment for publicly visible type or member 'ResolveContextResponseResolvedType.String' [/home/lysander/repos/bannou/bannou-service/bannou-service.csproj]
/home/lysander/repos/bannou/bannou-service/Generated/Models/BehaviorModels.cs(1127,5): warning CS1591: Missing XML comment for publicly visible type or member 'ResolveContextResponseResolvedType.Number' [/home/lysander/repos/bannou/bannou-service/bannou-service.csproj]
/home/lysander/repos/bannou/bannou-service/Generated/Models/BehaviorModels.cs(1130,5): warning CS1591: Missing XML comment for publicly visible type or member 'ResolveContextResponseResolvedType.Object' [/home/lysander/repos/bannou/bannou-service/bannou-service.csproj]
/home/lysander/repos/bannou/bannou-service/Generated/Models/BehaviorModels.cs(1133,5): warning CS1591: Missing XML comment for publicly visible type or member 'ResolveContextResponseResolvedType.Array' [/home/lysander/repos/bannou/bannou-service/bannou-service.csproj]
/home/lysander/repos/bannou/bannou-service/Generated/Models/BehaviorModels.cs(1138,13): warning CS1591: Missing XML comment for publicly visible type or member 'BehaviorSetDefinitionCategory' [/home/lysander/repos/bannou/bannou-service/bannou-service.csproj]
/home/lysander/repos/bannou/bannou-service/Generated/Models/BehaviorModels.cs(1142,5): warning CS1591: Missing XML comment for publicly visible type or member 'BehaviorSetDefinitionCategory.Base' [/home/lysander/repos/bannou/bannou-service/bannou-service.csproj]
/home/lysander/repos/bannou/bannou-service/Generated/Models/BehaviorModels.cs(1145,5): warning CS1591: Missing XML comment for publicly visible type or member 'BehaviorSetDefinitionCategory.Cultural' [/home/lysander/repos/bannou/bannou-service/bannou-service.csproj]
/home/lysander/repos/bannou/bannou-service/Generated/Models/BehaviorModels.cs(1148,5): warning CS1591: Missing XML comment for publicly visible type or member 'BehaviorSetDefinitionCategory.Professional' [/home/lysander/repos/bannou/bannou-service/bannou-service.csproj]
/home/lysander/repos/bannou/bannou-service/Generated/Models/BehaviorModels.cs(1151,5): warning CS1591: Missing XML comment for publicly visible type or member 'BehaviorSetDefinitionCategory.Personal' [/home/lysander/repos/bannou/bannou-service/bannou-service.csproj]
/home/lysander/repos/bannou/bannou-service/Generated/Models/BehaviorModels.cs(1154,5): warning CS1591: Missing XML comment for publicly visible type or member 'BehaviorSetDefinitionCategory.Situational' [/home/lysander/repos/bannou/bannou-service/bannou-service.csproj]
/home/lysander/repos/bannou/bannou-service/Generated/Models/BehaviorModels.cs(1159,22): warning CS1591: Missing XML comment for publicly visible type or member 'Location' [/home/lysander/repos/bannou/bannou-service/bannou-service.csproj]
/home/lysander/repos/bannou/bannou-service/Generated/Models/BehaviorModels.cs(1163,19): warning CS1591: Missing XML comment for publicly visible type or member 'Location.Current' [/home/lysander/repos/bannou/bannou-service/bannou-service.csproj]
/home/lysander/repos/bannou/bannou-service/Generated/Models/BehaviorModels.cs(1166,19): warning CS1591: Missing XML comment for publicly visible type or member 'Location.Region' [/home/lysander/repos/bannou/bannou-service/bannou-service.csproj]
/home/lysander/repos/bannou/bannou-service/Generated/Models/BehaviorModels.cs(1169,24): warning CS1591: Missing XML comment for publicly visible type or member 'Location.Coordinates' [/home/lysander/repos/bannou/bannou-service/bannou-service.csproj]
/home/lysander/repos/bannou/bannou-service/Generated/Models/BehaviorModels.cs(1174,68): warning CS1591: Missing XML comment for publicly visible type or member 'Location.AdditionalProperties' [/home/lysander/repos/bannou/bannou-service/bannou-service.csproj]
/home/lysander/repos/bannou/bannou-service/Generated/Models/BehaviorModels.cs(1183,22): warning CS1591: Missing XML comment for publicly visible type or member 'ExecutionMetadata' [/home/lysander/repos/bannou/bannou-service/bannou-service.csproj]
/home/lysander/repos/bannou/bannou-service/Generated/Models/BehaviorModels.cs(1193,67): warning CS1591: Missing XML comment for publicly visible type or member 'ExecutionMetadata.ResourceRequirements' [/home/lysander/repos/bannou/bannou-service/bannou-service.csproj]
/home/lysander/repos/bannou/bannou-service/Generated/Models/BehaviorModels.cs(1196,59): warning CS1591: Missing XML comment for publicly visible type or member 'ExecutionMetadata.InterruptConditions' [/home/lysander/repos/bannou/bannou-service/bannou-service.csproj]
/home/lysander/repos/bannou/bannou-service/Generated/Models/BehaviorModels.cs(1201,68): warning CS1591: Missing XML comment for publicly visible type or member 'ExecutionMetadata.AdditionalProperties' [/home/lysander/repos/bannou/bannou-service/bannou-service.csproj]
/home/lysander/repos/bannou/bannou-service/Generated/Models/BehaviorModels.cs(1210,13): warning CS1591: Missing XML comment for publicly visible type or member 'ValidateGoapPlanResponseReason' [/home/lysander/repos/bannou/bannou-service/bannou-service.csproj]
/home/lysander/repos/bannou/bannou-service/Generated/Models/BehaviorModels.cs(1214,5): warning CS1591: Missing XML comment for publicly visible type or member 'ValidateGoapPlanResponseReason.None' [/home/lysander/repos/bannou/bannou-service/bannou-service.csproj]
/home/lysander/repos/bannou/bannou-service/Generated/Models/BehaviorModels.cs(1217,5): warning CS1591: Missing XML comment for publicly visible type or member 'ValidateGoapPlanResponseReason.PreconditionInvalidated' [/home/lysander/repos/bannou/bannou-service/bannou-service.csproj]
/home/lysander/repos/bannou/bannou-service/Generated/Models/BehaviorModels.cs(1220,5): warning CS1591: Missing XML comment for publicly visible type or member 'ValidateGoapPlanResponseReason.ActionFailed' [/home/lysander/repos/bannou/bannou-service/bannou-service.csproj]
/home/lysander/repos/bannou/bannou-service/Generated/Models/BehaviorModels.cs(1223,5): warning CS1591: Missing XML comment for publicly visible type or member 'ValidateGoapPlanResponseReason.BetterGoalAvailable' [/home/lysander/repos/bannou/bannou-service/bannou-service.csproj]
/home/lysander/repos/bannou/bannou-service/Generated/Models/BehaviorModels.cs(1226,5): warning CS1591: Missing XML comment for publicly visible type or member 'ValidateGoapPlanResponseReason.PlanCompleted' [/home/lysander/repos/bannou/bannou-service/bannou-service.csproj]
/home/lysander/repos/bannou/bannou-service/Generated/Models/BehaviorModels.cs(1229,5): warning CS1591: Missing XML comment for publicly visible type or member 'ValidateGoapPlanResponseReason.GoalAlreadySatisfied' [/home/lysander/repos/bannou/bannou-service/bannou-service.csproj]
/home/lysander/repos/bannou/bannou-service/Generated/Models/BehaviorModels.cs(1232,5): warning CS1591: Missing XML comment for publicly visible type or member 'ValidateGoapPlanResponseReason.SuboptimalPlan' [/home/lysander/repos/bannou/bannou-service/bannou-service.csproj]
/home/lysander/repos/bannou/bannou-service/Generated/Models/BehaviorModels.cs(1237,13): warning CS1591: Missing XML comment for publicly visible type or member 'ValidateGoapPlanResponseSuggestedAction' [/home/lysander/repos/bannou/bannou-service/bannou-service.csproj]
/home/lysander/repos/bannou/bannou-service/Generated/Models/BehaviorModels.cs(1241,5): warning CS1591: Missing XML comment for publicly visible type or member 'ValidateGoapPlanResponseSuggestedAction.Continue' [/home/lysander/repos/bannou/bannou-service/bannou-service.csproj]
/home/lysander/repos/bannou/bannou-service/Generated/Models/BehaviorModels.cs(1244,5): warning CS1591: Missing XML comment for publicly visible type or member 'ValidateGoapPlanResponseSuggestedAction.Replan' [/home/lysander/repos/bannou/bannou-service/bannou-service.csproj]
/home/lysander/repos/bannou/bannou-service/Generated/Models/BehaviorModels.cs(1247,5): warning CS1591: Missing XML comment for publicly visible type or member 'ValidateGoapPlanResponseSuggestedAction.Abort' [/home/lysander/repos/bannou/bannou-service/bannou-service.csproj]
/home/lysander/repos/bannou/bannou-service/Generated/Models/BehaviorModels.cs(1252,13): warning CS1591: Missing XML comment for publicly visible type or member 'ValidationErrorType' [/home/lysander/repos/bannou/bannou-service/bannou-service.csproj]
/home/lysander/repos/bannou/bannou-service/Generated/Models/BehaviorModels.cs(1256,5): warning CS1591: Missing XML comment for publicly visible type or member 'ValidationErrorType.Syntax' [/home/lysander/repos/bannou/bannou-service/bannou-service.csproj]
/home/lysander/repos/bannou/bannou-service/Generated/Models/BehaviorModels.cs(1259,5): warning CS1591: Missing XML comment for publicly visible type or member 'ValidationErrorType.Semantic' [/home/lysander/repos/bannou/bannou-service/bannou-service.csproj]
/home/lysander/repos/bannou/bannou-service/Generated/Models/BehaviorModels.cs(1262,5): warning CS1591: Missing XML comment for publicly visible type or member 'ValidationErrorType.Schema' [/home/lysander/repos/bannou/bannou-service/bannou-service.csproj]
/home/lysander/repos/bannou/bannou-service/Generated/Models/BehaviorModels.cs(1265,5): warning CS1591: Missing XML comment for publicly visible type or member 'ValidationErrorType.Context' [/home/lysander/repos/bannou/bannou-service/bannou-service.csproj]
/home/lysander/repos/bannou/bannou-service/Generated/Models/BehaviorModels.cs(1268,5): warning CS1591: Missing XML comment for publicly visible type or member 'ValidationErrorType.Service_dependency' [/home/lysander/repos/bannou/bannou-service/bannou-service.csproj]
/home/lysander/repos/bannou/bannou-service/Generated/Models/BehaviorModels.cs(1273,22): warning CS1591: Missing XML comment for publicly visible type or member 'Coordinates' [/home/lysander/repos/bannou/bannou-service/bannou-service.csproj]
/home/lysander/repos/bannou/bannou-service/Generated/Models/BehaviorModels.cs(1277,19): warning CS1591: Missing XML comment for publicly visible type or member 'Coordinates.X' [/home/lysander/repos/bannou/bannou-service/bannou-service.csproj]
/home/lysander/repos/bannou/bannou-service/Generated/Models/BehaviorModels.cs(1280,19): warning CS1591: Missing XML comment for publicly visible type or member 'Coordinates.Y' [/home/lysander/repos/bannou/bannou-service/bannou-service.csproj]
/home/lysander/repos/bannou/bannou-service/Generated/Models/BehaviorModels.cs(1283,19): warning CS1591: Missing XML comment for publicly visible type or member 'Coordinates.Z' [/home/lysander/repos/bannou/bannou-service/bannou-service.csproj]
/home/lysander/repos/bannou/bannou-service/Generated/Models/BehaviorModels.cs(1288,68): warning CS1591: Missing XML comment for publicly visible type or member 'Coordinates.AdditionalProperties' [/home/lysander/repos/bannou/bannou-service/bannou-service.csproj]
/home/lysander/repos/bannou/bannou-service/Generated/Clients/CharacterClient.cs(19,26): warning CS1591: Missing XML comment for publicly visible type or member 'ICharacterClient' [/home/lysander/repos/bannou/bannou-service/bannou-service.csproj]
/home/lysander/repos/bannou/bannou-service/Generated/Clients/CharacterClient.cs(28,96): warning CS1573: Parameter 'body' has no matching param tag in the XML comment for 'ICharacterClient.CreateCharacterAsync(CreateCharacterRequest, CancellationToken)' (but other parameters do) [/home/lysander/repos/bannou/bannou-service/bannou-service.csproj]
/home/lysander/repos/bannou/bannou-service/Generated/Clients/CharacterClient.cs(36,90): warning CS1573: Parameter 'body' has no matching param tag in the XML comment for 'ICharacterClient.GetCharacterAsync(GetCharacterRequest, CancellationToken)' (but other parameters do) [/home/lysander/repos/bannou/bannou-service/bannou-service.csproj]
/home/lysander/repos/bannou/bannou-service/Generated/Clients/CharacterClient.cs(44,96): warning CS1573: Parameter 'body' has no matching param tag in the XML comment for 'ICharacterClient.UpdateCharacterAsync(UpdateCharacterRequest, CancellationToken)' (but other parameters do) [/home/lysander/repos/bannou/bannou-service/bannou-service.csproj]
/home/lysander/repos/bannou/bannou-service/Generated/Clients/CharacterClient.cs(52,77): warning CS1573: Parameter 'body' has no matching param tag in the XML comment for 'ICharacterClient.DeleteCharacterAsync(DeleteCharacterRequest, CancellationToken)' (but other parameters do) [/home/lysander/repos/bannou/bannou-service/bannou-service.csproj]
/home/lysander/repos/bannou/bannou-service/Generated/Clients/CharacterClient.cs(60,98): warning CS1573: Parameter 'body' has no matching param tag in the XML comment for 'ICharacterClient.ListCharactersAsync(ListCharactersRequest, CancellationToken)' (but other parameters do) [/home/lysander/repos/bannou/bannou-service/bannou-service.csproj]
/home/lysander/repos/bannou/bannou-service/Generated/Clients/CharacterClient.cs(68,110): warning CS1573: Parameter 'body' has no matching param tag in the XML comment for 'ICharacterClient.GetCharactersByRealmAsync(GetCharactersByRealmRequest, CancellationToken)' (but other parameters do) [/home/lysander/repos/bannou/bannou-service/bannou-service.csproj]
/home/lysander/repos/bannou/bannou-service/Generated/Clients/CharacterClient.cs(72,22): warning CS1591: Missing XML comment for publicly visible type or member 'CharacterClient' [/home/lysander/repos/bannou/bannou-service/bannou-service.csproj]
/home/lysander/repos/bannou/bannou-service/Generated/Clients/CharacterClient.cs(92,12): warning CS1591: Missing XML comment for publicly visible type or member 'CharacterClient.CharacterClient(IMeshInvocationClient, IServiceAppMappingResolver, ILogger<CharacterClient>?)' [/home/lysander/repos/bannou/bannou-service/bannou-service.csproj]
/home/lysander/repos/bannou/bannou-service/Generated/Clients/CharacterClient.cs(100,54): warning CS1591: Missing XML comment for publicly visible type or member 'CharacterClient.JsonSerializerSettings' [/home/lysander/repos/bannou/bannou-service/bannou-service.csproj]
/home/lysander/repos/bannou/bannou-service/Generated/Clients/CharacterClient.cs(200,117): warning CS1573: Parameter 'body' has no matching param tag in the XML comment for 'CharacterClient.CreateCharacterAsync(CreateCharacterRequest, CancellationToken)' (but other parameters do) [/home/lysander/repos/bannou/bannou-service/bannou-service.csproj]
/home/lysander/repos/bannou/bannou-service/Generated/Clients/CharacterClient.cs(291,111): warning CS1573: Parameter 'body' has no matching param tag in the XML comment for 'CharacterClient.GetCharacterAsync(GetCharacterRequest, CancellationToken)' (but other parameters do) [/home/lysander/repos/bannou/bannou-service/bannou-service.csproj]
/home/lysander/repos/bannou/bannou-service/Generated/Clients/CharacterClient.cs(376,117): warning CS1573: Parameter 'body' has no matching param tag in the XML comment for 'CharacterClient.UpdateCharacterAsync(UpdateCharacterRequest, CancellationToken)' (but other parameters do) [/home/lysander/repos/bannou/bannou-service/bannou-service.csproj]
/home/lysander/repos/bannou/bannou-service/Generated/Clients/CharacterClient.cs(467,98): warning CS1573: Parameter 'body' has no matching param tag in the XML comment for 'CharacterClient.DeleteCharacterAsync(DeleteCharacterRequest, CancellationToken)' (but other parameters do) [/home/lysander/repos/bannou/bannou-service/bannou-service.csproj]
/home/lysander/repos/bannou/bannou-service/Generated/Clients/CharacterClient.cs(546,119): warning CS1573: Parameter 'body' has no matching param tag in the XML comment for 'CharacterClient.ListCharactersAsync(ListCharactersRequest, CancellationToken)' (but other parameters do) [/home/lysander/repos/bannou/bannou-service/bannou-service.csproj]
/home/lysander/repos/bannou/bannou-service/Generated/Clients/CharacterClient.cs(625,131): warning CS1573: Parameter 'body' has no matching param tag in the XML comment for 'CharacterClient.GetCharactersByRealmAsync(GetCharactersByRealmRequest, CancellationToken)' (but other parameters do) [/home/lysander/repos/bannou/bannou-service/bannou-service.csproj]
/home/lysander/repos/bannou/bannou-service/Generated/Clients/CharacterClient.cs(698,22): warning CS1591: Missing XML comment for publicly visible type or member 'CharacterClient.ObjectResponseResult<T>' [/home/lysander/repos/bannou/bannou-service/bannou-service.csproj]
/home/lysander/repos/bannou/bannou-service/Generated/Clients/CharacterClient.cs(700,16): warning CS1591: Missing XML comment for publicly visible type or member 'CharacterClient.ObjectResponseResult<T>.ObjectResponseResult(T, string)' [/home/lysander/repos/bannou/bannou-service/bannou-service.csproj]
/home/lysander/repos/bannou/bannou-service/Generated/Clients/CharacterClient.cs(706,18): warning CS1591: Missing XML comment for publicly visible type or member 'CharacterClient.ObjectResponseResult<T>.Object' [/home/lysander/repos/bannou/bannou-service/bannou-service.csproj]
/home/lysander/repos/bannou/bannou-service/Generated/Clients/CharacterClient.cs(708,23): warning CS1591: Missing XML comment for publicly visible type or member 'CharacterClient.ObjectResponseResult<T>.Text' [/home/lysander/repos/bannou/bannou-service/bannou-service.csproj]
/home/lysander/repos/bannou/bannou-service/Generated/Clients/CharacterClient.cs(731,17): warning CS1591: Missing XML comment for publicly visible type or member 'CharacterClient.ReadResponseAsString' [/home/lysander/repos/bannou/bannou-service/bannou-service.csproj]
/home/lysander/repos/bannou/bannou-service/Generated/Clients/CharacterClient.cs(733,86): warning CS1591: Missing XML comment for publicly visible type or member 'CharacterClient.ReadObjectResponseAsync<T>(HttpResponseMessage, IReadOnlyDictionary<string, IEnumerable<string>>, CancellationToken)' [/home/lysander/repos/bannou/bannou-service/bannou-service.csproj]
/home/lysander/repos/bannou/bannou-service/Generated/Models/CharacterModels.cs(25,5): warning CS1591: Missing XML comment for publicly visible type or member 'CharacterStatus.Alive' [/home/lysander/repos/bannou/bannou-service/bannou-service.csproj]
/home/lysander/repos/bannou/bannou-service/Generated/Models/CharacterModels.cs(28,5): warning CS1591: Missing XML comment for publicly visible type or member 'CharacterStatus.Dead' [/home/lysander/repos/bannou/bannou-service/bannou-service.csproj]
/home/lysander/repos/bannou/bannou-service/Generated/Models/CharacterModels.cs(31,5): warning CS1591: Missing XML comment for publicly visible type or member 'CharacterStatus.Dormant' [/home/lysander/repos/bannou/bannou-service/bannou-service.csproj]
/home/lysander/repos/bannou/bannou-service/Generated/Models/CharacterModels.cs(36,22): warning CS1591: Missing XML comment for publicly visible type or member 'CreateCharacterRequest' [/home/lysander/repos/bannou/bannou-service/bannou-service.csproj]
/home/lysander/repos/bannou/bannou-service/Generated/Models/CharacterModels.cs(74,28): warning CS1591: Missing XML comment for publicly visible type or member 'CreateCharacterRequest.Status' [/home/lysander/repos/bannou/bannou-service/bannou-service.csproj]
/home/lysander/repos/bannou/bannou-service/Generated/Models/CharacterModels.cs(79,68): warning CS1591: Missing XML comment for publicly visible type or member 'CreateCharacterRequest.AdditionalProperties' [/home/lysander/repos/bannou/bannou-service/bannou-service.csproj]
/home/lysander/repos/bannou/bannou-service/Generated/Models/CharacterModels.cs(88,22): warning CS1591: Missing XML comment for publicly visible type or member 'GetCharacterRequest' [/home/lysander/repos/bannou/bannou-service/bannou-service.csproj]
/home/lysander/repos/bannou/bannou-service/Generated/Models/CharacterModels.cs(102,68): warning CS1591: Missing XML comment for publicly visible type or member 'GetCharacterRequest.AdditionalProperties' [/home/lysander/repos/bannou/bannou-service/bannou-service.csproj]
/home/lysander/repos/bannou/bannou-service/Generated/Models/CharacterModels.cs(111,22): warning CS1591: Missing XML comment for publicly visible type or member 'UpdateCharacterRequest' [/home/lysander/repos/bannou/bannou-service/bannou-service.csproj]
/home/lysander/repos/bannou/bannou-service/Generated/Models/CharacterModels.cs(124,20): warning CS1591: Missing XML comment for publicly visible type or member 'UpdateCharacterRequest.Name' [/home/lysander/repos/bannou/bannou-service/bannou-service.csproj]
/home/lysander/repos/bannou/bannou-service/Generated/Models/CharacterModels.cs(134,29): warning CS1591: Missing XML comment for publicly visible type or member 'UpdateCharacterRequest.Status' [/home/lysander/repos/bannou/bannou-service/bannou-service.csproj]
/home/lysander/repos/bannou/bannou-service/Generated/Models/CharacterModels.cs(145,68): warning CS1591: Missing XML comment for publicly visible type or member 'UpdateCharacterRequest.AdditionalProperties' [/home/lysander/repos/bannou/bannou-service/bannou-service.csproj]
/home/lysander/repos/bannou/bannou-service/Generated/Models/CharacterModels.cs(154,22): warning CS1591: Missing XML comment for publicly visible type or member 'DeleteCharacterRequest' [/home/lysander/repos/bannou/bannou-service/bannou-service.csproj]
/home/lysander/repos/bannou/bannou-service/Generated/Models/CharacterModels.cs(168,68): warning CS1591: Missing XML comment for publicly visible type or member 'DeleteCharacterRequest.AdditionalProperties' [/home/lysander/repos/bannou/bannou-service/bannou-service.csproj]
/home/lysander/repos/bannou/bannou-service/Generated/Models/CharacterModels.cs(177,22): warning CS1591: Missing XML comment for publicly visible type or member 'ListCharactersRequest' [/home/lysander/repos/bannou/bannou-service/bannou-service.csproj]
/home/lysander/repos/bannou/bannou-service/Generated/Models/CharacterModels.cs(201,16): warning CS1591: Missing XML comment for publicly visible type or member 'ListCharactersRequest.Page' [/home/lysander/repos/bannou/bannou-service/bannou-service.csproj]
/home/lysander/repos/bannou/bannou-service/Generated/Models/CharacterModels.cs(205,16): warning CS1591: Missing XML comment for publicly visible type or member 'ListCharactersRequest.PageSize' [/home/lysander/repos/bannou/bannou-service/bannou-service.csproj]
/home/lysander/repos/bannou/bannou-service/Generated/Models/CharacterModels.cs(210,68): warning CS1591: Missing XML comment for publicly visible type or member 'ListCharactersRequest.AdditionalProperties' [/home/lysander/repos/bannou/bannou-service/bannou-service.csproj]
/home/lysander/repos/bannou/bannou-service/Generated/Models/CharacterModels.cs(219,22): warning CS1591: Missing XML comment for publicly visible type or member 'GetCharactersByRealmRequest' [/home/lysander/repos/bannou/bannou-service/bannou-service.csproj]
/home/lysander/repos/bannou/bannou-service/Generated/Models/CharacterModels.cs(245,16): warning CS1591: Missing XML comment for publicly visible type or member 'GetCharactersByRealmRequest.Page' [/home/lysander/repos/bannou/bannou-service/bannou-service.csproj]
/home/lysander/repos/bannou/bannou-service/Generated/Models/CharacterModels.cs(249,16): warning CS1591: Missing XML comment for publicly visible type or member 'GetCharactersByRealmRequest.PageSize' [/home/lysander/repos/bannou/bannou-service/bannou-service.csproj]
/home/lysander/repos/bannou/bannou-service/Generated/Models/CharacterModels.cs(254,68): warning CS1591: Missing XML comment for publicly visible type or member 'GetCharactersByRealmRequest.AdditionalProperties' [/home/lysander/repos/bannou/bannou-service/bannou-service.csproj]
/home/lysander/repos/bannou/bannou-service/Generated/Models/CharacterModels.cs(263,22): warning CS1591: Missing XML comment for publicly visible type or member 'CharacterResponse' [/home/lysander/repos/bannou/bannou-service/bannou-service.csproj]
/home/lysander/repos/bannou/bannou-service/Generated/Models/CharacterModels.cs(269,24): warning CS1591: Missing XML comment for publicly visible type or member 'CharacterResponse.CharacterId' [/home/lysander/repos/bannou/bannou-service/bannou-service.csproj]
/home/lysander/repos/bannou/bannou-service/Generated/Models/CharacterModels.cs(274,19): warning CS1591: Missing XML comment for publicly visible type or member 'CharacterResponse.Name' [/home/lysander/repos/bannou/bannou-service/bannou-service.csproj]
/home/lysander/repos/bannou/bannou-service/Generated/Models/CharacterModels.cs(287,24): warning CS1591: Missing XML comment for publicly visible type or member 'CharacterResponse.SpeciesId' [/home/lysander/repos/bannou/bannou-service/bannou-service.csproj]
/home/lysander/repos/bannou/bannou-service/Generated/Models/CharacterModels.cs(307,28): warning CS1591: Missing XML comment for publicly visible type or member 'CharacterResponse.Status' [/home/lysander/repos/bannou/bannou-service/bannou-service.csproj]
/home/lysander/repos/bannou/bannou-service/Generated/Models/CharacterModels.cs(326,68): warning CS1591: Missing XML comment for publicly visible type or member 'CharacterResponse.AdditionalProperties' [/home/lysander/repos/bannou/bannou-service/bannou-service.csproj]
/home/lysander/repos/bannou/bannou-service/Generated/Models/CharacterModels.cs(335,22): warning CS1591: Missing XML comment for publicly visible type or member 'CharacterListResponse' [/home/lysander/repos/bannou/bannou-service/bannou-service.csproj]
/home/lysander/repos/bannou/bannou-service/Generated/Models/CharacterModels.cs(341,70): warning CS1591: Missing XML comment for publicly visible type or member 'CharacterListResponse.Characters' [/home/lysander/repos/bannou/bannou-service/bannou-service.csproj]
/home/lysander/repos/bannou/bannou-service/Generated/Models/CharacterModels.cs(344,16): warning CS1591: Missing XML comment for publicly visible type or member 'CharacterListResponse.TotalCount' [/home/lysander/repos/bannou/bannou-service/bannou-service.csproj]
/home/lysander/repos/bannou/bannou-service/Generated/Models/CharacterModels.cs(347,16): warning CS1591: Missing XML comment for publicly visible type or member 'CharacterListResponse.Page' [/home/lysander/repos/bannou/bannou-service/bannou-service.csproj]
/home/lysander/repos/bannou/bannou-service/Generated/Models/CharacterModels.cs(350,16): warning CS1591: Missing XML comment for publicly visible type or member 'CharacterListResponse.PageSize' [/home/lysander/repos/bannou/bannou-service/bannou-service.csproj]
/home/lysander/repos/bannou/bannou-service/Generated/Models/CharacterModels.cs(353,17): warning CS1591: Missing XML comment for publicly visible type or member 'CharacterListResponse.HasNextPage' [/home/lysander/repos/bannou/bannou-service/bannou-service.csproj]
/home/lysander/repos/bannou/bannou-service/Generated/Models/CharacterModels.cs(356,17): warning CS1591: Missing XML comment for publicly visible type or member 'CharacterListResponse.HasPreviousPage' [/home/lysander/repos/bannou/bannou-service/bannou-service.csproj]
/home/lysander/repos/bannou/bannou-service/Generated/Models/CharacterModels.cs(361,68): warning CS1591: Missing XML comment for publicly visible type or member 'CharacterListResponse.AdditionalProperties' [/home/lysander/repos/bannou/bannou-service/bannou-service.csproj]
/home/lysander/repos/bannou/bannou-service/Generated/Models/CharacterModels.cs(387,34): warning CS1591: Missing XML comment for publicly visible type or member 'CharacterRealmJoinedEvent.Timestamp' [/home/lysander/repos/bannou/bannou-service/bannou-service.csproj]
/home/lysander/repos/bannou/bannou-service/Generated/Models/CharacterModels.cs(414,68): warning CS1591: Missing XML comment for publicly visible type or member 'CharacterRealmJoinedEvent.AdditionalProperties' [/home/lysander/repos/bannou/bannou-service/bannou-service.csproj]
/home/lysander/repos/bannou/bannou-service/Generated/Models/CharacterModels.cs(440,34): warning CS1591: Missing XML comment for publicly visible type or member 'CharacterRealmLeftEvent.Timestamp' [/home/lysander/repos/bannou/bannou-service/bannou-service.csproj]
/home/lysander/repos/bannou/bannou-service/Generated/Models/CharacterModels.cs(467,68): warning CS1591: Missing XML comment for publicly visible type or member 'CharacterRealmLeftEvent.AdditionalProperties' [/home/lysander/repos/bannou/bannou-service/bannou-service.csproj]
/home/lysander/repos/bannou/bannou-service/Generated/Clients/ConnectClient.cs(19,26): warning CS1591: Missing XML comment for publicly visible type or member 'IConnectClient' [/home/lysander/repos/bannou/bannou-service/bannou-service.csproj]
/home/lysander/repos/bannou/bannou-service/Generated/Clients/ConnectClient.cs(33,103): warning CS1573: Parameter 'body' has no matching param tag in the XML comment for 'IConnectClient.ProxyInternalRequestAsync(InternalProxyRequest, CancellationToken)' (but other parameters do) [/home/lysander/repos/bannou/bannou-service/bannou-service.csproj]
/home/lysander/repos/bannou/bannou-service/Generated/Clients/ConnectClient.cs(56,117): warning CS1573: Parameter 'body' has no matching param tag in the XML comment for 'IConnectClient.GetClientCapabilitiesAsync(GetClientCapabilitiesRequest, CancellationToken)' (but other parameters do) [/home/lysander/repos/bannou/bannou-service/bannou-service.csproj]
/home/lysander/repos/bannou/bannou-service/Generated/Clients/ConnectClient.cs(94,71): warning CS1573: Parameter 'connection' has no matching param tag in the XML comment for 'IConnectClient.ConnectWebSocketPostAsync(Connection2, Upgrade2, string, ConnectRequest?, CancellationToken)' (but other parameters do) [/home/lysander/repos/bannou/bannou-service/bannou-service.csproj]
/home/lysander/repos/bannou/bannou-service/Generated/Clients/ConnectClient.cs(94,92): warning CS1573: Parameter 'upgrade' has no matching param tag in the XML comment for 'IConnectClient.ConnectWebSocketPostAsync(Connection2, Upgrade2, string, ConnectRequest?, CancellationToken)' (but other parameters do) [/home/lysander/repos/bannou/bannou-service/bannou-service.csproj]
/home/lysander/repos/bannou/bannou-service/Generated/Clients/ConnectClient.cs(94,108): warning CS1573: Parameter 'authorization' has no matching param tag in the XML comment for 'IConnectClient.ConnectWebSocketPostAsync(Connection2, Upgrade2, string, ConnectRequest?, CancellationToken)' (but other parameters do) [/home/lysander/repos/bannou/bannou-service/bannou-service.csproj]
/home/lysander/repos/bannou/bannou-service/Generated/Clients/ConnectClient.cs(98,22): warning CS1591: Missing XML comment for publicly visible type or member 'ConnectClient' [/home/lysander/repos/bannou/bannou-service/bannou-service.csproj]
/home/lysander/repos/bannou/bannou-service/Generated/Clients/ConnectClient.cs(118,12): warning CS1591: Missing XML comment for publicly visible type or member 'ConnectClient.ConnectClient(IMeshInvocationClient, IServiceAppMappingResolver, ILogger<ConnectClient>?)' [/home/lysander/repos/bannou/bannou-service/bannou-service.csproj]
/home/lysander/repos/bannou/bannou-service/Generated/Clients/ConnectClient.cs(126,54): warning CS1591: Missing XML comment for publicly visible type or member 'ConnectClient.JsonSerializerSettings' [/home/lysander/repos/bannou/bannou-service/bannou-service.csproj]
/home/lysander/repos/bannou/bannou-service/Generated/Clients/ConnectClient.cs(231,124): warning CS1573: Parameter 'body' has no matching param tag in the XML comment for 'ConnectClient.ProxyInternalRequestAsync(InternalProxyRequest, CancellationToken)' (but other parameters do) [/home/lysander/repos/bannou/bannou-service/bannou-service.csproj]
/home/lysander/repos/bannou/bannou-service/Generated/Clients/ConnectClient.cs(343,138): warning CS1573: Parameter 'body' has no matching param tag in the XML comment for 'ConnectClient.GetClientCapabilitiesAsync(GetClientCapabilitiesRequest, CancellationToken)' (but other parameters do) [/home/lysander/repos/bannou/bannou-service/bannou-service.csproj]
/home/lysander/repos/bannou/bannou-service/Generated/Clients/ConnectClient.cs(572,92): warning CS1573: Parameter 'connection' has no matching param tag in the XML comment for 'ConnectClient.ConnectWebSocketPostAsync(Connection2, Upgrade2, string, ConnectRequest?, CancellationToken)' (but other parameters do) [/home/lysander/repos/bannou/bannou-service/bannou-service.csproj]
/home/lysander/repos/bannou/bannou-service/Generated/Clients/ConnectClient.cs(572,113): warning CS1573: Parameter 'upgrade' has no matching param tag in the XML comment for 'ConnectClient.ConnectWebSocketPostAsync(Connection2, Upgrade2, string, ConnectRequest?, CancellationToken)' (but other parameters do) [/home/lysander/repos/bannou/bannou-service/bannou-service.csproj]
/home/lysander/repos/bannou/bannou-service/Generated/Clients/ConnectClient.cs(572,129): warning CS1573: Parameter 'authorization' has no matching param tag in the XML comment for 'ConnectClient.ConnectWebSocketPostAsync(Connection2, Upgrade2, string, ConnectRequest?, CancellationToken)' (but other parameters do) [/home/lysander/repos/bannou/bannou-service/bannou-service.csproj]
/home/lysander/repos/bannou/bannou-service/Generated/Clients/ConnectClient.cs(686,22): warning CS1591: Missing XML comment for publicly visible type or member 'ConnectClient.ObjectResponseResult<T>' [/home/lysander/repos/bannou/bannou-service/bannou-service.csproj]
/home/lysander/repos/bannou/bannou-service/Generated/Clients/ConnectClient.cs(688,16): warning CS1591: Missing XML comment for publicly visible type or member 'ConnectClient.ObjectResponseResult<T>.ObjectResponseResult(T, string)' [/home/lysander/repos/bannou/bannou-service/bannou-service.csproj]
/home/lysander/repos/bannou/bannou-service/Generated/Clients/ConnectClient.cs(694,18): warning CS1591: Missing XML comment for publicly visible type or member 'ConnectClient.ObjectResponseResult<T>.Object' [/home/lysander/repos/bannou/bannou-service/bannou-service.csproj]
/home/lysander/repos/bannou/bannou-service/Generated/Clients/ConnectClient.cs(696,23): warning CS1591: Missing XML comment for publicly visible type or member 'ConnectClient.ObjectResponseResult<T>.Text' [/home/lysander/repos/bannou/bannou-service/bannou-service.csproj]
/home/lysander/repos/bannou/bannou-service/Generated/Clients/ConnectClient.cs(719,17): warning CS1591: Missing XML comment for publicly visible type or member 'ConnectClient.ReadResponseAsString' [/home/lysander/repos/bannou/bannou-service/bannou-service.csproj]
/home/lysander/repos/bannou/bannou-service/Generated/Clients/ConnectClient.cs(721,86): warning CS1591: Missing XML comment for publicly visible type or member 'ConnectClient.ReadObjectResponseAsync<T>(HttpResponseMessage, IReadOnlyDictionary<string, IEnumerable<string>>, CancellationToken)' [/home/lysander/repos/bannou/bannou-service/bannou-service.csproj]
/home/lysander/repos/bannou/bannou-service/Generated/Models/ConnectModels.cs(39,68): warning CS1591: Missing XML comment for publicly visible type or member 'GetClientCapabilitiesRequest.AdditionalProperties' [/home/lysander/repos/bannou/bannou-service/bannou-service.csproj]
/home/lysander/repos/bannou/bannou-service/Generated/Models/ConnectModels.cs(48,22): warning CS1591: Missing XML comment for publicly visible type or member 'ClientCapabilitiesResponse' [/home/lysander/repos/bannou/bannou-service/bannou-service.csproj]
/home/lysander/repos/bannou/bannou-service/Generated/Models/ConnectModels.cs(99,68): warning CS1591: Missing XML comment for publicly visible type or member 'ClientCapabilitiesResponse.AdditionalProperties' [/home/lysander/repos/bannou/bannou-service/bannou-service.csproj]
/home/lysander/repos/bannou/bannou-service/Generated/Models/ConnectModels.cs(108,22): warning CS1591: Missing XML comment for publicly visible type or member 'ClientCapability' [/home/lysander/repos/bannou/bannou-service/bannou-service.csproj]
/home/lysander/repos/bannou/bannou-service/Generated/Models/ConnectModels.cs(159,68): warning CS1591: Missing XML comment for publicly visible type or member 'ClientCapability.AdditionalProperties' [/home/lysander/repos/bannou/bannou-service/bannou-service.csproj]
/home/lysander/repos/bannou/bannou-service/Generated/Models/ConnectModels.cs(244,68): warning CS1591: Missing XML comment for publicly visible type or member 'ClientShortcut.AdditionalProperties' [/home/lysander/repos/bannou/bannou-service/bannou-service.csproj]
/home/lysander/repos/bannou/bannou-service/Generated/Models/ConnectModels.cs(253,22): warning CS1591: Missing XML comment for publicly visible type or member 'InternalProxyRequest' [/home/lysander/repos/bannou/bannou-service/bannou-service.csproj]
/home/lysander/repos/bannou/bannou-service/Generated/Models/ConnectModels.cs(316,68): warning CS1591: Missing XML comment for publicly visible type or member 'InternalProxyRequest.AdditionalProperties' [/home/lysander/repos/bannou/bannou-service/bannou-service.csproj]
/home/lysander/repos/bannou/bannou-service/Generated/Models/ConnectModels.cs(325,22): warning CS1591: Missing XML comment for publicly visible type or member 'InternalProxyResponse' [/home/lysander/repos/bannou/bannou-service/bannou-service.csproj]
/home/lysander/repos/bannou/bannou-service/Generated/Models/ConnectModels.cs(367,68): warning CS1591: Missing XML comment for publicly visible type or member 'InternalProxyResponse.AdditionalProperties' [/home/lysander/repos/bannou/bannou-service/bannou-service.csproj]
/home/lysander/repos/bannou/bannou-service/Generated/Models/ConnectModels.cs(398,22): warning CS1591: Missing XML comment for publicly visible type or member 'ConnectErrorResponse' [/home/lysander/repos/bannou/bannou-service/bannou-service.csproj]
/home/lysander/repos/bannou/bannou-service/Generated/Models/ConnectModels.cs(440,5): warning CS1591: Missing XML comment for publicly visible type or member 'ResponseCodes.OK' [/home/lysander/repos/bannou/bannou-service/bannou-service.csproj]
/home/lysander/repos/bannou/bannou-service/Generated/Models/ConnectModels.cs(442,5): warning CS1591: Missing XML comment for publicly visible type or member 'ResponseCodes.RequestError' [/home/lysander/repos/bannou/bannou-service/bannou-service.csproj]
/home/lysander/repos/bannou/bannou-service/Generated/Models/ConnectModels.cs(444,5): warning CS1591: Missing XML comment for publicly visible type or member 'ResponseCodes.RequestTooLarge' [/home/lysander/repos/bannou/bannou-service/bannou-service.csproj]
/home/lysander/repos/bannou/bannou-service/Generated/Models/ConnectModels.cs(446,5): warning CS1591: Missing XML comment for publicly visible type or member 'ResponseCodes.TooManyRequests' [/home/lysander/repos/bannou/bannou-service/bannou-service.csproj]
/home/lysander/repos/bannou/bannou-service/Generated/Models/ConnectModels.cs(448,5): warning CS1591: Missing XML comment for publicly visible type or member 'ResponseCodes.InvalidRequestChannel' [/home/lysander/repos/bannou/bannou-service/bannou-service.csproj]
/home/lysander/repos/bannou/bannou-service/Generated/Models/ConnectModels.cs(450,5): warning CS1591: Missing XML comment for publicly visible type or member 'ResponseCodes.Unauthorized' [/home/lysander/repos/bannou/bannou-service/bannou-service.csproj]
/home/lysander/repos/bannou/bannou-service/Generated/Models/ConnectModels.cs(452,5): warning CS1591: Missing XML comment for publicly visible type or member 'ResponseCodes.ServiceNotFound' [/home/lysander/repos/bannou/bannou-service/bannou-service.csproj]
/home/lysander/repos/bannou/bannou-service/Generated/Models/ConnectModels.cs(454,5): warning CS1591: Missing XML comment for publicly visible type or member 'ResponseCodes.ClientNotFound' [/home/lysander/repos/bannou/bannou-service/bannou-service.csproj]
/home/lysander/repos/bannou/bannou-service/Generated/Models/ConnectModels.cs(456,5): warning CS1591: Missing XML comment for publicly visible type or member 'ResponseCodes.MessageNotFound' [/home/lysander/repos/bannou/bannou-service/bannou-service.csproj]
/home/lysander/repos/bannou/bannou-service/Generated/Models/ConnectModels.cs(458,5): warning CS1591: Missing XML comment for publicly visible type or member 'ResponseCodes.Service_BadRequest' [/home/lysander/repos/bannou/bannou-service/bannou-service.csproj]
/home/lysander/repos/bannou/bannou-service/Generated/Models/ConnectModels.cs(460,5): warning CS1591: Missing XML comment for publicly visible type or member 'ResponseCodes.Service_NotFound' [/home/lysander/repos/bannou/bannou-service/bannou-service.csproj]
/home/lysander/repos/bannou/bannou-service/Generated/Models/ConnectModels.cs(462,5): warning CS1591: Missing XML comment for publicly visible type or member 'ResponseCodes.Service_Unauthorized' [/home/lysander/repos/bannou/bannou-service/bannou-service.csproj]
/home/lysander/repos/bannou/bannou-service/Generated/Models/ConnectModels.cs(464,5): warning CS1591: Missing XML comment for publicly visible type or member 'ResponseCodes.Service_Conflict' [/home/lysander/repos/bannou/bannou-service/bannou-service.csproj]
/home/lysander/repos/bannou/bannou-service/Generated/Models/ConnectModels.cs(466,5): warning CS1591: Missing XML comment for publicly visible type or member 'ResponseCodes.Service_InternalServerError' [/home/lysander/repos/bannou/bannou-service/bannou-service.csproj]
/home/lysander/repos/bannou/bannou-service/Generated/Models/ConnectModels.cs(468,5): warning CS1591: Missing XML comment for publicly visible type or member 'ResponseCodes.ShortcutExpired' [/home/lysander/repos/bannou/bannou-service/bannou-service.csproj]
/home/lysander/repos/bannou/bannou-service/Generated/Models/ConnectModels.cs(470,5): warning CS1591: Missing XML comment for publicly visible type or member 'ResponseCodes.ShortcutTargetNotFound' [/home/lysander/repos/bannou/bannou-service/bannou-service.csproj]
/home/lysander/repos/bannou/bannou-service/Generated/Models/ConnectModels.cs(472,5): warning CS1591: Missing XML comment for publicly visible type or member 'ResponseCodes.ShortcutRevoked' [/home/lysander/repos/bannou/bannou-service/bannou-service.csproj]
/home/lysander/repos/bannou/bannou-service/Generated/Models/ConnectModels.cs(495,17): warning CS1591: Missing XML comment for publicly visible type or member 'ServiceRequestMessage.Flags' [/home/lysander/repos/bannou/bannou-service/bannou-service.csproj]
/home/lysander/repos/bannou/bannou-service/Generated/Models/ConnectModels.cs(534,68): warning CS1591: Missing XML comment for publicly visible type or member 'ServiceRequestMessage.AdditionalProperties' [/home/lysander/repos/bannou/bannou-service/bannou-service.csproj]
/home/lysander/repos/bannou/bannou-service/Generated/Models/ConnectModels.cs(588,26): warning CS1591: Missing XML comment for publicly visible type or member 'ServiceResponseMessage.ResponseCode' [/home/lysander/repos/bannou/bannou-service/bannou-service.csproj]
/home/lysander/repos/bannou/bannou-service/Generated/Models/ConnectModels.cs(599,68): warning CS1591: Missing XML comment for publicly visible type or member 'ServiceResponseMessage.AdditionalProperties' [/home/lysander/repos/bannou/bannou-service/bannou-service.csproj]
/home/lysander/repos/bannou/bannou-service/Generated/Models/ConnectModels.cs(649,68): warning CS1591: Missing XML comment for publicly visible type or member 'ConnectionConfiguration.AdditionalProperties' [/home/lysander/repos/bannou/bannou-service/bannou-service.csproj]
/home/lysander/repos/bannou/bannou-service/Generated/Models/ConnectModels.cs(707,68): warning CS1591: Missing XML comment for publicly visible type or member 'SessionCapabilityUpdateEvent.AdditionalProperties' [/home/lysander/repos/bannou/bannou-service/bannou-service.csproj]
/home/lysander/repos/bannou/bannou-service/Generated/Models/ConnectModels.cs(736,26): warning CS1591: Missing XML comment for publicly visible type or member 'AuthEvent.EventType' [/home/lysander/repos/bannou/bannou-service/bannou-service.csproj]
/home/lysander/repos/bannou/bannou-service/Generated/Models/ConnectModels.cs(761,68): warning CS1591: Missing XML comment for publicly visible type or member 'AuthEvent.AdditionalProperties' [/home/lysander/repos/bannou/bannou-service/bannou-service.csproj]
/home/lysander/repos/bannou/bannou-service/Generated/Models/ConnectModels.cs(777,5): warning CS1591: Missing XML comment for publicly visible type or member 'AuthEventType.Login' [/home/lysander/repos/bannou/bannou-service/bannou-service.csproj]
/home/lysander/repos/bannou/bannou-service/Generated/Models/ConnectModels.cs(780,5): warning CS1591: Missing XML comment for publicly visible type or member 'AuthEventType.Logout' [/home/lysander/repos/bannou/bannou-service/bannou-service.csproj]
/home/lysander/repos/bannou/bannou-service/Generated/Models/ConnectModels.cs(783,5): warning CS1591: Missing XML comment for publicly visible type or member 'AuthEventType.TokenRefresh' [/home/lysander/repos/bannou/bannou-service/bannou-service.csproj]
/home/lysander/repos/bannou/bannou-service/Generated/Models/ConnectModels.cs(786,5): warning CS1591: Missing XML comment for publicly visible type or member 'AuthEventType.PermissionChange' [/home/lysander/repos/bannou/bannou-service/bannou-service.csproj]
/home/lysander/repos/bannou/bannou-service/Generated/Models/ConnectModels.cs(837,17): warning CS1591: Missing XML comment for publicly visible type or member 'ClientMessageEvent.Flags' [/home/lysander/repos/bannou/bannou-service/bannou-service.csproj]
/home/lysander/repos/bannou/bannou-service/Generated/Models/ConnectModels.cs(854,68): warning CS1591: Missing XML comment for publicly visible type or member 'ClientMessageEvent.AdditionalProperties' [/home/lysander/repos/bannou/bannou-service/bannou-service.csproj]
/home/lysander/repos/bannou/bannou-service/Generated/Models/ConnectModels.cs(909,17): warning CS1591: Missing XML comment for publicly visible type or member 'ClientRPCEvent.Flags' [/home/lysander/repos/bannou/bannou-service/bannou-service.csproj]
/home/lysander/repos/bannou/bannou-service/Generated/Models/ConnectModels.cs(940,68): warning CS1591: Missing XML comment for publicly visible type or member 'ClientRPCEvent.AdditionalProperties' [/home/lysander/repos/bannou/bannou-service/bannou-service.csproj]
/home/lysander/repos/bannou/bannou-service/Generated/Models/ConnectModels.cs(997,68): warning CS1591: Missing XML comment for publicly visible type or member 'PermissionRecompileEvent.AdditionalProperties' [/home/lysander/repos/bannou/bannou-service/bannou-service.csproj]
/home/lysander/repos/bannou/bannou-service/Generated/Models/ConnectModels.cs(1006,13): warning CS1591: Missing XML comment for publicly visible type or member 'Connection' [/home/lysander/repos/bannou/bannou-service/bannou-service.csproj]
/home/lysander/repos/bannou/bannou-service/Generated/Models/ConnectModels.cs(1010,5): warning CS1591: Missing XML comment for publicly visible type or member 'Connection.Upgrade' [/home/lysander/repos/bannou/bannou-service/bannou-service.csproj]
/home/lysander/repos/bannou/bannou-service/Generated/Models/ConnectModels.cs(1015,13): warning CS1591: Missing XML comment for publicly visible type or member 'Upgrade' [/home/lysander/repos/bannou/bannou-service/bannou-service.csproj]
/home/lysander/repos/bannou/bannou-service/Generated/Models/ConnectModels.cs(1019,5): warning CS1591: Missing XML comment for publicly visible type or member 'Upgrade.Websocket' [/home/lysander/repos/bannou/bannou-service/bannou-service.csproj]
/home/lysander/repos/bannou/bannou-service/Generated/Models/ConnectModels.cs(1024,13): warning CS1591: Missing XML comment for publicly visible type or member 'Connection2' [/home/lysander/repos/bannou/bannou-service/bannou-service.csproj]
/home/lysander/repos/bannou/bannou-service/Generated/Models/ConnectModels.cs(1028,5): warning CS1591: Missing XML comment for publicly visible type or member 'Connection2.Upgrade' [/home/lysander/repos/bannou/bannou-service/bannou-service.csproj]
/home/lysander/repos/bannou/bannou-service/Generated/Models/ConnectModels.cs(1033,13): warning CS1591: Missing XML comment for publicly visible type or member 'Upgrade2' [/home/lysander/repos/bannou/bannou-service/bannou-service.csproj]
/home/lysander/repos/bannou/bannou-service/Generated/Models/ConnectModels.cs(1037,5): warning CS1591: Missing XML comment for publicly visible type or member 'Upgrade2.Websocket' [/home/lysander/repos/bannou/bannou-service/bannou-service.csproj]
/home/lysander/repos/bannou/bannou-service/Generated/Models/ConnectModels.cs(1042,13): warning CS1591: Missing XML comment for publicly visible type or member 'ClientCapabilityMethod' [/home/lysander/repos/bannou/bannou-service/bannou-service.csproj]
/home/lysander/repos/bannou/bannou-service/Generated/Models/ConnectModels.cs(1046,5): warning CS1591: Missing XML comment for publicly visible type or member 'ClientCapabilityMethod.GET' [/home/lysander/repos/bannou/bannou-service/bannou-service.csproj]
/home/lysander/repos/bannou/bannou-service/Generated/Models/ConnectModels.cs(1049,5): warning CS1591: Missing XML comment for publicly visible type or member 'ClientCapabilityMethod.POST' [/home/lysander/repos/bannou/bannou-service/bannou-service.csproj]
/home/lysander/repos/bannou/bannou-service/Generated/Models/ConnectModels.cs(1052,5): warning CS1591: Missing XML comment for publicly visible type or member 'ClientCapabilityMethod.PUT' [/home/lysander/repos/bannou/bannou-service/bannou-service.csproj]
/home/lysander/repos/bannou/bannou-service/Generated/Models/ConnectModels.cs(1055,5): warning CS1591: Missing XML comment for publicly visible type or member 'ClientCapabilityMethod.DELETE' [/home/lysander/repos/bannou/bannou-service/bannou-service.csproj]
/home/lysander/repos/bannou/bannou-service/Generated/Models/ConnectModels.cs(1058,5): warning CS1591: Missing XML comment for publicly visible type or member 'ClientCapabilityMethod.PATCH' [/home/lysander/repos/bannou/bannou-service/bannou-service.csproj]
/home/lysander/repos/bannou/bannou-service/Generated/Models/ConnectModels.cs(1063,13): warning CS1591: Missing XML comment for publicly visible type or member 'InternalProxyRequestMethod' [/home/lysander/repos/bannou/bannou-service/bannou-service.csproj]
/home/lysander/repos/bannou/bannou-service/Generated/Models/ConnectModels.cs(1067,5): warning CS1591: Missing XML comment for publicly visible type or member 'InternalProxyRequestMethod.GET' [/home/lysander/repos/bannou/bannou-service/bannou-service.csproj]
/home/lysander/repos/bannou/bannou-service/Generated/Models/ConnectModels.cs(1070,5): warning CS1591: Missing XML comment for publicly visible type or member 'InternalProxyRequestMethod.POST' [/home/lysander/repos/bannou/bannou-service/bannou-service.csproj]
/home/lysander/repos/bannou/bannou-service/Generated/Models/ConnectModels.cs(1073,5): warning CS1591: Missing XML comment for publicly visible type or member 'InternalProxyRequestMethod.PUT' [/home/lysander/repos/bannou/bannou-service/bannou-service.csproj]
/home/lysander/repos/bannou/bannou-service/Generated/Models/ConnectModels.cs(1076,5): warning CS1591: Missing XML comment for publicly visible type or member 'InternalProxyRequestMethod.DELETE' [/home/lysander/repos/bannou/bannou-service/bannou-service.csproj]
/home/lysander/repos/bannou/bannou-service/Generated/Models/ConnectModels.cs(1079,5): warning CS1591: Missing XML comment for publicly visible type or member 'InternalProxyRequestMethod.PATCH' [/home/lysander/repos/bannou/bannou-service/bannou-service.csproj]
/home/lysander/repos/bannou/bannou-service/Generated/Models/ConnectModels.cs(1084,13): warning CS1591: Missing XML comment for publicly visible type or member 'ConnectErrorResponseError' [/home/lysander/repos/bannou/bannou-service/bannou-service.csproj]
/home/lysander/repos/bannou/bannou-service/Generated/Models/ConnectModels.cs(1088,5): warning CS1591: Missing XML comment for publicly visible type or member 'ConnectErrorResponseError.BadRequest' [/home/lysander/repos/bannou/bannou-service/bannou-service.csproj]
/home/lysander/repos/bannou/bannou-service/Generated/Models/ConnectModels.cs(1091,5): warning CS1591: Missing XML comment for publicly visible type or member 'ConnectErrorResponseError.Forbidden' [/home/lysander/repos/bannou/bannou-service/bannou-service.csproj]
/home/lysander/repos/bannou/bannou-service/Generated/Models/ConnectModels.cs(1094,5): warning CS1591: Missing XML comment for publicly visible type or member 'ConnectErrorResponseError.InternalServerError' [/home/lysander/repos/bannou/bannou-service/bannou-service.csproj]
/home/lysander/repos/bannou/bannou-service/Generated/Models/ConnectModels.cs(1099,13): warning CS1591: Missing XML comment for publicly visible type or member 'ConnectErrorResponseStatusCode' [/home/lysander/repos/bannou/bannou-service/bannou-service.csproj]
/home/lysander/repos/bannou/bannou-service/Generated/Models/ConnectModels.cs(1102,5): warning CS1591: Missing XML comment for publicly visible type or member 'ConnectErrorResponseStatusCode._400' [/home/lysander/repos/bannou/bannou-service/bannou-service.csproj]
/home/lysander/repos/bannou/bannou-service/Generated/Models/ConnectModels.cs(1104,5): warning CS1591: Missing XML comment for publicly visible type or member 'ConnectErrorResponseStatusCode._403' [/home/lysander/repos/bannou/bannou-service/bannou-service.csproj]
/home/lysander/repos/bannou/bannou-service/Generated/Models/ConnectModels.cs(1106,5): warning CS1591: Missing XML comment for publicly visible type or member 'ConnectErrorResponseStatusCode._500' [/home/lysander/repos/bannou/bannou-service/bannou-service.csproj]
/home/lysander/repos/bannou/bannou-service/Generated/Models/ConnectModels.cs(1111,13): warning CS1591: Missing XML comment for publicly visible type or member 'PermissionRecompileEventReason' [/home/lysander/repos/bannou/bannou-service/bannou-service.csproj]
/home/lysander/repos/bannou/bannou-service/Generated/Models/ConnectModels.cs(1115,5): warning CS1591: Missing XML comment for publicly visible type or member 'PermissionRecompileEventReason.Service_registered' [/home/lysander/repos/bannou/bannou-service/bannou-service.csproj]
/home/lysander/repos/bannou/bannou-service/Generated/Models/ConnectModels.cs(1118,5): warning CS1591: Missing XML comment for publicly visible type or member 'PermissionRecompileEventReason.Permission_rules_changed' [/home/lysander/repos/bannou/bannou-service/bannou-service.csproj]
/home/lysander/repos/bannou/bannou-service/Generated/Models/ConnectModels.cs(1121,5): warning CS1591: Missing XML comment for publicly visible type or member 'PermissionRecompileEventReason.Role_definitions_updated' [/home/lysander/repos/bannou/bannou-service/bannou-service.csproj]
/home/lysander/repos/bannou/bannou-service/Generated/Models/ConnectModels.cs(1124,5): warning CS1591: Missing XML comment for publicly visible type or member 'PermissionRecompileEventReason.Manual_trigger' [/home/lysander/repos/bannou/bannou-service/bannou-service.csproj]
/home/lysander/repos/bannou/bannou-service/Generated/Clients/DocumentationClient.cs(19,26): warning CS1591: Missing XML comment for publicly visible type or member 'IDocumentationClient' [/home/lysander/repos/bannou/bannou-service/bannou-service.csproj]
/home/lysander/repos/bannou/bannou-service/Generated/Clients/DocumentationClient.cs(47,111): warning CS1573: Parameter 'body' has no matching param tag in the XML comment for 'IDocumentationClient.QueryDocumentationAsync(QueryDocumentationRequest, CancellationToken)' (but other parameters do) [/home/lysander/repos/bannou/bannou-service/bannou-service.csproj]
/home/lysander/repos/bannou/bannou-service/Generated/Clients/DocumentationClient.cs(59,90): warning CS1573: Parameter 'body' has no matching param tag in the XML comment for 'IDocumentationClient.GetDocumentAsync(GetDocumentRequest, CancellationToken)' (but other parameters do) [/home/lysander/repos/bannou/bannou-service/bannou-service.csproj]
/home/lysander/repos/bannou/bannou-service/Generated/Clients/DocumentationClient.cs(71,114): warning CS1573: Parameter 'body' has no matching param tag in the XML comment for 'IDocumentationClient.SearchDocumentationAsync(SearchDocumentationRequest, CancellationToken)' (but other parameters do) [/home/lysander/repos/bannou/bannou-service/bannou-service.csproj]
/home/lysander/repos/bannou/bannou-service/Generated/Clients/DocumentationClient.cs(83,96): warning CS1573: Parameter 'body' has no matching param tag in the XML comment for 'IDocumentationClient.ListDocumentsAsync(ListDocumentsRequest, CancellationToken)' (but other parameters do) [/home/lysander/repos/bannou/bannou-service/bannou-service.csproj]
/home/lysander/repos/bannou/bannou-service/Generated/Clients/DocumentationClient.cs(95,105): warning CS1573: Parameter 'body' has no matching param tag in the XML comment for 'IDocumentationClient.SuggestRelatedTopicsAsync(SuggestRelatedRequest, CancellationToken)' (but other parameters do) [/home/lysander/repos/bannou/bannou-service/bannou-service.csproj]
/home/lysander/repos/bannou/bannou-service/Generated/Clients/DocumentationClient.cs(103,99): warning CS1573: Parameter 'body' has no matching param tag in the XML comment for 'IDocumentationClient.CreateDocumentAsync(CreateDocumentRequest, CancellationToken)' (but other parameters do) [/home/lysander/repos/bannou/bannou-service/bannou-service.csproj]
/home/lysander/repos/bannou/bannou-service/Generated/Clients/DocumentationClient.cs(111,99): warning CS1573: Parameter 'body' has no matching param tag in the XML comment for 'IDocumentationClient.UpdateDocumentAsync(UpdateDocumentRequest, CancellationToken)' (but other parameters do) [/home/lysander/repos/bannou/bannou-service/bannou-service.csproj]
/home/lysander/repos/bannou/bannou-service/Generated/Clients/DocumentationClient.cs(123,99): warning CS1573: Parameter 'body' has no matching param tag in the XML comment for 'IDocumentationClient.DeleteDocumentAsync(DeleteDocumentRequest, CancellationToken)' (but other parameters do) [/home/lysander/repos/bannou/bannou-service/bannou-service.csproj]
/home/lysander/repos/bannou/bannou-service/Generated/Clients/DocumentationClient.cs(135,102): warning CS1573: Parameter 'body' has no matching param tag in the XML comment for 'IDocumentationClient.RecoverDocumentAsync(RecoverDocumentRequest, CancellationToken)' (but other parameters do) [/home/lysander/repos/bannou/bannou-service/bannou-service.csproj]
/home/lysander/repos/bannou/bannou-service/Generated/Clients/DocumentationClient.cs(147,96): warning CS1573: Parameter 'body' has no matching param tag in the XML comment for 'IDocumentationClient.BulkUpdateDocumentsAsync(BulkUpdateRequest, CancellationToken)' (but other parameters do) [/home/lysander/repos/bannou/bannou-service/bannou-service.csproj]
/home/lysander/repos/bannou/bannou-service/Generated/Clients/DocumentationClient.cs(159,96): warning CS1573: Parameter 'body' has no matching param tag in the XML comment for 'IDocumentationClient.BulkDeleteDocumentsAsync(BulkDeleteRequest, CancellationToken)' (but other parameters do) [/home/lysander/repos/bannou/bannou-service/bannou-service.csproj]
/home/lysander/repos/bannou/bannou-service/Generated/Clients/DocumentationClient.cs(171,114): warning CS1573: Parameter 'body' has no matching param tag in the XML comment for 'IDocumentationClient.ImportDocumentationAsync(ImportDocumentationRequest, CancellationToken)' (but other parameters do) [/home/lysander/repos/bannou/bannou-service/bannou-service.csproj]
/home/lysander/repos/bannou/bannou-service/Generated/Clients/DocumentationClient.cs(183,93): warning CS1573: Parameter 'body' has no matching param tag in the XML comment for 'IDocumentationClient.ListTrashcanAsync(ListTrashcanRequest, CancellationToken)' (but other parameters do) [/home/lysander/repos/bannou/bannou-service/bannou-service.csproj]
/home/lysander/repos/bannou/bannou-service/Generated/Clients/DocumentationClient.cs(195,96): warning CS1573: Parameter 'body' has no matching param tag in the XML comment for 'IDocumentationClient.PurgeTrashcanAsync(PurgeTrashcanRequest, CancellationToken)' (but other parameters do) [/home/lysander/repos/bannou/bannou-service/bannou-service.csproj]
/home/lysander/repos/bannou/bannou-service/Generated/Clients/DocumentationClient.cs(207,105): warning CS1573: Parameter 'body' has no matching param tag in the XML comment for 'IDocumentationClient.GetNamespaceStatsAsync(GetNamespaceStatsRequest, CancellationToken)' (but other parameters do) [/home/lysander/repos/bannou/bannou-service/bannou-service.csproj]
/home/lysander/repos/bannou/bannou-service/Generated/Clients/DocumentationClient.cs(220,99): warning CS1573: Parameter 'body' has no matching param tag in the XML comment for 'IDocumentationClient.BindRepositoryAsync(BindRepositoryRequest, CancellationToken)' (but other parameters do) [/home/lysander/repos/bannou/bannou-service/bannou-service.csproj]
/home/lysander/repos/bannou/bannou-service/Generated/Clients/DocumentationClient.cs(232,105): warning CS1573: Parameter 'body' has no matching param tag in the XML comment for 'IDocumentationClient.UnbindRepositoryAsync(UnbindRepositoryRequest, CancellationToken)' (but other parameters do) [/home/lysander/repos/bannou/bannou-service/bannou-service.csproj]
/home/lysander/repos/bannou/bannou-service/Generated/Clients/DocumentationClient.cs(244,99): warning CS1573: Parameter 'body' has no matching param tag in the XML comment for 'IDocumentationClient.SyncRepositoryAsync(SyncRepositoryRequest, CancellationToken)' (but other parameters do) [/home/lysander/repos/bannou/bannou-service/bannou-service.csproj]
/home/lysander/repos/bannou/bannou-service/Generated/Clients/DocumentationClient.cs(255,108): warning CS1573: Parameter 'body' has no matching param tag in the XML comment for 'IDocumentationClient.GetRepositoryStatusAsync(RepositoryStatusRequest, CancellationToken)' (but other parameters do) [/home/lysander/repos/bannou/bannou-service/bannou-service.csproj]
/home/lysander/repos/bannou/bannou-service/Generated/Clients/DocumentationClient.cs(266,123): warning CS1573: Parameter 'body' has no matching param tag in the XML comment for 'IDocumentationClient.ListRepositoryBindingsAsync(ListRepositoryBindingsRequest, CancellationToken)' (but other parameters do) [/home/lysander/repos/bannou/bannou-service/bannou-service.csproj]
/home/lysander/repos/bannou/bannou-service/Generated/Clients/DocumentationClient.cs(277,126): warning CS1573: Parameter 'body' has no matching param tag in the XML comment for 'IDocumentationClient.UpdateRepositoryBindingAsync(UpdateRepositoryBindingRequest, CancellationToken)' (but other parameters do) [/home/lysander/repos/bannou/bannou-service/bannou-service.csproj]
/home/lysander/repos/bannou/bannou-service/Generated/Clients/DocumentationClient.cs(289,109): warning CS1573: Parameter 'body' has no matching param tag in the XML comment for 'IDocumentationClient.CreateDocumentationArchiveAsync(CreateArchiveRequest, CancellationToken)' (but other parameters do) [/home/lysander/repos/bannou/bannou-service/bannou-service.csproj]
/home/lysander/repos/bannou/bannou-service/Generated/Clients/DocumentationClient.cs(300,106): warning CS1573: Parameter 'body' has no matching param tag in the XML comment for 'IDocumentationClient.ListDocumentationArchivesAsync(ListArchivesRequest, CancellationToken)' (but other parameters do) [/home/lysander/repos/bannou/bannou-service/bannou-service.csproj]
/home/lysander/repos/bannou/bannou-service/Generated/Clients/DocumentationClient.cs(312,112): warning CS1573: Parameter 'body' has no matching param tag in the XML comment for 'IDocumentationClient.RestoreDocumentationArchiveAsync(RestoreArchiveRequest, CancellationToken)' (but other parameters do) [/home/lysander/repos/bannou/bannou-service/bannou-service.csproj]
/home/lysander/repos/bannou/bannou-service/Generated/Clients/DocumentationClient.cs(323,109): warning CS1573: Parameter 'body' has no matching param tag in the XML comment for 'IDocumentationClient.DeleteDocumentationArchiveAsync(DeleteArchiveRequest, CancellationToken)' (but other parameters do) [/home/lysander/repos/bannou/bannou-service/bannou-service.csproj]
/home/lysander/repos/bannou/bannou-service/Generated/Clients/DocumentationClient.cs(327,22): warning CS1591: Missing XML comment for publicly visible type or member 'DocumentationClient' [/home/lysander/repos/bannou/bannou-service/bannou-service.csproj]
/home/lysander/repos/bannou/bannou-service/Generated/Clients/DocumentationClient.cs(347,12): warning CS1591: Missing XML comment for publicly visible type or member 'DocumentationClient.DocumentationClient(IMeshInvocationClient, IServiceAppMappingResolver, ILogger<DocumentationClient>?)' [/home/lysander/repos/bannou/bannou-service/bannou-service.csproj]
/home/lysander/repos/bannou/bannou-service/Generated/Clients/DocumentationClient.cs(355,54): warning CS1591: Missing XML comment for publicly visible type or member 'DocumentationClient.JsonSerializerSettings' [/home/lysander/repos/bannou/bannou-service/bannou-service.csproj]
/home/lysander/repos/bannou/bannou-service/Generated/Clients/DocumentationClient.cs(548,132): warning CS1573: Parameter 'body' has no matching param tag in the XML comment for 'DocumentationClient.QueryDocumentationAsync(QueryDocumentationRequest, CancellationToken)' (but other parameters do) [/home/lysander/repos/bannou/bannou-service/bannou-service.csproj]
/home/lysander/repos/bannou/bannou-service/Generated/Clients/DocumentationClient.cs(643,111): warning CS1573: Parameter 'body' has no matching param tag in the XML comment for 'DocumentationClient.GetDocumentAsync(GetDocumentRequest, CancellationToken)' (but other parameters do) [/home/lysander/repos/bannou/bannou-service/bannou-service.csproj]
/home/lysander/repos/bannou/bannou-service/Generated/Clients/DocumentationClient.cs(732,135): warning CS1573: Parameter 'body' has no matching param tag in the XML comment for 'DocumentationClient.SearchDocumentationAsync(SearchDocumentationRequest, CancellationToken)' (but other parameters do) [/home/lysander/repos/bannou/bannou-service/bannou-service.csproj]
/home/lysander/repos/bannou/bannou-service/Generated/Clients/DocumentationClient.cs(815,117): warning CS1573: Parameter 'body' has no matching param tag in the XML comment for 'DocumentationClient.ListDocumentsAsync(ListDocumentsRequest, CancellationToken)' (but other parameters do) [/home/lysander/repos/bannou/bannou-service/bannou-service.csproj]
/home/lysander/repos/bannou/bannou-service/Generated/Clients/DocumentationClient.cs(898,126): warning CS1573: Parameter 'body' has no matching param tag in the XML comment for 'DocumentationClient.SuggestRelatedTopicsAsync(SuggestRelatedRequest, CancellationToken)' (but other parameters do) [/home/lysander/repos/bannou/bannou-service/bannou-service.csproj]
/home/lysander/repos/bannou/bannou-service/Generated/Clients/DocumentationClient.cs(977,120): warning CS1573: Parameter 'body' has no matching param tag in the XML comment for 'DocumentationClient.CreateDocumentAsync(CreateDocumentRequest, CancellationToken)' (but other parameters do) [/home/lysander/repos/bannou/bannou-service/bannou-service.csproj]
/home/lysander/repos/bannou/bannou-service/Generated/Clients/DocumentationClient.cs(1062,120): warning CS1573: Parameter 'body' has no matching param tag in the XML comment for 'DocumentationClient.UpdateDocumentAsync(UpdateDocumentRequest, CancellationToken)' (but other parameters do) [/home/lysander/repos/bannou/bannou-service/bannou-service.csproj]
/home/lysander/repos/bannou/bannou-service/Generated/Clients/DocumentationClient.cs(1151,120): warning CS1573: Parameter 'body' has no matching param tag in the XML comment for 'DocumentationClient.DeleteDocumentAsync(DeleteDocumentRequest, CancellationToken)' (but other parameters do) [/home/lysander/repos/bannou/bannou-service/bannou-service.csproj]
/home/lysander/repos/bannou/bannou-service/Generated/Clients/DocumentationClient.cs(1240,123): warning CS1573: Parameter 'body' has no matching param tag in the XML comment for 'DocumentationClient.RecoverDocumentAsync(RecoverDocumentRequest, CancellationToken)' (but other parameters do) [/home/lysander/repos/bannou/bannou-service/bannou-service.csproj]
/home/lysander/repos/bannou/bannou-service/Generated/Clients/DocumentationClient.cs(1335,117): warning CS1573: Parameter 'body' has no matching param tag in the XML comment for 'DocumentationClient.BulkUpdateDocumentsAsync(BulkUpdateRequest, CancellationToken)' (but other parameters do) [/home/lysander/repos/bannou/bannou-service/bannou-service.csproj]
/home/lysander/repos/bannou/bannou-service/Generated/Clients/DocumentationClient.cs(1418,117): warning CS1573: Parameter 'body' has no matching param tag in the XML comment for 'DocumentationClient.BulkDeleteDocumentsAsync(BulkDeleteRequest, CancellationToken)' (but other parameters do) [/home/lysander/repos/bannou/bannou-service/bannou-service.csproj]
/home/lysander/repos/bannou/bannou-service/Generated/Clients/DocumentationClient.cs(1501,135): warning CS1573: Parameter 'body' has no matching param tag in the XML comment for 'DocumentationClient.ImportDocumentationAsync(ImportDocumentationRequest, CancellationToken)' (but other parameters do) [/home/lysander/repos/bannou/bannou-service/bannou-service.csproj]
/home/lysander/repos/bannou/bannou-service/Generated/Clients/DocumentationClient.cs(1584,114): warning CS1573: Parameter 'body' has no matching param tag in the XML comment for 'DocumentationClient.ListTrashcanAsync(ListTrashcanRequest, CancellationToken)' (but other parameters do) [/home/lysander/repos/bannou/bannou-service/bannou-service.csproj]
/home/lysander/repos/bannou/bannou-service/Generated/Clients/DocumentationClient.cs(1667,117): warning CS1573: Parameter 'body' has no matching param tag in the XML comment for 'DocumentationClient.PurgeTrashcanAsync(PurgeTrashcanRequest, CancellationToken)' (but other parameters do) [/home/lysander/repos/bannou/bannou-service/bannou-service.csproj]
/home/lysander/repos/bannou/bannou-service/Generated/Clients/DocumentationClient.cs(1750,126): warning CS1573: Parameter 'body' has no matching param tag in the XML comment for 'DocumentationClient.GetNamespaceStatsAsync(GetNamespaceStatsRequest, CancellationToken)' (but other parameters do) [/home/lysander/repos/bannou/bannou-service/bannou-service.csproj]
/home/lysander/repos/bannou/bannou-service/Generated/Clients/DocumentationClient.cs(1834,120): warning CS1573: Parameter 'body' has no matching param tag in the XML comment for 'DocumentationClient.BindRepositoryAsync(BindRepositoryRequest, CancellationToken)' (but other parameters do) [/home/lysander/repos/bannou/bannou-service/bannou-service.csproj]
/home/lysander/repos/bannou/bannou-service/Generated/Clients/DocumentationClient.cs(1929,126): warning CS1573: Parameter 'body' has no matching param tag in the XML comment for 'DocumentationClient.UnbindRepositoryAsync(UnbindRepositoryRequest, CancellationToken)' (but other parameters do) [/home/lysander/repos/bannou/bannou-service/bannou-service.csproj]
/home/lysander/repos/bannou/bannou-service/Generated/Clients/DocumentationClient.cs(2018,120): warning CS1573: Parameter 'body' has no matching param tag in the XML comment for 'DocumentationClient.SyncRepositoryAsync(SyncRepositoryRequest, CancellationToken)' (but other parameters do) [/home/lysander/repos/bannou/bannou-service/bannou-service.csproj]
/home/lysander/repos/bannou/bannou-service/Generated/Clients/DocumentationClient.cs(2112,129): warning CS1573: Parameter 'body' has no matching param tag in the XML comment for 'DocumentationClient.GetRepositoryStatusAsync(RepositoryStatusRequest, CancellationToken)' (but other parameters do) [/home/lysander/repos/bannou/bannou-service/bannou-service.csproj]
/home/lysander/repos/bannou/bannou-service/Generated/Clients/DocumentationClient.cs(2200,144): warning CS1573: Parameter 'body' has no matching param tag in the XML comment for 'DocumentationClient.ListRepositoryBindingsAsync(ListRepositoryBindingsRequest, CancellationToken)' (but other parameters do) [/home/lysander/repos/bannou/bannou-service/bannou-service.csproj]
/home/lysander/repos/bannou/bannou-service/Generated/Clients/DocumentationClient.cs(2282,147): warning CS1573: Parameter 'body' has no matching param tag in the XML comment for 'DocumentationClient.UpdateRepositoryBindingAsync(UpdateRepositoryBindingRequest, CancellationToken)' (but other parameters do) [/home/lysander/repos/bannou/bannou-service/bannou-service.csproj]
/home/lysander/repos/bannou/bannou-service/Generated/Clients/DocumentationClient.cs(2371,130): warning CS1573: Parameter 'body' has no matching param tag in the XML comment for 'DocumentationClient.CreateDocumentationArchiveAsync(CreateArchiveRequest, CancellationToken)' (but other parameters do) [/home/lysander/repos/bannou/bannou-service/bannou-service.csproj]
/home/lysander/repos/bannou/bannou-service/Generated/Clients/DocumentationClient.cs(2459,127): warning CS1573: Parameter 'body' has no matching param tag in the XML comment for 'DocumentationClient.ListDocumentationArchivesAsync(ListArchivesRequest, CancellationToken)' (but other parameters do) [/home/lysander/repos/bannou/bannou-service/bannou-service.csproj]
/home/lysander/repos/bannou/bannou-service/Generated/Clients/DocumentationClient.cs(2542,133): warning CS1573: Parameter 'body' has no matching param tag in the XML comment for 'DocumentationClient.RestoreDocumentationArchiveAsync(RestoreArchiveRequest, CancellationToken)' (but other parameters do) [/home/lysander/repos/bannou/bannou-service/bannou-service.csproj]
/home/lysander/repos/bannou/bannou-service/Generated/Clients/DocumentationClient.cs(2630,130): warning CS1573: Parameter 'body' has no matching param tag in the XML comment for 'DocumentationClient.DeleteDocumentationArchiveAsync(DeleteArchiveRequest, CancellationToken)' (but other parameters do) [/home/lysander/repos/bannou/bannou-service/bannou-service.csproj]
/home/lysander/repos/bannou/bannou-service/Generated/Clients/DocumentationClient.cs(2709,22): warning CS1591: Missing XML comment for publicly visible type or member 'DocumentationClient.ObjectResponseResult<T>' [/home/lysander/repos/bannou/bannou-service/bannou-service.csproj]
/home/lysander/repos/bannou/bannou-service/Generated/Clients/DocumentationClient.cs(2711,16): warning CS1591: Missing XML comment for publicly visible type or member 'DocumentationClient.ObjectResponseResult<T>.ObjectResponseResult(T, string)' [/home/lysander/repos/bannou/bannou-service/bannou-service.csproj]
/home/lysander/repos/bannou/bannou-service/Generated/Clients/DocumentationClient.cs(2717,18): warning CS1591: Missing XML comment for publicly visible type or member 'DocumentationClient.ObjectResponseResult<T>.Object' [/home/lysander/repos/bannou/bannou-service/bannou-service.csproj]
/home/lysander/repos/bannou/bannou-service/Generated/Clients/DocumentationClient.cs(2719,23): warning CS1591: Missing XML comment for publicly visible type or member 'DocumentationClient.ObjectResponseResult<T>.Text' [/home/lysander/repos/bannou/bannou-service/bannou-service.csproj]
/home/lysander/repos/bannou/bannou-service/Generated/Clients/DocumentationClient.cs(2742,17): warning CS1591: Missing XML comment for publicly visible type or member 'DocumentationClient.ReadResponseAsString' [/home/lysander/repos/bannou/bannou-service/bannou-service.csproj]
/home/lysander/repos/bannou/bannou-service/Generated/Clients/DocumentationClient.cs(2744,86): warning CS1591: Missing XML comment for publicly visible type or member 'DocumentationClient.ReadObjectResponseAsync<T>(HttpResponseMessage, IReadOnlyDictionary<string, IEnumerable<string>>, CancellationToken)' [/home/lysander/repos/bannou/bannou-service/bannou-service.csproj]
/home/lysander/repos/bannou/bannou-service/Generated/Models/DocumentationModels.cs(25,5): warning CS1591: Missing XML comment for publicly visible type or member 'DocumentCategory.GettingStarted' [/home/lysander/repos/bannou/bannou-service/bannou-service.csproj]
/home/lysander/repos/bannou/bannou-service/Generated/Models/DocumentationModels.cs(28,5): warning CS1591: Missing XML comment for publicly visible type or member 'DocumentCategory.ApiReference' [/home/lysander/repos/bannou/bannou-service/bannou-service.csproj]
/home/lysander/repos/bannou/bannou-service/Generated/Models/DocumentationModels.cs(31,5): warning CS1591: Missing XML comment for publicly visible type or member 'DocumentCategory.Architecture' [/home/lysander/repos/bannou/bannou-service/bannou-service.csproj]
/home/lysander/repos/bannou/bannou-service/Generated/Models/DocumentationModels.cs(34,5): warning CS1591: Missing XML comment for publicly visible type or member 'DocumentCategory.Deployment' [/home/lysander/repos/bannou/bannou-service/bannou-service.csproj]
/home/lysander/repos/bannou/bannou-service/Generated/Models/DocumentationModels.cs(37,5): warning CS1591: Missing XML comment for publicly visible type or member 'DocumentCategory.Troubleshooting' [/home/lysander/repos/bannou/bannou-service/bannou-service.csproj]
/home/lysander/repos/bannou/bannou-service/Generated/Models/DocumentationModels.cs(40,5): warning CS1591: Missing XML comment for publicly visible type or member 'DocumentCategory.Tutorials' [/home/lysander/repos/bannou/bannou-service/bannou-service.csproj]
/home/lysander/repos/bannou/bannou-service/Generated/Models/DocumentationModels.cs(43,5): warning CS1591: Missing XML comment for publicly visible type or member 'DocumentCategory.GameSystems' [/home/lysander/repos/bannou/bannou-service/bannou-service.csproj]
/home/lysander/repos/bannou/bannou-service/Generated/Models/DocumentationModels.cs(46,5): warning CS1591: Missing XML comment for publicly visible type or member 'DocumentCategory.WorldLore' [/home/lysander/repos/bannou/bannou-service/bannou-service.csproj]
/home/lysander/repos/bannou/bannou-service/Generated/Models/DocumentationModels.cs(49,5): warning CS1591: Missing XML comment for publicly visible type or member 'DocumentCategory.NpcAi' [/home/lysander/repos/bannou/bannou-service/bannou-service.csproj]
/home/lysander/repos/bannou/bannou-service/Generated/Models/DocumentationModels.cs(52,5): warning CS1591: Missing XML comment for publicly visible type or member 'DocumentCategory.Other' [/home/lysander/repos/bannou/bannou-service/bannou-service.csproj]
/home/lysander/repos/bannou/bannou-service/Generated/Models/DocumentationModels.cs(68,5): warning CS1591: Missing XML comment for publicly visible type or member 'RelatedDepth.None' [/home/lysander/repos/bannou/bannou-service/bannou-service.csproj]
/home/lysander/repos/bannou/bannou-service/Generated/Models/DocumentationModels.cs(71,5): warning CS1591: Missing XML comment for publicly visible type or member 'RelatedDepth.Direct' [/home/lysander/repos/bannou/bannou-service/bannou-service.csproj]
/home/lysander/repos/bannou/bannou-service/Generated/Models/DocumentationModels.cs(74,5): warning CS1591: Missing XML comment for publicly visible type or member 'RelatedDepth.Extended' [/home/lysander/repos/bannou/bannou-service/bannou-service.csproj]
/home/lysander/repos/bannou/bannou-service/Generated/Models/DocumentationModels.cs(79,13): warning CS1591: Missing XML comment for publicly visible type or member 'SearchField' [/home/lysander/repos/bannou/bannou-service/bannou-service.csproj]
/home/lysander/repos/bannou/bannou-service/Generated/Models/DocumentationModels.cs(83,5): warning CS1591: Missing XML comment for publicly visible type or member 'SearchField.Title' [/home/lysander/repos/bannou/bannou-service/bannou-service.csproj]
/home/lysander/repos/bannou/bannou-service/Generated/Models/DocumentationModels.cs(86,5): warning CS1591: Missing XML comment for publicly visible type or member 'SearchField.Content' [/home/lysander/repos/bannou/bannou-service/bannou-service.csproj]
/home/lysander/repos/bannou/bannou-service/Generated/Models/DocumentationModels.cs(89,5): warning CS1591: Missing XML comment for publicly visible type or member 'SearchField.Tags' [/home/lysander/repos/bannou/bannou-service/bannou-service.csproj]
/home/lysander/repos/bannou/bannou-service/Generated/Models/DocumentationModels.cs(92,5): warning CS1591: Missing XML comment for publicly visible type or member 'SearchField.Summary' [/home/lysander/repos/bannou/bannou-service/bannou-service.csproj]
/home/lysander/repos/bannou/bannou-service/Generated/Models/DocumentationModels.cs(97,13): warning CS1591: Missing XML comment for publicly visible type or member 'ListSortField' [/home/lysander/repos/bannou/bannou-service/bannou-service.csproj]
/home/lysander/repos/bannou/bannou-service/Generated/Models/DocumentationModels.cs(101,5): warning CS1591: Missing XML comment for publicly visible type or member 'ListSortField.Created_at' [/home/lysander/repos/bannou/bannou-service/bannou-service.csproj]
/home/lysander/repos/bannou/bannou-service/Generated/Models/DocumentationModels.cs(104,5): warning CS1591: Missing XML comment for publicly visible type or member 'ListSortField.Updated_at' [/home/lysander/repos/bannou/bannou-service/bannou-service.csproj]
/home/lysander/repos/bannou/bannou-service/Generated/Models/DocumentationModels.cs(107,5): warning CS1591: Missing XML comment for publicly visible type or member 'ListSortField.Title' [/home/lysander/repos/bannou/bannou-service/bannou-service.csproj]
/home/lysander/repos/bannou/bannou-service/Generated/Models/DocumentationModels.cs(112,13): warning CS1591: Missing XML comment for publicly visible type or member 'SuggestionSource' [/home/lysander/repos/bannou/bannou-service/bannou-service.csproj]
/home/lysander/repos/bannou/bannou-service/Generated/Models/DocumentationModels.cs(116,5): warning CS1591: Missing XML comment for publicly visible type or member 'SuggestionSource.Document_id' [/home/lysander/repos/bannou/bannou-service/bannou-service.csproj]
/home/lysander/repos/bannou/bannou-service/Generated/Models/DocumentationModels.cs(119,5): warning CS1591: Missing XML comment for publicly visible type or member 'SuggestionSource.Slug' [/home/lysander/repos/bannou/bannou-service/bannou-service.csproj]
/home/lysander/repos/bannou/bannou-service/Generated/Models/DocumentationModels.cs(122,5): warning CS1591: Missing XML comment for publicly visible type or member 'SuggestionSource.Topic' [/home/lysander/repos/bannou/bannou-service/bannou-service.csproj]
/home/lysander/repos/bannou/bannou-service/Generated/Models/DocumentationModels.cs(125,5): warning CS1591: Missing XML comment for publicly visible type or member 'SuggestionSource.Category' [/home/lysander/repos/bannou/bannou-service/bannou-service.csproj]
/home/lysander/repos/bannou/bannou-service/Generated/Models/DocumentationModels.cs(130,22): warning CS1591: Missing XML comment for publicly visible type or member 'QueryDocumentationRequest' [/home/lysander/repos/bannou/bannou-service/bannou-service.csproj]
/home/lysander/repos/bannou/bannou-service/Generated/Models/DocumentationModels.cs(160,29): warning CS1591: Missing XML comment for publicly visible type or member 'QueryDocumentationRequest.Category' [/home/lysander/repos/bannou/bannou-service/bannou-service.csproj]
/home/lysander/repos/bannou/bannou-service/Generated/Models/DocumentationModels.cs(164,16): warning CS1591: Missing XML comment for publicly visible type or member 'QueryDocumentationRequest.MaxResults' [/home/lysander/repos/bannou/bannou-service/bannou-service.csproj]
/home/lysander/repos/bannou/bannou-service/Generated/Models/DocumentationModels.cs(167,17): warning CS1591: Missing XML comment for publicly visible type or member 'QueryDocumentationRequest.IncludeContent' [/home/lysander/repos/bannou/bannou-service/bannou-service.csproj]
/home/lysander/repos/bannou/bannou-service/Generated/Models/DocumentationModels.cs(171,16): warning CS1591: Missing XML comment for publicly visible type or member 'QueryDocumentationRequest.MaxSummaryLength' [/home/lysander/repos/bannou/bannou-service/bannou-service.csproj]
/home/lysander/repos/bannou/bannou-service/Generated/Models/DocumentationModels.cs(175,18): warning CS1591: Missing XML comment for publicly visible type or member 'QueryDocumentationRequest.MinRelevanceScore' [/home/lysander/repos/bannou/bannou-service/bannou-service.csproj]
/home/lysander/repos/bannou/bannou-service/Generated/Models/DocumentationModels.cs(180,68): warning CS1591: Missing XML comment for publicly visible type or member 'QueryDocumentationRequest.AdditionalProperties' [/home/lysander/repos/bannou/bannou-service/bannou-service.csproj]
/home/lysander/repos/bannou/bannou-service/Generated/Models/DocumentationModels.cs(189,22): warning CS1591: Missing XML comment for publicly visible type or member 'QueryDocumentationResponse' [/home/lysander/repos/bannou/bannou-service/bannou-service.csproj]
/home/lysander/repos/bannou/bannou-service/Generated/Models/DocumentationModels.cs(195,19): warning CS1591: Missing XML comment for publicly visible type or member 'QueryDocumentationResponse.Namespace' [/home/lysander/repos/bannou/bannou-service/bannou-service.csproj]
/home/lysander/repos/bannou/bannou-service/Generated/Models/DocumentationModels.cs(200,19): warning CS1591: Missing XML comment for publicly visible type or member 'QueryDocumentationResponse.Query' [/home/lysander/repos/bannou/bannou-service/bannou-service.csproj]
/home/lysander/repos/bannou/bannou-service/Generated/Models/DocumentationModels.cs(205,67): warning CS1591: Missing XML comment for publicly visible type or member 'QueryDocumentationResponse.Results' [/home/lysander/repos/bannou/bannou-service/bannou-service.csproj]
/home/lysander/repos/bannou/bannou-service/Generated/Models/DocumentationModels.cs(208,16): warning CS1591: Missing XML comment for publicly visible type or member 'QueryDocumentationResponse.TotalResults' [/home/lysander/repos/bannou/bannou-service/bannou-service.csproj]
/home/lysander/repos/bannou/bannou-service/Generated/Models/DocumentationModels.cs(217,59): warning CS1591: Missing XML comment for publicly visible type or member 'QueryDocumentationResponse.SuggestedFollowups' [/home/lysander/repos/bannou/bannou-service/bannou-service.csproj]
/home/lysander/repos/bannou/bannou-service/Generated/Models/DocumentationModels.cs(220,19): warning CS1591: Missing XML comment for publicly visible type or member 'QueryDocumentationResponse.NoResultsMessage' [/home/lysander/repos/bannou/bannou-service/bannou-service.csproj]
/home/lysander/repos/bannou/bannou-service/Generated/Models/DocumentationModels.cs(225,68): warning CS1591: Missing XML comment for publicly visible type or member 'QueryDocumentationResponse.AdditionalProperties' [/home/lysander/repos/bannou/bannou-service/bannou-service.csproj]
/home/lysander/repos/bannou/bannou-service/Generated/Models/DocumentationModels.cs(234,22): warning CS1591: Missing XML comment for publicly visible type or member 'GetDocumentRequest' [/home/lysander/repos/bannou/bannou-service/bannou-service.csproj]
/home/lysander/repos/bannou/bannou-service/Generated/Models/DocumentationModels.cs(242,19): warning CS1591: Missing XML comment for publicly visible type or member 'GetDocumentRequest.Namespace' [/home/lysander/repos/bannou/bannou-service/bannou-service.csproj]
/home/lysander/repos/bannou/bannou-service/Generated/Models/DocumentationModels.cs(245,24): warning CS1591: Missing XML comment for publicly visible type or member 'GetDocumentRequest.DocumentId' [/home/lysander/repos/bannou/bannou-service/bannou-service.csproj]
/home/lysander/repos/bannou/bannou-service/Generated/Models/DocumentationModels.cs(249,19): warning CS1591: Missing XML comment for publicly visible type or member 'GetDocumentRequest.Slug' [/home/lysander/repos/bannou/bannou-service/bannou-service.csproj]
/home/lysander/repos/bannou/bannou-service/Generated/Models/DocumentationModels.cs(252,24): warning CS1591: Missing XML comment for publicly visible type or member 'GetDocumentRequest.SessionId' [/home/lysander/repos/bannou/bannou-service/bannou-service.csproj]
/home/lysander/repos/bannou/bannou-service/Generated/Models/DocumentationModels.cs(256,25): warning CS1591: Missing XML comment for publicly visible type or member 'GetDocumentRequest.IncludeRelated' [/home/lysander/repos/bannou/bannou-service/bannou-service.csproj]
/home/lysander/repos/bannou/bannou-service/Generated/Models/DocumentationModels.cs(259,17): warning CS1591: Missing XML comment for publicly visible type or member 'GetDocumentRequest.IncludeContent' [/home/lysander/repos/bannou/bannou-service/bannou-service.csproj]
/home/lysander/repos/bannou/bannou-service/Generated/Models/DocumentationModels.cs(262,17): warning CS1591: Missing XML comment for publicly visible type or member 'GetDocumentRequest.RenderHtml' [/home/lysander/repos/bannou/bannou-service/bannou-service.csproj]
/home/lysander/repos/bannou/bannou-service/Generated/Models/DocumentationModels.cs(267,68): warning CS1591: Missing XML comment for publicly visible type or member 'GetDocumentRequest.AdditionalProperties' [/home/lysander/repos/bannou/bannou-service/bannou-service.csproj]
/home/lysander/repos/bannou/bannou-service/Generated/Models/DocumentationModels.cs(276,22): warning CS1591: Missing XML comment for publicly visible type or member 'GetDocumentResponse' [/home/lysander/repos/bannou/bannou-service/bannou-service.csproj]
/home/lysander/repos/bannou/bannou-service/Generated/Models/DocumentationModels.cs(282,21): warning CS1591: Missing XML comment for publicly visible type or member 'GetDocumentResponse.Document' [/home/lysander/repos/bannou/bannou-service/bannou-service.csproj]
/home/lysander/repos/bannou/bannou-service/Generated/Models/DocumentationModels.cs(285,68): warning CS1591: Missing XML comment for publicly visible type or member 'GetDocumentResponse.RelatedDocuments' [/home/lysander/repos/bannou/bannou-service/bannou-service.csproj]
/home/lysander/repos/bannou/bannou-service/Generated/Models/DocumentationModels.cs(289,45): warning CS1591: Missing XML comment for publicly visible type or member 'GetDocumentResponse.ContentFormat' [/home/lysander/repos/bannou/bannou-service/bannou-service.csproj]
/home/lysander/repos/bannou/bannou-service/Generated/Models/DocumentationModels.cs(294,68): warning CS1591: Missing XML comment for publicly visible type or member 'GetDocumentResponse.AdditionalProperties' [/home/lysander/repos/bannou/bannou-service/bannou-service.csproj]
/home/lysander/repos/bannou/bannou-service/Generated/Models/DocumentationModels.cs(303,22): warning CS1591: Missing XML comment for publicly visible type or member 'SearchDocumentationRequest' [/home/lysander/repos/bannou/bannou-service/bannou-service.csproj]
/home/lysander/repos/bannou/bannou-service/Generated/Models/DocumentationModels.cs(311,19): warning CS1591: Missing XML comment for publicly visible type or member 'SearchDocumentationRequest.Namespace' [/home/lysander/repos/bannou/bannou-service/bannou-service.csproj]
/home/lysander/repos/bannou/bannou-service/Generated/Models/DocumentationModels.cs(317,19): warning CS1591: Missing XML comment for publicly visible type or member 'SearchDocumentationRequest.SearchTerm' [/home/lysander/repos/bannou/bannou-service/bannou-service.csproj]
/home/lysander/repos/bannou/bannou-service/Generated/Models/DocumentationModels.cs(320,24): warning CS1591: Missing XML comment for publicly visible type or member 'SearchDocumentationRequest.SessionId' [/home/lysander/repos/bannou/bannou-service/bannou-service.csproj]
/home/lysander/repos/bannou/bannou-service/Generated/Models/DocumentationModels.cs(324,29): warning CS1591: Missing XML comment for publicly visible type or member 'SearchDocumentationRequest.Category' [/home/lysander/repos/bannou/bannou-service/bannou-service.csproj]
/home/lysander/repos/bannou/bannou-service/Generated/Models/DocumentationModels.cs(328,16): warning CS1591: Missing XML comment for publicly visible type or member 'SearchDocumentationRequest.MaxResults' [/home/lysander/repos/bannou/bannou-service/bannou-service.csproj]
/home/lysander/repos/bannou/bannou-service/Generated/Models/DocumentationModels.cs(332,64): warning CS1591: Missing XML comment for publicly visible type or member 'SearchDocumentationRequest.SearchIn' [/home/lysander/repos/bannou/bannou-service/bannou-service.csproj]
/home/lysander/repos/bannou/bannou-service/Generated/Models/DocumentationModels.cs(336,45): warning CS1591: Missing XML comment for publicly visible type or member 'SearchDocumentationRequest.SortBy' [/home/lysander/repos/bannou/bannou-service/bannou-service.csproj]
/home/lysander/repos/bannou/bannou-service/Generated/Models/DocumentationModels.cs(339,17): warning CS1591: Missing XML comment for publicly visible type or member 'SearchDocumentationRequest.IncludeContent' [/home/lysander/repos/bannou/bannou-service/bannou-service.csproj]
/home/lysander/repos/bannou/bannou-service/Generated/Models/DocumentationModels.cs(344,68): warning CS1591: Missing XML comment for publicly visible type or member 'SearchDocumentationRequest.AdditionalProperties' [/home/lysander/repos/bannou/bannou-service/bannou-service.csproj]
/home/lysander/repos/bannou/bannou-service/Generated/Models/DocumentationModels.cs(353,22): warning CS1591: Missing XML comment for publicly visible type or member 'SearchDocumentationResponse' [/home/lysander/repos/bannou/bannou-service/bannou-service.csproj]
/home/lysander/repos/bannou/bannou-service/Generated/Models/DocumentationModels.cs(359,19): warning CS1591: Missing XML comment for publicly visible type or member 'SearchDocumentationResponse.Namespace' [/home/lysander/repos/bannou/bannou-service/bannou-service.csproj]
/home/lysander/repos/bannou/bannou-service/Generated/Models/DocumentationModels.cs(364,67): warning CS1591: Missing XML comment for publicly visible type or member 'SearchDocumentationResponse.Results' [/home/lysander/repos/bannou/bannou-service/bannou-service.csproj]
/home/lysander/repos/bannou/bannou-service/Generated/Models/DocumentationModels.cs(367,16): warning CS1591: Missing XML comment for publicly visible type or member 'SearchDocumentationResponse.TotalResults' [/home/lysander/repos/bannou/bannou-service/bannou-service.csproj]
/home/lysander/repos/bannou/bannou-service/Generated/Models/DocumentationModels.cs(370,19): warning CS1591: Missing XML comment for publicly visible type or member 'SearchDocumentationResponse.SearchTerm' [/home/lysander/repos/bannou/bannou-service/bannou-service.csproj]
/home/lysander/repos/bannou/bannou-service/Generated/Models/DocumentationModels.cs(375,68): warning CS1591: Missing XML comment for publicly visible type or member 'SearchDocumentationResponse.AdditionalProperties' [/home/lysander/repos/bannou/bannou-service/bannou-service.csproj]
/home/lysander/repos/bannou/bannou-service/Generated/Models/DocumentationModels.cs(384,22): warning CS1591: Missing XML comment for publicly visible type or member 'ListDocumentsRequest' [/home/lysander/repos/bannou/bannou-service/bannou-service.csproj]
/home/lysander/repos/bannou/bannou-service/Generated/Models/DocumentationModels.cs(392,19): warning CS1591: Missing XML comment for publicly visible type or member 'ListDocumentsRequest.Namespace' [/home/lysander/repos/bannou/bannou-service/bannou-service.csproj]
/home/lysander/repos/bannou/bannou-service/Generated/Models/DocumentationModels.cs(396,29): warning CS1591: Missing XML comment for publicly visible type or member 'ListDocumentsRequest.Category' [/home/lysander/repos/bannou/bannou-service/bannou-service.csproj]
/home/lysander/repos/bannou/bannou-service/Generated/Models/DocumentationModels.cs(399,59): warning CS1591: Missing XML comment for publicly visible type or member 'ListDocumentsRequest.Tags' [/home/lysander/repos/bannou/bannou-service/bannou-service.csproj]
/home/lysander/repos/bannou/bannou-service/Generated/Models/DocumentationModels.cs(403,42): warning CS1591: Missing XML comment for publicly visible type or member 'ListDocumentsRequest.TagsMatch' [/home/lysander/repos/bannou/bannou-service/bannou-service.csproj]
/home/lysander/repos/bannou/bannou-service/Generated/Models/DocumentationModels.cs(406,34): warning CS1591: Missing XML comment for publicly visible type or member 'ListDocumentsRequest.CreatedAfter' [/home/lysander/repos/bannou/bannou-service/bannou-service.csproj]
/home/lysander/repos/bannou/bannou-service/Generated/Models/DocumentationModels.cs(409,34): warning CS1591: Missing XML comment for publicly visible type or member 'ListDocumentsRequest.CreatedBefore' [/home/lysander/repos/bannou/bannou-service/bannou-service.csproj]
/home/lysander/repos/bannou/bannou-service/Generated/Models/DocumentationModels.cs(412,34): warning CS1591: Missing XML comment for publicly visible type or member 'ListDocumentsRequest.UpdatedAfter' [/home/lysander/repos/bannou/bannou-service/bannou-service.csproj]
/home/lysander/repos/bannou/bannou-service/Generated/Models/DocumentationModels.cs(415,34): warning CS1591: Missing XML comment for publicly visible type or member 'ListDocumentsRequest.UpdatedBefore' [/home/lysander/repos/bannou/bannou-service/bannou-service.csproj]
/home/lysander/repos/bannou/bannou-service/Generated/Models/DocumentationModels.cs(418,17): warning CS1591: Missing XML comment for publicly visible type or member 'ListDocumentsRequest.TitlesOnly' [/home/lysander/repos/bannou/bannou-service/bannou-service.csproj]
/home/lysander/repos/bannou/bannou-service/Generated/Models/DocumentationModels.cs(422,16): warning CS1591: Missing XML comment for publicly visible type or member 'ListDocumentsRequest.Page' [/home/lysander/repos/bannou/bannou-service/bannou-service.csproj]
/home/lysander/repos/bannou/bannou-service/Generated/Models/DocumentationModels.cs(426,16): warning CS1591: Missing XML comment for publicly visible type or member 'ListDocumentsRequest.PageSize' [/home/lysander/repos/bannou/bannou-service/bannou-service.csproj]
/home/lysander/repos/bannou/bannou-service/Generated/Models/DocumentationModels.cs(430,26): warning CS1591: Missing XML comment for publicly visible type or member 'ListDocumentsRequest.SortBy' [/home/lysander/repos/bannou/bannou-service/bannou-service.csproj]
/home/lysander/repos/bannou/bannou-service/Generated/Models/DocumentationModels.cs(434,42): warning CS1591: Missing XML comment for publicly visible type or member 'ListDocumentsRequest.SortOrder' [/home/lysander/repos/bannou/bannou-service/bannou-service.csproj]
/home/lysander/repos/bannou/bannou-service/Generated/Models/DocumentationModels.cs(439,68): warning CS1591: Missing XML comment for publicly visible type or member 'ListDocumentsRequest.AdditionalProperties' [/home/lysander/repos/bannou/bannou-service/bannou-service.csproj]
/home/lysander/repos/bannou/bannou-service/Generated/Models/DocumentationModels.cs(448,22): warning CS1591: Missing XML comment for publicly visible type or member 'ListDocumentsResponse' [/home/lysander/repos/bannou/bannou-service/bannou-service.csproj]
/home/lysander/repos/bannou/bannou-service/Generated/Models/DocumentationModels.cs(454,19): warning CS1591: Missing XML comment for publicly visible type or member 'ListDocumentsResponse.Namespace' [/home/lysander/repos/bannou/bannou-service/bannou-service.csproj]
/home/lysander/repos/bannou/bannou-service/Generated/Models/DocumentationModels.cs(459,68): warning CS1591: Missing XML comment for publicly visible type or member 'ListDocumentsResponse.Documents' [/home/lysander/repos/bannou/bannou-service/bannou-service.csproj]
/home/lysander/repos/bannou/bannou-service/Generated/Models/DocumentationModels.cs(462,16): warning CS1591: Missing XML comment for publicly visible type or member 'ListDocumentsResponse.TotalCount' [/home/lysander/repos/bannou/bannou-service/bannou-service.csproj]
/home/lysander/repos/bannou/bannou-service/Generated/Models/DocumentationModels.cs(465,16): warning CS1591: Missing XML comment for publicly visible type or member 'ListDocumentsResponse.Page' [/home/lysander/repos/bannou/bannou-service/bannou-service.csproj]
/home/lysander/repos/bannou/bannou-service/Generated/Models/DocumentationModels.cs(468,16): warning CS1591: Missing XML comment for publicly visible type or member 'ListDocumentsResponse.PageSize' [/home/lysander/repos/bannou/bannou-service/bannou-service.csproj]
/home/lysander/repos/bannou/bannou-service/Generated/Models/DocumentationModels.cs(471,16): warning CS1591: Missing XML comment for publicly visible type or member 'ListDocumentsResponse.TotalPages' [/home/lysander/repos/bannou/bannou-service/bannou-service.csproj]
/home/lysander/repos/bannou/bannou-service/Generated/Models/DocumentationModels.cs(476,68): warning CS1591: Missing XML comment for publicly visible type or member 'ListDocumentsResponse.AdditionalProperties' [/home/lysander/repos/bannou/bannou-service/bannou-service.csproj]
/home/lysander/repos/bannou/bannou-service/Generated/Models/DocumentationModels.cs(485,22): warning CS1591: Missing XML comment for publicly visible type or member 'SuggestRelatedRequest' [/home/lysander/repos/bannou/bannou-service/bannou-service.csproj]
/home/lysander/repos/bannou/bannou-service/Generated/Models/DocumentationModels.cs(493,19): warning CS1591: Missing XML comment for publicly visible type or member 'SuggestRelatedRequest.Namespace' [/home/lysander/repos/bannou/bannou-service/bannou-service.csproj]
/home/lysander/repos/bannou/bannou-service/Generated/Models/DocumentationModels.cs(499,29): warning CS1591: Missing XML comment for publicly visible type or member 'SuggestRelatedRequest.SuggestionSource' [/home/lysander/repos/bannou/bannou-service/bannou-service.csproj]
/home/lysander/repos/bannou/bannou-service/Generated/Models/DocumentationModels.cs(502,19): warning CS1591: Missing XML comment for publicly visible type or member 'SuggestRelatedRequest.SourceValue' [/home/lysander/repos/bannou/bannou-service/bannou-service.csproj]
/home/lysander/repos/bannou/bannou-service/Generated/Models/DocumentationModels.cs(505,24): warning CS1591: Missing XML comment for publicly visible type or member 'SuggestRelatedRequest.SessionId' [/home/lysander/repos/bannou/bannou-service/bannou-service.csproj]
/home/lysander/repos/bannou/bannou-service/Generated/Models/DocumentationModels.cs(509,16): warning CS1591: Missing XML comment for publicly visible type or member 'SuggestRelatedRequest.MaxSuggestions' [/home/lysander/repos/bannou/bannou-service/bannou-service.csproj]
/home/lysander/repos/bannou/bannou-service/Generated/Models/DocumentationModels.cs(512,17): warning CS1591: Missing XML comment for publicly visible type or member 'SuggestRelatedRequest.ExcludeRecentlyViewed' [/home/lysander/repos/bannou/bannou-service/bannou-service.csproj]
/home/lysander/repos/bannou/bannou-service/Generated/Models/DocumentationModels.cs(517,68): warning CS1591: Missing XML comment for publicly visible type or member 'SuggestRelatedRequest.AdditionalProperties' [/home/lysander/repos/bannou/bannou-service/bannou-service.csproj]
/home/lysander/repos/bannou/bannou-service/Generated/Models/DocumentationModels.cs(526,22): warning CS1591: Missing XML comment for publicly visible type or member 'SuggestRelatedResponse' [/home/lysander/repos/bannou/bannou-service/bannou-service.csproj]
/home/lysander/repos/bannou/bannou-service/Generated/Models/DocumentationModels.cs(532,19): warning CS1591: Missing XML comment for publicly visible type or member 'SuggestRelatedResponse.Namespace' [/home/lysander/repos/bannou/bannou-service/bannou-service.csproj]
/home/lysander/repos/bannou/bannou-service/Generated/Models/DocumentationModels.cs(537,68): warning CS1591: Missing XML comment for publicly visible type or member 'SuggestRelatedResponse.Suggestions' [/home/lysander/repos/bannou/bannou-service/bannou-service.csproj]
/home/lysander/repos/bannou/bannou-service/Generated/Models/DocumentationModels.cs(540,19): warning CS1591: Missing XML comment for publicly visible type or member 'SuggestRelatedResponse.VoicePrompt' [/home/lysander/repos/bannou/bannou-service/bannou-service.csproj]
/home/lysander/repos/bannou/bannou-service/Generated/Models/DocumentationModels.cs(543,17): warning CS1591: Missing XML comment for publicly visible type or member 'SuggestRelatedResponse.SessionInfluenced' [/home/lysander/repos/bannou/bannou-service/bannou-service.csproj]
/home/lysander/repos/bannou/bannou-service/Generated/Models/DocumentationModels.cs(548,68): warning CS1591: Missing XML comment for publicly visible type or member 'SuggestRelatedResponse.AdditionalProperties' [/home/lysander/repos/bannou/bannou-service/bannou-service.csproj]
/home/lysander/repos/bannou/bannou-service/Generated/Models/DocumentationModels.cs(557,22): warning CS1591: Missing XML comment for publicly visible type or member 'TopicSuggestion' [/home/lysander/repos/bannou/bannou-service/bannou-service.csproj]
/home/lysander/repos/bannou/bannou-service/Generated/Models/DocumentationModels.cs(563,24): warning CS1591: Missing XML comment for publicly visible type or member 'TopicSuggestion.DocumentId' [/home/lysander/repos/bannou/bannou-service/bannou-service.csproj]
/home/lysander/repos/bannou/bannou-service/Generated/Models/DocumentationModels.cs(566,19): warning CS1591: Missing XML comment for publicly visible type or member 'TopicSuggestion.Slug' [/home/lysander/repos/bannou/bannou-service/bannou-service.csproj]
/home/lysander/repos/bannou/bannou-service/Generated/Models/DocumentationModels.cs(571,19): warning CS1591: Missing XML comment for publicly visible type or member 'TopicSuggestion.Title' [/home/lysander/repos/bannou/bannou-service/bannou-service.csproj]
/home/lysander/repos/bannou/bannou-service/Generated/Models/DocumentationModels.cs(575,29): warning CS1591: Missing XML comment for publicly visible type or member 'TopicSuggestion.Category' [/home/lysander/repos/bannou/bannou-service/bannou-service.csproj]
/home/lysander/repos/bannou/bannou-service/Generated/Models/DocumentationModels.cs(578,19): warning CS1591: Missing XML comment for publicly visible type or member 'TopicSuggestion.RelevanceReason' [/home/lysander/repos/bannou/bannou-service/bannou-service.csproj]
/home/lysander/repos/bannou/bannou-service/Generated/Models/DocumentationModels.cs(583,68): warning CS1591: Missing XML comment for publicly visible type or member 'TopicSuggestion.AdditionalProperties' [/home/lysander/repos/bannou/bannou-service/bannou-service.csproj]
/home/lysander/repos/bannou/bannou-service/Generated/Models/DocumentationModels.cs(592,22): warning CS1591: Missing XML comment for publicly visible type or member 'CreateDocumentRequest' [/home/lysander/repos/bannou/bannou-service/bannou-service.csproj]
/home/lysander/repos/bannou/bannou-service/Generated/Models/DocumentationModels.cs(600,19): warning CS1591: Missing XML comment for publicly visible type or member 'CreateDocumentRequest.Namespace' [/home/lysander/repos/bannou/bannou-service/bannou-service.csproj]
/home/lysander/repos/bannou/bannou-service/Generated/Models/DocumentationModels.cs(607,19): warning CS1591: Missing XML comment for publicly visible type or member 'CreateDocumentRequest.Slug' [/home/lysander/repos/bannou/bannou-service/bannou-service.csproj]
/home/lysander/repos/bannou/bannou-service/Generated/Models/DocumentationModels.cs(613,19): warning CS1591: Missing XML comment for publicly visible type or member 'CreateDocumentRequest.Title' [/home/lysander/repos/bannou/bannou-service/bannou-service.csproj]
/home/lysander/repos/bannou/bannou-service/Generated/Models/DocumentationModels.cs(619,29): warning CS1591: Missing XML comment for publicly visible type or member 'CreateDocumentRequest.Category' [/home/lysander/repos/bannou/bannou-service/bannou-service.csproj]
/home/lysander/repos/bannou/bannou-service/Generated/Models/DocumentationModels.cs(631,19): warning CS1591: Missing XML comment for publicly visible type or member 'CreateDocumentRequest.Summary' [/home/lysander/repos/bannou/bannou-service/bannou-service.csproj]
/home/lysander/repos/bannou/bannou-service/Generated/Models/DocumentationModels.cs(635,19): warning CS1591: Missing XML comment for publicly visible type or member 'CreateDocumentRequest.VoiceSummary' [/home/lysander/repos/bannou/bannou-service/bannou-service.csproj]
/home/lysander/repos/bannou/bannou-service/Generated/Models/DocumentationModels.cs(638,59): warning CS1591: Missing XML comment for publicly visible type or member 'CreateDocumentRequest.Tags' [/home/lysander/repos/bannou/bannou-service/bannou-service.csproj]
/home/lysander/repos/bannou/bannou-service/Generated/Models/DocumentationModels.cs(641,64): warning CS1591: Missing XML comment for publicly visible type or member 'CreateDocumentRequest.RelatedDocuments' [/home/lysander/repos/bannou/bannou-service/bannou-service.csproj]
/home/lysander/repos/bannou/bannou-service/Generated/Models/DocumentationModels.cs(644,19): warning CS1591: Missing XML comment for publicly visible type or member 'CreateDocumentRequest.Metadata' [/home/lysander/repos/bannou/bannou-service/bannou-service.csproj]
/home/lysander/repos/bannou/bannou-service/Generated/Models/DocumentationModels.cs(649,68): warning CS1591: Missing XML comment for publicly visible type or member 'CreateDocumentRequest.AdditionalProperties' [/home/lysander/repos/bannou/bannou-service/bannou-service.csproj]
/home/lysander/repos/bannou/bannou-service/Generated/Models/DocumentationModels.cs(658,22): warning CS1591: Missing XML comment for publicly visible type or member 'CreateDocumentResponse' [/home/lysander/repos/bannou/bannou-service/bannou-service.csproj]
/home/lysander/repos/bannou/bannou-service/Generated/Models/DocumentationModels.cs(664,24): warning CS1591: Missing XML comment for publicly visible type or member 'CreateDocumentResponse.DocumentId' [/home/lysander/repos/bannou/bannou-service/bannou-service.csproj]
/home/lysander/repos/bannou/bannou-service/Generated/Models/DocumentationModels.cs(669,19): warning CS1591: Missing XML comment for publicly visible type or member 'CreateDocumentResponse.Slug' [/home/lysander/repos/bannou/bannou-service/bannou-service.csproj]
/home/lysander/repos/bannou/bannou-service/Generated/Models/DocumentationModels.cs(672,34): warning CS1591: Missing XML comment for publicly visible type or member 'CreateDocumentResponse.CreatedAt' [/home/lysander/repos/bannou/bannou-service/bannou-service.csproj]
/home/lysander/repos/bannou/bannou-service/Generated/Models/DocumentationModels.cs(677,68): warning CS1591: Missing XML comment for publicly visible type or member 'CreateDocumentResponse.AdditionalProperties' [/home/lysander/repos/bannou/bannou-service/bannou-service.csproj]
/home/lysander/repos/bannou/bannou-service/Generated/Models/DocumentationModels.cs(686,22): warning CS1591: Missing XML comment for publicly visible type or member 'UpdateDocumentRequest' [/home/lysander/repos/bannou/bannou-service/bannou-service.csproj]
/home/lysander/repos/bannou/bannou-service/Generated/Models/DocumentationModels.cs(694,19): warning CS1591: Missing XML comment for publicly visible type or member 'UpdateDocumentRequest.Namespace' [/home/lysander/repos/bannou/bannou-service/bannou-service.csproj]
/home/lysander/repos/bannou/bannou-service/Generated/Models/DocumentationModels.cs(697,24): warning CS1591: Missing XML comment for publicly visible type or member 'UpdateDocumentRequest.DocumentId' [/home/lysander/repos/bannou/bannou-service/bannou-service.csproj]
/home/lysander/repos/bannou/bannou-service/Generated/Models/DocumentationModels.cs(700,19): warning CS1591: Missing XML comment for publicly visible type or member 'UpdateDocumentRequest.Slug' [/home/lysander/repos/bannou/bannou-service/bannou-service.csproj]
/home/lysander/repos/bannou/bannou-service/Generated/Models/DocumentationModels.cs(703,19): warning CS1591: Missing XML comment for publicly visible type or member 'UpdateDocumentRequest.Title' [/home/lysander/repos/bannou/bannou-service/bannou-service.csproj]
/home/lysander/repos/bannou/bannou-service/Generated/Models/DocumentationModels.cs(707,29): warning CS1591: Missing XML comment for publicly visible type or member 'UpdateDocumentRequest.Category' [/home/lysander/repos/bannou/bannou-service/bannou-service.csproj]
/home/lysander/repos/bannou/bannou-service/Generated/Models/DocumentationModels.cs(710,19): warning CS1591: Missing XML comment for publicly visible type or member 'UpdateDocumentRequest.Content' [/home/lysander/repos/bannou/bannou-service/bannou-service.csproj]
/home/lysander/repos/bannou/bannou-service/Generated/Models/DocumentationModels.cs(713,19): warning CS1591: Missing XML comment for publicly visible type or member 'UpdateDocumentRequest.Summary' [/home/lysander/repos/bannou/bannou-service/bannou-service.csproj]
/home/lysander/repos/bannou/bannou-service/Generated/Models/DocumentationModels.cs(716,19): warning CS1591: Missing XML comment for publicly visible type or member 'UpdateDocumentRequest.VoiceSummary' [/home/lysander/repos/bannou/bannou-service/bannou-service.csproj]
/home/lysander/repos/bannou/bannou-service/Generated/Models/DocumentationModels.cs(719,59): warning CS1591: Missing XML comment for publicly visible type or member 'UpdateDocumentRequest.Tags' [/home/lysander/repos/bannou/bannou-service/bannou-service.csproj]
/home/lysander/repos/bannou/bannou-service/Generated/Models/DocumentationModels.cs(722,64): warning CS1591: Missing XML comment for publicly visible type or member 'UpdateDocumentRequest.RelatedDocuments' [/home/lysander/repos/bannou/bannou-service/bannou-service.csproj]
/home/lysander/repos/bannou/bannou-service/Generated/Models/DocumentationModels.cs(725,19): warning CS1591: Missing XML comment for publicly visible type or member 'UpdateDocumentRequest.Metadata' [/home/lysander/repos/bannou/bannou-service/bannou-service.csproj]
/home/lysander/repos/bannou/bannou-service/Generated/Models/DocumentationModels.cs(730,68): warning CS1591: Missing XML comment for publicly visible type or member 'UpdateDocumentRequest.AdditionalProperties' [/home/lysander/repos/bannou/bannou-service/bannou-service.csproj]
/home/lysander/repos/bannou/bannou-service/Generated/Models/DocumentationModels.cs(739,22): warning CS1591: Missing XML comment for publicly visible type or member 'UpdateDocumentResponse' [/home/lysander/repos/bannou/bannou-service/bannou-service.csproj]
/home/lysander/repos/bannou/bannou-service/Generated/Models/DocumentationModels.cs(745,24): warning CS1591: Missing XML comment for publicly visible type or member 'UpdateDocumentResponse.DocumentId' [/home/lysander/repos/bannou/bannou-service/bannou-service.csproj]
/home/lysander/repos/bannou/bannou-service/Generated/Models/DocumentationModels.cs(750,34): warning CS1591: Missing XML comment for publicly visible type or member 'UpdateDocumentResponse.UpdatedAt' [/home/lysander/repos/bannou/bannou-service/bannou-service.csproj]
/home/lysander/repos/bannou/bannou-service/Generated/Models/DocumentationModels.cs(755,68): warning CS1591: Missing XML comment for publicly visible type or member 'UpdateDocumentResponse.AdditionalProperties' [/home/lysander/repos/bannou/bannou-service/bannou-service.csproj]
/home/lysander/repos/bannou/bannou-service/Generated/Models/DocumentationModels.cs(764,22): warning CS1591: Missing XML comment for publicly visible type or member 'DeleteDocumentRequest' [/home/lysander/repos/bannou/bannou-service/bannou-service.csproj]
/home/lysander/repos/bannou/bannou-service/Generated/Models/DocumentationModels.cs(772,19): warning CS1591: Missing XML comment for publicly visible type or member 'DeleteDocumentRequest.Namespace' [/home/lysander/repos/bannou/bannou-service/bannou-service.csproj]
/home/lysander/repos/bannou/bannou-service/Generated/Models/DocumentationModels.cs(775,24): warning CS1591: Missing XML comment for publicly visible type or member 'DeleteDocumentRequest.DocumentId' [/home/lysander/repos/bannou/bannou-service/bannou-service.csproj]
/home/lysander/repos/bannou/bannou-service/Generated/Models/DocumentationModels.cs(778,19): warning CS1591: Missing XML comment for publicly visible type or member 'DeleteDocumentRequest.Slug' [/home/lysander/repos/bannou/bannou-service/bannou-service.csproj]
/home/lysander/repos/bannou/bannou-service/Generated/Models/DocumentationModels.cs(783,68): warning CS1591: Missing XML comment for publicly visible type or member 'DeleteDocumentRequest.AdditionalProperties' [/home/lysander/repos/bannou/bannou-service/bannou-service.csproj]
/home/lysander/repos/bannou/bannou-service/Generated/Models/DocumentationModels.cs(792,22): warning CS1591: Missing XML comment for publicly visible type or member 'DeleteDocumentResponse' [/home/lysander/repos/bannou/bannou-service/bannou-service.csproj]
/home/lysander/repos/bannou/bannou-service/Generated/Models/DocumentationModels.cs(798,24): warning CS1591: Missing XML comment for publicly visible type or member 'DeleteDocumentResponse.DocumentId' [/home/lysander/repos/bannou/bannou-service/bannou-service.csproj]
/home/lysander/repos/bannou/bannou-service/Generated/Models/DocumentationModels.cs(803,34): warning CS1591: Missing XML comment for publicly visible type or member 'DeleteDocumentResponse.DeletedAt' [/home/lysander/repos/bannou/bannou-service/bannou-service.csproj]
/home/lysander/repos/bannou/bannou-service/Generated/Models/DocumentationModels.cs(808,34): warning CS1591: Missing XML comment for publicly visible type or member 'DeleteDocumentResponse.RecoverableUntil' [/home/lysander/repos/bannou/bannou-service/bannou-service.csproj]
/home/lysander/repos/bannou/bannou-service/Generated/Models/DocumentationModels.cs(813,68): warning CS1591: Missing XML comment for publicly visible type or member 'DeleteDocumentResponse.AdditionalProperties' [/home/lysander/repos/bannou/bannou-service/bannou-service.csproj]
/home/lysander/repos/bannou/bannou-service/Generated/Models/DocumentationModels.cs(822,22): warning CS1591: Missing XML comment for publicly visible type or member 'RecoverDocumentRequest' [/home/lysander/repos/bannou/bannou-service/bannou-service.csproj]
/home/lysander/repos/bannou/bannou-service/Generated/Models/DocumentationModels.cs(830,19): warning CS1591: Missing XML comment for publicly visible type or member 'RecoverDocumentRequest.Namespace' [/home/lysander/repos/bannou/bannou-service/bannou-service.csproj]
/home/lysander/repos/bannou/bannou-service/Generated/Models/DocumentationModels.cs(835,24): warning CS1591: Missing XML comment for publicly visible type or member 'RecoverDocumentRequest.DocumentId' [/home/lysander/repos/bannou/bannou-service/bannou-service.csproj]
/home/lysander/repos/bannou/bannou-service/Generated/Models/DocumentationModels.cs(840,68): warning CS1591: Missing XML comment for publicly visible type or member 'RecoverDocumentRequest.AdditionalProperties' [/home/lysander/repos/bannou/bannou-service/bannou-service.csproj]
/home/lysander/repos/bannou/bannou-service/Generated/Models/DocumentationModels.cs(849,22): warning CS1591: Missing XML comment for publicly visible type or member 'RecoverDocumentResponse' [/home/lysander/repos/bannou/bannou-service/bannou-service.csproj]
/home/lysander/repos/bannou/bannou-service/Generated/Models/DocumentationModels.cs(855,24): warning CS1591: Missing XML comment for publicly visible type or member 'RecoverDocumentResponse.DocumentId' [/home/lysander/repos/bannou/bannou-service/bannou-service.csproj]
/home/lysander/repos/bannou/bannou-service/Generated/Models/DocumentationModels.cs(860,34): warning CS1591: Missing XML comment for publicly visible type or member 'RecoverDocumentResponse.RecoveredAt' [/home/lysander/repos/bannou/bannou-service/bannou-service.csproj]
/home/lysander/repos/bannou/bannou-service/Generated/Models/DocumentationModels.cs(865,68): warning CS1591: Missing XML comment for publicly visible type or member 'RecoverDocumentResponse.AdditionalProperties' [/home/lysander/repos/bannou/bannou-service/bannou-service.csproj]
/home/lysander/repos/bannou/bannou-service/Generated/Models/DocumentationModels.cs(874,22): warning CS1591: Missing XML comment for publicly visible type or member 'BulkUpdateRequest' [/home/lysander/repos/bannou/bannou-service/bannou-service.csproj]
/home/lysander/repos/bannou/bannou-service/Generated/Models/DocumentationModels.cs(882,19): warning CS1591: Missing XML comment for publicly visible type or member 'BulkUpdateRequest.Namespace' [/home/lysander/repos/bannou/bannou-service/bannou-service.csproj]
/home/lysander/repos/bannou/bannou-service/Generated/Models/DocumentationModels.cs(887,64): warning CS1591: Missing XML comment for publicly visible type or member 'BulkUpdateRequest.DocumentIds' [/home/lysander/repos/bannou/bannou-service/bannou-service.csproj]
/home/lysander/repos/bannou/bannou-service/Generated/Models/DocumentationModels.cs(891,29): warning CS1591: Missing XML comment for publicly visible type or member 'BulkUpdateRequest.Category' [/home/lysander/repos/bannou/bannou-service/bannou-service.csproj]
/home/lysander/repos/bannou/bannou-service/Generated/Models/DocumentationModels.cs(894,59): warning CS1591: Missing XML comment for publicly visible type or member 'BulkUpdateRequest.AddTags' [/home/lysander/repos/bannou/bannou-service/bannou-service.csproj]
/home/lysander/repos/bannou/bannou-service/Generated/Models/DocumentationModels.cs(897,59): warning CS1591: Missing XML comment for publicly visible type or member 'BulkUpdateRequest.RemoveTags' [/home/lysander/repos/bannou/bannou-service/bannou-service.csproj]
/home/lysander/repos/bannou/bannou-service/Generated/Models/DocumentationModels.cs(902,68): warning CS1591: Missing XML comment for publicly visible type or member 'BulkUpdateRequest.AdditionalProperties' [/home/lysander/repos/bannou/bannou-service/bannou-service.csproj]
/home/lysander/repos/bannou/bannou-service/Generated/Models/DocumentationModels.cs(911,22): warning CS1591: Missing XML comment for publicly visible type or member 'BulkUpdateResponse' [/home/lysander/repos/bannou/bannou-service/bannou-service.csproj]
/home/lysander/repos/bannou/bannou-service/Generated/Models/DocumentationModels.cs(917,64): warning CS1591: Missing XML comment for publicly visible type or member 'BulkUpdateResponse.Succeeded' [/home/lysander/repos/bannou/bannou-service/bannou-service.csproj]
/home/lysander/repos/bannou/bannou-service/Generated/Models/DocumentationModels.cs(922,73): warning CS1591: Missing XML comment for publicly visible type or member 'BulkUpdateResponse.Failed' [/home/lysander/repos/bannou/bannou-service/bannou-service.csproj]
/home/lysander/repos/bannou/bannou-service/Generated/Models/DocumentationModels.cs(927,68): warning CS1591: Missing XML comment for publicly visible type or member 'BulkUpdateResponse.AdditionalProperties' [/home/lysander/repos/bannou/bannou-service/bannou-service.csproj]
/home/lysander/repos/bannou/bannou-service/Generated/Models/DocumentationModels.cs(936,22): warning CS1591: Missing XML comment for publicly visible type or member 'BulkDeleteRequest' [/home/lysander/repos/bannou/bannou-service/bannou-service.csproj]
/home/lysander/repos/bannou/bannou-service/Generated/Models/DocumentationModels.cs(944,19): warning CS1591: Missing XML comment for publicly visible type or member 'BulkDeleteRequest.Namespace' [/home/lysander/repos/bannou/bannou-service/bannou-service.csproj]
/home/lysander/repos/bannou/bannou-service/Generated/Models/DocumentationModels.cs(949,64): warning CS1591: Missing XML comment for publicly visible type or member 'BulkDeleteRequest.DocumentIds' [/home/lysander/repos/bannou/bannou-service/bannou-service.csproj]
/home/lysander/repos/bannou/bannou-service/Generated/Models/DocumentationModels.cs(954,68): warning CS1591: Missing XML comment for publicly visible type or member 'BulkDeleteRequest.AdditionalProperties' [/home/lysander/repos/bannou/bannou-service/bannou-service.csproj]
/home/lysander/repos/bannou/bannou-service/Generated/Models/DocumentationModels.cs(963,22): warning CS1591: Missing XML comment for publicly visible type or member 'BulkDeleteResponse' [/home/lysander/repos/bannou/bannou-service/bannou-service.csproj]
/home/lysander/repos/bannou/bannou-service/Generated/Models/DocumentationModels.cs(969,64): warning CS1591: Missing XML comment for publicly visible type or member 'BulkDeleteResponse.Succeeded' [/home/lysander/repos/bannou/bannou-service/bannou-service.csproj]
/home/lysander/repos/bannou/bannou-service/Generated/Models/DocumentationModels.cs(974,73): warning CS1591: Missing XML comment for publicly visible type or member 'BulkDeleteResponse.Failed' [/home/lysander/repos/bannou/bannou-service/bannou-service.csproj]
/home/lysander/repos/bannou/bannou-service/Generated/Models/DocumentationModels.cs(979,68): warning CS1591: Missing XML comment for publicly visible type or member 'BulkDeleteResponse.AdditionalProperties' [/home/lysander/repos/bannou/bannou-service/bannou-service.csproj]
/home/lysander/repos/bannou/bannou-service/Generated/Models/DocumentationModels.cs(988,22): warning CS1591: Missing XML comment for publicly visible type or member 'BulkOperationFailure' [/home/lysander/repos/bannou/bannou-service/bannou-service.csproj]
/home/lysander/repos/bannou/bannou-service/Generated/Models/DocumentationModels.cs(994,24): warning CS1591: Missing XML comment for publicly visible type or member 'BulkOperationFailure.DocumentId' [/home/lysander/repos/bannou/bannou-service/bannou-service.csproj]
/home/lysander/repos/bannou/bannou-service/Generated/Models/DocumentationModels.cs(999,19): warning CS1591: Missing XML comment for publicly visible type or member 'BulkOperationFailure.Error' [/home/lysander/repos/bannou/bannou-service/bannou-service.csproj]
/home/lysander/repos/bannou/bannou-service/Generated/Models/DocumentationModels.cs(1004,68): warning CS1591: Missing XML comment for publicly visible type or member 'BulkOperationFailure.AdditionalProperties' [/home/lysander/repos/bannou/bannou-service/bannou-service.csproj]
/home/lysander/repos/bannou/bannou-service/Generated/Models/DocumentationModels.cs(1013,22): warning CS1591: Missing XML comment for publicly visible type or member 'ImportDocumentationRequest' [/home/lysander/repos/bannou/bannou-service/bannou-service.csproj]
/home/lysander/repos/bannou/bannou-service/Generated/Models/DocumentationModels.cs(1021,19): warning CS1591: Missing XML comment for publicly visible type or member 'ImportDocumentationRequest.Namespace' [/home/lysander/repos/bannou/bannou-service/bannou-service.csproj]
/home/lysander/repos/bannou/bannou-service/Generated/Models/DocumentationModels.cs(1026,67): warning CS1591: Missing XML comment for publicly visible type or member 'ImportDocumentationRequest.Documents' [/home/lysander/repos/bannou/bannou-service/bannou-service.csproj]
/home/lysander/repos/bannou/bannou-service/Generated/Models/DocumentationModels.cs(1030,49): warning CS1591: Missing XML comment for publicly visible type or member 'ImportDocumentationRequest.OnConflict' [/home/lysander/repos/bannou/bannou-service/bannou-service.csproj]
/home/lysander/repos/bannou/bannou-service/Generated/Models/DocumentationModels.cs(1035,68): warning CS1591: Missing XML comment for publicly visible type or member 'ImportDocumentationRequest.AdditionalProperties' [/home/lysander/repos/bannou/bannou-service/bannou-service.csproj]
/home/lysander/repos/bannou/bannou-service/Generated/Models/DocumentationModels.cs(1044,22): warning CS1591: Missing XML comment for publicly visible type or member 'ImportDocument' [/home/lysander/repos/bannou/bannou-service/bannou-service.csproj]
/home/lysander/repos/bannou/bannou-service/Generated/Models/DocumentationModels.cs(1050,19): warning CS1591: Missing XML comment for publicly visible type or member 'ImportDocument.Slug' [/home/lysander/repos/bannou/bannou-service/bannou-service.csproj]
/home/lysander/repos/bannou/bannou-service/Generated/Models/DocumentationModels.cs(1055,19): warning CS1591: Missing XML comment for publicly visible type or member 'ImportDocument.Title' [/home/lysander/repos/bannou/bannou-service/bannou-service.csproj]
/home/lysander/repos/bannou/bannou-service/Generated/Models/DocumentationModels.cs(1061,29): warning CS1591: Missing XML comment for publicly visible type or member 'ImportDocument.Category' [/home/lysander/repos/bannou/bannou-service/bannou-service.csproj]
/home/lysander/repos/bannou/bannou-service/Generated/Models/DocumentationModels.cs(1066,19): warning CS1591: Missing XML comment for publicly visible type or member 'ImportDocument.Content' [/home/lysander/repos/bannou/bannou-service/bannou-service.csproj]
/home/lysander/repos/bannou/bannou-service/Generated/Models/DocumentationModels.cs(1069,19): warning CS1591: Missing XML comment for publicly visible type or member 'ImportDocument.Summary' [/home/lysander/repos/bannou/bannou-service/bannou-service.csproj]
/home/lysander/repos/bannou/bannou-service/Generated/Models/DocumentationModels.cs(1072,19): warning CS1591: Missing XML comment for publicly visible type or member 'ImportDocument.VoiceSummary' [/home/lysander/repos/bannou/bannou-service/bannou-service.csproj]
/home/lysander/repos/bannou/bannou-service/Generated/Models/DocumentationModels.cs(1075,59): warning CS1591: Missing XML comment for publicly visible type or member 'ImportDocument.Tags' [/home/lysander/repos/bannou/bannou-service/bannou-service.csproj]
/home/lysander/repos/bannou/bannou-service/Generated/Models/DocumentationModels.cs(1078,19): warning CS1591: Missing XML comment for publicly visible type or member 'ImportDocument.Metadata' [/home/lysander/repos/bannou/bannou-service/bannou-service.csproj]
/home/lysander/repos/bannou/bannou-service/Generated/Models/DocumentationModels.cs(1083,68): warning CS1591: Missing XML comment for publicly visible type or member 'ImportDocument.AdditionalProperties' [/home/lysander/repos/bannou/bannou-service/bannou-service.csproj]
/home/lysander/repos/bannou/bannou-service/Generated/Models/DocumentationModels.cs(1092,22): warning CS1591: Missing XML comment for publicly visible type or member 'ImportDocumentationResponse' [/home/lysander/repos/bannou/bannou-service/bannou-service.csproj]
/home/lysander/repos/bannou/bannou-service/Generated/Models/DocumentationModels.cs(1098,19): warning CS1591: Missing XML comment for publicly visible type or member 'ImportDocumentationResponse.Namespace' [/home/lysander/repos/bannou/bannou-service/bannou-service.csproj]
/home/lysander/repos/bannou/bannou-service/Generated/Models/DocumentationModels.cs(1101,16): warning CS1591: Missing XML comment for publicly visible type or member 'ImportDocumentationResponse.Created' [/home/lysander/repos/bannou/bannou-service/bannou-service.csproj]
/home/lysander/repos/bannou/bannou-service/Generated/Models/DocumentationModels.cs(1104,16): warning CS1591: Missing XML comment for publicly visible type or member 'ImportDocumentationResponse.Updated' [/home/lysander/repos/bannou/bannou-service/bannou-service.csproj]
/home/lysander/repos/bannou/bannou-service/Generated/Models/DocumentationModels.cs(1107,16): warning CS1591: Missing XML comment for publicly visible type or member 'ImportDocumentationResponse.Skipped' [/home/lysander/repos/bannou/bannou-service/bannou-service.csproj]
/home/lysander/repos/bannou/bannou-service/Generated/Models/DocumentationModels.cs(1112,66): warning CS1591: Missing XML comment for publicly visible type or member 'ImportDocumentationResponse.Failed' [/home/lysander/repos/bannou/bannou-service/bannou-service.csproj]
/home/lysander/repos/bannou/bannou-service/Generated/Models/DocumentationModels.cs(1117,68): warning CS1591: Missing XML comment for publicly visible type or member 'ImportDocumentationResponse.AdditionalProperties' [/home/lysander/repos/bannou/bannou-service/bannou-service.csproj]
/home/lysander/repos/bannou/bannou-service/Generated/Models/DocumentationModels.cs(1126,22): warning CS1591: Missing XML comment for publicly visible type or member 'ImportFailure' [/home/lysander/repos/bannou/bannou-service/bannou-service.csproj]
/home/lysander/repos/bannou/bannou-service/Generated/Models/DocumentationModels.cs(1132,19): warning CS1591: Missing XML comment for publicly visible type or member 'ImportFailure.Slug' [/home/lysander/repos/bannou/bannou-service/bannou-service.csproj]
/home/lysander/repos/bannou/bannou-service/Generated/Models/DocumentationModels.cs(1137,19): warning CS1591: Missing XML comment for publicly visible type or member 'ImportFailure.Error' [/home/lysander/repos/bannou/bannou-service/bannou-service.csproj]
/home/lysander/repos/bannou/bannou-service/Generated/Models/DocumentationModels.cs(1142,68): warning CS1591: Missing XML comment for publicly visible type or member 'ImportFailure.AdditionalProperties' [/home/lysander/repos/bannou/bannou-service/bannou-service.csproj]
/home/lysander/repos/bannou/bannou-service/Generated/Models/DocumentationModels.cs(1151,22): warning CS1591: Missing XML comment for publicly visible type or member 'ListTrashcanRequest' [/home/lysander/repos/bannou/bannou-service/bannou-service.csproj]
/home/lysander/repos/bannou/bannou-service/Generated/Models/DocumentationModels.cs(1159,19): warning CS1591: Missing XML comment for publicly visible type or member 'ListTrashcanRequest.Namespace' [/home/lysander/repos/bannou/bannou-service/bannou-service.csproj]
/home/lysander/repos/bannou/bannou-service/Generated/Models/DocumentationModels.cs(1162,16): warning CS1591: Missing XML comment for publicly visible type or member 'ListTrashcanRequest.Page' [/home/lysander/repos/bannou/bannou-service/bannou-service.csproj]
/home/lysander/repos/bannou/bannou-service/Generated/Models/DocumentationModels.cs(1165,16): warning CS1591: Missing XML comment for publicly visible type or member 'ListTrashcanRequest.PageSize' [/home/lysander/repos/bannou/bannou-service/bannou-service.csproj]
/home/lysander/repos/bannou/bannou-service/Generated/Models/DocumentationModels.cs(1170,68): warning CS1591: Missing XML comment for publicly visible type or member 'ListTrashcanRequest.AdditionalProperties' [/home/lysander/repos/bannou/bannou-service/bannou-service.csproj]
/home/lysander/repos/bannou/bannou-service/Generated/Models/DocumentationModels.cs(1179,22): warning CS1591: Missing XML comment for publicly visible type or member 'ListTrashcanResponse' [/home/lysander/repos/bannou/bannou-service/bannou-service.csproj]
/home/lysander/repos/bannou/bannou-service/Generated/Models/DocumentationModels.cs(1185,19): warning CS1591: Missing XML comment for publicly visible type or member 'ListTrashcanResponse.Namespace' [/home/lysander/repos/bannou/bannou-service/bannou-service.csproj]
/home/lysander/repos/bannou/bannou-service/Generated/Models/DocumentationModels.cs(1190,65): warning CS1591: Missing XML comment for publicly visible type or member 'ListTrashcanResponse.Items' [/home/lysander/repos/bannou/bannou-service/bannou-service.csproj]
/home/lysander/repos/bannou/bannou-service/Generated/Models/DocumentationModels.cs(1193,16): warning CS1591: Missing XML comment for publicly visible type or member 'ListTrashcanResponse.TotalCount' [/home/lysander/repos/bannou/bannou-service/bannou-service.csproj]
/home/lysander/repos/bannou/bannou-service/Generated/Models/DocumentationModels.cs(1198,68): warning CS1591: Missing XML comment for publicly visible type or member 'ListTrashcanResponse.AdditionalProperties' [/home/lysander/repos/bannou/bannou-service/bannou-service.csproj]
/home/lysander/repos/bannou/bannou-service/Generated/Models/DocumentationModels.cs(1207,22): warning CS1591: Missing XML comment for publicly visible type or member 'TrashcanItem' [/home/lysander/repos/bannou/bannou-service/bannou-service.csproj]
/home/lysander/repos/bannou/bannou-service/Generated/Models/DocumentationModels.cs(1213,24): warning CS1591: Missing XML comment for publicly visible type or member 'TrashcanItem.DocumentId' [/home/lysander/repos/bannou/bannou-service/bannou-service.csproj]
/home/lysander/repos/bannou/bannou-service/Generated/Models/DocumentationModels.cs(1216,19): warning CS1591: Missing XML comment for publicly visible type or member 'TrashcanItem.Slug' [/home/lysander/repos/bannou/bannou-service/bannou-service.csproj]
/home/lysander/repos/bannou/bannou-service/Generated/Models/DocumentationModels.cs(1221,19): warning CS1591: Missing XML comment for publicly visible type or member 'TrashcanItem.Title' [/home/lysander/repos/bannou/bannou-service/bannou-service.csproj]
/home/lysander/repos/bannou/bannou-service/Generated/Models/DocumentationModels.cs(1225,29): warning CS1591: Missing XML comment for publicly visible type or member 'TrashcanItem.Category' [/home/lysander/repos/bannou/bannou-service/bannou-service.csproj]
/home/lysander/repos/bannou/bannou-service/Generated/Models/DocumentationModels.cs(1230,34): warning CS1591: Missing XML comment for publicly visible type or member 'TrashcanItem.DeletedAt' [/home/lysander/repos/bannou/bannou-service/bannou-service.csproj]
/home/lysander/repos/bannou/bannou-service/Generated/Models/DocumentationModels.cs(1235,34): warning CS1591: Missing XML comment for publicly visible type or member 'TrashcanItem.ExpiresAt' [/home/lysander/repos/bannou/bannou-service/bannou-service.csproj]
/home/lysander/repos/bannou/bannou-service/Generated/Models/DocumentationModels.cs(1240,68): warning CS1591: Missing XML comment for publicly visible type or member 'TrashcanItem.AdditionalProperties' [/home/lysander/repos/bannou/bannou-service/bannou-service.csproj]
/home/lysander/repos/bannou/bannou-service/Generated/Models/DocumentationModels.cs(1249,22): warning CS1591: Missing XML comment for publicly visible type or member 'PurgeTrashcanRequest' [/home/lysander/repos/bannou/bannou-service/bannou-service.csproj]
/home/lysander/repos/bannou/bannou-service/Generated/Models/DocumentationModels.cs(1257,19): warning CS1591: Missing XML comment for publicly visible type or member 'PurgeTrashcanRequest.Namespace' [/home/lysander/repos/bannou/bannou-service/bannou-service.csproj]
/home/lysander/repos/bannou/bannou-service/Generated/Models/DocumentationModels.cs(1268,68): warning CS1591: Missing XML comment for publicly visible type or member 'PurgeTrashcanRequest.AdditionalProperties' [/home/lysander/repos/bannou/bannou-service/bannou-service.csproj]
/home/lysander/repos/bannou/bannou-service/Generated/Models/DocumentationModels.cs(1277,22): warning CS1591: Missing XML comment for publicly visible type or member 'PurgeTrashcanResponse' [/home/lysander/repos/bannou/bannou-service/bannou-service.csproj]
/home/lysander/repos/bannou/bannou-service/Generated/Models/DocumentationModels.cs(1281,16): warning CS1591: Missing XML comment for publicly visible type or member 'PurgeTrashcanResponse.PurgedCount' [/home/lysander/repos/bannou/bannou-service/bannou-service.csproj]
/home/lysander/repos/bannou/bannou-service/Generated/Models/DocumentationModels.cs(1286,68): warning CS1591: Missing XML comment for publicly visible type or member 'PurgeTrashcanResponse.AdditionalProperties' [/home/lysander/repos/bannou/bannou-service/bannou-service.csproj]
/home/lysander/repos/bannou/bannou-service/Generated/Models/DocumentationModels.cs(1295,22): warning CS1591: Missing XML comment for publicly visible type or member 'GetNamespaceStatsRequest' [/home/lysander/repos/bannou/bannou-service/bannou-service.csproj]
/home/lysander/repos/bannou/bannou-service/Generated/Models/DocumentationModels.cs(1303,19): warning CS1591: Missing XML comment for publicly visible type or member 'GetNamespaceStatsRequest.Namespace' [/home/lysander/repos/bannou/bannou-service/bannou-service.csproj]
/home/lysander/repos/bannou/bannou-service/Generated/Models/DocumentationModels.cs(1308,68): warning CS1591: Missing XML comment for publicly visible type or member 'GetNamespaceStatsRequest.AdditionalProperties' [/home/lysander/repos/bannou/bannou-service/bannou-service.csproj]
/home/lysander/repos/bannou/bannou-service/Generated/Models/DocumentationModels.cs(1317,22): warning CS1591: Missing XML comment for publicly visible type or member 'NamespaceStatsResponse' [/home/lysander/repos/bannou/bannou-service/bannou-service.csproj]
/home/lysander/repos/bannou/bannou-service/Generated/Models/DocumentationModels.cs(1323,19): warning CS1591: Missing XML comment for publicly visible type or member 'NamespaceStatsResponse.Namespace' [/home/lysander/repos/bannou/bannou-service/bannou-service.csproj]
/home/lysander/repos/bannou/bannou-service/Generated/Models/DocumentationModels.cs(1326,16): warning CS1591: Missing XML comment for publicly visible type or member 'NamespaceStatsResponse.DocumentCount' [/home/lysander/repos/bannou/bannou-service/bannou-service.csproj]
/home/lysander/repos/bannou/bannou-service/Generated/Models/DocumentationModels.cs(1329,64): warning CS1591: Missing XML comment for publicly visible type or member 'NamespaceStatsResponse.CategoryCounts' [/home/lysander/repos/bannou/bannou-service/bannou-service.csproj]
/home/lysander/repos/bannou/bannou-service/Generated/Models/DocumentationModels.cs(1332,16): warning CS1591: Missing XML comment for publicly visible type or member 'NamespaceStatsResponse.TrashcanCount' [/home/lysander/repos/bannou/bannou-service/bannou-service.csproj]
/home/lysander/repos/bannou/bannou-service/Generated/Models/DocumentationModels.cs(1335,16): warning CS1591: Missing XML comment for publicly visible type or member 'NamespaceStatsResponse.TotalContentSizeBytes' [/home/lysander/repos/bannou/bannou-service/bannou-service.csproj]
/home/lysander/repos/bannou/bannou-service/Generated/Models/DocumentationModels.cs(1338,34): warning CS1591: Missing XML comment for publicly visible type or member 'NamespaceStatsResponse.LastUpdated' [/home/lysander/repos/bannou/bannou-service/bannou-service.csproj]
/home/lysander/repos/bannou/bannou-service/Generated/Models/DocumentationModels.cs(1343,68): warning CS1591: Missing XML comment for publicly visible type or member 'NamespaceStatsResponse.AdditionalProperties' [/home/lysander/repos/bannou/bannou-service/bannou-service.csproj]
/home/lysander/repos/bannou/bannou-service/Generated/Models/DocumentationModels.cs(1352,22): warning CS1591: Missing XML comment for publicly visible type or member 'Document' [/home/lysander/repos/bannou/bannou-service/bannou-service.csproj]
/home/lysander/repos/bannou/bannou-service/Generated/Models/DocumentationModels.cs(1358,24): warning CS1591: Missing XML comment for publicly visible type or member 'Document.DocumentId' [/home/lysander/repos/bannou/bannou-service/bannou-service.csproj]
/home/lysander/repos/bannou/bannou-service/Generated/Models/DocumentationModels.cs(1363,19): warning CS1591: Missing XML comment for publicly visible type or member 'Document.Namespace' [/home/lysander/repos/bannou/bannou-service/bannou-service.csproj]
/home/lysander/repos/bannou/bannou-service/Generated/Models/DocumentationModels.cs(1368,19): warning CS1591: Missing XML comment for publicly visible type or member 'Document.Slug' [/home/lysander/repos/bannou/bannou-service/bannou-service.csproj]
/home/lysander/repos/bannou/bannou-service/Generated/Models/DocumentationModels.cs(1373,19): warning CS1591: Missing XML comment for publicly visible type or member 'Document.Title' [/home/lysander/repos/bannou/bannou-service/bannou-service.csproj]
/home/lysander/repos/bannou/bannou-service/Generated/Models/DocumentationModels.cs(1379,29): warning CS1591: Missing XML comment for publicly visible type or member 'Document.Category' [/home/lysander/repos/bannou/bannou-service/bannou-service.csproj]
/home/lysander/repos/bannou/bannou-service/Generated/Models/DocumentationModels.cs(1382,19): warning CS1591: Missing XML comment for publicly visible type or member 'Document.Content' [/home/lysander/repos/bannou/bannou-service/bannou-service.csproj]
/home/lysander/repos/bannou/bannou-service/Generated/Models/DocumentationModels.cs(1385,19): warning CS1591: Missing XML comment for publicly visible type or member 'Document.Summary' [/home/lysander/repos/bannou/bannou-service/bannou-service.csproj]
/home/lysander/repos/bannou/bannou-service/Generated/Models/DocumentationModels.cs(1388,19): warning CS1591: Missing XML comment for publicly visible type or member 'Document.VoiceSummary' [/home/lysander/repos/bannou/bannou-service/bannou-service.csproj]
/home/lysander/repos/bannou/bannou-service/Generated/Models/DocumentationModels.cs(1391,59): warning CS1591: Missing XML comment for publicly visible type or member 'Document.Tags' [/home/lysander/repos/bannou/bannou-service/bannou-service.csproj]
/home/lysander/repos/bannou/bannou-service/Generated/Models/DocumentationModels.cs(1394,64): warning CS1591: Missing XML comment for publicly visible type or member 'Document.RelatedDocuments' [/home/lysander/repos/bannou/bannou-service/bannou-service.csproj]
/home/lysander/repos/bannou/bannou-service/Generated/Models/DocumentationModels.cs(1397,19): warning CS1591: Missing XML comment for publicly visible type or member 'Document.Metadata' [/home/lysander/repos/bannou/bannou-service/bannou-service.csproj]
/home/lysander/repos/bannou/bannou-service/Generated/Models/DocumentationModels.cs(1402,34): warning CS1591: Missing XML comment for publicly visible type or member 'Document.CreatedAt' [/home/lysander/repos/bannou/bannou-service/bannou-service.csproj]
/home/lysander/repos/bannou/bannou-service/Generated/Models/DocumentationModels.cs(1407,34): warning CS1591: Missing XML comment for publicly visible type or member 'Document.UpdatedAt' [/home/lysander/repos/bannou/bannou-service/bannou-service.csproj]
/home/lysander/repos/bannou/bannou-service/Generated/Models/DocumentationModels.cs(1412,68): warning CS1591: Missing XML comment for publicly visible type or member 'Document.AdditionalProperties' [/home/lysander/repos/bannou/bannou-service/bannou-service.csproj]
/home/lysander/repos/bannou/bannou-service/Generated/Models/DocumentationModels.cs(1421,22): warning CS1591: Missing XML comment for publicly visible type or member 'DocumentSummary' [/home/lysander/repos/bannou/bannou-service/bannou-service.csproj]
/home/lysander/repos/bannou/bannou-service/Generated/Models/DocumentationModels.cs(1427,24): warning CS1591: Missing XML comment for publicly visible type or member 'DocumentSummary.DocumentId' [/home/lysander/repos/bannou/bannou-service/bannou-service.csproj]
/home/lysander/repos/bannou/bannou-service/Generated/Models/DocumentationModels.cs(1432,19): warning CS1591: Missing XML comment for publicly visible type or member 'DocumentSummary.Slug' [/home/lysander/repos/bannou/bannou-service/bannou-service.csproj]
/home/lysander/repos/bannou/bannou-service/Generated/Models/DocumentationModels.cs(1437,19): warning CS1591: Missing XML comment for publicly visible type or member 'DocumentSummary.Title' [/home/lysander/repos/bannou/bannou-service/bannou-service.csproj]
/home/lysander/repos/bannou/bannou-service/Generated/Models/DocumentationModels.cs(1443,29): warning CS1591: Missing XML comment for publicly visible type or member 'DocumentSummary.Category' [/home/lysander/repos/bannou/bannou-service/bannou-service.csproj]
/home/lysander/repos/bannou/bannou-service/Generated/Models/DocumentationModels.cs(1446,19): warning CS1591: Missing XML comment for publicly visible type or member 'DocumentSummary.Summary' [/home/lysander/repos/bannou/bannou-service/bannou-service.csproj]
/home/lysander/repos/bannou/bannou-service/Generated/Models/DocumentationModels.cs(1449,19): warning CS1591: Missing XML comment for publicly visible type or member 'DocumentSummary.VoiceSummary' [/home/lysander/repos/bannou/bannou-service/bannou-service.csproj]
/home/lysander/repos/bannou/bannou-service/Generated/Models/DocumentationModels.cs(1452,59): warning CS1591: Missing XML comment for publicly visible type or member 'DocumentSummary.Tags' [/home/lysander/repos/bannou/bannou-service/bannou-service.csproj]
/home/lysander/repos/bannou/bannou-service/Generated/Models/DocumentationModels.cs(1457,68): warning CS1591: Missing XML comment for publicly visible type or member 'DocumentSummary.AdditionalProperties' [/home/lysander/repos/bannou/bannou-service/bannou-service.csproj]
/home/lysander/repos/bannou/bannou-service/Generated/Models/DocumentationModels.cs(1466,22): warning CS1591: Missing XML comment for publicly visible type or member 'DocumentResult' [/home/lysander/repos/bannou/bannou-service/bannou-service.csproj]
/home/lysander/repos/bannou/bannou-service/Generated/Models/DocumentationModels.cs(1472,24): warning CS1591: Missing XML comment for publicly visible type or member 'DocumentResult.DocumentId' [/home/lysander/repos/bannou/bannou-service/bannou-service.csproj]
/home/lysander/repos/bannou/bannou-service/Generated/Models/DocumentationModels.cs(1477,19): warning CS1591: Missing XML comment for publicly visible type or member 'DocumentResult.Slug' [/home/lysander/repos/bannou/bannou-service/bannou-service.csproj]
/home/lysander/repos/bannou/bannou-service/Generated/Models/DocumentationModels.cs(1482,19): warning CS1591: Missing XML comment for publicly visible type or member 'DocumentResult.Title' [/home/lysander/repos/bannou/bannou-service/bannou-service.csproj]
/home/lysander/repos/bannou/bannou-service/Generated/Models/DocumentationModels.cs(1486,29): warning CS1591: Missing XML comment for publicly visible type or member 'DocumentResult.Category' [/home/lysander/repos/bannou/bannou-service/bannou-service.csproj]
/home/lysander/repos/bannou/bannou-service/Generated/Models/DocumentationModels.cs(1489,19): warning CS1591: Missing XML comment for publicly visible type or member 'DocumentResult.Summary' [/home/lysander/repos/bannou/bannou-service/bannou-service.csproj]
/home/lysander/repos/bannou/bannou-service/Generated/Models/DocumentationModels.cs(1492,19): warning CS1591: Missing XML comment for publicly visible type or member 'DocumentResult.VoiceSummary' [/home/lysander/repos/bannou/bannou-service/bannou-service.csproj]
/home/lysander/repos/bannou/bannou-service/Generated/Models/DocumentationModels.cs(1495,19): warning CS1591: Missing XML comment for publicly visible type or member 'DocumentResult.Content' [/home/lysander/repos/bannou/bannou-service/bannou-service.csproj]
/home/lysander/repos/bannou/bannou-service/Generated/Models/DocumentationModels.cs(1498,18): warning CS1591: Missing XML comment for publicly visible type or member 'DocumentResult.RelevanceScore' [/home/lysander/repos/bannou/bannou-service/bannou-service.csproj]
/home/lysander/repos/bannou/bannou-service/Generated/Models/DocumentationModels.cs(1501,59): warning CS1591: Missing XML comment for publicly visible type or member 'DocumentResult.MatchHighlights' [/home/lysander/repos/bannou/bannou-service/bannou-service.csproj]
/home/lysander/repos/bannou/bannou-service/Generated/Models/DocumentationModels.cs(1506,68): warning CS1591: Missing XML comment for publicly visible type or member 'DocumentResult.AdditionalProperties' [/home/lysander/repos/bannou/bannou-service/bannou-service.csproj]
/home/lysander/repos/bannou/bannou-service/Generated/Models/DocumentationModels.cs(1522,5): warning CS1591: Missing XML comment for publicly visible type or member 'BindingStatus.Pending' [/home/lysander/repos/bannou/bannou-service/bannou-service.csproj]
/home/lysander/repos/bannou/bannou-service/Generated/Models/DocumentationModels.cs(1525,5): warning CS1591: Missing XML comment for publicly visible type or member 'BindingStatus.Syncing' [/home/lysander/repos/bannou/bannou-service/bannou-service.csproj]
/home/lysander/repos/bannou/bannou-service/Generated/Models/DocumentationModels.cs(1528,5): warning CS1591: Missing XML comment for publicly visible type or member 'BindingStatus.Synced' [/home/lysander/repos/bannou/bannou-service/bannou-service.csproj]
/home/lysander/repos/bannou/bannou-service/Generated/Models/DocumentationModels.cs(1531,5): warning CS1591: Missing XML comment for publicly visible type or member 'BindingStatus.Error' [/home/lysander/repos/bannou/bannou-service/bannou-service.csproj]
/home/lysander/repos/bannou/bannou-service/Generated/Models/DocumentationModels.cs(1534,5): warning CS1591: Missing XML comment for publicly visible type or member 'BindingStatus.Disabled' [/home/lysander/repos/bannou/bannou-service/bannou-service.csproj]
/home/lysander/repos/bannou/bannou-service/Generated/Models/DocumentationModels.cs(1546,5): warning CS1591: Missing XML comment for publicly visible type or member 'SyncStatus.Success' [/home/lysander/repos/bannou/bannou-service/bannou-service.csproj]
/home/lysander/repos/bannou/bannou-service/Generated/Models/DocumentationModels.cs(1549,5): warning CS1591: Missing XML comment for publicly visible type or member 'SyncStatus.Partial' [/home/lysander/repos/bannou/bannou-service/bannou-service.csproj]
/home/lysander/repos/bannou/bannou-service/Generated/Models/DocumentationModels.cs(1552,5): warning CS1591: Missing XML comment for publicly visible type or member 'SyncStatus.Failed' [/home/lysander/repos/bannou/bannou-service/bannou-service.csproj]
/home/lysander/repos/bannou/bannou-service/Generated/Models/DocumentationModels.cs(1564,5): warning CS1591: Missing XML comment for publicly visible type or member 'SyncTrigger.Manual' [/home/lysander/repos/bannou/bannou-service/bannou-service.csproj]
/home/lysander/repos/bannou/bannou-service/Generated/Models/DocumentationModels.cs(1567,5): warning CS1591: Missing XML comment for publicly visible type or member 'SyncTrigger.Scheduled' [/home/lysander/repos/bannou/bannou-service/bannou-service.csproj]
/home/lysander/repos/bannou/bannou-service/Generated/Models/DocumentationModels.cs(1572,22): warning CS1591: Missing XML comment for publicly visible type or member 'BindRepositoryRequest' [/home/lysander/repos/bannou/bannou-service/bannou-service.csproj]
/home/lysander/repos/bannou/bannou-service/Generated/Models/DocumentationModels.cs(1626,29): warning CS1591: Missing XML comment for publicly visible type or member 'BindRepositoryRequest.DefaultCategory' [/home/lysander/repos/bannou/bannou-service/bannou-service.csproj]
/home/lysander/repos/bannou/bannou-service/Generated/Models/DocumentationModels.cs(1643,68): warning CS1591: Missing XML comment for publicly visible type or member 'BindRepositoryRequest.AdditionalProperties' [/home/lysander/repos/bannou/bannou-service/bannou-service.csproj]
/home/lysander/repos/bannou/bannou-service/Generated/Models/DocumentationModels.cs(1652,22): warning CS1591: Missing XML comment for publicly visible type or member 'BindRepositoryResponse' [/home/lysander/repos/bannou/bannou-service/bannou-service.csproj]
/home/lysander/repos/bannou/bannou-service/Generated/Models/DocumentationModels.cs(1658,24): warning CS1591: Missing XML comment for publicly visible type or member 'BindRepositoryResponse.BindingId' [/home/lysander/repos/bannou/bannou-service/bannou-service.csproj]
/home/lysander/repos/bannou/bannou-service/Generated/Models/DocumentationModels.cs(1663,19): warning CS1591: Missing XML comment for publicly visible type or member 'BindRepositoryResponse.Namespace' [/home/lysander/repos/bannou/bannou-service/bannou-service.csproj]
/home/lysander/repos/bannou/bannou-service/Generated/Models/DocumentationModels.cs(1666,19): warning CS1591: Missing XML comment for publicly visible type or member 'BindRepositoryResponse.RepositoryUrl' [/home/lysander/repos/bannou/bannou-service/bannou-service.csproj]
/home/lysander/repos/bannou/bannou-service/Generated/Models/DocumentationModels.cs(1669,19): warning CS1591: Missing XML comment for publicly visible type or member 'BindRepositoryResponse.Branch' [/home/lysander/repos/bannou/bannou-service/bannou-service.csproj]
/home/lysander/repos/bannou/bannou-service/Generated/Models/DocumentationModels.cs(1675,26): warning CS1591: Missing XML comment for publicly visible type or member 'BindRepositoryResponse.Status' [/home/lysander/repos/bannou/bannou-service/bannou-service.csproj]
/home/lysander/repos/bannou/bannou-service/Generated/Models/DocumentationModels.cs(1678,34): warning CS1591: Missing XML comment for publicly visible type or member 'BindRepositoryResponse.CreatedAt' [/home/lysander/repos/bannou/bannou-service/bannou-service.csproj]
/home/lysander/repos/bannou/bannou-service/Generated/Models/DocumentationModels.cs(1683,68): warning CS1591: Missing XML comment for publicly visible type or member 'BindRepositoryResponse.AdditionalProperties' [/home/lysander/repos/bannou/bannou-service/bannou-service.csproj]
/home/lysander/repos/bannou/bannou-service/Generated/Models/DocumentationModels.cs(1692,22): warning CS1591: Missing XML comment for publicly visible type or member 'UnbindRepositoryRequest' [/home/lysander/repos/bannou/bannou-service/bannou-service.csproj]
/home/lysander/repos/bannou/bannou-service/Generated/Models/DocumentationModels.cs(1700,19): warning CS1591: Missing XML comment for publicly visible type or member 'UnbindRepositoryRequest.Namespace' [/home/lysander/repos/bannou/bannou-service/bannou-service.csproj]
/home/lysander/repos/bannou/bannou-service/Generated/Models/DocumentationModels.cs(1711,68): warning CS1591: Missing XML comment for publicly visible type or member 'UnbindRepositoryRequest.AdditionalProperties' [/home/lysander/repos/bannou/bannou-service/bannou-service.csproj]
/home/lysander/repos/bannou/bannou-service/Generated/Models/DocumentationModels.cs(1720,22): warning CS1591: Missing XML comment for publicly visible type or member 'UnbindRepositoryResponse' [/home/lysander/repos/bannou/bannou-service/bannou-service.csproj]
/home/lysander/repos/bannou/bannou-service/Generated/Models/DocumentationModels.cs(1726,19): warning CS1591: Missing XML comment for publicly visible type or member 'UnbindRepositoryResponse.Namespace' [/home/lysander/repos/bannou/bannou-service/bannou-service.csproj]
/home/lysander/repos/bannou/bannou-service/Generated/Models/DocumentationModels.cs(1737,68): warning CS1591: Missing XML comment for publicly visible type or member 'UnbindRepositoryResponse.AdditionalProperties' [/home/lysander/repos/bannou/bannou-service/bannou-service.csproj]
/home/lysander/repos/bannou/bannou-service/Generated/Models/DocumentationModels.cs(1746,22): warning CS1591: Missing XML comment for publicly visible type or member 'SyncRepositoryRequest' [/home/lysander/repos/bannou/bannou-service/bannou-service.csproj]
/home/lysander/repos/bannou/bannou-service/Generated/Models/DocumentationModels.cs(1754,19): warning CS1591: Missing XML comment for publicly visible type or member 'SyncRepositoryRequest.Namespace' [/home/lysander/repos/bannou/bannou-service/bannou-service.csproj]
/home/lysander/repos/bannou/bannou-service/Generated/Models/DocumentationModels.cs(1765,68): warning CS1591: Missing XML comment for publicly visible type or member 'SyncRepositoryRequest.AdditionalProperties' [/home/lysander/repos/bannou/bannou-service/bannou-service.csproj]
/home/lysander/repos/bannou/bannou-service/Generated/Models/DocumentationModels.cs(1774,22): warning CS1591: Missing XML comment for publicly visible type or member 'SyncRepositoryResponse' [/home/lysander/repos/bannou/bannou-service/bannou-service.csproj]
/home/lysander/repos/bannou/bannou-service/Generated/Models/DocumentationModels.cs(1780,24): warning CS1591: Missing XML comment for publicly visible type or member 'SyncRepositoryResponse.SyncId' [/home/lysander/repos/bannou/bannou-service/bannou-service.csproj]
/home/lysander/repos/bannou/bannou-service/Generated/Models/DocumentationModels.cs(1786,23): warning CS1591: Missing XML comment for publicly visible type or member 'SyncRepositoryResponse.Status' [/home/lysander/repos/bannou/bannou-service/bannou-service.csproj]
/home/lysander/repos/bannou/bannou-service/Generated/Models/DocumentationModels.cs(1789,19): warning CS1591: Missing XML comment for publicly visible type or member 'SyncRepositoryResponse.CommitHash' [/home/lysander/repos/bannou/bannou-service/bannou-service.csproj]
/home/lysander/repos/bannou/bannou-service/Generated/Models/DocumentationModels.cs(1792,16): warning CS1591: Missing XML comment for publicly visible type or member 'SyncRepositoryResponse.DocumentsCreated' [/home/lysander/repos/bannou/bannou-service/bannou-service.csproj]
/home/lysander/repos/bannou/bannou-service/Generated/Models/DocumentationModels.cs(1795,16): warning CS1591: Missing XML comment for publicly visible type or member 'SyncRepositoryResponse.DocumentsUpdated' [/home/lysander/repos/bannou/bannou-service/bannou-service.csproj]
/home/lysander/repos/bannou/bannou-service/Generated/Models/DocumentationModels.cs(1798,16): warning CS1591: Missing XML comment for publicly visible type or member 'SyncRepositoryResponse.DocumentsDeleted' [/home/lysander/repos/bannou/bannou-service/bannou-service.csproj]
/home/lysander/repos/bannou/bannou-service/Generated/Models/DocumentationModels.cs(1801,16): warning CS1591: Missing XML comment for publicly visible type or member 'SyncRepositoryResponse.DocumentsFailed' [/home/lysander/repos/bannou/bannou-service/bannou-service.csproj]
/home/lysander/repos/bannou/bannou-service/Generated/Models/DocumentationModels.cs(1804,16): warning CS1591: Missing XML comment for publicly visible type or member 'SyncRepositoryResponse.DurationMs' [/home/lysander/repos/bannou/bannou-service/bannou-service.csproj]
/home/lysander/repos/bannou/bannou-service/Generated/Models/DocumentationModels.cs(1807,20): warning CS1591: Missing XML comment for publicly visible type or member 'SyncRepositoryResponse.ErrorMessage' [/home/lysander/repos/bannou/bannou-service/bannou-service.csproj]
/home/lysander/repos/bannou/bannou-service/Generated/Models/DocumentationModels.cs(1812,68): warning CS1591: Missing XML comment for publicly visible type or member 'SyncRepositoryResponse.AdditionalProperties' [/home/lysander/repos/bannou/bannou-service/bannou-service.csproj]
/home/lysander/repos/bannou/bannou-service/Generated/Models/DocumentationModels.cs(1821,22): warning CS1591: Missing XML comment for publicly visible type or member 'RepositoryStatusRequest' [/home/lysander/repos/bannou/bannou-service/bannou-service.csproj]
/home/lysander/repos/bannou/bannou-service/Generated/Models/DocumentationModels.cs(1829,19): warning CS1591: Missing XML comment for publicly visible type or member 'RepositoryStatusRequest.Namespace' [/home/lysander/repos/bannou/bannou-service/bannou-service.csproj]
/home/lysander/repos/bannou/bannou-service/Generated/Models/DocumentationModels.cs(1834,68): warning CS1591: Missing XML comment for publicly visible type or member 'RepositoryStatusRequest.AdditionalProperties' [/home/lysander/repos/bannou/bannou-service/bannou-service.csproj]
/home/lysander/repos/bannou/bannou-service/Generated/Models/DocumentationModels.cs(1843,22): warning CS1591: Missing XML comment for publicly visible type or member 'RepositoryStatusResponse' [/home/lysander/repos/bannou/bannou-service/bannou-service.csproj]
/home/lysander/repos/bannou/bannou-service/Generated/Models/DocumentationModels.cs(1847,34): warning CS1591: Missing XML comment for publicly visible type or member 'RepositoryStatusResponse.Binding' [/home/lysander/repos/bannou/bannou-service/bannou-service.csproj]
/home/lysander/repos/bannou/bannou-service/Generated/Models/DocumentationModels.cs(1850,21): warning CS1591: Missing XML comment for publicly visible type or member 'RepositoryStatusResponse.LastSync' [/home/lysander/repos/bannou/bannou-service/bannou-service.csproj]
/home/lysander/repos/bannou/bannou-service/Generated/Models/DocumentationModels.cs(1855,68): warning CS1591: Missing XML comment for publicly visible type or member 'RepositoryStatusResponse.AdditionalProperties' [/home/lysander/repos/bannou/bannou-service/bannou-service.csproj]
/home/lysander/repos/bannou/bannou-service/Generated/Models/DocumentationModels.cs(1864,22): warning CS1591: Missing XML comment for publicly visible type or member 'RepositoryBindingInfo' [/home/lysander/repos/bannou/bannou-service/bannou-service.csproj]
/home/lysander/repos/bannou/bannou-service/Generated/Models/DocumentationModels.cs(1870,24): warning CS1591: Missing XML comment for publicly visible type or member 'RepositoryBindingInfo.BindingId' [/home/lysander/repos/bannou/bannou-service/bannou-service.csproj]
/home/lysander/repos/bannou/bannou-service/Generated/Models/DocumentationModels.cs(1875,19): warning CS1591: Missing XML comment for publicly visible type or member 'RepositoryBindingInfo.Namespace' [/home/lysander/repos/bannou/bannou-service/bannou-service.csproj]
/home/lysander/repos/bannou/bannou-service/Generated/Models/DocumentationModels.cs(1880,19): warning CS1591: Missing XML comment for publicly visible type or member 'RepositoryBindingInfo.RepositoryUrl' [/home/lysander/repos/bannou/bannou-service/bannou-service.csproj]
/home/lysander/repos/bannou/bannou-service/Generated/Models/DocumentationModels.cs(1883,19): warning CS1591: Missing XML comment for publicly visible type or member 'RepositoryBindingInfo.Branch' [/home/lysander/repos/bannou/bannou-service/bannou-service.csproj]
/home/lysander/repos/bannou/bannou-service/Generated/Models/DocumentationModels.cs(1889,26): warning CS1591: Missing XML comment for publicly visible type or member 'RepositoryBindingInfo.Status' [/home/lysander/repos/bannou/bannou-service/bannou-service.csproj]
/home/lysander/repos/bannou/bannou-service/Generated/Models/DocumentationModels.cs(1892,17): warning CS1591: Missing XML comment for publicly visible type or member 'RepositoryBindingInfo.SyncEnabled' [/home/lysander/repos/bannou/bannou-service/bannou-service.csproj]
/home/lysander/repos/bannou/bannou-service/Generated/Models/DocumentationModels.cs(1895,16): warning CS1591: Missing XML comment for publicly visible type or member 'RepositoryBindingInfo.SyncIntervalMinutes' [/home/lysander/repos/bannou/bannou-service/bannou-service.csproj]
/home/lysander/repos/bannou/bannou-service/Generated/Models/DocumentationModels.cs(1898,16): warning CS1591: Missing XML comment for publicly visible type or member 'RepositoryBindingInfo.DocumentCount' [/home/lysander/repos/bannou/bannou-service/bannou-service.csproj]
/home/lysander/repos/bannou/bannou-service/Generated/Models/DocumentationModels.cs(1901,34): warning CS1591: Missing XML comment for publicly visible type or member 'RepositoryBindingInfo.CreatedAt' [/home/lysander/repos/bannou/bannou-service/bannou-service.csproj]
/home/lysander/repos/bannou/bannou-service/Generated/Models/DocumentationModels.cs(1904,24): warning CS1591: Missing XML comment for publicly visible type or member 'RepositoryBindingInfo.CreatedBy' [/home/lysander/repos/bannou/bannou-service/bannou-service.csproj]
/home/lysander/repos/bannou/bannou-service/Generated/Models/DocumentationModels.cs(1909,68): warning CS1591: Missing XML comment for publicly visible type or member 'RepositoryBindingInfo.AdditionalProperties' [/home/lysander/repos/bannou/bannou-service/bannou-service.csproj]
/home/lysander/repos/bannou/bannou-service/Generated/Models/DocumentationModels.cs(1918,22): warning CS1591: Missing XML comment for publicly visible type or member 'SyncInfo' [/home/lysander/repos/bannou/bannou-service/bannou-service.csproj]
/home/lysander/repos/bannou/bannou-service/Generated/Models/DocumentationModels.cs(1922,24): warning CS1591: Missing XML comment for publicly visible type or member 'SyncInfo.SyncId' [/home/lysander/repos/bannou/bannou-service/bannou-service.csproj]
/home/lysander/repos/bannou/bannou-service/Generated/Models/DocumentationModels.cs(1926,23): warning CS1591: Missing XML comment for publicly visible type or member 'SyncInfo.Status' [/home/lysander/repos/bannou/bannou-service/bannou-service.csproj]
/home/lysander/repos/bannou/bannou-service/Generated/Models/DocumentationModels.cs(1930,24): warning CS1591: Missing XML comment for publicly visible type or member 'SyncInfo.TriggeredBy' [/home/lysander/repos/bannou/bannou-service/bannou-service.csproj]
/home/lysander/repos/bannou/bannou-service/Generated/Models/DocumentationModels.cs(1933,34): warning CS1591: Missing XML comment for publicly visible type or member 'SyncInfo.StartedAt' [/home/lysander/repos/bannou/bannou-service/bannou-service.csproj]
/home/lysander/repos/bannou/bannou-service/Generated/Models/DocumentationModels.cs(1936,34): warning CS1591: Missing XML comment for publicly visible type or member 'SyncInfo.CompletedAt' [/home/lysander/repos/bannou/bannou-service/bannou-service.csproj]
/home/lysander/repos/bannou/bannou-service/Generated/Models/DocumentationModels.cs(1939,19): warning CS1591: Missing XML comment for publicly visible type or member 'SyncInfo.CommitHash' [/home/lysander/repos/bannou/bannou-service/bannou-service.csproj]
/home/lysander/repos/bannou/bannou-service/Generated/Models/DocumentationModels.cs(1942,16): warning CS1591: Missing XML comment for publicly visible type or member 'SyncInfo.DocumentsProcessed' [/home/lysander/repos/bannou/bannou-service/bannou-service.csproj]
/home/lysander/repos/bannou/bannou-service/Generated/Models/DocumentationModels.cs(1947,68): warning CS1591: Missing XML comment for publicly visible type or member 'SyncInfo.AdditionalProperties' [/home/lysander/repos/bannou/bannou-service/bannou-service.csproj]
/home/lysander/repos/bannou/bannou-service/Generated/Models/DocumentationModels.cs(1956,22): warning CS1591: Missing XML comment for publicly visible type or member 'ListRepositoryBindingsRequest' [/home/lysander/repos/bannou/bannou-service/bannou-service.csproj]
/home/lysander/repos/bannou/bannou-service/Generated/Models/DocumentationModels.cs(1961,26): warning CS1591: Missing XML comment for publicly visible type or member 'ListRepositoryBindingsRequest.Status' [/home/lysander/repos/bannou/bannou-service/bannou-service.csproj]
/home/lysander/repos/bannou/bannou-service/Generated/Models/DocumentationModels.cs(1965,16): warning CS1591: Missing XML comment for publicly visible type or member 'ListRepositoryBindingsRequest.Limit' [/home/lysander/repos/bannou/bannou-service/bannou-service.csproj]
/home/lysander/repos/bannou/bannou-service/Generated/Models/DocumentationModels.cs(1969,16): warning CS1591: Missing XML comment for publicly visible type or member 'ListRepositoryBindingsRequest.Offset' [/home/lysander/repos/bannou/bannou-service/bannou-service.csproj]
/home/lysander/repos/bannou/bannou-service/Generated/Models/DocumentationModels.cs(1974,68): warning CS1591: Missing XML comment for publicly visible type or member 'ListRepositoryBindingsRequest.AdditionalProperties' [/home/lysander/repos/bannou/bannou-service/bannou-service.csproj]
/home/lysander/repos/bannou/bannou-service/Generated/Models/DocumentationModels.cs(1983,22): warning CS1591: Missing XML comment for publicly visible type or member 'ListRepositoryBindingsResponse' [/home/lysander/repos/bannou/bannou-service/bannou-service.csproj]
/home/lysander/repos/bannou/bannou-service/Generated/Models/DocumentationModels.cs(1989,74): warning CS1591: Missing XML comment for publicly visible type or member 'ListRepositoryBindingsResponse.Bindings' [/home/lysander/repos/bannou/bannou-service/bannou-service.csproj]
/home/lysander/repos/bannou/bannou-service/Generated/Models/DocumentationModels.cs(1992,16): warning CS1591: Missing XML comment for publicly visible type or member 'ListRepositoryBindingsResponse.Total' [/home/lysander/repos/bannou/bannou-service/bannou-service.csproj]
/home/lysander/repos/bannou/bannou-service/Generated/Models/DocumentationModels.cs(1997,68): warning CS1591: Missing XML comment for publicly visible type or member 'ListRepositoryBindingsResponse.AdditionalProperties' [/home/lysander/repos/bannou/bannou-service/bannou-service.csproj]
/home/lysander/repos/bannou/bannou-service/Generated/Models/DocumentationModels.cs(2006,22): warning CS1591: Missing XML comment for publicly visible type or member 'UpdateRepositoryBindingRequest' [/home/lysander/repos/bannou/bannou-service/bannou-service.csproj]
/home/lysander/repos/bannou/bannou-service/Generated/Models/DocumentationModels.cs(2014,19): warning CS1591: Missing XML comment for publicly visible type or member 'UpdateRepositoryBindingRequest.Namespace' [/home/lysander/repos/bannou/bannou-service/bannou-service.csproj]
/home/lysander/repos/bannou/bannou-service/Generated/Models/DocumentationModels.cs(2017,17): warning CS1591: Missing XML comment for publicly visible type or member 'UpdateRepositoryBindingRequest.SyncEnabled' [/home/lysander/repos/bannou/bannou-service/bannou-service.csproj]
/home/lysander/repos/bannou/bannou-service/Generated/Models/DocumentationModels.cs(2021,16): warning CS1591: Missing XML comment for publicly visible type or member 'UpdateRepositoryBindingRequest.SyncIntervalMinutes' [/home/lysander/repos/bannou/bannou-service/bannou-service.csproj]
/home/lysander/repos/bannou/bannou-service/Generated/Models/DocumentationModels.cs(2024,59): warning CS1591: Missing XML comment for publicly visible type or member 'UpdateRepositoryBindingRequest.FilePatterns' [/home/lysander/repos/bannou/bannou-service/bannou-service.csproj]
/home/lysander/repos/bannou/bannou-service/Generated/Models/DocumentationModels.cs(2027,59): warning CS1591: Missing XML comment for publicly visible type or member 'UpdateRepositoryBindingRequest.ExcludePatterns' [/home/lysander/repos/bannou/bannou-service/bannou-service.csproj]
/home/lysander/repos/bannou/bannou-service/Generated/Models/DocumentationModels.cs(2030,67): warning CS1591: Missing XML comment for publicly visible type or member 'UpdateRepositoryBindingRequest.CategoryMapping' [/home/lysander/repos/bannou/bannou-service/bannou-service.csproj]
/home/lysander/repos/bannou/bannou-service/Generated/Models/DocumentationModels.cs(2034,29): warning CS1591: Missing XML comment for publicly visible type or member 'UpdateRepositoryBindingRequest.DefaultCategory' [/home/lysander/repos/bannou/bannou-service/bannou-service.csproj]
/home/lysander/repos/bannou/bannou-service/Generated/Models/DocumentationModels.cs(2037,17): warning CS1591: Missing XML comment for publicly visible type or member 'UpdateRepositoryBindingRequest.ArchiveEnabled' [/home/lysander/repos/bannou/bannou-service/bannou-service.csproj]
/home/lysander/repos/bannou/bannou-service/Generated/Models/DocumentationModels.cs(2040,17): warning CS1591: Missing XML comment for publicly visible type or member 'UpdateRepositoryBindingRequest.ArchiveOnSync' [/home/lysander/repos/bannou/bannou-service/bannou-service.csproj]
/home/lysander/repos/bannou/bannou-service/Generated/Models/DocumentationModels.cs(2045,68): warning CS1591: Missing XML comment for publicly visible type or member 'UpdateRepositoryBindingRequest.AdditionalProperties' [/home/lysander/repos/bannou/bannou-service/bannou-service.csproj]
/home/lysander/repos/bannou/bannou-service/Generated/Models/DocumentationModels.cs(2054,22): warning CS1591: Missing XML comment for publicly visible type or member 'UpdateRepositoryBindingResponse' [/home/lysander/repos/bannou/bannou-service/bannou-service.csproj]
/home/lysander/repos/bannou/bannou-service/Generated/Models/DocumentationModels.cs(2060,34): warning CS1591: Missing XML comment for publicly visible type or member 'UpdateRepositoryBindingResponse.Binding' [/home/lysander/repos/bannou/bannou-service/bannou-service.csproj]
/home/lysander/repos/bannou/bannou-service/Generated/Models/DocumentationModels.cs(2065,68): warning CS1591: Missing XML comment for publicly visible type or member 'UpdateRepositoryBindingResponse.AdditionalProperties' [/home/lysander/repos/bannou/bannou-service/bannou-service.csproj]
/home/lysander/repos/bannou/bannou-service/Generated/Models/DocumentationModels.cs(2074,22): warning CS1591: Missing XML comment for publicly visible type or member 'CreateArchiveRequest' [/home/lysander/repos/bannou/bannou-service/bannou-service.csproj]
/home/lysander/repos/bannou/bannou-service/Generated/Models/DocumentationModels.cs(2082,19): warning CS1591: Missing XML comment for publicly visible type or member 'CreateArchiveRequest.Namespace' [/home/lysander/repos/bannou/bannou-service/bannou-service.csproj]
/home/lysander/repos/bannou/bannou-service/Generated/Models/DocumentationModels.cs(2094,68): warning CS1591: Missing XML comment for publicly visible type or member 'CreateArchiveRequest.AdditionalProperties' [/home/lysander/repos/bannou/bannou-service/bannou-service.csproj]
/home/lysander/repos/bannou/bannou-service/Generated/Models/DocumentationModels.cs(2103,22): warning CS1591: Missing XML comment for publicly visible type or member 'CreateArchiveResponse' [/home/lysander/repos/bannou/bannou-service/bannou-service.csproj]
/home/lysander/repos/bannou/bannou-service/Generated/Models/DocumentationModels.cs(2109,24): warning CS1591: Missing XML comment for publicly visible type or member 'CreateArchiveResponse.ArchiveId' [/home/lysander/repos/bannou/bannou-service/bannou-service.csproj]
/home/lysander/repos/bannou/bannou-service/Generated/Models/DocumentationModels.cs(2114,19): warning CS1591: Missing XML comment for publicly visible type or member 'CreateArchiveResponse.Namespace' [/home/lysander/repos/bannou/bannou-service/bannou-service.csproj]
/home/lysander/repos/bannou/bannou-service/Generated/Models/DocumentationModels.cs(2123,16): warning CS1591: Missing XML comment for publicly visible type or member 'CreateArchiveResponse.DocumentCount' [/home/lysander/repos/bannou/bannou-service/bannou-service.csproj]
/home/lysander/repos/bannou/bannou-service/Generated/Models/DocumentationModels.cs(2126,16): warning CS1591: Missing XML comment for publicly visible type or member 'CreateArchiveResponse.SizeBytes' [/home/lysander/repos/bannou/bannou-service/bannou-service.csproj]
/home/lysander/repos/bannou/bannou-service/Generated/Models/DocumentationModels.cs(2129,34): warning CS1591: Missing XML comment for publicly visible type or member 'CreateArchiveResponse.CreatedAt' [/home/lysander/repos/bannou/bannou-service/bannou-service.csproj]
/home/lysander/repos/bannou/bannou-service/Generated/Models/DocumentationModels.cs(2140,68): warning CS1591: Missing XML comment for publicly visible type or member 'CreateArchiveResponse.AdditionalProperties' [/home/lysander/repos/bannou/bannou-service/bannou-service.csproj]
/home/lysander/repos/bannou/bannou-service/Generated/Models/DocumentationModels.cs(2149,22): warning CS1591: Missing XML comment for publicly visible type or member 'ListArchivesRequest' [/home/lysander/repos/bannou/bannou-service/bannou-service.csproj]
/home/lysander/repos/bannou/bannou-service/Generated/Models/DocumentationModels.cs(2157,19): warning CS1591: Missing XML comment for publicly visible type or member 'ListArchivesRequest.Namespace' [/home/lysander/repos/bannou/bannou-service/bannou-service.csproj]
/home/lysander/repos/bannou/bannou-service/Generated/Models/DocumentationModels.cs(2161,16): warning CS1591: Missing XML comment for publicly visible type or member 'ListArchivesRequest.Limit' [/home/lysander/repos/bannou/bannou-service/bannou-service.csproj]
/home/lysander/repos/bannou/bannou-service/Generated/Models/DocumentationModels.cs(2165,16): warning CS1591: Missing XML comment for publicly visible type or member 'ListArchivesRequest.Offset' [/home/lysander/repos/bannou/bannou-service/bannou-service.csproj]
/home/lysander/repos/bannou/bannou-service/Generated/Models/DocumentationModels.cs(2170,68): warning CS1591: Missing XML comment for publicly visible type or member 'ListArchivesRequest.AdditionalProperties' [/home/lysander/repos/bannou/bannou-service/bannou-service.csproj]
/home/lysander/repos/bannou/bannou-service/Generated/Models/DocumentationModels.cs(2179,22): warning CS1591: Missing XML comment for publicly visible type or member 'ListArchivesResponse' [/home/lysander/repos/bannou/bannou-service/bannou-service.csproj]
/home/lysander/repos/bannou/bannou-service/Generated/Models/DocumentationModels.cs(2185,64): warning CS1591: Missing XML comment for publicly visible type or member 'ListArchivesResponse.Archives' [/home/lysander/repos/bannou/bannou-service/bannou-service.csproj]
/home/lysander/repos/bannou/bannou-service/Generated/Models/DocumentationModels.cs(2188,16): warning CS1591: Missing XML comment for publicly visible type or member 'ListArchivesResponse.Total' [/home/lysander/repos/bannou/bannou-service/bannou-service.csproj]
/home/lysander/repos/bannou/bannou-service/Generated/Models/DocumentationModels.cs(2193,68): warning CS1591: Missing XML comment for publicly visible type or member 'ListArchivesResponse.AdditionalProperties' [/home/lysander/repos/bannou/bannou-service/bannou-service.csproj]
/home/lysander/repos/bannou/bannou-service/Generated/Models/DocumentationModels.cs(2202,22): warning CS1591: Missing XML comment for publicly visible type or member 'ArchiveInfo' [/home/lysander/repos/bannou/bannou-service/bannou-service.csproj]
/home/lysander/repos/bannou/bannou-service/Generated/Models/DocumentationModels.cs(2208,24): warning CS1591: Missing XML comment for publicly visible type or member 'ArchiveInfo.ArchiveId' [/home/lysander/repos/bannou/bannou-service/bannou-service.csproj]
/home/lysander/repos/bannou/bannou-service/Generated/Models/DocumentationModels.cs(2213,19): warning CS1591: Missing XML comment for publicly visible type or member 'ArchiveInfo.Namespace' [/home/lysander/repos/bannou/bannou-service/bannou-service.csproj]
/home/lysander/repos/bannou/bannou-service/Generated/Models/DocumentationModels.cs(2216,24): warning CS1591: Missing XML comment for publicly visible type or member 'ArchiveInfo.BundleAssetId' [/home/lysander/repos/bannou/bannou-service/bannou-service.csproj]
/home/lysander/repos/bannou/bannou-service/Generated/Models/DocumentationModels.cs(2219,19): warning CS1591: Missing XML comment for publicly visible type or member 'ArchiveInfo.Description' [/home/lysander/repos/bannou/bannou-service/bannou-service.csproj]
/home/lysander/repos/bannou/bannou-service/Generated/Models/DocumentationModels.cs(2222,16): warning CS1591: Missing XML comment for publicly visible type or member 'ArchiveInfo.DocumentCount' [/home/lysander/repos/bannou/bannou-service/bannou-service.csproj]
/home/lysander/repos/bannou/bannou-service/Generated/Models/DocumentationModels.cs(2225,16): warning CS1591: Missing XML comment for publicly visible type or member 'ArchiveInfo.SizeBytes' [/home/lysander/repos/bannou/bannou-service/bannou-service.csproj]
/home/lysander/repos/bannou/bannou-service/Generated/Models/DocumentationModels.cs(2228,20): warning CS1591: Missing XML comment for publicly visible type or member 'ArchiveInfo.CommitHash' [/home/lysander/repos/bannou/bannou-service/bannou-service.csproj]
/home/lysander/repos/bannou/bannou-service/Generated/Models/DocumentationModels.cs(2233,34): warning CS1591: Missing XML comment for publicly visible type or member 'ArchiveInfo.CreatedAt' [/home/lysander/repos/bannou/bannou-service/bannou-service.csproj]
/home/lysander/repos/bannou/bannou-service/Generated/Models/DocumentationModels.cs(2236,24): warning CS1591: Missing XML comment for publicly visible type or member 'ArchiveInfo.CreatedBy' [/home/lysander/repos/bannou/bannou-service/bannou-service.csproj]
/home/lysander/repos/bannou/bannou-service/Generated/Models/DocumentationModels.cs(2241,68): warning CS1591: Missing XML comment for publicly visible type or member 'ArchiveInfo.AdditionalProperties' [/home/lysander/repos/bannou/bannou-service/bannou-service.csproj]
/home/lysander/repos/bannou/bannou-service/Generated/Models/DocumentationModels.cs(2250,22): warning CS1591: Missing XML comment for publicly visible type or member 'RestoreArchiveRequest' [/home/lysander/repos/bannou/bannou-service/bannou-service.csproj]
/home/lysander/repos/bannou/bannou-service/Generated/Models/DocumentationModels.cs(2256,24): warning CS1591: Missing XML comment for publicly visible type or member 'RestoreArchiveRequest.ArchiveId' [/home/lysander/repos/bannou/bannou-service/bannou-service.csproj]
/home/lysander/repos/bannou/bannou-service/Generated/Models/DocumentationModels.cs(2269,68): warning CS1591: Missing XML comment for publicly visible type or member 'RestoreArchiveRequest.AdditionalProperties' [/home/lysander/repos/bannou/bannou-service/bannou-service.csproj]
/home/lysander/repos/bannou/bannou-service/Generated/Models/DocumentationModels.cs(2278,22): warning CS1591: Missing XML comment for publicly visible type or member 'RestoreArchiveResponse' [/home/lysander/repos/bannou/bannou-service/bannou-service.csproj]
/home/lysander/repos/bannou/bannou-service/Generated/Models/DocumentationModels.cs(2284,19): warning CS1591: Missing XML comment for publicly visible type or member 'RestoreArchiveResponse.Namespace' [/home/lysander/repos/bannou/bannou-service/bannou-service.csproj]
/home/lysander/repos/bannou/bannou-service/Generated/Models/DocumentationModels.cs(2287,16): warning CS1591: Missing XML comment for publicly visible type or member 'RestoreArchiveResponse.DocumentsRestored' [/home/lysander/repos/bannou/bannou-service/bannou-service.csproj]
/home/lysander/repos/bannou/bannou-service/Generated/Models/DocumentationModels.cs(2290,16): warning CS1591: Missing XML comment for publicly visible type or member 'RestoreArchiveResponse.PreviousDocumentsDeleted' [/home/lysander/repos/bannou/bannou-service/bannou-service.csproj]
/home/lysander/repos/bannou/bannou-service/Generated/Models/DocumentationModels.cs(2295,68): warning CS1591: Missing XML comment for publicly visible type or member 'RestoreArchiveResponse.AdditionalProperties' [/home/lysander/repos/bannou/bannou-service/bannou-service.csproj]
/home/lysander/repos/bannou/bannou-service/Generated/Models/DocumentationModels.cs(2304,22): warning CS1591: Missing XML comment for publicly visible type or member 'DeleteArchiveRequest' [/home/lysander/repos/bannou/bannou-service/bannou-service.csproj]
/home/lysander/repos/bannou/bannou-service/Generated/Models/DocumentationModels.cs(2310,24): warning CS1591: Missing XML comment for publicly visible type or member 'DeleteArchiveRequest.ArchiveId' [/home/lysander/repos/bannou/bannou-service/bannou-service.csproj]
/home/lysander/repos/bannou/bannou-service/Generated/Models/DocumentationModels.cs(2315,68): warning CS1591: Missing XML comment for publicly visible type or member 'DeleteArchiveRequest.AdditionalProperties' [/home/lysander/repos/bannou/bannou-service/bannou-service.csproj]
/home/lysander/repos/bannou/bannou-service/Generated/Models/DocumentationModels.cs(2324,22): warning CS1591: Missing XML comment for publicly visible type or member 'DeleteArchiveResponse' [/home/lysander/repos/bannou/bannou-service/bannou-service.csproj]
/home/lysander/repos/bannou/bannou-service/Generated/Models/DocumentationModels.cs(2328,17): warning CS1591: Missing XML comment for publicly visible type or member 'DeleteArchiveResponse.Deleted' [/home/lysander/repos/bannou/bannou-service/bannou-service.csproj]
/home/lysander/repos/bannou/bannou-service/Generated/Models/DocumentationModels.cs(2333,68): warning CS1591: Missing XML comment for publicly visible type or member 'DeleteArchiveResponse.AdditionalProperties' [/home/lysander/repos/bannou/bannou-service/bannou-service.csproj]
/home/lysander/repos/bannou/bannou-service/Generated/Models/DocumentationModels.cs(2342,13): warning CS1591: Missing XML comment for publicly visible type or member 'GetDocumentResponseContentFormat' [/home/lysander/repos/bannou/bannou-service/bannou-service.csproj]
/home/lysander/repos/bannou/bannou-service/Generated/Models/DocumentationModels.cs(2346,5): warning CS1591: Missing XML comment for publicly visible type or member 'GetDocumentResponseContentFormat.Markdown' [/home/lysander/repos/bannou/bannou-service/bannou-service.csproj]
/home/lysander/repos/bannou/bannou-service/Generated/Models/DocumentationModels.cs(2349,5): warning CS1591: Missing XML comment for publicly visible type or member 'GetDocumentResponseContentFormat.Html' [/home/lysander/repos/bannou/bannou-service/bannou-service.csproj]
/home/lysander/repos/bannou/bannou-service/Generated/Models/DocumentationModels.cs(2352,5): warning CS1591: Missing XML comment for publicly visible type or member 'GetDocumentResponseContentFormat.None' [/home/lysander/repos/bannou/bannou-service/bannou-service.csproj]
/home/lysander/repos/bannou/bannou-service/Generated/Models/DocumentationModels.cs(2357,13): warning CS1591: Missing XML comment for publicly visible type or member 'SearchDocumentationRequestSortBy' [/home/lysander/repos/bannou/bannou-service/bannou-service.csproj]
/home/lysander/repos/bannou/bannou-service/Generated/Models/DocumentationModels.cs(2361,5): warning CS1591: Missing XML comment for publicly visible type or member 'SearchDocumentationRequestSortBy.Relevance' [/home/lysander/repos/bannou/bannou-service/bannou-service.csproj]
/home/lysander/repos/bannou/bannou-service/Generated/Models/DocumentationModels.cs(2364,5): warning CS1591: Missing XML comment for publicly visible type or member 'SearchDocumentationRequestSortBy.Recency' [/home/lysander/repos/bannou/bannou-service/bannou-service.csproj]
/home/lysander/repos/bannou/bannou-service/Generated/Models/DocumentationModels.cs(2367,5): warning CS1591: Missing XML comment for publicly visible type or member 'SearchDocumentationRequestSortBy.Alphabetical' [/home/lysander/repos/bannou/bannou-service/bannou-service.csproj]
/home/lysander/repos/bannou/bannou-service/Generated/Models/DocumentationModels.cs(2372,13): warning CS1591: Missing XML comment for publicly visible type or member 'ListDocumentsRequestTagsMatch' [/home/lysander/repos/bannou/bannou-service/bannou-service.csproj]
/home/lysander/repos/bannou/bannou-service/Generated/Models/DocumentationModels.cs(2376,5): warning CS1591: Missing XML comment for publicly visible type or member 'ListDocumentsRequestTagsMatch.All' [/home/lysander/repos/bannou/bannou-service/bannou-service.csproj]
/home/lysander/repos/bannou/bannou-service/Generated/Models/DocumentationModels.cs(2379,5): warning CS1591: Missing XML comment for publicly visible type or member 'ListDocumentsRequestTagsMatch.Any' [/home/lysander/repos/bannou/bannou-service/bannou-service.csproj]
/home/lysander/repos/bannou/bannou-service/Generated/Models/DocumentationModels.cs(2384,13): warning CS1591: Missing XML comment for publicly visible type or member 'ListDocumentsRequestSortOrder' [/home/lysander/repos/bannou/bannou-service/bannou-service.csproj]
/home/lysander/repos/bannou/bannou-service/Generated/Models/DocumentationModels.cs(2388,5): warning CS1591: Missing XML comment for publicly visible type or member 'ListDocumentsRequestSortOrder.Asc' [/home/lysander/repos/bannou/bannou-service/bannou-service.csproj]
/home/lysander/repos/bannou/bannou-service/Generated/Models/DocumentationModels.cs(2391,5): warning CS1591: Missing XML comment for publicly visible type or member 'ListDocumentsRequestSortOrder.Desc' [/home/lysander/repos/bannou/bannou-service/bannou-service.csproj]
/home/lysander/repos/bannou/bannou-service/Generated/Models/DocumentationModels.cs(2396,13): warning CS1591: Missing XML comment for publicly visible type or member 'ImportDocumentationRequestOnConflict' [/home/lysander/repos/bannou/bannou-service/bannou-service.csproj]
/home/lysander/repos/bannou/bannou-service/Generated/Models/DocumentationModels.cs(2400,5): warning CS1591: Missing XML comment for publicly visible type or member 'ImportDocumentationRequestOnConflict.Skip' [/home/lysander/repos/bannou/bannou-service/bannou-service.csproj]
/home/lysander/repos/bannou/bannou-service/Generated/Models/DocumentationModels.cs(2403,5): warning CS1591: Missing XML comment for publicly visible type or member 'ImportDocumentationRequestOnConflict.Update' [/home/lysander/repos/bannou/bannou-service/bannou-service.csproj]
/home/lysander/repos/bannou/bannou-service/Generated/Models/DocumentationModels.cs(2406,5): warning CS1591: Missing XML comment for publicly visible type or member 'ImportDocumentationRequestOnConflict.Fail' [/home/lysander/repos/bannou/bannou-service/bannou-service.csproj]
/home/lysander/repos/bannou/bannou-service/Generated/Clients/GameSessionClient.cs(19,26): warning CS1591: Missing XML comment for publicly visible type or member 'IGameSessionClient' [/home/lysander/repos/bannou/bannou-service/bannou-service.csproj]
/home/lysander/repos/bannou/bannou-service/Generated/Clients/GameSessionClient.cs(32,104): warning CS1573: Parameter 'body' has no matching param tag in the XML comment for 'IGameSessionClient.ListGameSessionsAsync(ListGameSessionsRequest, CancellationToken)' (but other parameters do) [/home/lysander/repos/bannou/bannou-service/bannou-service.csproj]
/home/lysander/repos/bannou/bannou-service/Generated/Clients/GameSessionClient.cs(44,102): warning CS1573: Parameter 'body' has no matching param tag in the XML comment for 'IGameSessionClient.CreateGameSessionAsync(CreateGameSessionRequest, CancellationToken)' (but other parameters do) [/home/lysander/repos/bannou/bannou-service/bannou-service.csproj]
/home/lysander/repos/bannou/bannou-service/Generated/Clients/GameSessionClient.cs(55,96): warning CS1573: Parameter 'body' has no matching param tag in the XML comment for 'IGameSessionClient.GetGameSessionAsync(GetGameSessionRequest, CancellationToken)' (but other parameters do) [/home/lysander/repos/bannou/bannou-service/bannou-service.csproj]
/home/lysander/repos/bannou/bannou-service/Generated/Clients/GameSessionClient.cs(69,102): warning CS1573: Parameter 'body' has no matching param tag in the XML comment for 'IGameSessionClient.JoinGameSessionAsync(JoinGameSessionRequest, CancellationToken)' (but other parameters do) [/home/lysander/repos/bannou/bannou-service/bannou-service.csproj]
/home/lysander/repos/bannou/bannou-service/Generated/Clients/GameSessionClient.cs(77,79): warning CS1573: Parameter 'body' has no matching param tag in the XML comment for 'IGameSessionClient.LeaveGameSessionAsync(LeaveGameSessionRequest, CancellationToken)' (but other parameters do) [/home/lysander/repos/bannou/bannou-service/bannou-service.csproj]
/home/lysander/repos/bannou/bannou-service/Generated/Clients/GameSessionClient.cs(85,67): warning CS1573: Parameter 'body' has no matching param tag in the XML comment for 'IGameSessionClient.KickPlayerAsync(KickPlayerRequest, CancellationToken)' (but other parameters do) [/home/lysander/repos/bannou/bannou-service/bannou-service.csproj]
/home/lysander/repos/bannou/bannou-service/Generated/Clients/GameSessionClient.cs(93,73): warning CS1573: Parameter 'body' has no matching param tag in the XML comment for 'IGameSessionClient.SendChatMessageAsync(ChatMessageRequest, CancellationToken)' (but other parameters do) [/home/lysander/repos/bannou/bannou-service/bannou-service.csproj]
/home/lysander/repos/bannou/bannou-service/Generated/Clients/GameSessionClient.cs(101,94): warning CS1573: Parameter 'body' has no matching param tag in the XML comment for 'IGameSessionClient.PerformGameActionAsync(GameActionRequest, CancellationToken)' (but other parameters do) [/home/lysander/repos/bannou/bannou-service/bannou-service.csproj]
/home/lysander/repos/bannou/bannou-service/Generated/Clients/GameSessionClient.cs(105,22): warning CS1591: Missing XML comment for publicly visible type or member 'GameSessionClient' [/home/lysander/repos/bannou/bannou-service/bannou-service.csproj]
/home/lysander/repos/bannou/bannou-service/Generated/Clients/GameSessionClient.cs(125,12): warning CS1591: Missing XML comment for publicly visible type or member 'GameSessionClient.GameSessionClient(IMeshInvocationClient, IServiceAppMappingResolver, ILogger<GameSessionClient>?)' [/home/lysander/repos/bannou/bannou-service/bannou-service.csproj]
/home/lysander/repos/bannou/bannou-service/Generated/Clients/GameSessionClient.cs(133,54): warning CS1591: Missing XML comment for publicly visible type or member 'GameSessionClient.JsonSerializerSettings' [/home/lysander/repos/bannou/bannou-service/bannou-service.csproj]
/home/lysander/repos/bannou/bannou-service/Generated/Clients/GameSessionClient.cs(237,125): warning CS1573: Parameter 'body' has no matching param tag in the XML comment for 'GameSessionClient.ListGameSessionsAsync(ListGameSessionsRequest, CancellationToken)' (but other parameters do) [/home/lysander/repos/bannou/bannou-service/bannou-service.csproj]
/home/lysander/repos/bannou/bannou-service/Generated/Clients/GameSessionClient.cs(320,123): warning CS1573: Parameter 'body' has no matching param tag in the XML comment for 'GameSessionClient.CreateGameSessionAsync(CreateGameSessionRequest, CancellationToken)' (but other parameters do) [/home/lysander/repos/bannou/bannou-service/bannou-service.csproj]
/home/lysander/repos/bannou/bannou-service/Generated/Clients/GameSessionClient.cs(402,117): warning CS1573: Parameter 'body' has no matching param tag in the XML comment for 'GameSessionClient.GetGameSessionAsync(GetGameSessionRequest, CancellationToken)' (but other parameters do) [/home/lysander/repos/bannou/bannou-service/bannou-service.csproj]
/home/lysander/repos/bannou/bannou-service/Generated/Clients/GameSessionClient.cs(493,123): warning CS1573: Parameter 'body' has no matching param tag in the XML comment for 'GameSessionClient.JoinGameSessionAsync(JoinGameSessionRequest, CancellationToken)' (but other parameters do) [/home/lysander/repos/bannou/bannou-service/bannou-service.csproj]
/home/lysander/repos/bannou/bannou-service/Generated/Clients/GameSessionClient.cs(584,100): warning CS1573: Parameter 'body' has no matching param tag in the XML comment for 'GameSessionClient.LeaveGameSessionAsync(LeaveGameSessionRequest, CancellationToken)' (but other parameters do) [/home/lysander/repos/bannou/bannou-service/bannou-service.csproj]
/home/lysander/repos/bannou/bannou-service/Generated/Clients/GameSessionClient.cs(663,88): warning CS1573: Parameter 'body' has no matching param tag in the XML comment for 'GameSessionClient.KickPlayerAsync(KickPlayerRequest, CancellationToken)' (but other parameters do) [/home/lysander/repos/bannou/bannou-service/bannou-service.csproj]
/home/lysander/repos/bannou/bannou-service/Generated/Clients/GameSessionClient.cs(748,94): warning CS1573: Parameter 'body' has no matching param tag in the XML comment for 'GameSessionClient.SendChatMessageAsync(ChatMessageRequest, CancellationToken)' (but other parameters do) [/home/lysander/repos/bannou/bannou-service/bannou-service.csproj]
/home/lysander/repos/bannou/bannou-service/Generated/Clients/GameSessionClient.cs(827,115): warning CS1573: Parameter 'body' has no matching param tag in the XML comment for 'GameSessionClient.PerformGameActionAsync(GameActionRequest, CancellationToken)' (but other parameters do) [/home/lysander/repos/bannou/bannou-service/bannou-service.csproj]
/home/lysander/repos/bannou/bannou-service/Generated/Clients/GameSessionClient.cs(912,22): warning CS1591: Missing XML comment for publicly visible type or member 'GameSessionClient.ObjectResponseResult<T>' [/home/lysander/repos/bannou/bannou-service/bannou-service.csproj]
/home/lysander/repos/bannou/bannou-service/Generated/Clients/GameSessionClient.cs(914,16): warning CS1591: Missing XML comment for publicly visible type or member 'GameSessionClient.ObjectResponseResult<T>.ObjectResponseResult(T, string)' [/home/lysander/repos/bannou/bannou-service/bannou-service.csproj]
/home/lysander/repos/bannou/bannou-service/Generated/Clients/GameSessionClient.cs(920,18): warning CS1591: Missing XML comment for publicly visible type or member 'GameSessionClient.ObjectResponseResult<T>.Object' [/home/lysander/repos/bannou/bannou-service/bannou-service.csproj]
/home/lysander/repos/bannou/bannou-service/Generated/Clients/GameSessionClient.cs(922,23): warning CS1591: Missing XML comment for publicly visible type or member 'GameSessionClient.ObjectResponseResult<T>.Text' [/home/lysander/repos/bannou/bannou-service/bannou-service.csproj]
/home/lysander/repos/bannou/bannou-service/Generated/Clients/GameSessionClient.cs(945,17): warning CS1591: Missing XML comment for publicly visible type or member 'GameSessionClient.ReadResponseAsString' [/home/lysander/repos/bannou/bannou-service/bannou-service.csproj]
/home/lysander/repos/bannou/bannou-service/Generated/Clients/GameSessionClient.cs(947,86): warning CS1591: Missing XML comment for publicly visible type or member 'GameSessionClient.ReadObjectResponseAsync<T>(HttpResponseMessage, IReadOnlyDictionary<string, IEnumerable<string>>, CancellationToken)' [/home/lysander/repos/bannou/bannou-service/bannou-service.csproj]
/home/lysander/repos/bannou/bannou-service/Generated/Models/GameSessionModels.cs(41,68): warning CS1591: Missing XML comment for publicly visible type or member 'ListGameSessionsRequest.AdditionalProperties' [/home/lysander/repos/bannou/bannou-service/bannou-service.csproj]
/home/lysander/repos/bannou/bannou-service/Generated/Models/GameSessionModels.cs(67,68): warning CS1591: Missing XML comment for publicly visible type or member 'GetGameSessionRequest.AdditionalProperties' [/home/lysander/repos/bannou/bannou-service/bannou-service.csproj]
/home/lysander/repos/bannou/bannou-service/Generated/Models/GameSessionModels.cs(101,68): warning CS1591: Missing XML comment for publicly visible type or member 'LeaveGameSessionRequest.AdditionalProperties' [/home/lysander/repos/bannou/bannou-service/bannou-service.csproj]
/home/lysander/repos/bannou/bannou-service/Generated/Models/GameSessionModels.cs(110,22): warning CS1591: Missing XML comment for publicly visible type or member 'CreateGameSessionRequest' [/home/lysander/repos/bannou/bannou-service/bannou-service.csproj]
/home/lysander/repos/bannou/bannou-service/Generated/Models/GameSessionModels.cs(117,45): warning CS1591: Missing XML comment for publicly visible type or member 'CreateGameSessionRequest.GameType' [/home/lysander/repos/bannou/bannou-service/bannou-service.csproj]
/home/lysander/repos/bannou/bannou-service/Generated/Models/GameSessionModels.cs(121,16): warning CS1591: Missing XML comment for publicly visible type or member 'CreateGameSessionRequest.MaxPlayers' [/home/lysander/repos/bannou/bannou-service/bannou-service.csproj]
/home/lysander/repos/bannou/bannou-service/Generated/Models/GameSessionModels.cs(125,19): warning CS1591: Missing XML comment for publicly visible type or member 'CreateGameSessionRequest.SessionName' [/home/lysander/repos/bannou/bannou-service/bannou-service.csproj]
/home/lysander/repos/bannou/bannou-service/Generated/Models/GameSessionModels.cs(128,17): warning CS1591: Missing XML comment for publicly visible type or member 'CreateGameSessionRequest.IsPrivate' [/home/lysander/repos/bannou/bannou-service/bannou-service.csproj]
/home/lysander/repos/bannou/bannou-service/Generated/Models/GameSessionModels.cs(137,19): warning CS1591: Missing XML comment for publicly visible type or member 'CreateGameSessionRequest.GameSettings' [/home/lysander/repos/bannou/bannou-service/bannou-service.csproj]
/home/lysander/repos/bannou/bannou-service/Generated/Models/GameSessionModels.cs(142,68): warning CS1591: Missing XML comment for publicly visible type or member 'CreateGameSessionRequest.AdditionalProperties' [/home/lysander/repos/bannou/bannou-service/bannou-service.csproj]
/home/lysander/repos/bannou/bannou-service/Generated/Models/GameSessionModels.cs(151,22): warning CS1591: Missing XML comment for publicly visible type or member 'GameSessionResponse' [/home/lysander/repos/bannou/bannou-service/bannou-service.csproj]
/home/lysander/repos/bannou/bannou-service/Generated/Models/GameSessionModels.cs(157,24): warning CS1591: Missing XML comment for publicly visible type or member 'GameSessionResponse.SessionId' [/home/lysander/repos/bannou/bannou-service/bannou-service.csproj]
/home/lysander/repos/bannou/bannou-service/Generated/Models/GameSessionModels.cs(163,40): warning CS1591: Missing XML comment for publicly visible type or member 'GameSessionResponse.GameType' [/home/lysander/repos/bannou/bannou-service/bannou-service.csproj]
/home/lysander/repos/bannou/bannou-service/Generated/Models/GameSessionModels.cs(166,19): warning CS1591: Missing XML comment for publicly visible type or member 'GameSessionResponse.SessionName' [/home/lysander/repos/bannou/bannou-service/bannou-service.csproj]
/home/lysander/repos/bannou/bannou-service/Generated/Models/GameSessionModels.cs(172,38): warning CS1591: Missing XML comment for publicly visible type or member 'GameSessionResponse.Status' [/home/lysander/repos/bannou/bannou-service/bannou-service.csproj]
/home/lysander/repos/bannou/bannou-service/Generated/Models/GameSessionModels.cs(175,16): warning CS1591: Missing XML comment for publicly visible type or member 'GameSessionResponse.MaxPlayers' [/home/lysander/repos/bannou/bannou-service/bannou-service.csproj]
/home/lysander/repos/bannou/bannou-service/Generated/Models/GameSessionModels.cs(178,16): warning CS1591: Missing XML comment for publicly visible type or member 'GameSessionResponse.CurrentPlayers' [/home/lysander/repos/bannou/bannou-service/bannou-service.csproj]
/home/lysander/repos/bannou/bannou-service/Generated/Models/GameSessionModels.cs(181,17): warning CS1591: Missing XML comment for publicly visible type or member 'GameSessionResponse.IsPrivate' [/home/lysander/repos/bannou/bannou-service/bannou-service.csproj]
/home/lysander/repos/bannou/bannou-service/Generated/Models/GameSessionModels.cs(184,24): warning CS1591: Missing XML comment for publicly visible type or member 'GameSessionResponse.Owner' [/home/lysander/repos/bannou/bannou-service/bannou-service.csproj]
/home/lysander/repos/bannou/bannou-service/Generated/Models/GameSessionModels.cs(187,63): warning CS1591: Missing XML comment for publicly visible type or member 'GameSessionResponse.Players' [/home/lysander/repos/bannou/bannou-service/bannou-service.csproj]
/home/lysander/repos/bannou/bannou-service/Generated/Models/GameSessionModels.cs(192,34): warning CS1591: Missing XML comment for publicly visible type or member 'GameSessionResponse.CreatedAt' [/home/lysander/repos/bannou/bannou-service/bannou-service.csproj]
/home/lysander/repos/bannou/bannou-service/Generated/Models/GameSessionModels.cs(195,19): warning CS1591: Missing XML comment for publicly visible type or member 'GameSessionResponse.GameSettings' [/home/lysander/repos/bannou/bannou-service/bannou-service.csproj]
/home/lysander/repos/bannou/bannou-service/Generated/Models/GameSessionModels.cs(200,68): warning CS1591: Missing XML comment for publicly visible type or member 'GameSessionResponse.AdditionalProperties' [/home/lysander/repos/bannou/bannou-service/bannou-service.csproj]
/home/lysander/repos/bannou/bannou-service/Generated/Models/GameSessionModels.cs(209,22): warning CS1591: Missing XML comment for publicly visible type or member 'GameSessionListResponse' [/home/lysander/repos/bannou/bannou-service/bannou-service.csproj]
/home/lysander/repos/bannou/bannou-service/Generated/Models/GameSessionModels.cs(215,72): warning CS1591: Missing XML comment for publicly visible type or member 'GameSessionListResponse.Sessions' [/home/lysander/repos/bannou/bannou-service/bannou-service.csproj]
/home/lysander/repos/bannou/bannou-service/Generated/Models/GameSessionModels.cs(218,16): warning CS1591: Missing XML comment for publicly visible type or member 'GameSessionListResponse.TotalCount' [/home/lysander/repos/bannou/bannou-service/bannou-service.csproj]
/home/lysander/repos/bannou/bannou-service/Generated/Models/GameSessionModels.cs(223,68): warning CS1591: Missing XML comment for publicly visible type or member 'GameSessionListResponse.AdditionalProperties' [/home/lysander/repos/bannou/bannou-service/bannou-service.csproj]
/home/lysander/repos/bannou/bannou-service/Generated/Models/GameSessionModels.cs(232,22): warning CS1591: Missing XML comment for publicly visible type or member 'JoinGameSessionRequest' [/home/lysander/repos/bannou/bannou-service/bannou-service.csproj]
/home/lysander/repos/bannou/bannou-service/Generated/Models/GameSessionModels.cs(272,68): warning CS1591: Missing XML comment for publicly visible type or member 'JoinGameSessionRequest.AdditionalProperties' [/home/lysander/repos/bannou/bannou-service/bannou-service.csproj]
/home/lysander/repos/bannou/bannou-service/Generated/Models/GameSessionModels.cs(281,22): warning CS1591: Missing XML comment for publicly visible type or member 'JoinGameSessionResponse' [/home/lysander/repos/bannou/bannou-service/bannou-service.csproj]
/home/lysander/repos/bannou/bannou-service/Generated/Models/GameSessionModels.cs(285,17): warning CS1591: Missing XML comment for publicly visible type or member 'JoinGameSessionResponse.Success' [/home/lysander/repos/bannou/bannou-service/bannou-service.csproj]
/home/lysander/repos/bannou/bannou-service/Generated/Models/GameSessionModels.cs(290,24): warning CS1591: Missing XML comment for publicly visible type or member 'JoinGameSessionResponse.SessionId' [/home/lysander/repos/bannou/bannou-service/bannou-service.csproj]
/home/lysander/repos/bannou/bannou-service/Generated/Models/GameSessionModels.cs(296,46): warning CS1591: Missing XML comment for publicly visible type or member 'JoinGameSessionResponse.PlayerRole' [/home/lysander/repos/bannou/bannou-service/bannou-service.csproj]
/home/lysander/repos/bannou/bannou-service/Generated/Models/GameSessionModels.cs(319,68): warning CS1591: Missing XML comment for publicly visible type or member 'JoinGameSessionResponse.AdditionalProperties' [/home/lysander/repos/bannou/bannou-service/bannou-service.csproj]
/home/lysander/repos/bannou/bannou-service/Generated/Models/GameSessionModels.cs(328,22): warning CS1591: Missing XML comment for publicly visible type or member 'GamePlayer' [/home/lysander/repos/bannou/bannou-service/bannou-service.csproj]
/home/lysander/repos/bannou/bannou-service/Generated/Models/GameSessionModels.cs(334,24): warning CS1591: Missing XML comment for publicly visible type or member 'GamePlayer.AccountId' [/home/lysander/repos/bannou/bannou-service/bannou-service.csproj]
/home/lysander/repos/bannou/bannou-service/Generated/Models/GameSessionModels.cs(337,19): warning CS1591: Missing XML comment for publicly visible type or member 'GamePlayer.DisplayName' [/home/lysander/repos/bannou/bannou-service/bannou-service.csproj]
/home/lysander/repos/bannou/bannou-service/Generated/Models/GameSessionModels.cs(343,27): warning CS1591: Missing XML comment for publicly visible type or member 'GamePlayer.Role' [/home/lysander/repos/bannou/bannou-service/bannou-service.csproj]
/home/lysander/repos/bannou/bannou-service/Generated/Models/GameSessionModels.cs(348,34): warning CS1591: Missing XML comment for publicly visible type or member 'GamePlayer.JoinedAt' [/home/lysander/repos/bannou/bannou-service/bannou-service.csproj]
/home/lysander/repos/bannou/bannou-service/Generated/Models/GameSessionModels.cs(351,19): warning CS1591: Missing XML comment for publicly visible type or member 'GamePlayer.CharacterData' [/home/lysander/repos/bannou/bannou-service/bannou-service.csproj]
/home/lysander/repos/bannou/bannou-service/Generated/Models/GameSessionModels.cs(362,68): warning CS1591: Missing XML comment for publicly visible type or member 'GamePlayer.AdditionalProperties' [/home/lysander/repos/bannou/bannou-service/bannou-service.csproj]
/home/lysander/repos/bannou/bannou-service/Generated/Models/GameSessionModels.cs(371,22): warning CS1591: Missing XML comment for publicly visible type or member 'KickPlayerRequest' [/home/lysander/repos/bannou/bannou-service/bannou-service.csproj]
/home/lysander/repos/bannou/bannou-service/Generated/Models/GameSessionModels.cs(400,68): warning CS1591: Missing XML comment for publicly visible type or member 'KickPlayerRequest.AdditionalProperties' [/home/lysander/repos/bannou/bannou-service/bannou-service.csproj]
/home/lysander/repos/bannou/bannou-service/Generated/Models/GameSessionModels.cs(409,22): warning CS1591: Missing XML comment for publicly visible type or member 'ChatMessageRequest' [/home/lysander/repos/bannou/bannou-service/bannou-service.csproj]
/home/lysander/repos/bannou/bannou-service/Generated/Models/GameSessionModels.cs(424,19): warning CS1591: Missing XML comment for publicly visible type or member 'ChatMessageRequest.Message' [/home/lysander/repos/bannou/bannou-service/bannou-service.csproj]
/home/lysander/repos/bannou/bannou-service/Generated/Models/GameSessionModels.cs(428,42): warning CS1591: Missing XML comment for publicly visible type or member 'ChatMessageRequest.MessageType' [/home/lysander/repos/bannou/bannou-service/bannou-service.csproj]
/home/lysander/repos/bannou/bannou-service/Generated/Models/GameSessionModels.cs(439,68): warning CS1591: Missing XML comment for publicly visible type or member 'ChatMessageRequest.AdditionalProperties' [/home/lysander/repos/bannou/bannou-service/bannou-service.csproj]
/home/lysander/repos/bannou/bannou-service/Generated/Models/GameSessionModels.cs(448,22): warning CS1591: Missing XML comment for publicly visible type or member 'GameActionRequest' [/home/lysander/repos/bannou/bannou-service/bannou-service.csproj]
/home/lysander/repos/bannou/bannou-service/Generated/Models/GameSessionModels.cs(463,40): warning CS1591: Missing XML comment for publicly visible type or member 'GameActionRequest.ActionType' [/home/lysander/repos/bannou/bannou-service/bannou-service.csproj]
/home/lysander/repos/bannou/bannou-service/Generated/Models/GameSessionModels.cs(480,68): warning CS1591: Missing XML comment for publicly visible type or member 'GameActionRequest.AdditionalProperties' [/home/lysander/repos/bannou/bannou-service/bannou-service.csproj]
/home/lysander/repos/bannou/bannou-service/Generated/Models/GameSessionModels.cs(489,22): warning CS1591: Missing XML comment for publicly visible type or member 'GameActionResponse' [/home/lysander/repos/bannou/bannou-service/bannou-service.csproj]
/home/lysander/repos/bannou/bannou-service/Generated/Models/GameSessionModels.cs(493,17): warning CS1591: Missing XML comment for publicly visible type or member 'GameActionResponse.Success' [/home/lysander/repos/bannou/bannou-service/bannou-service.csproj]
/home/lysander/repos/bannou/bannou-service/Generated/Models/GameSessionModels.cs(498,24): warning CS1591: Missing XML comment for publicly visible type or member 'GameActionResponse.ActionId' [/home/lysander/repos/bannou/bannou-service/bannou-service.csproj]
/home/lysander/repos/bannou/bannou-service/Generated/Models/GameSessionModels.cs(515,68): warning CS1591: Missing XML comment for publicly visible type or member 'GameActionResponse.AdditionalProperties' [/home/lysander/repos/bannou/bannou-service/bannou-service.csproj]
/home/lysander/repos/bannou/bannou-service/Generated/Models/GameSessionModels.cs(547,68): warning CS1591: Missing XML comment for publicly visible type or member 'VoiceSipEndpoint.AdditionalProperties' [/home/lysander/repos/bannou/bannou-service/bannou-service.csproj]
/home/lysander/repos/bannou/bannou-service/Generated/Models/GameSessionModels.cs(602,68): warning CS1591: Missing XML comment for publicly visible type or member 'VoiceConnectionInfo.AdditionalProperties' [/home/lysander/repos/bannou/bannou-service/bannou-service.csproj]
/home/lysander/repos/bannou/bannou-service/Generated/Models/GameSessionModels.cs(611,13): warning CS1591: Missing XML comment for publicly visible type or member 'ListGameSessionsRequestGameType' [/home/lysander/repos/bannou/bannou-service/bannou-service.csproj]
/home/lysander/repos/bannou/bannou-service/Generated/Models/GameSessionModels.cs(615,5): warning CS1591: Missing XML comment for publicly visible type or member 'ListGameSessionsRequestGameType.Arcadia' [/home/lysander/repos/bannou/bannou-service/bannou-service.csproj]
/home/lysander/repos/bannou/bannou-service/Generated/Models/GameSessionModels.cs(618,5): warning CS1591: Missing XML comment for publicly visible type or member 'ListGameSessionsRequestGameType.Generic' [/home/lysander/repos/bannou/bannou-service/bannou-service.csproj]
/home/lysander/repos/bannou/bannou-service/Generated/Models/GameSessionModels.cs(623,13): warning CS1591: Missing XML comment for publicly visible type or member 'ListGameSessionsRequestStatus' [/home/lysander/repos/bannou/bannou-service/bannou-service.csproj]
/home/lysander/repos/bannou/bannou-service/Generated/Models/GameSessionModels.cs(627,5): warning CS1591: Missing XML comment for publicly visible type or member 'ListGameSessionsRequestStatus.Waiting' [/home/lysander/repos/bannou/bannou-service/bannou-service.csproj]
/home/lysander/repos/bannou/bannou-service/Generated/Models/GameSessionModels.cs(630,5): warning CS1591: Missing XML comment for publicly visible type or member 'ListGameSessionsRequestStatus.Active' [/home/lysander/repos/bannou/bannou-service/bannou-service.csproj]
/home/lysander/repos/bannou/bannou-service/Generated/Models/GameSessionModels.cs(633,5): warning CS1591: Missing XML comment for publicly visible type or member 'ListGameSessionsRequestStatus.Full' [/home/lysander/repos/bannou/bannou-service/bannou-service.csproj]
/home/lysander/repos/bannou/bannou-service/Generated/Models/GameSessionModels.cs(638,13): warning CS1591: Missing XML comment for publicly visible type or member 'CreateGameSessionRequestGameType' [/home/lysander/repos/bannou/bannou-service/bannou-service.csproj]
/home/lysander/repos/bannou/bannou-service/Generated/Models/GameSessionModels.cs(642,5): warning CS1591: Missing XML comment for publicly visible type or member 'CreateGameSessionRequestGameType.Arcadia' [/home/lysander/repos/bannou/bannou-service/bannou-service.csproj]
/home/lysander/repos/bannou/bannou-service/Generated/Models/GameSessionModels.cs(645,5): warning CS1591: Missing XML comment for publicly visible type or member 'CreateGameSessionRequestGameType.Generic' [/home/lysander/repos/bannou/bannou-service/bannou-service.csproj]
/home/lysander/repos/bannou/bannou-service/Generated/Models/GameSessionModels.cs(650,13): warning CS1591: Missing XML comment for publicly visible type or member 'GameSessionResponseGameType' [/home/lysander/repos/bannou/bannou-service/bannou-service.csproj]
/home/lysander/repos/bannou/bannou-service/Generated/Models/GameSessionModels.cs(654,5): warning CS1591: Missing XML comment for publicly visible type or member 'GameSessionResponseGameType.Arcadia' [/home/lysander/repos/bannou/bannou-service/bannou-service.csproj]
/home/lysander/repos/bannou/bannou-service/Generated/Models/GameSessionModels.cs(657,5): warning CS1591: Missing XML comment for publicly visible type or member 'GameSessionResponseGameType.Generic' [/home/lysander/repos/bannou/bannou-service/bannou-service.csproj]
/home/lysander/repos/bannou/bannou-service/Generated/Models/GameSessionModels.cs(662,13): warning CS1591: Missing XML comment for publicly visible type or member 'GameSessionResponseStatus' [/home/lysander/repos/bannou/bannou-service/bannou-service.csproj]
/home/lysander/repos/bannou/bannou-service/Generated/Models/GameSessionModels.cs(666,5): warning CS1591: Missing XML comment for publicly visible type or member 'GameSessionResponseStatus.Waiting' [/home/lysander/repos/bannou/bannou-service/bannou-service.csproj]
/home/lysander/repos/bannou/bannou-service/Generated/Models/GameSessionModels.cs(669,5): warning CS1591: Missing XML comment for publicly visible type or member 'GameSessionResponseStatus.Active' [/home/lysander/repos/bannou/bannou-service/bannou-service.csproj]
/home/lysander/repos/bannou/bannou-service/Generated/Models/GameSessionModels.cs(672,5): warning CS1591: Missing XML comment for publicly visible type or member 'GameSessionResponseStatus.Full' [/home/lysander/repos/bannou/bannou-service/bannou-service.csproj]
/home/lysander/repos/bannou/bannou-service/Generated/Models/GameSessionModels.cs(675,5): warning CS1591: Missing XML comment for publicly visible type or member 'GameSessionResponseStatus.Finished' [/home/lysander/repos/bannou/bannou-service/bannou-service.csproj]
/home/lysander/repos/bannou/bannou-service/Generated/Models/GameSessionModels.cs(680,13): warning CS1591: Missing XML comment for publicly visible type or member 'JoinGameSessionResponsePlayerRole' [/home/lysander/repos/bannou/bannou-service/bannou-service.csproj]
/home/lysander/repos/bannou/bannou-service/Generated/Models/GameSessionModels.cs(684,5): warning CS1591: Missing XML comment for publicly visible type or member 'JoinGameSessionResponsePlayerRole.Player' [/home/lysander/repos/bannou/bannou-service/bannou-service.csproj]
/home/lysander/repos/bannou/bannou-service/Generated/Models/GameSessionModels.cs(687,5): warning CS1591: Missing XML comment for publicly visible type or member 'JoinGameSessionResponsePlayerRole.Spectator' [/home/lysander/repos/bannou/bannou-service/bannou-service.csproj]
/home/lysander/repos/bannou/bannou-service/Generated/Models/GameSessionModels.cs(690,5): warning CS1591: Missing XML comment for publicly visible type or member 'JoinGameSessionResponsePlayerRole.Moderator' [/home/lysander/repos/bannou/bannou-service/bannou-service.csproj]
/home/lysander/repos/bannou/bannou-service/Generated/Models/GameSessionModels.cs(695,13): warning CS1591: Missing XML comment for publicly visible type or member 'GamePlayerRole' [/home/lysander/repos/bannou/bannou-service/bannou-service.csproj]
/home/lysander/repos/bannou/bannou-service/Generated/Models/GameSessionModels.cs(699,5): warning CS1591: Missing XML comment for publicly visible type or member 'GamePlayerRole.Player' [/home/lysander/repos/bannou/bannou-service/bannou-service.csproj]
/home/lysander/repos/bannou/bannou-service/Generated/Models/GameSessionModels.cs(702,5): warning CS1591: Missing XML comment for publicly visible type or member 'GamePlayerRole.Spectator' [/home/lysander/repos/bannou/bannou-service/bannou-service.csproj]
/home/lysander/repos/bannou/bannou-service/Generated/Models/GameSessionModels.cs(705,5): warning CS1591: Missing XML comment for publicly visible type or member 'GamePlayerRole.Moderator' [/home/lysander/repos/bannou/bannou-service/bannou-service.csproj]
/home/lysander/repos/bannou/bannou-service/Generated/Models/GameSessionModels.cs(710,13): warning CS1591: Missing XML comment for publicly visible type or member 'ChatMessageRequestMessageType' [/home/lysander/repos/bannou/bannou-service/bannou-service.csproj]
/home/lysander/repos/bannou/bannou-service/Generated/Models/GameSessionModels.cs(714,5): warning CS1591: Missing XML comment for publicly visible type or member 'ChatMessageRequestMessageType.Public' [/home/lysander/repos/bannou/bannou-service/bannou-service.csproj]
/home/lysander/repos/bannou/bannou-service/Generated/Models/GameSessionModels.cs(717,5): warning CS1591: Missing XML comment for publicly visible type or member 'ChatMessageRequestMessageType.Whisper' [/home/lysander/repos/bannou/bannou-service/bannou-service.csproj]
/home/lysander/repos/bannou/bannou-service/Generated/Models/GameSessionModels.cs(720,5): warning CS1591: Missing XML comment for publicly visible type or member 'ChatMessageRequestMessageType.System' [/home/lysander/repos/bannou/bannou-service/bannou-service.csproj]
/home/lysander/repos/bannou/bannou-service/Generated/Models/GameSessionModels.cs(725,13): warning CS1591: Missing XML comment for publicly visible type or member 'GameActionRequestActionType' [/home/lysander/repos/bannou/bannou-service/bannou-service.csproj]
/home/lysander/repos/bannou/bannou-service/Generated/Models/GameSessionModels.cs(729,5): warning CS1591: Missing XML comment for publicly visible type or member 'GameActionRequestActionType.Move' [/home/lysander/repos/bannou/bannou-service/bannou-service.csproj]
/home/lysander/repos/bannou/bannou-service/Generated/Models/GameSessionModels.cs(732,5): warning CS1591: Missing XML comment for publicly visible type or member 'GameActionRequestActionType.Interact' [/home/lysander/repos/bannou/bannou-service/bannou-service.csproj]
/home/lysander/repos/bannou/bannou-service/Generated/Models/GameSessionModels.cs(735,5): warning CS1591: Missing XML comment for publicly visible type or member 'GameActionRequestActionType.Attack' [/home/lysander/repos/bannou/bannou-service/bannou-service.csproj]
/home/lysander/repos/bannou/bannou-service/Generated/Models/GameSessionModels.cs(738,5): warning CS1591: Missing XML comment for publicly visible type or member 'GameActionRequestActionType.Cast_spell' [/home/lysander/repos/bannou/bannou-service/bannou-service.csproj]
/home/lysander/repos/bannou/bannou-service/Generated/Models/GameSessionModels.cs(741,5): warning CS1591: Missing XML comment for publicly visible type or member 'GameActionRequestActionType.Use_item' [/home/lysander/repos/bannou/bannou-service/bannou-service.csproj]
/home/lysander/repos/bannou/bannou-service/Generated/Models/GameSessionModels.cs(746,13): warning CS1591: Missing XML comment for publicly visible type or member 'VoiceConnectionInfoTier' [/home/lysander/repos/bannou/bannou-service/bannou-service.csproj]
/home/lysander/repos/bannou/bannou-service/Generated/Models/GameSessionModels.cs(750,5): warning CS1591: Missing XML comment for publicly visible type or member 'VoiceConnectionInfoTier.P2p' [/home/lysander/repos/bannou/bannou-service/bannou-service.csproj]
/home/lysander/repos/bannou/bannou-service/Generated/Models/GameSessionModels.cs(753,5): warning CS1591: Missing XML comment for publicly visible type or member 'VoiceConnectionInfoTier.Scaled' [/home/lysander/repos/bannou/bannou-service/bannou-service.csproj]
/home/lysander/repos/bannou/bannou-service/Generated/Models/GameSessionModels.cs(758,13): warning CS1591: Missing XML comment for publicly visible type or member 'VoiceConnectionInfoCodec' [/home/lysander/repos/bannou/bannou-service/bannou-service.csproj]
/home/lysander/repos/bannou/bannou-service/Generated/Models/GameSessionModels.cs(762,5): warning CS1591: Missing XML comment for publicly visible type or member 'VoiceConnectionInfoCodec.Opus' [/home/lysander/repos/bannou/bannou-service/bannou-service.csproj]
/home/lysander/repos/bannou/bannou-service/Generated/Models/GameSessionModels.cs(765,5): warning CS1591: Missing XML comment for publicly visible type or member 'VoiceConnectionInfoCodec.G711' [/home/lysander/repos/bannou/bannou-service/bannou-service.csproj]
/home/lysander/repos/bannou/bannou-service/Generated/Models/GameSessionModels.cs(768,5): warning CS1591: Missing XML comment for publicly visible type or member 'VoiceConnectionInfoCodec.G722' [/home/lysander/repos/bannou/bannou-service/bannou-service.csproj]
/home/lysander/repos/bannou/bannou-service/Generated/Clients/LocationClient.cs(19,26): warning CS1591: Missing XML comment for publicly visible type or member 'ILocationClient' [/home/lysander/repos/bannou/bannou-service/bannou-service.csproj]
/home/lysander/repos/bannou/bannou-service/Generated/Clients/LocationClient.cs(28,87): warning CS1573: Parameter 'body' has no matching param tag in the XML comment for 'ILocationClient.GetLocationAsync(GetLocationRequest, CancellationToken)' (but other parameters do) [/home/lysander/repos/bannou/bannou-service/bannou-service.csproj]
/home/lysander/repos/bannou/bannou-service/Generated/Clients/LocationClient.cs(39,99): warning CS1573: Parameter 'body' has no matching param tag in the XML comment for 'ILocationClient.GetLocationByCodeAsync(GetLocationByCodeRequest, CancellationToken)' (but other parameters do) [/home/lysander/repos/bannou/bannou-service/bannou-service.csproj]
/home/lysander/repos/bannou/bannou-service/Generated/Clients/LocationClient.cs(50,95): warning CS1573: Parameter 'body' has no matching param tag in the XML comment for 'ILocationClient.ListLocationsAsync(ListLocationsRequest, CancellationToken)' (but other parameters do) [/home/lysander/repos/bannou/bannou-service/bannou-service.csproj]
/home/lysander/repos/bannou/bannou-service/Generated/Clients/LocationClient.cs(63,109): warning CS1573: Parameter 'body' has no matching param tag in the XML comment for 'ILocationClient.ListLocationsByRealmAsync(ListLocationsByRealmRequest, CancellationToken)' (but other parameters do) [/home/lysander/repos/bannou/bannou-service/bannou-service.csproj]
/home/lysander/repos/bannou/bannou-service/Generated/Clients/LocationClient.cs(75,111): warning CS1573: Parameter 'body' has no matching param tag in the XML comment for 'ILocationClient.ListLocationsByParentAsync(ListLocationsByParentRequest, CancellationToken)' (but other parameters do) [/home/lysander/repos/bannou/bannou-service/bannou-service.csproj]
/home/lysander/repos/bannou/bannou-service/Generated/Clients/LocationClient.cs(87,103): warning CS1573: Parameter 'body' has no matching param tag in the XML comment for 'ILocationClient.ListRootLocationsAsync(ListRootLocationsRequest, CancellationToken)' (but other parameters do) [/home/lysander/repos/bannou/bannou-service/bannou-service.csproj]
/home/lysander/repos/bannou/bannou-service/Generated/Clients/LocationClient.cs(100,109): warning CS1573: Parameter 'body' has no matching param tag in the XML comment for 'ILocationClient.GetLocationAncestorsAsync(GetLocationAncestorsRequest, CancellationToken)' (but other parameters do) [/home/lysander/repos/bannou/bannou-service/bannou-service.csproj]
/home/lysander/repos/bannou/bannou-service/Generated/Clients/LocationClient.cs(113,113): warning CS1573: Parameter 'body' has no matching param tag in the XML comment for 'ILocationClient.GetLocationDescendantsAsync(GetLocationDescendantsRequest, CancellationToken)' (but other parameters do) [/home/lysander/repos/bannou/bannou-service/bannou-service.csproj]
/home/lysander/repos/bannou/bannou-service/Generated/Clients/LocationClient.cs(121,93): warning CS1573: Parameter 'body' has no matching param tag in the XML comment for 'ILocationClient.CreateLocationAsync(CreateLocationRequest, CancellationToken)' (but other parameters do) [/home/lysander/repos/bannou/bannou-service/bannou-service.csproj]
/home/lysander/repos/bannou/bannou-service/Generated/Clients/LocationClient.cs(129,93): warning CS1573: Parameter 'body' has no matching param tag in the XML comment for 'ILocationClient.UpdateLocationAsync(UpdateLocationRequest, CancellationToken)' (but other parameters do) [/home/lysander/repos/bannou/bannou-service/bannou-service.csproj]
/home/lysander/repos/bannou/bannou-service/Generated/Clients/LocationClient.cs(144,99): warning CS1573: Parameter 'body' has no matching param tag in the XML comment for 'ILocationClient.SetLocationParentAsync(SetLocationParentRequest, CancellationToken)' (but other parameters do) [/home/lysander/repos/bannou/bannou-service/bannou-service.csproj]
/home/lysander/repos/bannou/bannou-service/Generated/Clients/LocationClient.cs(156,105): warning CS1573: Parameter 'body' has no matching param tag in the XML comment for 'ILocationClient.RemoveLocationParentAsync(RemoveLocationParentRequest, CancellationToken)' (but other parameters do) [/home/lysander/repos/bannou/bannou-service/bannou-service.csproj]
/home/lysander/repos/bannou/bannou-service/Generated/Clients/LocationClient.cs(171,75): warning CS1573: Parameter 'body' has no matching param tag in the XML comment for 'ILocationClient.DeleteLocationAsync(DeleteLocationRequest, CancellationToken)' (but other parameters do) [/home/lysander/repos/bannou/bannou-service/bannou-service.csproj]
/home/lysander/repos/bannou/bannou-service/Generated/Clients/LocationClient.cs(186,99): warning CS1573: Parameter 'body' has no matching param tag in the XML comment for 'ILocationClient.DeprecateLocationAsync(DeprecateLocationRequest, CancellationToken)' (but other parameters do) [/home/lysander/repos/bannou/bannou-service/bannou-service.csproj]
/home/lysander/repos/bannou/bannou-service/Generated/Clients/LocationClient.cs(198,103): warning CS1573: Parameter 'body' has no matching param tag in the XML comment for 'ILocationClient.UndeprecateLocationAsync(UndeprecateLocationRequest, CancellationToken)' (but other parameters do) [/home/lysander/repos/bannou/bannou-service/bannou-service.csproj]
/home/lysander/repos/bannou/bannou-service/Generated/Clients/LocationClient.cs(210,99): warning CS1573: Parameter 'body' has no matching param tag in the XML comment for 'ILocationClient.LocationExistsAsync(LocationExistsRequest, CancellationToken)' (but other parameters do) [/home/lysander/repos/bannou/bannou-service/bannou-service.csproj]
/home/lysander/repos/bannou/bannou-service/Generated/Clients/LocationClient.cs(224,96): warning CS1573: Parameter 'body' has no matching param tag in the XML comment for 'ILocationClient.SeedLocationsAsync(SeedLocationsRequest, CancellationToken)' (but other parameters do) [/home/lysander/repos/bannou/bannou-service/bannou-service.csproj]
/home/lysander/repos/bannou/bannou-service/Generated/Clients/LocationClient.cs(228,22): warning CS1591: Missing XML comment for publicly visible type or member 'LocationClient' [/home/lysander/repos/bannou/bannou-service/bannou-service.csproj]
/home/lysander/repos/bannou/bannou-service/Generated/Clients/LocationClient.cs(248,12): warning CS1591: Missing XML comment for publicly visible type or member 'LocationClient.LocationClient(IMeshInvocationClient, IServiceAppMappingResolver, ILogger<LocationClient>?)' [/home/lysander/repos/bannou/bannou-service/bannou-service.csproj]
/home/lysander/repos/bannou/bannou-service/Generated/Clients/LocationClient.cs(256,54): warning CS1591: Missing XML comment for publicly visible type or member 'LocationClient.JsonSerializerSettings' [/home/lysander/repos/bannou/bannou-service/bannou-service.csproj]
/home/lysander/repos/bannou/bannou-service/Generated/Clients/LocationClient.cs(356,108): warning CS1573: Parameter 'body' has no matching param tag in the XML comment for 'LocationClient.GetLocationAsync(GetLocationRequest, CancellationToken)' (but other parameters do) [/home/lysander/repos/bannou/bannou-service/bannou-service.csproj]
/home/lysander/repos/bannou/bannou-service/Generated/Clients/LocationClient.cs(444,120): warning CS1573: Parameter 'body' has no matching param tag in the XML comment for 'LocationClient.GetLocationByCodeAsync(GetLocationByCodeRequest, CancellationToken)' (but other parameters do) [/home/lysander/repos/bannou/bannou-service/bannou-service.csproj]
/home/lysander/repos/bannou/bannou-service/Generated/Clients/LocationClient.cs(532,116): warning CS1573: Parameter 'body' has no matching param tag in the XML comment for 'LocationClient.ListLocationsAsync(ListLocationsRequest, CancellationToken)' (but other parameters do) [/home/lysander/repos/bannou/bannou-service/bannou-service.csproj]
/home/lysander/repos/bannou/bannou-service/Generated/Clients/LocationClient.cs(616,130): warning CS1573: Parameter 'body' has no matching param tag in the XML comment for 'LocationClient.ListLocationsByRealmAsync(ListLocationsByRealmRequest, CancellationToken)' (but other parameters do) [/home/lysander/repos/bannou/bannou-service/bannou-service.csproj]
/home/lysander/repos/bannou/bannou-service/Generated/Clients/LocationClient.cs(699,132): warning CS1573: Parameter 'body' has no matching param tag in the XML comment for 'LocationClient.ListLocationsByParentAsync(ListLocationsByParentRequest, CancellationToken)' (but other parameters do) [/home/lysander/repos/bannou/bannou-service/bannou-service.csproj]
/home/lysander/repos/bannou/bannou-service/Generated/Clients/LocationClient.cs(788,124): warning CS1573: Parameter 'body' has no matching param tag in the XML comment for 'LocationClient.ListRootLocationsAsync(ListRootLocationsRequest, CancellationToken)' (but other parameters do) [/home/lysander/repos/bannou/bannou-service/bannou-service.csproj]
/home/lysander/repos/bannou/bannou-service/Generated/Clients/LocationClient.cs(872,130): warning CS1573: Parameter 'body' has no matching param tag in the XML comment for 'LocationClient.GetLocationAncestorsAsync(GetLocationAncestorsRequest, CancellationToken)' (but other parameters do) [/home/lysander/repos/bannou/bannou-service/bannou-service.csproj]
/home/lysander/repos/bannou/bannou-service/Generated/Clients/LocationClient.cs(962,134): warning CS1573: Parameter 'body' has no matching param tag in the XML comment for 'LocationClient.GetLocationDescendantsAsync(GetLocationDescendantsRequest, CancellationToken)' (but other parameters do) [/home/lysander/repos/bannou/bannou-service/bannou-service.csproj]
/home/lysander/repos/bannou/bannou-service/Generated/Clients/LocationClient.cs(1047,114): warning CS1573: Parameter 'body' has no matching param tag in the XML comment for 'LocationClient.CreateLocationAsync(CreateLocationRequest, CancellationToken)' (but other parameters do) [/home/lysander/repos/bannou/bannou-service/bannou-service.csproj]
/home/lysander/repos/bannou/bannou-service/Generated/Clients/LocationClient.cs(1138,114): warning CS1573: Parameter 'body' has no matching param tag in the XML comment for 'LocationClient.UpdateLocationAsync(UpdateLocationRequest, CancellationToken)' (but other parameters do) [/home/lysander/repos/bannou/bannou-service/bannou-service.csproj]
/home/lysander/repos/bannou/bannou-service/Generated/Clients/LocationClient.cs(1236,120): warning CS1573: Parameter 'body' has no matching param tag in the XML comment for 'LocationClient.SetLocationParentAsync(SetLocationParentRequest, CancellationToken)' (but other parameters do) [/home/lysander/repos/bannou/bannou-service/bannou-service.csproj]
/home/lysander/repos/bannou/bannou-service/Generated/Clients/LocationClient.cs(1331,126): warning CS1573: Parameter 'body' has no matching param tag in the XML comment for 'LocationClient.RemoveLocationParentAsync(RemoveLocationParentRequest, CancellationToken)' (but other parameters do) [/home/lysander/repos/bannou/bannou-service/bannou-service.csproj]
/home/lysander/repos/bannou/bannou-service/Generated/Clients/LocationClient.cs(1423,96): warning CS1573: Parameter 'body' has no matching param tag in the XML comment for 'LocationClient.DeleteLocationAsync(DeleteLocationRequest, CancellationToken)' (but other parameters do) [/home/lysander/repos/bannou/bannou-service/bannou-service.csproj]
/home/lysander/repos/bannou/bannou-service/Generated/Clients/LocationClient.cs(1515,120): warning CS1573: Parameter 'body' has no matching param tag in the XML comment for 'LocationClient.DeprecateLocationAsync(DeprecateLocationRequest, CancellationToken)' (but other parameters do) [/home/lysander/repos/bannou/bannou-service/bannou-service.csproj]
/home/lysander/repos/bannou/bannou-service/Generated/Clients/LocationClient.cs(1610,124): warning CS1573: Parameter 'body' has no matching param tag in the XML comment for 'LocationClient.UndeprecateLocationAsync(UndeprecateLocationRequest, CancellationToken)' (but other parameters do) [/home/lysander/repos/bannou/bannou-service/bannou-service.csproj]
/home/lysander/repos/bannou/bannou-service/Generated/Clients/LocationClient.cs(1705,120): warning CS1573: Parameter 'body' has no matching param tag in the XML comment for 'LocationClient.LocationExistsAsync(LocationExistsRequest, CancellationToken)' (but other parameters do) [/home/lysander/repos/bannou/bannou-service/bannou-service.csproj]
/home/lysander/repos/bannou/bannou-service/Generated/Clients/LocationClient.cs(1790,117): warning CS1573: Parameter 'body' has no matching param tag in the XML comment for 'LocationClient.SeedLocationsAsync(SeedLocationsRequest, CancellationToken)' (but other parameters do) [/home/lysander/repos/bannou/bannou-service/bannou-service.csproj]
/home/lysander/repos/bannou/bannou-service/Generated/Clients/LocationClient.cs(1869,22): warning CS1591: Missing XML comment for publicly visible type or member 'LocationClient.ObjectResponseResult<T>' [/home/lysander/repos/bannou/bannou-service/bannou-service.csproj]
/home/lysander/repos/bannou/bannou-service/Generated/Clients/LocationClient.cs(1871,16): warning CS1591: Missing XML comment for publicly visible type or member 'LocationClient.ObjectResponseResult<T>.ObjectResponseResult(T, string)' [/home/lysander/repos/bannou/bannou-service/bannou-service.csproj]
/home/lysander/repos/bannou/bannou-service/Generated/Clients/LocationClient.cs(1877,18): warning CS1591: Missing XML comment for publicly visible type or member 'LocationClient.ObjectResponseResult<T>.Object' [/home/lysander/repos/bannou/bannou-service/bannou-service.csproj]
/home/lysander/repos/bannou/bannou-service/Generated/Clients/LocationClient.cs(1879,23): warning CS1591: Missing XML comment for publicly visible type or member 'LocationClient.ObjectResponseResult<T>.Text' [/home/lysander/repos/bannou/bannou-service/bannou-service.csproj]
/home/lysander/repos/bannou/bannou-service/Generated/Clients/LocationClient.cs(1902,17): warning CS1591: Missing XML comment for publicly visible type or member 'LocationClient.ReadResponseAsString' [/home/lysander/repos/bannou/bannou-service/bannou-service.csproj]
/home/lysander/repos/bannou/bannou-service/Generated/Clients/LocationClient.cs(1904,86): warning CS1591: Missing XML comment for publicly visible type or member 'LocationClient.ReadObjectResponseAsync<T>(HttpResponseMessage, IReadOnlyDictionary<string, IEnumerable<string>>, CancellationToken)' [/home/lysander/repos/bannou/bannou-service/bannou-service.csproj]
/home/lysander/repos/bannou/bannou-service/Generated/Models/LocationModels.cs(25,5): warning CS1591: Missing XML comment for publicly visible type or member 'LocationType.CONTINENT' [/home/lysander/repos/bannou/bannou-service/bannou-service.csproj]
/home/lysander/repos/bannou/bannou-service/Generated/Models/LocationModels.cs(28,5): warning CS1591: Missing XML comment for publicly visible type or member 'LocationType.REGION' [/home/lysander/repos/bannou/bannou-service/bannou-service.csproj]
/home/lysander/repos/bannou/bannou-service/Generated/Models/LocationModels.cs(31,5): warning CS1591: Missing XML comment for publicly visible type or member 'LocationType.CITY' [/home/lysander/repos/bannou/bannou-service/bannou-service.csproj]
/home/lysander/repos/bannou/bannou-service/Generated/Models/LocationModels.cs(34,5): warning CS1591: Missing XML comment for publicly visible type or member 'LocationType.DISTRICT' [/home/lysander/repos/bannou/bannou-service/bannou-service.csproj]
/home/lysander/repos/bannou/bannou-service/Generated/Models/LocationModels.cs(37,5): warning CS1591: Missing XML comment for publicly visible type or member 'LocationType.BUILDING' [/home/lysander/repos/bannou/bannou-service/bannou-service.csproj]
/home/lysander/repos/bannou/bannou-service/Generated/Models/LocationModels.cs(40,5): warning CS1591: Missing XML comment for publicly visible type or member 'LocationType.ROOM' [/home/lysander/repos/bannou/bannou-service/bannou-service.csproj]
/home/lysander/repos/bannou/bannou-service/Generated/Models/LocationModels.cs(43,5): warning CS1591: Missing XML comment for publicly visible type or member 'LocationType.LANDMARK' [/home/lysander/repos/bannou/bannou-service/bannou-service.csproj]
/home/lysander/repos/bannou/bannou-service/Generated/Models/LocationModels.cs(46,5): warning CS1591: Missing XML comment for publicly visible type or member 'LocationType.WILDERNESS' [/home/lysander/repos/bannou/bannou-service/bannou-service.csproj]
/home/lysander/repos/bannou/bannou-service/Generated/Models/LocationModels.cs(49,5): warning CS1591: Missing XML comment for publicly visible type or member 'LocationType.DUNGEON' [/home/lysander/repos/bannou/bannou-service/bannou-service.csproj]
/home/lysander/repos/bannou/bannou-service/Generated/Models/LocationModels.cs(52,5): warning CS1591: Missing XML comment for publicly visible type or member 'LocationType.OTHER' [/home/lysander/repos/bannou/bannou-service/bannou-service.csproj]
/home/lysander/repos/bannou/bannou-service/Generated/Models/LocationModels.cs(57,22): warning CS1591: Missing XML comment for publicly visible type or member 'GetLocationRequest' [/home/lysander/repos/bannou/bannou-service/bannou-service.csproj]
/home/lysander/repos/bannou/bannou-service/Generated/Models/LocationModels.cs(71,68): warning CS1591: Missing XML comment for publicly visible type or member 'GetLocationRequest.AdditionalProperties' [/home/lysander/repos/bannou/bannou-service/bannou-service.csproj]
/home/lysander/repos/bannou/bannou-service/Generated/Models/LocationModels.cs(80,22): warning CS1591: Missing XML comment for publicly visible type or member 'GetLocationByCodeRequest' [/home/lysander/repos/bannou/bannou-service/bannou-service.csproj]
/home/lysander/repos/bannou/bannou-service/Generated/Models/LocationModels.cs(104,68): warning CS1591: Missing XML comment for publicly visible type or member 'GetLocationByCodeRequest.AdditionalProperties' [/home/lysander/repos/bannou/bannou-service/bannou-service.csproj]
/home/lysander/repos/bannou/bannou-service/Generated/Models/LocationModels.cs(113,22): warning CS1591: Missing XML comment for publicly visible type or member 'ListLocationsRequest' [/home/lysander/repos/bannou/bannou-service/bannou-service.csproj]
/home/lysander/repos/bannou/bannou-service/Generated/Models/LocationModels.cs(137,16): warning CS1591: Missing XML comment for publicly visible type or member 'ListLocationsRequest.Page' [/home/lysander/repos/bannou/bannou-service/bannou-service.csproj]
/home/lysander/repos/bannou/bannou-service/Generated/Models/LocationModels.cs(141,16): warning CS1591: Missing XML comment for publicly visible type or member 'ListLocationsRequest.PageSize' [/home/lysander/repos/bannou/bannou-service/bannou-service.csproj]
/home/lysander/repos/bannou/bannou-service/Generated/Models/LocationModels.cs(146,68): warning CS1591: Missing XML comment for publicly visible type or member 'ListLocationsRequest.AdditionalProperties' [/home/lysander/repos/bannou/bannou-service/bannou-service.csproj]
/home/lysander/repos/bannou/bannou-service/Generated/Models/LocationModels.cs(155,22): warning CS1591: Missing XML comment for publicly visible type or member 'ListLocationsByRealmRequest' [/home/lysander/repos/bannou/bannou-service/bannou-service.csproj]
/home/lysander/repos/bannou/bannou-service/Generated/Models/LocationModels.cs(174,17): warning CS1591: Missing XML comment for publicly visible type or member 'ListLocationsByRealmRequest.IncludeDeprecated' [/home/lysander/repos/bannou/bannou-service/bannou-service.csproj]
/home/lysander/repos/bannou/bannou-service/Generated/Models/LocationModels.cs(178,16): warning CS1591: Missing XML comment for publicly visible type or member 'ListLocationsByRealmRequest.Page' [/home/lysander/repos/bannou/bannou-service/bannou-service.csproj]
/home/lysander/repos/bannou/bannou-service/Generated/Models/LocationModels.cs(182,16): warning CS1591: Missing XML comment for publicly visible type or member 'ListLocationsByRealmRequest.PageSize' [/home/lysander/repos/bannou/bannou-service/bannou-service.csproj]
/home/lysander/repos/bannou/bannou-service/Generated/Models/LocationModels.cs(187,68): warning CS1591: Missing XML comment for publicly visible type or member 'ListLocationsByRealmRequest.AdditionalProperties' [/home/lysander/repos/bannou/bannou-service/bannou-service.csproj]
/home/lysander/repos/bannou/bannou-service/Generated/Models/LocationModels.cs(196,22): warning CS1591: Missing XML comment for publicly visible type or member 'ListLocationsByParentRequest' [/home/lysander/repos/bannou/bannou-service/bannou-service.csproj]
/home/lysander/repos/bannou/bannou-service/Generated/Models/LocationModels.cs(215,17): warning CS1591: Missing XML comment for publicly visible type or member 'ListLocationsByParentRequest.IncludeDeprecated' [/home/lysander/repos/bannou/bannou-service/bannou-service.csproj]
/home/lysander/repos/bannou/bannou-service/Generated/Models/LocationModels.cs(219,16): warning CS1591: Missing XML comment for publicly visible type or member 'ListLocationsByParentRequest.Page' [/home/lysander/repos/bannou/bannou-service/bannou-service.csproj]
/home/lysander/repos/bannou/bannou-service/Generated/Models/LocationModels.cs(223,16): warning CS1591: Missing XML comment for publicly visible type or member 'ListLocationsByParentRequest.PageSize' [/home/lysander/repos/bannou/bannou-service/bannou-service.csproj]
/home/lysander/repos/bannou/bannou-service/Generated/Models/LocationModels.cs(228,68): warning CS1591: Missing XML comment for publicly visible type or member 'ListLocationsByParentRequest.AdditionalProperties' [/home/lysander/repos/bannou/bannou-service/bannou-service.csproj]
/home/lysander/repos/bannou/bannou-service/Generated/Models/LocationModels.cs(237,22): warning CS1591: Missing XML comment for publicly visible type or member 'ListRootLocationsRequest' [/home/lysander/repos/bannou/bannou-service/bannou-service.csproj]
/home/lysander/repos/bannou/bannou-service/Generated/Models/LocationModels.cs(256,17): warning CS1591: Missing XML comment for publicly visible type or member 'ListRootLocationsRequest.IncludeDeprecated' [/home/lysander/repos/bannou/bannou-service/bannou-service.csproj]
/home/lysander/repos/bannou/bannou-service/Generated/Models/LocationModels.cs(260,16): warning CS1591: Missing XML comment for publicly visible type or member 'ListRootLocationsRequest.Page' [/home/lysander/repos/bannou/bannou-service/bannou-service.csproj]
/home/lysander/repos/bannou/bannou-service/Generated/Models/LocationModels.cs(264,16): warning CS1591: Missing XML comment for publicly visible type or member 'ListRootLocationsRequest.PageSize' [/home/lysander/repos/bannou/bannou-service/bannou-service.csproj]
/home/lysander/repos/bannou/bannou-service/Generated/Models/LocationModels.cs(269,68): warning CS1591: Missing XML comment for publicly visible type or member 'ListRootLocationsRequest.AdditionalProperties' [/home/lysander/repos/bannou/bannou-service/bannou-service.csproj]
/home/lysander/repos/bannou/bannou-service/Generated/Models/LocationModels.cs(278,22): warning CS1591: Missing XML comment for publicly visible type or member 'GetLocationAncestorsRequest' [/home/lysander/repos/bannou/bannou-service/bannou-service.csproj]
/home/lysander/repos/bannou/bannou-service/Generated/Models/LocationModels.cs(292,68): warning CS1591: Missing XML comment for publicly visible type or member 'GetLocationAncestorsRequest.AdditionalProperties' [/home/lysander/repos/bannou/bannou-service/bannou-service.csproj]
/home/lysander/repos/bannou/bannou-service/Generated/Models/LocationModels.cs(301,22): warning CS1591: Missing XML comment for publicly visible type or member 'GetLocationDescendantsRequest' [/home/lysander/repos/bannou/bannou-service/bannou-service.csproj]
/home/lysander/repos/bannou/bannou-service/Generated/Models/LocationModels.cs(327,17): warning CS1591: Missing XML comment for publicly visible type or member 'GetLocationDescendantsRequest.IncludeDeprecated' [/home/lysander/repos/bannou/bannou-service/bannou-service.csproj]
/home/lysander/repos/bannou/bannou-service/Generated/Models/LocationModels.cs(331,16): warning CS1591: Missing XML comment for publicly visible type or member 'GetLocationDescendantsRequest.Page' [/home/lysander/repos/bannou/bannou-service/bannou-service.csproj]
/home/lysander/repos/bannou/bannou-service/Generated/Models/LocationModels.cs(335,16): warning CS1591: Missing XML comment for publicly visible type or member 'GetLocationDescendantsRequest.PageSize' [/home/lysander/repos/bannou/bannou-service/bannou-service.csproj]
/home/lysander/repos/bannou/bannou-service/Generated/Models/LocationModels.cs(340,68): warning CS1591: Missing XML comment for publicly visible type or member 'GetLocationDescendantsRequest.AdditionalProperties' [/home/lysander/repos/bannou/bannou-service/bannou-service.csproj]
/home/lysander/repos/bannou/bannou-service/Generated/Models/LocationModels.cs(349,22): warning CS1591: Missing XML comment for publicly visible type or member 'CreateLocationRequest' [/home/lysander/repos/bannou/bannou-service/bannou-service.csproj]
/home/lysander/repos/bannou/bannou-service/Generated/Models/LocationModels.cs(390,25): warning CS1591: Missing XML comment for publicly visible type or member 'CreateLocationRequest.LocationType' [/home/lysander/repos/bannou/bannou-service/bannou-service.csproj]
/home/lysander/repos/bannou/bannou-service/Generated/Models/LocationModels.cs(407,68): warning CS1591: Missing XML comment for publicly visible type or member 'CreateLocationRequest.AdditionalProperties' [/home/lysander/repos/bannou/bannou-service/bannou-service.csproj]
/home/lysander/repos/bannou/bannou-service/Generated/Models/LocationModels.cs(416,22): warning CS1591: Missing XML comment for publicly visible type or member 'UpdateLocationRequest' [/home/lysander/repos/bannou/bannou-service/bannou-service.csproj]
/home/lysander/repos/bannou/bannou-service/Generated/Models/LocationModels.cs(457,68): warning CS1591: Missing XML comment for publicly visible type or member 'UpdateLocationRequest.AdditionalProperties' [/home/lysander/repos/bannou/bannou-service/bannou-service.csproj]
/home/lysander/repos/bannou/bannou-service/Generated/Models/LocationModels.cs(466,22): warning CS1591: Missing XML comment for publicly visible type or member 'SetLocationParentRequest' [/home/lysander/repos/bannou/bannou-service/bannou-service.csproj]
/home/lysander/repos/bannou/bannou-service/Generated/Models/LocationModels.cs(488,68): warning CS1591: Missing XML comment for publicly visible type or member 'SetLocationParentRequest.AdditionalProperties' [/home/lysander/repos/bannou/bannou-service/bannou-service.csproj]
/home/lysander/repos/bannou/bannou-service/Generated/Models/LocationModels.cs(497,22): warning CS1591: Missing XML comment for publicly visible type or member 'RemoveLocationParentRequest' [/home/lysander/repos/bannou/bannou-service/bannou-service.csproj]
/home/lysander/repos/bannou/bannou-service/Generated/Models/LocationModels.cs(511,68): warning CS1591: Missing XML comment for publicly visible type or member 'RemoveLocationParentRequest.AdditionalProperties' [/home/lysander/repos/bannou/bannou-service/bannou-service.csproj]
/home/lysander/repos/bannou/bannou-service/Generated/Models/LocationModels.cs(520,22): warning CS1591: Missing XML comment for publicly visible type or member 'DeleteLocationRequest' [/home/lysander/repos/bannou/bannou-service/bannou-service.csproj]
/home/lysander/repos/bannou/bannou-service/Generated/Models/LocationModels.cs(534,68): warning CS1591: Missing XML comment for publicly visible type or member 'DeleteLocationRequest.AdditionalProperties' [/home/lysander/repos/bannou/bannou-service/bannou-service.csproj]
/home/lysander/repos/bannou/bannou-service/Generated/Models/LocationModels.cs(543,22): warning CS1591: Missing XML comment for publicly visible type or member 'DeprecateLocationRequest' [/home/lysander/repos/bannou/bannou-service/bannou-service.csproj]
/home/lysander/repos/bannou/bannou-service/Generated/Models/LocationModels.cs(564,68): warning CS1591: Missing XML comment for publicly visible type or member 'DeprecateLocationRequest.AdditionalProperties' [/home/lysander/repos/bannou/bannou-service/bannou-service.csproj]
/home/lysander/repos/bannou/bannou-service/Generated/Models/LocationModels.cs(573,22): warning CS1591: Missing XML comment for publicly visible type or member 'UndeprecateLocationRequest' [/home/lysander/repos/bannou/bannou-service/bannou-service.csproj]
/home/lysander/repos/bannou/bannou-service/Generated/Models/LocationModels.cs(587,68): warning CS1591: Missing XML comment for publicly visible type or member 'UndeprecateLocationRequest.AdditionalProperties' [/home/lysander/repos/bannou/bannou-service/bannou-service.csproj]
/home/lysander/repos/bannou/bannou-service/Generated/Models/LocationModels.cs(596,22): warning CS1591: Missing XML comment for publicly visible type or member 'LocationExistsRequest' [/home/lysander/repos/bannou/bannou-service/bannou-service.csproj]
/home/lysander/repos/bannou/bannou-service/Generated/Models/LocationModels.cs(610,68): warning CS1591: Missing XML comment for publicly visible type or member 'LocationExistsRequest.AdditionalProperties' [/home/lysander/repos/bannou/bannou-service/bannou-service.csproj]
/home/lysander/repos/bannou/bannou-service/Generated/Models/LocationModels.cs(619,22): warning CS1591: Missing XML comment for publicly visible type or member 'LocationExistsResponse' [/home/lysander/repos/bannou/bannou-service/bannou-service.csproj]
/home/lysander/repos/bannou/bannou-service/Generated/Models/LocationModels.cs(649,68): warning CS1591: Missing XML comment for publicly visible type or member 'LocationExistsResponse.AdditionalProperties' [/home/lysander/repos/bannou/bannou-service/bannou-service.csproj]
/home/lysander/repos/bannou/bannou-service/Generated/Models/LocationModels.cs(658,22): warning CS1591: Missing XML comment for publicly visible type or member 'SeedLocationsRequest' [/home/lysander/repos/bannou/bannou-service/bannou-service.csproj]
/home/lysander/repos/bannou/bannou-service/Generated/Models/LocationModels.cs(678,68): warning CS1591: Missing XML comment for publicly visible type or member 'SeedLocationsRequest.AdditionalProperties' [/home/lysander/repos/bannou/bannou-service/bannou-service.csproj]
/home/lysander/repos/bannou/bannou-service/Generated/Models/LocationModels.cs(687,22): warning CS1591: Missing XML comment for publicly visible type or member 'SeedLocation' [/home/lysander/repos/bannou/bannou-service/bannou-service.csproj]
/home/lysander/repos/bannou/bannou-service/Generated/Models/LocationModels.cs(724,25): warning CS1591: Missing XML comment for publicly visible type or member 'SeedLocation.LocationType' [/home/lysander/repos/bannou/bannou-service/bannou-service.csproj]
/home/lysander/repos/bannou/bannou-service/Generated/Models/LocationModels.cs(733,20): warning CS1591: Missing XML comment for publicly visible type or member 'SeedLocation.Metadata' [/home/lysander/repos/bannou/bannou-service/bannou-service.csproj]
/home/lysander/repos/bannou/bannou-service/Generated/Models/LocationModels.cs(738,68): warning CS1591: Missing XML comment for publicly visible type or member 'SeedLocation.AdditionalProperties' [/home/lysander/repos/bannou/bannou-service/bannou-service.csproj]
/home/lysander/repos/bannou/bannou-service/Generated/Models/LocationModels.cs(747,22): warning CS1591: Missing XML comment for publicly visible type or member 'LocationResponse' [/home/lysander/repos/bannou/bannou-service/bannou-service.csproj]
/home/lysander/repos/bannou/bannou-service/Generated/Models/LocationModels.cs(753,24): warning CS1591: Missing XML comment for publicly visible type or member 'LocationResponse.LocationId' [/home/lysander/repos/bannou/bannou-service/bannou-service.csproj]
/home/lysander/repos/bannou/bannou-service/Generated/Models/LocationModels.cs(766,19): warning CS1591: Missing XML comment for publicly visible type or member 'LocationResponse.Code' [/home/lysander/repos/bannou/bannou-service/bannou-service.csproj]
/home/lysander/repos/bannou/bannou-service/Generated/Models/LocationModels.cs(771,19): warning CS1591: Missing XML comment for publicly visible type or member 'LocationResponse.Name' [/home/lysander/repos/bannou/bannou-service/bannou-service.csproj]
/home/lysander/repos/bannou/bannou-service/Generated/Models/LocationModels.cs(774,20): warning CS1591: Missing XML comment for publicly visible type or member 'LocationResponse.Description' [/home/lysander/repos/bannou/bannou-service/bannou-service.csproj]
/home/lysander/repos/bannou/bannou-service/Generated/Models/LocationModels.cs(780,25): warning CS1591: Missing XML comment for publicly visible type or member 'LocationResponse.LocationType' [/home/lysander/repos/bannou/bannou-service/bannou-service.csproj]
/home/lysander/repos/bannou/bannou-service/Generated/Models/LocationModels.cs(813,20): warning CS1591: Missing XML comment for publicly visible type or member 'LocationResponse.Metadata' [/home/lysander/repos/bannou/bannou-service/bannou-service.csproj]
/home/lysander/repos/bannou/bannou-service/Generated/Models/LocationModels.cs(818,34): warning CS1591: Missing XML comment for publicly visible type or member 'LocationResponse.CreatedAt' [/home/lysander/repos/bannou/bannou-service/bannou-service.csproj]
/home/lysander/repos/bannou/bannou-service/Generated/Models/LocationModels.cs(823,34): warning CS1591: Missing XML comment for publicly visible type or member 'LocationResponse.UpdatedAt' [/home/lysander/repos/bannou/bannou-service/bannou-service.csproj]
/home/lysander/repos/bannou/bannou-service/Generated/Models/LocationModels.cs(828,68): warning CS1591: Missing XML comment for publicly visible type or member 'LocationResponse.AdditionalProperties' [/home/lysander/repos/bannou/bannou-service/bannou-service.csproj]
/home/lysander/repos/bannou/bannou-service/Generated/Models/LocationModels.cs(837,22): warning CS1591: Missing XML comment for publicly visible type or member 'LocationListResponse' [/home/lysander/repos/bannou/bannou-service/bannou-service.csproj]
/home/lysander/repos/bannou/bannou-service/Generated/Models/LocationModels.cs(843,69): warning CS1591: Missing XML comment for publicly visible type or member 'LocationListResponse.Locations' [/home/lysander/repos/bannou/bannou-service/bannou-service.csproj]
/home/lysander/repos/bannou/bannou-service/Generated/Models/LocationModels.cs(846,16): warning CS1591: Missing XML comment for publicly visible type or member 'LocationListResponse.TotalCount' [/home/lysander/repos/bannou/bannou-service/bannou-service.csproj]
/home/lysander/repos/bannou/bannou-service/Generated/Models/LocationModels.cs(849,16): warning CS1591: Missing XML comment for publicly visible type or member 'LocationListResponse.Page' [/home/lysander/repos/bannou/bannou-service/bannou-service.csproj]
/home/lysander/repos/bannou/bannou-service/Generated/Models/LocationModels.cs(852,16): warning CS1591: Missing XML comment for publicly visible type or member 'LocationListResponse.PageSize' [/home/lysander/repos/bannou/bannou-service/bannou-service.csproj]
/home/lysander/repos/bannou/bannou-service/Generated/Models/LocationModels.cs(855,17): warning CS1591: Missing XML comment for publicly visible type or member 'LocationListResponse.HasNextPage' [/home/lysander/repos/bannou/bannou-service/bannou-service.csproj]
/home/lysander/repos/bannou/bannou-service/Generated/Models/LocationModels.cs(858,17): warning CS1591: Missing XML comment for publicly visible type or member 'LocationListResponse.HasPreviousPage' [/home/lysander/repos/bannou/bannou-service/bannou-service.csproj]
/home/lysander/repos/bannou/bannou-service/Generated/Models/LocationModels.cs(863,68): warning CS1591: Missing XML comment for publicly visible type or member 'LocationListResponse.AdditionalProperties' [/home/lysander/repos/bannou/bannou-service/bannou-service.csproj]
/home/lysander/repos/bannou/bannou-service/Generated/Models/LocationModels.cs(872,22): warning CS1591: Missing XML comment for publicly visible type or member 'SeedLocationsResponse' [/home/lysander/repos/bannou/bannou-service/bannou-service.csproj]
/home/lysander/repos/bannou/bannou-service/Generated/Models/LocationModels.cs(904,68): warning CS1591: Missing XML comment for publicly visible type or member 'SeedLocationsResponse.AdditionalProperties' [/home/lysander/repos/bannou/bannou-service/bannou-service.csproj]
/home/lysander/repos/bannou/bannou-service/Generated/Clients/MeshClient.cs(19,26): warning CS1591: Missing XML comment for publicly visible type or member 'IMeshClient' [/home/lysander/repos/bannou/bannou-service/bannou-service.csproj]
/home/lysander/repos/bannou/bannou-service/Generated/Clients/MeshClient.cs(32,93): warning CS1573: Parameter 'body' has no matching param tag in the XML comment for 'IMeshClient.GetEndpointsAsync(GetEndpointsRequest, CancellationToken)' (but other parameters do) [/home/lysander/repos/bannou/bannou-service/bannou-service.csproj]
/home/lysander/repos/bannou/bannou-service/Generated/Clients/MeshClient.cs(44,96): warning CS1573: Parameter 'body' has no matching param tag in the XML comment for 'IMeshClient.ListEndpointsAsync(ListEndpointsRequest, CancellationToken)' (but other parameters do) [/home/lysander/repos/bannou/bannou-service/bannou-service.csproj]
/home/lysander/repos/bannou/bannou-service/Generated/Clients/MeshClient.cs(57,105): warning CS1573: Parameter 'body' has no matching param tag in the XML comment for 'IMeshClient.RegisterEndpointAsync(RegisterEndpointRequest, CancellationToken)' (but other parameters do) [/home/lysander/repos/bannou/bannou-service/bannou-service.csproj]
/home/lysander/repos/bannou/bannou-service/Generated/Clients/MeshClient.cs(69,83): warning CS1573: Parameter 'body' has no matching param tag in the XML comment for 'IMeshClient.DeregisterEndpointAsync(DeregisterEndpointRequest, CancellationToken)' (but other parameters do) [/home/lysander/repos/bannou/bannou-service/bannou-service.csproj]
/home/lysander/repos/bannou/bannou-service/Generated/Clients/MeshClient.cs(81,84): warning CS1573: Parameter 'body' has no matching param tag in the XML comment for 'IMeshClient.HeartbeatAsync(HeartbeatRequest, CancellationToken)' (but other parameters do) [/home/lysander/repos/bannou/bannou-service/bannou-service.csproj]
/home/lysander/repos/bannou/bannou-service/Generated/Clients/MeshClient.cs(93,81): warning CS1573: Parameter 'body' has no matching param tag in the XML comment for 'IMeshClient.GetRouteAsync(GetRouteRequest, CancellationToken)' (but other parameters do) [/home/lysander/repos/bannou/bannou-service/bannou-service.csproj]
/home/lysander/repos/bannou/bannou-service/Generated/Clients/MeshClient.cs(105,90): warning CS1573: Parameter 'body' has no matching param tag in the XML comment for 'IMeshClient.GetMappingsAsync(GetMappingsRequest, CancellationToken)' (but other parameters do) [/home/lysander/repos/bannou/bannou-service/bannou-service.csproj]
/home/lysander/repos/bannou/bannou-service/Generated/Clients/MeshClient.cs(119,85): warning CS1573: Parameter 'body' has no matching param tag in the XML comment for 'IMeshClient.GetHealthAsync(GetHealthRequest, CancellationToken)' (but other parameters do) [/home/lysander/repos/bannou/bannou-service/bannou-service.csproj]
/home/lysander/repos/bannou/bannou-service/Generated/Clients/MeshClient.cs(123,22): warning CS1591: Missing XML comment for publicly visible type or member 'MeshClient' [/home/lysander/repos/bannou/bannou-service/bannou-service.csproj]
/home/lysander/repos/bannou/bannou-service/Generated/Clients/MeshClient.cs(143,12): warning CS1591: Missing XML comment for publicly visible type or member 'MeshClient.MeshClient(IMeshInvocationClient, IServiceAppMappingResolver, ILogger<MeshClient>?)' [/home/lysander/repos/bannou/bannou-service/bannou-service.csproj]
/home/lysander/repos/bannou/bannou-service/Generated/Clients/MeshClient.cs(151,54): warning CS1591: Missing XML comment for publicly visible type or member 'MeshClient.JsonSerializerSettings' [/home/lysander/repos/bannou/bannou-service/bannou-service.csproj]
/home/lysander/repos/bannou/bannou-service/Generated/Clients/MeshClient.cs(255,114): warning CS1573: Parameter 'body' has no matching param tag in the XML comment for 'MeshClient.GetEndpointsAsync(GetEndpointsRequest, CancellationToken)' (but other parameters do) [/home/lysander/repos/bannou/bannou-service/bannou-service.csproj]
/home/lysander/repos/bannou/bannou-service/Generated/Clients/MeshClient.cs(344,117): warning CS1573: Parameter 'body' has no matching param tag in the XML comment for 'MeshClient.ListEndpointsAsync(ListEndpointsRequest, CancellationToken)' (but other parameters do) [/home/lysander/repos/bannou/bannou-service/bannou-service.csproj]
/home/lysander/repos/bannou/bannou-service/Generated/Clients/MeshClient.cs(428,126): warning CS1573: Parameter 'body' has no matching param tag in the XML comment for 'MeshClient.RegisterEndpointAsync(RegisterEndpointRequest, CancellationToken)' (but other parameters do) [/home/lysander/repos/bannou/bannou-service/bannou-service.csproj]
/home/lysander/repos/bannou/bannou-service/Generated/Clients/MeshClient.cs(517,104): warning CS1573: Parameter 'body' has no matching param tag in the XML comment for 'MeshClient.DeregisterEndpointAsync(DeregisterEndpointRequest, CancellationToken)' (but other parameters do) [/home/lysander/repos/bannou/bannou-service/bannou-service.csproj]
/home/lysander/repos/bannou/bannou-service/Generated/Clients/MeshClient.cs(600,105): warning CS1573: Parameter 'body' has no matching param tag in the XML comment for 'MeshClient.HeartbeatAsync(HeartbeatRequest, CancellationToken)' (but other parameters do) [/home/lysander/repos/bannou/bannou-service/bannou-service.csproj]
/home/lysander/repos/bannou/bannou-service/Generated/Clients/MeshClient.cs(689,102): warning CS1573: Parameter 'body' has no matching param tag in the XML comment for 'MeshClient.GetRouteAsync(GetRouteRequest, CancellationToken)' (but other parameters do) [/home/lysander/repos/bannou/bannou-service/bannou-service.csproj]
/home/lysander/repos/bannou/bannou-service/Generated/Clients/MeshClient.cs(778,111): warning CS1573: Parameter 'body' has no matching param tag in the XML comment for 'MeshClient.GetMappingsAsync(GetMappingsRequest, CancellationToken)' (but other parameters do) [/home/lysander/repos/bannou/bannou-service/bannou-service.csproj]
/home/lysander/repos/bannou/bannou-service/Generated/Clients/MeshClient.cs(863,106): warning CS1573: Parameter 'body' has no matching param tag in the XML comment for 'MeshClient.GetHealthAsync(GetHealthRequest, CancellationToken)' (but other parameters do) [/home/lysander/repos/bannou/bannou-service/bannou-service.csproj]
/home/lysander/repos/bannou/bannou-service/Generated/Clients/MeshClient.cs(936,22): warning CS1591: Missing XML comment for publicly visible type or member 'MeshClient.ObjectResponseResult<T>' [/home/lysander/repos/bannou/bannou-service/bannou-service.csproj]
/home/lysander/repos/bannou/bannou-service/Generated/Clients/MeshClient.cs(938,16): warning CS1591: Missing XML comment for publicly visible type or member 'MeshClient.ObjectResponseResult<T>.ObjectResponseResult(T, string)' [/home/lysander/repos/bannou/bannou-service/bannou-service.csproj]
/home/lysander/repos/bannou/bannou-service/Generated/Clients/MeshClient.cs(944,18): warning CS1591: Missing XML comment for publicly visible type or member 'MeshClient.ObjectResponseResult<T>.Object' [/home/lysander/repos/bannou/bannou-service/bannou-service.csproj]
/home/lysander/repos/bannou/bannou-service/Generated/Clients/MeshClient.cs(946,23): warning CS1591: Missing XML comment for publicly visible type or member 'MeshClient.ObjectResponseResult<T>.Text' [/home/lysander/repos/bannou/bannou-service/bannou-service.csproj]
/home/lysander/repos/bannou/bannou-service/Generated/Clients/MeshClient.cs(969,17): warning CS1591: Missing XML comment for publicly visible type or member 'MeshClient.ReadResponseAsString' [/home/lysander/repos/bannou/bannou-service/bannou-service.csproj]
/home/lysander/repos/bannou/bannou-service/Generated/Clients/MeshClient.cs(971,86): warning CS1591: Missing XML comment for publicly visible type or member 'MeshClient.ReadObjectResponseAsync<T>(HttpResponseMessage, IReadOnlyDictionary<string, IEnumerable<string>>, CancellationToken)' [/home/lysander/repos/bannou/bannou-service/bannou-service.csproj]
/home/lysander/repos/bannou/bannou-service/Generated/Models/MeshModels.cs(58,27): warning CS1591: Missing XML comment for publicly visible type or member 'MeshEndpoint.Status' [/home/lysander/repos/bannou/bannou-service/bannou-service.csproj]
/home/lysander/repos/bannou/bannou-service/Generated/Models/MeshModels.cs(99,68): warning CS1591: Missing XML comment for publicly visible type or member 'MeshEndpoint.AdditionalProperties' [/home/lysander/repos/bannou/bannou-service/bannou-service.csproj]
/home/lysander/repos/bannou/bannou-service/Generated/Models/MeshModels.cs(115,5): warning CS1591: Missing XML comment for publicly visible type or member 'EndpointStatus.Healthy' [/home/lysander/repos/bannou/bannou-service/bannou-service.csproj]
/home/lysander/repos/bannou/bannou-service/Generated/Models/MeshModels.cs(118,5): warning CS1591: Missing XML comment for publicly visible type or member 'EndpointStatus.Degraded' [/home/lysander/repos/bannou/bannou-service/bannou-service.csproj]
/home/lysander/repos/bannou/bannou-service/Generated/Models/MeshModels.cs(121,5): warning CS1591: Missing XML comment for publicly visible type or member 'EndpointStatus.Unavailable' [/home/lysander/repos/bannou/bannou-service/bannou-service.csproj]
/home/lysander/repos/bannou/bannou-service/Generated/Models/MeshModels.cs(124,5): warning CS1591: Missing XML comment for publicly visible type or member 'EndpointStatus.ShuttingDown' [/home/lysander/repos/bannou/bannou-service/bannou-service.csproj]
/home/lysander/repos/bannou/bannou-service/Generated/Models/MeshModels.cs(136,5): warning CS1591: Missing XML comment for publicly visible type or member 'LoadBalancerAlgorithm.RoundRobin' [/home/lysander/repos/bannou/bannou-service/bannou-service.csproj]
/home/lysander/repos/bannou/bannou-service/Generated/Models/MeshModels.cs(139,5): warning CS1591: Missing XML comment for publicly visible type or member 'LoadBalancerAlgorithm.LeastConnections' [/home/lysander/repos/bannou/bannou-service/bannou-service.csproj]
/home/lysander/repos/bannou/bannou-service/Generated/Models/MeshModels.cs(142,5): warning CS1591: Missing XML comment for publicly visible type or member 'LoadBalancerAlgorithm.Weighted' [/home/lysander/repos/bannou/bannou-service/bannou-service.csproj]
/home/lysander/repos/bannou/bannou-service/Generated/Models/MeshModels.cs(145,5): warning CS1591: Missing XML comment for publicly visible type or member 'LoadBalancerAlgorithm.Random' [/home/lysander/repos/bannou/bannou-service/bannou-service.csproj]
/home/lysander/repos/bannou/bannou-service/Generated/Models/MeshModels.cs(179,68): warning CS1591: Missing XML comment for publicly visible type or member 'GetEndpointsRequest.AdditionalProperties' [/home/lysander/repos/bannou/bannou-service/bannou-service.csproj]
/home/lysander/repos/bannou/bannou-service/Generated/Models/MeshModels.cs(197,19): warning CS1591: Missing XML comment for publicly visible type or member 'GetEndpointsResponse.AppId' [/home/lysander/repos/bannou/bannou-service/bannou-service.csproj]
/home/lysander/repos/bannou/bannou-service/Generated/Models/MeshModels.cs(202,65): warning CS1591: Missing XML comment for publicly visible type or member 'GetEndpointsResponse.Endpoints' [/home/lysander/repos/bannou/bannou-service/bannou-service.csproj]
/home/lysander/repos/bannou/bannou-service/Generated/Models/MeshModels.cs(219,68): warning CS1591: Missing XML comment for publicly visible type or member 'GetEndpointsResponse.AdditionalProperties' [/home/lysander/repos/bannou/bannou-service/bannou-service.csproj]
/home/lysander/repos/bannou/bannou-service/Generated/Models/MeshModels.cs(236,27): warning CS1591: Missing XML comment for publicly visible type or member 'ListEndpointsRequest.StatusFilter' [/home/lysander/repos/bannou/bannou-service/bannou-service.csproj]
/home/lysander/repos/bannou/bannou-service/Generated/Models/MeshModels.cs(247,68): warning CS1591: Missing XML comment for publicly visible type or member 'ListEndpointsRequest.AdditionalProperties' [/home/lysander/repos/bannou/bannou-service/bannou-service.csproj]
/home/lysander/repos/bannou/bannou-service/Generated/Models/MeshModels.cs(265,65): warning CS1591: Missing XML comment for publicly visible type or member 'ListEndpointsResponse.Endpoints' [/home/lysander/repos/bannou/bannou-service/bannou-service.csproj]
/home/lysander/repos/bannou/bannou-service/Generated/Models/MeshModels.cs(270,28): warning CS1591: Missing XML comment for publicly visible type or member 'ListEndpointsResponse.Summary' [/home/lysander/repos/bannou/bannou-service/bannou-service.csproj]
/home/lysander/repos/bannou/bannou-service/Generated/Models/MeshModels.cs(275,68): warning CS1591: Missing XML comment for publicly visible type or member 'ListEndpointsResponse.AdditionalProperties' [/home/lysander/repos/bannou/bannou-service/bannou-service.csproj]
/home/lysander/repos/bannou/bannou-service/Generated/Models/MeshModels.cs(291,16): warning CS1591: Missing XML comment for publicly visible type or member 'EndpointSummary.TotalEndpoints' [/home/lysander/repos/bannou/bannou-service/bannou-service.csproj]
/home/lysander/repos/bannou/bannou-service/Generated/Models/MeshModels.cs(294,16): warning CS1591: Missing XML comment for publicly visible type or member 'EndpointSummary.HealthyCount' [/home/lysander/repos/bannou/bannou-service/bannou-service.csproj]
/home/lysander/repos/bannou/bannou-service/Generated/Models/MeshModels.cs(297,16): warning CS1591: Missing XML comment for publicly visible type or member 'EndpointSummary.DegradedCount' [/home/lysander/repos/bannou/bannou-service/bannou-service.csproj]
/home/lysander/repos/bannou/bannou-service/Generated/Models/MeshModels.cs(300,16): warning CS1591: Missing XML comment for publicly visible type or member 'EndpointSummary.UnavailableCount' [/home/lysander/repos/bannou/bannou-service/bannou-service.csproj]
/home/lysander/repos/bannou/bannou-service/Generated/Models/MeshModels.cs(303,16): warning CS1591: Missing XML comment for publicly visible type or member 'EndpointSummary.UniqueAppIds' [/home/lysander/repos/bannou/bannou-service/bannou-service.csproj]
/home/lysander/repos/bannou/bannou-service/Generated/Models/MeshModels.cs(308,68): warning CS1591: Missing XML comment for publicly visible type or member 'EndpointSummary.AdditionalProperties' [/home/lysander/repos/bannou/bannou-service/bannou-service.csproj]
/home/lysander/repos/bannou/bannou-service/Generated/Models/MeshModels.cs(374,68): warning CS1591: Missing XML comment for publicly visible type or member 'RegisterEndpointRequest.AdditionalProperties' [/home/lysander/repos/bannou/bannou-service/bannou-service.csproj]
/home/lysander/repos/bannou/bannou-service/Generated/Models/MeshModels.cs(390,17): warning CS1591: Missing XML comment for publicly visible type or member 'RegisterEndpointResponse.Success' [/home/lysander/repos/bannou/bannou-service/bannou-service.csproj]
/home/lysander/repos/bannou/bannou-service/Generated/Models/MeshModels.cs(395,25): warning CS1591: Missing XML comment for publicly visible type or member 'RegisterEndpointResponse.Endpoint' [/home/lysander/repos/bannou/bannou-service/bannou-service.csproj]
/home/lysander/repos/bannou/bannou-service/Generated/Models/MeshModels.cs(406,68): warning CS1591: Missing XML comment for publicly visible type or member 'RegisterEndpointResponse.AdditionalProperties' [/home/lysander/repos/bannou/bannou-service/bannou-service.csproj]
/home/lysander/repos/bannou/bannou-service/Generated/Models/MeshModels.cs(432,68): warning CS1591: Missing XML comment for publicly visible type or member 'DeregisterEndpointRequest.AdditionalProperties' [/home/lysander/repos/bannou/bannou-service/bannou-service.csproj]
/home/lysander/repos/bannou/bannou-service/Generated/Models/MeshModels.cs(450,24): warning CS1591: Missing XML comment for publicly visible type or member 'HeartbeatRequest.InstanceId' [/home/lysander/repos/bannou/bannou-service/bannou-service.csproj]
/home/lysander/repos/bannou/bannou-service/Generated/Models/MeshModels.cs(454,27): warning CS1591: Missing XML comment for publicly visible type or member 'HeartbeatRequest.Status' [/home/lysander/repos/bannou/bannou-service/bannou-service.csproj]
/home/lysander/repos/bannou/bannou-service/Generated/Models/MeshModels.cs(477,68): warning CS1591: Missing XML comment for publicly visible type or member 'HeartbeatRequest.AdditionalProperties' [/home/lysander/repos/bannou/bannou-service/bannou-service.csproj]
/home/lysander/repos/bannou/bannou-service/Generated/Models/MeshModels.cs(493,17): warning CS1591: Missing XML comment for publicly visible type or member 'HeartbeatResponse.Success' [/home/lysander/repos/bannou/bannou-service/bannou-service.csproj]
/home/lysander/repos/bannou/bannou-service/Generated/Models/MeshModels.cs(510,68): warning CS1591: Missing XML comment for publicly visible type or member 'HeartbeatResponse.AdditionalProperties' [/home/lysander/repos/bannou/bannou-service/bannou-service.csproj]
/home/lysander/repos/bannou/bannou-service/Generated/Models/MeshModels.cs(541,34): warning CS1591: Missing XML comment for publicly visible type or member 'GetRouteRequest.Algorithm' [/home/lysander/repos/bannou/bannou-service/bannou-service.csproj]
/home/lysander/repos/bannou/bannou-service/Generated/Models/MeshModels.cs(546,68): warning CS1591: Missing XML comment for publicly visible type or member 'GetRouteRequest.AdditionalProperties' [/home/lysander/repos/bannou/bannou-service/bannou-service.csproj]
/home/lysander/repos/bannou/bannou-service/Generated/Models/MeshModels.cs(564,25): warning CS1591: Missing XML comment for publicly visible type or member 'GetRouteResponse.Endpoint' [/home/lysander/repos/bannou/bannou-service/bannou-service.csproj]
/home/lysander/repos/bannou/bannou-service/Generated/Models/MeshModels.cs(575,68): warning CS1591: Missing XML comment for publicly visible type or member 'GetRouteResponse.AdditionalProperties' [/home/lysander/repos/bannou/bannou-service/bannou-service.csproj]
/home/lysander/repos/bannou/bannou-service/Generated/Models/MeshModels.cs(599,68): warning CS1591: Missing XML comment for publicly visible type or member 'GetMappingsRequest.AdditionalProperties' [/home/lysander/repos/bannou/bannou-service/bannou-service.csproj]
/home/lysander/repos/bannou/bannou-service/Generated/Models/MeshModels.cs(637,68): warning CS1591: Missing XML comment for publicly visible type or member 'GetMappingsResponse.AdditionalProperties' [/home/lysander/repos/bannou/bannou-service/bannou-service.csproj]
/home/lysander/repos/bannou/bannou-service/Generated/Models/MeshModels.cs(661,68): warning CS1591: Missing XML comment for publicly visible type or member 'GetHealthRequest.AdditionalProperties' [/home/lysander/repos/bannou/bannou-service/bannou-service.csproj]
/home/lysander/repos/bannou/bannou-service/Generated/Models/MeshModels.cs(680,27): warning CS1591: Missing XML comment for publicly visible type or member 'MeshHealthResponse.Status' [/home/lysander/repos/bannou/bannou-service/bannou-service.csproj]
/home/lysander/repos/bannou/bannou-service/Generated/Models/MeshModels.cs(685,28): warning CS1591: Missing XML comment for publicly visible type or member 'MeshHealthResponse.Summary' [/home/lysander/repos/bannou/bannou-service/bannou-service.csproj]
/home/lysander/repos/bannou/bannou-service/Generated/Models/MeshModels.cs(694,34): warning CS1591: Missing XML comment for publicly visible type or member 'MeshHealthResponse.LastUpdateTime' [/home/lysander/repos/bannou/bannou-service/bannou-service.csproj]
/home/lysander/repos/bannou/bannou-service/Generated/Models/MeshModels.cs(711,68): warning CS1591: Missing XML comment for publicly visible type or member 'MeshHealthResponse.AdditionalProperties' [/home/lysander/repos/bannou/bannou-service/bannou-service.csproj]
/home/lysander/repos/bannou/bannou-service/Generated/Clients/MessagingClient.cs(19,26): warning CS1591: Missing XML comment for publicly visible type or member 'IMessagingClient' [/home/lysander/repos/bannou/bannou-service/bannou-service.csproj]
/home/lysander/repos/bannou/bannou-service/Generated/Clients/MessagingClient.cs(28,93): warning CS1573: Parameter 'body' has no matching param tag in the XML comment for 'IMessagingClient.PublishEventAsync(PublishEventRequest, CancellationToken)' (but other parameters do) [/home/lysander/repos/bannou/bannou-service/bannou-service.csproj]
/home/lysander/repos/bannou/bannou-service/Generated/Clients/MessagingClient.cs(36,111): warning CS1573: Parameter 'body' has no matching param tag in the XML comment for 'IMessagingClient.CreateSubscriptionAsync(CreateSubscriptionRequest, CancellationToken)' (but other parameters do) [/home/lysander/repos/bannou/bannou-service/bannou-service.csproj]
/home/lysander/repos/bannou/bannou-service/Generated/Clients/MessagingClient.cs(44,111): warning CS1573: Parameter 'body' has no matching param tag in the XML comment for 'IMessagingClient.RemoveSubscriptionAsync(RemoveSubscriptionRequest, CancellationToken)' (but other parameters do) [/home/lysander/repos/bannou/bannou-service/bannou-service.csproj]
/home/lysander/repos/bannou/bannou-service/Generated/Clients/MessagingClient.cs(52,88): warning CS1573: Parameter 'body' has no matching param tag in the XML comment for 'IMessagingClient.ListTopicsAsync(ListTopicsRequest?, CancellationToken)' (but other parameters do) [/home/lysander/repos/bannou/bannou-service/bannou-service.csproj]
/home/lysander/repos/bannou/bannou-service/Generated/Clients/MessagingClient.cs(56,22): warning CS1591: Missing XML comment for publicly visible type or member 'MessagingClient' [/home/lysander/repos/bannou/bannou-service/bannou-service.csproj]
/home/lysander/repos/bannou/bannou-service/Generated/Clients/MessagingClient.cs(76,12): warning CS1591: Missing XML comment for publicly visible type or member 'MessagingClient.MessagingClient(IMeshInvocationClient, IServiceAppMappingResolver, ILogger<MessagingClient>?)' [/home/lysander/repos/bannou/bannou-service/bannou-service.csproj]
/home/lysander/repos/bannou/bannou-service/Generated/Clients/MessagingClient.cs(84,54): warning CS1591: Missing XML comment for publicly visible type or member 'MessagingClient.JsonSerializerSettings' [/home/lysander/repos/bannou/bannou-service/bannou-service.csproj]
/home/lysander/repos/bannou/bannou-service/Generated/Clients/MessagingClient.cs(184,114): warning CS1573: Parameter 'body' has no matching param tag in the XML comment for 'MessagingClient.PublishEventAsync(PublishEventRequest, CancellationToken)' (but other parameters do) [/home/lysander/repos/bannou/bannou-service/bannou-service.csproj]
/home/lysander/repos/bannou/bannou-service/Generated/Clients/MessagingClient.cs(263,132): warning CS1573: Parameter 'body' has no matching param tag in the XML comment for 'MessagingClient.CreateSubscriptionAsync(CreateSubscriptionRequest, CancellationToken)' (but other parameters do) [/home/lysander/repos/bannou/bannou-service/bannou-service.csproj]
/home/lysander/repos/bannou/bannou-service/Generated/Clients/MessagingClient.cs(342,132): warning CS1573: Parameter 'body' has no matching param tag in the XML comment for 'MessagingClient.RemoveSubscriptionAsync(RemoveSubscriptionRequest, CancellationToken)' (but other parameters do) [/home/lysander/repos/bannou/bannou-service/bannou-service.csproj]
/home/lysander/repos/bannou/bannou-service/Generated/Clients/MessagingClient.cs(421,109): warning CS1573: Parameter 'body' has no matching param tag in the XML comment for 'MessagingClient.ListTopicsAsync(ListTopicsRequest?, CancellationToken)' (but other parameters do) [/home/lysander/repos/bannou/bannou-service/bannou-service.csproj]
/home/lysander/repos/bannou/bannou-service/Generated/Clients/MessagingClient.cs(491,22): warning CS1591: Missing XML comment for publicly visible type or member 'MessagingClient.ObjectResponseResult<T>' [/home/lysander/repos/bannou/bannou-service/bannou-service.csproj]
/home/lysander/repos/bannou/bannou-service/Generated/Clients/MessagingClient.cs(493,16): warning CS1591: Missing XML comment for publicly visible type or member 'MessagingClient.ObjectResponseResult<T>.ObjectResponseResult(T, string)' [/home/lysander/repos/bannou/bannou-service/bannou-service.csproj]
/home/lysander/repos/bannou/bannou-service/Generated/Clients/MessagingClient.cs(499,18): warning CS1591: Missing XML comment for publicly visible type or member 'MessagingClient.ObjectResponseResult<T>.Object' [/home/lysander/repos/bannou/bannou-service/bannou-service.csproj]
/home/lysander/repos/bannou/bannou-service/Generated/Clients/MessagingClient.cs(501,23): warning CS1591: Missing XML comment for publicly visible type or member 'MessagingClient.ObjectResponseResult<T>.Text' [/home/lysander/repos/bannou/bannou-service/bannou-service.csproj]
/home/lysander/repos/bannou/bannou-service/Generated/Clients/MessagingClient.cs(524,17): warning CS1591: Missing XML comment for publicly visible type or member 'MessagingClient.ReadResponseAsString' [/home/lysander/repos/bannou/bannou-service/bannou-service.csproj]
/home/lysander/repos/bannou/bannou-service/Generated/Clients/MessagingClient.cs(526,86): warning CS1591: Missing XML comment for publicly visible type or member 'MessagingClient.ReadObjectResponseAsync<T>(HttpResponseMessage, IReadOnlyDictionary<string, IEnumerable<string>>, CancellationToken)' [/home/lysander/repos/bannou/bannou-service/bannou-service.csproj]
/home/lysander/repos/bannou/bannou-service/Generated/Models/MessagingModels.cs(18,22): warning CS1591: Missing XML comment for publicly visible type or member 'PublishEventRequest' [/home/lysander/repos/bannou/bannou-service/bannou-service.csproj]
/home/lysander/repos/bannou/bannou-service/Generated/Models/MessagingModels.cs(38,27): warning CS1591: Missing XML comment for publicly visible type or member 'PublishEventRequest.Options' [/home/lysander/repos/bannou/bannou-service/bannou-service.csproj]
/home/lysander/repos/bannou/bannou-service/Generated/Models/MessagingModels.cs(43,68): warning CS1591: Missing XML comment for publicly visible type or member 'PublishEventRequest.AdditionalProperties' [/home/lysander/repos/bannou/bannou-service/bannou-service.csproj]
/home/lysander/repos/bannou/bannou-service/Generated/Models/MessagingModels.cs(111,68): warning CS1591: Missing XML comment for publicly visible type or member 'PublishOptions.AdditionalProperties' [/home/lysander/repos/bannou/bannou-service/bannou-service.csproj]
/home/lysander/repos/bannou/bannou-service/Generated/Models/MessagingModels.cs(120,22): warning CS1591: Missing XML comment for publicly visible type or member 'PublishEventResponse' [/home/lysander/repos/bannou/bannou-service/bannou-service.csproj]
/home/lysander/repos/bannou/bannou-service/Generated/Models/MessagingModels.cs(124,17): warning CS1591: Missing XML comment for publicly visible type or member 'PublishEventResponse.Success' [/home/lysander/repos/bannou/bannou-service/bannou-service.csproj]
/home/lysander/repos/bannou/bannou-service/Generated/Models/MessagingModels.cs(127,24): warning CS1591: Missing XML comment for publicly visible type or member 'PublishEventResponse.MessageId' [/home/lysander/repos/bannou/bannou-service/bannou-service.csproj]
/home/lysander/repos/bannou/bannou-service/Generated/Models/MessagingModels.cs(132,68): warning CS1591: Missing XML comment for publicly visible type or member 'PublishEventResponse.AdditionalProperties' [/home/lysander/repos/bannou/bannou-service/bannou-service.csproj]
/home/lysander/repos/bannou/bannou-service/Generated/Models/MessagingModels.cs(141,22): warning CS1591: Missing XML comment for publicly visible type or member 'CreateSubscriptionRequest' [/home/lysander/repos/bannou/bannou-service/bannou-service.csproj]
/home/lysander/repos/bannou/bannou-service/Generated/Models/MessagingModels.cs(147,19): warning CS1591: Missing XML comment for publicly visible type or member 'CreateSubscriptionRequest.Topic' [/home/lysander/repos/bannou/bannou-service/bannou-service.csproj]
/home/lysander/repos/bannou/bannou-service/Generated/Models/MessagingModels.cs(158,32): warning CS1591: Missing XML comment for publicly visible type or member 'CreateSubscriptionRequest.Options' [/home/lysander/repos/bannou/bannou-service/bannou-service.csproj]
/home/lysander/repos/bannou/bannou-service/Generated/Models/MessagingModels.cs(163,68): warning CS1591: Missing XML comment for publicly visible type or member 'CreateSubscriptionRequest.AdditionalProperties' [/home/lysander/repos/bannou/bannou-service/bannou-service.csproj]
/home/lysander/repos/bannou/bannou-service/Generated/Models/MessagingModels.cs(217,68): warning CS1591: Missing XML comment for publicly visible type or member 'SubscriptionOptions.AdditionalProperties' [/home/lysander/repos/bannou/bannou-service/bannou-service.csproj]
/home/lysander/repos/bannou/bannou-service/Generated/Models/MessagingModels.cs(226,22): warning CS1591: Missing XML comment for publicly visible type or member 'CreateSubscriptionResponse' [/home/lysander/repos/bannou/bannou-service/bannou-service.csproj]
/home/lysander/repos/bannou/bannou-service/Generated/Models/MessagingModels.cs(230,24): warning CS1591: Missing XML comment for publicly visible type or member 'CreateSubscriptionResponse.SubscriptionId' [/home/lysander/repos/bannou/bannou-service/bannou-service.csproj]
/home/lysander/repos/bannou/bannou-service/Generated/Models/MessagingModels.cs(233,19): warning CS1591: Missing XML comment for publicly visible type or member 'CreateSubscriptionResponse.QueueName' [/home/lysander/repos/bannou/bannou-service/bannou-service.csproj]
/home/lysander/repos/bannou/bannou-service/Generated/Models/MessagingModels.cs(238,68): warning CS1591: Missing XML comment for publicly visible type or member 'CreateSubscriptionResponse.AdditionalProperties' [/home/lysander/repos/bannou/bannou-service/bannou-service.csproj]
/home/lysander/repos/bannou/bannou-service/Generated/Models/MessagingModels.cs(247,22): warning CS1591: Missing XML comment for publicly visible type or member 'RemoveSubscriptionRequest' [/home/lysander/repos/bannou/bannou-service/bannou-service.csproj]
/home/lysander/repos/bannou/bannou-service/Generated/Models/MessagingModels.cs(253,24): warning CS1591: Missing XML comment for publicly visible type or member 'RemoveSubscriptionRequest.SubscriptionId' [/home/lysander/repos/bannou/bannou-service/bannou-service.csproj]
/home/lysander/repos/bannou/bannou-service/Generated/Models/MessagingModels.cs(258,68): warning CS1591: Missing XML comment for publicly visible type or member 'RemoveSubscriptionRequest.AdditionalProperties' [/home/lysander/repos/bannou/bannou-service/bannou-service.csproj]
/home/lysander/repos/bannou/bannou-service/Generated/Models/MessagingModels.cs(267,22): warning CS1591: Missing XML comment for publicly visible type or member 'RemoveSubscriptionResponse' [/home/lysander/repos/bannou/bannou-service/bannou-service.csproj]
/home/lysander/repos/bannou/bannou-service/Generated/Models/MessagingModels.cs(271,17): warning CS1591: Missing XML comment for publicly visible type or member 'RemoveSubscriptionResponse.Success' [/home/lysander/repos/bannou/bannou-service/bannou-service.csproj]
/home/lysander/repos/bannou/bannou-service/Generated/Models/MessagingModels.cs(276,68): warning CS1591: Missing XML comment for publicly visible type or member 'RemoveSubscriptionResponse.AdditionalProperties' [/home/lysander/repos/bannou/bannou-service/bannou-service.csproj]
/home/lysander/repos/bannou/bannou-service/Generated/Models/MessagingModels.cs(306,68): warning CS1591: Missing XML comment for publicly visible type or member 'ListTopicsRequest.AdditionalProperties' [/home/lysander/repos/bannou/bannou-service/bannou-service.csproj]
/home/lysander/repos/bannou/bannou-service/Generated/Models/MessagingModels.cs(315,22): warning CS1591: Missing XML comment for publicly visible type or member 'ListTopicsResponse' [/home/lysander/repos/bannou/bannou-service/bannou-service.csproj]
/home/lysander/repos/bannou/bannou-service/Generated/Models/MessagingModels.cs(319,62): warning CS1591: Missing XML comment for publicly visible type or member 'ListTopicsResponse.Topics' [/home/lysander/repos/bannou/bannou-service/bannou-service.csproj]
/home/lysander/repos/bannou/bannou-service/Generated/Models/MessagingModels.cs(324,68): warning CS1591: Missing XML comment for publicly visible type or member 'ListTopicsResponse.AdditionalProperties' [/home/lysander/repos/bannou/bannou-service/bannou-service.csproj]
/home/lysander/repos/bannou/bannou-service/Generated/Models/MessagingModels.cs(333,22): warning CS1591: Missing XML comment for publicly visible type or member 'TopicInfo' [/home/lysander/repos/bannou/bannou-service/bannou-service.csproj]
/home/lysander/repos/bannou/bannou-service/Generated/Models/MessagingModels.cs(337,19): warning CS1591: Missing XML comment for publicly visible type or member 'TopicInfo.Name' [/home/lysander/repos/bannou/bannou-service/bannou-service.csproj]
/home/lysander/repos/bannou/bannou-service/Generated/Models/MessagingModels.cs(340,16): warning CS1591: Missing XML comment for publicly visible type or member 'TopicInfo.MessageCount' [/home/lysander/repos/bannou/bannou-service/bannou-service.csproj]
/home/lysander/repos/bannou/bannou-service/Generated/Models/MessagingModels.cs(343,16): warning CS1591: Missing XML comment for publicly visible type or member 'TopicInfo.ConsumerCount' [/home/lysander/repos/bannou/bannou-service/bannou-service.csproj]
/home/lysander/repos/bannou/bannou-service/Generated/Models/MessagingModels.cs(348,68): warning CS1591: Missing XML comment for publicly visible type or member 'TopicInfo.AdditionalProperties' [/home/lysander/repos/bannou/bannou-service/bannou-service.csproj]
/home/lysander/repos/bannou/bannou-service/Generated/Models/MessagingModels.cs(357,13): warning CS1591: Missing XML comment for publicly visible type or member 'PublishOptionsExchangeType' [/home/lysander/repos/bannou/bannou-service/bannou-service.csproj]
/home/lysander/repos/bannou/bannou-service/Generated/Models/MessagingModels.cs(361,5): warning CS1591: Missing XML comment for publicly visible type or member 'PublishOptionsExchangeType.Fanout' [/home/lysander/repos/bannou/bannou-service/bannou-service.csproj]
/home/lysander/repos/bannou/bannou-service/Generated/Models/MessagingModels.cs(364,5): warning CS1591: Missing XML comment for publicly visible type or member 'PublishOptionsExchangeType.Direct' [/home/lysander/repos/bannou/bannou-service/bannou-service.csproj]
/home/lysander/repos/bannou/bannou-service/Generated/Models/MessagingModels.cs(367,5): warning CS1591: Missing XML comment for publicly visible type or member 'PublishOptionsExchangeType.Topic' [/home/lysander/repos/bannou/bannou-service/bannou-service.csproj]
/home/lysander/repos/bannou/bannou-service/Generated/Clients/OrchestratorClient.cs(19,26): warning CS1591: Missing XML comment for publicly visible type or member 'IOrchestratorClient' [/home/lysander/repos/bannou/bannou-service/bannou-service.csproj]
/home/lysander/repos/bannou/bannou-service/Generated/Clients/OrchestratorClient.cs(34,120): warning CS1573: Parameter 'body' has no matching param tag in the XML comment for 'IOrchestratorClient.GetInfrastructureHealthAsync(InfrastructureHealthRequest, CancellationToken)' (but other parameters do) [/home/lysander/repos/bannou/bannou-service/bannou-service.csproj]
/home/lysander/repos/bannou/bannou-service/Generated/Clients/OrchestratorClient.cs(46,98): warning CS1573: Parameter 'body' has no matching param tag in the XML comment for 'IOrchestratorClient.GetServicesHealthAsync(ServiceHealthRequest, CancellationToken)' (but other parameters do) [/home/lysander/repos/bannou/bannou-service/bannou-service.csproj]
/home/lysander/repos/bannou/bannou-service/Generated/Clients/OrchestratorClient.cs(60,97): warning CS1573: Parameter 'body' has no matching param tag in the XML comment for 'IOrchestratorClient.RestartServiceAsync(ServiceRestartRequest, CancellationToken)' (but other parameters do) [/home/lysander/repos/bannou/bannou-service/bannou-service.csproj]
/home/lysander/repos/bannou/bannou-service/Generated/Clients/OrchestratorClient.cs(77,110): warning CS1573: Parameter 'body' has no matching param tag in the XML comment for 'IOrchestratorClient.ShouldRestartServiceAsync(ShouldRestartServiceRequest, CancellationToken)' (but other parameters do) [/home/lysander/repos/bannou/bannou-service/bannou-service.csproj]
/home/lysander/repos/bannou/bannou-service/Generated/Clients/OrchestratorClient.cs(101,88): warning CS1573: Parameter 'body' has no matching param tag in the XML comment for 'IOrchestratorClient.GetBackendsAsync(ListBackendsRequest, CancellationToken)' (but other parameters do) [/home/lysander/repos/bannou/bannou-service/bannou-service.csproj]
/home/lysander/repos/bannou/bannou-service/Generated/Clients/OrchestratorClient.cs(121,85): warning CS1573: Parameter 'body' has no matching param tag in the XML comment for 'IOrchestratorClient.GetPresetsAsync(ListPresetsRequest, CancellationToken)' (but other parameters do) [/home/lysander/repos/bannou/bannou-service/bannou-service.csproj]
/home/lysander/repos/bannou/bannou-service/Generated/Clients/OrchestratorClient.cs(148,75): warning CS1573: Parameter 'body' has no matching param tag in the XML comment for 'IOrchestratorClient.DeployAsync(DeployRequest, CancellationToken)' (but other parameters do) [/home/lysander/repos/bannou/bannou-service/bannou-service.csproj]
/home/lysander/repos/bannou/bannou-service/Generated/Clients/OrchestratorClient.cs(168,105): warning CS1573: Parameter 'body' has no matching param tag in the XML comment for 'IOrchestratorClient.GetServiceRoutingAsync(GetServiceRoutingRequest, CancellationToken)' (but other parameters do) [/home/lysander/repos/bannou/bannou-service/bannou-service.csproj]
/home/lysander/repos/bannou/bannou-service/Generated/Clients/OrchestratorClient.cs(184,84): warning CS1573: Parameter 'body' has no matching param tag in the XML comment for 'IOrchestratorClient.GetStatusAsync(GetStatusRequest, CancellationToken)' (but other parameters do) [/home/lysander/repos/bannou/bannou-service/bannou-service.csproj]
/home/lysander/repos/bannou/bannou-service/Generated/Clients/OrchestratorClient.cs(201,81): warning CS1573: Parameter 'body' has no matching param tag in the XML comment for 'IOrchestratorClient.TeardownAsync(TeardownRequest, CancellationToken)' (but other parameters do) [/home/lysander/repos/bannou/bannou-service/bannou-service.csproj]
/home/lysander/repos/bannou/bannou-service/Generated/Clients/OrchestratorClient.cs(222,72): warning CS1573: Parameter 'body' has no matching param tag in the XML comment for 'IOrchestratorClient.CleanAsync(CleanRequest, CancellationToken)' (but other parameters do) [/home/lysander/repos/bannou/bannou-service/bannou-service.csproj]
/home/lysander/repos/bannou/bannou-service/Generated/Clients/OrchestratorClient.cs(234,75): warning CS1573: Parameter 'body' has no matching param tag in the XML comment for 'IOrchestratorClient.GetLogsAsync(GetLogsRequest, CancellationToken)' (but other parameters do) [/home/lysander/repos/bannou/bannou-service/bannou-service.csproj]
/home/lysander/repos/bannou/bannou-service/Generated/Clients/OrchestratorClient.cs(252,99): warning CS1573: Parameter 'body' has no matching param tag in the XML comment for 'IOrchestratorClient.UpdateTopologyAsync(TopologyUpdateRequest, CancellationToken)' (but other parameters do) [/home/lysander/repos/bannou/bannou-service/bannou-service.csproj]
/home/lysander/repos/bannou/bannou-service/Generated/Clients/OrchestratorClient.cs(276,116): warning CS1573: Parameter 'body' has no matching param tag in the XML comment for 'IOrchestratorClient.RequestContainerRestartAsync(ContainerRestartRequestBody, CancellationToken)' (but other parameters do) [/home/lysander/repos/bannou/bannou-service/bannou-service.csproj]
/home/lysander/repos/bannou/bannou-service/Generated/Clients/OrchestratorClient.cs(288,100): warning CS1573: Parameter 'body' has no matching param tag in the XML comment for 'IOrchestratorClient.GetContainerStatusAsync(GetContainerStatusRequest, CancellationToken)' (but other parameters do) [/home/lysander/repos/bannou/bannou-service/bannou-service.csproj]
/home/lysander/repos/bannou/bannou-service/Generated/Clients/OrchestratorClient.cs(304,106): warning CS1573: Parameter 'body' has no matching param tag in the XML comment for 'IOrchestratorClient.RollbackConfigurationAsync(ConfigRollbackRequest, CancellationToken)' (but other parameters do) [/home/lysander/repos/bannou/bannou-service/bannou-service.csproj]
/home/lysander/repos/bannou/bannou-service/Generated/Clients/OrchestratorClient.cs(316,102): warning CS1573: Parameter 'body' has no matching param tag in the XML comment for 'IOrchestratorClient.GetConfigVersionAsync(GetConfigVersionRequest, CancellationToken)' (but other parameters do) [/home/lysander/repos/bannou/bannou-service/bannou-service.csproj]
/home/lysander/repos/bannou/bannou-service/Generated/Clients/OrchestratorClient.cs(329,105): warning CS1573: Parameter 'body' has no matching param tag in the XML comment for 'IOrchestratorClient.AcquireProcessorAsync(AcquireProcessorRequest, CancellationToken)' (but other parameters do) [/home/lysander/repos/bannou/bannou-service/bannou-service.csproj]
/home/lysander/repos/bannou/bannou-service/Generated/Clients/OrchestratorClient.cs(341,105): warning CS1573: Parameter 'body' has no matching param tag in the XML comment for 'IOrchestratorClient.ReleaseProcessorAsync(ReleaseProcessorRequest, CancellationToken)' (but other parameters do) [/home/lysander/repos/bannou/bannou-service/bannou-service.csproj]
/home/lysander/repos/bannou/bannou-service/Generated/Clients/OrchestratorClient.cs(356,93): warning CS1573: Parameter 'body' has no matching param tag in the XML comment for 'IOrchestratorClient.GetPoolStatusAsync(GetPoolStatusRequest, CancellationToken)' (but other parameters do) [/home/lysander/repos/bannou/bannou-service/bannou-service.csproj]
/home/lysander/repos/bannou/bannou-service/Generated/Clients/OrchestratorClient.cs(369,84): warning CS1573: Parameter 'body' has no matching param tag in the XML comment for 'IOrchestratorClient.ScalePoolAsync(ScalePoolRequest, CancellationToken)' (but other parameters do) [/home/lysander/repos/bannou/bannou-service/bannou-service.csproj]
/home/lysander/repos/bannou/bannou-service/Generated/Clients/OrchestratorClient.cs(381,90): warning CS1573: Parameter 'body' has no matching param tag in the XML comment for 'IOrchestratorClient.CleanupPoolAsync(CleanupPoolRequest, CancellationToken)' (but other parameters do) [/home/lysander/repos/bannou/bannou-service/bannou-service.csproj]
/home/lysander/repos/bannou/bannou-service/Generated/Clients/OrchestratorClient.cs(385,22): warning CS1591: Missing XML comment for publicly visible type or member 'OrchestratorClient' [/home/lysander/repos/bannou/bannou-service/bannou-service.csproj]
/home/lysander/repos/bannou/bannou-service/Generated/Clients/OrchestratorClient.cs(405,12): warning CS1591: Missing XML comment for publicly visible type or member 'OrchestratorClient.OrchestratorClient(IMeshInvocationClient, IServiceAppMappingResolver, ILogger<OrchestratorClient>?)' [/home/lysander/repos/bannou/bannou-service/bannou-service.csproj]
/home/lysander/repos/bannou/bannou-service/Generated/Clients/OrchestratorClient.cs(413,54): warning CS1591: Missing XML comment for publicly visible type or member 'OrchestratorClient.JsonSerializerSettings' [/home/lysander/repos/bannou/bannou-service/bannou-service.csproj]
/home/lysander/repos/bannou/bannou-service/Generated/Clients/OrchestratorClient.cs(519,141): warning CS1573: Parameter 'body' has no matching param tag in the XML comment for 'OrchestratorClient.GetInfrastructureHealthAsync(InfrastructureHealthRequest, CancellationToken)' (but other parameters do) [/home/lysander/repos/bannou/bannou-service/bannou-service.csproj]
/home/lysander/repos/bannou/bannou-service/Generated/Clients/OrchestratorClient.cs(602,119): warning CS1573: Parameter 'body' has no matching param tag in the XML comment for 'OrchestratorClient.GetServicesHealthAsync(ServiceHealthRequest, CancellationToken)' (but other parameters do) [/home/lysander/repos/bannou/bannou-service/bannou-service.csproj]
/home/lysander/repos/bannou/bannou-service/Generated/Clients/OrchestratorClient.cs(687,118): warning CS1573: Parameter 'body' has no matching param tag in the XML comment for 'OrchestratorClient.RestartServiceAsync(ServiceRestartRequest, CancellationToken)' (but other parameters do) [/home/lysander/repos/bannou/bannou-service/bannou-service.csproj]
/home/lysander/repos/bannou/bannou-service/Generated/Clients/OrchestratorClient.cs(787,131): warning CS1573: Parameter 'body' has no matching param tag in the XML comment for 'OrchestratorClient.ShouldRestartServiceAsync(ShouldRestartServiceRequest, CancellationToken)' (but other parameters do) [/home/lysander/repos/bannou/bannou-service/bannou-service.csproj]
/home/lysander/repos/bannou/bannou-service/Generated/Clients/OrchestratorClient.cs(882,109): warning CS1573: Parameter 'body' has no matching param tag in the XML comment for 'OrchestratorClient.GetBackendsAsync(ListBackendsRequest, CancellationToken)' (but other parameters do) [/home/lysander/repos/bannou/bannou-service/bannou-service.csproj]
/home/lysander/repos/bannou/bannou-service/Generated/Clients/OrchestratorClient.cs(973,106): warning CS1573: Parameter 'body' has no matching param tag in the XML comment for 'OrchestratorClient.GetPresetsAsync(ListPresetsRequest, CancellationToken)' (but other parameters do) [/home/lysander/repos/bannou/bannou-service/bannou-service.csproj]
/home/lysander/repos/bannou/bannou-service/Generated/Clients/OrchestratorClient.cs(1071,96): warning CS1573: Parameter 'body' has no matching param tag in the XML comment for 'OrchestratorClient.DeployAsync(DeployRequest, CancellationToken)' (but other parameters do) [/home/lysander/repos/bannou/bannou-service/bannou-service.csproj]
/home/lysander/repos/bannou/bannou-service/Generated/Clients/OrchestratorClient.cs(1192,126): warning CS1573: Parameter 'body' has no matching param tag in the XML comment for 'OrchestratorClient.GetServiceRoutingAsync(GetServiceRoutingRequest, CancellationToken)' (but other parameters do) [/home/lysander/repos/bannou/bannou-service/bannou-service.csproj]
/home/lysander/repos/bannou/bannou-service/Generated/Clients/OrchestratorClient.cs(1279,105): warning CS1573: Parameter 'body' has no matching param tag in the XML comment for 'OrchestratorClient.GetStatusAsync(GetStatusRequest, CancellationToken)' (but other parameters do) [/home/lysander/repos/bannou/bannou-service/bannou-service.csproj]
/home/lysander/repos/bannou/bannou-service/Generated/Clients/OrchestratorClient.cs(1367,102): warning CS1573: Parameter 'body' has no matching param tag in the XML comment for 'OrchestratorClient.TeardownAsync(TeardownRequest, CancellationToken)' (but other parameters do) [/home/lysander/repos/bannou/bannou-service/bannou-service.csproj]
/home/lysander/repos/bannou/bannou-service/Generated/Clients/OrchestratorClient.cs(1469,93): warning CS1573: Parameter 'body' has no matching param tag in the XML comment for 'OrchestratorClient.CleanAsync(CleanRequest, CancellationToken)' (but other parameters do) [/home/lysander/repos/bannou/bannou-service/bannou-service.csproj]
/home/lysander/repos/bannou/bannou-service/Generated/Clients/OrchestratorClient.cs(1562,96): warning CS1573: Parameter 'body' has no matching param tag in the XML comment for 'OrchestratorClient.GetLogsAsync(GetLogsRequest, CancellationToken)' (but other parameters do) [/home/lysander/repos/bannou/bannou-service/bannou-service.csproj]
/home/lysander/repos/bannou/bannou-service/Generated/Clients/OrchestratorClient.cs(1663,120): warning CS1573: Parameter 'body' has no matching param tag in the XML comment for 'OrchestratorClient.UpdateTopologyAsync(TopologyUpdateRequest, CancellationToken)' (but other parameters do) [/home/lysander/repos/bannou/bannou-service/bannou-service.csproj]
/home/lysander/repos/bannou/bannou-service/Generated/Clients/OrchestratorClient.cs(1776,137): warning CS1573: Parameter 'body' has no matching param tag in the XML comment for 'OrchestratorClient.RequestContainerRestartAsync(ContainerRestartRequestBody, CancellationToken)' (but other parameters do) [/home/lysander/repos/bannou/bannou-service/bannou-service.csproj]
/home/lysander/repos/bannou/bannou-service/Generated/Clients/OrchestratorClient.cs(1871,121): warning CS1573: Parameter 'body' has no matching param tag in the XML comment for 'OrchestratorClient.GetContainerStatusAsync(GetContainerStatusRequest, CancellationToken)' (but other parameters do) [/home/lysander/repos/bannou/bannou-service/bannou-service.csproj]
/home/lysander/repos/bannou/bannou-service/Generated/Clients/OrchestratorClient.cs(1964,127): warning CS1573: Parameter 'body' has no matching param tag in the XML comment for 'OrchestratorClient.RollbackConfigurationAsync(ConfigRollbackRequest, CancellationToken)' (but other parameters do) [/home/lysander/repos/bannou/bannou-service/bannou-service.csproj]
/home/lysander/repos/bannou/bannou-service/Generated/Clients/OrchestratorClient.cs(2059,123): warning CS1573: Parameter 'body' has no matching param tag in the XML comment for 'OrchestratorClient.GetConfigVersionAsync(GetConfigVersionRequest, CancellationToken)' (but other parameters do) [/home/lysander/repos/bannou/bannou-service/bannou-service.csproj]
/home/lysander/repos/bannou/bannou-service/Generated/Clients/OrchestratorClient.cs(2143,126): warning CS1573: Parameter 'body' has no matching param tag in the XML comment for 'OrchestratorClient.AcquireProcessorAsync(AcquireProcessorRequest, CancellationToken)' (but other parameters do) [/home/lysander/repos/bannou/bannou-service/bannou-service.csproj]
/home/lysander/repos/bannou/bannou-service/Generated/Clients/OrchestratorClient.cs(2236,126): warning CS1573: Parameter 'body' has no matching param tag in the XML comment for 'OrchestratorClient.ReleaseProcessorAsync(ReleaseProcessorRequest, CancellationToken)' (but other parameters do) [/home/lysander/repos/bannou/bannou-service/bannou-service.csproj]
/home/lysander/repos/bannou/bannou-service/Generated/Clients/OrchestratorClient.cs(2328,114): warning CS1573: Parameter 'body' has no matching param tag in the XML comment for 'OrchestratorClient.GetPoolStatusAsync(GetPoolStatusRequest, CancellationToken)' (but other parameters do) [/home/lysander/repos/bannou/bannou-service/bannou-service.csproj]
/home/lysander/repos/bannou/bannou-service/Generated/Clients/OrchestratorClient.cs(2412,105): warning CS1573: Parameter 'body' has no matching param tag in the XML comment for 'OrchestratorClient.ScalePoolAsync(ScalePoolRequest, CancellationToken)' (but other parameters do) [/home/lysander/repos/bannou/bannou-service/bannou-service.csproj]
/home/lysander/repos/bannou/bannou-service/Generated/Clients/OrchestratorClient.cs(2501,111): warning CS1573: Parameter 'body' has no matching param tag in the XML comment for 'OrchestratorClient.CleanupPoolAsync(CleanupPoolRequest, CancellationToken)' (but other parameters do) [/home/lysander/repos/bannou/bannou-service/bannou-service.csproj]
/home/lysander/repos/bannou/bannou-service/Generated/Clients/OrchestratorClient.cs(2574,22): warning CS1591: Missing XML comment for publicly visible type or member 'OrchestratorClient.ObjectResponseResult<T>' [/home/lysander/repos/bannou/bannou-service/bannou-service.csproj]
/home/lysander/repos/bannou/bannou-service/Generated/Clients/OrchestratorClient.cs(2576,16): warning CS1591: Missing XML comment for publicly visible type or member 'OrchestratorClient.ObjectResponseResult<T>.ObjectResponseResult(T, string)' [/home/lysander/repos/bannou/bannou-service/bannou-service.csproj]
/home/lysander/repos/bannou/bannou-service/Generated/Clients/OrchestratorClient.cs(2582,18): warning CS1591: Missing XML comment for publicly visible type or member 'OrchestratorClient.ObjectResponseResult<T>.Object' [/home/lysander/repos/bannou/bannou-service/bannou-service.csproj]
/home/lysander/repos/bannou/bannou-service/Generated/Clients/OrchestratorClient.cs(2584,23): warning CS1591: Missing XML comment for publicly visible type or member 'OrchestratorClient.ObjectResponseResult<T>.Text' [/home/lysander/repos/bannou/bannou-service/bannou-service.csproj]
/home/lysander/repos/bannou/bannou-service/Generated/Clients/OrchestratorClient.cs(2607,17): warning CS1591: Missing XML comment for publicly visible type or member 'OrchestratorClient.ReadResponseAsString' [/home/lysander/repos/bannou/bannou-service/bannou-service.csproj]
/home/lysander/repos/bannou/bannou-service/Generated/Clients/OrchestratorClient.cs(2609,86): warning CS1591: Missing XML comment for publicly visible type or member 'OrchestratorClient.ReadObjectResponseAsync<T>(HttpResponseMessage, IReadOnlyDictionary<string, IEnumerable<string>>, CancellationToken)' [/home/lysander/repos/bannou/bannou-service/bannou-service.csproj]
/home/lysander/repos/bannou/bannou-service/Generated/Models/OrchestratorModels.cs(33,68): warning CS1591: Missing XML comment for publicly visible type or member 'InfrastructureHealthRequest.AdditionalProperties' [/home/lysander/repos/bannou/bannou-service/bannou-service.csproj]
/home/lysander/repos/bannou/bannou-service/Generated/Models/OrchestratorModels.cs(57,68): warning CS1591: Missing XML comment for publicly visible type or member 'ServiceHealthRequest.AdditionalProperties' [/home/lysander/repos/bannou/bannou-service/bannou-service.csproj]
/home/lysander/repos/bannou/bannou-service/Generated/Models/OrchestratorModels.cs(81,68): warning CS1591: Missing XML comment for publicly visible type or member 'GetServiceRoutingRequest.AdditionalProperties' [/home/lysander/repos/bannou/bannou-service/bannou-service.csproj]
/home/lysander/repos/bannou/bannou-service/Generated/Models/OrchestratorModels.cs(90,22): warning CS1591: Missing XML comment for publicly visible type or member 'ServiceRoutingResponse' [/home/lysander/repos/bannou/bannou-service/bannou-service.csproj]
/home/lysander/repos/bannou/bannou-service/Generated/Models/OrchestratorModels.cs(135,68): warning CS1591: Missing XML comment for publicly visible type or member 'ServiceRoutingResponse.AdditionalProperties' [/home/lysander/repos/bannou/bannou-service/bannou-service.csproj]
/home/lysander/repos/bannou/bannou-service/Generated/Models/OrchestratorModels.cs(159,68): warning CS1591: Missing XML comment for publicly visible type or member 'ListBackendsRequest.AdditionalProperties' [/home/lysander/repos/bannou/bannou-service/bannou-service.csproj]
/home/lysander/repos/bannou/bannou-service/Generated/Models/OrchestratorModels.cs(184,68): warning CS1591: Missing XML comment for publicly visible type or member 'ListPresetsRequest.AdditionalProperties' [/home/lysander/repos/bannou/bannou-service/bannou-service.csproj]
/home/lysander/repos/bannou/bannou-service/Generated/Models/OrchestratorModels.cs(208,68): warning CS1591: Missing XML comment for publicly visible type or member 'GetStatusRequest.AdditionalProperties' [/home/lysander/repos/bannou/bannou-service/bannou-service.csproj]
/home/lysander/repos/bannou/bannou-service/Generated/Models/OrchestratorModels.cs(262,68): warning CS1591: Missing XML comment for publicly visible type or member 'GetLogsRequest.AdditionalProperties' [/home/lysander/repos/bannou/bannou-service/bannou-service.csproj]
/home/lysander/repos/bannou/bannou-service/Generated/Models/OrchestratorModels.cs(271,22): warning CS1591: Missing XML comment for publicly visible type or member 'ContainerRestartRequestBody' [/home/lysander/repos/bannou/bannou-service/bannou-service.csproj]
/home/lysander/repos/bannou/bannou-service/Generated/Models/OrchestratorModels.cs(292,28): warning CS1591: Missing XML comment for publicly visible type or member 'ContainerRestartRequestBody.Priority' [/home/lysander/repos/bannou/bannou-service/bannou-service.csproj]
/home/lysander/repos/bannou/bannou-service/Generated/Models/OrchestratorModels.cs(303,68): warning CS1591: Missing XML comment for publicly visible type or member 'ContainerRestartRequestBody.AdditionalProperties' [/home/lysander/repos/bannou/bannou-service/bannou-service.csproj]
/home/lysander/repos/bannou/bannou-service/Generated/Models/OrchestratorModels.cs(312,22): warning CS1591: Missing XML comment for publicly visible type or member 'GetContainerStatusRequest' [/home/lysander/repos/bannou/bannou-service/bannou-service.csproj]
/home/lysander/repos/bannou/bannou-service/Generated/Models/OrchestratorModels.cs(326,68): warning CS1591: Missing XML comment for publicly visible type or member 'GetContainerStatusRequest.AdditionalProperties' [/home/lysander/repos/bannou/bannou-service/bannou-service.csproj]
/home/lysander/repos/bannou/bannou-service/Generated/Models/OrchestratorModels.cs(350,68): warning CS1591: Missing XML comment for publicly visible type or member 'GetConfigVersionRequest.AdditionalProperties' [/home/lysander/repos/bannou/bannou-service/bannou-service.csproj]
/home/lysander/repos/bannou/bannou-service/Generated/Models/OrchestratorModels.cs(359,22): warning CS1591: Missing XML comment for publicly visible type or member 'InfrastructureHealthResponse' [/home/lysander/repos/bannou/bannou-service/bannou-service.csproj]
/home/lysander/repos/bannou/bannou-service/Generated/Models/OrchestratorModels.cs(387,68): warning CS1591: Missing XML comment for publicly visible type or member 'InfrastructureHealthResponse.AdditionalProperties' [/home/lysander/repos/bannou/bannou-service/bannou-service.csproj]
/home/lysander/repos/bannou/bannou-service/Generated/Models/OrchestratorModels.cs(396,22): warning CS1591: Missing XML comment for publicly visible type or member 'ComponentHealth' [/home/lysander/repos/bannou/bannou-service/bannou-service.csproj]
/home/lysander/repos/bannou/bannou-service/Generated/Models/OrchestratorModels.cs(439,68): warning CS1591: Missing XML comment for publicly visible type or member 'ComponentHealth.AdditionalProperties' [/home/lysander/repos/bannou/bannou-service/bannou-service.csproj]
/home/lysander/repos/bannou/bannou-service/Generated/Models/OrchestratorModels.cs(448,22): warning CS1591: Missing XML comment for publicly visible type or member 'ServiceHealthReport' [/home/lysander/repos/bannou/bannou-service/bannou-service.csproj]
/home/lysander/repos/bannou/bannou-service/Generated/Models/OrchestratorModels.cs(490,68): warning CS1591: Missing XML comment for publicly visible type or member 'ServiceHealthReport.AdditionalProperties' [/home/lysander/repos/bannou/bannou-service/bannou-service.csproj]
/home/lysander/repos/bannou/bannou-service/Generated/Models/OrchestratorModels.cs(554,68): warning CS1591: Missing XML comment for publicly visible type or member 'ServiceHealthStatus.AdditionalProperties' [/home/lysander/repos/bannou/bannou-service/bannou-service.csproj]
/home/lysander/repos/bannou/bannou-service/Generated/Models/OrchestratorModels.cs(563,22): warning CS1591: Missing XML comment for publicly visible type or member 'TestExecutionRequest' [/home/lysander/repos/bannou/bannou-service/bannou-service.csproj]
/home/lysander/repos/bannou/bannou-service/Generated/Models/OrchestratorModels.cs(596,68): warning CS1591: Missing XML comment for publicly visible type or member 'TestExecutionRequest.AdditionalProperties' [/home/lysander/repos/bannou/bannou-service/bannou-service.csproj]
/home/lysander/repos/bannou/bannou-service/Generated/Models/OrchestratorModels.cs(605,22): warning CS1591: Missing XML comment for publicly visible type or member 'TestExecutionResult' [/home/lysander/repos/bannou/bannou-service/bannou-service.csproj]
/home/lysander/repos/bannou/bannou-service/Generated/Models/OrchestratorModels.cs(651,68): warning CS1591: Missing XML comment for publicly visible type or member 'TestExecutionResult.AdditionalProperties' [/home/lysander/repos/bannou/bannou-service/bannou-service.csproj]
/home/lysander/repos/bannou/bannou-service/Generated/Models/OrchestratorModels.cs(660,22): warning CS1591: Missing XML comment for publicly visible type or member 'TestResult' [/home/lysander/repos/bannou/bannou-service/bannou-service.csproj]
/home/lysander/repos/bannou/bannou-service/Generated/Models/OrchestratorModels.cs(698,68): warning CS1591: Missing XML comment for publicly visible type or member 'TestResult.AdditionalProperties' [/home/lysander/repos/bannou/bannou-service/bannou-service.csproj]
/home/lysander/repos/bannou/bannou-service/Generated/Models/OrchestratorModels.cs(707,22): warning CS1591: Missing XML comment for publicly visible type or member 'ServiceRestartRequest' [/home/lysander/repos/bannou/bannou-service/bannou-service.csproj]
/home/lysander/repos/bannou/bannou-service/Generated/Models/OrchestratorModels.cs(739,68): warning CS1591: Missing XML comment for publicly visible type or member 'ServiceRestartRequest.AdditionalProperties' [/home/lysander/repos/bannou/bannou-service/bannou-service.csproj]
/home/lysander/repos/bannou/bannou-service/Generated/Models/OrchestratorModels.cs(748,22): warning CS1591: Missing XML comment for publicly visible type or member 'ServiceRestartResult' [/home/lysander/repos/bannou/bannou-service/bannou-service.csproj]
/home/lysander/repos/bannou/bannou-service/Generated/Models/OrchestratorModels.cs(794,68): warning CS1591: Missing XML comment for publicly visible type or member 'ServiceRestartResult.AdditionalProperties' [/home/lysander/repos/bannou/bannou-service/bannou-service.csproj]
/home/lysander/repos/bannou/bannou-service/Generated/Models/OrchestratorModels.cs(803,22): warning CS1591: Missing XML comment for publicly visible type or member 'ShouldRestartServiceRequest' [/home/lysander/repos/bannou/bannou-service/bannou-service.csproj]
/home/lysander/repos/bannou/bannou-service/Generated/Models/OrchestratorModels.cs(817,68): warning CS1591: Missing XML comment for publicly visible type or member 'ShouldRestartServiceRequest.AdditionalProperties' [/home/lysander/repos/bannou/bannou-service/bannou-service.csproj]
/home/lysander/repos/bannou/bannou-service/Generated/Models/OrchestratorModels.cs(826,22): warning CS1591: Missing XML comment for publicly visible type or member 'RestartRecommendation' [/home/lysander/repos/bannou/bannou-service/bannou-service.csproj]
/home/lysander/repos/bannou/bannou-service/Generated/Models/OrchestratorModels.cs(874,68): warning CS1591: Missing XML comment for publicly visible type or member 'RestartRecommendation.AdditionalProperties' [/home/lysander/repos/bannou/bannou-service/bannou-service.csproj]
/home/lysander/repos/bannou/bannou-service/Generated/Models/OrchestratorModels.cs(892,5): warning CS1591: Missing XML comment for publicly visible type or member 'BackendType.Kubernetes' [/home/lysander/repos/bannou/bannou-service/bannou-service.csproj]
/home/lysander/repos/bannou/bannou-service/Generated/Models/OrchestratorModels.cs(895,5): warning CS1591: Missing XML comment for publicly visible type or member 'BackendType.Portainer' [/home/lysander/repos/bannou/bannou-service/bannou-service.csproj]
/home/lysander/repos/bannou/bannou-service/Generated/Models/OrchestratorModels.cs(898,5): warning CS1591: Missing XML comment for publicly visible type or member 'BackendType.Swarm' [/home/lysander/repos/bannou/bannou-service/bannou-service.csproj]
/home/lysander/repos/bannou/bannou-service/Generated/Models/OrchestratorModels.cs(901,5): warning CS1591: Missing XML comment for publicly visible type or member 'BackendType.Compose' [/home/lysander/repos/bannou/bannou-service/bannou-service.csproj]
/home/lysander/repos/bannou/bannou-service/Generated/Models/OrchestratorModels.cs(906,22): warning CS1591: Missing XML comment for publicly visible type or member 'BackendInfo' [/home/lysander/repos/bannou/bannou-service/bannou-service.csproj]
/home/lysander/repos/bannou/bannou-service/Generated/Models/OrchestratorModels.cs(913,24): warning CS1591: Missing XML comment for publicly visible type or member 'BackendInfo.Type' [/home/lysander/repos/bannou/bannou-service/bannou-service.csproj]
/home/lysander/repos/bannou/bannou-service/Generated/Models/OrchestratorModels.cs(961,68): warning CS1591: Missing XML comment for publicly visible type or member 'BackendInfo.AdditionalProperties' [/home/lysander/repos/bannou/bannou-service/bannou-service.csproj]
/home/lysander/repos/bannou/bannou-service/Generated/Models/OrchestratorModels.cs(970,22): warning CS1591: Missing XML comment for publicly visible type or member 'BackendsResponse' [/home/lysander/repos/bannou/bannou-service/bannou-service.csproj]
/home/lysander/repos/bannou/bannou-service/Generated/Models/OrchestratorModels.cs(993,24): warning CS1591: Missing XML comment for publicly visible type or member 'BackendsResponse.Recommended' [/home/lysander/repos/bannou/bannou-service/bannou-service.csproj]
/home/lysander/repos/bannou/bannou-service/Generated/Models/OrchestratorModels.cs(1005,68): warning CS1591: Missing XML comment for publicly visible type or member 'BackendsResponse.AdditionalProperties' [/home/lysander/repos/bannou/bannou-service/bannou-service.csproj]
/home/lysander/repos/bannou/bannou-service/Generated/Models/OrchestratorModels.cs(1014,22): warning CS1591: Missing XML comment for publicly visible type or member 'DeploymentPreset' [/home/lysander/repos/bannou/bannou-service/bannou-service.csproj]
/home/lysander/repos/bannou/bannou-service/Generated/Models/OrchestratorModels.cs(1043,28): warning CS1591: Missing XML comment for publicly visible type or member 'DeploymentPreset.Topology' [/home/lysander/repos/bannou/bannou-service/bannou-service.csproj]
/home/lysander/repos/bannou/bannou-service/Generated/Models/OrchestratorModels.cs(1073,68): warning CS1591: Missing XML comment for publicly visible type or member 'DeploymentPreset.AdditionalProperties' [/home/lysander/repos/bannou/bannou-service/bannou-service.csproj]
/home/lysander/repos/bannou/bannou-service/Generated/Models/OrchestratorModels.cs(1082,22): warning CS1591: Missing XML comment for publicly visible type or member 'PresetsResponse' [/home/lysander/repos/bannou/bannou-service/bannou-service.csproj]
/home/lysander/repos/bannou/bannou-service/Generated/Models/OrchestratorModels.cs(1102,68): warning CS1591: Missing XML comment for publicly visible type or member 'PresetsResponse.AdditionalProperties' [/home/lysander/repos/bannou/bannou-service/bannou-service.csproj]
/home/lysander/repos/bannou/bannou-service/Generated/Models/OrchestratorModels.cs(1111,22): warning CS1591: Missing XML comment for publicly visible type or member 'ServiceTopology' [/home/lysander/repos/bannou/bannou-service/bannou-service.csproj]
/home/lysander/repos/bannou/bannou-service/Generated/Models/OrchestratorModels.cs(1131,68): warning CS1591: Missing XML comment for publicly visible type or member 'ServiceTopology.AdditionalProperties' [/home/lysander/repos/bannou/bannou-service/bannou-service.csproj]
/home/lysander/repos/bannou/bannou-service/Generated/Models/OrchestratorModels.cs(1140,22): warning CS1591: Missing XML comment for publicly visible type or member 'TopologyNode' [/home/lysander/repos/bannou/bannou-service/bannou-service.csproj]
/home/lysander/repos/bannou/bannou-service/Generated/Models/OrchestratorModels.cs(1169,27): warning CS1591: Missing XML comment for publicly visible type or member 'TopologyNode.Resources' [/home/lysander/repos/bannou/bannou-service/bannou-service.csproj]
/home/lysander/repos/bannou/bannou-service/Generated/Models/OrchestratorModels.cs(1192,68): warning CS1591: Missing XML comment for publicly visible type or member 'TopologyNode.AdditionalProperties' [/home/lysander/repos/bannou/bannou-service/bannou-service.csproj]
/home/lysander/repos/bannou/bannou-service/Generated/Models/OrchestratorModels.cs(1201,22): warning CS1591: Missing XML comment for publicly visible type or member 'InfrastructureConfig' [/home/lysander/repos/bannou/bannou-service/bannou-service.csproj]
/home/lysander/repos/bannou/bannou-service/Generated/Models/OrchestratorModels.cs(1205,31): warning CS1591: Missing XML comment for publicly visible type or member 'InfrastructureConfig.Redis' [/home/lysander/repos/bannou/bannou-service/bannou-service.csproj]
/home/lysander/repos/bannou/bannou-service/Generated/Models/OrchestratorModels.cs(1208,31): warning CS1591: Missing XML comment for publicly visible type or member 'InfrastructureConfig.Rabbitmq' [/home/lysander/repos/bannou/bannou-service/bannou-service.csproj]
/home/lysander/repos/bannou/bannou-service/Generated/Models/OrchestratorModels.cs(1211,31): warning CS1591: Missing XML comment for publicly visible type or member 'InfrastructureConfig.Mysql' [/home/lysander/repos/bannou/bannou-service/bannou-service.csproj]
/home/lysander/repos/bannou/bannou-service/Generated/Models/OrchestratorModels.cs(1214,26): warning CS1591: Missing XML comment for publicly visible type or member 'InfrastructureConfig.Ingress' [/home/lysander/repos/bannou/bannou-service/bannou-service.csproj]
/home/lysander/repos/bannou/bannou-service/Generated/Models/OrchestratorModels.cs(1219,68): warning CS1591: Missing XML comment for publicly visible type or member 'InfrastructureConfig.AdditionalProperties' [/home/lysander/repos/bannou/bannou-service/bannou-service.csproj]
/home/lysander/repos/bannou/bannou-service/Generated/Models/OrchestratorModels.cs(1228,22): warning CS1591: Missing XML comment for publicly visible type or member 'InfraServiceConfig' [/home/lysander/repos/bannou/bannou-service/bannou-service.csproj]
/home/lysander/repos/bannou/bannou-service/Generated/Models/OrchestratorModels.cs(1232,17): warning CS1591: Missing XML comment for publicly visible type or member 'InfraServiceConfig.Enabled' [/home/lysander/repos/bannou/bannou-service/bannou-service.csproj]
/home/lysander/repos/bannou/bannou-service/Generated/Models/OrchestratorModels.cs(1241,27): warning CS1591: Missing XML comment for publicly visible type or member 'InfraServiceConfig.Resources' [/home/lysander/repos/bannou/bannou-service/bannou-service.csproj]
/home/lysander/repos/bannou/bannou-service/Generated/Models/OrchestratorModels.cs(1244,67): warning CS1591: Missing XML comment for publicly visible type or member 'InfraServiceConfig.Environment' [/home/lysander/repos/bannou/bannou-service/bannou-service.csproj]
/home/lysander/repos/bannou/bannou-service/Generated/Models/OrchestratorModels.cs(1255,68): warning CS1591: Missing XML comment for publicly visible type or member 'InfraServiceConfig.AdditionalProperties' [/home/lysander/repos/bannou/bannou-service/bannou-service.csproj]
/home/lysander/repos/bannou/bannou-service/Generated/Models/OrchestratorModels.cs(1264,22): warning CS1591: Missing XML comment for publicly visible type or member 'IngressConfig' [/home/lysander/repos/bannou/bannou-service/bannou-service.csproj]
/home/lysander/repos/bannou/bannou-service/Generated/Models/OrchestratorModels.cs(1268,17): warning CS1591: Missing XML comment for publicly visible type or member 'IngressConfig.Enabled' [/home/lysander/repos/bannou/bannou-service/bannou-service.csproj]
/home/lysander/repos/bannou/bannou-service/Generated/Models/OrchestratorModels.cs(1272,30): warning CS1591: Missing XML comment for publicly visible type or member 'IngressConfig.Type' [/home/lysander/repos/bannou/bannou-service/bannou-service.csproj]
/home/lysander/repos/bannou/bannou-service/Generated/Models/OrchestratorModels.cs(1275,18): warning CS1591: Missing XML comment for publicly visible type or member 'IngressConfig.Ports' [/home/lysander/repos/bannou/bannou-service/bannou-service.csproj]
/home/lysander/repos/bannou/bannou-service/Generated/Models/OrchestratorModels.cs(1278,17): warning CS1591: Missing XML comment for publicly visible type or member 'IngressConfig.Ssl' [/home/lysander/repos/bannou/bannou-service/bannou-service.csproj]
/home/lysander/repos/bannou/bannou-service/Generated/Models/OrchestratorModels.cs(1283,68): warning CS1591: Missing XML comment for publicly visible type or member 'IngressConfig.AdditionalProperties' [/home/lysander/repos/bannou/bannou-service/bannou-service.csproj]
/home/lysander/repos/bannou/bannou-service/Generated/Models/OrchestratorModels.cs(1292,22): warning CS1591: Missing XML comment for publicly visible type or member 'ResourceLimits' [/home/lysander/repos/bannou/bannou-service/bannou-service.csproj]
/home/lysander/repos/bannou/bannou-service/Generated/Models/OrchestratorModels.cs(1322,68): warning CS1591: Missing XML comment for publicly visible type or member 'ResourceLimits.AdditionalProperties' [/home/lysander/repos/bannou/bannou-service/bannou-service.csproj]
/home/lysander/repos/bannou/bannou-service/Generated/Models/OrchestratorModels.cs(1342,5): warning CS1591: Missing XML comment for publicly visible type or member 'DeploymentMode.Graceful' [/home/lysander/repos/bannou/bannou-service/bannou-service.csproj]
/home/lysander/repos/bannou/bannou-service/Generated/Models/OrchestratorModels.cs(1345,5): warning CS1591: Missing XML comment for publicly visible type or member 'DeploymentMode.Force' [/home/lysander/repos/bannou/bannou-service/bannou-service.csproj]
/home/lysander/repos/bannou/bannou-service/Generated/Models/OrchestratorModels.cs(1348,5): warning CS1591: Missing XML comment for publicly visible type or member 'DeploymentMode.Clean' [/home/lysander/repos/bannou/bannou-service/bannou-service.csproj]
/home/lysander/repos/bannou/bannou-service/Generated/Models/OrchestratorModels.cs(1353,22): warning CS1591: Missing XML comment for publicly visible type or member 'DeployRequest' [/home/lysander/repos/bannou/bannou-service/bannou-service.csproj]
/home/lysander/repos/bannou/bannou-service/Generated/Models/OrchestratorModels.cs(1377,27): warning CS1591: Missing XML comment for publicly visible type or member 'DeployRequest.Mode' [/home/lysander/repos/bannou/bannou-service/bannou-service.csproj]
/home/lysander/repos/bannou/bannou-service/Generated/Models/OrchestratorModels.cs(1400,68): warning CS1591: Missing XML comment for publicly visible type or member 'DeployRequest.AdditionalProperties' [/home/lysander/repos/bannou/bannou-service/bannou-service.csproj]
/home/lysander/repos/bannou/bannou-service/Generated/Models/OrchestratorModels.cs(1409,22): warning CS1591: Missing XML comment for publicly visible type or member 'DeployResponse' [/home/lysander/repos/bannou/bannou-service/bannou-service.csproj]
/home/lysander/repos/bannou/bannou-service/Generated/Models/OrchestratorModels.cs(1430,24): warning CS1591: Missing XML comment for publicly visible type or member 'DeployResponse.Backend' [/home/lysander/repos/bannou/bannou-service/bannou-service.csproj]
/home/lysander/repos/bannou/bannou-service/Generated/Models/OrchestratorModels.cs(1473,68): warning CS1591: Missing XML comment for publicly visible type or member 'DeployResponse.AdditionalProperties' [/home/lysander/repos/bannou/bannou-service/bannou-service.csproj]
/home/lysander/repos/bannou/bannou-service/Generated/Models/OrchestratorModels.cs(1482,22): warning CS1591: Missing XML comment for publicly visible type or member 'DeployedService' [/home/lysander/repos/bannou/bannou-service/bannou-service.csproj]
/home/lysander/repos/bannou/bannou-service/Generated/Models/OrchestratorModels.cs(1497,34): warning CS1591: Missing XML comment for publicly visible type or member 'DeployedService.Status' [/home/lysander/repos/bannou/bannou-service/bannou-service.csproj]
/home/lysander/repos/bannou/bannou-service/Generated/Models/OrchestratorModels.cs(1528,68): warning CS1591: Missing XML comment for publicly visible type or member 'DeployedService.AdditionalProperties' [/home/lysander/repos/bannou/bannou-service/bannou-service.csproj]
/home/lysander/repos/bannou/bannou-service/Generated/Models/OrchestratorModels.cs(1537,22): warning CS1591: Missing XML comment for publicly visible type or member 'EnvironmentStatus' [/home/lysander/repos/bannou/bannou-service/bannou-service.csproj]
/home/lysander/repos/bannou/bannou-service/Generated/Models/OrchestratorModels.cs(1549,34): warning CS1591: Missing XML comment for publicly visible type or member 'EnvironmentStatus.Timestamp' [/home/lysander/repos/bannou/bannou-service/bannou-service.csproj]
/home/lysander/repos/bannou/bannou-service/Generated/Models/OrchestratorModels.cs(1559,24): warning CS1591: Missing XML comment for publicly visible type or member 'EnvironmentStatus.Backend' [/home/lysander/repos/bannou/bannou-service/bannou-service.csproj]
/home/lysander/repos/bannou/bannou-service/Generated/Models/OrchestratorModels.cs(1600,68): warning CS1591: Missing XML comment for publicly visible type or member 'EnvironmentStatus.AdditionalProperties' [/home/lysander/repos/bannou/bannou-service/bannou-service.csproj]
/home/lysander/repos/bannou/bannou-service/Generated/Models/OrchestratorModels.cs(1609,22): warning CS1591: Missing XML comment for publicly visible type or member 'ResourceUsage' [/home/lysander/repos/bannou/bannou-service/bannou-service.csproj]
/home/lysander/repos/bannou/bannou-service/Generated/Models/OrchestratorModels.cs(1651,68): warning CS1591: Missing XML comment for publicly visible type or member 'ResourceUsage.AdditionalProperties' [/home/lysander/repos/bannou/bannou-service/bannou-service.csproj]
/home/lysander/repos/bannou/bannou-service/Generated/Models/OrchestratorModels.cs(1671,5): warning CS1591: Missing XML comment for publicly visible type or member 'TeardownMode.Graceful' [/home/lysander/repos/bannou/bannou-service/bannou-service.csproj]
/home/lysander/repos/bannou/bannou-service/Generated/Models/OrchestratorModels.cs(1674,5): warning CS1591: Missing XML comment for publicly visible type or member 'TeardownMode.Force' [/home/lysander/repos/bannou/bannou-service/bannou-service.csproj]
/home/lysander/repos/bannou/bannou-service/Generated/Models/OrchestratorModels.cs(1677,5): warning CS1591: Missing XML comment for publicly visible type or member 'TeardownMode.PreserveData' [/home/lysander/repos/bannou/bannou-service/bannou-service.csproj]
/home/lysander/repos/bannou/bannou-service/Generated/Models/OrchestratorModels.cs(1682,22): warning CS1591: Missing XML comment for publicly visible type or member 'TeardownRequest' [/home/lysander/repos/bannou/bannou-service/bannou-service.csproj]
/home/lysander/repos/bannou/bannou-service/Generated/Models/OrchestratorModels.cs(1695,25): warning CS1591: Missing XML comment for publicly visible type or member 'TeardownRequest.Mode' [/home/lysander/repos/bannou/bannou-service/bannou-service.csproj]
/home/lysander/repos/bannou/bannou-service/Generated/Models/OrchestratorModels.cs(1728,68): warning CS1591: Missing XML comment for publicly visible type or member 'TeardownRequest.AdditionalProperties' [/home/lysander/repos/bannou/bannou-service/bannou-service.csproj]
/home/lysander/repos/bannou/bannou-service/Generated/Models/OrchestratorModels.cs(1737,22): warning CS1591: Missing XML comment for publicly visible type or member 'TeardownResponse' [/home/lysander/repos/bannou/bannou-service/bannou-service.csproj]
/home/lysander/repos/bannou/bannou-service/Generated/Models/OrchestratorModels.cs(1741,17): warning CS1591: Missing XML comment for publicly visible type or member 'TeardownResponse.Success' [/home/lysander/repos/bannou/bannou-service/bannou-service.csproj]
/home/lysander/repos/bannou/bannou-service/Generated/Models/OrchestratorModels.cs(1746,19): warning CS1591: Missing XML comment for publicly visible type or member 'TeardownResponse.Duration' [/home/lysander/repos/bannou/bannou-service/bannou-service.csproj]
/home/lysander/repos/bannou/bannou-service/Generated/Models/OrchestratorModels.cs(1779,19): warning CS1591: Missing XML comment for publicly visible type or member 'TeardownResponse.Message' [/home/lysander/repos/bannou/bannou-service/bannou-service.csproj]
/home/lysander/repos/bannou/bannou-service/Generated/Models/OrchestratorModels.cs(1784,68): warning CS1591: Missing XML comment for publicly visible type or member 'TeardownResponse.AdditionalProperties' [/home/lysander/repos/bannou/bannou-service/bannou-service.csproj]
/home/lysander/repos/bannou/bannou-service/Generated/Models/OrchestratorModels.cs(1800,5): warning CS1591: Missing XML comment for publicly visible type or member 'CleanTarget.Containers' [/home/lysander/repos/bannou/bannou-service/bannou-service.csproj]
/home/lysander/repos/bannou/bannou-service/Generated/Models/OrchestratorModels.cs(1803,5): warning CS1591: Missing XML comment for publicly visible type or member 'CleanTarget.Networks' [/home/lysander/repos/bannou/bannou-service/bannou-service.csproj]
/home/lysander/repos/bannou/bannou-service/Generated/Models/OrchestratorModels.cs(1806,5): warning CS1591: Missing XML comment for publicly visible type or member 'CleanTarget.Volumes' [/home/lysander/repos/bannou/bannou-service/bannou-service.csproj]
/home/lysander/repos/bannou/bannou-service/Generated/Models/OrchestratorModels.cs(1809,5): warning CS1591: Missing XML comment for publicly visible type or member 'CleanTarget.Images' [/home/lysander/repos/bannou/bannou-service/bannou-service.csproj]
/home/lysander/repos/bannou/bannou-service/Generated/Models/OrchestratorModels.cs(1812,5): warning CS1591: Missing XML comment for publicly visible type or member 'CleanTarget.All' [/home/lysander/repos/bannou/bannou-service/bannou-service.csproj]
/home/lysander/repos/bannou/bannou-service/Generated/Models/OrchestratorModels.cs(1817,22): warning CS1591: Missing XML comment for publicly visible type or member 'CleanRequest' [/home/lysander/repos/bannou/bannou-service/bannou-service.csproj]
/home/lysander/repos/bannou/bannou-service/Generated/Models/OrchestratorModels.cs(1850,68): warning CS1591: Missing XML comment for publicly visible type or member 'CleanRequest.AdditionalProperties' [/home/lysander/repos/bannou/bannou-service/bannou-service.csproj]
/home/lysander/repos/bannou/bannou-service/Generated/Models/OrchestratorModels.cs(1859,22): warning CS1591: Missing XML comment for publicly visible type or member 'CleanResponse' [/home/lysander/repos/bannou/bannou-service/bannou-service.csproj]
/home/lysander/repos/bannou/bannou-service/Generated/Models/OrchestratorModels.cs(1863,17): warning CS1591: Missing XML comment for publicly visible type or member 'CleanResponse.Success' [/home/lysander/repos/bannou/bannou-service/bannou-service.csproj]
/home/lysander/repos/bannou/bannou-service/Generated/Models/OrchestratorModels.cs(1872,16): warning CS1591: Missing XML comment for publicly visible type or member 'CleanResponse.RemovedContainers' [/home/lysander/repos/bannou/bannou-service/bannou-service.csproj]
/home/lysander/repos/bannou/bannou-service/Generated/Models/OrchestratorModels.cs(1875,16): warning CS1591: Missing XML comment for publicly visible type or member 'CleanResponse.RemovedNetworks' [/home/lysander/repos/bannou/bannou-service/bannou-service.csproj]
/home/lysander/repos/bannou/bannou-service/Generated/Models/OrchestratorModels.cs(1878,16): warning CS1591: Missing XML comment for publicly visible type or member 'CleanResponse.RemovedVolumes' [/home/lysander/repos/bannou/bannou-service/bannou-service.csproj]
/home/lysander/repos/bannou/bannou-service/Generated/Models/OrchestratorModels.cs(1881,16): warning CS1591: Missing XML comment for publicly visible type or member 'CleanResponse.RemovedImages' [/home/lysander/repos/bannou/bannou-service/bannou-service.csproj]
/home/lysander/repos/bannou/bannou-service/Generated/Models/OrchestratorModels.cs(1884,59): warning CS1591: Missing XML comment for publicly visible type or member 'CleanResponse.Errors' [/home/lysander/repos/bannou/bannou-service/bannou-service.csproj]
/home/lysander/repos/bannou/bannou-service/Generated/Models/OrchestratorModels.cs(1887,19): warning CS1591: Missing XML comment for publicly visible type or member 'CleanResponse.Message' [/home/lysander/repos/bannou/bannou-service/bannou-service.csproj]
/home/lysander/repos/bannou/bannou-service/Generated/Models/OrchestratorModels.cs(1892,68): warning CS1591: Missing XML comment for publicly visible type or member 'CleanResponse.AdditionalProperties' [/home/lysander/repos/bannou/bannou-service/bannou-service.csproj]
/home/lysander/repos/bannou/bannou-service/Generated/Models/OrchestratorModels.cs(1901,22): warning CS1591: Missing XML comment for publicly visible type or member 'LogsResponse' [/home/lysander/repos/bannou/bannou-service/bannou-service.csproj]
/home/lysander/repos/bannou/bannou-service/Generated/Models/OrchestratorModels.cs(1919,61): warning CS1591: Missing XML comment for publicly visible type or member 'LogsResponse.Logs' [/home/lysander/repos/bannou/bannou-service/bannou-service.csproj]
/home/lysander/repos/bannou/bannou-service/Generated/Models/OrchestratorModels.cs(1930,68): warning CS1591: Missing XML comment for publicly visible type or member 'LogsResponse.AdditionalProperties' [/home/lysander/repos/bannou/bannou-service/bannou-service.csproj]
/home/lysander/repos/bannou/bannou-service/Generated/Models/OrchestratorModels.cs(1939,22): warning CS1591: Missing XML comment for publicly visible type or member 'LogEntry' [/home/lysander/repos/bannou/bannou-service/bannou-service.csproj]
/home/lysander/repos/bannou/bannou-service/Generated/Models/OrchestratorModels.cs(1945,34): warning CS1591: Missing XML comment for publicly visible type or member 'LogEntry.Timestamp' [/home/lysander/repos/bannou/bannou-service/bannou-service.csproj]
/home/lysander/repos/bannou/bannou-service/Generated/Models/OrchestratorModels.cs(1949,27): warning CS1591: Missing XML comment for publicly visible type or member 'LogEntry.Stream' [/home/lysander/repos/bannou/bannou-service/bannou-service.csproj]
/home/lysander/repos/bannou/bannou-service/Generated/Models/OrchestratorModels.cs(1954,19): warning CS1591: Missing XML comment for publicly visible type or member 'LogEntry.Message' [/home/lysander/repos/bannou/bannou-service/bannou-service.csproj]
/home/lysander/repos/bannou/bannou-service/Generated/Models/OrchestratorModels.cs(1959,68): warning CS1591: Missing XML comment for publicly visible type or member 'LogEntry.AdditionalProperties' [/home/lysander/repos/bannou/bannou-service/bannou-service.csproj]
/home/lysander/repos/bannou/bannou-service/Generated/Models/OrchestratorModels.cs(1968,22): warning CS1591: Missing XML comment for publicly visible type or member 'TopologyUpdateRequest' [/home/lysander/repos/bannou/bannou-service/bannou-service.csproj]
/home/lysander/repos/bannou/bannou-service/Generated/Models/OrchestratorModels.cs(1981,27): warning CS1591: Missing XML comment for publicly visible type or member 'TopologyUpdateRequest.Mode' [/home/lysander/repos/bannou/bannou-service/bannou-service.csproj]
/home/lysander/repos/bannou/bannou-service/Generated/Models/OrchestratorModels.cs(1992,68): warning CS1591: Missing XML comment for publicly visible type or member 'TopologyUpdateRequest.AdditionalProperties' [/home/lysander/repos/bannou/bannou-service/bannou-service.csproj]
/home/lysander/repos/bannou/bannou-service/Generated/Models/OrchestratorModels.cs(2001,22): warning CS1591: Missing XML comment for publicly visible type or member 'TopologyChange' [/home/lysander/repos/bannou/bannou-service/bannou-service.csproj]
/home/lysander/repos/bannou/bannou-service/Generated/Models/OrchestratorModels.cs(2046,68): warning CS1591: Missing XML comment for publicly visible type or member 'TopologyChange.AdditionalProperties' [/home/lysander/repos/bannou/bannou-service/bannou-service.csproj]
/home/lysander/repos/bannou/bannou-service/Generated/Models/OrchestratorModels.cs(2055,22): warning CS1591: Missing XML comment for publicly visible type or member 'TopologyUpdateResponse' [/home/lysander/repos/bannou/bannou-service/bannou-service.csproj]
/home/lysander/repos/bannou/bannou-service/Generated/Models/OrchestratorModels.cs(2059,17): warning CS1591: Missing XML comment for publicly visible type or member 'TopologyUpdateResponse.Success' [/home/lysander/repos/bannou/bannou-service/bannou-service.csproj]
/home/lysander/repos/bannou/bannou-service/Generated/Models/OrchestratorModels.cs(2064,66): warning CS1591: Missing XML comment for publicly visible type or member 'TopologyUpdateResponse.AppliedChanges' [/home/lysander/repos/bannou/bannou-service/bannou-service.csproj]
/home/lysander/repos/bannou/bannou-service/Generated/Models/OrchestratorModels.cs(2073,19): warning CS1591: Missing XML comment for publicly visible type or member 'TopologyUpdateResponse.Duration' [/home/lysander/repos/bannou/bannou-service/bannou-service.csproj]
/home/lysander/repos/bannou/bannou-service/Generated/Models/OrchestratorModels.cs(2076,59): warning CS1591: Missing XML comment for publicly visible type or member 'TopologyUpdateResponse.Warnings' [/home/lysander/repos/bannou/bannou-service/bannou-service.csproj]
/home/lysander/repos/bannou/bannou-service/Generated/Models/OrchestratorModels.cs(2079,19): warning CS1591: Missing XML comment for publicly visible type or member 'TopologyUpdateResponse.Message' [/home/lysander/repos/bannou/bannou-service/bannou-service.csproj]
/home/lysander/repos/bannou/bannou-service/Generated/Models/OrchestratorModels.cs(2084,68): warning CS1591: Missing XML comment for publicly visible type or member 'TopologyUpdateResponse.AdditionalProperties' [/home/lysander/repos/bannou/bannou-service/bannou-service.csproj]
/home/lysander/repos/bannou/bannou-service/Generated/Models/OrchestratorModels.cs(2093,22): warning CS1591: Missing XML comment for publicly visible type or member 'AppliedChange' [/home/lysander/repos/bannou/bannou-service/bannou-service.csproj]
/home/lysander/repos/bannou/bannou-service/Generated/Models/OrchestratorModels.cs(2099,19): warning CS1591: Missing XML comment for publicly visible type or member 'AppliedChange.Action' [/home/lysander/repos/bannou/bannou-service/bannou-service.csproj]
/home/lysander/repos/bannou/bannou-service/Generated/Models/OrchestratorModels.cs(2108,17): warning CS1591: Missing XML comment for publicly visible type or member 'AppliedChange.Success' [/home/lysander/repos/bannou/bannou-service/bannou-service.csproj]
/home/lysander/repos/bannou/bannou-service/Generated/Models/OrchestratorModels.cs(2119,68): warning CS1591: Missing XML comment for publicly visible type or member 'AppliedChange.AdditionalProperties' [/home/lysander/repos/bannou/bannou-service/bannou-service.csproj]
/home/lysander/repos/bannou/bannou-service/Generated/Models/OrchestratorModels.cs(2128,22): warning CS1591: Missing XML comment for publicly visible type or member 'ErrorResponse' [/home/lysander/repos/bannou/bannou-service/bannou-service.csproj]
/home/lysander/repos/bannou/bannou-service/Generated/Models/OrchestratorModels.cs(2156,68): warning CS1591: Missing XML comment for publicly visible type or member 'ErrorResponse.AdditionalProperties' [/home/lysander/repos/bannou/bannou-service/bannou-service.csproj]
/home/lysander/repos/bannou/bannou-service/Generated/Models/OrchestratorModels.cs(2176,19): warning CS1591: Missing XML comment for publicly visible type or member 'DeploymentEvent.EventId' [/home/lysander/repos/bannou/bannou-service/bannou-service.csproj]
/home/lysander/repos/bannou/bannou-service/Generated/Models/OrchestratorModels.cs(2181,34): warning CS1591: Missing XML comment for publicly visible type or member 'DeploymentEvent.Timestamp' [/home/lysander/repos/bannou/bannou-service/bannou-service.csproj]
/home/lysander/repos/bannou/bannou-service/Generated/Models/OrchestratorModels.cs(2187,34): warning CS1591: Missing XML comment for publicly visible type or member 'DeploymentEvent.Action' [/home/lysander/repos/bannou/bannou-service/bannou-service.csproj]
/home/lysander/repos/bannou/bannou-service/Generated/Models/OrchestratorModels.cs(2192,19): warning CS1591: Missing XML comment for publicly visible type or member 'DeploymentEvent.DeploymentId' [/home/lysander/repos/bannou/bannou-service/bannou-service.csproj]
/home/lysander/repos/bannou/bannou-service/Generated/Models/OrchestratorModels.cs(2195,19): warning CS1591: Missing XML comment for publicly visible type or member 'DeploymentEvent.Preset' [/home/lysander/repos/bannou/bannou-service/bannou-service.csproj]
/home/lysander/repos/bannou/bannou-service/Generated/Models/OrchestratorModels.cs(2199,24): warning CS1591: Missing XML comment for publicly visible type or member 'DeploymentEvent.Backend' [/home/lysander/repos/bannou/bannou-service/bannou-service.csproj]
/home/lysander/repos/bannou/bannou-service/Generated/Models/OrchestratorModels.cs(2216,68): warning CS1591: Missing XML comment for publicly visible type or member 'DeploymentEvent.AdditionalProperties' [/home/lysander/repos/bannou/bannou-service/bannou-service.csproj]
/home/lysander/repos/bannou/bannou-service/Generated/Models/OrchestratorModels.cs(2236,19): warning CS1591: Missing XML comment for publicly visible type or member 'ServiceRestartEvent.EventId' [/home/lysander/repos/bannou/bannou-service/bannou-service.csproj]
/home/lysander/repos/bannou/bannou-service/Generated/Models/OrchestratorModels.cs(2241,19): warning CS1591: Missing XML comment for publicly visible type or member 'ServiceRestartEvent.ServiceName' [/home/lysander/repos/bannou/bannou-service/bannou-service.csproj]
/home/lysander/repos/bannou/bannou-service/Generated/Models/OrchestratorModels.cs(2246,19): warning CS1591: Missing XML comment for publicly visible type or member 'ServiceRestartEvent.Reason' [/home/lysander/repos/bannou/bannou-service/bannou-service.csproj]
/home/lysander/repos/bannou/bannou-service/Generated/Models/OrchestratorModels.cs(2249,17): warning CS1591: Missing XML comment for publicly visible type or member 'ServiceRestartEvent.Forced' [/home/lysander/repos/bannou/bannou-service/bannou-service.csproj]
/home/lysander/repos/bannou/bannou-service/Generated/Models/OrchestratorModels.cs(2252,67): warning CS1591: Missing XML comment for publicly visible type or member 'ServiceRestartEvent.NewEnvironment' [/home/lysander/repos/bannou/bannou-service/bannou-service.csproj]
/home/lysander/repos/bannou/bannou-service/Generated/Models/OrchestratorModels.cs(2257,68): warning CS1591: Missing XML comment for publicly visible type or member 'ServiceRestartEvent.AdditionalProperties' [/home/lysander/repos/bannou/bannou-service/bannou-service.csproj]
/home/lysander/repos/bannou/bannou-service/Generated/Models/OrchestratorModels.cs(2287,34): warning CS1591: Missing XML comment for publicly visible type or member 'ConfigurationChangedEvent.Timestamp' [/home/lysander/repos/bannou/bannou-service/bannou-service.csproj]
/home/lysander/repos/bannou/bannou-service/Generated/Models/OrchestratorModels.cs(2312,68): warning CS1591: Missing XML comment for publicly visible type or member 'ConfigurationChangedEvent.AdditionalProperties' [/home/lysander/repos/bannou/bannou-service/bannou-service.csproj]
/home/lysander/repos/bannou/bannou-service/Generated/Models/OrchestratorModels.cs(2332,5): warning CS1591: Missing XML comment for publicly visible type or member 'RestartPriority.Graceful' [/home/lysander/repos/bannou/bannou-service/bannou-service.csproj]
/home/lysander/repos/bannou/bannou-service/Generated/Models/OrchestratorModels.cs(2335,5): warning CS1591: Missing XML comment for publicly visible type or member 'RestartPriority.Immediate' [/home/lysander/repos/bannou/bannou-service/bannou-service.csproj]
/home/lysander/repos/bannou/bannou-service/Generated/Models/OrchestratorModels.cs(2338,5): warning CS1591: Missing XML comment for publicly visible type or member 'RestartPriority.Force' [/home/lysander/repos/bannou/bannou-service/bannou-service.csproj]
/home/lysander/repos/bannou/bannou-service/Generated/Models/OrchestratorModels.cs(2343,22): warning CS1591: Missing XML comment for publicly visible type or member 'ContainerRestartRequest' [/home/lysander/repos/bannou/bannou-service/bannou-service.csproj]
/home/lysander/repos/bannou/bannou-service/Generated/Models/OrchestratorModels.cs(2356,28): warning CS1591: Missing XML comment for publicly visible type or member 'ContainerRestartRequest.Priority' [/home/lysander/repos/bannou/bannou-service/bannou-service.csproj]
/home/lysander/repos/bannou/bannou-service/Generated/Models/OrchestratorModels.cs(2367,68): warning CS1591: Missing XML comment for publicly visible type or member 'ContainerRestartRequest.AdditionalProperties' [/home/lysander/repos/bannou/bannou-service/bannou-service.csproj]
/home/lysander/repos/bannou/bannou-service/Generated/Models/OrchestratorModels.cs(2376,22): warning CS1591: Missing XML comment for publicly visible type or member 'ContainerRestartResponse' [/home/lysander/repos/bannou/bannou-service/bannou-service.csproj]
/home/lysander/repos/bannou/bannou-service/Generated/Models/OrchestratorModels.cs(2421,68): warning CS1591: Missing XML comment for publicly visible type or member 'ContainerRestartResponse.AdditionalProperties' [/home/lysander/repos/bannou/bannou-service/bannou-service.csproj]
/home/lysander/repos/bannou/bannou-service/Generated/Models/OrchestratorModels.cs(2430,22): warning CS1591: Missing XML comment for publicly visible type or member 'ContainerStatus' [/home/lysander/repos/bannou/bannou-service/bannou-service.csproj]
/home/lysander/repos/bannou/bannou-service/Generated/Models/OrchestratorModels.cs(2445,34): warning CS1591: Missing XML comment for publicly visible type or member 'ContainerStatus.Status' [/home/lysander/repos/bannou/bannou-service/bannou-service.csproj]
/home/lysander/repos/bannou/bannou-service/Generated/Models/OrchestratorModels.cs(2450,34): warning CS1591: Missing XML comment for publicly visible type or member 'ContainerStatus.Timestamp' [/home/lysander/repos/bannou/bannou-service/bannou-service.csproj]
/home/lysander/repos/bannou/bannou-service/Generated/Models/OrchestratorModels.cs(2483,25): warning CS1591: Missing XML comment for publicly visible type or member 'ContainerStatus.HealthChecks' [/home/lysander/repos/bannou/bannou-service/bannou-service.csproj]
/home/lysander/repos/bannou/bannou-service/Generated/Models/OrchestratorModels.cs(2494,68): warning CS1591: Missing XML comment for publicly visible type or member 'ContainerStatus.AdditionalProperties' [/home/lysander/repos/bannou/bannou-service/bannou-service.csproj]
/home/lysander/repos/bannou/bannou-service/Generated/Models/OrchestratorModels.cs(2503,22): warning CS1591: Missing XML comment for publicly visible type or member 'RestartHistoryEntry' [/home/lysander/repos/bannou/bannou-service/bannou-service.csproj]
/home/lysander/repos/bannou/bannou-service/Generated/Models/OrchestratorModels.cs(2509,34): warning CS1591: Missing XML comment for publicly visible type or member 'RestartHistoryEntry.Timestamp' [/home/lysander/repos/bannou/bannou-service/bannou-service.csproj]
/home/lysander/repos/bannou/bannou-service/Generated/Models/OrchestratorModels.cs(2514,19): warning CS1591: Missing XML comment for publicly visible type or member 'RestartHistoryEntry.Reason' [/home/lysander/repos/bannou/bannou-service/bannou-service.csproj]
/home/lysander/repos/bannou/bannou-service/Generated/Models/OrchestratorModels.cs(2518,28): warning CS1591: Missing XML comment for publicly visible type or member 'RestartHistoryEntry.Priority' [/home/lysander/repos/bannou/bannou-service/bannou-service.csproj]
/home/lysander/repos/bannou/bannou-service/Generated/Models/OrchestratorModels.cs(2527,17): warning CS1591: Missing XML comment for publicly visible type or member 'RestartHistoryEntry.Success' [/home/lysander/repos/bannou/bannou-service/bannou-service.csproj]
/home/lysander/repos/bannou/bannou-service/Generated/Models/OrchestratorModels.cs(2538,68): warning CS1591: Missing XML comment for publicly visible type or member 'RestartHistoryEntry.AdditionalProperties' [/home/lysander/repos/bannou/bannou-service/bannou-service.csproj]
/home/lysander/repos/bannou/bannou-service/Generated/Models/OrchestratorModels.cs(2547,22): warning CS1591: Missing XML comment for publicly visible type or member 'ConfigRollbackRequest' [/home/lysander/repos/bannou/bannou-service/bannou-service.csproj]
/home/lysander/repos/bannou/bannou-service/Generated/Models/OrchestratorModels.cs(2561,68): warning CS1591: Missing XML comment for publicly visible type or member 'ConfigRollbackRequest.AdditionalProperties' [/home/lysander/repos/bannou/bannou-service/bannou-service.csproj]
/home/lysander/repos/bannou/bannou-service/Generated/Models/OrchestratorModels.cs(2570,22): warning CS1591: Missing XML comment for publicly visible type or member 'ConfigRollbackResponse' [/home/lysander/repos/bannou/bannou-service/bannou-service.csproj]
/home/lysander/repos/bannou/bannou-service/Generated/Models/OrchestratorModels.cs(2574,17): warning CS1591: Missing XML comment for publicly visible type or member 'ConfigRollbackResponse.Success' [/home/lysander/repos/bannou/bannou-service/bannou-service.csproj]
/home/lysander/repos/bannou/bannou-service/Generated/Models/OrchestratorModels.cs(2595,19): warning CS1591: Missing XML comment for publicly visible type or member 'ConfigRollbackResponse.Message' [/home/lysander/repos/bannou/bannou-service/bannou-service.csproj]
/home/lysander/repos/bannou/bannou-service/Generated/Models/OrchestratorModels.cs(2600,68): warning CS1591: Missing XML comment for publicly visible type or member 'ConfigRollbackResponse.AdditionalProperties' [/home/lysander/repos/bannou/bannou-service/bannou-service.csproj]
/home/lysander/repos/bannou/bannou-service/Generated/Models/OrchestratorModels.cs(2609,22): warning CS1591: Missing XML comment for publicly visible type or member 'ConfigVersionResponse' [/home/lysander/repos/bannou/bannou-service/bannou-service.csproj]
/home/lysander/repos/bannou/bannou-service/Generated/Models/OrchestratorModels.cs(2647,68): warning CS1591: Missing XML comment for publicly visible type or member 'ConfigVersionResponse.AdditionalProperties' [/home/lysander/repos/bannou/bannou-service/bannou-service.csproj]
/home/lysander/repos/bannou/bannou-service/Generated/Models/OrchestratorModels.cs(2656,22): warning CS1591: Missing XML comment for publicly visible type or member 'AcquireProcessorRequest' [/home/lysander/repos/bannou/bannou-service/bannou-service.csproj]
/home/lysander/repos/bannou/bannou-service/Generated/Models/OrchestratorModels.cs(2688,68): warning CS1591: Missing XML comment for publicly visible type or member 'AcquireProcessorRequest.AdditionalProperties' [/home/lysander/repos/bannou/bannou-service/bannou-service.csproj]
/home/lysander/repos/bannou/bannou-service/Generated/Models/OrchestratorModels.cs(2697,22): warning CS1591: Missing XML comment for publicly visible type or member 'AcquireProcessorResponse' [/home/lysander/repos/bannou/bannou-service/bannou-service.csproj]
/home/lysander/repos/bannou/bannou-service/Generated/Models/OrchestratorModels.cs(2735,68): warning CS1591: Missing XML comment for publicly visible type or member 'AcquireProcessorResponse.AdditionalProperties' [/home/lysander/repos/bannou/bannou-service/bannou-service.csproj]
/home/lysander/repos/bannou/bannou-service/Generated/Models/OrchestratorModels.cs(2744,22): warning CS1591: Missing XML comment for publicly visible type or member 'PoolBusyResponse' [/home/lysander/repos/bannou/bannou-service/bannou-service.csproj]
/home/lysander/repos/bannou/bannou-service/Generated/Models/OrchestratorModels.cs(2776,68): warning CS1591: Missing XML comment for publicly visible type or member 'PoolBusyResponse.AdditionalProperties' [/home/lysander/repos/bannou/bannou-service/bannou-service.csproj]
/home/lysander/repos/bannou/bannou-service/Generated/Models/OrchestratorModels.cs(2785,22): warning CS1591: Missing XML comment for publicly visible type or member 'ReleaseProcessorRequest' [/home/lysander/repos/bannou/bannou-service/bannou-service.csproj]
/home/lysander/repos/bannou/bannou-service/Generated/Models/OrchestratorModels.cs(2811,68): warning CS1591: Missing XML comment for publicly visible type or member 'ReleaseProcessorRequest.AdditionalProperties' [/home/lysander/repos/bannou/bannou-service/bannou-service.csproj]
/home/lysander/repos/bannou/bannou-service/Generated/Models/OrchestratorModels.cs(2820,22): warning CS1591: Missing XML comment for publicly visible type or member 'ReleaseProcessorResponse' [/home/lysander/repos/bannou/bannou-service/bannou-service.csproj]
/home/lysander/repos/bannou/bannou-service/Generated/Models/OrchestratorModels.cs(2838,68): warning CS1591: Missing XML comment for publicly visible type or member 'ReleaseProcessorResponse.AdditionalProperties' [/home/lysander/repos/bannou/bannou-service/bannou-service.csproj]
/home/lysander/repos/bannou/bannou-service/Generated/Models/OrchestratorModels.cs(2847,22): warning CS1591: Missing XML comment for publicly visible type or member 'GetPoolStatusRequest' [/home/lysander/repos/bannou/bannou-service/bannou-service.csproj]
/home/lysander/repos/bannou/bannou-service/Generated/Models/OrchestratorModels.cs(2867,68): warning CS1591: Missing XML comment for publicly visible type or member 'GetPoolStatusRequest.AdditionalProperties' [/home/lysander/repos/bannou/bannou-service/bannou-service.csproj]
/home/lysander/repos/bannou/bannou-service/Generated/Models/OrchestratorModels.cs(2876,22): warning CS1591: Missing XML comment for publicly visible type or member 'PoolStatusResponse' [/home/lysander/repos/bannou/bannou-service/bannou-service.csproj]
/home/lysander/repos/bannou/bannou-service/Generated/Models/OrchestratorModels.cs(2936,24): warning CS1591: Missing XML comment for publicly visible type or member 'PoolStatusResponse.RecentMetrics' [/home/lysander/repos/bannou/bannou-service/bannou-service.csproj]
/home/lysander/repos/bannou/bannou-service/Generated/Models/OrchestratorModels.cs(2941,68): warning CS1591: Missing XML comment for publicly visible type or member 'PoolStatusResponse.AdditionalProperties' [/home/lysander/repos/bannou/bannou-service/bannou-service.csproj]
/home/lysander/repos/bannou/bannou-service/Generated/Models/OrchestratorModels.cs(2950,22): warning CS1591: Missing XML comment for publicly visible type or member 'PoolMetrics' [/home/lysander/repos/bannou/bannou-service/bannou-service.csproj]
/home/lysander/repos/bannou/bannou-service/Generated/Models/OrchestratorModels.cs(2980,68): warning CS1591: Missing XML comment for publicly visible type or member 'PoolMetrics.AdditionalProperties' [/home/lysander/repos/bannou/bannou-service/bannou-service.csproj]
/home/lysander/repos/bannou/bannou-service/Generated/Models/OrchestratorModels.cs(2989,22): warning CS1591: Missing XML comment for publicly visible type or member 'ScalePoolRequest' [/home/lysander/repos/bannou/bannou-service/bannou-service.csproj]
/home/lysander/repos/bannou/bannou-service/Generated/Models/OrchestratorModels.cs(3016,68): warning CS1591: Missing XML comment for publicly visible type or member 'ScalePoolRequest.AdditionalProperties' [/home/lysander/repos/bannou/bannou-service/bannou-service.csproj]
/home/lysander/repos/bannou/bannou-service/Generated/Models/OrchestratorModels.cs(3025,22): warning CS1591: Missing XML comment for publicly visible type or member 'ScalePoolResponse' [/home/lysander/repos/bannou/bannou-service/bannou-service.csproj]
/home/lysander/repos/bannou/bannou-service/Generated/Models/OrchestratorModels.cs(3069,68): warning CS1591: Missing XML comment for publicly visible type or member 'ScalePoolResponse.AdditionalProperties' [/home/lysander/repos/bannou/bannou-service/bannou-service.csproj]
/home/lysander/repos/bannou/bannou-service/Generated/Models/OrchestratorModels.cs(3078,22): warning CS1591: Missing XML comment for publicly visible type or member 'CleanupPoolRequest' [/home/lysander/repos/bannou/bannou-service/bannou-service.csproj]
/home/lysander/repos/bannou/bannou-service/Generated/Models/OrchestratorModels.cs(3098,68): warning CS1591: Missing XML comment for publicly visible type or member 'CleanupPoolRequest.AdditionalProperties' [/home/lysander/repos/bannou/bannou-service/bannou-service.csproj]
/home/lysander/repos/bannou/bannou-service/Generated/Models/OrchestratorModels.cs(3107,22): warning CS1591: Missing XML comment for publicly visible type or member 'CleanupPoolResponse' [/home/lysander/repos/bannou/bannou-service/bannou-service.csproj]
/home/lysander/repos/bannou/bannou-service/Generated/Models/OrchestratorModels.cs(3139,68): warning CS1591: Missing XML comment for publicly visible type or member 'CleanupPoolResponse.AdditionalProperties' [/home/lysander/repos/bannou/bannou-service/bannou-service.csproj]
/home/lysander/repos/bannou/bannou-service/Generated/Models/OrchestratorModels.cs(3148,13): warning CS1591: Missing XML comment for publicly visible type or member 'ListPresetsRequestCategory' [/home/lysander/repos/bannou/bannou-service/bannou-service.csproj]
/home/lysander/repos/bannou/bannou-service/Generated/Models/OrchestratorModels.cs(3152,5): warning CS1591: Missing XML comment for publicly visible type or member 'ListPresetsRequestCategory.Development' [/home/lysander/repos/bannou/bannou-service/bannou-service.csproj]
/home/lysander/repos/bannou/bannou-service/Generated/Models/OrchestratorModels.cs(3155,5): warning CS1591: Missing XML comment for publicly visible type or member 'ListPresetsRequestCategory.Testing' [/home/lysander/repos/bannou/bannou-service/bannou-service.csproj]
/home/lysander/repos/bannou/bannou-service/Generated/Models/OrchestratorModels.cs(3158,5): warning CS1591: Missing XML comment for publicly visible type or member 'ListPresetsRequestCategory.Production' [/home/lysander/repos/bannou/bannou-service/bannou-service.csproj]
/home/lysander/repos/bannou/bannou-service/Generated/Models/OrchestratorModels.cs(3161,5): warning CS1591: Missing XML comment for publicly visible type or member 'ListPresetsRequestCategory.Custom' [/home/lysander/repos/bannou/bannou-service/bannou-service.csproj]
/home/lysander/repos/bannou/bannou-service/Generated/Models/OrchestratorModels.cs(3166,13): warning CS1591: Missing XML comment for publicly visible type or member 'ComponentHealthStatus' [/home/lysander/repos/bannou/bannou-service/bannou-service.csproj]
/home/lysander/repos/bannou/bannou-service/Generated/Models/OrchestratorModels.cs(3170,5): warning CS1591: Missing XML comment for publicly visible type or member 'ComponentHealthStatus.Healthy' [/home/lysander/repos/bannou/bannou-service/bannou-service.csproj]
/home/lysander/repos/bannou/bannou-service/Generated/Models/OrchestratorModels.cs(3173,5): warning CS1591: Missing XML comment for publicly visible type or member 'ComponentHealthStatus.Degraded' [/home/lysander/repos/bannou/bannou-service/bannou-service.csproj]
/home/lysander/repos/bannou/bannou-service/Generated/Models/OrchestratorModels.cs(3176,5): warning CS1591: Missing XML comment for publicly visible type or member 'ComponentHealthStatus.Unavailable' [/home/lysander/repos/bannou/bannou-service/bannou-service.csproj]
/home/lysander/repos/bannou/bannou-service/Generated/Models/OrchestratorModels.cs(3181,22): warning CS1591: Missing XML comment for publicly visible type or member 'Capacity' [/home/lysander/repos/bannou/bannou-service/bannou-service.csproj]
/home/lysander/repos/bannou/bannou-service/Generated/Models/OrchestratorModels.cs(3185,16): warning CS1591: Missing XML comment for publicly visible type or member 'Capacity.MaxConnections' [/home/lysander/repos/bannou/bannou-service/bannou-service.csproj]
/home/lysander/repos/bannou/bannou-service/Generated/Models/OrchestratorModels.cs(3188,16): warning CS1591: Missing XML comment for publicly visible type or member 'Capacity.CurrentConnections' [/home/lysander/repos/bannou/bannou-service/bannou-service.csproj]
/home/lysander/repos/bannou/bannou-service/Generated/Models/OrchestratorModels.cs(3191,18): warning CS1591: Missing XML comment for publicly visible type or member 'Capacity.CpuUsage' [/home/lysander/repos/bannou/bannou-service/bannou-service.csproj]
/home/lysander/repos/bannou/bannou-service/Generated/Models/OrchestratorModels.cs(3194,18): warning CS1591: Missing XML comment for publicly visible type or member 'Capacity.MemoryUsage' [/home/lysander/repos/bannou/bannou-service/bannou-service.csproj]
/home/lysander/repos/bannou/bannou-service/Generated/Models/OrchestratorModels.cs(3199,68): warning CS1591: Missing XML comment for publicly visible type or member 'Capacity.AdditionalProperties' [/home/lysander/repos/bannou/bannou-service/bannou-service.csproj]
/home/lysander/repos/bannou/bannou-service/Generated/Models/OrchestratorModels.cs(3208,13): warning CS1591: Missing XML comment for publicly visible type or member 'TestExecutionRequestTestType' [/home/lysander/repos/bannou/bannou-service/bannou-service.csproj]
/home/lysander/repos/bannou/bannou-service/Generated/Models/OrchestratorModels.cs(3212,5): warning CS1591: Missing XML comment for publicly visible type or member 'TestExecutionRequestTestType.Infrastructure' [/home/lysander/repos/bannou/bannou-service/bannou-service.csproj]
/home/lysander/repos/bannou/bannou-service/Generated/Models/OrchestratorModels.cs(3215,5): warning CS1591: Missing XML comment for publicly visible type or member 'TestExecutionRequestTestType.Http' [/home/lysander/repos/bannou/bannou-service/bannou-service.csproj]
/home/lysander/repos/bannou/bannou-service/Generated/Models/OrchestratorModels.cs(3218,5): warning CS1591: Missing XML comment for publicly visible type or member 'TestExecutionRequestTestType.Edge' [/home/lysander/repos/bannou/bannou-service/bannou-service.csproj]
/home/lysander/repos/bannou/bannou-service/Generated/Models/OrchestratorModels.cs(3223,13): warning CS1591: Missing XML comment for publicly visible type or member 'DeploymentPresetCategory' [/home/lysander/repos/bannou/bannou-service/bannou-service.csproj]
/home/lysander/repos/bannou/bannou-service/Generated/Models/OrchestratorModels.cs(3227,5): warning CS1591: Missing XML comment for publicly visible type or member 'DeploymentPresetCategory.Development' [/home/lysander/repos/bannou/bannou-service/bannou-service.csproj]
/home/lysander/repos/bannou/bannou-service/Generated/Models/OrchestratorModels.cs(3230,5): warning CS1591: Missing XML comment for publicly visible type or member 'DeploymentPresetCategory.Testing' [/home/lysander/repos/bannou/bannou-service/bannou-service.csproj]
/home/lysander/repos/bannou/bannou-service/Generated/Models/OrchestratorModels.cs(3233,5): warning CS1591: Missing XML comment for publicly visible type or member 'DeploymentPresetCategory.Production' [/home/lysander/repos/bannou/bannou-service/bannou-service.csproj]
/home/lysander/repos/bannou/bannou-service/Generated/Models/OrchestratorModels.cs(3236,5): warning CS1591: Missing XML comment for publicly visible type or member 'DeploymentPresetCategory.Custom' [/home/lysander/repos/bannou/bannou-service/bannou-service.csproj]
/home/lysander/repos/bannou/bannou-service/Generated/Models/OrchestratorModels.cs(3241,13): warning CS1591: Missing XML comment for publicly visible type or member 'IngressConfigType' [/home/lysander/repos/bannou/bannou-service/bannou-service.csproj]
/home/lysander/repos/bannou/bannou-service/Generated/Models/OrchestratorModels.cs(3245,5): warning CS1591: Missing XML comment for publicly visible type or member 'IngressConfigType.Openresty' [/home/lysander/repos/bannou/bannou-service/bannou-service.csproj]
/home/lysander/repos/bannou/bannou-service/Generated/Models/OrchestratorModels.cs(3248,5): warning CS1591: Missing XML comment for publicly visible type or member 'IngressConfigType.Nginx' [/home/lysander/repos/bannou/bannou-service/bannou-service.csproj]
/home/lysander/repos/bannou/bannou-service/Generated/Models/OrchestratorModels.cs(3251,5): warning CS1591: Missing XML comment for publicly visible type or member 'IngressConfigType.Traefik' [/home/lysander/repos/bannou/bannou-service/bannou-service.csproj]
/home/lysander/repos/bannou/bannou-service/Generated/Models/OrchestratorModels.cs(3254,5): warning CS1591: Missing XML comment for publicly visible type or member 'IngressConfigType.None' [/home/lysander/repos/bannou/bannou-service/bannou-service.csproj]
/home/lysander/repos/bannou/bannou-service/Generated/Models/OrchestratorModels.cs(3259,22): warning CS1591: Missing XML comment for publicly visible type or member 'Ports' [/home/lysander/repos/bannou/bannou-service/bannou-service.csproj]
/home/lysander/repos/bannou/bannou-service/Generated/Models/OrchestratorModels.cs(3263,16): warning CS1591: Missing XML comment for publicly visible type or member 'Ports.Http' [/home/lysander/repos/bannou/bannou-service/bannou-service.csproj]
/home/lysander/repos/bannou/bannou-service/Generated/Models/OrchestratorModels.cs(3266,16): warning CS1591: Missing XML comment for publicly visible type or member 'Ports.Https' [/home/lysander/repos/bannou/bannou-service/bannou-service.csproj]
/home/lysander/repos/bannou/bannou-service/Generated/Models/OrchestratorModels.cs(3271,68): warning CS1591: Missing XML comment for publicly visible type or member 'Ports.AdditionalProperties' [/home/lysander/repos/bannou/bannou-service/bannou-service.csproj]
/home/lysander/repos/bannou/bannou-service/Generated/Models/OrchestratorModels.cs(3280,13): warning CS1591: Missing XML comment for publicly visible type or member 'DeployedServiceStatus' [/home/lysander/repos/bannou/bannou-service/bannou-service.csproj]
/home/lysander/repos/bannou/bannou-service/Generated/Models/OrchestratorModels.cs(3284,5): warning CS1591: Missing XML comment for publicly visible type or member 'DeployedServiceStatus.Starting' [/home/lysander/repos/bannou/bannou-service/bannou-service.csproj]
/home/lysander/repos/bannou/bannou-service/Generated/Models/OrchestratorModels.cs(3287,5): warning CS1591: Missing XML comment for publicly visible type or member 'DeployedServiceStatus.Running' [/home/lysander/repos/bannou/bannou-service/bannou-service.csproj]
/home/lysander/repos/bannou/bannou-service/Generated/Models/OrchestratorModels.cs(3290,5): warning CS1591: Missing XML comment for publicly visible type or member 'DeployedServiceStatus.Healthy' [/home/lysander/repos/bannou/bannou-service/bannou-service.csproj]
/home/lysander/repos/bannou/bannou-service/Generated/Models/OrchestratorModels.cs(3293,5): warning CS1591: Missing XML comment for publicly visible type or member 'DeployedServiceStatus.Unhealthy' [/home/lysander/repos/bannou/bannou-service/bannou-service.csproj]
/home/lysander/repos/bannou/bannou-service/Generated/Models/OrchestratorModels.cs(3296,5): warning CS1591: Missing XML comment for publicly visible type or member 'DeployedServiceStatus.Stopped' [/home/lysander/repos/bannou/bannou-service/bannou-service.csproj]
/home/lysander/repos/bannou/bannou-service/Generated/Models/OrchestratorModels.cs(3301,13): warning CS1591: Missing XML comment for publicly visible type or member 'LogEntryStream' [/home/lysander/repos/bannou/bannou-service/bannou-service.csproj]
/home/lysander/repos/bannou/bannou-service/Generated/Models/OrchestratorModels.cs(3305,5): warning CS1591: Missing XML comment for publicly visible type or member 'LogEntryStream.Stdout' [/home/lysander/repos/bannou/bannou-service/bannou-service.csproj]
/home/lysander/repos/bannou/bannou-service/Generated/Models/OrchestratorModels.cs(3308,5): warning CS1591: Missing XML comment for publicly visible type or member 'LogEntryStream.Stderr' [/home/lysander/repos/bannou/bannou-service/bannou-service.csproj]
/home/lysander/repos/bannou/bannou-service/Generated/Models/OrchestratorModels.cs(3313,13): warning CS1591: Missing XML comment for publicly visible type or member 'TopologyChangeAction' [/home/lysander/repos/bannou/bannou-service/bannou-service.csproj]
/home/lysander/repos/bannou/bannou-service/Generated/Models/OrchestratorModels.cs(3317,5): warning CS1591: Missing XML comment for publicly visible type or member 'TopologyChangeAction.AddNode' [/home/lysander/repos/bannou/bannou-service/bannou-service.csproj]
/home/lysander/repos/bannou/bannou-service/Generated/Models/OrchestratorModels.cs(3320,5): warning CS1591: Missing XML comment for publicly visible type or member 'TopologyChangeAction.RemoveNode' [/home/lysander/repos/bannou/bannou-service/bannou-service.csproj]
/home/lysander/repos/bannou/bannou-service/Generated/Models/OrchestratorModels.cs(3323,5): warning CS1591: Missing XML comment for publicly visible type or member 'TopologyChangeAction.MoveService' [/home/lysander/repos/bannou/bannou-service/bannou-service.csproj]
/home/lysander/repos/bannou/bannou-service/Generated/Models/OrchestratorModels.cs(3326,5): warning CS1591: Missing XML comment for publicly visible type or member 'TopologyChangeAction.Scale' [/home/lysander/repos/bannou/bannou-service/bannou-service.csproj]
/home/lysander/repos/bannou/bannou-service/Generated/Models/OrchestratorModels.cs(3329,5): warning CS1591: Missing XML comment for publicly visible type or member 'TopologyChangeAction.UpdateEnv' [/home/lysander/repos/bannou/bannou-service/bannou-service.csproj]
/home/lysander/repos/bannou/bannou-service/Generated/Models/OrchestratorModels.cs(3334,13): warning CS1591: Missing XML comment for publicly visible type or member 'DeploymentEventAction' [/home/lysander/repos/bannou/bannou-service/bannou-service.csproj]
/home/lysander/repos/bannou/bannou-service/Generated/Models/OrchestratorModels.cs(3338,5): warning CS1591: Missing XML comment for publicly visible type or member 'DeploymentEventAction.Started' [/home/lysander/repos/bannou/bannou-service/bannou-service.csproj]
/home/lysander/repos/bannou/bannou-service/Generated/Models/OrchestratorModels.cs(3341,5): warning CS1591: Missing XML comment for publicly visible type or member 'DeploymentEventAction.Completed' [/home/lysander/repos/bannou/bannou-service/bannou-service.csproj]
/home/lysander/repos/bannou/bannou-service/Generated/Models/OrchestratorModels.cs(3344,5): warning CS1591: Missing XML comment for publicly visible type or member 'DeploymentEventAction.Failed' [/home/lysander/repos/bannou/bannou-service/bannou-service.csproj]
/home/lysander/repos/bannou/bannou-service/Generated/Models/OrchestratorModels.cs(3347,5): warning CS1591: Missing XML comment for publicly visible type or member 'DeploymentEventAction.TopologyChanged' [/home/lysander/repos/bannou/bannou-service/bannou-service.csproj]
/home/lysander/repos/bannou/bannou-service/Generated/Models/OrchestratorModels.cs(3352,13): warning CS1591: Missing XML comment for publicly visible type or member 'ContainerRestartResponseRestartStrategy' [/home/lysander/repos/bannou/bannou-service/bannou-service.csproj]
/home/lysander/repos/bannou/bannou-service/Generated/Models/OrchestratorModels.cs(3356,5): warning CS1591: Missing XML comment for publicly visible type or member 'ContainerRestartResponseRestartStrategy.Rolling' [/home/lysander/repos/bannou/bannou-service/bannou-service.csproj]
/home/lysander/repos/bannou/bannou-service/Generated/Models/OrchestratorModels.cs(3359,5): warning CS1591: Missing XML comment for publicly visible type or member 'ContainerRestartResponseRestartStrategy.Simultaneous' [/home/lysander/repos/bannou/bannou-service/bannou-service.csproj]
/home/lysander/repos/bannou/bannou-service/Generated/Models/OrchestratorModels.cs(3364,13): warning CS1591: Missing XML comment for publicly visible type or member 'ContainerStatusStatus' [/home/lysander/repos/bannou/bannou-service/bannou-service.csproj]
/home/lysander/repos/bannou/bannou-service/Generated/Models/OrchestratorModels.cs(3368,5): warning CS1591: Missing XML comment for publicly visible type or member 'ContainerStatusStatus.Running' [/home/lysander/repos/bannou/bannou-service/bannou-service.csproj]
/home/lysander/repos/bannou/bannou-service/Generated/Models/OrchestratorModels.cs(3371,5): warning CS1591: Missing XML comment for publicly visible type or member 'ContainerStatusStatus.Starting' [/home/lysander/repos/bannou/bannou-service/bannou-service.csproj]
/home/lysander/repos/bannou/bannou-service/Generated/Models/OrchestratorModels.cs(3374,5): warning CS1591: Missing XML comment for publicly visible type or member 'ContainerStatusStatus.Stopping' [/home/lysander/repos/bannou/bannou-service/bannou-service.csproj]
/home/lysander/repos/bannou/bannou-service/Generated/Models/OrchestratorModels.cs(3377,5): warning CS1591: Missing XML comment for publicly visible type or member 'ContainerStatusStatus.Stopped' [/home/lysander/repos/bannou/bannou-service/bannou-service.csproj]
/home/lysander/repos/bannou/bannou-service/Generated/Models/OrchestratorModels.cs(3380,5): warning CS1591: Missing XML comment for publicly visible type or member 'ContainerStatusStatus.Unhealthy' [/home/lysander/repos/bannou/bannou-service/bannou-service.csproj]
/home/lysander/repos/bannou/bannou-service/Generated/Models/OrchestratorModels.cs(3385,22): warning CS1591: Missing XML comment for publicly visible type or member 'HealthChecks' [/home/lysander/repos/bannou/bannou-service/bannou-service.csproj]
/home/lysander/repos/bannou/bannou-service/Generated/Models/OrchestratorModels.cs(3389,34): warning CS1591: Missing XML comment for publicly visible type or member 'HealthChecks.LastCheck' [/home/lysander/repos/bannou/bannou-service/bannou-service.csproj]
/home/lysander/repos/bannou/bannou-service/Generated/Models/OrchestratorModels.cs(3392,19): warning CS1591: Missing XML comment for publicly visible type or member 'HealthChecks.Status' [/home/lysander/repos/bannou/bannou-service/bannou-service.csproj]
/home/lysander/repos/bannou/bannou-service/Generated/Models/OrchestratorModels.cs(3395,16): warning CS1591: Missing XML comment for publicly visible type or member 'HealthChecks.ConsecutiveFailures' [/home/lysander/repos/bannou/bannou-service/bannou-service.csproj]
/home/lysander/repos/bannou/bannou-service/Generated/Models/OrchestratorModels.cs(3400,68): warning CS1591: Missing XML comment for publicly visible type or member 'HealthChecks.AdditionalProperties' [/home/lysander/repos/bannou/bannou-service/bannou-service.csproj]
/home/lysander/repos/bannou/bannou-service/Generated/Clients/PermissionsClient.cs(19,26): warning CS1591: Missing XML comment for publicly visible type or member 'IPermissionsClient' [/home/lysander/repos/bannou/bannou-service/bannou-service.csproj]
/home/lysander/repos/bannou/bannou-service/Generated/Clients/PermissionsClient.cs(31,92): warning CS1573: Parameter 'body' has no matching param tag in the XML comment for 'IPermissionsClient.GetCapabilitiesAsync(CapabilityRequest, CancellationToken)' (but other parameters do) [/home/lysander/repos/bannou/bannou-service/bannou-service.csproj]
/home/lysander/repos/bannou/bannou-service/Generated/Clients/PermissionsClient.cs(42,94): warning CS1573: Parameter 'body' has no matching param tag in the XML comment for 'IPermissionsClient.ValidateApiAccessAsync(ValidationRequest, CancellationToken)' (but other parameters do) [/home/lysander/repos/bannou/bannou-service/bannou-service.csproj]
/home/lysander/repos/bannou/bannou-service/Generated/Clients/PermissionsClient.cs(53,111): warning CS1573: Parameter 'body' has no matching param tag in the XML comment for 'IPermissionsClient.RegisterServicePermissionsAsync(ServicePermissionMatrix, CancellationToken)' (but other parameters do) [/home/lysander/repos/bannou/bannou-service/bannou-service.csproj]
/home/lysander/repos/bannou/bannou-service/Generated/Clients/PermissionsClient.cs(64,99): warning CS1573: Parameter 'body' has no matching param tag in the XML comment for 'IPermissionsClient.UpdateSessionStateAsync(SessionStateUpdate, CancellationToken)' (but other parameters do) [/home/lysander/repos/bannou/bannou-service/bannou-service.csproj]
/home/lysander/repos/bannou/bannou-service/Generated/Clients/PermissionsClient.cs(75,97): warning CS1573: Parameter 'body' has no matching param tag in the XML comment for 'IPermissionsClient.UpdateSessionRoleAsync(SessionRoleUpdate, CancellationToken)' (but other parameters do) [/home/lysander/repos/bannou/bannou-service/bannou-service.csproj]
/home/lysander/repos/bannou/bannou-service/Generated/Clients/PermissionsClient.cs(88,104): warning CS1573: Parameter 'body' has no matching param tag in the XML comment for 'IPermissionsClient.ClearSessionStateAsync(ClearSessionStateRequest, CancellationToken)' (but other parameters do) [/home/lysander/repos/bannou/bannou-service/bannou-service.csproj]
/home/lysander/repos/bannou/bannou-service/Generated/Clients/PermissionsClient.cs(99,85): warning CS1573: Parameter 'body' has no matching param tag in the XML comment for 'IPermissionsClient.GetSessionInfoAsync(SessionInfoRequest, CancellationToken)' (but other parameters do) [/home/lysander/repos/bannou/bannou-service/bannou-service.csproj]
/home/lysander/repos/bannou/bannou-service/Generated/Clients/PermissionsClient.cs(116,108): warning CS1573: Parameter 'body' has no matching param tag in the XML comment for 'IPermissionsClient.GetRegisteredServicesAsync(ListServicesRequest, CancellationToken)' (but other parameters do) [/home/lysander/repos/bannou/bannou-service/bannou-service.csproj]
/home/lysander/repos/bannou/bannou-service/Generated/Clients/PermissionsClient.cs(120,22): warning CS1591: Missing XML comment for publicly visible type or member 'PermissionsClient' [/home/lysander/repos/bannou/bannou-service/bannou-service.csproj]
/home/lysander/repos/bannou/bannou-service/Generated/Clients/PermissionsClient.cs(140,12): warning CS1591: Missing XML comment for publicly visible type or member 'PermissionsClient.PermissionsClient(IMeshInvocationClient, IServiceAppMappingResolver, ILogger<PermissionsClient>?)' [/home/lysander/repos/bannou/bannou-service/bannou-service.csproj]
/home/lysander/repos/bannou/bannou-service/Generated/Clients/PermissionsClient.cs(148,54): warning CS1591: Missing XML comment for publicly visible type or member 'PermissionsClient.JsonSerializerSettings' [/home/lysander/repos/bannou/bannou-service/bannou-service.csproj]
/home/lysander/repos/bannou/bannou-service/Generated/Clients/PermissionsClient.cs(251,113): warning CS1573: Parameter 'body' has no matching param tag in the XML comment for 'PermissionsClient.GetCapabilitiesAsync(CapabilityRequest, CancellationToken)' (but other parameters do) [/home/lysander/repos/bannou/bannou-service/bannou-service.csproj]
/home/lysander/repos/bannou/bannou-service/Generated/Clients/PermissionsClient.cs(333,115): warning CS1573: Parameter 'body' has no matching param tag in the XML comment for 'PermissionsClient.ValidateApiAccessAsync(ValidationRequest, CancellationToken)' (but other parameters do) [/home/lysander/repos/bannou/bannou-service/bannou-service.csproj]
/home/lysander/repos/bannou/bannou-service/Generated/Clients/PermissionsClient.cs(415,132): warning CS1573: Parameter 'body' has no matching param tag in the XML comment for 'PermissionsClient.RegisterServicePermissionsAsync(ServicePermissionMatrix, CancellationToken)' (but other parameters do) [/home/lysander/repos/bannou/bannou-service/bannou-service.csproj]
/home/lysander/repos/bannou/bannou-service/Generated/Clients/PermissionsClient.cs(497,120): warning CS1573: Parameter 'body' has no matching param tag in the XML comment for 'PermissionsClient.UpdateSessionStateAsync(SessionStateUpdate, CancellationToken)' (but other parameters do) [/home/lysander/repos/bannou/bannou-service/bannou-service.csproj]
/home/lysander/repos/bannou/bannou-service/Generated/Clients/PermissionsClient.cs(579,118): warning CS1573: Parameter 'body' has no matching param tag in the XML comment for 'PermissionsClient.UpdateSessionRoleAsync(SessionRoleUpdate, CancellationToken)' (but other parameters do) [/home/lysander/repos/bannou/bannou-service/bannou-service.csproj]
/home/lysander/repos/bannou/bannou-service/Generated/Clients/PermissionsClient.cs(663,125): warning CS1573: Parameter 'body' has no matching param tag in the XML comment for 'PermissionsClient.ClearSessionStateAsync(ClearSessionStateRequest, CancellationToken)' (but other parameters do) [/home/lysander/repos/bannou/bannou-service/bannou-service.csproj]
/home/lysander/repos/bannou/bannou-service/Generated/Clients/PermissionsClient.cs(745,106): warning CS1573: Parameter 'body' has no matching param tag in the XML comment for 'PermissionsClient.GetSessionInfoAsync(SessionInfoRequest, CancellationToken)' (but other parameters do) [/home/lysander/repos/bannou/bannou-service/bannou-service.csproj]
/home/lysander/repos/bannou/bannou-service/Generated/Clients/PermissionsClient.cs(833,129): warning CS1573: Parameter 'body' has no matching param tag in the XML comment for 'PermissionsClient.GetRegisteredServicesAsync(ListServicesRequest, CancellationToken)' (but other parameters do) [/home/lysander/repos/bannou/bannou-service/bannou-service.csproj]
/home/lysander/repos/bannou/bannou-service/Generated/Clients/PermissionsClient.cs(906,22): warning CS1591: Missing XML comment for publicly visible type or member 'PermissionsClient.ObjectResponseResult<T>' [/home/lysander/repos/bannou/bannou-service/bannou-service.csproj]
/home/lysander/repos/bannou/bannou-service/Generated/Clients/PermissionsClient.cs(908,16): warning CS1591: Missing XML comment for publicly visible type or member 'PermissionsClient.ObjectResponseResult<T>.ObjectResponseResult(T, string)' [/home/lysander/repos/bannou/bannou-service/bannou-service.csproj]
/home/lysander/repos/bannou/bannou-service/Generated/Clients/PermissionsClient.cs(914,18): warning CS1591: Missing XML comment for publicly visible type or member 'PermissionsClient.ObjectResponseResult<T>.Object' [/home/lysander/repos/bannou/bannou-service/bannou-service.csproj]
/home/lysander/repos/bannou/bannou-service/Generated/Clients/PermissionsClient.cs(916,23): warning CS1591: Missing XML comment for publicly visible type or member 'PermissionsClient.ObjectResponseResult<T>.Text' [/home/lysander/repos/bannou/bannou-service/bannou-service.csproj]
/home/lysander/repos/bannou/bannou-service/Generated/Clients/PermissionsClient.cs(939,17): warning CS1591: Missing XML comment for publicly visible type or member 'PermissionsClient.ReadResponseAsString' [/home/lysander/repos/bannou/bannou-service/bannou-service.csproj]
/home/lysander/repos/bannou/bannou-service/Generated/Clients/PermissionsClient.cs(941,86): warning CS1591: Missing XML comment for publicly visible type or member 'PermissionsClient.ReadObjectResponseAsync<T>(HttpResponseMessage, IReadOnlyDictionary<string, IEnumerable<string>>, CancellationToken)' [/home/lysander/repos/bannou/bannou-service/bannou-service.csproj]
/home/lysander/repos/bannou/bannou-service/Generated/Models/PermissionsModels.cs(33,68): warning CS1591: Missing XML comment for publicly visible type or member 'ListServicesRequest.AdditionalProperties' [/home/lysander/repos/bannou/bannou-service/bannou-service.csproj]
/home/lysander/repos/bannou/bannou-service/Generated/Models/PermissionsModels.cs(42,22): warning CS1591: Missing XML comment for publicly visible type or member 'CapabilityRequest' [/home/lysander/repos/bannou/bannou-service/bannou-service.csproj]
/home/lysander/repos/bannou/bannou-service/Generated/Models/PermissionsModels.cs(62,68): warning CS1591: Missing XML comment for publicly visible type or member 'CapabilityRequest.AdditionalProperties' [/home/lysander/repos/bannou/bannou-service/bannou-service.csproj]
/home/lysander/repos/bannou/bannou-service/Generated/Models/PermissionsModels.cs(71,22): warning CS1591: Missing XML comment for publicly visible type or member 'CapabilityResponse' [/home/lysander/repos/bannou/bannou-service/bannou-service.csproj]
/home/lysander/repos/bannou/bannou-service/Generated/Models/PermissionsModels.cs(77,24): warning CS1591: Missing XML comment for publicly visible type or member 'CapabilityResponse.SessionId' [/home/lysander/repos/bannou/bannou-service/bannou-service.csproj]
/home/lysander/repos/bannou/bannou-service/Generated/Models/PermissionsModels.cs(96,68): warning CS1591: Missing XML comment for publicly visible type or member 'CapabilityResponse.AdditionalProperties' [/home/lysander/repos/bannou/bannou-service/bannou-service.csproj]
/home/lysander/repos/bannou/bannou-service/Generated/Models/PermissionsModels.cs(105,22): warning CS1591: Missing XML comment for publicly visible type or member 'ValidationRequest' [/home/lysander/repos/bannou/bannou-service/bannou-service.csproj]
/home/lysander/repos/bannou/bannou-service/Generated/Models/PermissionsModels.cs(111,24): warning CS1591: Missing XML comment for publicly visible type or member 'ValidationRequest.SessionId' [/home/lysander/repos/bannou/bannou-service/bannou-service.csproj]
/home/lysander/repos/bannou/bannou-service/Generated/Models/PermissionsModels.cs(132,68): warning CS1591: Missing XML comment for publicly visible type or member 'ValidationRequest.AdditionalProperties' [/home/lysander/repos/bannou/bannou-service/bannou-service.csproj]
/home/lysander/repos/bannou/bannou-service/Generated/Models/PermissionsModels.cs(141,22): warning CS1591: Missing XML comment for publicly visible type or member 'ValidationResponse' [/home/lysander/repos/bannou/bannou-service/bannou-service.csproj]
/home/lysander/repos/bannou/bannou-service/Generated/Models/PermissionsModels.cs(153,24): warning CS1591: Missing XML comment for publicly visible type or member 'ValidationResponse.SessionId' [/home/lysander/repos/bannou/bannou-service/bannou-service.csproj]
/home/lysander/repos/bannou/bannou-service/Generated/Models/PermissionsModels.cs(164,68): warning CS1591: Missing XML comment for publicly visible type or member 'ValidationResponse.AdditionalProperties' [/home/lysander/repos/bannou/bannou-service/bannou-service.csproj]
/home/lysander/repos/bannou/bannou-service/Generated/Models/PermissionsModels.cs(173,22): warning CS1591: Missing XML comment for publicly visible type or member 'ServicePermissionMatrix' [/home/lysander/repos/bannou/bannou-service/bannou-service.csproj]
/home/lysander/repos/bannou/bannou-service/Generated/Models/PermissionsModels.cs(207,68): warning CS1591: Missing XML comment for publicly visible type or member 'ServicePermissionMatrix.AdditionalProperties' [/home/lysander/repos/bannou/bannou-service/bannou-service.csproj]
/home/lysander/repos/bannou/bannou-service/Generated/Models/PermissionsModels.cs(225,22): warning CS1591: Missing XML comment for publicly visible type or member 'RegistrationResponse' [/home/lysander/repos/bannou/bannou-service/bannou-service.csproj]
/home/lysander/repos/bannou/bannou-service/Generated/Models/PermissionsModels.cs(231,19): warning CS1591: Missing XML comment for publicly visible type or member 'RegistrationResponse.ServiceId' [/home/lysander/repos/bannou/bannou-service/bannou-service.csproj]
/home/lysander/repos/bannou/bannou-service/Generated/Models/PermissionsModels.cs(258,34): warning CS1591: Missing XML comment for publicly visible type or member 'RegistrationResponse.RecompiledAt' [/home/lysander/repos/bannou/bannou-service/bannou-service.csproj]
/home/lysander/repos/bannou/bannou-service/Generated/Models/PermissionsModels.cs(263,68): warning CS1591: Missing XML comment for publicly visible type or member 'RegistrationResponse.AdditionalProperties' [/home/lysander/repos/bannou/bannou-service/bannou-service.csproj]
/home/lysander/repos/bannou/bannou-service/Generated/Models/PermissionsModels.cs(272,22): warning CS1591: Missing XML comment for publicly visible type or member 'SessionStateUpdate' [/home/lysander/repos/bannou/bannou-service/bannou-service.csproj]
/home/lysander/repos/bannou/bannou-service/Generated/Models/PermissionsModels.cs(278,24): warning CS1591: Missing XML comment for publicly visible type or member 'SessionStateUpdate.SessionId' [/home/lysander/repos/bannou/bannou-service/bannou-service.csproj]
/home/lysander/repos/bannou/bannou-service/Generated/Models/PermissionsModels.cs(311,68): warning CS1591: Missing XML comment for publicly visible type or member 'SessionStateUpdate.AdditionalProperties' [/home/lysander/repos/bannou/bannou-service/bannou-service.csproj]
/home/lysander/repos/bannou/bannou-service/Generated/Models/PermissionsModels.cs(320,22): warning CS1591: Missing XML comment for publicly visible type or member 'SessionRoleUpdate' [/home/lysander/repos/bannou/bannou-service/bannou-service.csproj]
/home/lysander/repos/bannou/bannou-service/Generated/Models/PermissionsModels.cs(326,24): warning CS1591: Missing XML comment for publicly visible type or member 'SessionRoleUpdate.SessionId' [/home/lysander/repos/bannou/bannou-service/bannou-service.csproj]
/home/lysander/repos/bannou/bannou-service/Generated/Models/PermissionsModels.cs(345,68): warning CS1591: Missing XML comment for publicly visible type or member 'SessionRoleUpdate.AdditionalProperties' [/home/lysander/repos/bannou/bannou-service/bannou-service.csproj]
/home/lysander/repos/bannou/bannou-service/Generated/Models/PermissionsModels.cs(354,22): warning CS1591: Missing XML comment for publicly visible type or member 'ClearSessionStateRequest' [/home/lysander/repos/bannou/bannou-service/bannou-service.csproj]
/home/lysander/repos/bannou/bannou-service/Generated/Models/PermissionsModels.cs(385,68): warning CS1591: Missing XML comment for publicly visible type or member 'ClearSessionStateRequest.AdditionalProperties' [/home/lysander/repos/bannou/bannou-service/bannou-service.csproj]
/home/lysander/repos/bannou/bannou-service/Generated/Models/PermissionsModels.cs(394,22): warning CS1591: Missing XML comment for publicly visible type or member 'SessionUpdateResponse' [/home/lysander/repos/bannou/bannou-service/bannou-service.csproj]
/home/lysander/repos/bannou/bannou-service/Generated/Models/PermissionsModels.cs(400,24): warning CS1591: Missing XML comment for publicly visible type or member 'SessionUpdateResponse.SessionId' [/home/lysander/repos/bannou/bannou-service/bannou-service.csproj]
/home/lysander/repos/bannou/bannou-service/Generated/Models/PermissionsModels.cs(427,34): warning CS1591: Missing XML comment for publicly visible type or member 'SessionUpdateResponse.UpdatedAt' [/home/lysander/repos/bannou/bannou-service/bannou-service.csproj]
/home/lysander/repos/bannou/bannou-service/Generated/Models/PermissionsModels.cs(432,68): warning CS1591: Missing XML comment for publicly visible type or member 'SessionUpdateResponse.AdditionalProperties' [/home/lysander/repos/bannou/bannou-service/bannou-service.csproj]
/home/lysander/repos/bannou/bannou-service/Generated/Models/PermissionsModels.cs(441,22): warning CS1591: Missing XML comment for publicly visible type or member 'SessionInfoRequest' [/home/lysander/repos/bannou/bannou-service/bannou-service.csproj]
/home/lysander/repos/bannou/bannou-service/Generated/Models/PermissionsModels.cs(447,24): warning CS1591: Missing XML comment for publicly visible type or member 'SessionInfoRequest.SessionId' [/home/lysander/repos/bannou/bannou-service/bannou-service.csproj]
/home/lysander/repos/bannou/bannou-service/Generated/Models/PermissionsModels.cs(452,68): warning CS1591: Missing XML comment for publicly visible type or member 'SessionInfoRequest.AdditionalProperties' [/home/lysander/repos/bannou/bannou-service/bannou-service.csproj]
/home/lysander/repos/bannou/bannou-service/Generated/Models/PermissionsModels.cs(461,22): warning CS1591: Missing XML comment for publicly visible type or member 'SessionInfo' [/home/lysander/repos/bannou/bannou-service/bannou-service.csproj]
/home/lysander/repos/bannou/bannou-service/Generated/Models/PermissionsModels.cs(467,24): warning CS1591: Missing XML comment for publicly visible type or member 'SessionInfo.SessionId' [/home/lysander/repos/bannou/bannou-service/bannou-service.csproj]
/home/lysander/repos/bannou/bannou-service/Generated/Models/PermissionsModels.cs(514,68): warning CS1591: Missing XML comment for publicly visible type or member 'SessionInfo.AdditionalProperties' [/home/lysander/repos/bannou/bannou-service/bannou-service.csproj]
/home/lysander/repos/bannou/bannou-service/Generated/Models/PermissionsModels.cs(523,22): warning CS1591: Missing XML comment for publicly visible type or member 'RegisteredServicesResponse' [/home/lysander/repos/bannou/bannou-service/bannou-service.csproj]
/home/lysander/repos/bannou/bannou-service/Generated/Models/PermissionsModels.cs(545,68): warning CS1591: Missing XML comment for publicly visible type or member 'RegisteredServicesResponse.AdditionalProperties' [/home/lysander/repos/bannou/bannou-service/bannou-service.csproj]
/home/lysander/repos/bannou/bannou-service/Generated/Models/PermissionsModels.cs(554,22): warning CS1591: Missing XML comment for publicly visible type or member 'RegisteredServiceInfo' [/home/lysander/repos/bannou/bannou-service/bannou-service.csproj]
/home/lysander/repos/bannou/bannou-service/Generated/Models/PermissionsModels.cs(594,68): warning CS1591: Missing XML comment for publicly visible type or member 'RegisteredServiceInfo.AdditionalProperties' [/home/lysander/repos/bannou/bannou-service/bannou-service.csproj]
/home/lysander/repos/bannou/bannou-service/Generated/Clients/RealmClient.cs(19,26): warning CS1591: Missing XML comment for publicly visible type or member 'IRealmClient' [/home/lysander/repos/bannou/bannou-service/bannou-service.csproj]
/home/lysander/repos/bannou/bannou-service/Generated/Clients/RealmClient.cs(28,78): warning CS1573: Parameter 'body' has no matching param tag in the XML comment for 'IRealmClient.GetRealmAsync(GetRealmRequest, CancellationToken)' (but other parameters do) [/home/lysander/repos/bannou/bannou-service/bannou-service.csproj]
/home/lysander/repos/bannou/bannou-service/Generated/Clients/RealmClient.cs(39,90): warning CS1573: Parameter 'body' has no matching param tag in the XML comment for 'IRealmClient.GetRealmByCodeAsync(GetRealmByCodeRequest, CancellationToken)' (but other parameters do) [/home/lysander/repos/bannou/bannou-service/bannou-service.csproj]
/home/lysander/repos/bannou/bannou-service/Generated/Clients/RealmClient.cs(50,86): warning CS1573: Parameter 'body' has no matching param tag in the XML comment for 'IRealmClient.ListRealmsAsync(ListRealmsRequest, CancellationToken)' (but other parameters do) [/home/lysander/repos/bannou/bannou-service/bannou-service.csproj]
/home/lysander/repos/bannou/bannou-service/Generated/Clients/RealmClient.cs(58,84): warning CS1573: Parameter 'body' has no matching param tag in the XML comment for 'IRealmClient.CreateRealmAsync(CreateRealmRequest, CancellationToken)' (but other parameters do) [/home/lysander/repos/bannou/bannou-service/bannou-service.csproj]
/home/lysander/repos/bannou/bannou-service/Generated/Clients/RealmClient.cs(66,84): warning CS1573: Parameter 'body' has no matching param tag in the XML comment for 'IRealmClient.UpdateRealmAsync(UpdateRealmRequest, CancellationToken)' (but other parameters do) [/home/lysander/repos/bannou/bannou-service/bannou-service.csproj]
/home/lysander/repos/bannou/bannou-service/Generated/Clients/RealmClient.cs(80,69): warning CS1573: Parameter 'body' has no matching param tag in the XML comment for 'IRealmClient.DeleteRealmAsync(DeleteRealmRequest, CancellationToken)' (but other parameters do) [/home/lysander/repos/bannou/bannou-service/bannou-service.csproj]
/home/lysander/repos/bannou/bannou-service/Generated/Clients/RealmClient.cs(95,90): warning CS1573: Parameter 'body' has no matching param tag in the XML comment for 'IRealmClient.DeprecateRealmAsync(DeprecateRealmRequest, CancellationToken)' (but other parameters do) [/home/lysander/repos/bannou/bannou-service/bannou-service.csproj]
/home/lysander/repos/bannou/bannou-service/Generated/Clients/RealmClient.cs(107,94): warning CS1573: Parameter 'body' has no matching param tag in the XML comment for 'IRealmClient.UndeprecateRealmAsync(UndeprecateRealmRequest, CancellationToken)' (but other parameters do) [/home/lysander/repos/bannou/bannou-service/bannou-service.csproj]
/home/lysander/repos/bannou/bannou-service/Generated/Clients/RealmClient.cs(119,90): warning CS1573: Parameter 'body' has no matching param tag in the XML comment for 'IRealmClient.RealmExistsAsync(RealmExistsRequest, CancellationToken)' (but other parameters do) [/home/lysander/repos/bannou/bannou-service/bannou-service.csproj]
/home/lysander/repos/bannou/bannou-service/Generated/Clients/RealmClient.cs(132,87): warning CS1573: Parameter 'body' has no matching param tag in the XML comment for 'IRealmClient.SeedRealmsAsync(SeedRealmsRequest, CancellationToken)' (but other parameters do) [/home/lysander/repos/bannou/bannou-service/bannou-service.csproj]
/home/lysander/repos/bannou/bannou-service/Generated/Clients/RealmClient.cs(136,22): warning CS1591: Missing XML comment for publicly visible type or member 'RealmClient' [/home/lysander/repos/bannou/bannou-service/bannou-service.csproj]
/home/lysander/repos/bannou/bannou-service/Generated/Clients/RealmClient.cs(156,12): warning CS1591: Missing XML comment for publicly visible type or member 'RealmClient.RealmClient(IMeshInvocationClient, IServiceAppMappingResolver, ILogger<RealmClient>?)' [/home/lysander/repos/bannou/bannou-service/bannou-service.csproj]
/home/lysander/repos/bannou/bannou-service/Generated/Clients/RealmClient.cs(164,54): warning CS1591: Missing XML comment for publicly visible type or member 'RealmClient.JsonSerializerSettings' [/home/lysander/repos/bannou/bannou-service/bannou-service.csproj]
/home/lysander/repos/bannou/bannou-service/Generated/Clients/RealmClient.cs(264,99): warning CS1573: Parameter 'body' has no matching param tag in the XML comment for 'RealmClient.GetRealmAsync(GetRealmRequest, CancellationToken)' (but other parameters do) [/home/lysander/repos/bannou/bannou-service/bannou-service.csproj]
/home/lysander/repos/bannou/bannou-service/Generated/Clients/RealmClient.cs(352,111): warning CS1573: Parameter 'body' has no matching param tag in the XML comment for 'RealmClient.GetRealmByCodeAsync(GetRealmByCodeRequest, CancellationToken)' (but other parameters do) [/home/lysander/repos/bannou/bannou-service/bannou-service.csproj]
/home/lysander/repos/bannou/bannou-service/Generated/Clients/RealmClient.cs(440,107): warning CS1573: Parameter 'body' has no matching param tag in the XML comment for 'RealmClient.ListRealmsAsync(ListRealmsRequest, CancellationToken)' (but other parameters do) [/home/lysander/repos/bannou/bannou-service/bannou-service.csproj]
/home/lysander/repos/bannou/bannou-service/Generated/Clients/RealmClient.cs(519,105): warning CS1573: Parameter 'body' has no matching param tag in the XML comment for 'RealmClient.CreateRealmAsync(CreateRealmRequest, CancellationToken)' (but other parameters do) [/home/lysander/repos/bannou/bannou-service/bannou-service.csproj]
/home/lysander/repos/bannou/bannou-service/Generated/Clients/RealmClient.cs(610,105): warning CS1573: Parameter 'body' has no matching param tag in the XML comment for 'RealmClient.UpdateRealmAsync(UpdateRealmRequest, CancellationToken)' (but other parameters do) [/home/lysander/repos/bannou/bannou-service/bannou-service.csproj]
/home/lysander/repos/bannou/bannou-service/Generated/Clients/RealmClient.cs(707,90): warning CS1573: Parameter 'body' has no matching param tag in the XML comment for 'RealmClient.DeleteRealmAsync(DeleteRealmRequest, CancellationToken)' (but other parameters do) [/home/lysander/repos/bannou/bannou-service/bannou-service.csproj]
/home/lysander/repos/bannou/bannou-service/Generated/Clients/RealmClient.cs(799,111): warning CS1573: Parameter 'body' has no matching param tag in the XML comment for 'RealmClient.DeprecateRealmAsync(DeprecateRealmRequest, CancellationToken)' (but other parameters do) [/home/lysander/repos/bannou/bannou-service/bannou-service.csproj]
/home/lysander/repos/bannou/bannou-service/Generated/Clients/RealmClient.cs(894,115): warning CS1573: Parameter 'body' has no matching param tag in the XML comment for 'RealmClient.UndeprecateRealmAsync(UndeprecateRealmRequest, CancellationToken)' (but other parameters do) [/home/lysander/repos/bannou/bannou-service/bannou-service.csproj]
/home/lysander/repos/bannou/bannou-service/Generated/Clients/RealmClient.cs(989,111): warning CS1573: Parameter 'body' has no matching param tag in the XML comment for 'RealmClient.RealmExistsAsync(RealmExistsRequest, CancellationToken)' (but other parameters do) [/home/lysander/repos/bannou/bannou-service/bannou-service.csproj]
/home/lysander/repos/bannou/bannou-service/Generated/Clients/RealmClient.cs(1073,108): warning CS1573: Parameter 'body' has no matching param tag in the XML comment for 'RealmClient.SeedRealmsAsync(SeedRealmsRequest, CancellationToken)' (but other parameters do) [/home/lysander/repos/bannou/bannou-service/bannou-service.csproj]
/home/lysander/repos/bannou/bannou-service/Generated/Clients/RealmClient.cs(1152,22): warning CS1591: Missing XML comment for publicly visible type or member 'RealmClient.ObjectResponseResult<T>' [/home/lysander/repos/bannou/bannou-service/bannou-service.csproj]
/home/lysander/repos/bannou/bannou-service/Generated/Clients/RealmClient.cs(1154,16): warning CS1591: Missing XML comment for publicly visible type or member 'RealmClient.ObjectResponseResult<T>.ObjectResponseResult(T, string)' [/home/lysander/repos/bannou/bannou-service/bannou-service.csproj]
/home/lysander/repos/bannou/bannou-service/Generated/Clients/RealmClient.cs(1160,18): warning CS1591: Missing XML comment for publicly visible type or member 'RealmClient.ObjectResponseResult<T>.Object' [/home/lysander/repos/bannou/bannou-service/bannou-service.csproj]
/home/lysander/repos/bannou/bannou-service/Generated/Clients/RealmClient.cs(1162,23): warning CS1591: Missing XML comment for publicly visible type or member 'RealmClient.ObjectResponseResult<T>.Text' [/home/lysander/repos/bannou/bannou-service/bannou-service.csproj]
/home/lysander/repos/bannou/bannou-service/Generated/Clients/RealmClient.cs(1185,17): warning CS1591: Missing XML comment for publicly visible type or member 'RealmClient.ReadResponseAsString' [/home/lysander/repos/bannou/bannou-service/bannou-service.csproj]
/home/lysander/repos/bannou/bannou-service/Generated/Clients/RealmClient.cs(1187,86): warning CS1591: Missing XML comment for publicly visible type or member 'RealmClient.ReadObjectResponseAsync<T>(HttpResponseMessage, IReadOnlyDictionary<string, IEnumerable<string>>, CancellationToken)' [/home/lysander/repos/bannou/bannou-service/bannou-service.csproj]
/home/lysander/repos/bannou/bannou-service/Generated/Models/RealmModels.cs(18,22): warning CS1591: Missing XML comment for publicly visible type or member 'GetRealmRequest' [/home/lysander/repos/bannou/bannou-service/bannou-service.csproj]
/home/lysander/repos/bannou/bannou-service/Generated/Models/RealmModels.cs(32,68): warning CS1591: Missing XML comment for publicly visible type or member 'GetRealmRequest.AdditionalProperties' [/home/lysander/repos/bannou/bannou-service/bannou-service.csproj]
/home/lysander/repos/bannou/bannou-service/Generated/Models/RealmModels.cs(41,22): warning CS1591: Missing XML comment for publicly visible type or member 'GetRealmByCodeRequest' [/home/lysander/repos/bannou/bannou-service/bannou-service.csproj]
/home/lysander/repos/bannou/bannou-service/Generated/Models/RealmModels.cs(57,68): warning CS1591: Missing XML comment for publicly visible type or member 'GetRealmByCodeRequest.AdditionalProperties' [/home/lysander/repos/bannou/bannou-service/bannou-service.csproj]
/home/lysander/repos/bannou/bannou-service/Generated/Models/RealmModels.cs(66,22): warning CS1591: Missing XML comment for publicly visible type or member 'ListRealmsRequest' [/home/lysander/repos/bannou/bannou-service/bannou-service.csproj]
/home/lysander/repos/bannou/bannou-service/Generated/Models/RealmModels.cs(89,16): warning CS1591: Missing XML comment for publicly visible type or member 'ListRealmsRequest.Page' [/home/lysander/repos/bannou/bannou-service/bannou-service.csproj]
/home/lysander/repos/bannou/bannou-service/Generated/Models/RealmModels.cs(93,16): warning CS1591: Missing XML comment for publicly visible type or member 'ListRealmsRequest.PageSize' [/home/lysander/repos/bannou/bannou-service/bannou-service.csproj]
/home/lysander/repos/bannou/bannou-service/Generated/Models/RealmModels.cs(98,68): warning CS1591: Missing XML comment for publicly visible type or member 'ListRealmsRequest.AdditionalProperties' [/home/lysander/repos/bannou/bannou-service/bannou-service.csproj]
/home/lysander/repos/bannou/bannou-service/Generated/Models/RealmModels.cs(107,22): warning CS1591: Missing XML comment for publicly visible type or member 'CreateRealmRequest' [/home/lysander/repos/bannou/bannou-service/bannou-service.csproj]
/home/lysander/repos/bannou/bannou-service/Generated/Models/RealmModels.cs(158,68): warning CS1591: Missing XML comment for publicly visible type or member 'CreateRealmRequest.AdditionalProperties' [/home/lysander/repos/bannou/bannou-service/bannou-service.csproj]
/home/lysander/repos/bannou/bannou-service/Generated/Models/RealmModels.cs(167,22): warning CS1591: Missing XML comment for publicly visible type or member 'UpdateRealmRequest' [/home/lysander/repos/bannou/bannou-service/bannou-service.csproj]
/home/lysander/repos/bannou/bannou-service/Generated/Models/RealmModels.cs(214,68): warning CS1591: Missing XML comment for publicly visible type or member 'UpdateRealmRequest.AdditionalProperties' [/home/lysander/repos/bannou/bannou-service/bannou-service.csproj]
/home/lysander/repos/bannou/bannou-service/Generated/Models/RealmModels.cs(223,22): warning CS1591: Missing XML comment for publicly visible type or member 'DeleteRealmRequest' [/home/lysander/repos/bannou/bannou-service/bannou-service.csproj]
/home/lysander/repos/bannou/bannou-service/Generated/Models/RealmModels.cs(237,68): warning CS1591: Missing XML comment for publicly visible type or member 'DeleteRealmRequest.AdditionalProperties' [/home/lysander/repos/bannou/bannou-service/bannou-service.csproj]
/home/lysander/repos/bannou/bannou-service/Generated/Models/RealmModels.cs(246,22): warning CS1591: Missing XML comment for publicly visible type or member 'DeprecateRealmRequest' [/home/lysander/repos/bannou/bannou-service/bannou-service.csproj]
/home/lysander/repos/bannou/bannou-service/Generated/Models/RealmModels.cs(267,68): warning CS1591: Missing XML comment for publicly visible type or member 'DeprecateRealmRequest.AdditionalProperties' [/home/lysander/repos/bannou/bannou-service/bannou-service.csproj]
/home/lysander/repos/bannou/bannou-service/Generated/Models/RealmModels.cs(276,22): warning CS1591: Missing XML comment for publicly visible type or member 'UndeprecateRealmRequest' [/home/lysander/repos/bannou/bannou-service/bannou-service.csproj]
/home/lysander/repos/bannou/bannou-service/Generated/Models/RealmModels.cs(290,68): warning CS1591: Missing XML comment for publicly visible type or member 'UndeprecateRealmRequest.AdditionalProperties' [/home/lysander/repos/bannou/bannou-service/bannou-service.csproj]
/home/lysander/repos/bannou/bannou-service/Generated/Models/RealmModels.cs(299,22): warning CS1591: Missing XML comment for publicly visible type or member 'RealmExistsRequest' [/home/lysander/repos/bannou/bannou-service/bannou-service.csproj]
/home/lysander/repos/bannou/bannou-service/Generated/Models/RealmModels.cs(313,68): warning CS1591: Missing XML comment for publicly visible type or member 'RealmExistsRequest.AdditionalProperties' [/home/lysander/repos/bannou/bannou-service/bannou-service.csproj]
/home/lysander/repos/bannou/bannou-service/Generated/Models/RealmModels.cs(322,22): warning CS1591: Missing XML comment for publicly visible type or member 'RealmExistsResponse' [/home/lysander/repos/bannou/bannou-service/bannou-service.csproj]
/home/lysander/repos/bannou/bannou-service/Generated/Models/RealmModels.cs(346,68): warning CS1591: Missing XML comment for publicly visible type or member 'RealmExistsResponse.AdditionalProperties' [/home/lysander/repos/bannou/bannou-service/bannou-service.csproj]
/home/lysander/repos/bannou/bannou-service/Generated/Models/RealmModels.cs(355,22): warning CS1591: Missing XML comment for publicly visible type or member 'SeedRealmsRequest' [/home/lysander/repos/bannou/bannou-service/bannou-service.csproj]
/home/lysander/repos/bannou/bannou-service/Generated/Models/RealmModels.cs(375,68): warning CS1591: Missing XML comment for publicly visible type or member 'SeedRealmsRequest.AdditionalProperties' [/home/lysander/repos/bannou/bannou-service/bannou-service.csproj]
/home/lysander/repos/bannou/bannou-service/Generated/Models/RealmModels.cs(384,22): warning CS1591: Missing XML comment for publicly visible type or member 'SeedRealm' [/home/lysander/repos/bannou/bannou-service/bannou-service.csproj]
/home/lysander/repos/bannou/bannou-service/Generated/Models/RealmModels.cs(416,17): warning CS1591: Missing XML comment for publicly visible type or member 'SeedRealm.IsActive' [/home/lysander/repos/bannou/bannou-service/bannou-service.csproj]
/home/lysander/repos/bannou/bannou-service/Generated/Models/RealmModels.cs(419,20): warning CS1591: Missing XML comment for publicly visible type or member 'SeedRealm.Metadata' [/home/lysander/repos/bannou/bannou-service/bannou-service.csproj]
/home/lysander/repos/bannou/bannou-service/Generated/Models/RealmModels.cs(424,68): warning CS1591: Missing XML comment for publicly visible type or member 'SeedRealm.AdditionalProperties' [/home/lysander/repos/bannou/bannou-service/bannou-service.csproj]
/home/lysander/repos/bannou/bannou-service/Generated/Models/RealmModels.cs(433,22): warning CS1591: Missing XML comment for publicly visible type or member 'RealmResponse' [/home/lysander/repos/bannou/bannou-service/bannou-service.csproj]
/home/lysander/repos/bannou/bannou-service/Generated/Models/RealmModels.cs(439,24): warning CS1591: Missing XML comment for publicly visible type or member 'RealmResponse.RealmId' [/home/lysander/repos/bannou/bannou-service/bannou-service.csproj]
/home/lysander/repos/bannou/bannou-service/Generated/Models/RealmModels.cs(444,19): warning CS1591: Missing XML comment for publicly visible type or member 'RealmResponse.Code' [/home/lysander/repos/bannou/bannou-service/bannou-service.csproj]
/home/lysander/repos/bannou/bannou-service/Generated/Models/RealmModels.cs(449,19): warning CS1591: Missing XML comment for publicly visible type or member 'RealmResponse.Name' [/home/lysander/repos/bannou/bannou-service/bannou-service.csproj]
/home/lysander/repos/bannou/bannou-service/Generated/Models/RealmModels.cs(452,20): warning CS1591: Missing XML comment for publicly visible type or member 'RealmResponse.Description' [/home/lysander/repos/bannou/bannou-service/bannou-service.csproj]
/home/lysander/repos/bannou/bannou-service/Generated/Models/RealmModels.cs(455,20): warning CS1591: Missing XML comment for publicly visible type or member 'RealmResponse.Category' [/home/lysander/repos/bannou/bannou-service/bannou-service.csproj]
/home/lysander/repos/bannou/bannou-service/Generated/Models/RealmModels.cs(458,17): warning CS1591: Missing XML comment for publicly visible type or member 'RealmResponse.IsActive' [/home/lysander/repos/bannou/bannou-service/bannou-service.csproj]
/home/lysander/repos/bannou/bannou-service/Generated/Models/RealmModels.cs(479,20): warning CS1591: Missing XML comment for publicly visible type or member 'RealmResponse.Metadata' [/home/lysander/repos/bannou/bannou-service/bannou-service.csproj]
/home/lysander/repos/bannou/bannou-service/Generated/Models/RealmModels.cs(484,34): warning CS1591: Missing XML comment for publicly visible type or member 'RealmResponse.CreatedAt' [/home/lysander/repos/bannou/bannou-service/bannou-service.csproj]
/home/lysander/repos/bannou/bannou-service/Generated/Models/RealmModels.cs(489,34): warning CS1591: Missing XML comment for publicly visible type or member 'RealmResponse.UpdatedAt' [/home/lysander/repos/bannou/bannou-service/bannou-service.csproj]
/home/lysander/repos/bannou/bannou-service/Generated/Models/RealmModels.cs(494,68): warning CS1591: Missing XML comment for publicly visible type or member 'RealmResponse.AdditionalProperties' [/home/lysander/repos/bannou/bannou-service/bannou-service.csproj]
/home/lysander/repos/bannou/bannou-service/Generated/Models/RealmModels.cs(503,22): warning CS1591: Missing XML comment for publicly visible type or member 'RealmListResponse' [/home/lysander/repos/bannou/bannou-service/bannou-service.csproj]
/home/lysander/repos/bannou/bannou-service/Generated/Models/RealmModels.cs(509,66): warning CS1591: Missing XML comment for publicly visible type or member 'RealmListResponse.Realms' [/home/lysander/repos/bannou/bannou-service/bannou-service.csproj]
/home/lysander/repos/bannou/bannou-service/Generated/Models/RealmModels.cs(512,16): warning CS1591: Missing XML comment for publicly visible type or member 'RealmListResponse.TotalCount' [/home/lysander/repos/bannou/bannou-service/bannou-service.csproj]
/home/lysander/repos/bannou/bannou-service/Generated/Models/RealmModels.cs(515,16): warning CS1591: Missing XML comment for publicly visible type or member 'RealmListResponse.Page' [/home/lysander/repos/bannou/bannou-service/bannou-service.csproj]
/home/lysander/repos/bannou/bannou-service/Generated/Models/RealmModels.cs(518,16): warning CS1591: Missing XML comment for publicly visible type or member 'RealmListResponse.PageSize' [/home/lysander/repos/bannou/bannou-service/bannou-service.csproj]
/home/lysander/repos/bannou/bannou-service/Generated/Models/RealmModels.cs(521,17): warning CS1591: Missing XML comment for publicly visible type or member 'RealmListResponse.HasNextPage' [/home/lysander/repos/bannou/bannou-service/bannou-service.csproj]
/home/lysander/repos/bannou/bannou-service/Generated/Models/RealmModels.cs(524,17): warning CS1591: Missing XML comment for publicly visible type or member 'RealmListResponse.HasPreviousPage' [/home/lysander/repos/bannou/bannou-service/bannou-service.csproj]
/home/lysander/repos/bannou/bannou-service/Generated/Models/RealmModels.cs(529,68): warning CS1591: Missing XML comment for publicly visible type or member 'RealmListResponse.AdditionalProperties' [/home/lysander/repos/bannou/bannou-service/bannou-service.csproj]
/home/lysander/repos/bannou/bannou-service/Generated/Models/RealmModels.cs(538,22): warning CS1591: Missing XML comment for publicly visible type or member 'SeedRealmsResponse' [/home/lysander/repos/bannou/bannou-service/bannou-service.csproj]
/home/lysander/repos/bannou/bannou-service/Generated/Models/RealmModels.cs(570,68): warning CS1591: Missing XML comment for publicly visible type or member 'SeedRealmsResponse.AdditionalProperties' [/home/lysander/repos/bannou/bannou-service/bannou-service.csproj]
/home/lysander/repos/bannou/bannou-service/Generated/Clients/RelationshipClient.cs(19,26): warning CS1591: Missing XML comment for publicly visible type or member 'IRelationshipClient' [/home/lysander/repos/bannou/bannou-service/bannou-service.csproj]
/home/lysander/repos/bannou/bannou-service/Generated/Clients/RelationshipClient.cs(33,105): warning CS1573: Parameter 'body' has no matching param tag in the XML comment for 'IRelationshipClient.CreateRelationshipAsync(CreateRelationshipRequest, CancellationToken)' (but other parameters do) [/home/lysander/repos/bannou/bannou-service/bannou-service.csproj]
/home/lysander/repos/bannou/bannou-service/Generated/Clients/RelationshipClient.cs(41,99): warning CS1573: Parameter 'body' has no matching param tag in the XML comment for 'IRelationshipClient.GetRelationshipAsync(GetRelationshipRequest, CancellationToken)' (but other parameters do) [/home/lysander/repos/bannou/bannou-service/bannou-service.csproj]
/home/lysander/repos/bannou/bannou-service/Generated/Clients/RelationshipClient.cs(54,123): warning CS1573: Parameter 'body' has no matching param tag in the XML comment for 'IRelationshipClient.ListRelationshipsByEntityAsync(ListRelationshipsByEntityRequest, CancellationToken)' (but other parameters do) [/home/lysander/repos/bannou/bannou-service/bannou-service.csproj]
/home/lysander/repos/bannou/bannou-service/Generated/Clients/RelationshipClient.cs(66,119): warning CS1573: Parameter 'body' has no matching param tag in the XML comment for 'IRelationshipClient.GetRelationshipsBetweenAsync(GetRelationshipsBetweenRequest, CancellationToken)' (but other parameters do) [/home/lysander/repos/bannou/bannou-service/bannou-service.csproj]
/home/lysander/repos/bannou/bannou-service/Generated/Clients/RelationshipClient.cs(78,119): warning CS1573: Parameter 'body' has no matching param tag in the XML comment for 'IRelationshipClient.ListRelationshipsByTypeAsync(ListRelationshipsByTypeRequest, CancellationToken)' (but other parameters do) [/home/lysander/repos/bannou/bannou-service/bannou-service.csproj]
/home/lysander/repos/bannou/bannou-service/Generated/Clients/RelationshipClient.cs(89,105): warning CS1573: Parameter 'body' has no matching param tag in the XML comment for 'IRelationshipClient.UpdateRelationshipAsync(UpdateRelationshipRequest, CancellationToken)' (but other parameters do) [/home/lysander/repos/bannou/bannou-service/bannou-service.csproj]
/home/lysander/repos/bannou/bannou-service/Generated/Clients/RelationshipClient.cs(103,77): warning CS1573: Parameter 'body' has no matching param tag in the XML comment for 'IRelationshipClient.EndRelationshipAsync(EndRelationshipRequest, CancellationToken)' (but other parameters do) [/home/lysander/repos/bannou/bannou-service/bannou-service.csproj]
/home/lysander/repos/bannou/bannou-service/Generated/Clients/RelationshipClient.cs(107,22): warning CS1591: Missing XML comment for publicly visible type or member 'RelationshipClient' [/home/lysander/repos/bannou/bannou-service/bannou-service.csproj]
/home/lysander/repos/bannou/bannou-service/Generated/Clients/RelationshipClient.cs(127,12): warning CS1591: Missing XML comment for publicly visible type or member 'RelationshipClient.RelationshipClient(IMeshInvocationClient, IServiceAppMappingResolver, ILogger<RelationshipClient>?)' [/home/lysander/repos/bannou/bannou-service/bannou-service.csproj]
/home/lysander/repos/bannou/bannou-service/Generated/Clients/RelationshipClient.cs(135,54): warning CS1591: Missing XML comment for publicly visible type or member 'RelationshipClient.JsonSerializerSettings' [/home/lysander/repos/bannou/bannou-service/bannou-service.csproj]
/home/lysander/repos/bannou/bannou-service/Generated/Clients/RelationshipClient.cs(240,126): warning CS1573: Parameter 'body' has no matching param tag in the XML comment for 'RelationshipClient.CreateRelationshipAsync(CreateRelationshipRequest, CancellationToken)' (but other parameters do) [/home/lysander/repos/bannou/bannou-service/bannou-service.csproj]
/home/lysander/repos/bannou/bannou-service/Generated/Clients/RelationshipClient.cs(331,120): warning CS1573: Parameter 'body' has no matching param tag in the XML comment for 'RelationshipClient.GetRelationshipAsync(GetRelationshipRequest, CancellationToken)' (but other parameters do) [/home/lysander/repos/bannou/bannou-service/bannou-service.csproj]
/home/lysander/repos/bannou/bannou-service/Generated/Clients/RelationshipClient.cs(421,144): warning CS1573: Parameter 'body' has no matching param tag in the XML comment for 'RelationshipClient.ListRelationshipsByEntityAsync(ListRelationshipsByEntityRequest, CancellationToken)' (but other parameters do) [/home/lysander/repos/bannou/bannou-service/bannou-service.csproj]
/home/lysander/repos/bannou/bannou-service/Generated/Clients/RelationshipClient.cs(504,140): warning CS1573: Parameter 'body' has no matching param tag in the XML comment for 'RelationshipClient.GetRelationshipsBetweenAsync(GetRelationshipsBetweenRequest, CancellationToken)' (but other parameters do) [/home/lysander/repos/bannou/bannou-service/bannou-service.csproj]
/home/lysander/repos/bannou/bannou-service/Generated/Clients/RelationshipClient.cs(587,140): warning CS1573: Parameter 'body' has no matching param tag in the XML comment for 'RelationshipClient.ListRelationshipsByTypeAsync(ListRelationshipsByTypeRequest, CancellationToken)' (but other parameters do) [/home/lysander/repos/bannou/bannou-service/bannou-service.csproj]
/home/lysander/repos/bannou/bannou-service/Generated/Clients/RelationshipClient.cs(669,126): warning CS1573: Parameter 'body' has no matching param tag in the XML comment for 'RelationshipClient.UpdateRelationshipAsync(UpdateRelationshipRequest, CancellationToken)' (but other parameters do) [/home/lysander/repos/bannou/bannou-service/bannou-service.csproj]
/home/lysander/repos/bannou/bannou-service/Generated/Clients/RelationshipClient.cs(760,98): warning CS1573: Parameter 'body' has no matching param tag in the XML comment for 'RelationshipClient.EndRelationshipAsync(EndRelationshipRequest, CancellationToken)' (but other parameters do) [/home/lysander/repos/bannou/bannou-service/bannou-service.csproj]
/home/lysander/repos/bannou/bannou-service/Generated/Clients/RelationshipClient.cs(833,22): warning CS1591: Missing XML comment for publicly visible type or member 'RelationshipClient.ObjectResponseResult<T>' [/home/lysander/repos/bannou/bannou-service/bannou-service.csproj]
/home/lysander/repos/bannou/bannou-service/Generated/Clients/RelationshipClient.cs(835,16): warning CS1591: Missing XML comment for publicly visible type or member 'RelationshipClient.ObjectResponseResult<T>.ObjectResponseResult(T, string)' [/home/lysander/repos/bannou/bannou-service/bannou-service.csproj]
/home/lysander/repos/bannou/bannou-service/Generated/Clients/RelationshipClient.cs(841,18): warning CS1591: Missing XML comment for publicly visible type or member 'RelationshipClient.ObjectResponseResult<T>.Object' [/home/lysander/repos/bannou/bannou-service/bannou-service.csproj]
/home/lysander/repos/bannou/bannou-service/Generated/Clients/RelationshipClient.cs(843,23): warning CS1591: Missing XML comment for publicly visible type or member 'RelationshipClient.ObjectResponseResult<T>.Text' [/home/lysander/repos/bannou/bannou-service/bannou-service.csproj]
/home/lysander/repos/bannou/bannou-service/Generated/Clients/RelationshipClient.cs(866,17): warning CS1591: Missing XML comment for publicly visible type or member 'RelationshipClient.ReadResponseAsString' [/home/lysander/repos/bannou/bannou-service/bannou-service.csproj]
/home/lysander/repos/bannou/bannou-service/Generated/Clients/RelationshipClient.cs(868,86): warning CS1591: Missing XML comment for publicly visible type or member 'RelationshipClient.ReadObjectResponseAsync<T>(HttpResponseMessage, IReadOnlyDictionary<string, IEnumerable<string>>, CancellationToken)' [/home/lysander/repos/bannou/bannou-service/bannou-service.csproj]
/home/lysander/repos/bannou/bannou-service/Generated/Models/RelationshipModels.cs(35,5): warning CS1591: Missing XML comment for publicly visible type or member 'EntityType.CHARACTER' [/home/lysander/repos/bannou/bannou-service/bannou-service.csproj]
/home/lysander/repos/bannou/bannou-service/Generated/Models/RelationshipModels.cs(38,5): warning CS1591: Missing XML comment for publicly visible type or member 'EntityType.NPC' [/home/lysander/repos/bannou/bannou-service/bannou-service.csproj]
/home/lysander/repos/bannou/bannou-service/Generated/Models/RelationshipModels.cs(41,5): warning CS1591: Missing XML comment for publicly visible type or member 'EntityType.MONSTER' [/home/lysander/repos/bannou/bannou-service/bannou-service.csproj]
/home/lysander/repos/bannou/bannou-service/Generated/Models/RelationshipModels.cs(44,5): warning CS1591: Missing XML comment for publicly visible type or member 'EntityType.ITEM' [/home/lysander/repos/bannou/bannou-service/bannou-service.csproj]
/home/lysander/repos/bannou/bannou-service/Generated/Models/RelationshipModels.cs(47,5): warning CS1591: Missing XML comment for publicly visible type or member 'EntityType.LOCATION' [/home/lysander/repos/bannou/bannou-service/bannou-service.csproj]
/home/lysander/repos/bannou/bannou-service/Generated/Models/RelationshipModels.cs(50,5): warning CS1591: Missing XML comment for publicly visible type or member 'EntityType.ORGANIZATION' [/home/lysander/repos/bannou/bannou-service/bannou-service.csproj]
/home/lysander/repos/bannou/bannou-service/Generated/Models/RelationshipModels.cs(53,5): warning CS1591: Missing XML comment for publicly visible type or member 'EntityType.FACTION' [/home/lysander/repos/bannou/bannou-service/bannou-service.csproj]
/home/lysander/repos/bannou/bannou-service/Generated/Models/RelationshipModels.cs(56,5): warning CS1591: Missing XML comment for publicly visible type or member 'EntityType.REALM' [/home/lysander/repos/bannou/bannou-service/bannou-service.csproj]
/home/lysander/repos/bannou/bannou-service/Generated/Models/RelationshipModels.cs(59,5): warning CS1591: Missing XML comment for publicly visible type or member 'EntityType.OTHER' [/home/lysander/repos/bannou/bannou-service/bannou-service.csproj]
/home/lysander/repos/bannou/bannou-service/Generated/Models/RelationshipModels.cs(64,22): warning CS1591: Missing XML comment for publicly visible type or member 'CreateRelationshipRequest' [/home/lysander/repos/bannou/bannou-service/bannou-service.csproj]
/home/lysander/repos/bannou/bannou-service/Generated/Models/RelationshipModels.cs(79,23): warning CS1591: Missing XML comment for publicly visible type or member 'CreateRelationshipRequest.Entity1Type' [/home/lysander/repos/bannou/bannou-service/bannou-service.csproj]
/home/lysander/repos/bannou/bannou-service/Generated/Models/RelationshipModels.cs(93,23): warning CS1591: Missing XML comment for publicly visible type or member 'CreateRelationshipRequest.Entity2Type' [/home/lysander/repos/bannou/bannou-service/bannou-service.csproj]
/home/lysander/repos/bannou/bannou-service/Generated/Models/RelationshipModels.cs(120,68): warning CS1591: Missing XML comment for publicly visible type or member 'CreateRelationshipRequest.AdditionalProperties' [/home/lysander/repos/bannou/bannou-service/bannou-service.csproj]
/home/lysander/repos/bannou/bannou-service/Generated/Models/RelationshipModels.cs(129,22): warning CS1591: Missing XML comment for publicly visible type or member 'GetRelationshipRequest' [/home/lysander/repos/bannou/bannou-service/bannou-service.csproj]
/home/lysander/repos/bannou/bannou-service/Generated/Models/RelationshipModels.cs(143,68): warning CS1591: Missing XML comment for publicly visible type or member 'GetRelationshipRequest.AdditionalProperties' [/home/lysander/repos/bannou/bannou-service/bannou-service.csproj]
/home/lysander/repos/bannou/bannou-service/Generated/Models/RelationshipModels.cs(152,22): warning CS1591: Missing XML comment for publicly visible type or member 'ListRelationshipsByEntityRequest' [/home/lysander/repos/bannou/bannou-service/bannou-service.csproj]
/home/lysander/repos/bannou/bannou-service/Generated/Models/RelationshipModels.cs(167,23): warning CS1591: Missing XML comment for publicly visible type or member 'ListRelationshipsByEntityRequest.EntityType' [/home/lysander/repos/bannou/bannou-service/bannou-service.csproj]
/home/lysander/repos/bannou/bannou-service/Generated/Models/RelationshipModels.cs(190,16): warning CS1591: Missing XML comment for publicly visible type or member 'ListRelationshipsByEntityRequest.Page' [/home/lysander/repos/bannou/bannou-service/bannou-service.csproj]
/home/lysander/repos/bannou/bannou-service/Generated/Models/RelationshipModels.cs(194,16): warning CS1591: Missing XML comment for publicly visible type or member 'ListRelationshipsByEntityRequest.PageSize' [/home/lysander/repos/bannou/bannou-service/bannou-service.csproj]
/home/lysander/repos/bannou/bannou-service/Generated/Models/RelationshipModels.cs(199,68): warning CS1591: Missing XML comment for publicly visible type or member 'ListRelationshipsByEntityRequest.AdditionalProperties' [/home/lysander/repos/bannou/bannou-service/bannou-service.csproj]
/home/lysander/repos/bannou/bannou-service/Generated/Models/RelationshipModels.cs(208,22): warning CS1591: Missing XML comment for publicly visible type or member 'GetRelationshipsBetweenRequest' [/home/lysander/repos/bannou/bannou-service/bannou-service.csproj]
/home/lysander/repos/bannou/bannou-service/Generated/Models/RelationshipModels.cs(214,24): warning CS1591: Missing XML comment for publicly visible type or member 'GetRelationshipsBetweenRequest.Entity1Id' [/home/lysander/repos/bannou/bannou-service/bannou-service.csproj]
/home/lysander/repos/bannou/bannou-service/Generated/Models/RelationshipModels.cs(220,23): warning CS1591: Missing XML comment for publicly visible type or member 'GetRelationshipsBetweenRequest.Entity1Type' [/home/lysander/repos/bannou/bannou-service/bannou-service.csproj]
/home/lysander/repos/bannou/bannou-service/Generated/Models/RelationshipModels.cs(225,24): warning CS1591: Missing XML comment for publicly visible type or member 'GetRelationshipsBetweenRequest.Entity2Id' [/home/lysander/repos/bannou/bannou-service/bannou-service.csproj]
/home/lysander/repos/bannou/bannou-service/Generated/Models/RelationshipModels.cs(231,23): warning CS1591: Missing XML comment for publicly visible type or member 'GetRelationshipsBetweenRequest.Entity2Type' [/home/lysander/repos/bannou/bannou-service/bannou-service.csproj]
/home/lysander/repos/bannou/bannou-service/Generated/Models/RelationshipModels.cs(248,68): warning CS1591: Missing XML comment for publicly visible type or member 'GetRelationshipsBetweenRequest.AdditionalProperties' [/home/lysander/repos/bannou/bannou-service/bannou-service.csproj]
/home/lysander/repos/bannou/bannou-service/Generated/Models/RelationshipModels.cs(257,22): warning CS1591: Missing XML comment for publicly visible type or member 'ListRelationshipsByTypeRequest' [/home/lysander/repos/bannou/bannou-service/bannou-service.csproj]
/home/lysander/repos/bannou/bannou-service/Generated/Models/RelationshipModels.cs(283,17): warning CS1591: Missing XML comment for publicly visible type or member 'ListRelationshipsByTypeRequest.IncludeEnded' [/home/lysander/repos/bannou/bannou-service/bannou-service.csproj]
/home/lysander/repos/bannou/bannou-service/Generated/Models/RelationshipModels.cs(287,16): warning CS1591: Missing XML comment for publicly visible type or member 'ListRelationshipsByTypeRequest.Page' [/home/lysander/repos/bannou/bannou-service/bannou-service.csproj]
/home/lysander/repos/bannou/bannou-service/Generated/Models/RelationshipModels.cs(291,16): warning CS1591: Missing XML comment for publicly visible type or member 'ListRelationshipsByTypeRequest.PageSize' [/home/lysander/repos/bannou/bannou-service/bannou-service.csproj]
/home/lysander/repos/bannou/bannou-service/Generated/Models/RelationshipModels.cs(296,68): warning CS1591: Missing XML comment for publicly visible type or member 'ListRelationshipsByTypeRequest.AdditionalProperties' [/home/lysander/repos/bannou/bannou-service/bannou-service.csproj]
/home/lysander/repos/bannou/bannou-service/Generated/Models/RelationshipModels.cs(305,22): warning CS1591: Missing XML comment for publicly visible type or member 'UpdateRelationshipRequest' [/home/lysander/repos/bannou/bannou-service/bannou-service.csproj]
/home/lysander/repos/bannou/bannou-service/Generated/Models/RelationshipModels.cs(331,68): warning CS1591: Missing XML comment for publicly visible type or member 'UpdateRelationshipRequest.AdditionalProperties' [/home/lysander/repos/bannou/bannou-service/bannou-service.csproj]
/home/lysander/repos/bannou/bannou-service/Generated/Models/RelationshipModels.cs(340,22): warning CS1591: Missing XML comment for publicly visible type or member 'EndRelationshipRequest' [/home/lysander/repos/bannou/bannou-service/bannou-service.csproj]
/home/lysander/repos/bannou/bannou-service/Generated/Models/RelationshipModels.cs(367,68): warning CS1591: Missing XML comment for publicly visible type or member 'EndRelationshipRequest.AdditionalProperties' [/home/lysander/repos/bannou/bannou-service/bannou-service.csproj]
/home/lysander/repos/bannou/bannou-service/Generated/Models/RelationshipModels.cs(376,22): warning CS1591: Missing XML comment for publicly visible type or member 'RelationshipResponse' [/home/lysander/repos/bannou/bannou-service/bannou-service.csproj]
/home/lysander/repos/bannou/bannou-service/Generated/Models/RelationshipModels.cs(382,24): warning CS1591: Missing XML comment for publicly visible type or member 'RelationshipResponse.RelationshipId' [/home/lysander/repos/bannou/bannou-service/bannou-service.csproj]
/home/lysander/repos/bannou/bannou-service/Generated/Models/RelationshipModels.cs(387,24): warning CS1591: Missing XML comment for publicly visible type or member 'RelationshipResponse.Entity1Id' [/home/lysander/repos/bannou/bannou-service/bannou-service.csproj]
/home/lysander/repos/bannou/bannou-service/Generated/Models/RelationshipModels.cs(393,23): warning CS1591: Missing XML comment for publicly visible type or member 'RelationshipResponse.Entity1Type' [/home/lysander/repos/bannou/bannou-service/bannou-service.csproj]
/home/lysander/repos/bannou/bannou-service/Generated/Models/RelationshipModels.cs(398,24): warning CS1591: Missing XML comment for publicly visible type or member 'RelationshipResponse.Entity2Id' [/home/lysander/repos/bannou/bannou-service/bannou-service.csproj]
/home/lysander/repos/bannou/bannou-service/Generated/Models/RelationshipModels.cs(404,23): warning CS1591: Missing XML comment for publicly visible type or member 'RelationshipResponse.Entity2Type' [/home/lysander/repos/bannou/bannou-service/bannou-service.csproj]
/home/lysander/repos/bannou/bannou-service/Generated/Models/RelationshipModels.cs(409,24): warning CS1591: Missing XML comment for publicly visible type or member 'RelationshipResponse.RelationshipTypeId' [/home/lysander/repos/bannou/bannou-service/bannou-service.csproj]
/home/lysander/repos/bannou/bannou-service/Generated/Models/RelationshipModels.cs(414,34): warning CS1591: Missing XML comment for publicly visible type or member 'RelationshipResponse.StartedAt' [/home/lysander/repos/bannou/bannou-service/bannou-service.csproj]
/home/lysander/repos/bannou/bannou-service/Generated/Models/RelationshipModels.cs(417,35): warning CS1591: Missing XML comment for publicly visible type or member 'RelationshipResponse.EndedAt' [/home/lysander/repos/bannou/bannou-service/bannou-service.csproj]
/home/lysander/repos/bannou/bannou-service/Generated/Models/RelationshipModels.cs(428,34): warning CS1591: Missing XML comment for publicly visible type or member 'RelationshipResponse.CreatedAt' [/home/lysander/repos/bannou/bannou-service/bannou-service.csproj]
/home/lysander/repos/bannou/bannou-service/Generated/Models/RelationshipModels.cs(431,35): warning CS1591: Missing XML comment for publicly visible type or member 'RelationshipResponse.UpdatedAt' [/home/lysander/repos/bannou/bannou-service/bannou-service.csproj]
/home/lysander/repos/bannou/bannou-service/Generated/Models/RelationshipModels.cs(436,68): warning CS1591: Missing XML comment for publicly visible type or member 'RelationshipResponse.AdditionalProperties' [/home/lysander/repos/bannou/bannou-service/bannou-service.csproj]
/home/lysander/repos/bannou/bannou-service/Generated/Models/RelationshipModels.cs(445,22): warning CS1591: Missing XML comment for publicly visible type or member 'RelationshipListResponse' [/home/lysander/repos/bannou/bannou-service/bannou-service.csproj]
/home/lysander/repos/bannou/bannou-service/Generated/Models/RelationshipModels.cs(451,73): warning CS1591: Missing XML comment for publicly visible type or member 'RelationshipListResponse.Relationships' [/home/lysander/repos/bannou/bannou-service/bannou-service.csproj]
/home/lysander/repos/bannou/bannou-service/Generated/Models/RelationshipModels.cs(454,16): warning CS1591: Missing XML comment for publicly visible type or member 'RelationshipListResponse.TotalCount' [/home/lysander/repos/bannou/bannou-service/bannou-service.csproj]
/home/lysander/repos/bannou/bannou-service/Generated/Models/RelationshipModels.cs(457,16): warning CS1591: Missing XML comment for publicly visible type or member 'RelationshipListResponse.Page' [/home/lysander/repos/bannou/bannou-service/bannou-service.csproj]
/home/lysander/repos/bannou/bannou-service/Generated/Models/RelationshipModels.cs(460,16): warning CS1591: Missing XML comment for publicly visible type or member 'RelationshipListResponse.PageSize' [/home/lysander/repos/bannou/bannou-service/bannou-service.csproj]
/home/lysander/repos/bannou/bannou-service/Generated/Models/RelationshipModels.cs(463,17): warning CS1591: Missing XML comment for publicly visible type or member 'RelationshipListResponse.HasNextPage' [/home/lysander/repos/bannou/bannou-service/bannou-service.csproj]
/home/lysander/repos/bannou/bannou-service/Generated/Models/RelationshipModels.cs(466,17): warning CS1591: Missing XML comment for publicly visible type or member 'RelationshipListResponse.HasPreviousPage' [/home/lysander/repos/bannou/bannou-service/bannou-service.csproj]
/home/lysander/repos/bannou/bannou-service/Generated/Models/RelationshipModels.cs(471,68): warning CS1591: Missing XML comment for publicly visible type or member 'RelationshipListResponse.AdditionalProperties' [/home/lysander/repos/bannou/bannou-service/bannou-service.csproj]
/home/lysander/repos/bannou/bannou-service/Generated/Clients/RelationshipTypeClient.cs(19,26): warning CS1591: Missing XML comment for publicly visible type or member 'IRelationshipTypeClient' [/home/lysander/repos/bannou/bannou-service/bannou-service.csproj]
/home/lysander/repos/bannou/bannou-service/Generated/Clients/RelationshipTypeClient.cs(28,111): warning CS1573: Parameter 'body' has no matching param tag in the XML comment for 'IRelationshipTypeClient.GetRelationshipTypeAsync(GetRelationshipTypeRequest, CancellationToken)' (but other parameters do) [/home/lysander/repos/bannou/bannou-service/bannou-service.csproj]
/home/lysander/repos/bannou/bannou-service/Generated/Clients/RelationshipTypeClient.cs(39,123): warning CS1573: Parameter 'body' has no matching param tag in the XML comment for 'IRelationshipTypeClient.GetRelationshipTypeByCodeAsync(GetRelationshipTypeByCodeRequest, CancellationToken)' (but other parameters do) [/home/lysander/repos/bannou/bannou-service/bannou-service.csproj]
/home/lysander/repos/bannou/bannou-service/Generated/Clients/RelationshipTypeClient.cs(50,119): warning CS1573: Parameter 'body' has no matching param tag in the XML comment for 'IRelationshipTypeClient.ListRelationshipTypesAsync(ListRelationshipTypesRequest, CancellationToken)' (but other parameters do) [/home/lysander/repos/bannou/bannou-service/bannou-service.csproj]
/home/lysander/repos/bannou/bannou-service/Generated/Clients/RelationshipTypeClient.cs(61,127): warning CS1573: Parameter 'body' has no matching param tag in the XML comment for 'IRelationshipTypeClient.GetChildRelationshipTypesAsync(GetChildRelationshipTypesRequest, CancellationToken)' (but other parameters do) [/home/lysander/repos/bannou/bannou-service/bannou-service.csproj]
/home/lysander/repos/bannou/bannou-service/Generated/Clients/RelationshipTypeClient.cs(74,105): warning CS1573: Parameter 'body' has no matching param tag in the XML comment for 'IRelationshipTypeClient.MatchesHierarchyAsync(MatchesHierarchyRequest, CancellationToken)' (but other parameters do) [/home/lysander/repos/bannou/bannou-service/bannou-service.csproj]
/home/lysander/repos/bannou/bannou-service/Generated/Clients/RelationshipTypeClient.cs(86,101): warning CS1573: Parameter 'body' has no matching param tag in the XML comment for 'IRelationshipTypeClient.GetAncestorsAsync(GetAncestorsRequest, CancellationToken)' (but other parameters do) [/home/lysander/repos/bannou/bannou-service/bannou-service.csproj]
/home/lysander/repos/bannou/bannou-service/Generated/Clients/RelationshipTypeClient.cs(94,117): warning CS1573: Parameter 'body' has no matching param tag in the XML comment for 'IRelationshipTypeClient.CreateRelationshipTypeAsync(CreateRelationshipTypeRequest, CancellationToken)' (but other parameters do) [/home/lysander/repos/bannou/bannou-service/bannou-service.csproj]
/home/lysander/repos/bannou/bannou-service/Generated/Clients/RelationshipTypeClient.cs(102,117): warning CS1573: Parameter 'body' has no matching param tag in the XML comment for 'IRelationshipTypeClient.UpdateRelationshipTypeAsync(UpdateRelationshipTypeRequest, CancellationToken)' (but other parameters do) [/home/lysander/repos/bannou/bannou-service/bannou-service.csproj]
/home/lysander/repos/bannou/bannou-service/Generated/Clients/RelationshipTypeClient.cs(115,91): warning CS1573: Parameter 'body' has no matching param tag in the XML comment for 'IRelationshipTypeClient.DeleteRelationshipTypeAsync(DeleteRelationshipTypeRequest, CancellationToken)' (but other parameters do) [/home/lysander/repos/bannou/bannou-service/bannou-service.csproj]
/home/lysander/repos/bannou/bannou-service/Generated/Clients/RelationshipTypeClient.cs(131,123): warning CS1573: Parameter 'body' has no matching param tag in the XML comment for 'IRelationshipTypeClient.DeprecateRelationshipTypeAsync(DeprecateRelationshipTypeRequest, CancellationToken)' (but other parameters do) [/home/lysander/repos/bannou/bannou-service/bannou-service.csproj]
/home/lysander/repos/bannou/bannou-service/Generated/Clients/RelationshipTypeClient.cs(143,127): warning CS1573: Parameter 'body' has no matching param tag in the XML comment for 'IRelationshipTypeClient.UndeprecateRelationshipTypeAsync(UndeprecateRelationshipTypeRequest, CancellationToken)' (but other parameters do) [/home/lysander/repos/bannou/bannou-service/bannou-service.csproj]
/home/lysander/repos/bannou/bannou-service/Generated/Clients/RelationshipTypeClient.cs(164,120): warning CS1573: Parameter 'body' has no matching param tag in the XML comment for 'IRelationshipTypeClient.MergeRelationshipTypeAsync(MergeRelationshipTypeRequest, CancellationToken)' (but other parameters do) [/home/lysander/repos/bannou/bannou-service/bannou-service.csproj]
/home/lysander/repos/bannou/bannou-service/Generated/Clients/RelationshipTypeClient.cs(177,120): warning CS1573: Parameter 'body' has no matching param tag in the XML comment for 'IRelationshipTypeClient.SeedRelationshipTypesAsync(SeedRelationshipTypesRequest, CancellationToken)' (but other parameters do) [/home/lysander/repos/bannou/bannou-service/bannou-service.csproj]
/home/lysander/repos/bannou/bannou-service/Generated/Clients/RelationshipTypeClient.cs(181,22): warning CS1591: Missing XML comment for publicly visible type or member 'RelationshipTypeClient' [/home/lysander/repos/bannou/bannou-service/bannou-service.csproj]
/home/lysander/repos/bannou/bannou-service/Generated/Clients/RelationshipTypeClient.cs(201,12): warning CS1591: Missing XML comment for publicly visible type or member 'RelationshipTypeClient.RelationshipTypeClient(IMeshInvocationClient, IServiceAppMappingResolver, ILogger<RelationshipTypeClient>?)' [/home/lysander/repos/bannou/bannou-service/bannou-service.csproj]
/home/lysander/repos/bannou/bannou-service/Generated/Clients/RelationshipTypeClient.cs(209,54): warning CS1591: Missing XML comment for publicly visible type or member 'RelationshipTypeClient.JsonSerializerSettings' [/home/lysander/repos/bannou/bannou-service/bannou-service.csproj]
/home/lysander/repos/bannou/bannou-service/Generated/Clients/RelationshipTypeClient.cs(309,132): warning CS1573: Parameter 'body' has no matching param tag in the XML comment for 'RelationshipTypeClient.GetRelationshipTypeAsync(GetRelationshipTypeRequest, CancellationToken)' (but other parameters do) [/home/lysander/repos/bannou/bannou-service/bannou-service.csproj]
/home/lysander/repos/bannou/bannou-service/Generated/Clients/RelationshipTypeClient.cs(397,144): warning CS1573: Parameter 'body' has no matching param tag in the XML comment for 'RelationshipTypeClient.GetRelationshipTypeByCodeAsync(GetRelationshipTypeByCodeRequest, CancellationToken)' (but other parameters do) [/home/lysander/repos/bannou/bannou-service/bannou-service.csproj]
/home/lysander/repos/bannou/bannou-service/Generated/Clients/RelationshipTypeClient.cs(485,140): warning CS1573: Parameter 'body' has no matching param tag in the XML comment for 'RelationshipTypeClient.ListRelationshipTypesAsync(ListRelationshipTypesRequest, CancellationToken)' (but other parameters do) [/home/lysander/repos/bannou/bannou-service/bannou-service.csproj]
/home/lysander/repos/bannou/bannou-service/Generated/Clients/RelationshipTypeClient.cs(567,148): warning CS1573: Parameter 'body' has no matching param tag in the XML comment for 'RelationshipTypeClient.GetChildRelationshipTypesAsync(GetChildRelationshipTypesRequest, CancellationToken)' (but other parameters do) [/home/lysander/repos/bannou/bannou-service/bannou-service.csproj]
/home/lysander/repos/bannou/bannou-service/Generated/Clients/RelationshipTypeClient.cs(657,126): warning CS1573: Parameter 'body' has no matching param tag in the XML comment for 'RelationshipTypeClient.MatchesHierarchyAsync(MatchesHierarchyRequest, CancellationToken)' (but other parameters do) [/home/lysander/repos/bannou/bannou-service/bannou-service.csproj]
/home/lysander/repos/bannou/bannou-service/Generated/Clients/RelationshipTypeClient.cs(746,122): warning CS1573: Parameter 'body' has no matching param tag in the XML comment for 'RelationshipTypeClient.GetAncestorsAsync(GetAncestorsRequest, CancellationToken)' (but other parameters do) [/home/lysander/repos/bannou/bannou-service/bannou-service.csproj]
/home/lysander/repos/bannou/bannou-service/Generated/Clients/RelationshipTypeClient.cs(831,138): warning CS1573: Parameter 'body' has no matching param tag in the XML comment for 'RelationshipTypeClient.CreateRelationshipTypeAsync(CreateRelationshipTypeRequest, CancellationToken)' (but other parameters do) [/home/lysander/repos/bannou/bannou-service/bannou-service.csproj]
/home/lysander/repos/bannou/bannou-service/Generated/Clients/RelationshipTypeClient.cs(922,138): warning CS1573: Parameter 'body' has no matching param tag in the XML comment for 'RelationshipTypeClient.UpdateRelationshipTypeAsync(UpdateRelationshipTypeRequest, CancellationToken)' (but other parameters do) [/home/lysander/repos/bannou/bannou-service/bannou-service.csproj]
/home/lysander/repos/bannou/bannou-service/Generated/Clients/RelationshipTypeClient.cs(1018,112): warning CS1573: Parameter 'body' has no matching param tag in the XML comment for 'RelationshipTypeClient.DeleteRelationshipTypeAsync(DeleteRelationshipTypeRequest, CancellationToken)' (but other parameters do) [/home/lysander/repos/bannou/bannou-service/bannou-service.csproj]
/home/lysander/repos/bannou/bannou-service/Generated/Clients/RelationshipTypeClient.cs(1111,144): warning CS1573: Parameter 'body' has no matching param tag in the XML comment for 'RelationshipTypeClient.DeprecateRelationshipTypeAsync(DeprecateRelationshipTypeRequest, CancellationToken)' (but other parameters do) [/home/lysander/repos/bannou/bannou-service/bannou-service.csproj]
/home/lysander/repos/bannou/bannou-service/Generated/Clients/RelationshipTypeClient.cs(1206,148): warning CS1573: Parameter 'body' has no matching param tag in the XML comment for 'RelationshipTypeClient.UndeprecateRelationshipTypeAsync(UndeprecateRelationshipTypeRequest, CancellationToken)' (but other parameters do) [/home/lysander/repos/bannou/bannou-service/bannou-service.csproj]
/home/lysander/repos/bannou/bannou-service/Generated/Clients/RelationshipTypeClient.cs(1310,141): warning CS1573: Parameter 'body' has no matching param tag in the XML comment for 'RelationshipTypeClient.MergeRelationshipTypeAsync(MergeRelationshipTypeRequest, CancellationToken)' (but other parameters do) [/home/lysander/repos/bannou/bannou-service/bannou-service.csproj]
/home/lysander/repos/bannou/bannou-service/Generated/Clients/RelationshipTypeClient.cs(1412,141): warning CS1573: Parameter 'body' has no matching param tag in the XML comment for 'RelationshipTypeClient.SeedRelationshipTypesAsync(SeedRelationshipTypesRequest, CancellationToken)' (but other parameters do) [/home/lysander/repos/bannou/bannou-service/bannou-service.csproj]
/home/lysander/repos/bannou/bannou-service/Generated/Clients/RelationshipTypeClient.cs(1491,22): warning CS1591: Missing XML comment for publicly visible type or member 'RelationshipTypeClient.ObjectResponseResult<T>' [/home/lysander/repos/bannou/bannou-service/bannou-service.csproj]
/home/lysander/repos/bannou/bannou-service/Generated/Clients/RelationshipTypeClient.cs(1493,16): warning CS1591: Missing XML comment for publicly visible type or member 'RelationshipTypeClient.ObjectResponseResult<T>.ObjectResponseResult(T, string)' [/home/lysander/repos/bannou/bannou-service/bannou-service.csproj]
/home/lysander/repos/bannou/bannou-service/Generated/Clients/RelationshipTypeClient.cs(1499,18): warning CS1591: Missing XML comment for publicly visible type or member 'RelationshipTypeClient.ObjectResponseResult<T>.Object' [/home/lysander/repos/bannou/bannou-service/bannou-service.csproj]
/home/lysander/repos/bannou/bannou-service/Generated/Clients/RelationshipTypeClient.cs(1501,23): warning CS1591: Missing XML comment for publicly visible type or member 'RelationshipTypeClient.ObjectResponseResult<T>.Text' [/home/lysander/repos/bannou/bannou-service/bannou-service.csproj]
/home/lysander/repos/bannou/bannou-service/Generated/Clients/RelationshipTypeClient.cs(1524,17): warning CS1591: Missing XML comment for publicly visible type or member 'RelationshipTypeClient.ReadResponseAsString' [/home/lysander/repos/bannou/bannou-service/bannou-service.csproj]
/home/lysander/repos/bannou/bannou-service/Generated/Clients/RelationshipTypeClient.cs(1526,86): warning CS1591: Missing XML comment for publicly visible type or member 'RelationshipTypeClient.ReadObjectResponseAsync<T>(HttpResponseMessage, IReadOnlyDictionary<string, IEnumerable<string>>, CancellationToken)' [/home/lysander/repos/bannou/bannou-service/bannou-service.csproj]
/home/lysander/repos/bannou/bannou-service/Generated/Models/RelationshipTypeModels.cs(18,22): warning CS1591: Missing XML comment for publicly visible type or member 'GetRelationshipTypeRequest' [/home/lysander/repos/bannou/bannou-service/bannou-service.csproj]
/home/lysander/repos/bannou/bannou-service/Generated/Models/RelationshipTypeModels.cs(32,68): warning CS1591: Missing XML comment for publicly visible type or member 'GetRelationshipTypeRequest.AdditionalProperties' [/home/lysander/repos/bannou/bannou-service/bannou-service.csproj]
/home/lysander/repos/bannou/bannou-service/Generated/Models/RelationshipTypeModels.cs(41,22): warning CS1591: Missing XML comment for publicly visible type or member 'GetRelationshipTypeByCodeRequest' [/home/lysander/repos/bannou/bannou-service/bannou-service.csproj]
/home/lysander/repos/bannou/bannou-service/Generated/Models/RelationshipTypeModels.cs(57,68): warning CS1591: Missing XML comment for publicly visible type or member 'GetRelationshipTypeByCodeRequest.AdditionalProperties' [/home/lysander/repos/bannou/bannou-service/bannou-service.csproj]
/home/lysander/repos/bannou/bannou-service/Generated/Models/RelationshipTypeModels.cs(66,22): warning CS1591: Missing XML comment for publicly visible type or member 'ListRelationshipTypesRequest' [/home/lysander/repos/bannou/bannou-service/bannou-service.csproj]
/home/lysander/repos/bannou/bannou-service/Generated/Models/RelationshipTypeModels.cs(96,68): warning CS1591: Missing XML comment for publicly visible type or member 'ListRelationshipTypesRequest.AdditionalProperties' [/home/lysander/repos/bannou/bannou-service/bannou-service.csproj]
/home/lysander/repos/bannou/bannou-service/Generated/Models/RelationshipTypeModels.cs(105,22): warning CS1591: Missing XML comment for publicly visible type or member 'GetChildRelationshipTypesRequest' [/home/lysander/repos/bannou/bannou-service/bannou-service.csproj]
/home/lysander/repos/bannou/bannou-service/Generated/Models/RelationshipTypeModels.cs(125,68): warning CS1591: Missing XML comment for publicly visible type or member 'GetChildRelationshipTypesRequest.AdditionalProperties' [/home/lysander/repos/bannou/bannou-service/bannou-service.csproj]
/home/lysander/repos/bannou/bannou-service/Generated/Models/RelationshipTypeModels.cs(134,22): warning CS1591: Missing XML comment for publicly visible type or member 'MatchesHierarchyRequest' [/home/lysander/repos/bannou/bannou-service/bannou-service.csproj]
/home/lysander/repos/bannou/bannou-service/Generated/Models/RelationshipTypeModels.cs(156,68): warning CS1591: Missing XML comment for publicly visible type or member 'MatchesHierarchyRequest.AdditionalProperties' [/home/lysander/repos/bannou/bannou-service/bannou-service.csproj]
/home/lysander/repos/bannou/bannou-service/Generated/Models/RelationshipTypeModels.cs(165,22): warning CS1591: Missing XML comment for publicly visible type or member 'GetAncestorsRequest' [/home/lysander/repos/bannou/bannou-service/bannou-service.csproj]
/home/lysander/repos/bannou/bannou-service/Generated/Models/RelationshipTypeModels.cs(179,68): warning CS1591: Missing XML comment for publicly visible type or member 'GetAncestorsRequest.AdditionalProperties' [/home/lysander/repos/bannou/bannou-service/bannou-service.csproj]
/home/lysander/repos/bannou/bannou-service/Generated/Models/RelationshipTypeModels.cs(188,22): warning CS1591: Missing XML comment for publicly visible type or member 'CreateRelationshipTypeRequest' [/home/lysander/repos/bannou/bannou-service/bannou-service.csproj]
/home/lysander/repos/bannou/bannou-service/Generated/Models/RelationshipTypeModels.cs(252,68): warning CS1591: Missing XML comment for publicly visible type or member 'CreateRelationshipTypeRequest.AdditionalProperties' [/home/lysander/repos/bannou/bannou-service/bannou-service.csproj]
/home/lysander/repos/bannou/bannou-service/Generated/Models/RelationshipTypeModels.cs(261,22): warning CS1591: Missing XML comment for publicly visible type or member 'UpdateRelationshipTypeRequest' [/home/lysander/repos/bannou/bannou-service/bannou-service.csproj]
/home/lysander/repos/bannou/bannou-service/Generated/Models/RelationshipTypeModels.cs(321,68): warning CS1591: Missing XML comment for publicly visible type or member 'UpdateRelationshipTypeRequest.AdditionalProperties' [/home/lysander/repos/bannou/bannou-service/bannou-service.csproj]
/home/lysander/repos/bannou/bannou-service/Generated/Models/RelationshipTypeModels.cs(330,22): warning CS1591: Missing XML comment for publicly visible type or member 'DeleteRelationshipTypeRequest' [/home/lysander/repos/bannou/bannou-service/bannou-service.csproj]
/home/lysander/repos/bannou/bannou-service/Generated/Models/RelationshipTypeModels.cs(344,68): warning CS1591: Missing XML comment for publicly visible type or member 'DeleteRelationshipTypeRequest.AdditionalProperties' [/home/lysander/repos/bannou/bannou-service/bannou-service.csproj]
/home/lysander/repos/bannou/bannou-service/Generated/Models/RelationshipTypeModels.cs(353,22): warning CS1591: Missing XML comment for publicly visible type or member 'DeprecateRelationshipTypeRequest' [/home/lysander/repos/bannou/bannou-service/bannou-service.csproj]
/home/lysander/repos/bannou/bannou-service/Generated/Models/RelationshipTypeModels.cs(374,68): warning CS1591: Missing XML comment for publicly visible type or member 'DeprecateRelationshipTypeRequest.AdditionalProperties' [/home/lysander/repos/bannou/bannou-service/bannou-service.csproj]
/home/lysander/repos/bannou/bannou-service/Generated/Models/RelationshipTypeModels.cs(383,22): warning CS1591: Missing XML comment for publicly visible type or member 'UndeprecateRelationshipTypeRequest' [/home/lysander/repos/bannou/bannou-service/bannou-service.csproj]
/home/lysander/repos/bannou/bannou-service/Generated/Models/RelationshipTypeModels.cs(397,68): warning CS1591: Missing XML comment for publicly visible type or member 'UndeprecateRelationshipTypeRequest.AdditionalProperties' [/home/lysander/repos/bannou/bannou-service/bannou-service.csproj]
/home/lysander/repos/bannou/bannou-service/Generated/Models/RelationshipTypeModels.cs(406,22): warning CS1591: Missing XML comment for publicly visible type or member 'MergeRelationshipTypeRequest' [/home/lysander/repos/bannou/bannou-service/bannou-service.csproj]
/home/lysander/repos/bannou/bannou-service/Generated/Models/RelationshipTypeModels.cs(434,68): warning CS1591: Missing XML comment for publicly visible type or member 'MergeRelationshipTypeRequest.AdditionalProperties' [/home/lysander/repos/bannou/bannou-service/bannou-service.csproj]
/home/lysander/repos/bannou/bannou-service/Generated/Models/RelationshipTypeModels.cs(443,22): warning CS1591: Missing XML comment for publicly visible type or member 'SeedRelationshipTypesRequest' [/home/lysander/repos/bannou/bannou-service/bannou-service.csproj]
/home/lysander/repos/bannou/bannou-service/Generated/Models/RelationshipTypeModels.cs(463,68): warning CS1591: Missing XML comment for publicly visible type or member 'SeedRelationshipTypesRequest.AdditionalProperties' [/home/lysander/repos/bannou/bannou-service/bannou-service.csproj]
/home/lysander/repos/bannou/bannou-service/Generated/Models/RelationshipTypeModels.cs(472,22): warning CS1591: Missing XML comment for publicly visible type or member 'SeedRelationshipType' [/home/lysander/repos/bannou/bannou-service/bannou-service.csproj]
/home/lysander/repos/bannou/bannou-service/Generated/Models/RelationshipTypeModels.cs(516,17): warning CS1591: Missing XML comment for publicly visible type or member 'SeedRelationshipType.IsBidirectional' [/home/lysander/repos/bannou/bannou-service/bannou-service.csproj]
/home/lysander/repos/bannou/bannou-service/Generated/Models/RelationshipTypeModels.cs(519,19): warning CS1591: Missing XML comment for publicly visible type or member 'SeedRelationshipType.Metadata' [/home/lysander/repos/bannou/bannou-service/bannou-service.csproj]
/home/lysander/repos/bannou/bannou-service/Generated/Models/RelationshipTypeModels.cs(524,68): warning CS1591: Missing XML comment for publicly visible type or member 'SeedRelationshipType.AdditionalProperties' [/home/lysander/repos/bannou/bannou-service/bannou-service.csproj]
/home/lysander/repos/bannou/bannou-service/Generated/Models/RelationshipTypeModels.cs(533,22): warning CS1591: Missing XML comment for publicly visible type or member 'RelationshipTypeResponse' [/home/lysander/repos/bannou/bannou-service/bannou-service.csproj]
/home/lysander/repos/bannou/bannou-service/Generated/Models/RelationshipTypeModels.cs(539,24): warning CS1591: Missing XML comment for publicly visible type or member 'RelationshipTypeResponse.RelationshipTypeId' [/home/lysander/repos/bannou/bannou-service/bannou-service.csproj]
/home/lysander/repos/bannou/bannou-service/Generated/Models/RelationshipTypeModels.cs(544,19): warning CS1591: Missing XML comment for publicly visible type or member 'RelationshipTypeResponse.Code' [/home/lysander/repos/bannou/bannou-service/bannou-service.csproj]
/home/lysander/repos/bannou/bannou-service/Generated/Models/RelationshipTypeModels.cs(549,19): warning CS1591: Missing XML comment for publicly visible type or member 'RelationshipTypeResponse.Name' [/home/lysander/repos/bannou/bannou-service/bannou-service.csproj]
/home/lysander/repos/bannou/bannou-service/Generated/Models/RelationshipTypeModels.cs(552,20): warning CS1591: Missing XML comment for publicly visible type or member 'RelationshipTypeResponse.Description' [/home/lysander/repos/bannou/bannou-service/bannou-service.csproj]
/home/lysander/repos/bannou/bannou-service/Generated/Models/RelationshipTypeModels.cs(555,20): warning CS1591: Missing XML comment for publicly visible type or member 'RelationshipTypeResponse.Category' [/home/lysander/repos/bannou/bannou-service/bannou-service.csproj]
/home/lysander/repos/bannou/bannou-service/Generated/Models/RelationshipTypeModels.cs(558,25): warning CS1591: Missing XML comment for publicly visible type or member 'RelationshipTypeResponse.ParentTypeId' [/home/lysander/repos/bannou/bannou-service/bannou-service.csproj]
/home/lysander/repos/bannou/bannou-service/Generated/Models/RelationshipTypeModels.cs(567,25): warning CS1591: Missing XML comment for publicly visible type or member 'RelationshipTypeResponse.InverseTypeId' [/home/lysander/repos/bannou/bannou-service/bannou-service.csproj]
/home/lysander/repos/bannou/bannou-service/Generated/Models/RelationshipTypeModels.cs(570,20): warning CS1591: Missing XML comment for publicly visible type or member 'RelationshipTypeResponse.InverseTypeCode' [/home/lysander/repos/bannou/bannou-service/bannou-service.csproj]
/home/lysander/repos/bannou/bannou-service/Generated/Models/RelationshipTypeModels.cs(573,17): warning CS1591: Missing XML comment for publicly visible type or member 'RelationshipTypeResponse.IsBidirectional' [/home/lysander/repos/bannou/bannou-service/bannou-service.csproj]
/home/lysander/repos/bannou/bannou-service/Generated/Models/RelationshipTypeModels.cs(600,20): warning CS1591: Missing XML comment for publicly visible type or member 'RelationshipTypeResponse.Metadata' [/home/lysander/repos/bannou/bannou-service/bannou-service.csproj]
/home/lysander/repos/bannou/bannou-service/Generated/Models/RelationshipTypeModels.cs(605,34): warning CS1591: Missing XML comment for publicly visible type or member 'RelationshipTypeResponse.CreatedAt' [/home/lysander/repos/bannou/bannou-service/bannou-service.csproj]
/home/lysander/repos/bannou/bannou-service/Generated/Models/RelationshipTypeModels.cs(610,34): warning CS1591: Missing XML comment for publicly visible type or member 'RelationshipTypeResponse.UpdatedAt' [/home/lysander/repos/bannou/bannou-service/bannou-service.csproj]
/home/lysander/repos/bannou/bannou-service/Generated/Models/RelationshipTypeModels.cs(615,68): warning CS1591: Missing XML comment for publicly visible type or member 'RelationshipTypeResponse.AdditionalProperties' [/home/lysander/repos/bannou/bannou-service/bannou-service.csproj]
/home/lysander/repos/bannou/bannou-service/Generated/Models/RelationshipTypeModels.cs(624,22): warning CS1591: Missing XML comment for publicly visible type or member 'RelationshipTypeListResponse' [/home/lysander/repos/bannou/bannou-service/bannou-service.csproj]
/home/lysander/repos/bannou/bannou-service/Generated/Models/RelationshipTypeModels.cs(630,77): warning CS1591: Missing XML comment for publicly visible type or member 'RelationshipTypeListResponse.Types' [/home/lysander/repos/bannou/bannou-service/bannou-service.csproj]
/home/lysander/repos/bannou/bannou-service/Generated/Models/RelationshipTypeModels.cs(633,16): warning CS1591: Missing XML comment for publicly visible type or member 'RelationshipTypeListResponse.TotalCount' [/home/lysander/repos/bannou/bannou-service/bannou-service.csproj]
/home/lysander/repos/bannou/bannou-service/Generated/Models/RelationshipTypeModels.cs(638,68): warning CS1591: Missing XML comment for publicly visible type or member 'RelationshipTypeListResponse.AdditionalProperties' [/home/lysander/repos/bannou/bannou-service/bannou-service.csproj]
/home/lysander/repos/bannou/bannou-service/Generated/Models/RelationshipTypeModels.cs(647,22): warning CS1591: Missing XML comment for publicly visible type or member 'MatchesHierarchyResponse' [/home/lysander/repos/bannou/bannou-service/bannou-service.csproj]
/home/lysander/repos/bannou/bannou-service/Generated/Models/RelationshipTypeModels.cs(665,68): warning CS1591: Missing XML comment for publicly visible type or member 'MatchesHierarchyResponse.AdditionalProperties' [/home/lysander/repos/bannou/bannou-service/bannou-service.csproj]
/home/lysander/repos/bannou/bannou-service/Generated/Models/RelationshipTypeModels.cs(674,22): warning CS1591: Missing XML comment for publicly visible type or member 'SeedRelationshipTypesResponse' [/home/lysander/repos/bannou/bannou-service/bannou-service.csproj]
/home/lysander/repos/bannou/bannou-service/Generated/Models/RelationshipTypeModels.cs(706,68): warning CS1591: Missing XML comment for publicly visible type or member 'SeedRelationshipTypesResponse.AdditionalProperties' [/home/lysander/repos/bannou/bannou-service/bannou-service.csproj]
/home/lysander/repos/bannou/bannou-service/Generated/Models/RelationshipTypeModels.cs(715,22): warning CS1591: Missing XML comment for publicly visible type or member 'MergeRelationshipTypeResponse' [/home/lysander/repos/bannou/bannou-service/bannou-service.csproj]
/home/lysander/repos/bannou/bannou-service/Generated/Models/RelationshipTypeModels.cs(749,68): warning CS1591: Missing XML comment for publicly visible type or member 'MergeRelationshipTypeResponse.AdditionalProperties' [/home/lysander/repos/bannou/bannou-service/bannou-service.csproj]
/home/lysander/repos/bannou/bannou-service/Generated/Clients/ServicedataClient.cs(19,26): warning CS1591: Missing XML comment for publicly visible type or member 'IServicedataClient' [/home/lysander/repos/bannou/bannou-service/bannou-service.csproj]
/home/lysander/repos/bannou/bannou-service/Generated/Clients/ServicedataClient.cs(31,93): warning CS1573: Parameter 'body' has no matching param tag in the XML comment for 'IServicedataClient.ListServicesAsync(ListServicesRequest, CancellationToken)' (but other parameters do) [/home/lysander/repos/bannou/bannou-service/bannou-service.csproj]
/home/lysander/repos/bannou/bannou-service/Generated/Clients/ServicedataClient.cs(42,80): warning CS1573: Parameter 'body' has no matching param tag in the XML comment for 'IServicedataClient.GetServiceAsync(GetServiceRequest, CancellationToken)' (but other parameters do) [/home/lysander/repos/bannou/bannou-service/bannou-service.csproj]
/home/lysander/repos/bannou/bannou-service/Generated/Clients/ServicedataClient.cs(53,86): warning CS1573: Parameter 'body' has no matching param tag in the XML comment for 'IServicedataClient.CreateServiceAsync(CreateServiceRequest, CancellationToken)' (but other parameters do) [/home/lysander/repos/bannou/bannou-service/bannou-service.csproj]
/home/lysander/repos/bannou/bannou-service/Generated/Clients/ServicedataClient.cs(64,86): warning CS1573: Parameter 'body' has no matching param tag in the XML comment for 'IServicedataClient.UpdateServiceAsync(UpdateServiceRequest, CancellationToken)' (but other parameters do) [/home/lysander/repos/bannou/bannou-service/bannou-service.csproj]
/home/lysander/repos/bannou/bannou-service/Generated/Clients/ServicedataClient.cs(75,73): warning CS1573: Parameter 'body' has no matching param tag in the XML comment for 'IServicedataClient.DeleteServiceAsync(DeleteServiceRequest, CancellationToken)' (but other parameters do) [/home/lysander/repos/bannou/bannou-service/bannou-service.csproj]
/home/lysander/repos/bannou/bannou-service/Generated/Clients/ServicedataClient.cs(79,22): warning CS1591: Missing XML comment for publicly visible type or member 'ServicedataClient' [/home/lysander/repos/bannou/bannou-service/bannou-service.csproj]
/home/lysander/repos/bannou/bannou-service/Generated/Clients/ServicedataClient.cs(99,12): warning CS1591: Missing XML comment for publicly visible type or member 'ServicedataClient.ServicedataClient(IMeshInvocationClient, IServiceAppMappingResolver, ILogger<ServicedataClient>?)' [/home/lysander/repos/bannou/bannou-service/bannou-service.csproj]
/home/lysander/repos/bannou/bannou-service/Generated/Clients/ServicedataClient.cs(107,54): warning CS1591: Missing XML comment for publicly visible type or member 'ServicedataClient.JsonSerializerSettings' [/home/lysander/repos/bannou/bannou-service/bannou-service.csproj]
/home/lysander/repos/bannou/bannou-service/Generated/Clients/ServicedataClient.cs(210,114): warning CS1573: Parameter 'body' has no matching param tag in the XML comment for 'ServicedataClient.ListServicesAsync(ListServicesRequest, CancellationToken)' (but other parameters do) [/home/lysander/repos/bannou/bannou-service/bannou-service.csproj]
/home/lysander/repos/bannou/bannou-service/Generated/Clients/ServicedataClient.cs(292,101): warning CS1573: Parameter 'body' has no matching param tag in the XML comment for 'ServicedataClient.GetServiceAsync(GetServiceRequest, CancellationToken)' (but other parameters do) [/home/lysander/repos/bannou/bannou-service/bannou-service.csproj]
/home/lysander/repos/bannou/bannou-service/Generated/Clients/ServicedataClient.cs(380,107): warning CS1573: Parameter 'body' has no matching param tag in the XML comment for 'ServicedataClient.CreateServiceAsync(CreateServiceRequest, CancellationToken)' (but other parameters do) [/home/lysander/repos/bannou/bannou-service/bannou-service.csproj]
/home/lysander/repos/bannou/bannou-service/Generated/Clients/ServicedataClient.cs(474,107): warning CS1573: Parameter 'body' has no matching param tag in the XML comment for 'ServicedataClient.UpdateServiceAsync(UpdateServiceRequest, CancellationToken)' (but other parameters do) [/home/lysander/repos/bannou/bannou-service/bannou-service.csproj]
/home/lysander/repos/bannou/bannou-service/Generated/Clients/ServicedataClient.cs(568,94): warning CS1573: Parameter 'body' has no matching param tag in the XML comment for 'ServicedataClient.DeleteServiceAsync(DeleteServiceRequest, CancellationToken)' (but other parameters do) [/home/lysander/repos/bannou/bannou-service/bannou-service.csproj]
/home/lysander/repos/bannou/bannou-service/Generated/Clients/ServicedataClient.cs(647,22): warning CS1591: Missing XML comment for publicly visible type or member 'ServicedataClient.ObjectResponseResult<T>' [/home/lysander/repos/bannou/bannou-service/bannou-service.csproj]
/home/lysander/repos/bannou/bannou-service/Generated/Clients/ServicedataClient.cs(649,16): warning CS1591: Missing XML comment for publicly visible type or member 'ServicedataClient.ObjectResponseResult<T>.ObjectResponseResult(T, string)' [/home/lysander/repos/bannou/bannou-service/bannou-service.csproj]
/home/lysander/repos/bannou/bannou-service/Generated/Clients/ServicedataClient.cs(655,18): warning CS1591: Missing XML comment for publicly visible type or member 'ServicedataClient.ObjectResponseResult<T>.Object' [/home/lysander/repos/bannou/bannou-service/bannou-service.csproj]
/home/lysander/repos/bannou/bannou-service/Generated/Clients/ServicedataClient.cs(657,23): warning CS1591: Missing XML comment for publicly visible type or member 'ServicedataClient.ObjectResponseResult<T>.Text' [/home/lysander/repos/bannou/bannou-service/bannou-service.csproj]
/home/lysander/repos/bannou/bannou-service/Generated/Clients/ServicedataClient.cs(680,17): warning CS1591: Missing XML comment for publicly visible type or member 'ServicedataClient.ReadResponseAsString' [/home/lysander/repos/bannou/bannou-service/bannou-service.csproj]
/home/lysander/repos/bannou/bannou-service/Generated/Clients/ServicedataClient.cs(682,86): warning CS1591: Missing XML comment for publicly visible type or member 'ServicedataClient.ReadObjectResponseAsync<T>(HttpResponseMessage, IReadOnlyDictionary<string, IEnumerable<string>>, CancellationToken)' [/home/lysander/repos/bannou/bannou-service/bannou-service.csproj]
/home/lysander/repos/bannou/bannou-service/Generated/Models/ServicedataModels.cs(33,68): warning CS1591: Missing XML comment for publicly visible type or member 'ListServicesRequest.AdditionalProperties' [/home/lysander/repos/bannou/bannou-service/bannou-service.csproj]
/home/lysander/repos/bannou/bannou-service/Generated/Models/ServicedataModels.cs(63,68): warning CS1591: Missing XML comment for publicly visible type or member 'GetServiceRequest.AdditionalProperties' [/home/lysander/repos/bannou/bannou-service/bannou-service.csproj]
/home/lysander/repos/bannou/bannou-service/Generated/Models/ServicedataModels.cs(113,68): warning CS1591: Missing XML comment for publicly visible type or member 'CreateServiceRequest.AdditionalProperties' [/home/lysander/repos/bannou/bannou-service/bannou-service.csproj]
/home/lysander/repos/bannou/bannou-service/Generated/Models/ServicedataModels.cs(159,68): warning CS1591: Missing XML comment for publicly visible type or member 'UpdateServiceRequest.AdditionalProperties' [/home/lysander/repos/bannou/bannou-service/bannou-service.csproj]
/home/lysander/repos/bannou/bannou-service/Generated/Models/ServicedataModels.cs(185,68): warning CS1591: Missing XML comment for publicly visible type or member 'DeleteServiceRequest.AdditionalProperties' [/home/lysander/repos/bannou/bannou-service/bannou-service.csproj]
/home/lysander/repos/bannou/bannou-service/Generated/Models/ServicedataModels.cs(253,68): warning CS1591: Missing XML comment for publicly visible type or member 'ServiceInfo.AdditionalProperties' [/home/lysander/repos/bannou/bannou-service/bannou-service.csproj]
/home/lysander/repos/bannou/bannou-service/Generated/Models/ServicedataModels.cs(271,64): warning CS1591: Missing XML comment for publicly visible type or member 'ListServicesResponse.Services' [/home/lysander/repos/bannou/bannou-service/bannou-service.csproj]
/home/lysander/repos/bannou/bannou-service/Generated/Models/ServicedataModels.cs(282,68): warning CS1591: Missing XML comment for publicly visible type or member 'ListServicesResponse.AdditionalProperties' [/home/lysander/repos/bannou/bannou-service/bannou-service.csproj]
/home/lysander/repos/bannou/bannou-service/Generated/Clients/SpeciesClient.cs(19,26): warning CS1591: Missing XML comment for publicly visible type or member 'ISpeciesClient' [/home/lysander/repos/bannou/bannou-service/bannou-service.csproj]
/home/lysander/repos/bannou/bannou-service/Generated/Clients/SpeciesClient.cs(28,84): warning CS1573: Parameter 'body' has no matching param tag in the XML comment for 'ISpeciesClient.GetSpeciesAsync(GetSpeciesRequest, CancellationToken)' (but other parameters do) [/home/lysander/repos/bannou/bannou-service/bannou-service.csproj]
/home/lysander/repos/bannou/bannou-service/Generated/Clients/SpeciesClient.cs(39,96): warning CS1573: Parameter 'body' has no matching param tag in the XML comment for 'ISpeciesClient.GetSpeciesByCodeAsync(GetSpeciesByCodeRequest, CancellationToken)' (but other parameters do) [/home/lysander/repos/bannou/bannou-service/bannou-service.csproj]
/home/lysander/repos/bannou/bannou-service/Generated/Clients/SpeciesClient.cs(50,90): warning CS1573: Parameter 'body' has no matching param tag in the XML comment for 'ISpeciesClient.ListSpeciesAsync(ListSpeciesRequest, CancellationToken)' (but other parameters do) [/home/lysander/repos/bannou/bannou-service/bannou-service.csproj]
/home/lysander/repos/bannou/bannou-service/Generated/Clients/SpeciesClient.cs(61,104): warning CS1573: Parameter 'body' has no matching param tag in the XML comment for 'ISpeciesClient.ListSpeciesByRealmAsync(ListSpeciesByRealmRequest, CancellationToken)' (but other parameters do) [/home/lysander/repos/bannou/bannou-service/bannou-service.csproj]
/home/lysander/repos/bannou/bannou-service/Generated/Clients/SpeciesClient.cs(69,90): warning CS1573: Parameter 'body' has no matching param tag in the XML comment for 'ISpeciesClient.CreateSpeciesAsync(CreateSpeciesRequest, CancellationToken)' (but other parameters do) [/home/lysander/repos/bannou/bannou-service/bannou-service.csproj]
/home/lysander/repos/bannou/bannou-service/Generated/Clients/SpeciesClient.cs(77,90): warning CS1573: Parameter 'body' has no matching param tag in the XML comment for 'ISpeciesClient.UpdateSpeciesAsync(UpdateSpeciesRequest, CancellationToken)' (but other parameters do) [/home/lysander/repos/bannou/bannou-service/bannou-service.csproj]
/home/lysander/repos/bannou/bannou-service/Generated/Clients/SpeciesClient.cs(90,73): warning CS1573: Parameter 'body' has no matching param tag in the XML comment for 'ISpeciesClient.DeleteSpeciesAsync(DeleteSpeciesRequest, CancellationToken)' (but other parameters do) [/home/lysander/repos/bannou/bannou-service/bannou-service.csproj]
/home/lysander/repos/bannou/bannou-service/Generated/Clients/SpeciesClient.cs(106,96): warning CS1573: Parameter 'body' has no matching param tag in the XML comment for 'ISpeciesClient.DeprecateSpeciesAsync(DeprecateSpeciesRequest, CancellationToken)' (but other parameters do) [/home/lysander/repos/bannou/bannou-service/bannou-service.csproj]
/home/lysander/repos/bannou/bannou-service/Generated/Clients/SpeciesClient.cs(118,100): warning CS1573: Parameter 'body' has no matching param tag in the XML comment for 'ISpeciesClient.UndeprecateSpeciesAsync(UndeprecateSpeciesRequest, CancellationToken)' (but other parameters do) [/home/lysander/repos/bannou/bannou-service/bannou-service.csproj]
/home/lysander/repos/bannou/bannou-service/Generated/Clients/SpeciesClient.cs(139,93): warning CS1573: Parameter 'body' has no matching param tag in the XML comment for 'ISpeciesClient.MergeSpeciesAsync(MergeSpeciesRequest, CancellationToken)' (but other parameters do) [/home/lysander/repos/bannou/bannou-service/bannou-service.csproj]
/home/lysander/repos/bannou/bannou-service/Generated/Clients/SpeciesClient.cs(150,98): warning CS1573: Parameter 'body' has no matching param tag in the XML comment for 'ISpeciesClient.AddSpeciesToRealmAsync(AddSpeciesToRealmRequest, CancellationToken)' (but other parameters do) [/home/lysander/repos/bannou/bannou-service/bannou-service.csproj]
/home/lysander/repos/bannou/bannou-service/Generated/Clients/SpeciesClient.cs(161,108): warning CS1573: Parameter 'body' has no matching param tag in the XML comment for 'ISpeciesClient.RemoveSpeciesFromRealmAsync(RemoveSpeciesFromRealmRequest, CancellationToken)' (but other parameters do) [/home/lysander/repos/bannou/bannou-service/bannou-service.csproj]
/home/lysander/repos/bannou/bannou-service/Generated/Clients/SpeciesClient.cs(174,90): warning CS1573: Parameter 'body' has no matching param tag in the XML comment for 'ISpeciesClient.SeedSpeciesAsync(SeedSpeciesRequest, CancellationToken)' (but other parameters do) [/home/lysander/repos/bannou/bannou-service/bannou-service.csproj]
/home/lysander/repos/bannou/bannou-service/Generated/Clients/SpeciesClient.cs(178,22): warning CS1591: Missing XML comment for publicly visible type or member 'SpeciesClient' [/home/lysander/repos/bannou/bannou-service/bannou-service.csproj]
/home/lysander/repos/bannou/bannou-service/Generated/Clients/SpeciesClient.cs(198,12): warning CS1591: Missing XML comment for publicly visible type or member 'SpeciesClient.SpeciesClient(IMeshInvocationClient, IServiceAppMappingResolver, ILogger<SpeciesClient>?)' [/home/lysander/repos/bannou/bannou-service/bannou-service.csproj]
/home/lysander/repos/bannou/bannou-service/Generated/Clients/SpeciesClient.cs(206,54): warning CS1591: Missing XML comment for publicly visible type or member 'SpeciesClient.JsonSerializerSettings' [/home/lysander/repos/bannou/bannou-service/bannou-service.csproj]
/home/lysander/repos/bannou/bannou-service/Generated/Clients/SpeciesClient.cs(306,105): warning CS1573: Parameter 'body' has no matching param tag in the XML comment for 'SpeciesClient.GetSpeciesAsync(GetSpeciesRequest, CancellationToken)' (but other parameters do) [/home/lysander/repos/bannou/bannou-service/bannou-service.csproj]
/home/lysander/repos/bannou/bannou-service/Generated/Clients/SpeciesClient.cs(394,117): warning CS1573: Parameter 'body' has no matching param tag in the XML comment for 'SpeciesClient.GetSpeciesByCodeAsync(GetSpeciesByCodeRequest, CancellationToken)' (but other parameters do) [/home/lysander/repos/bannou/bannou-service/bannou-service.csproj]
/home/lysander/repos/bannou/bannou-service/Generated/Clients/SpeciesClient.cs(482,111): warning CS1573: Parameter 'body' has no matching param tag in the XML comment for 'SpeciesClient.ListSpeciesAsync(ListSpeciesRequest, CancellationToken)' (but other parameters do) [/home/lysander/repos/bannou/bannou-service/bannou-service.csproj]
/home/lysander/repos/bannou/bannou-service/Generated/Clients/SpeciesClient.cs(564,125): warning CS1573: Parameter 'body' has no matching param tag in the XML comment for 'SpeciesClient.ListSpeciesByRealmAsync(ListSpeciesByRealmRequest, CancellationToken)' (but other parameters do) [/home/lysander/repos/bannou/bannou-service/bannou-service.csproj]
/home/lysander/repos/bannou/bannou-service/Generated/Clients/SpeciesClient.cs(649,111): warning CS1573: Parameter 'body' has no matching param tag in the XML comment for 'SpeciesClient.CreateSpeciesAsync(CreateSpeciesRequest, CancellationToken)' (but other parameters do) [/home/lysander/repos/bannou/bannou-service/bannou-service.csproj]
/home/lysander/repos/bannou/bannou-service/Generated/Clients/SpeciesClient.cs(740,111): warning CS1573: Parameter 'body' has no matching param tag in the XML comment for 'SpeciesClient.UpdateSpeciesAsync(UpdateSpeciesRequest, CancellationToken)' (but other parameters do) [/home/lysander/repos/bannou/bannou-service/bannou-service.csproj]
/home/lysander/repos/bannou/bannou-service/Generated/Clients/SpeciesClient.cs(836,94): warning CS1573: Parameter 'body' has no matching param tag in the XML comment for 'SpeciesClient.DeleteSpeciesAsync(DeleteSpeciesRequest, CancellationToken)' (but other parameters do) [/home/lysander/repos/bannou/bannou-service/bannou-service.csproj]
/home/lysander/repos/bannou/bannou-service/Generated/Clients/SpeciesClient.cs(929,117): warning CS1573: Parameter 'body' has no matching param tag in the XML comment for 'SpeciesClient.DeprecateSpeciesAsync(DeprecateSpeciesRequest, CancellationToken)' (but other parameters do) [/home/lysander/repos/bannou/bannou-service/bannou-service.csproj]
/home/lysander/repos/bannou/bannou-service/Generated/Clients/SpeciesClient.cs(1024,121): warning CS1573: Parameter 'body' has no matching param tag in the XML comment for 'SpeciesClient.UndeprecateSpeciesAsync(UndeprecateSpeciesRequest, CancellationToken)' (but other parameters do) [/home/lysander/repos/bannou/bannou-service/bannou-service.csproj]
/home/lysander/repos/bannou/bannou-service/Generated/Clients/SpeciesClient.cs(1128,114): warning CS1573: Parameter 'body' has no matching param tag in the XML comment for 'SpeciesClient.MergeSpeciesAsync(MergeSpeciesRequest, CancellationToken)' (but other parameters do) [/home/lysander/repos/bannou/bannou-service/bannou-service.csproj]
/home/lysander/repos/bannou/bannou-service/Generated/Clients/SpeciesClient.cs(1228,119): warning CS1573: Parameter 'body' has no matching param tag in the XML comment for 'SpeciesClient.AddSpeciesToRealmAsync(AddSpeciesToRealmRequest, CancellationToken)' (but other parameters do) [/home/lysander/repos/bannou/bannou-service/bannou-service.csproj]
/home/lysander/repos/bannou/bannou-service/Generated/Clients/SpeciesClient.cs(1322,129): warning CS1573: Parameter 'body' has no matching param tag in the XML comment for 'SpeciesClient.RemoveSpeciesFromRealmAsync(RemoveSpeciesFromRealmRequest, CancellationToken)' (but other parameters do) [/home/lysander/repos/bannou/bannou-service/bannou-service.csproj]
/home/lysander/repos/bannou/bannou-service/Generated/Clients/SpeciesClient.cs(1418,111): warning CS1573: Parameter 'body' has no matching param tag in the XML comment for 'SpeciesClient.SeedSpeciesAsync(SeedSpeciesRequest, CancellationToken)' (but other parameters do) [/home/lysander/repos/bannou/bannou-service/bannou-service.csproj]
/home/lysander/repos/bannou/bannou-service/Generated/Clients/SpeciesClient.cs(1497,22): warning CS1591: Missing XML comment for publicly visible type or member 'SpeciesClient.ObjectResponseResult<T>' [/home/lysander/repos/bannou/bannou-service/bannou-service.csproj]
/home/lysander/repos/bannou/bannou-service/Generated/Clients/SpeciesClient.cs(1499,16): warning CS1591: Missing XML comment for publicly visible type or member 'SpeciesClient.ObjectResponseResult<T>.ObjectResponseResult(T, string)' [/home/lysander/repos/bannou/bannou-service/bannou-service.csproj]
/home/lysander/repos/bannou/bannou-service/Generated/Clients/SpeciesClient.cs(1505,18): warning CS1591: Missing XML comment for publicly visible type or member 'SpeciesClient.ObjectResponseResult<T>.Object' [/home/lysander/repos/bannou/bannou-service/bannou-service.csproj]
/home/lysander/repos/bannou/bannou-service/Generated/Clients/SpeciesClient.cs(1507,23): warning CS1591: Missing XML comment for publicly visible type or member 'SpeciesClient.ObjectResponseResult<T>.Text' [/home/lysander/repos/bannou/bannou-service/bannou-service.csproj]
/home/lysander/repos/bannou/bannou-service/Generated/Clients/SpeciesClient.cs(1530,17): warning CS1591: Missing XML comment for publicly visible type or member 'SpeciesClient.ReadResponseAsString' [/home/lysander/repos/bannou/bannou-service/bannou-service.csproj]
/home/lysander/repos/bannou/bannou-service/Generated/Clients/SpeciesClient.cs(1532,86): warning CS1591: Missing XML comment for publicly visible type or member 'SpeciesClient.ReadObjectResponseAsync<T>(HttpResponseMessage, IReadOnlyDictionary<string, IEnumerable<string>>, CancellationToken)' [/home/lysander/repos/bannou/bannou-service/bannou-service.csproj]
/home/lysander/repos/bannou/bannou-service/Generated/Models/SpeciesModels.cs(18,22): warning CS1591: Missing XML comment for publicly visible type or member 'GetSpeciesRequest' [/home/lysander/repos/bannou/bannou-service/bannou-service.csproj]
/home/lysander/repos/bannou/bannou-service/Generated/Models/SpeciesModels.cs(32,68): warning CS1591: Missing XML comment for publicly visible type or member 'GetSpeciesRequest.AdditionalProperties' [/home/lysander/repos/bannou/bannou-service/bannou-service.csproj]
/home/lysander/repos/bannou/bannou-service/Generated/Models/SpeciesModels.cs(41,22): warning CS1591: Missing XML comment for publicly visible type or member 'GetSpeciesByCodeRequest' [/home/lysander/repos/bannou/bannou-service/bannou-service.csproj]
/home/lysander/repos/bannou/bannou-service/Generated/Models/SpeciesModels.cs(57,68): warning CS1591: Missing XML comment for publicly visible type or member 'GetSpeciesByCodeRequest.AdditionalProperties' [/home/lysander/repos/bannou/bannou-service/bannou-service.csproj]
/home/lysander/repos/bannou/bannou-service/Generated/Models/SpeciesModels.cs(66,22): warning CS1591: Missing XML comment for publicly visible type or member 'ListSpeciesRequest' [/home/lysander/repos/bannou/bannou-service/bannou-service.csproj]
/home/lysander/repos/bannou/bannou-service/Generated/Models/SpeciesModels.cs(89,16): warning CS1591: Missing XML comment for publicly visible type or member 'ListSpeciesRequest.Page' [/home/lysander/repos/bannou/bannou-service/bannou-service.csproj]
/home/lysander/repos/bannou/bannou-service/Generated/Models/SpeciesModels.cs(93,16): warning CS1591: Missing XML comment for publicly visible type or member 'ListSpeciesRequest.PageSize' [/home/lysander/repos/bannou/bannou-service/bannou-service.csproj]
/home/lysander/repos/bannou/bannou-service/Generated/Models/SpeciesModels.cs(98,68): warning CS1591: Missing XML comment for publicly visible type or member 'ListSpeciesRequest.AdditionalProperties' [/home/lysander/repos/bannou/bannou-service/bannou-service.csproj]
/home/lysander/repos/bannou/bannou-service/Generated/Models/SpeciesModels.cs(107,22): warning CS1591: Missing XML comment for publicly visible type or member 'ListSpeciesByRealmRequest' [/home/lysander/repos/bannou/bannou-service/bannou-service.csproj]
/home/lysander/repos/bannou/bannou-service/Generated/Models/SpeciesModels.cs(126,16): warning CS1591: Missing XML comment for publicly visible type or member 'ListSpeciesByRealmRequest.Page' [/home/lysander/repos/bannou/bannou-service/bannou-service.csproj]
/home/lysander/repos/bannou/bannou-service/Generated/Models/SpeciesModels.cs(130,16): warning CS1591: Missing XML comment for publicly visible type or member 'ListSpeciesByRealmRequest.PageSize' [/home/lysander/repos/bannou/bannou-service/bannou-service.csproj]
/home/lysander/repos/bannou/bannou-service/Generated/Models/SpeciesModels.cs(135,68): warning CS1591: Missing XML comment for publicly visible type or member 'ListSpeciesByRealmRequest.AdditionalProperties' [/home/lysander/repos/bannou/bannou-service/bannou-service.csproj]
/home/lysander/repos/bannou/bannou-service/Generated/Models/SpeciesModels.cs(144,22): warning CS1591: Missing XML comment for publicly visible type or member 'CreateSpeciesRequest' [/home/lysander/repos/bannou/bannou-service/bannou-service.csproj]
/home/lysander/repos/bannou/bannou-service/Generated/Models/SpeciesModels.cs(221,68): warning CS1591: Missing XML comment for publicly visible type or member 'CreateSpeciesRequest.AdditionalProperties' [/home/lysander/repos/bannou/bannou-service/bannou-service.csproj]
/home/lysander/repos/bannou/bannou-service/Generated/Models/SpeciesModels.cs(230,22): warning CS1591: Missing XML comment for publicly visible type or member 'UpdateSpeciesRequest' [/home/lysander/repos/bannou/bannou-service/bannou-service.csproj]
/home/lysander/repos/bannou/bannou-service/Generated/Models/SpeciesModels.cs(297,68): warning CS1591: Missing XML comment for publicly visible type or member 'UpdateSpeciesRequest.AdditionalProperties' [/home/lysander/repos/bannou/bannou-service/bannou-service.csproj]
/home/lysander/repos/bannou/bannou-service/Generated/Models/SpeciesModels.cs(306,22): warning CS1591: Missing XML comment for publicly visible type or member 'DeleteSpeciesRequest' [/home/lysander/repos/bannou/bannou-service/bannou-service.csproj]
/home/lysander/repos/bannou/bannou-service/Generated/Models/SpeciesModels.cs(320,68): warning CS1591: Missing XML comment for publicly visible type or member 'DeleteSpeciesRequest.AdditionalProperties' [/home/lysander/repos/bannou/bannou-service/bannou-service.csproj]
/home/lysander/repos/bannou/bannou-service/Generated/Models/SpeciesModels.cs(329,22): warning CS1591: Missing XML comment for publicly visible type or member 'DeprecateSpeciesRequest' [/home/lysander/repos/bannou/bannou-service/bannou-service.csproj]
/home/lysander/repos/bannou/bannou-service/Generated/Models/SpeciesModels.cs(350,68): warning CS1591: Missing XML comment for publicly visible type or member 'DeprecateSpeciesRequest.AdditionalProperties' [/home/lysander/repos/bannou/bannou-service/bannou-service.csproj]
/home/lysander/repos/bannou/bannou-service/Generated/Models/SpeciesModels.cs(359,22): warning CS1591: Missing XML comment for publicly visible type or member 'UndeprecateSpeciesRequest' [/home/lysander/repos/bannou/bannou-service/bannou-service.csproj]
/home/lysander/repos/bannou/bannou-service/Generated/Models/SpeciesModels.cs(373,68): warning CS1591: Missing XML comment for publicly visible type or member 'UndeprecateSpeciesRequest.AdditionalProperties' [/home/lysander/repos/bannou/bannou-service/bannou-service.csproj]
/home/lysander/repos/bannou/bannou-service/Generated/Models/SpeciesModels.cs(382,22): warning CS1591: Missing XML comment for publicly visible type or member 'MergeSpeciesRequest' [/home/lysander/repos/bannou/bannou-service/bannou-service.csproj]
/home/lysander/repos/bannou/bannou-service/Generated/Models/SpeciesModels.cs(410,68): warning CS1591: Missing XML comment for publicly visible type or member 'MergeSpeciesRequest.AdditionalProperties' [/home/lysander/repos/bannou/bannou-service/bannou-service.csproj]
/home/lysander/repos/bannou/bannou-service/Generated/Models/SpeciesModels.cs(419,22): warning CS1591: Missing XML comment for publicly visible type or member 'AddSpeciesToRealmRequest' [/home/lysander/repos/bannou/bannou-service/bannou-service.csproj]
/home/lysander/repos/bannou/bannou-service/Generated/Models/SpeciesModels.cs(441,68): warning CS1591: Missing XML comment for publicly visible type or member 'AddSpeciesToRealmRequest.AdditionalProperties' [/home/lysander/repos/bannou/bannou-service/bannou-service.csproj]
/home/lysander/repos/bannou/bannou-service/Generated/Models/SpeciesModels.cs(450,22): warning CS1591: Missing XML comment for publicly visible type or member 'RemoveSpeciesFromRealmRequest' [/home/lysander/repos/bannou/bannou-service/bannou-service.csproj]
/home/lysander/repos/bannou/bannou-service/Generated/Models/SpeciesModels.cs(472,68): warning CS1591: Missing XML comment for publicly visible type or member 'RemoveSpeciesFromRealmRequest.AdditionalProperties' [/home/lysander/repos/bannou/bannou-service/bannou-service.csproj]
/home/lysander/repos/bannou/bannou-service/Generated/Models/SpeciesModels.cs(481,22): warning CS1591: Missing XML comment for publicly visible type or member 'SeedSpeciesRequest' [/home/lysander/repos/bannou/bannou-service/bannou-service.csproj]
/home/lysander/repos/bannou/bannou-service/Generated/Models/SpeciesModels.cs(501,68): warning CS1591: Missing XML comment for publicly visible type or member 'SeedSpeciesRequest.AdditionalProperties' [/home/lysander/repos/bannou/bannou-service/bannou-service.csproj]
/home/lysander/repos/bannou/bannou-service/Generated/Models/SpeciesModels.cs(510,22): warning CS1591: Missing XML comment for publicly visible type or member 'SeedSpecies' [/home/lysander/repos/bannou/bannou-service/bannou-service.csproj]
/home/lysander/repos/bannou/bannou-service/Generated/Models/SpeciesModels.cs(542,17): warning CS1591: Missing XML comment for publicly visible type or member 'SeedSpecies.IsPlayable' [/home/lysander/repos/bannou/bannou-service/bannou-service.csproj]
/home/lysander/repos/bannou/bannou-service/Generated/Models/SpeciesModels.cs(557,19): warning CS1591: Missing XML comment for publicly visible type or member 'SeedSpecies.TraitModifiers' [/home/lysander/repos/bannou/bannou-service/bannou-service.csproj]
/home/lysander/repos/bannou/bannou-service/Generated/Models/SpeciesModels.cs(566,19): warning CS1591: Missing XML comment for publicly visible type or member 'SeedSpecies.Metadata' [/home/lysander/repos/bannou/bannou-service/bannou-service.csproj]
/home/lysander/repos/bannou/bannou-service/Generated/Models/SpeciesModels.cs(571,68): warning CS1591: Missing XML comment for publicly visible type or member 'SeedSpecies.AdditionalProperties' [/home/lysander/repos/bannou/bannou-service/bannou-service.csproj]
/home/lysander/repos/bannou/bannou-service/Generated/Models/SpeciesModels.cs(580,22): warning CS1591: Missing XML comment for publicly visible type or member 'SpeciesResponse' [/home/lysander/repos/bannou/bannou-service/bannou-service.csproj]
/home/lysander/repos/bannou/bannou-service/Generated/Models/SpeciesModels.cs(586,24): warning CS1591: Missing XML comment for publicly visible type or member 'SpeciesResponse.SpeciesId' [/home/lysander/repos/bannou/bannou-service/bannou-service.csproj]
/home/lysander/repos/bannou/bannou-service/Generated/Models/SpeciesModels.cs(591,19): warning CS1591: Missing XML comment for publicly visible type or member 'SpeciesResponse.Code' [/home/lysander/repos/bannou/bannou-service/bannou-service.csproj]
/home/lysander/repos/bannou/bannou-service/Generated/Models/SpeciesModels.cs(596,19): warning CS1591: Missing XML comment for publicly visible type or member 'SpeciesResponse.Name' [/home/lysander/repos/bannou/bannou-service/bannou-service.csproj]
/home/lysander/repos/bannou/bannou-service/Generated/Models/SpeciesModels.cs(599,20): warning CS1591: Missing XML comment for publicly visible type or member 'SpeciesResponse.Description' [/home/lysander/repos/bannou/bannou-service/bannou-service.csproj]
/home/lysander/repos/bannou/bannou-service/Generated/Models/SpeciesModels.cs(602,20): warning CS1591: Missing XML comment for publicly visible type or member 'SpeciesResponse.Category' [/home/lysander/repos/bannou/bannou-service/bannou-service.csproj]
/home/lysander/repos/bannou/bannou-service/Generated/Models/SpeciesModels.cs(605,17): warning CS1591: Missing XML comment for publicly visible type or member 'SpeciesResponse.IsPlayable' [/home/lysander/repos/bannou/bannou-service/bannou-service.csproj]
/home/lysander/repos/bannou/bannou-service/Generated/Models/SpeciesModels.cs(626,17): warning CS1591: Missing XML comment for publicly visible type or member 'SpeciesResponse.BaseLifespan' [/home/lysander/repos/bannou/bannou-service/bannou-service.csproj]
/home/lysander/repos/bannou/bannou-service/Generated/Models/SpeciesModels.cs(629,17): warning CS1591: Missing XML comment for publicly visible type or member 'SpeciesResponse.MaturityAge' [/home/lysander/repos/bannou/bannou-service/bannou-service.csproj]
/home/lysander/repos/bannou/bannou-service/Generated/Models/SpeciesModels.cs(632,20): warning CS1591: Missing XML comment for publicly visible type or member 'SpeciesResponse.TraitModifiers' [/home/lysander/repos/bannou/bannou-service/bannou-service.csproj]
/home/lysander/repos/bannou/bannou-service/Generated/Models/SpeciesModels.cs(641,20): warning CS1591: Missing XML comment for publicly visible type or member 'SpeciesResponse.Metadata' [/home/lysander/repos/bannou/bannou-service/bannou-service.csproj]
/home/lysander/repos/bannou/bannou-service/Generated/Models/SpeciesModels.cs(646,34): warning CS1591: Missing XML comment for publicly visible type or member 'SpeciesResponse.CreatedAt' [/home/lysander/repos/bannou/bannou-service/bannou-service.csproj]
/home/lysander/repos/bannou/bannou-service/Generated/Models/SpeciesModels.cs(651,34): warning CS1591: Missing XML comment for publicly visible type or member 'SpeciesResponse.UpdatedAt' [/home/lysander/repos/bannou/bannou-service/bannou-service.csproj]
/home/lysander/repos/bannou/bannou-service/Generated/Models/SpeciesModels.cs(656,68): warning CS1591: Missing XML comment for publicly visible type or member 'SpeciesResponse.AdditionalProperties' [/home/lysander/repos/bannou/bannou-service/bannou-service.csproj]
/home/lysander/repos/bannou/bannou-service/Generated/Models/SpeciesModels.cs(665,22): warning CS1591: Missing XML comment for publicly visible type or member 'SpeciesListResponse' [/home/lysander/repos/bannou/bannou-service/bannou-service.csproj]
/home/lysander/repos/bannou/bannou-service/Generated/Models/SpeciesModels.cs(671,68): warning CS1591: Missing XML comment for publicly visible type or member 'SpeciesListResponse.Species' [/home/lysander/repos/bannou/bannou-service/bannou-service.csproj]
/home/lysander/repos/bannou/bannou-service/Generated/Models/SpeciesModels.cs(674,16): warning CS1591: Missing XML comment for publicly visible type or member 'SpeciesListResponse.TotalCount' [/home/lysander/repos/bannou/bannou-service/bannou-service.csproj]
/home/lysander/repos/bannou/bannou-service/Generated/Models/SpeciesModels.cs(677,16): warning CS1591: Missing XML comment for publicly visible type or member 'SpeciesListResponse.Page' [/home/lysander/repos/bannou/bannou-service/bannou-service.csproj]
/home/lysander/repos/bannou/bannou-service/Generated/Models/SpeciesModels.cs(680,16): warning CS1591: Missing XML comment for publicly visible type or member 'SpeciesListResponse.PageSize' [/home/lysander/repos/bannou/bannou-service/bannou-service.csproj]
/home/lysander/repos/bannou/bannou-service/Generated/Models/SpeciesModels.cs(685,68): warning CS1591: Missing XML comment for publicly visible type or member 'SpeciesListResponse.AdditionalProperties' [/home/lysander/repos/bannou/bannou-service/bannou-service.csproj]
/home/lysander/repos/bannou/bannou-service/Generated/Models/SpeciesModels.cs(694,22): warning CS1591: Missing XML comment for publicly visible type or member 'SeedSpeciesResponse' [/home/lysander/repos/bannou/bannou-service/bannou-service.csproj]
/home/lysander/repos/bannou/bannou-service/Generated/Models/SpeciesModels.cs(726,68): warning CS1591: Missing XML comment for publicly visible type or member 'SeedSpeciesResponse.AdditionalProperties' [/home/lysander/repos/bannou/bannou-service/bannou-service.csproj]
/home/lysander/repos/bannou/bannou-service/Generated/Models/SpeciesModels.cs(735,22): warning CS1591: Missing XML comment for publicly visible type or member 'MergeSpeciesResponse' [/home/lysander/repos/bannou/bannou-service/bannou-service.csproj]
/home/lysander/repos/bannou/bannou-service/Generated/Models/SpeciesModels.cs(769,68): warning CS1591: Missing XML comment for publicly visible type or member 'MergeSpeciesResponse.AdditionalProperties' [/home/lysander/repos/bannou/bannou-service/bannou-service.csproj]
/home/lysander/repos/bannou/bannou-service/Generated/Clients/StateClient.cs(19,26): warning CS1591: Missing XML comment for publicly visible type or member 'IStateClient' [/home/lysander/repos/bannou/bannou-service/bannou-service.csproj]
/home/lysander/repos/bannou/bannou-service/Generated/Clients/StateClient.cs(28,81): warning CS1573: Parameter 'body' has no matching param tag in the XML comment for 'IStateClient.GetStateAsync(GetStateRequest, CancellationToken)' (but other parameters do) [/home/lysander/repos/bannou/bannou-service/bannou-service.csproj]
/home/lysander/repos/bannou/bannou-service/Generated/Clients/StateClient.cs(36,84): warning CS1573: Parameter 'body' has no matching param tag in the XML comment for 'IStateClient.SaveStateAsync(SaveStateRequest, CancellationToken)' (but other parameters do) [/home/lysander/repos/bannou/bannou-service/bannou-service.csproj]
/home/lysander/repos/bannou/bannou-service/Generated/Clients/StateClient.cs(44,90): warning CS1573: Parameter 'body' has no matching param tag in the XML comment for 'IStateClient.DeleteStateAsync(DeleteStateRequest, CancellationToken)' (but other parameters do) [/home/lysander/repos/bannou/bannou-service/bannou-service.csproj]
/home/lysander/repos/bannou/bannou-service/Generated/Clients/StateClient.cs(52,87): warning CS1573: Parameter 'body' has no matching param tag in the XML comment for 'IStateClient.QueryStateAsync(QueryStateRequest, CancellationToken)' (but other parameters do) [/home/lysander/repos/bannou/bannou-service/bannou-service.csproj]
/home/lysander/repos/bannou/bannou-service/Generated/Clients/StateClient.cs(60,93): warning CS1573: Parameter 'body' has no matching param tag in the XML comment for 'IStateClient.BulkGetStateAsync(BulkGetStateRequest, CancellationToken)' (but other parameters do) [/home/lysander/repos/bannou/bannou-service/bannou-service.csproj]
/home/lysander/repos/bannou/bannou-service/Generated/Clients/StateClient.cs(68,88): warning CS1573: Parameter 'body' has no matching param tag in the XML comment for 'IStateClient.ListStoresAsync(ListStoresRequest?, CancellationToken)' (but other parameters do) [/home/lysander/repos/bannou/bannou-service/bannou-service.csproj]
/home/lysander/repos/bannou/bannou-service/Generated/Clients/StateClient.cs(72,22): warning CS1591: Missing XML comment for publicly visible type or member 'StateClient' [/home/lysander/repos/bannou/bannou-service/bannou-service.csproj]
/home/lysander/repos/bannou/bannou-service/Generated/Clients/StateClient.cs(92,12): warning CS1591: Missing XML comment for publicly visible type or member 'StateClient.StateClient(IMeshInvocationClient, IServiceAppMappingResolver, ILogger<StateClient>?)' [/home/lysander/repos/bannou/bannou-service/bannou-service.csproj]
/home/lysander/repos/bannou/bannou-service/Generated/Clients/StateClient.cs(100,54): warning CS1591: Missing XML comment for publicly visible type or member 'StateClient.JsonSerializerSettings' [/home/lysander/repos/bannou/bannou-service/bannou-service.csproj]
/home/lysander/repos/bannou/bannou-service/Generated/Clients/StateClient.cs(200,102): warning CS1573: Parameter 'body' has no matching param tag in the XML comment for 'StateClient.GetStateAsync(GetStateRequest, CancellationToken)' (but other parameters do) [/home/lysander/repos/bannou/bannou-service/bannou-service.csproj]
/home/lysander/repos/bannou/bannou-service/Generated/Clients/StateClient.cs(285,105): warning CS1573: Parameter 'body' has no matching param tag in the XML comment for 'StateClient.SaveStateAsync(SaveStateRequest, CancellationToken)' (but other parameters do) [/home/lysander/repos/bannou/bannou-service/bannou-service.csproj]
/home/lysander/repos/bannou/bannou-service/Generated/Clients/StateClient.cs(364,111): warning CS1573: Parameter 'body' has no matching param tag in the XML comment for 'StateClient.DeleteStateAsync(DeleteStateRequest, CancellationToken)' (but other parameters do) [/home/lysander/repos/bannou/bannou-service/bannou-service.csproj]
/home/lysander/repos/bannou/bannou-service/Generated/Clients/StateClient.cs(443,108): warning CS1573: Parameter 'body' has no matching param tag in the XML comment for 'StateClient.QueryStateAsync(QueryStateRequest, CancellationToken)' (but other parameters do) [/home/lysander/repos/bannou/bannou-service/bannou-service.csproj]
/home/lysander/repos/bannou/bannou-service/Generated/Clients/StateClient.cs(534,114): warning CS1573: Parameter 'body' has no matching param tag in the XML comment for 'StateClient.BulkGetStateAsync(BulkGetStateRequest, CancellationToken)' (but other parameters do) [/home/lysander/repos/bannou/bannou-service/bannou-service.csproj]
/home/lysander/repos/bannou/bannou-service/Generated/Clients/StateClient.cs(613,109): warning CS1573: Parameter 'body' has no matching param tag in the XML comment for 'StateClient.ListStoresAsync(ListStoresRequest?, CancellationToken)' (but other parameters do) [/home/lysander/repos/bannou/bannou-service/bannou-service.csproj]
/home/lysander/repos/bannou/bannou-service/Generated/Clients/StateClient.cs(683,22): warning CS1591: Missing XML comment for publicly visible type or member 'StateClient.ObjectResponseResult<T>' [/home/lysander/repos/bannou/bannou-service/bannou-service.csproj]
/home/lysander/repos/bannou/bannou-service/Generated/Clients/StateClient.cs(685,16): warning CS1591: Missing XML comment for publicly visible type or member 'StateClient.ObjectResponseResult<T>.ObjectResponseResult(T, string)' [/home/lysander/repos/bannou/bannou-service/bannou-service.csproj]
/home/lysander/repos/bannou/bannou-service/Generated/Clients/StateClient.cs(691,18): warning CS1591: Missing XML comment for publicly visible type or member 'StateClient.ObjectResponseResult<T>.Object' [/home/lysander/repos/bannou/bannou-service/bannou-service.csproj]
/home/lysander/repos/bannou/bannou-service/Generated/Clients/StateClient.cs(693,23): warning CS1591: Missing XML comment for publicly visible type or member 'StateClient.ObjectResponseResult<T>.Text' [/home/lysander/repos/bannou/bannou-service/bannou-service.csproj]
/home/lysander/repos/bannou/bannou-service/Generated/Clients/StateClient.cs(716,17): warning CS1591: Missing XML comment for publicly visible type or member 'StateClient.ReadResponseAsString' [/home/lysander/repos/bannou/bannou-service/bannou-service.csproj]
/home/lysander/repos/bannou/bannou-service/Generated/Clients/StateClient.cs(718,86): warning CS1591: Missing XML comment for publicly visible type or member 'StateClient.ReadObjectResponseAsync<T>(HttpResponseMessage, IReadOnlyDictionary<string, IEnumerable<string>>, CancellationToken)' [/home/lysander/repos/bannou/bannou-service/bannou-service.csproj]
/home/lysander/repos/bannou/bannou-service/Generated/Models/StateModels.cs(18,22): warning CS1591: Missing XML comment for publicly visible type or member 'GetStateRequest' [/home/lysander/repos/bannou/bannou-service/bannou-service.csproj]
/home/lysander/repos/bannou/bannou-service/Generated/Models/StateModels.cs(40,68): warning CS1591: Missing XML comment for publicly visible type or member 'GetStateRequest.AdditionalProperties' [/home/lysander/repos/bannou/bannou-service/bannou-service.csproj]
/home/lysander/repos/bannou/bannou-service/Generated/Models/StateModels.cs(49,22): warning CS1591: Missing XML comment for publicly visible type or member 'GetStateResponse' [/home/lysander/repos/bannou/bannou-service/bannou-service.csproj]
/home/lysander/repos/bannou/bannou-service/Generated/Models/StateModels.cs(65,26): warning CS1591: Missing XML comment for publicly visible type or member 'GetStateResponse.Metadata' [/home/lysander/repos/bannou/bannou-service/bannou-service.csproj]
/home/lysander/repos/bannou/bannou-service/Generated/Models/StateModels.cs(70,68): warning CS1591: Missing XML comment for publicly visible type or member 'GetStateResponse.AdditionalProperties' [/home/lysander/repos/bannou/bannou-service/bannou-service.csproj]
/home/lysander/repos/bannou/bannou-service/Generated/Models/StateModels.cs(79,22): warning CS1591: Missing XML comment for publicly visible type or member 'SaveStateRequest' [/home/lysander/repos/bannou/bannou-service/bannou-service.csproj]
/home/lysander/repos/bannou/bannou-service/Generated/Models/StateModels.cs(107,25): warning CS1591: Missing XML comment for publicly visible type or member 'SaveStateRequest.Options' [/home/lysander/repos/bannou/bannou-service/bannou-service.csproj]
/home/lysander/repos/bannou/bannou-service/Generated/Models/StateModels.cs(112,68): warning CS1591: Missing XML comment for publicly visible type or member 'SaveStateRequest.AdditionalProperties' [/home/lysander/repos/bannou/bannou-service/bannou-service.csproj]
/home/lysander/repos/bannou/bannou-service/Generated/Models/StateModels.cs(121,22): warning CS1591: Missing XML comment for publicly visible type or member 'SaveStateResponse' [/home/lysander/repos/bannou/bannou-service/bannou-service.csproj]
/home/lysander/repos/bannou/bannou-service/Generated/Models/StateModels.cs(139,68): warning CS1591: Missing XML comment for publicly visible type or member 'SaveStateResponse.AdditionalProperties' [/home/lysander/repos/bannou/bannou-service/bannou-service.csproj]
/home/lysander/repos/bannou/bannou-service/Generated/Models/StateModels.cs(148,22): warning CS1591: Missing XML comment for publicly visible type or member 'DeleteStateRequest' [/home/lysander/repos/bannou/bannou-service/bannou-service.csproj]
/home/lysander/repos/bannou/bannou-service/Generated/Models/StateModels.cs(170,68): warning CS1591: Missing XML comment for publicly visible type or member 'DeleteStateRequest.AdditionalProperties' [/home/lysander/repos/bannou/bannou-service/bannou-service.csproj]
/home/lysander/repos/bannou/bannou-service/Generated/Models/StateModels.cs(179,22): warning CS1591: Missing XML comment for publicly visible type or member 'DeleteStateResponse' [/home/lysander/repos/bannou/bannou-service/bannou-service.csproj]
/home/lysander/repos/bannou/bannou-service/Generated/Models/StateModels.cs(191,68): warning CS1591: Missing XML comment for publicly visible type or member 'DeleteStateResponse.AdditionalProperties' [/home/lysander/repos/bannou/bannou-service/bannou-service.csproj]
/home/lysander/repos/bannou/bannou-service/Generated/Models/StateModels.cs(200,22): warning CS1591: Missing XML comment for publicly visible type or member 'StateOptions' [/home/lysander/repos/bannou/bannou-service/bannou-service.csproj]
/home/lysander/repos/bannou/bannou-service/Generated/Models/StateModels.cs(225,68): warning CS1591: Missing XML comment for publicly visible type or member 'StateOptions.AdditionalProperties' [/home/lysander/repos/bannou/bannou-service/bannou-service.csproj]
/home/lysander/repos/bannou/bannou-service/Generated/Models/StateModels.cs(234,22): warning CS1591: Missing XML comment for publicly visible type or member 'StateMetadata' [/home/lysander/repos/bannou/bannou-service/bannou-service.csproj]
/home/lysander/repos/bannou/bannou-service/Generated/Models/StateModels.cs(258,68): warning CS1591: Missing XML comment for publicly visible type or member 'StateMetadata.AdditionalProperties' [/home/lysander/repos/bannou/bannou-service/bannou-service.csproj]
/home/lysander/repos/bannou/bannou-service/Generated/Models/StateModels.cs(267,22): warning CS1591: Missing XML comment for publicly visible type or member 'QueryStateRequest' [/home/lysander/repos/bannou/bannou-service/bannou-service.csproj]
/home/lysander/repos/bannou/bannou-service/Generated/Models/StateModels.cs(339,68): warning CS1591: Missing XML comment for publicly visible type or member 'QueryStateRequest.AdditionalProperties' [/home/lysander/repos/bannou/bannou-service/bannou-service.csproj]
/home/lysander/repos/bannou/bannou-service/Generated/Models/StateModels.cs(348,22): warning CS1591: Missing XML comment for publicly visible type or member 'SortField' [/home/lysander/repos/bannou/bannou-service/bannou-service.csproj]
/home/lysander/repos/bannou/bannou-service/Generated/Models/StateModels.cs(367,68): warning CS1591: Missing XML comment for publicly visible type or member 'SortField.AdditionalProperties' [/home/lysander/repos/bannou/bannou-service/bannou-service.csproj]
/home/lysander/repos/bannou/bannou-service/Generated/Models/StateModels.cs(392,26): warning CS1591: Missing XML comment for publicly visible type or member 'QueryCondition.Operator' [/home/lysander/repos/bannou/bannou-service/bannou-service.csproj]
/home/lysander/repos/bannou/bannou-service/Generated/Models/StateModels.cs(403,68): warning CS1591: Missing XML comment for publicly visible type or member 'QueryCondition.AdditionalProperties' [/home/lysander/repos/bannou/bannou-service/bannou-service.csproj]
/home/lysander/repos/bannou/bannou-service/Generated/Models/StateModels.cs(419,5): warning CS1591: Missing XML comment for publicly visible type or member 'QueryOperator.Equals' [/home/lysander/repos/bannou/bannou-service/bannou-service.csproj]
/home/lysander/repos/bannou/bannou-service/Generated/Models/StateModels.cs(422,5): warning CS1591: Missing XML comment for publicly visible type or member 'QueryOperator.NotEquals' [/home/lysander/repos/bannou/bannou-service/bannou-service.csproj]
/home/lysander/repos/bannou/bannou-service/Generated/Models/StateModels.cs(425,5): warning CS1591: Missing XML comment for publicly visible type or member 'QueryOperator.GreaterThan' [/home/lysander/repos/bannou/bannou-service/bannou-service.csproj]
/home/lysander/repos/bannou/bannou-service/Generated/Models/StateModels.cs(428,5): warning CS1591: Missing XML comment for publicly visible type or member 'QueryOperator.GreaterThanOrEqual' [/home/lysander/repos/bannou/bannou-service/bannou-service.csproj]
/home/lysander/repos/bannou/bannou-service/Generated/Models/StateModels.cs(431,5): warning CS1591: Missing XML comment for publicly visible type or member 'QueryOperator.LessThan' [/home/lysander/repos/bannou/bannou-service/bannou-service.csproj]
/home/lysander/repos/bannou/bannou-service/Generated/Models/StateModels.cs(434,5): warning CS1591: Missing XML comment for publicly visible type or member 'QueryOperator.LessThanOrEqual' [/home/lysander/repos/bannou/bannou-service/bannou-service.csproj]
/home/lysander/repos/bannou/bannou-service/Generated/Models/StateModels.cs(437,5): warning CS1591: Missing XML comment for publicly visible type or member 'QueryOperator.Contains' [/home/lysander/repos/bannou/bannou-service/bannou-service.csproj]
/home/lysander/repos/bannou/bannou-service/Generated/Models/StateModels.cs(440,5): warning CS1591: Missing XML comment for publicly visible type or member 'QueryOperator.StartsWith' [/home/lysander/repos/bannou/bannou-service/bannou-service.csproj]
/home/lysander/repos/bannou/bannou-service/Generated/Models/StateModels.cs(443,5): warning CS1591: Missing XML comment for publicly visible type or member 'QueryOperator.EndsWith' [/home/lysander/repos/bannou/bannou-service/bannou-service.csproj]
/home/lysander/repos/bannou/bannou-service/Generated/Models/StateModels.cs(446,5): warning CS1591: Missing XML comment for publicly visible type or member 'QueryOperator.In' [/home/lysander/repos/bannou/bannou-service/bannou-service.csproj]
/home/lysander/repos/bannou/bannou-service/Generated/Models/StateModels.cs(449,5): warning CS1591: Missing XML comment for publicly visible type or member 'QueryOperator.Exists' [/home/lysander/repos/bannou/bannou-service/bannou-service.csproj]
/home/lysander/repos/bannou/bannou-service/Generated/Models/StateModels.cs(452,5): warning CS1591: Missing XML comment for publicly visible type or member 'QueryOperator.NotExists' [/home/lysander/repos/bannou/bannou-service/bannou-service.csproj]
/home/lysander/repos/bannou/bannou-service/Generated/Models/StateModels.cs(455,5): warning CS1591: Missing XML comment for publicly visible type or member 'QueryOperator.FullText' [/home/lysander/repos/bannou/bannou-service/bannou-service.csproj]
/home/lysander/repos/bannou/bannou-service/Generated/Models/StateModels.cs(460,22): warning CS1591: Missing XML comment for publicly visible type or member 'QueryStateResponse' [/home/lysander/repos/bannou/bannou-service/bannou-service.csproj]
/home/lysander/repos/bannou/bannou-service/Generated/Models/StateModels.cs(490,68): warning CS1591: Missing XML comment for publicly visible type or member 'QueryStateResponse.AdditionalProperties' [/home/lysander/repos/bannou/bannou-service/bannou-service.csproj]
/home/lysander/repos/bannou/bannou-service/Generated/Models/StateModels.cs(499,22): warning CS1591: Missing XML comment for publicly visible type or member 'BulkGetStateRequest' [/home/lysander/repos/bannou/bannou-service/bannou-service.csproj]
/home/lysander/repos/bannou/bannou-service/Generated/Models/StateModels.cs(521,68): warning CS1591: Missing XML comment for publicly visible type or member 'BulkGetStateRequest.AdditionalProperties' [/home/lysander/repos/bannou/bannou-service/bannou-service.csproj]
/home/lysander/repos/bannou/bannou-service/Generated/Models/StateModels.cs(530,22): warning CS1591: Missing XML comment for publicly visible type or member 'BulkGetStateResponse' [/home/lysander/repos/bannou/bannou-service/bannou-service.csproj]
/home/lysander/repos/bannou/bannou-service/Generated/Models/StateModels.cs(542,68): warning CS1591: Missing XML comment for publicly visible type or member 'BulkGetStateResponse.AdditionalProperties' [/home/lysander/repos/bannou/bannou-service/bannou-service.csproj]
/home/lysander/repos/bannou/bannou-service/Generated/Models/StateModels.cs(551,22): warning CS1591: Missing XML comment for publicly visible type or member 'BulkStateItem' [/home/lysander/repos/bannou/bannou-service/bannou-service.csproj]
/home/lysander/repos/bannou/bannou-service/Generated/Models/StateModels.cs(581,68): warning CS1591: Missing XML comment for publicly visible type or member 'BulkStateItem.AdditionalProperties' [/home/lysander/repos/bannou/bannou-service/bannou-service.csproj]
/home/lysander/repos/bannou/bannou-service/Generated/Models/StateModels.cs(612,68): warning CS1591: Missing XML comment for publicly visible type or member 'ListStoresRequest.AdditionalProperties' [/home/lysander/repos/bannou/bannou-service/bannou-service.csproj]
/home/lysander/repos/bannou/bannou-service/Generated/Models/StateModels.cs(621,22): warning CS1591: Missing XML comment for publicly visible type or member 'ListStoresResponse' [/home/lysander/repos/bannou/bannou-service/bannou-service.csproj]
/home/lysander/repos/bannou/bannou-service/Generated/Models/StateModels.cs(633,68): warning CS1591: Missing XML comment for publicly visible type or member 'ListStoresResponse.AdditionalProperties' [/home/lysander/repos/bannou/bannou-service/bannou-service.csproj]
/home/lysander/repos/bannou/bannou-service/Generated/Models/StateModels.cs(642,22): warning CS1591: Missing XML comment for publicly visible type or member 'StoreInfo' [/home/lysander/repos/bannou/bannou-service/bannou-service.csproj]
/home/lysander/repos/bannou/bannou-service/Generated/Models/StateModels.cs(667,68): warning CS1591: Missing XML comment for publicly visible type or member 'StoreInfo.AdditionalProperties' [/home/lysander/repos/bannou/bannou-service/bannou-service.csproj]
/home/lysander/repos/bannou/bannou-service/Generated/Models/StateModels.cs(676,13): warning CS1591: Missing XML comment for publicly visible type or member 'StateOptionsConsistency' [/home/lysander/repos/bannou/bannou-service/bannou-service.csproj]
/home/lysander/repos/bannou/bannou-service/Generated/Models/StateModels.cs(680,5): warning CS1591: Missing XML comment for publicly visible type or member 'StateOptionsConsistency.Strong' [/home/lysander/repos/bannou/bannou-service/bannou-service.csproj]
/home/lysander/repos/bannou/bannou-service/Generated/Models/StateModels.cs(683,5): warning CS1591: Missing XML comment for publicly visible type or member 'StateOptionsConsistency.Eventual' [/home/lysander/repos/bannou/bannou-service/bannou-service.csproj]
/home/lysander/repos/bannou/bannou-service/Generated/Models/StateModels.cs(688,13): warning CS1591: Missing XML comment for publicly visible type or member 'SortFieldOrder' [/home/lysander/repos/bannou/bannou-service/bannou-service.csproj]
/home/lysander/repos/bannou/bannou-service/Generated/Models/StateModels.cs(692,5): warning CS1591: Missing XML comment for publicly visible type or member 'SortFieldOrder.Asc' [/home/lysander/repos/bannou/bannou-service/bannou-service.csproj]
/home/lysander/repos/bannou/bannou-service/Generated/Models/StateModels.cs(695,5): warning CS1591: Missing XML comment for publicly visible type or member 'SortFieldOrder.Desc' [/home/lysander/repos/bannou/bannou-service/bannou-service.csproj]
/home/lysander/repos/bannou/bannou-service/Generated/Models/StateModels.cs(700,13): warning CS1591: Missing XML comment for publicly visible type or member 'ListStoresRequestBackendFilter' [/home/lysander/repos/bannou/bannou-service/bannou-service.csproj]
/home/lysander/repos/bannou/bannou-service/Generated/Models/StateModels.cs(704,5): warning CS1591: Missing XML comment for publicly visible type or member 'ListStoresRequestBackendFilter.Redis' [/home/lysander/repos/bannou/bannou-service/bannou-service.csproj]
/home/lysander/repos/bannou/bannou-service/Generated/Models/StateModels.cs(707,5): warning CS1591: Missing XML comment for publicly visible type or member 'ListStoresRequestBackendFilter.Mysql' [/home/lysander/repos/bannou/bannou-service/bannou-service.csproj]
/home/lysander/repos/bannou/bannou-service/Generated/Models/StateModels.cs(712,13): warning CS1591: Missing XML comment for publicly visible type or member 'StoreInfoBackend' [/home/lysander/repos/bannou/bannou-service/bannou-service.csproj]
/home/lysander/repos/bannou/bannou-service/Generated/Models/StateModels.cs(716,5): warning CS1591: Missing XML comment for publicly visible type or member 'StoreInfoBackend.Redis' [/home/lysander/repos/bannou/bannou-service/bannou-service.csproj]
/home/lysander/repos/bannou/bannou-service/Generated/Models/StateModels.cs(719,5): warning CS1591: Missing XML comment for publicly visible type or member 'StoreInfoBackend.Mysql' [/home/lysander/repos/bannou/bannou-service/bannou-service.csproj]
/home/lysander/repos/bannou/bannou-service/Generated/Clients/SubscriptionsClient.cs(19,26): warning CS1591: Missing XML comment for publicly visible type or member 'ISubscriptionsClient' [/home/lysander/repos/bannou/bannou-service/bannou-service.csproj]
/home/lysander/repos/bannou/bannou-service/Generated/Clients/SubscriptionsClient.cs(31,119): warning CS1573: Parameter 'body' has no matching param tag in the XML comment for 'ISubscriptionsClient.GetAccountSubscriptionsAsync(GetAccountSubscriptionsRequest, CancellationToken)' (but other parameters do) [/home/lysander/repos/bannou/bannou-service/bannou-service.csproj]
/home/lysander/repos/bannou/bannou-service/Generated/Clients/SubscriptionsClient.cs(43,123): warning CS1573: Parameter 'body' has no matching param tag in the XML comment for 'ISubscriptionsClient.GetCurrentSubscriptionsAsync(GetCurrentSubscriptionsRequest, CancellationToken)' (but other parameters do) [/home/lysander/repos/bannou/bannou-service/bannou-service.csproj]
/home/lysander/repos/bannou/bannou-service/Generated/Clients/SubscriptionsClient.cs(51,95): warning CS1573: Parameter 'body' has no matching param tag in the XML comment for 'ISubscriptionsClient.GetSubscriptionAsync(GetSubscriptionRequest, CancellationToken)' (but other parameters do) [/home/lysander/repos/bannou/bannou-service/bannou-service.csproj]
/home/lysander/repos/bannou/bannou-service/Generated/Clients/SubscriptionsClient.cs(62,101): warning CS1573: Parameter 'body' has no matching param tag in the XML comment for 'ISubscriptionsClient.CreateSubscriptionAsync(CreateSubscriptionRequest, CancellationToken)' (but other parameters do) [/home/lysander/repos/bannou/bannou-service/bannou-service.csproj]
/home/lysander/repos/bannou/bannou-service/Generated/Clients/SubscriptionsClient.cs(73,101): warning CS1573: Parameter 'body' has no matching param tag in the XML comment for 'ISubscriptionsClient.UpdateSubscriptionAsync(UpdateSubscriptionRequest, CancellationToken)' (but other parameters do) [/home/lysander/repos/bannou/bannou-service/bannou-service.csproj]
/home/lysander/repos/bannou/bannou-service/Generated/Clients/SubscriptionsClient.cs(85,101): warning CS1573: Parameter 'body' has no matching param tag in the XML comment for 'ISubscriptionsClient.CancelSubscriptionAsync(CancelSubscriptionRequest, CancellationToken)' (but other parameters do) [/home/lysander/repos/bannou/bannou-service/bannou-service.csproj]
/home/lysander/repos/bannou/bannou-service/Generated/Clients/SubscriptionsClient.cs(96,99): warning CS1573: Parameter 'body' has no matching param tag in the XML comment for 'ISubscriptionsClient.RenewSubscriptionAsync(RenewSubscriptionRequest, CancellationToken)' (but other parameters do) [/home/lysander/repos/bannou/bannou-service/bannou-service.csproj]
/home/lysander/repos/bannou/bannou-service/Generated/Clients/SubscriptionsClient.cs(100,22): warning CS1591: Missing XML comment for publicly visible type or member 'SubscriptionsClient' [/home/lysander/repos/bannou/bannou-service/bannou-service.csproj]
/home/lysander/repos/bannou/bannou-service/Generated/Clients/SubscriptionsClient.cs(120,12): warning CS1591: Missing XML comment for publicly visible type or member 'SubscriptionsClient.SubscriptionsClient(IMeshInvocationClient, IServiceAppMappingResolver, ILogger<SubscriptionsClient>?)' [/home/lysander/repos/bannou/bannou-service/bannou-service.csproj]
/home/lysander/repos/bannou/bannou-service/Generated/Clients/SubscriptionsClient.cs(128,54): warning CS1591: Missing XML comment for publicly visible type or member 'SubscriptionsClient.JsonSerializerSettings' [/home/lysander/repos/bannou/bannou-service/bannou-service.csproj]
/home/lysander/repos/bannou/bannou-service/Generated/Clients/SubscriptionsClient.cs(231,140): warning CS1573: Parameter 'body' has no matching param tag in the XML comment for 'SubscriptionsClient.GetAccountSubscriptionsAsync(GetAccountSubscriptionsRequest, CancellationToken)' (but other parameters do) [/home/lysander/repos/bannou/bannou-service/bannou-service.csproj]
/home/lysander/repos/bannou/bannou-service/Generated/Clients/SubscriptionsClient.cs(314,144): warning CS1573: Parameter 'body' has no matching param tag in the XML comment for 'SubscriptionsClient.GetCurrentSubscriptionsAsync(GetCurrentSubscriptionsRequest, CancellationToken)' (but other parameters do) [/home/lysander/repos/bannou/bannou-service/bannou-service.csproj]
/home/lysander/repos/bannou/bannou-service/Generated/Clients/SubscriptionsClient.cs(393,116): warning CS1573: Parameter 'body' has no matching param tag in the XML comment for 'SubscriptionsClient.GetSubscriptionAsync(GetSubscriptionRequest, CancellationToken)' (but other parameters do) [/home/lysander/repos/bannou/bannou-service/bannou-service.csproj]
/home/lysander/repos/bannou/bannou-service/Generated/Clients/SubscriptionsClient.cs(481,122): warning CS1573: Parameter 'body' has no matching param tag in the XML comment for 'SubscriptionsClient.CreateSubscriptionAsync(CreateSubscriptionRequest, CancellationToken)' (but other parameters do) [/home/lysander/repos/bannou/bannou-service/bannou-service.csproj]
/home/lysander/repos/bannou/bannou-service/Generated/Clients/SubscriptionsClient.cs(581,122): warning CS1573: Parameter 'body' has no matching param tag in the XML comment for 'SubscriptionsClient.UpdateSubscriptionAsync(UpdateSubscriptionRequest, CancellationToken)' (but other parameters do) [/home/lysander/repos/bannou/bannou-service/bannou-service.csproj]
/home/lysander/repos/bannou/bannou-service/Generated/Clients/SubscriptionsClient.cs(670,122): warning CS1573: Parameter 'body' has no matching param tag in the XML comment for 'SubscriptionsClient.CancelSubscriptionAsync(CancelSubscriptionRequest, CancellationToken)' (but other parameters do) [/home/lysander/repos/bannou/bannou-service/bannou-service.csproj]
/home/lysander/repos/bannou/bannou-service/Generated/Clients/SubscriptionsClient.cs(764,120): warning CS1573: Parameter 'body' has no matching param tag in the XML comment for 'SubscriptionsClient.RenewSubscriptionAsync(RenewSubscriptionRequest, CancellationToken)' (but other parameters do) [/home/lysander/repos/bannou/bannou-service/bannou-service.csproj]
/home/lysander/repos/bannou/bannou-service/Generated/Clients/SubscriptionsClient.cs(843,22): warning CS1591: Missing XML comment for publicly visible type or member 'SubscriptionsClient.ObjectResponseResult<T>' [/home/lysander/repos/bannou/bannou-service/bannou-service.csproj]
/home/lysander/repos/bannou/bannou-service/Generated/Clients/SubscriptionsClient.cs(845,16): warning CS1591: Missing XML comment for publicly visible type or member 'SubscriptionsClient.ObjectResponseResult<T>.ObjectResponseResult(T, string)' [/home/lysander/repos/bannou/bannou-service/bannou-service.csproj]
/home/lysander/repos/bannou/bannou-service/Generated/Clients/SubscriptionsClient.cs(851,18): warning CS1591: Missing XML comment for publicly visible type or member 'SubscriptionsClient.ObjectResponseResult<T>.Object' [/home/lysander/repos/bannou/bannou-service/bannou-service.csproj]
/home/lysander/repos/bannou/bannou-service/Generated/Clients/SubscriptionsClient.cs(853,23): warning CS1591: Missing XML comment for publicly visible type or member 'SubscriptionsClient.ObjectResponseResult<T>.Text' [/home/lysander/repos/bannou/bannou-service/bannou-service.csproj]
/home/lysander/repos/bannou/bannou-service/Generated/Clients/SubscriptionsClient.cs(876,17): warning CS1591: Missing XML comment for publicly visible type or member 'SubscriptionsClient.ReadResponseAsString' [/home/lysander/repos/bannou/bannou-service/bannou-service.csproj]
/home/lysander/repos/bannou/bannou-service/Generated/Clients/SubscriptionsClient.cs(878,86): warning CS1591: Missing XML comment for publicly visible type or member 'SubscriptionsClient.ReadObjectResponseAsync<T>(HttpResponseMessage, IReadOnlyDictionary<string, IEnumerable<string>>, CancellationToken)' [/home/lysander/repos/bannou/bannou-service/bannou-service.csproj]
/home/lysander/repos/bannou/bannou-service/Generated/Models/SubscriptionsModels.cs(47,68): warning CS1591: Missing XML comment for publicly visible type or member 'GetAccountSubscriptionsRequest.AdditionalProperties' [/home/lysander/repos/bannou/bannou-service/bannou-service.csproj]
/home/lysander/repos/bannou/bannou-service/Generated/Models/SubscriptionsModels.cs(73,68): warning CS1591: Missing XML comment for publicly visible type or member 'GetCurrentSubscriptionsRequest.AdditionalProperties' [/home/lysander/repos/bannou/bannou-service/bannou-service.csproj]
/home/lysander/repos/bannou/bannou-service/Generated/Models/SubscriptionsModels.cs(99,68): warning CS1591: Missing XML comment for publicly visible type or member 'GetSubscriptionRequest.AdditionalProperties' [/home/lysander/repos/bannou/bannou-service/bannou-service.csproj]
/home/lysander/repos/bannou/bannou-service/Generated/Models/SubscriptionsModels.cs(151,68): warning CS1591: Missing XML comment for publicly visible type or member 'CreateSubscriptionRequest.AdditionalProperties' [/home/lysander/repos/bannou/bannou-service/bannou-service.csproj]
/home/lysander/repos/bannou/bannou-service/Generated/Models/SubscriptionsModels.cs(189,68): warning CS1591: Missing XML comment for publicly visible type or member 'UpdateSubscriptionRequest.AdditionalProperties' [/home/lysander/repos/bannou/bannou-service/bannou-service.csproj]
/home/lysander/repos/bannou/bannou-service/Generated/Models/SubscriptionsModels.cs(222,68): warning CS1591: Missing XML comment for publicly visible type or member 'CancelSubscriptionRequest.AdditionalProperties' [/home/lysander/repos/bannou/bannou-service/bannou-service.csproj]
/home/lysander/repos/bannou/bannou-service/Generated/Models/SubscriptionsModels.cs(260,68): warning CS1591: Missing XML comment for publicly visible type or member 'RenewSubscriptionRequest.AdditionalProperties' [/home/lysander/repos/bannou/bannou-service/bannou-service.csproj]
/home/lysander/repos/bannou/bannou-service/Generated/Models/SubscriptionsModels.cs(362,68): warning CS1591: Missing XML comment for publicly visible type or member 'SubscriptionInfo.AdditionalProperties' [/home/lysander/repos/bannou/bannou-service/bannou-service.csproj]
/home/lysander/repos/bannou/bannou-service/Generated/Models/SubscriptionsModels.cs(402,68): warning CS1591: Missing XML comment for publicly visible type or member 'CurrentSubscriptionsResponse.AdditionalProperties' [/home/lysander/repos/bannou/bannou-service/bannou-service.csproj]
/home/lysander/repos/bannou/bannou-service/Generated/Models/SubscriptionsModels.cs(420,69): warning CS1591: Missing XML comment for publicly visible type or member 'SubscriptionListResponse.Subscriptions' [/home/lysander/repos/bannou/bannou-service/bannou-service.csproj]
/home/lysander/repos/bannou/bannou-service/Generated/Models/SubscriptionsModels.cs(431,68): warning CS1591: Missing XML comment for publicly visible type or member 'SubscriptionListResponse.AdditionalProperties' [/home/lysander/repos/bannou/bannou-service/bannou-service.csproj]
/home/lysander/repos/bannou/bannou-service/Generated/Clients/VoiceClient.cs(19,26): warning CS1591: Missing XML comment for publicly visible type or member 'IVoiceClient' [/home/lysander/repos/bannou/bannou-service/bannou-service.csproj]
/home/lysander/repos/bannou/bannou-service/Generated/Clients/VoiceClient.cs(33,96): warning CS1573: Parameter 'body' has no matching param tag in the XML comment for 'IVoiceClient.CreateVoiceRoomAsync(CreateVoiceRoomRequest, CancellationToken)' (but other parameters do) [/home/lysander/repos/bannou/bannou-service/bannou-service.csproj]
/home/lysander/repos/bannou/bannou-service/Generated/Clients/VoiceClient.cs(45,90): warning CS1573: Parameter 'body' has no matching param tag in the XML comment for 'IVoiceClient.GetVoiceRoomAsync(GetVoiceRoomRequest, CancellationToken)' (but other parameters do) [/home/lysander/repos/bannou/bannou-service/bannou-service.csproj]
/home/lysander/repos/bannou/bannou-service/Generated/Clients/VoiceClient.cs(59,96): warning CS1573: Parameter 'body' has no matching param tag in the XML comment for 'IVoiceClient.JoinVoiceRoomAsync(JoinVoiceRoomRequest, CancellationToken)' (but other parameters do) [/home/lysander/repos/bannou/bannou-service/bannou-service.csproj]
/home/lysander/repos/bannou/bannou-service/Generated/Clients/VoiceClient.cs(71,75): warning CS1573: Parameter 'body' has no matching param tag in the XML comment for 'IVoiceClient.LeaveVoiceRoomAsync(LeaveVoiceRoomRequest, CancellationToken)' (but other parameters do) [/home/lysander/repos/bannou/bannou-service/bannou-service.csproj]
/home/lysander/repos/bannou/bannou-service/Generated/Clients/VoiceClient.cs(83,77): warning CS1573: Parameter 'body' has no matching param tag in the XML comment for 'IVoiceClient.DeleteVoiceRoomAsync(DeleteVoiceRoomRequest, CancellationToken)' (but other parameters do) [/home/lysander/repos/bannou/bannou-service/bannou-service.csproj]
/home/lysander/repos/bannou/bannou-service/Generated/Clients/VoiceClient.cs(95,73): warning CS1573: Parameter 'body' has no matching param tag in the XML comment for 'IVoiceClient.PeerHeartbeatAsync(PeerHeartbeatRequest, CancellationToken)' (but other parameters do) [/home/lysander/repos/bannou/bannou-service/bannou-service.csproj]
/home/lysander/repos/bannou/bannou-service/Generated/Clients/VoiceClient.cs(112,67): warning CS1573: Parameter 'body' has no matching param tag in the XML comment for 'IVoiceClient.AnswerPeerAsync(AnswerPeerRequest, CancellationToken)' (but other parameters do) [/home/lysander/repos/bannou/bannou-service/bannou-service.csproj]
/home/lysander/repos/bannou/bannou-service/Generated/Clients/VoiceClient.cs(116,22): warning CS1591: Missing XML comment for publicly visible type or member 'VoiceClient' [/home/lysander/repos/bannou/bannou-service/bannou-service.csproj]
/home/lysander/repos/bannou/bannou-service/Generated/Clients/VoiceClient.cs(136,12): warning CS1591: Missing XML comment for publicly visible type or member 'VoiceClient.VoiceClient(IMeshInvocationClient, IServiceAppMappingResolver, ILogger<VoiceClient>?)' [/home/lysander/repos/bannou/bannou-service/bannou-service.csproj]
/home/lysander/repos/bannou/bannou-service/Generated/Clients/VoiceClient.cs(144,54): warning CS1591: Missing XML comment for publicly visible type or member 'VoiceClient.JsonSerializerSettings' [/home/lysander/repos/bannou/bannou-service/bannou-service.csproj]
/home/lysander/repos/bannou/bannou-service/Generated/Clients/VoiceClient.cs(249,117): warning CS1573: Parameter 'body' has no matching param tag in the XML comment for 'VoiceClient.CreateVoiceRoomAsync(CreateVoiceRoomRequest, CancellationToken)' (but other parameters do) [/home/lysander/repos/bannou/bannou-service/bannou-service.csproj]
/home/lysander/repos/bannou/bannou-service/Generated/Clients/VoiceClient.cs(344,111): warning CS1573: Parameter 'body' has no matching param tag in the XML comment for 'VoiceClient.GetVoiceRoomAsync(GetVoiceRoomRequest, CancellationToken)' (but other parameters do) [/home/lysander/repos/bannou/bannou-service/bannou-service.csproj]
/home/lysander/repos/bannou/bannou-service/Generated/Clients/VoiceClient.cs(435,117): warning CS1573: Parameter 'body' has no matching param tag in the XML comment for 'VoiceClient.JoinVoiceRoomAsync(JoinVoiceRoomRequest, CancellationToken)' (but other parameters do) [/home/lysander/repos/bannou/bannou-service/bannou-service.csproj]
/home/lysander/repos/bannou/bannou-service/Generated/Clients/VoiceClient.cs(536,96): warning CS1573: Parameter 'body' has no matching param tag in the XML comment for 'VoiceClient.LeaveVoiceRoomAsync(LeaveVoiceRoomRequest, CancellationToken)' (but other parameters do) [/home/lysander/repos/bannou/bannou-service/bannou-service.csproj]
/home/lysander/repos/bannou/bannou-service/Generated/Clients/VoiceClient.cs(619,98): warning CS1573: Parameter 'body' has no matching param tag in the XML comment for 'VoiceClient.DeleteVoiceRoomAsync(DeleteVoiceRoomRequest, CancellationToken)' (but other parameters do) [/home/lysander/repos/bannou/bannou-service/bannou-service.csproj]
/home/lysander/repos/bannou/bannou-service/Generated/Clients/VoiceClient.cs(702,94): warning CS1573: Parameter 'body' has no matching param tag in the XML comment for 'VoiceClient.PeerHeartbeatAsync(PeerHeartbeatRequest, CancellationToken)' (but other parameters do) [/home/lysander/repos/bannou/bannou-service/bannou-service.csproj]
/home/lysander/repos/bannou/bannou-service/Generated/Clients/VoiceClient.cs(790,88): warning CS1573: Parameter 'body' has no matching param tag in the XML comment for 'VoiceClient.AnswerPeerAsync(AnswerPeerRequest, CancellationToken)' (but other parameters do) [/home/lysander/repos/bannou/bannou-service/bannou-service.csproj]
/home/lysander/repos/bannou/bannou-service/Generated/Clients/VoiceClient.cs(869,22): warning CS1591: Missing XML comment for publicly visible type or member 'VoiceClient.ObjectResponseResult<T>' [/home/lysander/repos/bannou/bannou-service/bannou-service.csproj]
/home/lysander/repos/bannou/bannou-service/Generated/Clients/VoiceClient.cs(871,16): warning CS1591: Missing XML comment for publicly visible type or member 'VoiceClient.ObjectResponseResult<T>.ObjectResponseResult(T, string)' [/home/lysander/repos/bannou/bannou-service/bannou-service.csproj]
/home/lysander/repos/bannou/bannou-service/Generated/Clients/VoiceClient.cs(877,18): warning CS1591: Missing XML comment for publicly visible type or member 'VoiceClient.ObjectResponseResult<T>.Object' [/home/lysander/repos/bannou/bannou-service/bannou-service.csproj]
/home/lysander/repos/bannou/bannou-service/Generated/Clients/VoiceClient.cs(879,23): warning CS1591: Missing XML comment for publicly visible type or member 'VoiceClient.ObjectResponseResult<T>.Text' [/home/lysander/repos/bannou/bannou-service/bannou-service.csproj]
/home/lysander/repos/bannou/bannou-service/Generated/Clients/VoiceClient.cs(902,17): warning CS1591: Missing XML comment for publicly visible type or member 'VoiceClient.ReadResponseAsString' [/home/lysander/repos/bannou/bannou-service/bannou-service.csproj]
/home/lysander/repos/bannou/bannou-service/Generated/Clients/VoiceClient.cs(904,86): warning CS1591: Missing XML comment for publicly visible type or member 'VoiceClient.ReadObjectResponseAsync<T>(HttpResponseMessage, IReadOnlyDictionary<string, IEnumerable<string>>, CancellationToken)' [/home/lysander/repos/bannou/bannou-service/bannou-service.csproj]
/home/lysander/repos/bannou/bannou-service/Generated/Models/VoiceModels.cs(28,5): warning CS1591: Missing XML comment for publicly visible type or member 'VoiceTier.P2p' [/home/lysander/repos/bannou/bannou-service/bannou-service.csproj]
/home/lysander/repos/bannou/bannou-service/Generated/Models/VoiceModels.cs(31,5): warning CS1591: Missing XML comment for publicly visible type or member 'VoiceTier.Scaled' [/home/lysander/repos/bannou/bannou-service/bannou-service.csproj]
/home/lysander/repos/bannou/bannou-service/Generated/Models/VoiceModels.cs(43,5): warning CS1591: Missing XML comment for publicly visible type or member 'VoiceCodec.Opus' [/home/lysander/repos/bannou/bannou-service/bannou-service.csproj]
/home/lysander/repos/bannou/bannou-service/Generated/Models/VoiceModels.cs(46,5): warning CS1591: Missing XML comment for publicly visible type or member 'VoiceCodec.G711' [/home/lysander/repos/bannou/bannou-service/bannou-service.csproj]
/home/lysander/repos/bannou/bannou-service/Generated/Models/VoiceModels.cs(49,5): warning CS1591: Missing XML comment for publicly visible type or member 'VoiceCodec.G722' [/home/lysander/repos/bannou/bannou-service/bannou-service.csproj]
/home/lysander/repos/bannou/bannou-service/Generated/Models/VoiceModels.cs(92,68): warning CS1591: Missing XML comment for publicly visible type or member 'CreateVoiceRoomRequest.AdditionalProperties' [/home/lysander/repos/bannou/bannou-service/bannou-service.csproj]
/home/lysander/repos/bannou/bannou-service/Generated/Models/VoiceModels.cs(118,68): warning CS1591: Missing XML comment for publicly visible type or member 'GetVoiceRoomRequest.AdditionalProperties' [/home/lysander/repos/bannou/bannou-service/bannou-service.csproj]
/home/lysander/repos/bannou/bannou-service/Generated/Models/VoiceModels.cs(167,68): warning CS1591: Missing XML comment for publicly visible type or member 'JoinVoiceRoomRequest.AdditionalProperties' [/home/lysander/repos/bannou/bannou-service/bannou-service.csproj]
/home/lysander/repos/bannou/bannou-service/Generated/Models/VoiceModels.cs(201,68): warning CS1591: Missing XML comment for publicly visible type or member 'LeaveVoiceRoomRequest.AdditionalProperties' [/home/lysander/repos/bannou/bannou-service/bannou-service.csproj]
/home/lysander/repos/bannou/bannou-service/Generated/Models/VoiceModels.cs(233,68): warning CS1591: Missing XML comment for publicly visible type or member 'DeleteVoiceRoomRequest.AdditionalProperties' [/home/lysander/repos/bannou/bannou-service/bannou-service.csproj]
/home/lysander/repos/bannou/bannou-service/Generated/Models/VoiceModels.cs(267,68): warning CS1591: Missing XML comment for publicly visible type or member 'PeerHeartbeatRequest.AdditionalProperties' [/home/lysander/repos/bannou/bannou-service/bannou-service.csproj]
/home/lysander/repos/bannou/bannou-service/Generated/Models/VoiceModels.cs(325,68): warning CS1591: Missing XML comment for publicly visible type or member 'AnswerPeerRequest.AdditionalProperties' [/home/lysander/repos/bannou/bannou-service/bannou-service.csproj]
/home/lysander/repos/bannou/bannou-service/Generated/Models/VoiceModels.cs(407,68): warning CS1591: Missing XML comment for publicly visible type or member 'VoiceRoomResponse.AdditionalProperties' [/home/lysander/repos/bannou/bannou-service/bannou-service.csproj]
/home/lysander/repos/bannou/bannou-service/Generated/Models/VoiceModels.cs(479,68): warning CS1591: Missing XML comment for publicly visible type or member 'JoinVoiceRoomResponse.AdditionalProperties' [/home/lysander/repos/bannou/bannou-service/bannou-service.csproj]
/home/lysander/repos/bannou/bannou-service/Generated/Models/VoiceModels.cs(523,68): warning CS1591: Missing XML comment for publicly visible type or member 'SipEndpoint.AdditionalProperties' [/home/lysander/repos/bannou/bannou-service/bannou-service.csproj]
/home/lysander/repos/bannou/bannou-service/Generated/Models/VoiceModels.cs(569,68): warning CS1591: Missing XML comment for publicly visible type or member 'VoiceParticipant.AdditionalProperties' [/home/lysander/repos/bannou/bannou-service/bannou-service.csproj]
/home/lysander/repos/bannou/bannou-service/Generated/Models/VoiceModels.cs(609,68): warning CS1591: Missing XML comment for publicly visible type or member 'VoicePeer.AdditionalProperties' [/home/lysander/repos/bannou/bannou-service/bannou-service.csproj]
/home/lysander/repos/bannou/bannou-service/Generated/Clients/WebsiteClient.cs(19,26): warning CS1591: Missing XML comment for publicly visible type or member 'IWebsiteClient' [/home/lysander/repos/bannou/bannou-service/bannou-service.csproj]
/home/lysander/repos/bannou/bannou-service/Generated/Clients/WebsiteClient.cs(72,84): warning CS1573: Parameter 'body' has no matching param tag in the XML comment for 'IWebsiteClient.SubmitContactAsync(ContactRequest, CancellationToken)' (but other parameters do) [/home/lysander/repos/bannou/bannou-service/bannou-service.csproj]
/home/lysander/repos/bannou/bannou-service/Generated/Clients/WebsiteClient.cs(96,108): warning CS1573: Parameter 'includeUnpublished' has no matching param tag in the XML comment for 'IWebsiteClient.ListPagesAsync(bool?, CancellationToken)' (but other parameters do) [/home/lysander/repos/bannou/bannou-service/bannou-service.csproj]
/home/lysander/repos/bannou/bannou-service/Generated/Clients/WebsiteClient.cs(104,74): warning CS1573: Parameter 'body' has no matching param tag in the XML comment for 'IWebsiteClient.CreatePageAsync(PageContent, CancellationToken)' (but other parameters do) [/home/lysander/repos/bannou/bannou-service/bannou-service.csproj]
/home/lysander/repos/bannou/bannou-service/Generated/Clients/WebsiteClient.cs(112,69): warning CS1573: Parameter 'slug' has no matching param tag in the XML comment for 'IWebsiteClient.UpdatePageAsync(string, PageContent, CancellationToken)' (but other parameters do) [/home/lysander/repos/bannou/bannou-service/bannou-service.csproj]
/home/lysander/repos/bannou/bannou-service/Generated/Clients/WebsiteClient.cs(112,87): warning CS1573: Parameter 'body' has no matching param tag in the XML comment for 'IWebsiteClient.UpdatePageAsync(string, PageContent, CancellationToken)' (but other parameters do) [/home/lysander/repos/bannou/bannou-service/bannou-service.csproj]
/home/lysander/repos/bannou/bannou-service/Generated/Clients/WebsiteClient.cs(120,56): warning CS1573: Parameter 'slug' has no matching param tag in the XML comment for 'IWebsiteClient.DeletePageAsync(string, CancellationToken)' (but other parameters do) [/home/lysander/repos/bannou/bannou-service/bannou-service.csproj]
/home/lysander/repos/bannou/bannou-service/Generated/Clients/WebsiteClient.cs(136,84): warning CS1573: Parameter 'body' has no matching param tag in the XML comment for 'IWebsiteClient.UpdateSiteSettingsAsync(SiteSettings, CancellationToken)' (but other parameters do) [/home/lysander/repos/bannou/bannou-service/bannou-service.csproj]
/home/lysander/repos/bannou/bannou-service/Generated/Clients/WebsiteClient.cs(152,62): warning CS1573: Parameter 'body' has no matching param tag in the XML comment for 'IWebsiteClient.UpdateThemeAsync(ThemeConfig, CancellationToken)' (but other parameters do) [/home/lysander/repos/bannou/bannou-service/bannou-service.csproj]
/home/lysander/repos/bannou/bannou-service/Generated/Clients/WebsiteClient.cs(164,22): warning CS1591: Missing XML comment for publicly visible type or member 'WebsiteClient' [/home/lysander/repos/bannou/bannou-service/bannou-service.csproj]
/home/lysander/repos/bannou/bannou-service/Generated/Clients/WebsiteClient.cs(184,12): warning CS1591: Missing XML comment for publicly visible type or member 'WebsiteClient.WebsiteClient(IMeshInvocationClient, IServiceAppMappingResolver, ILogger<WebsiteClient>?)' [/home/lysander/repos/bannou/bannou-service/bannou-service.csproj]
/home/lysander/repos/bannou/bannou-service/Generated/Clients/WebsiteClient.cs(192,54): warning CS1591: Missing XML comment for publicly visible type or member 'WebsiteClient.JsonSerializerSettings' [/home/lysander/repos/bannou/bannou-service/bannou-service.csproj]
/home/lysander/repos/bannou/bannou-service/Generated/Clients/WebsiteClient.cs(686,105): warning CS1573: Parameter 'body' has no matching param tag in the XML comment for 'WebsiteClient.SubmitContactAsync(ContactRequest, CancellationToken)' (but other parameters do) [/home/lysander/repos/bannou/bannou-service/bannou-service.csproj]
/home/lysander/repos/bannou/bannou-service/Generated/Clients/WebsiteClient.cs(949,129): warning CS1573: Parameter 'includeUnpublished' has no matching param tag in the XML comment for 'WebsiteClient.ListPagesAsync(bool?, CancellationToken)' (but other parameters do) [/home/lysander/repos/bannou/bannou-service/bannou-service.csproj]
/home/lysander/repos/bannou/bannou-service/Generated/Clients/WebsiteClient.cs(1027,95): warning CS1573: Parameter 'body' has no matching param tag in the XML comment for 'WebsiteClient.CreatePageAsync(PageContent, CancellationToken)' (but other parameters do) [/home/lysander/repos/bannou/bannou-service/bannou-service.csproj]
/home/lysander/repos/bannou/bannou-service/Generated/Clients/WebsiteClient.cs(1106,90): warning CS1573: Parameter 'slug' has no matching param tag in the XML comment for 'WebsiteClient.UpdatePageAsync(string, PageContent, CancellationToken)' (but other parameters do) [/home/lysander/repos/bannou/bannou-service/bannou-service.csproj]
/home/lysander/repos/bannou/bannou-service/Generated/Clients/WebsiteClient.cs(1106,108): warning CS1573: Parameter 'body' has no matching param tag in the XML comment for 'WebsiteClient.UpdatePageAsync(string, PageContent, CancellationToken)' (but other parameters do) [/home/lysander/repos/bannou/bannou-service/bannou-service.csproj]
/home/lysander/repos/bannou/bannou-service/Generated/Clients/WebsiteClient.cs(1189,77): warning CS1573: Parameter 'slug' has no matching param tag in the XML comment for 'WebsiteClient.DeletePageAsync(string, CancellationToken)' (but other parameters do) [/home/lysander/repos/bannou/bannou-service/bannou-service.csproj]
/home/lysander/repos/bannou/bannou-service/Generated/Clients/WebsiteClient.cs(1331,105): warning CS1573: Parameter 'body' has no matching param tag in the XML comment for 'WebsiteClient.UpdateSiteSettingsAsync(SiteSettings, CancellationToken)' (but other parameters do) [/home/lysander/repos/bannou/bannou-service/bannou-service.csproj]
/home/lysander/repos/bannou/bannou-service/Generated/Clients/WebsiteClient.cs(1482,83): warning CS1573: Parameter 'body' has no matching param tag in the XML comment for 'WebsiteClient.UpdateThemeAsync(ThemeConfig, CancellationToken)' (but other parameters do) [/home/lysander/repos/bannou/bannou-service/bannou-service.csproj]
/home/lysander/repos/bannou/bannou-service/Generated/Clients/WebsiteClient.cs(1631,22): warning CS1591: Missing XML comment for publicly visible type or member 'WebsiteClient.ObjectResponseResult<T>' [/home/lysander/repos/bannou/bannou-service/bannou-service.csproj]
/home/lysander/repos/bannou/bannou-service/Generated/Clients/WebsiteClient.cs(1633,16): warning CS1591: Missing XML comment for publicly visible type or member 'WebsiteClient.ObjectResponseResult<T>.ObjectResponseResult(T, string)' [/home/lysander/repos/bannou/bannou-service/bannou-service.csproj]
/home/lysander/repos/bannou/bannou-service/Generated/Clients/WebsiteClient.cs(1639,18): warning CS1591: Missing XML comment for publicly visible type or member 'WebsiteClient.ObjectResponseResult<T>.Object' [/home/lysander/repos/bannou/bannou-service/bannou-service.csproj]
/home/lysander/repos/bannou/bannou-service/Generated/Clients/WebsiteClient.cs(1641,23): warning CS1591: Missing XML comment for publicly visible type or member 'WebsiteClient.ObjectResponseResult<T>.Text' [/home/lysander/repos/bannou/bannou-service/bannou-service.csproj]
/home/lysander/repos/bannou/bannou-service/Generated/Clients/WebsiteClient.cs(1664,17): warning CS1591: Missing XML comment for publicly visible type or member 'WebsiteClient.ReadResponseAsString' [/home/lysander/repos/bannou/bannou-service/bannou-service.csproj]
/home/lysander/repos/bannou/bannou-service/Generated/Clients/WebsiteClient.cs(1666,86): warning CS1591: Missing XML comment for publicly visible type or member 'WebsiteClient.ReadObjectResponseAsync<T>(HttpResponseMessage, IReadOnlyDictionary<string, IEnumerable<string>>, CancellationToken)' [/home/lysander/repos/bannou/bannou-service/bannou-service.csproj]
/home/lysander/repos/bannou/bannou-service/Generated/Models/WebsiteModels.cs(18,22): warning CS1591: Missing XML comment for publicly visible type or member 'StatusResponse' [/home/lysander/repos/bannou/bannou-service/bannou-service.csproj]
/home/lysander/repos/bannou/bannou-service/Generated/Models/WebsiteModels.cs(25,33): warning CS1591: Missing XML comment for publicly visible type or member 'StatusResponse.Status' [/home/lysander/repos/bannou/bannou-service/bannou-service.csproj]
/home/lysander/repos/bannou/bannou-service/Generated/Models/WebsiteModels.cs(30,19): warning CS1591: Missing XML comment for publicly visible type or member 'StatusResponse.Version' [/home/lysander/repos/bannou/bannou-service/bannou-service.csproj]
/home/lysander/repos/bannou/bannou-service/Generated/Models/WebsiteModels.cs(39,20): warning CS1591: Missing XML comment for publicly visible type or member 'StatusResponse.MaintenanceMessage' [/home/lysander/repos/bannou/bannou-service/bannou-service.csproj]
/home/lysander/repos/bannou/bannou-service/Generated/Models/WebsiteModels.cs(44,68): warning CS1591: Missing XML comment for publicly visible type or member 'StatusResponse.AdditionalProperties' [/home/lysander/repos/bannou/bannou-service/bannou-service.csproj]
/home/lysander/repos/bannou/bannou-service/Generated/Models/WebsiteModels.cs(53,22): warning CS1591: Missing XML comment for publicly visible type or member 'PageContent' [/home/lysander/repos/bannou/bannou-service/bannou-service.csproj]
/home/lysander/repos/bannou/bannou-service/Generated/Models/WebsiteModels.cs(60,19): warning CS1591: Missing XML comment for publicly visible type or member 'PageContent.Slug' [/home/lysander/repos/bannou/bannou-service/bannou-service.csproj]
/home/lysander/repos/bannou/bannou-service/Generated/Models/WebsiteModels.cs(65,19): warning CS1591: Missing XML comment for publicly visible type or member 'PageContent.Title' [/home/lysander/repos/bannou/bannou-service/bannou-service.csproj]
/home/lysander/repos/bannou/bannou-service/Generated/Models/WebsiteModels.cs(79,35): warning CS1591: Missing XML comment for publicly visible type or member 'PageContent.ContentType' [/home/lysander/repos/bannou/bannou-service/bannou-service.csproj]
/home/lysander/repos/bannou/bannou-service/Generated/Models/WebsiteModels.cs(88,17): warning CS1591: Missing XML comment for publicly visible type or member 'PageContent.Published' [/home/lysander/repos/bannou/bannou-service/bannou-service.csproj]
/home/lysander/repos/bannou/bannou-service/Generated/Models/WebsiteModels.cs(91,35): warning CS1591: Missing XML comment for publicly visible type or member 'PageContent.PublishedAt' [/home/lysander/repos/bannou/bannou-service/bannou-service.csproj]
/home/lysander/repos/bannou/bannou-service/Generated/Models/WebsiteModels.cs(94,34): warning CS1591: Missing XML comment for publicly visible type or member 'PageContent.LastModified' [/home/lysander/repos/bannou/bannou-service/bannou-service.csproj]
/home/lysander/repos/bannou/bannou-service/Generated/Models/WebsiteModels.cs(97,20): warning CS1591: Missing XML comment for publicly visible type or member 'PageContent.Author' [/home/lysander/repos/bannou/bannou-service/bannou-service.csproj]
/home/lysander/repos/bannou/bannou-service/Generated/Models/WebsiteModels.cs(106,24): warning CS1591: Missing XML comment for publicly visible type or member 'PageContent.Seo' [/home/lysander/repos/bannou/bannou-service/bannou-service.csproj]
/home/lysander/repos/bannou/bannou-service/Generated/Models/WebsiteModels.cs(111,68): warning CS1591: Missing XML comment for publicly visible type or member 'PageContent.AdditionalProperties' [/home/lysander/repos/bannou/bannou-service/bannou-service.csproj]
/home/lysander/repos/bannou/bannou-service/Generated/Models/WebsiteModels.cs(120,22): warning CS1591: Missing XML comment for publicly visible type or member 'PageMetadata' [/home/lysander/repos/bannou/bannou-service/bannou-service.csproj]
/home/lysander/repos/bannou/bannou-service/Generated/Models/WebsiteModels.cs(126,19): warning CS1591: Missing XML comment for publicly visible type or member 'PageMetadata.Slug' [/home/lysander/repos/bannou/bannou-service/bannou-service.csproj]
/home/lysander/repos/bannou/bannou-service/Generated/Models/WebsiteModels.cs(131,19): warning CS1591: Missing XML comment for publicly visible type or member 'PageMetadata.Title' [/home/lysander/repos/bannou/bannou-service/bannou-service.csproj]
/home/lysander/repos/bannou/bannou-service/Generated/Models/WebsiteModels.cs(134,17): warning CS1591: Missing XML comment for publicly visible type or member 'PageMetadata.Published' [/home/lysander/repos/bannou/bannou-service/bannou-service.csproj]
/home/lysander/repos/bannou/bannou-service/Generated/Models/WebsiteModels.cs(137,35): warning CS1591: Missing XML comment for publicly visible type or member 'PageMetadata.PublishedAt' [/home/lysander/repos/bannou/bannou-service/bannou-service.csproj]
/home/lysander/repos/bannou/bannou-service/Generated/Models/WebsiteModels.cs(140,34): warning CS1591: Missing XML comment for publicly visible type or member 'PageMetadata.LastModified' [/home/lysander/repos/bannou/bannou-service/bannou-service.csproj]
/home/lysander/repos/bannou/bannou-service/Generated/Models/WebsiteModels.cs(143,20): warning CS1591: Missing XML comment for publicly visible type or member 'PageMetadata.Author' [/home/lysander/repos/bannou/bannou-service/bannou-service.csproj]
/home/lysander/repos/bannou/bannou-service/Generated/Models/WebsiteModels.cs(148,68): warning CS1591: Missing XML comment for publicly visible type or member 'PageMetadata.AdditionalProperties' [/home/lysander/repos/bannou/bannou-service/bannou-service.csproj]
/home/lysander/repos/bannou/bannou-service/Generated/Models/WebsiteModels.cs(157,22): warning CS1591: Missing XML comment for publicly visible type or member 'SEOMetadata' [/home/lysander/repos/bannou/bannou-service/bannou-service.csproj]
/home/lysander/repos/bannou/bannou-service/Generated/Models/WebsiteModels.cs(161,20): warning CS1591: Missing XML comment for publicly visible type or member 'SEOMetadata.Description' [/home/lysander/repos/bannou/bannou-service/bannou-service.csproj]
/home/lysander/repos/bannou/bannou-service/Generated/Models/WebsiteModels.cs(164,59): warning CS1591: Missing XML comment for publicly visible type or member 'SEOMetadata.Keywords' [/home/lysander/repos/bannou/bannou-service/bannou-service.csproj]
/home/lysander/repos/bannou/bannou-service/Generated/Models/WebsiteModels.cs(167,20): warning CS1591: Missing XML comment for publicly visible type or member 'SEOMetadata.OgTitle' [/home/lysander/repos/bannou/bannou-service/bannou-service.csproj]
/home/lysander/repos/bannou/bannou-service/Generated/Models/WebsiteModels.cs(170,20): warning CS1591: Missing XML comment for publicly visible type or member 'SEOMetadata.OgDescription' [/home/lysander/repos/bannou/bannou-service/bannou-service.csproj]
/home/lysander/repos/bannou/bannou-service/Generated/Models/WebsiteModels.cs(173,24): warning CS1591: Missing XML comment for publicly visible type or member 'SEOMetadata.OgImage' [/home/lysander/repos/bannou/bannou-service/bannou-service.csproj]
/home/lysander/repos/bannou/bannou-service/Generated/Models/WebsiteModels.cs(178,68): warning CS1591: Missing XML comment for publicly visible type or member 'SEOMetadata.AdditionalProperties' [/home/lysander/repos/bannou/bannou-service/bannou-service.csproj]
/home/lysander/repos/bannou/bannou-service/Generated/Models/WebsiteModels.cs(187,22): warning CS1591: Missing XML comment for publicly visible type or member 'SiteSettings' [/home/lysander/repos/bannou/bannou-service/bannou-service.csproj]
/home/lysander/repos/bannou/bannou-service/Generated/Models/WebsiteModels.cs(193,19): warning CS1591: Missing XML comment for publicly visible type or member 'SiteSettings.SiteName' [/home/lysander/repos/bannou/bannou-service/bannou-service.csproj]
/home/lysander/repos/bannou/bannou-service/Generated/Models/WebsiteModels.cs(198,23): warning CS1591: Missing XML comment for publicly visible type or member 'SiteSettings.SiteUrl' [/home/lysander/repos/bannou/bannou-service/bannou-service.csproj]
/home/lysander/repos/bannou/bannou-service/Generated/Models/WebsiteModels.cs(201,20): warning CS1591: Missing XML comment for publicly visible type or member 'SiteSettings.Tagline' [/home/lysander/repos/bannou/bannou-service/bannou-service.csproj]
/home/lysander/repos/bannou/bannou-service/Generated/Models/WebsiteModels.cs(206,19): warning CS1591: Missing XML comment for publicly visible type or member 'SiteSettings.DefaultLanguage' [/home/lysander/repos/bannou/bannou-service/bannou-service.csproj]
/home/lysander/repos/bannou/bannou-service/Generated/Models/WebsiteModels.cs(209,59): warning CS1591: Missing XML comment for publicly visible type or member 'SiteSettings.SupportedLanguages' [/home/lysander/repos/bannou/bannou-service/bannou-service.csproj]
/home/lysander/repos/bannou/bannou-service/Generated/Models/WebsiteModels.cs(212,17): warning CS1591: Missing XML comment for publicly visible type or member 'SiteSettings.MaintenanceMode' [/home/lysander/repos/bannou/bannou-service/bannou-service.csproj]
/home/lysander/repos/bannou/bannou-service/Generated/Models/WebsiteModels.cs(215,20): warning CS1591: Missing XML comment for publicly visible type or member 'SiteSettings.MaintenanceMessage' [/home/lysander/repos/bannou/bannou-service/bannou-service.csproj]
/home/lysander/repos/bannou/bannou-service/Generated/Models/WebsiteModels.cs(218,19): warning CS1591: Missing XML comment for publicly visible type or member 'SiteSettings.ContactEmail' [/home/lysander/repos/bannou/bannou-service/bannou-service.csproj]
/home/lysander/repos/bannou/bannou-service/Generated/Models/WebsiteModels.cs(221,71): warning CS1591: Missing XML comment for publicly visible type or member 'SiteSettings.SocialLinks' [/home/lysander/repos/bannou/bannou-service/bannou-service.csproj]
/home/lysander/repos/bannou/bannou-service/Generated/Models/WebsiteModels.cs(224,22): warning CS1591: Missing XML comment for publicly visible type or member 'SiteSettings.Analytics' [/home/lysander/repos/bannou/bannou-service/bannou-service.csproj]
/home/lysander/repos/bannou/bannou-service/Generated/Models/WebsiteModels.cs(227,26): warning CS1591: Missing XML comment for publicly visible type or member 'SiteSettings.CustomScripts' [/home/lysander/repos/bannou/bannou-service/bannou-service.csproj]
/home/lysander/repos/bannou/bannou-service/Generated/Models/WebsiteModels.cs(232,68): warning CS1591: Missing XML comment for publicly visible type or member 'SiteSettings.AdditionalProperties' [/home/lysander/repos/bannou/bannou-service/bannou-service.csproj]
/home/lysander/repos/bannou/bannou-service/Generated/Models/WebsiteModels.cs(241,22): warning CS1591: Missing XML comment for publicly visible type or member 'ThemeConfig' [/home/lysander/repos/bannou/bannou-service/bannou-service.csproj]
/home/lysander/repos/bannou/bannou-service/Generated/Models/WebsiteModels.cs(247,19): warning CS1591: Missing XML comment for publicly visible type or member 'ThemeConfig.ThemeName' [/home/lysander/repos/bannou/bannou-service/bannou-service.csproj]
/home/lysander/repos/bannou/bannou-service/Generated/Models/WebsiteModels.cs(253,19): warning CS1591: Missing XML comment for publicly visible type or member 'ThemeConfig.PrimaryColor' [/home/lysander/repos/bannou/bannou-service/bannou-service.csproj]
/home/lysander/repos/bannou/bannou-service/Generated/Models/WebsiteModels.cs(257,19): warning CS1591: Missing XML comment for publicly visible type or member 'ThemeConfig.SecondaryColor' [/home/lysander/repos/bannou/bannou-service/bannou-service.csproj]
/home/lysander/repos/bannou/bannou-service/Generated/Models/WebsiteModels.cs(261,19): warning CS1591: Missing XML comment for publicly visible type or member 'ThemeConfig.BackgroundColor' [/home/lysander/repos/bannou/bannou-service/bannou-service.csproj]
/home/lysander/repos/bannou/bannou-service/Generated/Models/WebsiteModels.cs(265,19): warning CS1591: Missing XML comment for publicly visible type or member 'ThemeConfig.TextColor' [/home/lysander/repos/bannou/bannou-service/bannou-service.csproj]
/home/lysander/repos/bannou/bannou-service/Generated/Models/WebsiteModels.cs(268,19): warning CS1591: Missing XML comment for publicly visible type or member 'ThemeConfig.FontFamily' [/home/lysander/repos/bannou/bannou-service/bannou-service.csproj]
/home/lysander/repos/bannou/bannou-service/Generated/Models/WebsiteModels.cs(271,20): warning CS1591: Missing XML comment for publicly visible type or member 'ThemeConfig.CustomCSS' [/home/lysander/repos/bannou/bannou-service/bannou-service.csproj]
/home/lysander/repos/bannou/bannou-service/Generated/Models/WebsiteModels.cs(274,17): warning CS1591: Missing XML comment for publicly visible type or member 'ThemeConfig.Logo' [/home/lysander/repos/bannou/bannou-service/bannou-service.csproj]
/home/lysander/repos/bannou/bannou-service/Generated/Models/WebsiteModels.cs(277,24): warning CS1591: Missing XML comment for publicly visible type or member 'ThemeConfig.Favicon' [/home/lysander/repos/bannou/bannou-service/bannou-service.csproj]
/home/lysander/repos/bannou/bannou-service/Generated/Models/WebsiteModels.cs(280,67): warning CS1591: Missing XML comment for publicly visible type or member 'ThemeConfig.Navigation' [/home/lysander/repos/bannou/bannou-service/bannou-service.csproj]
/home/lysander/repos/bannou/bannou-service/Generated/Models/WebsiteModels.cs(285,68): warning CS1591: Missing XML comment for publicly visible type or member 'ThemeConfig.AdditionalProperties' [/home/lysander/repos/bannou/bannou-service/bannou-service.csproj]
/home/lysander/repos/bannou/bannou-service/Generated/Models/WebsiteModels.cs(294,22): warning CS1591: Missing XML comment for publicly visible type or member 'NavigationItem' [/home/lysander/repos/bannou/bannou-service/bannou-service.csproj]
/home/lysander/repos/bannou/bannou-service/Generated/Models/WebsiteModels.cs(300,19): warning CS1591: Missing XML comment for publicly visible type or member 'NavigationItem.Label' [/home/lysander/repos/bannou/bannou-service/bannou-service.csproj]
/home/lysander/repos/bannou/bannou-service/Generated/Models/WebsiteModels.cs(305,19): warning CS1591: Missing XML comment for publicly visible type or member 'NavigationItem.Url' [/home/lysander/repos/bannou/bannou-service/bannou-service.csproj]
/home/lysander/repos/bannou/bannou-service/Generated/Models/WebsiteModels.cs(308,16): warning CS1591: Missing XML comment for publicly visible type or member 'NavigationItem.Order' [/home/lysander/repos/bannou/bannou-service/bannou-service.csproj]
/home/lysander/repos/bannou/bannou-service/Generated/Models/WebsiteModels.cs(312,33): warning CS1591: Missing XML comment for publicly visible type or member 'NavigationItem.Target' [/home/lysander/repos/bannou/bannou-service/bannou-service.csproj]
/home/lysander/repos/bannou/bannou-service/Generated/Models/WebsiteModels.cs(315,67): warning CS1591: Missing XML comment for publicly visible type or member 'NavigationItem.Children' [/home/lysander/repos/bannou/bannou-service/bannou-service.csproj]
/home/lysander/repos/bannou/bannou-service/Generated/Models/WebsiteModels.cs(320,68): warning CS1591: Missing XML comment for publicly visible type or member 'NavigationItem.AdditionalProperties' [/home/lysander/repos/bannou/bannou-service/bannou-service.csproj]
/home/lysander/repos/bannou/bannou-service/Generated/Models/WebsiteModels.cs(329,22): warning CS1591: Missing XML comment for publicly visible type or member 'NewsResponse' [/home/lysander/repos/bannou/bannou-service/bannou-service.csproj]
/home/lysander/repos/bannou/bannou-service/Generated/Models/WebsiteModels.cs(335,61): warning CS1591: Missing XML comment for publicly visible type or member 'NewsResponse.Items' [/home/lysander/repos/bannou/bannou-service/bannou-service.csproj]
/home/lysander/repos/bannou/bannou-service/Generated/Models/WebsiteModels.cs(338,16): warning CS1591: Missing XML comment for publicly visible type or member 'NewsResponse.Total' [/home/lysander/repos/bannou/bannou-service/bannou-service.csproj]
/home/lysander/repos/bannou/bannou-service/Generated/Models/WebsiteModels.cs(341,17): warning CS1591: Missing XML comment for publicly visible type or member 'NewsResponse.HasMore' [/home/lysander/repos/bannou/bannou-service/bannou-service.csproj]
/home/lysander/repos/bannou/bannou-service/Generated/Models/WebsiteModels.cs(346,68): warning CS1591: Missing XML comment for publicly visible type or member 'NewsResponse.AdditionalProperties' [/home/lysander/repos/bannou/bannou-service/bannou-service.csproj]
/home/lysander/repos/bannou/bannou-service/Generated/Models/WebsiteModels.cs(355,22): warning CS1591: Missing XML comment for publicly visible type or member 'NewsItem' [/home/lysander/repos/bannou/bannou-service/bannou-service.csproj]
/home/lysander/repos/bannou/bannou-service/Generated/Models/WebsiteModels.cs(361,24): warning CS1591: Missing XML comment for publicly visible type or member 'NewsItem.Id' [/home/lysander/repos/bannou/bannou-service/bannou-service.csproj]
/home/lysander/repos/bannou/bannou-service/Generated/Models/WebsiteModels.cs(366,19): warning CS1591: Missing XML comment for publicly visible type or member 'NewsItem.Title' [/home/lysander/repos/bannou/bannou-service/bannou-service.csproj]
/home/lysander/repos/bannou/bannou-service/Generated/Models/WebsiteModels.cs(371,19): warning CS1591: Missing XML comment for publicly visible type or member 'NewsItem.Summary' [/home/lysander/repos/bannou/bannou-service/bannou-service.csproj]
/home/lysander/repos/bannou/bannou-service/Generated/Models/WebsiteModels.cs(374,20): warning CS1591: Missing XML comment for publicly visible type or member 'NewsItem.Content' [/home/lysander/repos/bannou/bannou-service/bannou-service.csproj]
/home/lysander/repos/bannou/bannou-service/Generated/Models/WebsiteModels.cs(377,19): warning CS1591: Missing XML comment for publicly visible type or member 'NewsItem.Author' [/home/lysander/repos/bannou/bannou-service/bannou-service.csproj]
/home/lysander/repos/bannou/bannou-service/Generated/Models/WebsiteModels.cs(382,34): warning CS1591: Missing XML comment for publicly visible type or member 'NewsItem.PublishedAt' [/home/lysander/repos/bannou/bannou-service/bannou-service.csproj]
/home/lysander/repos/bannou/bannou-service/Generated/Models/WebsiteModels.cs(385,59): warning CS1591: Missing XML comment for publicly visible type or member 'NewsItem.Tags' [/home/lysander/repos/bannou/bannou-service/bannou-service.csproj]
/home/lysander/repos/bannou/bannou-service/Generated/Models/WebsiteModels.cs(388,24): warning CS1591: Missing XML comment for publicly visible type or member 'NewsItem.ImageUrl' [/home/lysander/repos/bannou/bannou-service/bannou-service.csproj]
/home/lysander/repos/bannou/bannou-service/Generated/Models/WebsiteModels.cs(393,68): warning CS1591: Missing XML comment for publicly visible type or member 'NewsItem.AdditionalProperties' [/home/lysander/repos/bannou/bannou-service/bannou-service.csproj]
/home/lysander/repos/bannou/bannou-service/Generated/Models/WebsiteModels.cs(402,22): warning CS1591: Missing XML comment for publicly visible type or member 'ServerStatusResponse' [/home/lysander/repos/bannou/bannou-service/bannou-service.csproj]
/home/lysander/repos/bannou/bannou-service/Generated/Models/WebsiteModels.cs(409,45): warning CS1591: Missing XML comment for publicly visible type or member 'ServerStatusResponse.GlobalStatus' [/home/lysander/repos/bannou/bannou-service/bannou-service.csproj]
/home/lysander/repos/bannou/bannou-service/Generated/Models/WebsiteModels.cs(414,64): warning CS1591: Missing XML comment for publicly visible type or member 'ServerStatusResponse.Realms' [/home/lysander/repos/bannou/bannou-service/bannou-service.csproj]
/home/lysander/repos/bannou/bannou-service/Generated/Models/WebsiteModels.cs(419,68): warning CS1591: Missing XML comment for publicly visible type or member 'ServerStatusResponse.AdditionalProperties' [/home/lysander/repos/bannou/bannou-service/bannou-service.csproj]
/home/lysander/repos/bannou/bannou-service/Generated/Models/WebsiteModels.cs(428,22): warning CS1591: Missing XML comment for publicly visible type or member 'RealmStatus' [/home/lysander/repos/bannou/bannou-service/bannou-service.csproj]
/home/lysander/repos/bannou/bannou-service/Generated/Models/WebsiteModels.cs(434,19): warning CS1591: Missing XML comment for publicly visible type or member 'RealmStatus.RealmId' [/home/lysander/repos/bannou/bannou-service/bannou-service.csproj]
/home/lysander/repos/bannou/bannou-service/Generated/Models/WebsiteModels.cs(439,19): warning CS1591: Missing XML comment for publicly visible type or member 'RealmStatus.Name' [/home/lysander/repos/bannou/bannou-service/bannou-service.csproj]
/home/lysander/repos/bannou/bannou-service/Generated/Models/WebsiteModels.cs(445,30): warning CS1591: Missing XML comment for publicly visible type or member 'RealmStatus.Status' [/home/lysander/repos/bannou/bannou-service/bannou-service.csproj]
/home/lysander/repos/bannou/bannou-service/Generated/Models/WebsiteModels.cs(451,34): warning CS1591: Missing XML comment for publicly visible type or member 'RealmStatus.Population' [/home/lysander/repos/bannou/bannou-service/bannou-service.csproj]
/home/lysander/repos/bannou/bannou-service/Generated/Models/WebsiteModels.cs(454,17): warning CS1591: Missing XML comment for publicly visible type or member 'RealmStatus.PlayerCount' [/home/lysander/repos/bannou/bannou-service/bannou-service.csproj]
/home/lysander/repos/bannou/bannou-service/Generated/Models/WebsiteModels.cs(465,68): warning CS1591: Missing XML comment for publicly visible type or member 'RealmStatus.AdditionalProperties' [/home/lysander/repos/bannou/bannou-service/bannou-service.csproj]
/home/lysander/repos/bannou/bannou-service/Generated/Models/WebsiteModels.cs(474,22): warning CS1591: Missing XML comment for publicly visible type or member 'DownloadsResponse' [/home/lysander/repos/bannou/bannou-service/bannou-service.csproj]
/home/lysander/repos/bannou/bannou-service/Generated/Models/WebsiteModels.cs(480,65): warning CS1591: Missing XML comment for publicly visible type or member 'DownloadsResponse.Clients' [/home/lysander/repos/bannou/bannou-service/bannou-service.csproj]
/home/lysander/repos/bannou/bannou-service/Generated/Models/WebsiteModels.cs(485,68): warning CS1591: Missing XML comment for publicly visible type or member 'DownloadsResponse.AdditionalProperties' [/home/lysander/repos/bannou/bannou-service/bannou-service.csproj]
/home/lysander/repos/bannou/bannou-service/Generated/Models/WebsiteModels.cs(494,22): warning CS1591: Missing XML comment for publicly visible type or member 'DownloadInfo' [/home/lysander/repos/bannou/bannou-service/bannou-service.csproj]
/home/lysander/repos/bannou/bannou-service/Generated/Models/WebsiteModels.cs(501,33): warning CS1591: Missing XML comment for publicly visible type or member 'DownloadInfo.Platform' [/home/lysander/repos/bannou/bannou-service/bannou-service.csproj]
/home/lysander/repos/bannou/bannou-service/Generated/Models/WebsiteModels.cs(506,19): warning CS1591: Missing XML comment for publicly visible type or member 'DownloadInfo.Version' [/home/lysander/repos/bannou/bannou-service/bannou-service.csproj]
/home/lysander/repos/bannou/bannou-service/Generated/Models/WebsiteModels.cs(511,23): warning CS1591: Missing XML comment for publicly visible type or member 'DownloadInfo.Url' [/home/lysander/repos/bannou/bannou-service/bannou-service.csproj]
/home/lysander/repos/bannou/bannou-service/Generated/Models/WebsiteModels.cs(528,20): warning CS1591: Missing XML comment for publicly visible type or member 'DownloadInfo.ReleaseNotes' [/home/lysander/repos/bannou/bannou-service/bannou-service.csproj]
/home/lysander/repos/bannou/bannou-service/Generated/Models/WebsiteModels.cs(531,19): warning CS1591: Missing XML comment for publicly visible type or member 'DownloadInfo.MinimumRequirements' [/home/lysander/repos/bannou/bannou-service/bannou-service.csproj]
/home/lysander/repos/bannou/bannou-service/Generated/Models/WebsiteModels.cs(536,68): warning CS1591: Missing XML comment for publicly visible type or member 'DownloadInfo.AdditionalProperties' [/home/lysander/repos/bannou/bannou-service/bannou-service.csproj]
/home/lysander/repos/bannou/bannou-service/Generated/Models/WebsiteModels.cs(545,22): warning CS1591: Missing XML comment for publicly visible type or member 'ContactRequest' [/home/lysander/repos/bannou/bannou-service/bannou-service.csproj]
/home/lysander/repos/bannou/bannou-service/Generated/Models/WebsiteModels.cs(551,19): warning CS1591: Missing XML comment for publicly visible type or member 'ContactRequest.Email' [/home/lysander/repos/bannou/bannou-service/bannou-service.csproj]
/home/lysander/repos/bannou/bannou-service/Generated/Models/WebsiteModels.cs(554,20): warning CS1591: Missing XML comment for publicly visible type or member 'ContactRequest.Name' [/home/lysander/repos/bannou/bannou-service/bannou-service.csproj]
/home/lysander/repos/bannou/bannou-service/Generated/Models/WebsiteModels.cs(560,19): warning CS1591: Missing XML comment for publicly visible type or member 'ContactRequest.Subject' [/home/lysander/repos/bannou/bannou-service/bannou-service.csproj]
/home/lysander/repos/bannou/bannou-service/Generated/Models/WebsiteModels.cs(566,19): warning CS1591: Missing XML comment for publicly visible type or member 'ContactRequest.Message' [/home/lysander/repos/bannou/bannou-service/bannou-service.csproj]
/home/lysander/repos/bannou/bannou-service/Generated/Models/WebsiteModels.cs(570,35): warning CS1591: Missing XML comment for publicly visible type or member 'ContactRequest.Category' [/home/lysander/repos/bannou/bannou-service/bannou-service.csproj]
/home/lysander/repos/bannou/bannou-service/Generated/Models/WebsiteModels.cs(575,68): warning CS1591: Missing XML comment for publicly visible type or member 'ContactRequest.AdditionalProperties' [/home/lysander/repos/bannou/bannou-service/bannou-service.csproj]
/home/lysander/repos/bannou/bannou-service/Generated/Models/WebsiteModels.cs(584,22): warning CS1591: Missing XML comment for publicly visible type or member 'ContactResponse' [/home/lysander/repos/bannou/bannou-service/bannou-service.csproj]
/home/lysander/repos/bannou/bannou-service/Generated/Models/WebsiteModels.cs(590,24): warning CS1591: Missing XML comment for publicly visible type or member 'ContactResponse.TicketId' [/home/lysander/repos/bannou/bannou-service/bannou-service.csproj]
/home/lysander/repos/bannou/bannou-service/Generated/Models/WebsiteModels.cs(595,19): warning CS1591: Missing XML comment for publicly visible type or member 'ContactResponse.Message' [/home/lysander/repos/bannou/bannou-service/bannou-service.csproj]
/home/lysander/repos/bannou/bannou-service/Generated/Models/WebsiteModels.cs(600,68): warning CS1591: Missing XML comment for publicly visible type or member 'ContactResponse.AdditionalProperties' [/home/lysander/repos/bannou/bannou-service/bannou-service.csproj]
/home/lysander/repos/bannou/bannou-service/Generated/Models/WebsiteModels.cs(609,22): warning CS1591: Missing XML comment for publicly visible type or member 'AccountProfile' [/home/lysander/repos/bannou/bannou-service/bannou-service.csproj]
/home/lysander/repos/bannou/bannou-service/Generated/Models/WebsiteModels.cs(615,24): warning CS1591: Missing XML comment for publicly visible type or member 'AccountProfile.AccountId' [/home/lysander/repos/bannou/bannou-service/bannou-service.csproj]
/home/lysander/repos/bannou/bannou-service/Generated/Models/WebsiteModels.cs(620,19): warning CS1591: Missing XML comment for publicly visible type or member 'AccountProfile.Email' [/home/lysander/repos/bannou/bannou-service/bannou-service.csproj]
/home/lysander/repos/bannou/bannou-service/Generated/Models/WebsiteModels.cs(623,20): warning CS1591: Missing XML comment for publicly visible type or member 'AccountProfile.DisplayName' [/home/lysander/repos/bannou/bannou-service/bannou-service.csproj]
/home/lysander/repos/bannou/bannou-service/Generated/Models/WebsiteModels.cs(628,34): warning CS1591: Missing XML comment for publicly visible type or member 'AccountProfile.CreatedAt' [/home/lysander/repos/bannou/bannou-service/bannou-service.csproj]
/home/lysander/repos/bannou/bannou-service/Generated/Models/WebsiteModels.cs(631,35): warning CS1591: Missing XML comment for publicly visible type or member 'AccountProfile.LastLogin' [/home/lysander/repos/bannou/bannou-service/bannou-service.csproj]
/home/lysander/repos/bannou/bannou-service/Generated/Models/WebsiteModels.cs(634,16): warning CS1591: Missing XML comment for publicly visible type or member 'AccountProfile.CharacterSlots' [/home/lysander/repos/bannou/bannou-service/bannou-service.csproj]
/home/lysander/repos/bannou/bannou-service/Generated/Models/WebsiteModels.cs(637,16): warning CS1591: Missing XML comment for publicly visible type or member 'AccountProfile.UsedSlots' [/home/lysander/repos/bannou/bannou-service/bannou-service.csproj]
/home/lysander/repos/bannou/bannou-service/Generated/Models/WebsiteModels.cs(642,68): warning CS1591: Missing XML comment for publicly visible type or member 'AccountProfile.AdditionalProperties' [/home/lysander/repos/bannou/bannou-service/bannou-service.csproj]
/home/lysander/repos/bannou/bannou-service/Generated/Models/WebsiteModels.cs(651,22): warning CS1591: Missing XML comment for publicly visible type or member 'CharacterListResponse' [/home/lysander/repos/bannou/bannou-service/bannou-service.csproj]
/home/lysander/repos/bannou/bannou-service/Generated/Models/WebsiteModels.cs(657,69): warning CS1591: Missing XML comment for publicly visible type or member 'CharacterListResponse.Characters' [/home/lysander/repos/bannou/bannou-service/bannou-service.csproj]
/home/lysander/repos/bannou/bannou-service/Generated/Models/WebsiteModels.cs(662,68): warning CS1591: Missing XML comment for publicly visible type or member 'CharacterListResponse.AdditionalProperties' [/home/lysander/repos/bannou/bannou-service/bannou-service.csproj]
/home/lysander/repos/bannou/bannou-service/Generated/Models/WebsiteModels.cs(671,22): warning CS1591: Missing XML comment for publicly visible type or member 'CharacterSummary' [/home/lysander/repos/bannou/bannou-service/bannou-service.csproj]
/home/lysander/repos/bannou/bannou-service/Generated/Models/WebsiteModels.cs(677,24): warning CS1591: Missing XML comment for publicly visible type or member 'CharacterSummary.CharacterId' [/home/lysander/repos/bannou/bannou-service/bannou-service.csproj]
/home/lysander/repos/bannou/bannou-service/Generated/Models/WebsiteModels.cs(682,19): warning CS1591: Missing XML comment for publicly visible type or member 'CharacterSummary.Name' [/home/lysander/repos/bannou/bannou-service/bannou-service.csproj]
/home/lysander/repos/bannou/bannou-service/Generated/Models/WebsiteModels.cs(687,19): warning CS1591: Missing XML comment for publicly visible type or member 'CharacterSummary.Realm' [/home/lysander/repos/bannou/bannou-service/bannou-service.csproj]
/home/lysander/repos/bannou/bannou-service/Generated/Models/WebsiteModels.cs(690,16): warning CS1591: Missing XML comment for publicly visible type or member 'CharacterSummary.Level' [/home/lysander/repos/bannou/bannou-service/bannou-service.csproj]
/home/lysander/repos/bannou/bannou-service/Generated/Models/WebsiteModels.cs(693,20): warning CS1591: Missing XML comment for publicly visible type or member 'CharacterSummary.Class' [/home/lysander/repos/bannou/bannou-service/bannou-service.csproj]
/home/lysander/repos/bannou/bannou-service/Generated/Models/WebsiteModels.cs(696,35): warning CS1591: Missing XML comment for publicly visible type or member 'CharacterSummary.LastPlayed' [/home/lysander/repos/bannou/bannou-service/bannou-service.csproj]
/home/lysander/repos/bannou/bannou-service/Generated/Models/WebsiteModels.cs(701,68): warning CS1591: Missing XML comment for publicly visible type or member 'CharacterSummary.AdditionalProperties' [/home/lysander/repos/bannou/bannou-service/bannou-service.csproj]
/home/lysander/repos/bannou/bannou-service/Generated/Models/WebsiteModels.cs(710,22): warning CS1591: Missing XML comment for publicly visible type or member 'SubscriptionResponse' [/home/lysander/repos/bannou/bannou-service/bannou-service.csproj]
/home/lysander/repos/bannou/bannou-service/Generated/Models/WebsiteModels.cs(717,39): warning CS1591: Missing XML comment for publicly visible type or member 'SubscriptionResponse.Status' [/home/lysander/repos/bannou/bannou-service/bannou-service.csproj]
/home/lysander/repos/bannou/bannou-service/Generated/Models/WebsiteModels.cs(723,37): warning CS1591: Missing XML comment for publicly visible type or member 'SubscriptionResponse.Type' [/home/lysander/repos/bannou/bannou-service/bannou-service.csproj]
/home/lysander/repos/bannou/bannou-service/Generated/Models/WebsiteModels.cs(726,35): warning CS1591: Missing XML comment for publicly visible type or member 'SubscriptionResponse.ExpiresAt' [/home/lysander/repos/bannou/bannou-service/bannou-service.csproj]
/home/lysander/repos/bannou/bannou-service/Generated/Models/WebsiteModels.cs(729,17): warning CS1591: Missing XML comment for publicly visible type or member 'SubscriptionResponse.AutoRenew' [/home/lysander/repos/bannou/bannou-service/bannou-service.csproj]
/home/lysander/repos/bannou/bannou-service/Generated/Models/WebsiteModels.cs(732,59): warning CS1591: Missing XML comment for publicly visible type or member 'SubscriptionResponse.Benefits' [/home/lysander/repos/bannou/bannou-service/bannou-service.csproj]
/home/lysander/repos/bannou/bannou-service/Generated/Models/WebsiteModels.cs(737,68): warning CS1591: Missing XML comment for publicly visible type or member 'SubscriptionResponse.AdditionalProperties' [/home/lysander/repos/bannou/bannou-service/bannou-service.csproj]
/home/lysander/repos/bannou/bannou-service/Generated/Models/WebsiteModels.cs(746,22): warning CS1591: Missing XML comment for publicly visible type or member 'ErrorResponse' [/home/lysander/repos/bannou/bannou-service/bannou-service.csproj]
/home/lysander/repos/bannou/bannou-service/Generated/Models/WebsiteModels.cs(752,19): warning CS1591: Missing XML comment for publicly visible type or member 'ErrorResponse.Error' [/home/lysander/repos/bannou/bannou-service/bannou-service.csproj]
/home/lysander/repos/bannou/bannou-service/Generated/Models/WebsiteModels.cs(757,19): warning CS1591: Missing XML comment for publicly visible type or member 'ErrorResponse.Message' [/home/lysander/repos/bannou/bannou-service/bannou-service.csproj]
/home/lysander/repos/bannou/bannou-service/Generated/Models/WebsiteModels.cs(760,20): warning CS1591: Missing XML comment for publicly visible type or member 'ErrorResponse.Details' [/home/lysander/repos/bannou/bannou-service/bannou-service.csproj]
/home/lysander/repos/bannou/bannou-service/Generated/Models/WebsiteModels.cs(765,68): warning CS1591: Missing XML comment for publicly visible type or member 'ErrorResponse.AdditionalProperties' [/home/lysander/repos/bannou/bannou-service/bannou-service.csproj]
/home/lysander/repos/bannou/bannou-service/Generated/Models/WebsiteModels.cs(774,13): warning CS1591: Missing XML comment for publicly visible type or member 'Platform' [/home/lysander/repos/bannou/bannou-service/bannou-service.csproj]
/home/lysander/repos/bannou/bannou-service/Generated/Models/WebsiteModels.cs(778,5): warning CS1591: Missing XML comment for publicly visible type or member 'Platform.Windows' [/home/lysander/repos/bannou/bannou-service/bannou-service.csproj]
/home/lysander/repos/bannou/bannou-service/Generated/Models/WebsiteModels.cs(781,5): warning CS1591: Missing XML comment for publicly visible type or member 'Platform.Macos' [/home/lysander/repos/bannou/bannou-service/bannou-service.csproj]
/home/lysander/repos/bannou/bannou-service/Generated/Models/WebsiteModels.cs(784,5): warning CS1591: Missing XML comment for publicly visible type or member 'Platform.Linux' [/home/lysander/repos/bannou/bannou-service/bannou-service.csproj]
/home/lysander/repos/bannou/bannou-service/Generated/Models/WebsiteModels.cs(789,13): warning CS1591: Missing XML comment for publicly visible type or member 'StatusResponseStatus' [/home/lysander/repos/bannou/bannou-service/bannou-service.csproj]
/home/lysander/repos/bannou/bannou-service/Generated/Models/WebsiteModels.cs(793,5): warning CS1591: Missing XML comment for publicly visible type or member 'StatusResponseStatus.Healthy' [/home/lysander/repos/bannou/bannou-service/bannou-service.csproj]
/home/lysander/repos/bannou/bannou-service/Generated/Models/WebsiteModels.cs(796,5): warning CS1591: Missing XML comment for publicly visible type or member 'StatusResponseStatus.Degraded' [/home/lysander/repos/bannou/bannou-service/bannou-service.csproj]
/home/lysander/repos/bannou/bannou-service/Generated/Models/WebsiteModels.cs(799,5): warning CS1591: Missing XML comment for publicly visible type or member 'StatusResponseStatus.Maintenance' [/home/lysander/repos/bannou/bannou-service/bannou-service.csproj]
/home/lysander/repos/bannou/bannou-service/Generated/Models/WebsiteModels.cs(804,13): warning CS1591: Missing XML comment for publicly visible type or member 'PageContentContentType' [/home/lysander/repos/bannou/bannou-service/bannou-service.csproj]
/home/lysander/repos/bannou/bannou-service/Generated/Models/WebsiteModels.cs(808,5): warning CS1591: Missing XML comment for publicly visible type or member 'PageContentContentType.Html' [/home/lysander/repos/bannou/bannou-service/bannou-service.csproj]
/home/lysander/repos/bannou/bannou-service/Generated/Models/WebsiteModels.cs(811,5): warning CS1591: Missing XML comment for publicly visible type or member 'PageContentContentType.Markdown' [/home/lysander/repos/bannou/bannou-service/bannou-service.csproj]
/home/lysander/repos/bannou/bannou-service/Generated/Models/WebsiteModels.cs(814,5): warning CS1591: Missing XML comment for publicly visible type or member 'PageContentContentType.Blazor' [/home/lysander/repos/bannou/bannou-service/bannou-service.csproj]
/home/lysander/repos/bannou/bannou-service/Generated/Models/WebsiteModels.cs(819,22): warning CS1591: Missing XML comment for publicly visible type or member 'Analytics' [/home/lysander/repos/bannou/bannou-service/bannou-service.csproj]
/home/lysander/repos/bannou/bannou-service/Generated/Models/WebsiteModels.cs(823,20): warning CS1591: Missing XML comment for publicly visible type or member 'Analytics.GoogleAnalyticsId' [/home/lysander/repos/bannou/bannou-service/bannou-service.csproj]
/home/lysander/repos/bannou/bannou-service/Generated/Models/WebsiteModels.cs(826,19): warning CS1591: Missing XML comment for publicly visible type or member 'Analytics.OtherTrackers' [/home/lysander/repos/bannou/bannou-service/bannou-service.csproj]
/home/lysander/repos/bannou/bannou-service/Generated/Models/WebsiteModels.cs(831,68): warning CS1591: Missing XML comment for publicly visible type or member 'Analytics.AdditionalProperties' [/home/lysander/repos/bannou/bannou-service/bannou-service.csproj]
/home/lysander/repos/bannou/bannou-service/Generated/Models/WebsiteModels.cs(840,22): warning CS1591: Missing XML comment for publicly visible type or member 'CustomScripts' [/home/lysander/repos/bannou/bannou-service/bannou-service.csproj]
/home/lysander/repos/bannou/bannou-service/Generated/Models/WebsiteModels.cs(844,20): warning CS1591: Missing XML comment for publicly visible type or member 'CustomScripts.Head' [/home/lysander/repos/bannou/bannou-service/bannou-service.csproj]
/home/lysander/repos/bannou/bannou-service/Generated/Models/WebsiteModels.cs(847,20): warning CS1591: Missing XML comment for publicly visible type or member 'CustomScripts.BodyStart' [/home/lysander/repos/bannou/bannou-service/bannou-service.csproj]
/home/lysander/repos/bannou/bannou-service/Generated/Models/WebsiteModels.cs(850,20): warning CS1591: Missing XML comment for publicly visible type or member 'CustomScripts.BodyEnd' [/home/lysander/repos/bannou/bannou-service/bannou-service.csproj]
/home/lysander/repos/bannou/bannou-service/Generated/Models/WebsiteModels.cs(855,68): warning CS1591: Missing XML comment for publicly visible type or member 'CustomScripts.AdditionalProperties' [/home/lysander/repos/bannou/bannou-service/bannou-service.csproj]
/home/lysander/repos/bannou/bannou-service/Generated/Models/WebsiteModels.cs(864,22): warning CS1591: Missing XML comment for publicly visible type or member 'Logo' [/home/lysander/repos/bannou/bannou-service/bannou-service.csproj]
/home/lysander/repos/bannou/bannou-service/Generated/Models/WebsiteModels.cs(868,23): warning CS1591: Missing XML comment for publicly visible type or member 'Logo.Url' [/home/lysander/repos/bannou/bannou-service/bannou-service.csproj]
/home/lysander/repos/bannou/bannou-service/Generated/Models/WebsiteModels.cs(871,19): warning CS1591: Missing XML comment for publicly visible type or member 'Logo.Alt' [/home/lysander/repos/bannou/bannou-service/bannou-service.csproj]
/home/lysander/repos/bannou/bannou-service/Generated/Models/WebsiteModels.cs(876,68): warning CS1591: Missing XML comment for publicly visible type or member 'Logo.AdditionalProperties' [/home/lysander/repos/bannou/bannou-service/bannou-service.csproj]
/home/lysander/repos/bannou/bannou-service/Generated/Models/WebsiteModels.cs(885,13): warning CS1591: Missing XML comment for publicly visible type or member 'NavigationItemTarget' [/home/lysander/repos/bannou/bannou-service/bannou-service.csproj]
/home/lysander/repos/bannou/bannou-service/Generated/Models/WebsiteModels.cs(889,5): warning CS1591: Missing XML comment for publicly visible type or member 'NavigationItemTarget._self' [/home/lysander/repos/bannou/bannou-service/bannou-service.csproj]
/home/lysander/repos/bannou/bannou-service/Generated/Models/WebsiteModels.cs(892,5): warning CS1591: Missing XML comment for publicly visible type or member 'NavigationItemTarget._blank' [/home/lysander/repos/bannou/bannou-service/bannou-service.csproj]
/home/lysander/repos/bannou/bannou-service/Generated/Models/WebsiteModels.cs(897,13): warning CS1591: Missing XML comment for publicly visible type or member 'ServerStatusResponseGlobalStatus' [/home/lysander/repos/bannou/bannou-service/bannou-service.csproj]
/home/lysander/repos/bannou/bannou-service/Generated/Models/WebsiteModels.cs(901,5): warning CS1591: Missing XML comment for publicly visible type or member 'ServerStatusResponseGlobalStatus.Online' [/home/lysander/repos/bannou/bannou-service/bannou-service.csproj]
/home/lysander/repos/bannou/bannou-service/Generated/Models/WebsiteModels.cs(904,5): warning CS1591: Missing XML comment for publicly visible type or member 'ServerStatusResponseGlobalStatus.Partial' [/home/lysander/repos/bannou/bannou-service/bannou-service.csproj]
/home/lysander/repos/bannou/bannou-service/Generated/Models/WebsiteModels.cs(907,5): warning CS1591: Missing XML comment for publicly visible type or member 'ServerStatusResponseGlobalStatus.Offline' [/home/lysander/repos/bannou/bannou-service/bannou-service.csproj]
/home/lysander/repos/bannou/bannou-service/Generated/Models/WebsiteModels.cs(910,5): warning CS1591: Missing XML comment for publicly visible type or member 'ServerStatusResponseGlobalStatus.Maintenance' [/home/lysander/repos/bannou/bannou-service/bannou-service.csproj]
/home/lysander/repos/bannou/bannou-service/Generated/Models/WebsiteModels.cs(915,13): warning CS1591: Missing XML comment for publicly visible type or member 'RealmStatusStatus' [/home/lysander/repos/bannou/bannou-service/bannou-service.csproj]
/home/lysander/repos/bannou/bannou-service/Generated/Models/WebsiteModels.cs(919,5): warning CS1591: Missing XML comment for publicly visible type or member 'RealmStatusStatus.Online' [/home/lysander/repos/bannou/bannou-service/bannou-service.csproj]
/home/lysander/repos/bannou/bannou-service/Generated/Models/WebsiteModels.cs(922,5): warning CS1591: Missing XML comment for publicly visible type or member 'RealmStatusStatus.Offline' [/home/lysander/repos/bannou/bannou-service/bannou-service.csproj]
/home/lysander/repos/bannou/bannou-service/Generated/Models/WebsiteModels.cs(925,5): warning CS1591: Missing XML comment for publicly visible type or member 'RealmStatusStatus.Maintenance' [/home/lysander/repos/bannou/bannou-service/bannou-service.csproj]
/home/lysander/repos/bannou/bannou-service/Generated/Models/WebsiteModels.cs(928,5): warning CS1591: Missing XML comment for publicly visible type or member 'RealmStatusStatus.Full' [/home/lysander/repos/bannou/bannou-service/bannou-service.csproj]
/home/lysander/repos/bannou/bannou-service/Generated/Models/WebsiteModels.cs(933,13): warning CS1591: Missing XML comment for publicly visible type or member 'RealmStatusPopulation' [/home/lysander/repos/bannou/bannou-service/bannou-service.csproj]
/home/lysander/repos/bannou/bannou-service/Generated/Models/WebsiteModels.cs(937,5): warning CS1591: Missing XML comment for publicly visible type or member 'RealmStatusPopulation.Low' [/home/lysander/repos/bannou/bannou-service/bannou-service.csproj]
/home/lysander/repos/bannou/bannou-service/Generated/Models/WebsiteModels.cs(940,5): warning CS1591: Missing XML comment for publicly visible type or member 'RealmStatusPopulation.Medium' [/home/lysander/repos/bannou/bannou-service/bannou-service.csproj]
/home/lysander/repos/bannou/bannou-service/Generated/Models/WebsiteModels.cs(943,5): warning CS1591: Missing XML comment for publicly visible type or member 'RealmStatusPopulation.High' [/home/lysander/repos/bannou/bannou-service/bannou-service.csproj]
/home/lysander/repos/bannou/bannou-service/Generated/Models/WebsiteModels.cs(946,5): warning CS1591: Missing XML comment for publicly visible type or member 'RealmStatusPopulation.Full' [/home/lysander/repos/bannou/bannou-service/bannou-service.csproj]
/home/lysander/repos/bannou/bannou-service/Generated/Models/WebsiteModels.cs(951,13): warning CS1591: Missing XML comment for publicly visible type or member 'DownloadInfoPlatform' [/home/lysander/repos/bannou/bannou-service/bannou-service.csproj]
/home/lysander/repos/bannou/bannou-service/Generated/Models/WebsiteModels.cs(955,5): warning CS1591: Missing XML comment for publicly visible type or member 'DownloadInfoPlatform.Windows' [/home/lysander/repos/bannou/bannou-service/bannou-service.csproj]
/home/lysander/repos/bannou/bannou-service/Generated/Models/WebsiteModels.cs(958,5): warning CS1591: Missing XML comment for publicly visible type or member 'DownloadInfoPlatform.Macos' [/home/lysander/repos/bannou/bannou-service/bannou-service.csproj]
/home/lysander/repos/bannou/bannou-service/Generated/Models/WebsiteModels.cs(961,5): warning CS1591: Missing XML comment for publicly visible type or member 'DownloadInfoPlatform.Linux' [/home/lysander/repos/bannou/bannou-service/bannou-service.csproj]
/home/lysander/repos/bannou/bannou-service/Generated/Models/WebsiteModels.cs(966,13): warning CS1591: Missing XML comment for publicly visible type or member 'ContactRequestCategory' [/home/lysander/repos/bannou/bannou-service/bannou-service.csproj]
/home/lysander/repos/bannou/bannou-service/Generated/Models/WebsiteModels.cs(970,5): warning CS1591: Missing XML comment for publicly visible type or member 'ContactRequestCategory.General' [/home/lysander/repos/bannou/bannou-service/bannou-service.csproj]
/home/lysander/repos/bannou/bannou-service/Generated/Models/WebsiteModels.cs(973,5): warning CS1591: Missing XML comment for publicly visible type or member 'ContactRequestCategory.Support' [/home/lysander/repos/bannou/bannou-service/bannou-service.csproj]
/home/lysander/repos/bannou/bannou-service/Generated/Models/WebsiteModels.cs(976,5): warning CS1591: Missing XML comment for publicly visible type or member 'ContactRequestCategory.Bug' [/home/lysander/repos/bannou/bannou-service/bannou-service.csproj]
/home/lysander/repos/bannou/bannou-service/Generated/Models/WebsiteModels.cs(979,5): warning CS1591: Missing XML comment for publicly visible type or member 'ContactRequestCategory.Feedback' [/home/lysander/repos/bannou/bannou-service/bannou-service.csproj]
/home/lysander/repos/bannou/bannou-service/Generated/Models/WebsiteModels.cs(982,5): warning CS1591: Missing XML comment for publicly visible type or member 'ContactRequestCategory.Business' [/home/lysander/repos/bannou/bannou-service/bannou-service.csproj]
/home/lysander/repos/bannou/bannou-service/Generated/Models/WebsiteModels.cs(987,13): warning CS1591: Missing XML comment for publicly visible type or member 'SubscriptionResponseStatus' [/home/lysander/repos/bannou/bannou-service/bannou-service.csproj]
/home/lysander/repos/bannou/bannou-service/Generated/Models/WebsiteModels.cs(991,5): warning CS1591: Missing XML comment for publicly visible type or member 'SubscriptionResponseStatus.Active' [/home/lysander/repos/bannou/bannou-service/bannou-service.csproj]
/home/lysander/repos/bannou/bannou-service/Generated/Models/WebsiteModels.cs(994,5): warning CS1591: Missing XML comment for publicly visible type or member 'SubscriptionResponseStatus.Inactive' [/home/lysander/repos/bannou/bannou-service/bannou-service.csproj]
/home/lysander/repos/bannou/bannou-service/Generated/Models/WebsiteModels.cs(997,5): warning CS1591: Missing XML comment for publicly visible type or member 'SubscriptionResponseStatus.Trial' [/home/lysander/repos/bannou/bannou-service/bannou-service.csproj]
/home/lysander/repos/bannou/bannou-service/Generated/Models/WebsiteModels.cs(1000,5): warning CS1591: Missing XML comment for publicly visible type or member 'SubscriptionResponseStatus.Expired' [/home/lysander/repos/bannou/bannou-service/bannou-service.csproj]
/home/lysander/repos/bannou/bannou-service/Generated/Models/WebsiteModels.cs(1005,13): warning CS1591: Missing XML comment for publicly visible type or member 'SubscriptionResponseType' [/home/lysander/repos/bannou/bannou-service/bannou-service.csproj]
/home/lysander/repos/bannou/bannou-service/Generated/Models/WebsiteModels.cs(1009,5): warning CS1591: Missing XML comment for publicly visible type or member 'SubscriptionResponseType.Free' [/home/lysander/repos/bannou/bannou-service/bannou-service.csproj]
/home/lysander/repos/bannou/bannou-service/Generated/Models/WebsiteModels.cs(1012,5): warning CS1591: Missing XML comment for publicly visible type or member 'SubscriptionResponseType.Basic' [/home/lysander/repos/bannou/bannou-service/bannou-service.csproj]
/home/lysander/repos/bannou/bannou-service/Generated/Models/WebsiteModels.cs(1015,5): warning CS1591: Missing XML comment for publicly visible type or member 'SubscriptionResponseType.Premium' [/home/lysander/repos/bannou/bannou-service/bannou-service.csproj]
/home/lysander/repos/bannou/bannou-service/Generated/Models/WebsiteModels.cs(1018,5): warning CS1591: Missing XML comment for publicly visible type or member 'SubscriptionResponseType.Lifetime' [/home/lysander/repos/bannou/bannou-service/bannou-service.csproj]
  bannou-service -> /home/lysander/repos/bannou/bannou-service/bin/Debug/net9.0/bannou-service.dll
  lib-messaging -> /home/lysander/repos/bannou/lib-messaging/bin/Debug/net9.0/lib-messaging.dll
  lib-mesh -> /home/lysander/repos/bannou/lib-mesh/bin/Debug/net9.0/lib-mesh.dll
  lib-voice -> /home/lysander/repos/bannou/lib-voice/bin/Debug/net9.0/lib-voice.dll
  lib-state -> /home/lysander/repos/bannou/lib-state/bin/Debug/net9.0/lib-state.dll
  lib-testing -> /home/lysander/repos/bannou/lib-testing/bin/Debug/net9.0/lib-testing.dll
  lib-website -> /home/lysander/repos/bannou/lib-website/bin/Debug/net9.0/lib-website.dll
  lib-mesh.tests -> /home/lysander/repos/bannou/lib-mesh.tests/bin/Debug/net9.0/lib-mesh.tests.dll
  lib-messaging.tests -> /home/lysander/repos/bannou/lib-messaging.tests/bin/Debug/net9.0/lib-messaging.tests.dll
  lib-voice.tests -> /home/lysander/repos/bannou/lib-voice.tests/bin/Debug/net9.0/lib-voice.tests.dll
  lib-asset -> /home/lysander/repos/bannou/lib-asset/bin/Debug/net9.0/lib-asset.dll
  lib-website.tests -> /home/lysander/repos/bannou/lib-website.tests/bin/Debug/net9.0/lib-website.tests.dll
  lib-character -> /home/lysander/repos/bannou/lib-character/bin/Debug/net9.0/lib-character.dll
  lib-realm -> /home/lysander/repos/bannou/lib-realm/bin/Debug/net9.0/lib-realm.dll
  lib-species -> /home/lysander/repos/bannou/lib-species/bin/Debug/net9.0/lib-species.dll
  lib-servicedata -> /home/lysander/repos/bannou/lib-servicedata/bin/Debug/net9.0/lib-servicedata.dll
  lib-game-session -> /home/lysander/repos/bannou/lib-game-session/bin/Debug/net9.0/lib-game-session.dll
  lib-relationship -> /home/lysander/repos/bannou/lib-relationship/bin/Debug/net9.0/lib-relationship.dll
  lib-documentation -> /home/lysander/repos/bannou/lib-documentation/bin/Debug/net9.0/lib-documentation.dll
  lib-accounts -> /home/lysander/repos/bannou/lib-accounts/bin/Debug/net9.0/lib-accounts.dll
  lib-behavior -> /home/lysander/repos/bannou/lib-behavior/bin/Debug/net9.0/lib-behavior.dll
  lib-relationship-type -> /home/lysander/repos/bannou/lib-relationship-type/bin/Debug/net9.0/lib-relationship-type.dll
  lib-relationship.tests -> /home/lysander/repos/bannou/lib-relationship.tests/bin/Debug/net9.0/lib-relationship.tests.dll
  lib-orchestrator -> /home/lysander/repos/bannou/lib-orchestrator/bin/Debug/net9.0/lib-orchestrator.dll
  lib-state.tests -> /home/lysander/repos/bannou/lib-state.tests/bin/Debug/net9.0/lib-state.tests.dll
  lib-orchestrator.tests -> /home/lysander/repos/bannou/lib-orchestrator.tests/bin/Debug/net9.0/lib-orchestrator.tests.dll
  lib-asset.tests -> /home/lysander/repos/bannou/lib-asset.tests/bin/Debug/net9.0/lib-asset.tests.dll
  lib-documentation.tests -> /home/lysander/repos/bannou/lib-documentation.tests/bin/Debug/net9.0/lib-documentation.tests.dll
  lib-game-session.tests -> /home/lysander/repos/bannou/lib-game-session.tests/bin/Debug/net9.0/lib-game-session.tests.dll
  lib-character.tests -> /home/lysander/repos/bannou/lib-character.tests/bin/Debug/net9.0/lib-character.tests.dll
  lib-species.tests -> /home/lysander/repos/bannou/lib-species.tests/bin/Debug/net9.0/lib-species.tests.dll
  lib-relationship-type.tests -> /home/lysander/repos/bannou/lib-relationship-type.tests/bin/Debug/net9.0/lib-relationship-type.tests.dll
  lib-subscriptions -> /home/lysander/repos/bannou/lib-subscriptions/bin/Debug/net9.0/lib-subscriptions.dll
  lib-behavior.tests -> /home/lysander/repos/bannou/lib-behavior.tests/bin/Debug/net9.0/lib-behavior.tests.dll
  lib-location -> /home/lysander/repos/bannou/lib-location/bin/Debug/net9.0/lib-location.dll
  lib-realm.tests -> /home/lysander/repos/bannou/lib-realm.tests/bin/Debug/net9.0/lib-realm.tests.dll
  unit-tests -> /home/lysander/repos/bannou/unit-tests/bin/Debug/net9.0/unit-tests.dll
  lib-servicedata.tests -> /home/lysander/repos/bannou/lib-servicedata.tests/bin/Debug/net9.0/lib-servicedata.tests.dll
  lib-accounts.tests -> /home/lysander/repos/bannou/lib-accounts.tests/bin/Debug/net9.0/lib-accounts.tests.dll
  lib-auth -> /home/lysander/repos/bannou/lib-auth/bin/Debug/net9.0/lib-auth.dll
  lib-subscriptions.tests -> /home/lysander/repos/bannou/lib-subscriptions.tests/bin/Debug/net9.0/lib-subscriptions.tests.dll
  lib-connect -> /home/lysander/repos/bannou/lib-connect/bin/Debug/net9.0/lib-connect.dll
  lib-permissions -> /home/lysander/repos/bannou/lib-permissions/bin/Debug/net9.0/lib-permissions.dll
  lib-auth.tests -> /home/lysander/repos/bannou/lib-auth.tests/bin/Debug/net9.0/lib-auth.tests.dll
  lib-connect.tests -> /home/lysander/repos/bannou/lib-connect.tests/bin/Debug/net9.0/lib-connect.tests.dll
  lib-location.tests -> /home/lysander/repos/bannou/lib-location.tests/bin/Debug/net9.0/lib-location.tests.dll
  lib-permissions.tests -> /home/lysander/repos/bannou/lib-permissions.tests/bin/Debug/net9.0/lib-permissions.tests.dll

Build succeeded.

/home/lysander/repos/bannou/bannou-service/Generated/Clients/ConnectClient.cs(468,17): warning CS0472: The result of the expression is always 'false' since a value of type 'Connection' is never equal to 'null' of type 'Connection?' [/home/lysander/repos/bannou/Bannou.SDK/Bannou.SDK.csproj::TargetFramework=net9.0]
/home/lysander/repos/bannou/bannou-service/Generated/Clients/ConnectClient.cs(472,17): warning CS0472: The result of the expression is always 'false' since a value of type 'Upgrade' is never equal to 'null' of type 'Upgrade?' [/home/lysander/repos/bannou/Bannou.SDK/Bannou.SDK.csproj::TargetFramework=net9.0]
/home/lysander/repos/bannou/bannou-service/Generated/Clients/ConnectClient.cs(589,17): warning CS0472: The result of the expression is always 'false' since a value of type 'Connection2' is never equal to 'null' of type 'Connection2?' [/home/lysander/repos/bannou/Bannou.SDK/Bannou.SDK.csproj::TargetFramework=net9.0]
/home/lysander/repos/bannou/bannou-service/Generated/Clients/ConnectClient.cs(593,17): warning CS0472: The result of the expression is always 'false' since a value of type 'Upgrade2' is never equal to 'null' of type 'Upgrade2?' [/home/lysander/repos/bannou/Bannou.SDK/Bannou.SDK.csproj::TargetFramework=net9.0]
/home/lysander/repos/bannou/bannou-service/Generated/Clients/AuthClient.cs(456,13): warning CS0472: The result of the expression is always 'false' since a value of type 'Provider' is never equal to 'null' of type 'Provider?' [/home/lysander/repos/bannou/Bannou.SDK/Bannou.SDK.csproj::TargetFramework=net9.0]
/home/lysander/repos/bannou/bannou-service/Generated/Clients/AuthClient.cs(552,13): warning CS0472: The result of the expression is always 'false' since a value of type 'Provider' is never equal to 'null' of type 'Provider?' [/home/lysander/repos/bannou/Bannou.SDK/Bannou.SDK.csproj::TargetFramework=net9.0]
/home/lysander/repos/bannou/bannou-service/Generated/Events/BehaviorLifecycleEvents.cs(32,19): warning CS1591: Missing XML comment for publicly visible type or member 'BehaviorCreatedEvent.BehaviorId' [/home/lysander/repos/bannou/Bannou.SDK/Bannou.SDK.csproj::TargetFramework=net9.0]
/home/lysander/repos/bannou/bannou-service/Generated/Events/BehaviorLifecycleEvents.cs(37,19): warning CS1591: Missing XML comment for publicly visible type or member 'BehaviorCreatedEvent.Name' [/home/lysander/repos/bannou/Bannou.SDK/Bannou.SDK.csproj::TargetFramework=net9.0]
/home/lysander/repos/bannou/bannou-service/Generated/Events/BehaviorLifecycleEvents.cs(40,19): warning CS1591: Missing XML comment for publicly visible type or member 'BehaviorCreatedEvent.Category' [/home/lysander/repos/bannou/Bannou.SDK/Bannou.SDK.csproj::TargetFramework=net9.0]
/home/lysander/repos/bannou/bannou-service/Generated/Events/BehaviorLifecycleEvents.cs(43,19): warning CS1591: Missing XML comment for publicly visible type or member 'BehaviorCreatedEvent.BundleId' [/home/lysander/repos/bannou/Bannou.SDK/Bannou.SDK.csproj::TargetFramework=net9.0]
/home/lysander/repos/bannou/bannou-service/Generated/Events/BehaviorLifecycleEvents.cs(46,19): warning CS1591: Missing XML comment for publicly visible type or member 'BehaviorCreatedEvent.AssetId' [/home/lysander/repos/bannou/Bannou.SDK/Bannou.SDK.csproj::TargetFramework=net9.0]
/home/lysander/repos/bannou/bannou-service/Generated/Events/BehaviorLifecycleEvents.cs(49,16): warning CS1591: Missing XML comment for publicly visible type or member 'BehaviorCreatedEvent.BytecodeSize' [/home/lysander/repos/bannou/Bannou.SDK/Bannou.SDK.csproj::TargetFramework=net9.0]
/home/lysander/repos/bannou/bannou-service/Generated/Events/BehaviorLifecycleEvents.cs(52,19): warning CS1591: Missing XML comment for publicly visible type or member 'BehaviorCreatedEvent.SchemaVersion' [/home/lysander/repos/bannou/Bannou.SDK/Bannou.SDK.csproj::TargetFramework=net9.0]
/home/lysander/repos/bannou/bannou-service/Generated/Events/BehaviorLifecycleEvents.cs(57,34): warning CS1591: Missing XML comment for publicly visible type or member 'BehaviorCreatedEvent.CreatedAt' [/home/lysander/repos/bannou/Bannou.SDK/Bannou.SDK.csproj::TargetFramework=net9.0]
/home/lysander/repos/bannou/bannou-service/Generated/Events/BehaviorLifecycleEvents.cs(60,34): warning CS1591: Missing XML comment for publicly visible type or member 'BehaviorCreatedEvent.UpdatedAt' [/home/lysander/repos/bannou/Bannou.SDK/Bannou.SDK.csproj::TargetFramework=net9.0]
/home/lysander/repos/bannou/bannou-service/Generated/Events/BehaviorLifecycleEvents.cs(82,19): warning CS1591: Missing XML comment for publicly visible type or member 'BehaviorUpdatedEvent.BehaviorId' [/home/lysander/repos/bannou/Bannou.SDK/Bannou.SDK.csproj::TargetFramework=net9.0]
/home/lysander/repos/bannou/bannou-service/Generated/Events/BehaviorLifecycleEvents.cs(87,19): warning CS1591: Missing XML comment for publicly visible type or member 'BehaviorUpdatedEvent.Name' [/home/lysander/repos/bannou/Bannou.SDK/Bannou.SDK.csproj::TargetFramework=net9.0]
/home/lysander/repos/bannou/bannou-service/Generated/Events/BehaviorLifecycleEvents.cs(90,19): warning CS1591: Missing XML comment for publicly visible type or member 'BehaviorUpdatedEvent.Category' [/home/lysander/repos/bannou/Bannou.SDK/Bannou.SDK.csproj::TargetFramework=net9.0]
/home/lysander/repos/bannou/bannou-service/Generated/Events/BehaviorLifecycleEvents.cs(93,19): warning CS1591: Missing XML comment for publicly visible type or member 'BehaviorUpdatedEvent.BundleId' [/home/lysander/repos/bannou/Bannou.SDK/Bannou.SDK.csproj::TargetFramework=net9.0]
/home/lysander/repos/bannou/bannou-service/Generated/Events/BehaviorLifecycleEvents.cs(96,19): warning CS1591: Missing XML comment for publicly visible type or member 'BehaviorUpdatedEvent.AssetId' [/home/lysander/repos/bannou/Bannou.SDK/Bannou.SDK.csproj::TargetFramework=net9.0]
/home/lysander/repos/bannou/bannou-service/Generated/Events/BehaviorLifecycleEvents.cs(99,16): warning CS1591: Missing XML comment for publicly visible type or member 'BehaviorUpdatedEvent.BytecodeSize' [/home/lysander/repos/bannou/Bannou.SDK/Bannou.SDK.csproj::TargetFramework=net9.0]
/home/lysander/repos/bannou/bannou-service/Generated/Events/BehaviorLifecycleEvents.cs(102,19): warning CS1591: Missing XML comment for publicly visible type or member 'BehaviorUpdatedEvent.SchemaVersion' [/home/lysander/repos/bannou/Bannou.SDK/Bannou.SDK.csproj::TargetFramework=net9.0]
/home/lysander/repos/bannou/bannou-service/Generated/Events/BehaviorLifecycleEvents.cs(107,34): warning CS1591: Missing XML comment for publicly visible type or member 'BehaviorUpdatedEvent.CreatedAt' [/home/lysander/repos/bannou/Bannou.SDK/Bannou.SDK.csproj::TargetFramework=net9.0]
/home/lysander/repos/bannou/bannou-service/Generated/Events/BehaviorLifecycleEvents.cs(110,34): warning CS1591: Missing XML comment for publicly visible type or member 'BehaviorUpdatedEvent.UpdatedAt' [/home/lysander/repos/bannou/Bannou.SDK/Bannou.SDK.csproj::TargetFramework=net9.0]
/home/lysander/repos/bannou/bannou-service/Generated/Events/BehaviorLifecycleEvents.cs(140,19): warning CS1591: Missing XML comment for publicly visible type or member 'BehaviorDeletedEvent.BehaviorId' [/home/lysander/repos/bannou/Bannou.SDK/Bannou.SDK.csproj::TargetFramework=net9.0]
/home/lysander/repos/bannou/bannou-service/Generated/Events/BehaviorLifecycleEvents.cs(145,19): warning CS1591: Missing XML comment for publicly visible type or member 'BehaviorDeletedEvent.Name' [/home/lysander/repos/bannou/Bannou.SDK/Bannou.SDK.csproj::TargetFramework=net9.0]
/home/lysander/repos/bannou/bannou-service/Generated/Events/BehaviorLifecycleEvents.cs(148,19): warning CS1591: Missing XML comment for publicly visible type or member 'BehaviorDeletedEvent.Category' [/home/lysander/repos/bannou/Bannou.SDK/Bannou.SDK.csproj::TargetFramework=net9.0]
/home/lysander/repos/bannou/bannou-service/Generated/Events/BehaviorLifecycleEvents.cs(151,19): warning CS1591: Missing XML comment for publicly visible type or member 'BehaviorDeletedEvent.BundleId' [/home/lysander/repos/bannou/Bannou.SDK/Bannou.SDK.csproj::TargetFramework=net9.0]
/home/lysander/repos/bannou/bannou-service/Generated/Events/BehaviorLifecycleEvents.cs(154,19): warning CS1591: Missing XML comment for publicly visible type or member 'BehaviorDeletedEvent.AssetId' [/home/lysander/repos/bannou/Bannou.SDK/Bannou.SDK.csproj::TargetFramework=net9.0]
/home/lysander/repos/bannou/bannou-service/Generated/Events/BehaviorLifecycleEvents.cs(157,16): warning CS1591: Missing XML comment for publicly visible type or member 'BehaviorDeletedEvent.BytecodeSize' [/home/lysander/repos/bannou/Bannou.SDK/Bannou.SDK.csproj::TargetFramework=net9.0]
/home/lysander/repos/bannou/bannou-service/Generated/Events/BehaviorLifecycleEvents.cs(160,19): warning CS1591: Missing XML comment for publicly visible type or member 'BehaviorDeletedEvent.SchemaVersion' [/home/lysander/repos/bannou/Bannou.SDK/Bannou.SDK.csproj::TargetFramework=net9.0]
/home/lysander/repos/bannou/bannou-service/Generated/Events/BehaviorLifecycleEvents.cs(165,34): warning CS1591: Missing XML comment for publicly visible type or member 'BehaviorDeletedEvent.CreatedAt' [/home/lysander/repos/bannou/Bannou.SDK/Bannou.SDK.csproj::TargetFramework=net9.0]
/home/lysander/repos/bannou/bannou-service/Generated/Events/BehaviorLifecycleEvents.cs(168,34): warning CS1591: Missing XML comment for publicly visible type or member 'BehaviorDeletedEvent.UpdatedAt' [/home/lysander/repos/bannou/Bannou.SDK/Bannou.SDK.csproj::TargetFramework=net9.0]
/home/lysander/repos/bannou/bannou-service/Generated/Events/RelationshipTypeLifecycleEvents.cs(32,24): warning CS1591: Missing XML comment for publicly visible type or member 'RelationshipTypeCreatedEvent.RelationshipTypeId' [/home/lysander/repos/bannou/Bannou.SDK/Bannou.SDK.csproj::TargetFramework=net9.0]
/home/lysander/repos/bannou/bannou-service/Generated/Events/RelationshipTypeLifecycleEvents.cs(37,19): warning CS1591: Missing XML comment for publicly visible type or member 'RelationshipTypeCreatedEvent.Code' [/home/lysander/repos/bannou/Bannou.SDK/Bannou.SDK.csproj::TargetFramework=net9.0]
/home/lysander/repos/bannou/bannou-service/Generated/Events/RelationshipTypeLifecycleEvents.cs(42,19): warning CS1591: Missing XML comment for publicly visible type or member 'RelationshipTypeCreatedEvent.Name' [/home/lysander/repos/bannou/Bannou.SDK/Bannou.SDK.csproj::TargetFramework=net9.0]
/home/lysander/repos/bannou/bannou-service/Generated/Events/RelationshipTypeLifecycleEvents.cs(45,19): warning CS1591: Missing XML comment for publicly visible type or member 'RelationshipTypeCreatedEvent.Description' [/home/lysander/repos/bannou/Bannou.SDK/Bannou.SDK.csproj::TargetFramework=net9.0]
/home/lysander/repos/bannou/bannou-service/Generated/Events/RelationshipTypeLifecycleEvents.cs(48,19): warning CS1591: Missing XML comment for publicly visible type or member 'RelationshipTypeCreatedEvent.Category' [/home/lysander/repos/bannou/Bannou.SDK/Bannou.SDK.csproj::TargetFramework=net9.0]
/home/lysander/repos/bannou/bannou-service/Generated/Events/RelationshipTypeLifecycleEvents.cs(51,24): warning CS1591: Missing XML comment for publicly visible type or member 'RelationshipTypeCreatedEvent.ParentTypeId' [/home/lysander/repos/bannou/Bannou.SDK/Bannou.SDK.csproj::TargetFramework=net9.0]
/home/lysander/repos/bannou/bannou-service/Generated/Events/RelationshipTypeLifecycleEvents.cs(54,19): warning CS1591: Missing XML comment for publicly visible type or member 'RelationshipTypeCreatedEvent.ParentTypeCode' [/home/lysander/repos/bannou/Bannou.SDK/Bannou.SDK.csproj::TargetFramework=net9.0]
/home/lysander/repos/bannou/bannou-service/Generated/Events/RelationshipTypeLifecycleEvents.cs(57,24): warning CS1591: Missing XML comment for publicly visible type or member 'RelationshipTypeCreatedEvent.InverseTypeId' [/home/lysander/repos/bannou/Bannou.SDK/Bannou.SDK.csproj::TargetFramework=net9.0]
/home/lysander/repos/bannou/bannou-service/Generated/Events/RelationshipTypeLifecycleEvents.cs(60,19): warning CS1591: Missing XML comment for publicly visible type or member 'RelationshipTypeCreatedEvent.InverseTypeCode' [/home/lysander/repos/bannou/Bannou.SDK/Bannou.SDK.csproj::TargetFramework=net9.0]
/home/lysander/repos/bannou/bannou-service/Generated/Events/RelationshipTypeLifecycleEvents.cs(63,17): warning CS1591: Missing XML comment for publicly visible type or member 'RelationshipTypeCreatedEvent.IsBidirectional' [/home/lysander/repos/bannou/Bannou.SDK/Bannou.SDK.csproj::TargetFramework=net9.0]
/home/lysander/repos/bannou/bannou-service/Generated/Events/RelationshipTypeLifecycleEvents.cs(66,17): warning CS1591: Missing XML comment for publicly visible type or member 'RelationshipTypeCreatedEvent.IsDeprecated' [/home/lysander/repos/bannou/Bannou.SDK/Bannou.SDK.csproj::TargetFramework=net9.0]
/home/lysander/repos/bannou/bannou-service/Generated/Events/RelationshipTypeLifecycleEvents.cs(69,34): warning CS1591: Missing XML comment for publicly visible type or member 'RelationshipTypeCreatedEvent.DeprecatedAt' [/home/lysander/repos/bannou/Bannou.SDK/Bannou.SDK.csproj::TargetFramework=net9.0]
/home/lysander/repos/bannou/bannou-service/Generated/Events/RelationshipTypeLifecycleEvents.cs(72,19): warning CS1591: Missing XML comment for publicly visible type or member 'RelationshipTypeCreatedEvent.DeprecationReason' [/home/lysander/repos/bannou/Bannou.SDK/Bannou.SDK.csproj::TargetFramework=net9.0]
/home/lysander/repos/bannou/bannou-service/Generated/Events/RelationshipTypeLifecycleEvents.cs(75,16): warning CS1591: Missing XML comment for publicly visible type or member 'RelationshipTypeCreatedEvent.Depth' [/home/lysander/repos/bannou/Bannou.SDK/Bannou.SDK.csproj::TargetFramework=net9.0]
/home/lysander/repos/bannou/bannou-service/Generated/Events/RelationshipTypeLifecycleEvents.cs(78,19): warning CS1591: Missing XML comment for publicly visible type or member 'RelationshipTypeCreatedEvent.Metadata' [/home/lysander/repos/bannou/Bannou.SDK/Bannou.SDK.csproj::TargetFramework=net9.0]
/home/lysander/repos/bannou/bannou-service/Generated/Events/RelationshipTypeLifecycleEvents.cs(83,34): warning CS1591: Missing XML comment for publicly visible type or member 'RelationshipTypeCreatedEvent.CreatedAt' [/home/lysander/repos/bannou/Bannou.SDK/Bannou.SDK.csproj::TargetFramework=net9.0]
/home/lysander/repos/bannou/bannou-service/Generated/Events/RelationshipTypeLifecycleEvents.cs(88,34): warning CS1591: Missing XML comment for publicly visible type or member 'RelationshipTypeCreatedEvent.UpdatedAt' [/home/lysander/repos/bannou/Bannou.SDK/Bannou.SDK.csproj::TargetFramework=net9.0]
/home/lysander/repos/bannou/bannou-service/Generated/Events/RelationshipTypeLifecycleEvents.cs(110,24): warning CS1591: Missing XML comment for publicly visible type or member 'RelationshipTypeUpdatedEvent.RelationshipTypeId' [/home/lysander/repos/bannou/Bannou.SDK/Bannou.SDK.csproj::TargetFramework=net9.0]
/home/lysander/repos/bannou/bannou-service/Generated/Events/RelationshipTypeLifecycleEvents.cs(115,19): warning CS1591: Missing XML comment for publicly visible type or member 'RelationshipTypeUpdatedEvent.Code' [/home/lysander/repos/bannou/Bannou.SDK/Bannou.SDK.csproj::TargetFramework=net9.0]
/home/lysander/repos/bannou/bannou-service/Generated/Events/RelationshipTypeLifecycleEvents.cs(120,19): warning CS1591: Missing XML comment for publicly visible type or member 'RelationshipTypeUpdatedEvent.Name' [/home/lysander/repos/bannou/Bannou.SDK/Bannou.SDK.csproj::TargetFramework=net9.0]
/home/lysander/repos/bannou/bannou-service/Generated/Events/RelationshipTypeLifecycleEvents.cs(123,19): warning CS1591: Missing XML comment for publicly visible type or member 'RelationshipTypeUpdatedEvent.Description' [/home/lysander/repos/bannou/Bannou.SDK/Bannou.SDK.csproj::TargetFramework=net9.0]
/home/lysander/repos/bannou/bannou-service/Generated/Events/RelationshipTypeLifecycleEvents.cs(126,19): warning CS1591: Missing XML comment for publicly visible type or member 'RelationshipTypeUpdatedEvent.Category' [/home/lysander/repos/bannou/Bannou.SDK/Bannou.SDK.csproj::TargetFramework=net9.0]
/home/lysander/repos/bannou/bannou-service/Generated/Events/RelationshipTypeLifecycleEvents.cs(129,24): warning CS1591: Missing XML comment for publicly visible type or member 'RelationshipTypeUpdatedEvent.ParentTypeId' [/home/lysander/repos/bannou/Bannou.SDK/Bannou.SDK.csproj::TargetFramework=net9.0]
/home/lysander/repos/bannou/bannou-service/Generated/Events/RelationshipTypeLifecycleEvents.cs(132,19): warning CS1591: Missing XML comment for publicly visible type or member 'RelationshipTypeUpdatedEvent.ParentTypeCode' [/home/lysander/repos/bannou/Bannou.SDK/Bannou.SDK.csproj::TargetFramework=net9.0]
/home/lysander/repos/bannou/bannou-service/Generated/Events/RelationshipTypeLifecycleEvents.cs(135,24): warning CS1591: Missing XML comment for publicly visible type or member 'RelationshipTypeUpdatedEvent.InverseTypeId' [/home/lysander/repos/bannou/Bannou.SDK/Bannou.SDK.csproj::TargetFramework=net9.0]
/home/lysander/repos/bannou/bannou-service/Generated/Events/RelationshipTypeLifecycleEvents.cs(138,19): warning CS1591: Missing XML comment for publicly visible type or member 'RelationshipTypeUpdatedEvent.InverseTypeCode' [/home/lysander/repos/bannou/Bannou.SDK/Bannou.SDK.csproj::TargetFramework=net9.0]
/home/lysander/repos/bannou/bannou-service/Generated/Events/RelationshipTypeLifecycleEvents.cs(141,17): warning CS1591: Missing XML comment for publicly visible type or member 'RelationshipTypeUpdatedEvent.IsBidirectional' [/home/lysander/repos/bannou/Bannou.SDK/Bannou.SDK.csproj::TargetFramework=net9.0]
/home/lysander/repos/bannou/bannou-service/Generated/Events/RelationshipTypeLifecycleEvents.cs(144,17): warning CS1591: Missing XML comment for publicly visible type or member 'RelationshipTypeUpdatedEvent.IsDeprecated' [/home/lysander/repos/bannou/Bannou.SDK/Bannou.SDK.csproj::TargetFramework=net9.0]
/home/lysander/repos/bannou/bannou-service/Generated/Events/RelationshipTypeLifecycleEvents.cs(147,34): warning CS1591: Missing XML comment for publicly visible type or member 'RelationshipTypeUpdatedEvent.DeprecatedAt' [/home/lysander/repos/bannou/Bannou.SDK/Bannou.SDK.csproj::TargetFramework=net9.0]
/home/lysander/repos/bannou/bannou-service/Generated/Events/RelationshipTypeLifecycleEvents.cs(150,19): warning CS1591: Missing XML comment for publicly visible type or member 'RelationshipTypeUpdatedEvent.DeprecationReason' [/home/lysander/repos/bannou/Bannou.SDK/Bannou.SDK.csproj::TargetFramework=net9.0]
/home/lysander/repos/bannou/bannou-service/Generated/Events/RelationshipTypeLifecycleEvents.cs(153,16): warning CS1591: Missing XML comment for publicly visible type or member 'RelationshipTypeUpdatedEvent.Depth' [/home/lysander/repos/bannou/Bannou.SDK/Bannou.SDK.csproj::TargetFramework=net9.0]
/home/lysander/repos/bannou/bannou-service/Generated/Events/RelationshipTypeLifecycleEvents.cs(156,19): warning CS1591: Missing XML comment for publicly visible type or member 'RelationshipTypeUpdatedEvent.Metadata' [/home/lysander/repos/bannou/Bannou.SDK/Bannou.SDK.csproj::TargetFramework=net9.0]
/home/lysander/repos/bannou/bannou-service/Generated/Events/RelationshipTypeLifecycleEvents.cs(161,34): warning CS1591: Missing XML comment for publicly visible type or member 'RelationshipTypeUpdatedEvent.CreatedAt' [/home/lysander/repos/bannou/Bannou.SDK/Bannou.SDK.csproj::TargetFramework=net9.0]
/home/lysander/repos/bannou/bannou-service/Generated/Events/RelationshipTypeLifecycleEvents.cs(166,34): warning CS1591: Missing XML comment for publicly visible type or member 'RelationshipTypeUpdatedEvent.UpdatedAt' [/home/lysander/repos/bannou/Bannou.SDK/Bannou.SDK.csproj::TargetFramework=net9.0]
/home/lysander/repos/bannou/bannou-service/Generated/Events/RelationshipTypeLifecycleEvents.cs(196,24): warning CS1591: Missing XML comment for publicly visible type or member 'RelationshipTypeDeletedEvent.RelationshipTypeId' [/home/lysander/repos/bannou/Bannou.SDK/Bannou.SDK.csproj::TargetFramework=net9.0]
/home/lysander/repos/bannou/bannou-service/Generated/Events/RelationshipTypeLifecycleEvents.cs(201,19): warning CS1591: Missing XML comment for publicly visible type or member 'RelationshipTypeDeletedEvent.Code' [/home/lysander/repos/bannou/Bannou.SDK/Bannou.SDK.csproj::TargetFramework=net9.0]
/home/lysander/repos/bannou/bannou-service/Generated/Events/RelationshipTypeLifecycleEvents.cs(206,19): warning CS1591: Missing XML comment for publicly visible type or member 'RelationshipTypeDeletedEvent.Name' [/home/lysander/repos/bannou/Bannou.SDK/Bannou.SDK.csproj::TargetFramework=net9.0]
/home/lysander/repos/bannou/bannou-service/Generated/Events/RelationshipTypeLifecycleEvents.cs(209,19): warning CS1591: Missing XML comment for publicly visible type or member 'RelationshipTypeDeletedEvent.Description' [/home/lysander/repos/bannou/Bannou.SDK/Bannou.SDK.csproj::TargetFramework=net9.0]
/home/lysander/repos/bannou/bannou-service/Generated/Events/RelationshipTypeLifecycleEvents.cs(212,19): warning CS1591: Missing XML comment for publicly visible type or member 'RelationshipTypeDeletedEvent.Category' [/home/lysander/repos/bannou/Bannou.SDK/Bannou.SDK.csproj::TargetFramework=net9.0]
/home/lysander/repos/bannou/bannou-service/Generated/Events/RelationshipTypeLifecycleEvents.cs(215,24): warning CS1591: Missing XML comment for publicly visible type or member 'RelationshipTypeDeletedEvent.ParentTypeId' [/home/lysander/repos/bannou/Bannou.SDK/Bannou.SDK.csproj::TargetFramework=net9.0]
/home/lysander/repos/bannou/bannou-service/Generated/Events/RelationshipTypeLifecycleEvents.cs(218,19): warning CS1591: Missing XML comment for publicly visible type or member 'RelationshipTypeDeletedEvent.ParentTypeCode' [/home/lysander/repos/bannou/Bannou.SDK/Bannou.SDK.csproj::TargetFramework=net9.0]
/home/lysander/repos/bannou/bannou-service/Generated/Events/RelationshipTypeLifecycleEvents.cs(221,24): warning CS1591: Missing XML comment for publicly visible type or member 'RelationshipTypeDeletedEvent.InverseTypeId' [/home/lysander/repos/bannou/Bannou.SDK/Bannou.SDK.csproj::TargetFramework=net9.0]
/home/lysander/repos/bannou/bannou-service/Generated/Events/RelationshipTypeLifecycleEvents.cs(224,19): warning CS1591: Missing XML comment for publicly visible type or member 'RelationshipTypeDeletedEvent.InverseTypeCode' [/home/lysander/repos/bannou/Bannou.SDK/Bannou.SDK.csproj::TargetFramework=net9.0]
/home/lysander/repos/bannou/bannou-service/Generated/Events/RelationshipTypeLifecycleEvents.cs(227,17): warning CS1591: Missing XML comment for publicly visible type or member 'RelationshipTypeDeletedEvent.IsBidirectional' [/home/lysander/repos/bannou/Bannou.SDK/Bannou.SDK.csproj::TargetFramework=net9.0]
/home/lysander/repos/bannou/bannou-service/Generated/Events/RelationshipTypeLifecycleEvents.cs(230,17): warning CS1591: Missing XML comment for publicly visible type or member 'RelationshipTypeDeletedEvent.IsDeprecated' [/home/lysander/repos/bannou/Bannou.SDK/Bannou.SDK.csproj::TargetFramework=net9.0]
/home/lysander/repos/bannou/bannou-service/Generated/Events/RelationshipTypeLifecycleEvents.cs(233,34): warning CS1591: Missing XML comment for publicly visible type or member 'RelationshipTypeDeletedEvent.DeprecatedAt' [/home/lysander/repos/bannou/Bannou.SDK/Bannou.SDK.csproj::TargetFramework=net9.0]
/home/lysander/repos/bannou/bannou-service/Generated/Events/RelationshipTypeLifecycleEvents.cs(236,19): warning CS1591: Missing XML comment for publicly visible type or member 'RelationshipTypeDeletedEvent.DeprecationReason' [/home/lysander/repos/bannou/Bannou.SDK/Bannou.SDK.csproj::TargetFramework=net9.0]
/home/lysander/repos/bannou/bannou-service/Generated/Events/RelationshipTypeLifecycleEvents.cs(239,16): warning CS1591: Missing XML comment for publicly visible type or member 'RelationshipTypeDeletedEvent.Depth' [/home/lysander/repos/bannou/Bannou.SDK/Bannou.SDK.csproj::TargetFramework=net9.0]
/home/lysander/repos/bannou/bannou-service/Generated/Events/RelationshipTypeLifecycleEvents.cs(242,19): warning CS1591: Missing XML comment for publicly visible type or member 'RelationshipTypeDeletedEvent.Metadata' [/home/lysander/repos/bannou/Bannou.SDK/Bannou.SDK.csproj::TargetFramework=net9.0]
/home/lysander/repos/bannou/bannou-service/Generated/Events/RelationshipTypeLifecycleEvents.cs(247,34): warning CS1591: Missing XML comment for publicly visible type or member 'RelationshipTypeDeletedEvent.CreatedAt' [/home/lysander/repos/bannou/Bannou.SDK/Bannou.SDK.csproj::TargetFramework=net9.0]
/home/lysander/repos/bannou/bannou-service/Generated/Events/RelationshipTypeLifecycleEvents.cs(252,34): warning CS1591: Missing XML comment for publicly visible type or member 'RelationshipTypeDeletedEvent.UpdatedAt' [/home/lysander/repos/bannou/Bannou.SDK/Bannou.SDK.csproj::TargetFramework=net9.0]
/home/lysander/repos/bannou/bannou-service/Generated/Events/PermissionsEventsModels.cs(93,68): warning CS1591: Missing XML comment for publicly visible type or member 'PermissionCapabilityUpdate.AdditionalProperties' [/home/lysander/repos/bannou/Bannou.SDK/Bannou.SDK.csproj::TargetFramework=net9.0]
/home/lysander/repos/bannou/bannou-service/Generated/Events/PermissionsEventsModels.cs(149,13): warning CS1591: Missing XML comment for publicly visible type or member 'PermissionCapabilityUpdateUpdateType' [/home/lysander/repos/bannou/Bannou.SDK/Bannou.SDK.csproj::TargetFramework=net9.0]
/home/lysander/repos/bannou/bannou-service/Generated/Events/PermissionsEventsModels.cs(153,5): warning CS1591: Missing XML comment for publicly visible type or member 'PermissionCapabilityUpdateUpdateType.Full' [/home/lysander/repos/bannou/Bannou.SDK/Bannou.SDK.csproj::TargetFramework=net9.0]
/home/lysander/repos/bannou/bannou-service/Generated/Events/PermissionsEventsModels.cs(156,5): warning CS1591: Missing XML comment for publicly visible type or member 'PermissionCapabilityUpdateUpdateType.Delta' [/home/lysander/repos/bannou/Bannou.SDK/Bannou.SDK.csproj::TargetFramework=net9.0]
/home/lysander/repos/bannou/bannou-service/Generated/Events/PermissionsEventsModels.cs(161,13): warning CS1591: Missing XML comment for publicly visible type or member 'PermissionCapabilityUpdateReason' [/home/lysander/repos/bannou/Bannou.SDK/Bannou.SDK.csproj::TargetFramework=net9.0]
/home/lysander/repos/bannou/bannou-service/Generated/Events/PermissionsEventsModels.cs(165,5): warning CS1591: Missing XML comment for publicly visible type or member 'PermissionCapabilityUpdateReason.Session_created' [/home/lysander/repos/bannou/Bannou.SDK/Bannou.SDK.csproj::TargetFramework=net9.0]
/home/lysander/repos/bannou/bannou-service/Generated/Events/PermissionsEventsModels.cs(168,5): warning CS1591: Missing XML comment for publicly visible type or member 'PermissionCapabilityUpdateReason.Session_state_changed' [/home/lysander/repos/bannou/Bannou.SDK/Bannou.SDK.csproj::TargetFramework=net9.0]
/home/lysander/repos/bannou/bannou-service/Generated/Events/PermissionsEventsModels.cs(171,5): warning CS1591: Missing XML comment for publicly visible type or member 'PermissionCapabilityUpdateReason.Role_changed' [/home/lysander/repos/bannou/Bannou.SDK/Bannou.SDK.csproj::TargetFramework=net9.0]
/home/lysander/repos/bannou/bannou-service/Generated/Events/PermissionsEventsModels.cs(174,5): warning CS1591: Missing XML comment for publicly visible type or member 'PermissionCapabilityUpdateReason.Service_registered' [/home/lysander/repos/bannou/Bannou.SDK/Bannou.SDK.csproj::TargetFramework=net9.0]
/home/lysander/repos/bannou/bannou-service/Generated/Events/PermissionsEventsModels.cs(177,5): warning CS1591: Missing XML comment for publicly visible type or member 'PermissionCapabilityUpdateReason.Manual_refresh' [/home/lysander/repos/bannou/Bannou.SDK/Bannou.SDK.csproj::TargetFramework=net9.0]
/home/lysander/repos/bannou/bannou-service/Generated/Events/AuthEventsModels.cs(39,42): warning CS1591: Missing XML comment for publicly visible type or member 'SessionInvalidatedEvent.Reason' [/home/lysander/repos/bannou/Bannou.SDK/Bannou.SDK.csproj::TargetFramework=net9.0]
/home/lysander/repos/bannou/bannou-service/Generated/Events/AuthEventsModels.cs(57,5): warning CS1591: Missing XML comment for publicly visible type or member 'SessionInvalidatedEventReason.Logout' [/home/lysander/repos/bannou/Bannou.SDK/Bannou.SDK.csproj::TargetFramework=net9.0]
/home/lysander/repos/bannou/bannou-service/Generated/Events/AuthEventsModels.cs(60,5): warning CS1591: Missing XML comment for publicly visible type or member 'SessionInvalidatedEventReason.Account_deleted' [/home/lysander/repos/bannou/Bannou.SDK/Bannou.SDK.csproj::TargetFramework=net9.0]
/home/lysander/repos/bannou/bannou-service/Generated/Events/AuthEventsModels.cs(63,5): warning CS1591: Missing XML comment for publicly visible type or member 'SessionInvalidatedEventReason.Security_revocation' [/home/lysander/repos/bannou/Bannou.SDK/Bannou.SDK.csproj::TargetFramework=net9.0]
/home/lysander/repos/bannou/bannou-service/Generated/Events/AuthEventsModels.cs(66,5): warning CS1591: Missing XML comment for publicly visible type or member 'SessionInvalidatedEventReason.Admin_action' [/home/lysander/repos/bannou/Bannou.SDK/Bannou.SDK.csproj::TargetFramework=net9.0]
/home/lysander/repos/bannou/bannou-service/Generated/Events/AuthEventsModels.cs(69,5): warning CS1591: Missing XML comment for publicly visible type or member 'SessionInvalidatedEventReason.Session_expired' [/home/lysander/repos/bannou/Bannou.SDK/Bannou.SDK.csproj::TargetFramework=net9.0]
/home/lysander/repos/bannou/bannou-service/Generated/Events/AuthEventsModels.cs(118,38): warning CS1591: Missing XML comment for publicly visible type or member 'SessionUpdatedEvent.Reason' [/home/lysander/repos/bannou/Bannou.SDK/Bannou.SDK.csproj::TargetFramework=net9.0]
/home/lysander/repos/bannou/bannou-service/Generated/Events/AuthEventsModels.cs(130,5): warning CS1591: Missing XML comment for publicly visible type or member 'SessionUpdatedEventReason.Role_changed' [/home/lysander/repos/bannou/Bannou.SDK/Bannou.SDK.csproj::TargetFramework=net9.0]
/home/lysander/repos/bannou/bannou-service/Generated/Events/AuthEventsModels.cs(133,5): warning CS1591: Missing XML comment for publicly visible type or member 'SessionUpdatedEventReason.Authorization_changed' [/home/lysander/repos/bannou/Bannou.SDK/Bannou.SDK.csproj::TargetFramework=net9.0]
/home/lysander/repos/bannou/bannou-service/Generated/Events/AuthEventsModels.cs(136,5): warning CS1591: Missing XML comment for publicly visible type or member 'SessionUpdatedEventReason.Subscription_changed' [/home/lysander/repos/bannou/Bannou.SDK/Bannou.SDK.csproj::TargetFramework=net9.0]
/home/lysander/repos/bannou/bannou-service/Generated/Events/DocumentationEventsModels.cs(32,34): warning CS1591: Missing XML comment for publicly visible type or member 'DocumentationQueriedEvent.Timestamp' [/home/lysander/repos/bannou/Bannou.SDK/Bannou.SDK.csproj::TargetFramework=net9.0]
/home/lysander/repos/bannou/bannou-service/Generated/Events/DocumentationEventsModels.cs(37,19): warning CS1591: Missing XML comment for publicly visible type or member 'DocumentationQueriedEvent.Namespace' [/home/lysander/repos/bannou/Bannou.SDK/Bannou.SDK.csproj::TargetFramework=net9.0]
/home/lysander/repos/bannou/bannou-service/Generated/Events/DocumentationEventsModels.cs(42,19): warning CS1591: Missing XML comment for publicly visible type or member 'DocumentationQueriedEvent.Query' [/home/lysander/repos/bannou/Bannou.SDK/Bannou.SDK.csproj::TargetFramework=net9.0]
/home/lysander/repos/bannou/bannou-service/Generated/Events/DocumentationEventsModels.cs(45,25): warning CS1591: Missing XML comment for publicly visible type or member 'DocumentationQueriedEvent.SessionId' [/home/lysander/repos/bannou/Bannou.SDK/Bannou.SDK.csproj::TargetFramework=net9.0]
/home/lysander/repos/bannou/bannou-service/Generated/Events/DocumentationEventsModels.cs(48,16): warning CS1591: Missing XML comment for publicly visible type or member 'DocumentationQueriedEvent.ResultCount' [/home/lysander/repos/bannou/Bannou.SDK/Bannou.SDK.csproj::TargetFramework=net9.0]
/home/lysander/repos/bannou/bannou-service/Generated/Events/DocumentationEventsModels.cs(51,25): warning CS1591: Missing XML comment for publicly visible type or member 'DocumentationQueriedEvent.TopResultId' [/home/lysander/repos/bannou/Bannou.SDK/Bannou.SDK.csproj::TargetFramework=net9.0]
/home/lysander/repos/bannou/bannou-service/Generated/Events/DocumentationEventsModels.cs(54,20): warning CS1591: Missing XML comment for publicly visible type or member 'DocumentationQueriedEvent.RelevanceScore' [/home/lysander/repos/bannou/Bannou.SDK/Bannou.SDK.csproj::TargetFramework=net9.0]
/home/lysander/repos/bannou/bannou-service/Generated/Events/DocumentationEventsModels.cs(59,68): warning CS1591: Missing XML comment for publicly visible type or member 'DocumentationQueriedEvent.AdditionalProperties' [/home/lysander/repos/bannou/Bannou.SDK/Bannou.SDK.csproj::TargetFramework=net9.0]
/home/lysander/repos/bannou/bannou-service/Generated/Events/DocumentationEventsModels.cs(85,34): warning CS1591: Missing XML comment for publicly visible type or member 'DocumentationSearchedEvent.Timestamp' [/home/lysander/repos/bannou/Bannou.SDK/Bannou.SDK.csproj::TargetFramework=net9.0]
/home/lysander/repos/bannou/bannou-service/Generated/Events/DocumentationEventsModels.cs(90,19): warning CS1591: Missing XML comment for publicly visible type or member 'DocumentationSearchedEvent.Namespace' [/home/lysander/repos/bannou/Bannou.SDK/Bannou.SDK.csproj::TargetFramework=net9.0]
/home/lysander/repos/bannou/bannou-service/Generated/Events/DocumentationEventsModels.cs(95,19): warning CS1591: Missing XML comment for publicly visible type or member 'DocumentationSearchedEvent.SearchTerm' [/home/lysander/repos/bannou/Bannou.SDK/Bannou.SDK.csproj::TargetFramework=net9.0]
/home/lysander/repos/bannou/bannou-service/Generated/Events/DocumentationEventsModels.cs(98,25): warning CS1591: Missing XML comment for publicly visible type or member 'DocumentationSearchedEvent.SessionId' [/home/lysander/repos/bannou/Bannou.SDK/Bannou.SDK.csproj::TargetFramework=net9.0]
/home/lysander/repos/bannou/bannou-service/Generated/Events/DocumentationEventsModels.cs(101,16): warning CS1591: Missing XML comment for publicly visible type or member 'DocumentationSearchedEvent.ResultCount' [/home/lysander/repos/bannou/Bannou.SDK/Bannou.SDK.csproj::TargetFramework=net9.0]
/home/lysander/repos/bannou/bannou-service/Generated/Events/DocumentationEventsModels.cs(106,68): warning CS1591: Missing XML comment for publicly visible type or member 'DocumentationSearchedEvent.AdditionalProperties' [/home/lysander/repos/bannou/Bannou.SDK/Bannou.SDK.csproj::TargetFramework=net9.0]
/home/lysander/repos/bannou/bannou-service/Generated/Events/DocumentationEventsModels.cs(132,34): warning CS1591: Missing XML comment for publicly visible type or member 'DocumentationBindingCreatedEvent.Timestamp' [/home/lysander/repos/bannou/Bannou.SDK/Bannou.SDK.csproj::TargetFramework=net9.0]
/home/lysander/repos/bannou/bannou-service/Generated/Events/DocumentationEventsModels.cs(137,19): warning CS1591: Missing XML comment for publicly visible type or member 'DocumentationBindingCreatedEvent.Namespace' [/home/lysander/repos/bannou/Bannou.SDK/Bannou.SDK.csproj::TargetFramework=net9.0]
/home/lysander/repos/bannou/bannou-service/Generated/Events/DocumentationEventsModels.cs(142,24): warning CS1591: Missing XML comment for publicly visible type or member 'DocumentationBindingCreatedEvent.BindingId' [/home/lysander/repos/bannou/Bannou.SDK/Bannou.SDK.csproj::TargetFramework=net9.0]
/home/lysander/repos/bannou/bannou-service/Generated/Events/DocumentationEventsModels.cs(147,19): warning CS1591: Missing XML comment for publicly visible type or member 'DocumentationBindingCreatedEvent.RepositoryUrl' [/home/lysander/repos/bannou/Bannou.SDK/Bannou.SDK.csproj::TargetFramework=net9.0]
/home/lysander/repos/bannou/bannou-service/Generated/Events/DocumentationEventsModels.cs(150,19): warning CS1591: Missing XML comment for publicly visible type or member 'DocumentationBindingCreatedEvent.Branch' [/home/lysander/repos/bannou/Bannou.SDK/Bannou.SDK.csproj::TargetFramework=net9.0]
/home/lysander/repos/bannou/bannou-service/Generated/Events/DocumentationEventsModels.cs(155,68): warning CS1591: Missing XML comment for publicly visible type or member 'DocumentationBindingCreatedEvent.AdditionalProperties' [/home/lysander/repos/bannou/Bannou.SDK/Bannou.SDK.csproj::TargetFramework=net9.0]
/home/lysander/repos/bannou/bannou-service/Generated/Events/DocumentationEventsModels.cs(181,34): warning CS1591: Missing XML comment for publicly visible type or member 'DocumentationBindingRemovedEvent.Timestamp' [/home/lysander/repos/bannou/Bannou.SDK/Bannou.SDK.csproj::TargetFramework=net9.0]
/home/lysander/repos/bannou/bannou-service/Generated/Events/DocumentationEventsModels.cs(186,19): warning CS1591: Missing XML comment for publicly visible type or member 'DocumentationBindingRemovedEvent.Namespace' [/home/lysander/repos/bannou/Bannou.SDK/Bannou.SDK.csproj::TargetFramework=net9.0]
/home/lysander/repos/bannou/bannou-service/Generated/Events/DocumentationEventsModels.cs(191,24): warning CS1591: Missing XML comment for publicly visible type or member 'DocumentationBindingRemovedEvent.BindingId' [/home/lysander/repos/bannou/Bannou.SDK/Bannou.SDK.csproj::TargetFramework=net9.0]
/home/lysander/repos/bannou/bannou-service/Generated/Events/DocumentationEventsModels.cs(194,16): warning CS1591: Missing XML comment for publicly visible type or member 'DocumentationBindingRemovedEvent.DocumentsDeleted' [/home/lysander/repos/bannou/Bannou.SDK/Bannou.SDK.csproj::TargetFramework=net9.0]
/home/lysander/repos/bannou/bannou-service/Generated/Events/DocumentationEventsModels.cs(199,68): warning CS1591: Missing XML comment for publicly visible type or member 'DocumentationBindingRemovedEvent.AdditionalProperties' [/home/lysander/repos/bannou/Bannou.SDK/Bannou.SDK.csproj::TargetFramework=net9.0]
/home/lysander/repos/bannou/bannou-service/Generated/Events/DocumentationEventsModels.cs(225,34): warning CS1591: Missing XML comment for publicly visible type or member 'DocumentationSyncStartedEvent.Timestamp' [/home/lysander/repos/bannou/Bannou.SDK/Bannou.SDK.csproj::TargetFramework=net9.0]
/home/lysander/repos/bannou/bannou-service/Generated/Events/DocumentationEventsModels.cs(230,19): warning CS1591: Missing XML comment for publicly visible type or member 'DocumentationSyncStartedEvent.Namespace' [/home/lysander/repos/bannou/Bannou.SDK/Bannou.SDK.csproj::TargetFramework=net9.0]
/home/lysander/repos/bannou/bannou-service/Generated/Events/DocumentationEventsModels.cs(235,24): warning CS1591: Missing XML comment for publicly visible type or member 'DocumentationSyncStartedEvent.BindingId' [/home/lysander/repos/bannou/Bannou.SDK/Bannou.SDK.csproj::TargetFramework=net9.0]
/home/lysander/repos/bannou/bannou-service/Generated/Events/DocumentationEventsModels.cs(240,24): warning CS1591: Missing XML comment for publicly visible type or member 'DocumentationSyncStartedEvent.SyncId' [/home/lysander/repos/bannou/Bannou.SDK/Bannou.SDK.csproj::TargetFramework=net9.0]
/home/lysander/repos/bannou/bannou-service/Generated/Events/DocumentationEventsModels.cs(246,53): warning CS1591: Missing XML comment for publicly visible type or member 'DocumentationSyncStartedEvent.TriggeredBy' [/home/lysander/repos/bannou/Bannou.SDK/Bannou.SDK.csproj::TargetFramework=net9.0]
/home/lysander/repos/bannou/bannou-service/Generated/Events/DocumentationEventsModels.cs(251,68): warning CS1591: Missing XML comment for publicly visible type or member 'DocumentationSyncStartedEvent.AdditionalProperties' [/home/lysander/repos/bannou/Bannou.SDK/Bannou.SDK.csproj::TargetFramework=net9.0]
/home/lysander/repos/bannou/bannou-service/Generated/Events/DocumentationEventsModels.cs(277,34): warning CS1591: Missing XML comment for publicly visible type or member 'DocumentationSyncCompletedEvent.Timestamp' [/home/lysander/repos/bannou/Bannou.SDK/Bannou.SDK.csproj::TargetFramework=net9.0]
/home/lysander/repos/bannou/bannou-service/Generated/Events/DocumentationEventsModels.cs(282,19): warning CS1591: Missing XML comment for publicly visible type or member 'DocumentationSyncCompletedEvent.Namespace' [/home/lysander/repos/bannou/Bannou.SDK/Bannou.SDK.csproj::TargetFramework=net9.0]
/home/lysander/repos/bannou/bannou-service/Generated/Events/DocumentationEventsModels.cs(287,24): warning CS1591: Missing XML comment for publicly visible type or member 'DocumentationSyncCompletedEvent.BindingId' [/home/lysander/repos/bannou/Bannou.SDK/Bannou.SDK.csproj::TargetFramework=net9.0]
/home/lysander/repos/bannou/bannou-service/Generated/Events/DocumentationEventsModels.cs(292,24): warning CS1591: Missing XML comment for publicly visible type or member 'DocumentationSyncCompletedEvent.SyncId' [/home/lysander/repos/bannou/Bannou.SDK/Bannou.SDK.csproj::TargetFramework=net9.0]
/home/lysander/repos/bannou/bannou-service/Generated/Events/DocumentationEventsModels.cs(298,50): warning CS1591: Missing XML comment for publicly visible type or member 'DocumentationSyncCompletedEvent.Status' [/home/lysander/repos/bannou/Bannou.SDK/Bannou.SDK.csproj::TargetFramework=net9.0]
/home/lysander/repos/bannou/bannou-service/Generated/Events/DocumentationEventsModels.cs(301,19): warning CS1591: Missing XML comment for publicly visible type or member 'DocumentationSyncCompletedEvent.CommitHash' [/home/lysander/repos/bannou/Bannou.SDK/Bannou.SDK.csproj::TargetFramework=net9.0]
/home/lysander/repos/bannou/bannou-service/Generated/Events/DocumentationEventsModels.cs(304,16): warning CS1591: Missing XML comment for publicly visible type or member 'DocumentationSyncCompletedEvent.DocumentsCreated' [/home/lysander/repos/bannou/Bannou.SDK/Bannou.SDK.csproj::TargetFramework=net9.0]
/home/lysander/repos/bannou/bannou-service/Generated/Events/DocumentationEventsModels.cs(307,16): warning CS1591: Missing XML comment for publicly visible type or member 'DocumentationSyncCompletedEvent.DocumentsUpdated' [/home/lysander/repos/bannou/Bannou.SDK/Bannou.SDK.csproj::TargetFramework=net9.0]
/home/lysander/repos/bannou/bannou-service/Generated/Events/DocumentationEventsModels.cs(310,16): warning CS1591: Missing XML comment for publicly visible type or member 'DocumentationSyncCompletedEvent.DocumentsDeleted' [/home/lysander/repos/bannou/Bannou.SDK/Bannou.SDK.csproj::TargetFramework=net9.0]
/home/lysander/repos/bannou/bannou-service/Generated/Events/DocumentationEventsModels.cs(313,16): warning CS1591: Missing XML comment for publicly visible type or member 'DocumentationSyncCompletedEvent.DurationMs' [/home/lysander/repos/bannou/Bannou.SDK/Bannou.SDK.csproj::TargetFramework=net9.0]
/home/lysander/repos/bannou/bannou-service/Generated/Events/DocumentationEventsModels.cs(316,20): warning CS1591: Missing XML comment for publicly visible type or member 'DocumentationSyncCompletedEvent.ErrorMessage' [/home/lysander/repos/bannou/Bannou.SDK/Bannou.SDK.csproj::TargetFramework=net9.0]
/home/lysander/repos/bannou/bannou-service/Generated/Events/DocumentationEventsModels.cs(321,68): warning CS1591: Missing XML comment for publicly visible type or member 'DocumentationSyncCompletedEvent.AdditionalProperties' [/home/lysander/repos/bannou/Bannou.SDK/Bannou.SDK.csproj::TargetFramework=net9.0]
/home/lysander/repos/bannou/bannou-service/Generated/Events/DocumentationEventsModels.cs(347,34): warning CS1591: Missing XML comment for publicly visible type or member 'DocumentationArchiveCreatedEvent.Timestamp' [/home/lysander/repos/bannou/Bannou.SDK/Bannou.SDK.csproj::TargetFramework=net9.0]
/home/lysander/repos/bannou/bannou-service/Generated/Events/DocumentationEventsModels.cs(352,19): warning CS1591: Missing XML comment for publicly visible type or member 'DocumentationArchiveCreatedEvent.Namespace' [/home/lysander/repos/bannou/Bannou.SDK/Bannou.SDK.csproj::TargetFramework=net9.0]
/home/lysander/repos/bannou/bannou-service/Generated/Events/DocumentationEventsModels.cs(357,24): warning CS1591: Missing XML comment for publicly visible type or member 'DocumentationArchiveCreatedEvent.ArchiveId' [/home/lysander/repos/bannou/Bannou.SDK/Bannou.SDK.csproj::TargetFramework=net9.0]
/home/lysander/repos/bannou/bannou-service/Generated/Events/DocumentationEventsModels.cs(360,24): warning CS1591: Missing XML comment for publicly visible type or member 'DocumentationArchiveCreatedEvent.BundleAssetId' [/home/lysander/repos/bannou/Bannou.SDK/Bannou.SDK.csproj::TargetFramework=net9.0]
/home/lysander/repos/bannou/bannou-service/Generated/Events/DocumentationEventsModels.cs(363,16): warning CS1591: Missing XML comment for publicly visible type or member 'DocumentationArchiveCreatedEvent.DocumentCount' [/home/lysander/repos/bannou/Bannou.SDK/Bannou.SDK.csproj::TargetFramework=net9.0]
/home/lysander/repos/bannou/bannou-service/Generated/Events/DocumentationEventsModels.cs(366,16): warning CS1591: Missing XML comment for publicly visible type or member 'DocumentationArchiveCreatedEvent.SizeBytes' [/home/lysander/repos/bannou/Bannou.SDK/Bannou.SDK.csproj::TargetFramework=net9.0]
/home/lysander/repos/bannou/bannou-service/Generated/Events/DocumentationEventsModels.cs(369,20): warning CS1591: Missing XML comment for publicly visible type or member 'DocumentationArchiveCreatedEvent.CommitHash' [/home/lysander/repos/bannou/Bannou.SDK/Bannou.SDK.csproj::TargetFramework=net9.0]
/home/lysander/repos/bannou/bannou-service/Generated/Events/DocumentationEventsModels.cs(374,68): warning CS1591: Missing XML comment for publicly visible type or member 'DocumentationArchiveCreatedEvent.AdditionalProperties' [/home/lysander/repos/bannou/Bannou.SDK/Bannou.SDK.csproj::TargetFramework=net9.0]
/home/lysander/repos/bannou/bannou-service/Generated/Events/DocumentationEventsModels.cs(383,13): warning CS1591: Missing XML comment for publicly visible type or member 'DocumentationSyncStartedEventTriggeredBy' [/home/lysander/repos/bannou/Bannou.SDK/Bannou.SDK.csproj::TargetFramework=net9.0]
/home/lysander/repos/bannou/bannou-service/Generated/Events/DocumentationEventsModels.cs(387,5): warning CS1591: Missing XML comment for publicly visible type or member 'DocumentationSyncStartedEventTriggeredBy.Manual' [/home/lysander/repos/bannou/Bannou.SDK/Bannou.SDK.csproj::TargetFramework=net9.0]
/home/lysander/repos/bannou/bannou-service/Generated/Events/DocumentationEventsModels.cs(390,5): warning CS1591: Missing XML comment for publicly visible type or member 'DocumentationSyncStartedEventTriggeredBy.Scheduled' [/home/lysander/repos/bannou/Bannou.SDK/Bannou.SDK.csproj::TargetFramework=net9.0]
/home/lysander/repos/bannou/bannou-service/Generated/Events/DocumentationEventsModels.cs(395,13): warning CS1591: Missing XML comment for publicly visible type or member 'DocumentationSyncCompletedEventStatus' [/home/lysander/repos/bannou/Bannou.SDK/Bannou.SDK.csproj::TargetFramework=net9.0]
/home/lysander/repos/bannou/bannou-service/Generated/Events/DocumentationEventsModels.cs(399,5): warning CS1591: Missing XML comment for publicly visible type or member 'DocumentationSyncCompletedEventStatus.Success' [/home/lysander/repos/bannou/Bannou.SDK/Bannou.SDK.csproj::TargetFramework=net9.0]
/home/lysander/repos/bannou/bannou-service/Generated/Events/DocumentationEventsModels.cs(402,5): warning CS1591: Missing XML comment for publicly visible type or member 'DocumentationSyncCompletedEventStatus.Partial' [/home/lysander/repos/bannou/Bannou.SDK/Bannou.SDK.csproj::TargetFramework=net9.0]
/home/lysander/repos/bannou/bannou-service/Generated/Events/DocumentationEventsModels.cs(405,5): warning CS1591: Missing XML comment for publicly visible type or member 'DocumentationSyncCompletedEventStatus.Failed' [/home/lysander/repos/bannou/Bannou.SDK/Bannou.SDK.csproj::TargetFramework=net9.0]
/home/lysander/repos/bannou/bannou-service/Generated/Events/CharacterLifecycleEvents.cs(32,24): warning CS1591: Missing XML comment for publicly visible type or member 'CharacterCreatedEvent.CharacterId' [/home/lysander/repos/bannou/Bannou.SDK/Bannou.SDK.csproj::TargetFramework=net9.0]
/home/lysander/repos/bannou/bannou-service/Generated/Events/CharacterLifecycleEvents.cs(37,19): warning CS1591: Missing XML comment for publicly visible type or member 'CharacterCreatedEvent.Name' [/home/lysander/repos/bannou/Bannou.SDK/Bannou.SDK.csproj::TargetFramework=net9.0]
/home/lysander/repos/bannou/bannou-service/Generated/Events/CharacterLifecycleEvents.cs(42,24): warning CS1591: Missing XML comment for publicly visible type or member 'CharacterCreatedEvent.RealmId' [/home/lysander/repos/bannou/Bannou.SDK/Bannou.SDK.csproj::TargetFramework=net9.0]
/home/lysander/repos/bannou/bannou-service/Generated/Events/CharacterLifecycleEvents.cs(47,24): warning CS1591: Missing XML comment for publicly visible type or member 'CharacterCreatedEvent.SpeciesId' [/home/lysander/repos/bannou/Bannou.SDK/Bannou.SDK.csproj::TargetFramework=net9.0]
/home/lysander/repos/bannou/bannou-service/Generated/Events/CharacterLifecycleEvents.cs(50,34): warning CS1591: Missing XML comment for publicly visible type or member 'CharacterCreatedEvent.BirthDate' [/home/lysander/repos/bannou/Bannou.SDK/Bannou.SDK.csproj::TargetFramework=net9.0]
/home/lysander/repos/bannou/bannou-service/Generated/Events/CharacterLifecycleEvents.cs(53,19): warning CS1591: Missing XML comment for publicly visible type or member 'CharacterCreatedEvent.Status' [/home/lysander/repos/bannou/Bannou.SDK/Bannou.SDK.csproj::TargetFramework=net9.0]
/home/lysander/repos/bannou/bannou-service/Generated/Events/CharacterLifecycleEvents.cs(58,34): warning CS1591: Missing XML comment for publicly visible type or member 'CharacterCreatedEvent.CreatedAt' [/home/lysander/repos/bannou/Bannou.SDK/Bannou.SDK.csproj::TargetFramework=net9.0]
/home/lysander/repos/bannou/bannou-service/Generated/Events/CharacterLifecycleEvents.cs(61,34): warning CS1591: Missing XML comment for publicly visible type or member 'CharacterCreatedEvent.UpdatedAt' [/home/lysander/repos/bannou/Bannou.SDK/Bannou.SDK.csproj::TargetFramework=net9.0]
/home/lysander/repos/bannou/bannou-service/Generated/Events/CharacterLifecycleEvents.cs(83,24): warning CS1591: Missing XML comment for publicly visible type or member 'CharacterUpdatedEvent.CharacterId' [/home/lysander/repos/bannou/Bannou.SDK/Bannou.SDK.csproj::TargetFramework=net9.0]
/home/lysander/repos/bannou/bannou-service/Generated/Events/CharacterLifecycleEvents.cs(88,19): warning CS1591: Missing XML comment for publicly visible type or member 'CharacterUpdatedEvent.Name' [/home/lysander/repos/bannou/Bannou.SDK/Bannou.SDK.csproj::TargetFramework=net9.0]
/home/lysander/repos/bannou/bannou-service/Generated/Events/CharacterLifecycleEvents.cs(93,24): warning CS1591: Missing XML comment for publicly visible type or member 'CharacterUpdatedEvent.RealmId' [/home/lysander/repos/bannou/Bannou.SDK/Bannou.SDK.csproj::TargetFramework=net9.0]
/home/lysander/repos/bannou/bannou-service/Generated/Events/CharacterLifecycleEvents.cs(98,24): warning CS1591: Missing XML comment for publicly visible type or member 'CharacterUpdatedEvent.SpeciesId' [/home/lysander/repos/bannou/Bannou.SDK/Bannou.SDK.csproj::TargetFramework=net9.0]
/home/lysander/repos/bannou/bannou-service/Generated/Events/CharacterLifecycleEvents.cs(101,34): warning CS1591: Missing XML comment for publicly visible type or member 'CharacterUpdatedEvent.BirthDate' [/home/lysander/repos/bannou/Bannou.SDK/Bannou.SDK.csproj::TargetFramework=net9.0]
/home/lysander/repos/bannou/bannou-service/Generated/Events/CharacterLifecycleEvents.cs(104,19): warning CS1591: Missing XML comment for publicly visible type or member 'CharacterUpdatedEvent.Status' [/home/lysander/repos/bannou/Bannou.SDK/Bannou.SDK.csproj::TargetFramework=net9.0]
/home/lysander/repos/bannou/bannou-service/Generated/Events/CharacterLifecycleEvents.cs(109,34): warning CS1591: Missing XML comment for publicly visible type or member 'CharacterUpdatedEvent.CreatedAt' [/home/lysander/repos/bannou/Bannou.SDK/Bannou.SDK.csproj::TargetFramework=net9.0]
/home/lysander/repos/bannou/bannou-service/Generated/Events/CharacterLifecycleEvents.cs(112,34): warning CS1591: Missing XML comment for publicly visible type or member 'CharacterUpdatedEvent.UpdatedAt' [/home/lysander/repos/bannou/Bannou.SDK/Bannou.SDK.csproj::TargetFramework=net9.0]
/home/lysander/repos/bannou/bannou-service/Generated/Events/CharacterLifecycleEvents.cs(142,24): warning CS1591: Missing XML comment for publicly visible type or member 'CharacterDeletedEvent.CharacterId' [/home/lysander/repos/bannou/Bannou.SDK/Bannou.SDK.csproj::TargetFramework=net9.0]
/home/lysander/repos/bannou/bannou-service/Generated/Events/CharacterLifecycleEvents.cs(147,19): warning CS1591: Missing XML comment for publicly visible type or member 'CharacterDeletedEvent.Name' [/home/lysander/repos/bannou/Bannou.SDK/Bannou.SDK.csproj::TargetFramework=net9.0]
/home/lysander/repos/bannou/bannou-service/Generated/Events/CharacterLifecycleEvents.cs(152,24): warning CS1591: Missing XML comment for publicly visible type or member 'CharacterDeletedEvent.RealmId' [/home/lysander/repos/bannou/Bannou.SDK/Bannou.SDK.csproj::TargetFramework=net9.0]
/home/lysander/repos/bannou/bannou-service/Generated/Events/CharacterLifecycleEvents.cs(157,24): warning CS1591: Missing XML comment for publicly visible type or member 'CharacterDeletedEvent.SpeciesId' [/home/lysander/repos/bannou/Bannou.SDK/Bannou.SDK.csproj::TargetFramework=net9.0]
/home/lysander/repos/bannou/bannou-service/Generated/Events/CharacterLifecycleEvents.cs(160,34): warning CS1591: Missing XML comment for publicly visible type or member 'CharacterDeletedEvent.BirthDate' [/home/lysander/repos/bannou/Bannou.SDK/Bannou.SDK.csproj::TargetFramework=net9.0]
/home/lysander/repos/bannou/bannou-service/Generated/Events/CharacterLifecycleEvents.cs(163,19): warning CS1591: Missing XML comment for publicly visible type or member 'CharacterDeletedEvent.Status' [/home/lysander/repos/bannou/Bannou.SDK/Bannou.SDK.csproj::TargetFramework=net9.0]
/home/lysander/repos/bannou/bannou-service/Generated/Events/CharacterLifecycleEvents.cs(168,34): warning CS1591: Missing XML comment for publicly visible type or member 'CharacterDeletedEvent.CreatedAt' [/home/lysander/repos/bannou/Bannou.SDK/Bannou.SDK.csproj::TargetFramework=net9.0]
/home/lysander/repos/bannou/bannou-service/Generated/Events/CharacterLifecycleEvents.cs(171,34): warning CS1591: Missing XML comment for publicly visible type or member 'CharacterDeletedEvent.UpdatedAt' [/home/lysander/repos/bannou/Bannou.SDK/Bannou.SDK.csproj::TargetFramework=net9.0]
/home/lysander/repos/bannou/bannou-service/Generated/Events/LocationLifecycleEvents.cs(32,24): warning CS1591: Missing XML comment for publicly visible type or member 'LocationCreatedEvent.LocationId' [/home/lysander/repos/bannou/Bannou.SDK/Bannou.SDK.csproj::TargetFramework=net9.0]
/home/lysander/repos/bannou/bannou-service/Generated/Events/LocationLifecycleEvents.cs(37,24): warning CS1591: Missing XML comment for publicly visible type or member 'LocationCreatedEvent.RealmId' [/home/lysander/repos/bannou/Bannou.SDK/Bannou.SDK.csproj::TargetFramework=net9.0]
/home/lysander/repos/bannou/bannou-service/Generated/Events/LocationLifecycleEvents.cs(42,19): warning CS1591: Missing XML comment for publicly visible type or member 'LocationCreatedEvent.Code' [/home/lysander/repos/bannou/Bannou.SDK/Bannou.SDK.csproj::TargetFramework=net9.0]
/home/lysander/repos/bannou/bannou-service/Generated/Events/LocationLifecycleEvents.cs(47,19): warning CS1591: Missing XML comment for publicly visible type or member 'LocationCreatedEvent.Name' [/home/lysander/repos/bannou/Bannou.SDK/Bannou.SDK.csproj::TargetFramework=net9.0]
/home/lysander/repos/bannou/bannou-service/Generated/Events/LocationLifecycleEvents.cs(50,19): warning CS1591: Missing XML comment for publicly visible type or member 'LocationCreatedEvent.Description' [/home/lysander/repos/bannou/Bannou.SDK/Bannou.SDK.csproj::TargetFramework=net9.0]
/home/lysander/repos/bannou/bannou-service/Generated/Events/LocationLifecycleEvents.cs(55,19): warning CS1591: Missing XML comment for publicly visible type or member 'LocationCreatedEvent.LocationType' [/home/lysander/repos/bannou/Bannou.SDK/Bannou.SDK.csproj::TargetFramework=net9.0]
/home/lysander/repos/bannou/bannou-service/Generated/Events/LocationLifecycleEvents.cs(58,24): warning CS1591: Missing XML comment for publicly visible type or member 'LocationCreatedEvent.ParentLocationId' [/home/lysander/repos/bannou/Bannou.SDK/Bannou.SDK.csproj::TargetFramework=net9.0]
/home/lysander/repos/bannou/bannou-service/Generated/Events/LocationLifecycleEvents.cs(61,16): warning CS1591: Missing XML comment for publicly visible type or member 'LocationCreatedEvent.Depth' [/home/lysander/repos/bannou/Bannou.SDK/Bannou.SDK.csproj::TargetFramework=net9.0]
/home/lysander/repos/bannou/bannou-service/Generated/Events/LocationLifecycleEvents.cs(64,17): warning CS1591: Missing XML comment for publicly visible type or member 'LocationCreatedEvent.IsDeprecated' [/home/lysander/repos/bannou/Bannou.SDK/Bannou.SDK.csproj::TargetFramework=net9.0]
/home/lysander/repos/bannou/bannou-service/Generated/Events/LocationLifecycleEvents.cs(67,34): warning CS1591: Missing XML comment for publicly visible type or member 'LocationCreatedEvent.DeprecatedAt' [/home/lysander/repos/bannou/Bannou.SDK/Bannou.SDK.csproj::TargetFramework=net9.0]
/home/lysander/repos/bannou/bannou-service/Generated/Events/LocationLifecycleEvents.cs(70,19): warning CS1591: Missing XML comment for publicly visible type or member 'LocationCreatedEvent.DeprecationReason' [/home/lysander/repos/bannou/Bannou.SDK/Bannou.SDK.csproj::TargetFramework=net9.0]
/home/lysander/repos/bannou/bannou-service/Generated/Events/LocationLifecycleEvents.cs(73,19): warning CS1591: Missing XML comment for publicly visible type or member 'LocationCreatedEvent.Metadata' [/home/lysander/repos/bannou/Bannou.SDK/Bannou.SDK.csproj::TargetFramework=net9.0]
/home/lysander/repos/bannou/bannou-service/Generated/Events/LocationLifecycleEvents.cs(78,34): warning CS1591: Missing XML comment for publicly visible type or member 'LocationCreatedEvent.CreatedAt' [/home/lysander/repos/bannou/Bannou.SDK/Bannou.SDK.csproj::TargetFramework=net9.0]
/home/lysander/repos/bannou/bannou-service/Generated/Events/LocationLifecycleEvents.cs(83,34): warning CS1591: Missing XML comment for publicly visible type or member 'LocationCreatedEvent.UpdatedAt' [/home/lysander/repos/bannou/Bannou.SDK/Bannou.SDK.csproj::TargetFramework=net9.0]
/home/lysander/repos/bannou/bannou-service/Generated/Events/LocationLifecycleEvents.cs(105,24): warning CS1591: Missing XML comment for publicly visible type or member 'LocationUpdatedEvent.LocationId' [/home/lysander/repos/bannou/Bannou.SDK/Bannou.SDK.csproj::TargetFramework=net9.0]
/home/lysander/repos/bannou/bannou-service/Generated/Events/LocationLifecycleEvents.cs(110,24): warning CS1591: Missing XML comment for publicly visible type or member 'LocationUpdatedEvent.RealmId' [/home/lysander/repos/bannou/Bannou.SDK/Bannou.SDK.csproj::TargetFramework=net9.0]
/home/lysander/repos/bannou/bannou-service/Generated/Events/LocationLifecycleEvents.cs(115,19): warning CS1591: Missing XML comment for publicly visible type or member 'LocationUpdatedEvent.Code' [/home/lysander/repos/bannou/Bannou.SDK/Bannou.SDK.csproj::TargetFramework=net9.0]
/home/lysander/repos/bannou/bannou-service/Generated/Events/LocationLifecycleEvents.cs(120,19): warning CS1591: Missing XML comment for publicly visible type or member 'LocationUpdatedEvent.Name' [/home/lysander/repos/bannou/Bannou.SDK/Bannou.SDK.csproj::TargetFramework=net9.0]
/home/lysander/repos/bannou/bannou-service/Generated/Events/LocationLifecycleEvents.cs(123,19): warning CS1591: Missing XML comment for publicly visible type or member 'LocationUpdatedEvent.Description' [/home/lysander/repos/bannou/Bannou.SDK/Bannou.SDK.csproj::TargetFramework=net9.0]
/home/lysander/repos/bannou/bannou-service/Generated/Events/LocationLifecycleEvents.cs(128,19): warning CS1591: Missing XML comment for publicly visible type or member 'LocationUpdatedEvent.LocationType' [/home/lysander/repos/bannou/Bannou.SDK/Bannou.SDK.csproj::TargetFramework=net9.0]
/home/lysander/repos/bannou/bannou-service/Generated/Events/LocationLifecycleEvents.cs(131,24): warning CS1591: Missing XML comment for publicly visible type or member 'LocationUpdatedEvent.ParentLocationId' [/home/lysander/repos/bannou/Bannou.SDK/Bannou.SDK.csproj::TargetFramework=net9.0]
/home/lysander/repos/bannou/bannou-service/Generated/Events/LocationLifecycleEvents.cs(134,16): warning CS1591: Missing XML comment for publicly visible type or member 'LocationUpdatedEvent.Depth' [/home/lysander/repos/bannou/Bannou.SDK/Bannou.SDK.csproj::TargetFramework=net9.0]
/home/lysander/repos/bannou/bannou-service/Generated/Events/LocationLifecycleEvents.cs(137,17): warning CS1591: Missing XML comment for publicly visible type or member 'LocationUpdatedEvent.IsDeprecated' [/home/lysander/repos/bannou/Bannou.SDK/Bannou.SDK.csproj::TargetFramework=net9.0]
/home/lysander/repos/bannou/bannou-service/Generated/Events/LocationLifecycleEvents.cs(140,34): warning CS1591: Missing XML comment for publicly visible type or member 'LocationUpdatedEvent.DeprecatedAt' [/home/lysander/repos/bannou/Bannou.SDK/Bannou.SDK.csproj::TargetFramework=net9.0]
/home/lysander/repos/bannou/bannou-service/Generated/Events/LocationLifecycleEvents.cs(143,19): warning CS1591: Missing XML comment for publicly visible type or member 'LocationUpdatedEvent.DeprecationReason' [/home/lysander/repos/bannou/Bannou.SDK/Bannou.SDK.csproj::TargetFramework=net9.0]
/home/lysander/repos/bannou/bannou-service/Generated/Events/LocationLifecycleEvents.cs(146,19): warning CS1591: Missing XML comment for publicly visible type or member 'LocationUpdatedEvent.Metadata' [/home/lysander/repos/bannou/Bannou.SDK/Bannou.SDK.csproj::TargetFramework=net9.0]
/home/lysander/repos/bannou/bannou-service/Generated/Events/LocationLifecycleEvents.cs(151,34): warning CS1591: Missing XML comment for publicly visible type or member 'LocationUpdatedEvent.CreatedAt' [/home/lysander/repos/bannou/Bannou.SDK/Bannou.SDK.csproj::TargetFramework=net9.0]
/home/lysander/repos/bannou/bannou-service/Generated/Events/LocationLifecycleEvents.cs(156,34): warning CS1591: Missing XML comment for publicly visible type or member 'LocationUpdatedEvent.UpdatedAt' [/home/lysander/repos/bannou/Bannou.SDK/Bannou.SDK.csproj::TargetFramework=net9.0]
/home/lysander/repos/bannou/bannou-service/Generated/Events/LocationLifecycleEvents.cs(186,24): warning CS1591: Missing XML comment for publicly visible type or member 'LocationDeletedEvent.LocationId' [/home/lysander/repos/bannou/Bannou.SDK/Bannou.SDK.csproj::TargetFramework=net9.0]
/home/lysander/repos/bannou/bannou-service/Generated/Events/LocationLifecycleEvents.cs(191,24): warning CS1591: Missing XML comment for publicly visible type or member 'LocationDeletedEvent.RealmId' [/home/lysander/repos/bannou/Bannou.SDK/Bannou.SDK.csproj::TargetFramework=net9.0]
/home/lysander/repos/bannou/bannou-service/Generated/Events/LocationLifecycleEvents.cs(196,19): warning CS1591: Missing XML comment for publicly visible type or member 'LocationDeletedEvent.Code' [/home/lysander/repos/bannou/Bannou.SDK/Bannou.SDK.csproj::TargetFramework=net9.0]
/home/lysander/repos/bannou/bannou-service/Generated/Events/LocationLifecycleEvents.cs(201,19): warning CS1591: Missing XML comment for publicly visible type or member 'LocationDeletedEvent.Name' [/home/lysander/repos/bannou/Bannou.SDK/Bannou.SDK.csproj::TargetFramework=net9.0]
/home/lysander/repos/bannou/bannou-service/Generated/Events/LocationLifecycleEvents.cs(204,19): warning CS1591: Missing XML comment for publicly visible type or member 'LocationDeletedEvent.Description' [/home/lysander/repos/bannou/Bannou.SDK/Bannou.SDK.csproj::TargetFramework=net9.0]
/home/lysander/repos/bannou/bannou-service/Generated/Events/LocationLifecycleEvents.cs(209,19): warning CS1591: Missing XML comment for publicly visible type or member 'LocationDeletedEvent.LocationType' [/home/lysander/repos/bannou/Bannou.SDK/Bannou.SDK.csproj::TargetFramework=net9.0]
/home/lysander/repos/bannou/bannou-service/Generated/Events/LocationLifecycleEvents.cs(212,24): warning CS1591: Missing XML comment for publicly visible type or member 'LocationDeletedEvent.ParentLocationId' [/home/lysander/repos/bannou/Bannou.SDK/Bannou.SDK.csproj::TargetFramework=net9.0]
/home/lysander/repos/bannou/bannou-service/Generated/Events/LocationLifecycleEvents.cs(215,16): warning CS1591: Missing XML comment for publicly visible type or member 'LocationDeletedEvent.Depth' [/home/lysander/repos/bannou/Bannou.SDK/Bannou.SDK.csproj::TargetFramework=net9.0]
/home/lysander/repos/bannou/bannou-service/Generated/Events/LocationLifecycleEvents.cs(218,17): warning CS1591: Missing XML comment for publicly visible type or member 'LocationDeletedEvent.IsDeprecated' [/home/lysander/repos/bannou/Bannou.SDK/Bannou.SDK.csproj::TargetFramework=net9.0]
/home/lysander/repos/bannou/bannou-service/Generated/Events/LocationLifecycleEvents.cs(221,34): warning CS1591: Missing XML comment for publicly visible type or member 'LocationDeletedEvent.DeprecatedAt' [/home/lysander/repos/bannou/Bannou.SDK/Bannou.SDK.csproj::TargetFramework=net9.0]
/home/lysander/repos/bannou/bannou-service/Generated/Events/LocationLifecycleEvents.cs(224,19): warning CS1591: Missing XML comment for publicly visible type or member 'LocationDeletedEvent.DeprecationReason' [/home/lysander/repos/bannou/Bannou.SDK/Bannou.SDK.csproj::TargetFramework=net9.0]
/home/lysander/repos/bannou/bannou-service/Generated/Events/LocationLifecycleEvents.cs(227,19): warning CS1591: Missing XML comment for publicly visible type or member 'LocationDeletedEvent.Metadata' [/home/lysander/repos/bannou/Bannou.SDK/Bannou.SDK.csproj::TargetFramework=net9.0]
/home/lysander/repos/bannou/bannou-service/Generated/Events/LocationLifecycleEvents.cs(232,34): warning CS1591: Missing XML comment for publicly visible type or member 'LocationDeletedEvent.CreatedAt' [/home/lysander/repos/bannou/Bannou.SDK/Bannou.SDK.csproj::TargetFramework=net9.0]
/home/lysander/repos/bannou/bannou-service/Generated/Events/LocationLifecycleEvents.cs(237,34): warning CS1591: Missing XML comment for publicly visible type or member 'LocationDeletedEvent.UpdatedAt' [/home/lysander/repos/bannou/Bannou.SDK/Bannou.SDK.csproj::TargetFramework=net9.0]
/home/lysander/repos/bannou/bannou-service/Generated/Events/SubscriptionsEventsModels.cs(97,13): warning CS1591: Missing XML comment for publicly visible type or member 'SubscriptionUpdatedEventAction' [/home/lysander/repos/bannou/Bannou.SDK/Bannou.SDK.csproj::TargetFramework=net9.0]
/home/lysander/repos/bannou/bannou-service/Generated/Events/SubscriptionsEventsModels.cs(101,5): warning CS1591: Missing XML comment for publicly visible type or member 'SubscriptionUpdatedEventAction.Created' [/home/lysander/repos/bannou/Bannou.SDK/Bannou.SDK.csproj::TargetFramework=net9.0]
/home/lysander/repos/bannou/bannou-service/Generated/Events/SubscriptionsEventsModels.cs(104,5): warning CS1591: Missing XML comment for publicly visible type or member 'SubscriptionUpdatedEventAction.Updated' [/home/lysander/repos/bannou/Bannou.SDK/Bannou.SDK.csproj::TargetFramework=net9.0]
/home/lysander/repos/bannou/bannou-service/Generated/Events/SubscriptionsEventsModels.cs(107,5): warning CS1591: Missing XML comment for publicly visible type or member 'SubscriptionUpdatedEventAction.Cancelled' [/home/lysander/repos/bannou/Bannou.SDK/Bannou.SDK.csproj::TargetFramework=net9.0]
/home/lysander/repos/bannou/bannou-service/Generated/Events/SubscriptionsEventsModels.cs(110,5): warning CS1591: Missing XML comment for publicly visible type or member 'SubscriptionUpdatedEventAction.Expired' [/home/lysander/repos/bannou/Bannou.SDK/Bannou.SDK.csproj::TargetFramework=net9.0]
/home/lysander/repos/bannou/bannou-service/Generated/Events/SubscriptionsEventsModels.cs(113,5): warning CS1591: Missing XML comment for publicly visible type or member 'SubscriptionUpdatedEventAction.Renewed' [/home/lysander/repos/bannou/Bannou.SDK/Bannou.SDK.csproj::TargetFramework=net9.0]
/home/lysander/repos/bannou/bannou-service/Generated/Events/AssetEventsModels.cs(67,27): warning CS1591: Missing XML comment for publicly visible type or member 'AssetUploadRequestedEvent.AssetType' [/home/lysander/repos/bannou/Bannou.SDK/Bannou.SDK.csproj::TargetFramework=net9.0]
/home/lysander/repos/bannou/bannou-service/Generated/Events/AssetEventsModels.cs(71,23): warning CS1591: Missing XML comment for publicly visible type or member 'AssetUploadRequestedEvent.Realm' [/home/lysander/repos/bannou/Bannou.SDK/Bannou.SDK.csproj::TargetFramework=net9.0]
/home/lysander/repos/bannou/bannou-service/Generated/Events/AssetEventsModels.cs(175,31): warning CS1591: Missing XML comment for publicly visible type or member 'AssetProcessingQueuedEvent.ProcessingType' [/home/lysander/repos/bannou/Bannou.SDK/Bannou.SDK.csproj::TargetFramework=net9.0]
/home/lysander/repos/bannou/bannou-service/Generated/Events/AssetEventsModels.cs(216,31): warning CS1591: Missing XML comment for publicly visible type or member 'AssetProcessingCompletedEvent.ProcessingType' [/home/lysander/repos/bannou/Bannou.SDK/Bannou.SDK.csproj::TargetFramework=net9.0]
/home/lysander/repos/bannou/bannou-service/Generated/Events/AssetEventsModels.cs(231,70): warning CS1591: Missing XML comment for publicly visible type or member 'AssetProcessingCompletedEvent.Outputs' [/home/lysander/repos/bannou/Bannou.SDK/Bannou.SDK.csproj::TargetFramework=net9.0]
/home/lysander/repos/bannou/bannou-service/Generated/Events/AssetEventsModels.cs(300,27): warning CS1591: Missing XML comment for publicly visible type or member 'AssetReadyEvent.AssetType' [/home/lysander/repos/bannou/Bannou.SDK/Bannou.SDK.csproj::TargetFramework=net9.0]
/home/lysander/repos/bannou/bannou-service/Generated/Events/AssetEventsModels.cs(304,23): warning CS1591: Missing XML comment for publicly visible type or member 'AssetReadyEvent.Realm' [/home/lysander/repos/bannou/Bannou.SDK/Bannou.SDK.csproj::TargetFramework=net9.0]
/home/lysander/repos/bannou/bannou-service/Generated/Events/AssetEventsModels.cs(361,33): warning CS1591: Missing XML comment for publicly visible type or member 'BundleCreatedEvent.Compression' [/home/lysander/repos/bannou/Bannou.SDK/Bannou.SDK.csproj::TargetFramework=net9.0]
/home/lysander/repos/bannou/bannou-service/Generated/Events/AssetEventsModels.cs(372,13): warning CS1591: Missing XML comment for publicly visible type or member 'AssetTypeEnum' [/home/lysander/repos/bannou/Bannou.SDK/Bannou.SDK.csproj::TargetFramework=net9.0]
/home/lysander/repos/bannou/bannou-service/Generated/Events/AssetEventsModels.cs(376,5): warning CS1591: Missing XML comment for publicly visible type or member 'AssetTypeEnum.Texture' [/home/lysander/repos/bannou/Bannou.SDK/Bannou.SDK.csproj::TargetFramework=net9.0]
/home/lysander/repos/bannou/bannou-service/Generated/Events/AssetEventsModels.cs(379,5): warning CS1591: Missing XML comment for publicly visible type or member 'AssetTypeEnum.Model' [/home/lysander/repos/bannou/Bannou.SDK/Bannou.SDK.csproj::TargetFramework=net9.0]
/home/lysander/repos/bannou/bannou-service/Generated/Events/AssetEventsModels.cs(382,5): warning CS1591: Missing XML comment for publicly visible type or member 'AssetTypeEnum.Audio' [/home/lysander/repos/bannou/Bannou.SDK/Bannou.SDK.csproj::TargetFramework=net9.0]
/home/lysander/repos/bannou/bannou-service/Generated/Events/AssetEventsModels.cs(385,5): warning CS1591: Missing XML comment for publicly visible type or member 'AssetTypeEnum.Behavior' [/home/lysander/repos/bannou/Bannou.SDK/Bannou.SDK.csproj::TargetFramework=net9.0]
/home/lysander/repos/bannou/bannou-service/Generated/Events/AssetEventsModels.cs(388,5): warning CS1591: Missing XML comment for publicly visible type or member 'AssetTypeEnum.Bundle' [/home/lysander/repos/bannou/Bannou.SDK/Bannou.SDK.csproj::TargetFramework=net9.0]
/home/lysander/repos/bannou/bannou-service/Generated/Events/AssetEventsModels.cs(391,5): warning CS1591: Missing XML comment for publicly visible type or member 'AssetTypeEnum.Prefab' [/home/lysander/repos/bannou/Bannou.SDK/Bannou.SDK.csproj::TargetFramework=net9.0]
/home/lysander/repos/bannou/bannou-service/Generated/Events/AssetEventsModels.cs(394,5): warning CS1591: Missing XML comment for publicly visible type or member 'AssetTypeEnum.Other' [/home/lysander/repos/bannou/Bannou.SDK/Bannou.SDK.csproj::TargetFramework=net9.0]
/home/lysander/repos/bannou/bannou-service/Generated/Events/AssetEventsModels.cs(399,13): warning CS1591: Missing XML comment for publicly visible type or member 'RealmEnum' [/home/lysander/repos/bannou/Bannou.SDK/Bannou.SDK.csproj::TargetFramework=net9.0]
/home/lysander/repos/bannou/bannou-service/Generated/Events/AssetEventsModels.cs(403,5): warning CS1591: Missing XML comment for publicly visible type or member 'RealmEnum.Omega' [/home/lysander/repos/bannou/Bannou.SDK/Bannou.SDK.csproj::TargetFramework=net9.0]
/home/lysander/repos/bannou/bannou-service/Generated/Events/AssetEventsModels.cs(406,5): warning CS1591: Missing XML comment for publicly visible type or member 'RealmEnum.Arcadia' [/home/lysander/repos/bannou/Bannou.SDK/Bannou.SDK.csproj::TargetFramework=net9.0]
/home/lysander/repos/bannou/bannou-service/Generated/Events/AssetEventsModels.cs(409,5): warning CS1591: Missing XML comment for publicly visible type or member 'RealmEnum.Fantasia' [/home/lysander/repos/bannou/Bannou.SDK/Bannou.SDK.csproj::TargetFramework=net9.0]
/home/lysander/repos/bannou/bannou-service/Generated/Events/AssetEventsModels.cs(412,5): warning CS1591: Missing XML comment for publicly visible type or member 'RealmEnum.Shared' [/home/lysander/repos/bannou/Bannou.SDK/Bannou.SDK.csproj::TargetFramework=net9.0]
/home/lysander/repos/bannou/bannou-service/Generated/Events/AssetEventsModels.cs(424,5): warning CS1591: Missing XML comment for publicly visible type or member 'ProcessingTypeEnum.Mipmaps' [/home/lysander/repos/bannou/Bannou.SDK/Bannou.SDK.csproj::TargetFramework=net9.0]
/home/lysander/repos/bannou/bannou-service/Generated/Events/AssetEventsModels.cs(427,5): warning CS1591: Missing XML comment for publicly visible type or member 'ProcessingTypeEnum.Lod_generation' [/home/lysander/repos/bannou/Bannou.SDK/Bannou.SDK.csproj::TargetFramework=net9.0]
/home/lysander/repos/bannou/bannou-service/Generated/Events/AssetEventsModels.cs(430,5): warning CS1591: Missing XML comment for publicly visible type or member 'ProcessingTypeEnum.Transcode' [/home/lysander/repos/bannou/Bannou.SDK/Bannou.SDK.csproj::TargetFramework=net9.0]
/home/lysander/repos/bannou/bannou-service/Generated/Events/AssetEventsModels.cs(433,5): warning CS1591: Missing XML comment for publicly visible type or member 'ProcessingTypeEnum.Compression' [/home/lysander/repos/bannou/Bannou.SDK/Bannou.SDK.csproj::TargetFramework=net9.0]
/home/lysander/repos/bannou/bannou-service/Generated/Events/AssetEventsModels.cs(436,5): warning CS1591: Missing XML comment for publicly visible type or member 'ProcessingTypeEnum.Validation' [/home/lysander/repos/bannou/Bannou.SDK/Bannou.SDK.csproj::TargetFramework=net9.0]
/home/lysander/repos/bannou/bannou-service/Generated/Events/AssetEventsModels.cs(439,5): warning CS1591: Missing XML comment for publicly visible type or member 'ProcessingTypeEnum.Behavior_compile' [/home/lysander/repos/bannou/Bannou.SDK/Bannou.SDK.csproj::TargetFramework=net9.0]
/home/lysander/repos/bannou/bannou-service/Generated/Events/AssetEventsModels.cs(444,13): warning CS1591: Missing XML comment for publicly visible type or member 'CompressionTypeEnum' [/home/lysander/repos/bannou/Bannou.SDK/Bannou.SDK.csproj::TargetFramework=net9.0]
/home/lysander/repos/bannou/bannou-service/Generated/Events/AssetEventsModels.cs(448,5): warning CS1591: Missing XML comment for publicly visible type or member 'CompressionTypeEnum.Lz4' [/home/lysander/repos/bannou/Bannou.SDK/Bannou.SDK.csproj::TargetFramework=net9.0]
/home/lysander/repos/bannou/bannou-service/Generated/Events/AssetEventsModels.cs(451,5): warning CS1591: Missing XML comment for publicly visible type or member 'CompressionTypeEnum.Lzma' [/home/lysander/repos/bannou/Bannou.SDK/Bannou.SDK.csproj::TargetFramework=net9.0]
/home/lysander/repos/bannou/bannou-service/Generated/Events/AssetEventsModels.cs(454,5): warning CS1591: Missing XML comment for publicly visible type or member 'CompressionTypeEnum.None' [/home/lysander/repos/bannou/Bannou.SDK/Bannou.SDK.csproj::TargetFramework=net9.0]
/home/lysander/repos/bannou/bannou-service/Generated/Events/AssetEventsModels.cs(486,68): warning CS1591: Missing XML comment for publicly visible type or member 'ProcessingOutput.AdditionalProperties' [/home/lysander/repos/bannou/Bannou.SDK/Bannou.SDK.csproj::TargetFramework=net9.0]
/home/lysander/repos/bannou/bannou-service/Generated/Events/RealmLifecycleEvents.cs(32,24): warning CS1591: Missing XML comment for publicly visible type or member 'RealmCreatedEvent.RealmId' [/home/lysander/repos/bannou/Bannou.SDK/Bannou.SDK.csproj::TargetFramework=net9.0]
/home/lysander/repos/bannou/bannou-service/Generated/Events/RealmLifecycleEvents.cs(37,19): warning CS1591: Missing XML comment for publicly visible type or member 'RealmCreatedEvent.Code' [/home/lysander/repos/bannou/Bannou.SDK/Bannou.SDK.csproj::TargetFramework=net9.0]
/home/lysander/repos/bannou/bannou-service/Generated/Events/RealmLifecycleEvents.cs(42,19): warning CS1591: Missing XML comment for publicly visible type or member 'RealmCreatedEvent.Name' [/home/lysander/repos/bannou/Bannou.SDK/Bannou.SDK.csproj::TargetFramework=net9.0]
/home/lysander/repos/bannou/bannou-service/Generated/Events/RealmLifecycleEvents.cs(45,19): warning CS1591: Missing XML comment for publicly visible type or member 'RealmCreatedEvent.Description' [/home/lysander/repos/bannou/Bannou.SDK/Bannou.SDK.csproj::TargetFramework=net9.0]
/home/lysander/repos/bannou/bannou-service/Generated/Events/RealmLifecycleEvents.cs(48,19): warning CS1591: Missing XML comment for publicly visible type or member 'RealmCreatedEvent.Category' [/home/lysander/repos/bannou/Bannou.SDK/Bannou.SDK.csproj::TargetFramework=net9.0]
/home/lysander/repos/bannou/bannou-service/Generated/Events/RealmLifecycleEvents.cs(51,17): warning CS1591: Missing XML comment for publicly visible type or member 'RealmCreatedEvent.IsActive' [/home/lysander/repos/bannou/Bannou.SDK/Bannou.SDK.csproj::TargetFramework=net9.0]
/home/lysander/repos/bannou/bannou-service/Generated/Events/RealmLifecycleEvents.cs(54,17): warning CS1591: Missing XML comment for publicly visible type or member 'RealmCreatedEvent.IsDeprecated' [/home/lysander/repos/bannou/Bannou.SDK/Bannou.SDK.csproj::TargetFramework=net9.0]
/home/lysander/repos/bannou/bannou-service/Generated/Events/RealmLifecycleEvents.cs(57,34): warning CS1591: Missing XML comment for publicly visible type or member 'RealmCreatedEvent.DeprecatedAt' [/home/lysander/repos/bannou/Bannou.SDK/Bannou.SDK.csproj::TargetFramework=net9.0]
/home/lysander/repos/bannou/bannou-service/Generated/Events/RealmLifecycleEvents.cs(60,19): warning CS1591: Missing XML comment for publicly visible type or member 'RealmCreatedEvent.DeprecationReason' [/home/lysander/repos/bannou/Bannou.SDK/Bannou.SDK.csproj::TargetFramework=net9.0]
/home/lysander/repos/bannou/bannou-service/Generated/Events/RealmLifecycleEvents.cs(63,19): warning CS1591: Missing XML comment for publicly visible type or member 'RealmCreatedEvent.Metadata' [/home/lysander/repos/bannou/Bannou.SDK/Bannou.SDK.csproj::TargetFramework=net9.0]
/home/lysander/repos/bannou/bannou-service/Generated/Events/RealmLifecycleEvents.cs(68,34): warning CS1591: Missing XML comment for publicly visible type or member 'RealmCreatedEvent.CreatedAt' [/home/lysander/repos/bannou/Bannou.SDK/Bannou.SDK.csproj::TargetFramework=net9.0]
/home/lysander/repos/bannou/bannou-service/Generated/Events/RealmLifecycleEvents.cs(73,34): warning CS1591: Missing XML comment for publicly visible type or member 'RealmCreatedEvent.UpdatedAt' [/home/lysander/repos/bannou/Bannou.SDK/Bannou.SDK.csproj::TargetFramework=net9.0]
/home/lysander/repos/bannou/bannou-service/Generated/Events/RealmLifecycleEvents.cs(95,24): warning CS1591: Missing XML comment for publicly visible type or member 'RealmUpdatedEvent.RealmId' [/home/lysander/repos/bannou/Bannou.SDK/Bannou.SDK.csproj::TargetFramework=net9.0]
/home/lysander/repos/bannou/bannou-service/Generated/Events/RealmLifecycleEvents.cs(100,19): warning CS1591: Missing XML comment for publicly visible type or member 'RealmUpdatedEvent.Code' [/home/lysander/repos/bannou/Bannou.SDK/Bannou.SDK.csproj::TargetFramework=net9.0]
/home/lysander/repos/bannou/bannou-service/Generated/Events/RealmLifecycleEvents.cs(105,19): warning CS1591: Missing XML comment for publicly visible type or member 'RealmUpdatedEvent.Name' [/home/lysander/repos/bannou/Bannou.SDK/Bannou.SDK.csproj::TargetFramework=net9.0]
/home/lysander/repos/bannou/bannou-service/Generated/Events/RealmLifecycleEvents.cs(108,19): warning CS1591: Missing XML comment for publicly visible type or member 'RealmUpdatedEvent.Description' [/home/lysander/repos/bannou/Bannou.SDK/Bannou.SDK.csproj::TargetFramework=net9.0]
/home/lysander/repos/bannou/bannou-service/Generated/Events/RealmLifecycleEvents.cs(111,19): warning CS1591: Missing XML comment for publicly visible type or member 'RealmUpdatedEvent.Category' [/home/lysander/repos/bannou/Bannou.SDK/Bannou.SDK.csproj::TargetFramework=net9.0]
/home/lysander/repos/bannou/bannou-service/Generated/Events/RealmLifecycleEvents.cs(114,17): warning CS1591: Missing XML comment for publicly visible type or member 'RealmUpdatedEvent.IsActive' [/home/lysander/repos/bannou/Bannou.SDK/Bannou.SDK.csproj::TargetFramework=net9.0]
/home/lysander/repos/bannou/bannou-service/Generated/Events/RealmLifecycleEvents.cs(117,17): warning CS1591: Missing XML comment for publicly visible type or member 'RealmUpdatedEvent.IsDeprecated' [/home/lysander/repos/bannou/Bannou.SDK/Bannou.SDK.csproj::TargetFramework=net9.0]
/home/lysander/repos/bannou/bannou-service/Generated/Events/RealmLifecycleEvents.cs(120,34): warning CS1591: Missing XML comment for publicly visible type or member 'RealmUpdatedEvent.DeprecatedAt' [/home/lysander/repos/bannou/Bannou.SDK/Bannou.SDK.csproj::TargetFramework=net9.0]
/home/lysander/repos/bannou/bannou-service/Generated/Events/RealmLifecycleEvents.cs(123,19): warning CS1591: Missing XML comment for publicly visible type or member 'RealmUpdatedEvent.DeprecationReason' [/home/lysander/repos/bannou/Bannou.SDK/Bannou.SDK.csproj::TargetFramework=net9.0]
/home/lysander/repos/bannou/bannou-service/Generated/Events/RealmLifecycleEvents.cs(126,19): warning CS1591: Missing XML comment for publicly visible type or member 'RealmUpdatedEvent.Metadata' [/home/lysander/repos/bannou/Bannou.SDK/Bannou.SDK.csproj::TargetFramework=net9.0]
/home/lysander/repos/bannou/bannou-service/Generated/Events/RealmLifecycleEvents.cs(131,34): warning CS1591: Missing XML comment for publicly visible type or member 'RealmUpdatedEvent.CreatedAt' [/home/lysander/repos/bannou/Bannou.SDK/Bannou.SDK.csproj::TargetFramework=net9.0]
/home/lysander/repos/bannou/bannou-service/Generated/Events/RealmLifecycleEvents.cs(136,34): warning CS1591: Missing XML comment for publicly visible type or member 'RealmUpdatedEvent.UpdatedAt' [/home/lysander/repos/bannou/Bannou.SDK/Bannou.SDK.csproj::TargetFramework=net9.0]
/home/lysander/repos/bannou/bannou-service/Generated/Events/RealmLifecycleEvents.cs(166,24): warning CS1591: Missing XML comment for publicly visible type or member 'RealmDeletedEvent.RealmId' [/home/lysander/repos/bannou/Bannou.SDK/Bannou.SDK.csproj::TargetFramework=net9.0]
/home/lysander/repos/bannou/bannou-service/Generated/Events/RealmLifecycleEvents.cs(171,19): warning CS1591: Missing XML comment for publicly visible type or member 'RealmDeletedEvent.Code' [/home/lysander/repos/bannou/Bannou.SDK/Bannou.SDK.csproj::TargetFramework=net9.0]
/home/lysander/repos/bannou/bannou-service/Generated/Events/RealmLifecycleEvents.cs(176,19): warning CS1591: Missing XML comment for publicly visible type or member 'RealmDeletedEvent.Name' [/home/lysander/repos/bannou/Bannou.SDK/Bannou.SDK.csproj::TargetFramework=net9.0]
/home/lysander/repos/bannou/bannou-service/Generated/Events/RealmLifecycleEvents.cs(179,19): warning CS1591: Missing XML comment for publicly visible type or member 'RealmDeletedEvent.Description' [/home/lysander/repos/bannou/Bannou.SDK/Bannou.SDK.csproj::TargetFramework=net9.0]
/home/lysander/repos/bannou/bannou-service/Generated/Events/RealmLifecycleEvents.cs(182,19): warning CS1591: Missing XML comment for publicly visible type or member 'RealmDeletedEvent.Category' [/home/lysander/repos/bannou/Bannou.SDK/Bannou.SDK.csproj::TargetFramework=net9.0]
/home/lysander/repos/bannou/bannou-service/Generated/Events/RealmLifecycleEvents.cs(185,17): warning CS1591: Missing XML comment for publicly visible type or member 'RealmDeletedEvent.IsActive' [/home/lysander/repos/bannou/Bannou.SDK/Bannou.SDK.csproj::TargetFramework=net9.0]
/home/lysander/repos/bannou/bannou-service/Generated/Events/RealmLifecycleEvents.cs(188,17): warning CS1591: Missing XML comment for publicly visible type or member 'RealmDeletedEvent.IsDeprecated' [/home/lysander/repos/bannou/Bannou.SDK/Bannou.SDK.csproj::TargetFramework=net9.0]
/home/lysander/repos/bannou/bannou-service/Generated/Events/RealmLifecycleEvents.cs(191,34): warning CS1591: Missing XML comment for publicly visible type or member 'RealmDeletedEvent.DeprecatedAt' [/home/lysander/repos/bannou/Bannou.SDK/Bannou.SDK.csproj::TargetFramework=net9.0]
/home/lysander/repos/bannou/bannou-service/Generated/Events/RealmLifecycleEvents.cs(194,19): warning CS1591: Missing XML comment for publicly visible type or member 'RealmDeletedEvent.DeprecationReason' [/home/lysander/repos/bannou/Bannou.SDK/Bannou.SDK.csproj::TargetFramework=net9.0]
/home/lysander/repos/bannou/bannou-service/Generated/Events/RealmLifecycleEvents.cs(197,19): warning CS1591: Missing XML comment for publicly visible type or member 'RealmDeletedEvent.Metadata' [/home/lysander/repos/bannou/Bannou.SDK/Bannou.SDK.csproj::TargetFramework=net9.0]
/home/lysander/repos/bannou/bannou-service/Generated/Events/RealmLifecycleEvents.cs(202,34): warning CS1591: Missing XML comment for publicly visible type or member 'RealmDeletedEvent.CreatedAt' [/home/lysander/repos/bannou/Bannou.SDK/Bannou.SDK.csproj::TargetFramework=net9.0]
/home/lysander/repos/bannou/bannou-service/Generated/Events/RealmLifecycleEvents.cs(207,34): warning CS1591: Missing XML comment for publicly visible type or member 'RealmDeletedEvent.UpdatedAt' [/home/lysander/repos/bannou/Bannou.SDK/Bannou.SDK.csproj::TargetFramework=net9.0]
/home/lysander/repos/bannou/bannou-service/Generated/Events/RelationshipLifecycleEvents.cs(32,24): warning CS1591: Missing XML comment for publicly visible type or member 'RelationshipCreatedEvent.RelationshipId' [/home/lysander/repos/bannou/Bannou.SDK/Bannou.SDK.csproj::TargetFramework=net9.0]
/home/lysander/repos/bannou/bannou-service/Generated/Events/RelationshipLifecycleEvents.cs(37,24): warning CS1591: Missing XML comment for publicly visible type or member 'RelationshipCreatedEvent.Entity1Id' [/home/lysander/repos/bannou/Bannou.SDK/Bannou.SDK.csproj::TargetFramework=net9.0]
/home/lysander/repos/bannou/bannou-service/Generated/Events/RelationshipLifecycleEvents.cs(42,19): warning CS1591: Missing XML comment for publicly visible type or member 'RelationshipCreatedEvent.Entity1Type' [/home/lysander/repos/bannou/Bannou.SDK/Bannou.SDK.csproj::TargetFramework=net9.0]
/home/lysander/repos/bannou/bannou-service/Generated/Events/RelationshipLifecycleEvents.cs(47,24): warning CS1591: Missing XML comment for publicly visible type or member 'RelationshipCreatedEvent.Entity2Id' [/home/lysander/repos/bannou/Bannou.SDK/Bannou.SDK.csproj::TargetFramework=net9.0]
/home/lysander/repos/bannou/bannou-service/Generated/Events/RelationshipLifecycleEvents.cs(52,19): warning CS1591: Missing XML comment for publicly visible type or member 'RelationshipCreatedEvent.Entity2Type' [/home/lysander/repos/bannou/Bannou.SDK/Bannou.SDK.csproj::TargetFramework=net9.0]
/home/lysander/repos/bannou/bannou-service/Generated/Events/RelationshipLifecycleEvents.cs(57,24): warning CS1591: Missing XML comment for publicly visible type or member 'RelationshipCreatedEvent.RelationshipTypeId' [/home/lysander/repos/bannou/Bannou.SDK/Bannou.SDK.csproj::TargetFramework=net9.0]
/home/lysander/repos/bannou/bannou-service/Generated/Events/RelationshipLifecycleEvents.cs(62,34): warning CS1591: Missing XML comment for publicly visible type or member 'RelationshipCreatedEvent.StartedAt' [/home/lysander/repos/bannou/Bannou.SDK/Bannou.SDK.csproj::TargetFramework=net9.0]
/home/lysander/repos/bannou/bannou-service/Generated/Events/RelationshipLifecycleEvents.cs(65,34): warning CS1591: Missing XML comment for publicly visible type or member 'RelationshipCreatedEvent.EndedAt' [/home/lysander/repos/bannou/Bannou.SDK/Bannou.SDK.csproj::TargetFramework=net9.0]
/home/lysander/repos/bannou/bannou-service/Generated/Events/RelationshipLifecycleEvents.cs(68,19): warning CS1591: Missing XML comment for publicly visible type or member 'RelationshipCreatedEvent.Metadata' [/home/lysander/repos/bannou/Bannou.SDK/Bannou.SDK.csproj::TargetFramework=net9.0]
/home/lysander/repos/bannou/bannou-service/Generated/Events/RelationshipLifecycleEvents.cs(73,34): warning CS1591: Missing XML comment for publicly visible type or member 'RelationshipCreatedEvent.CreatedAt' [/home/lysander/repos/bannou/Bannou.SDK/Bannou.SDK.csproj::TargetFramework=net9.0]
/home/lysander/repos/bannou/bannou-service/Generated/Events/RelationshipLifecycleEvents.cs(76,34): warning CS1591: Missing XML comment for publicly visible type or member 'RelationshipCreatedEvent.UpdatedAt' [/home/lysander/repos/bannou/Bannou.SDK/Bannou.SDK.csproj::TargetFramework=net9.0]
/home/lysander/repos/bannou/bannou-service/Generated/Events/RelationshipLifecycleEvents.cs(98,24): warning CS1591: Missing XML comment for publicly visible type or member 'RelationshipUpdatedEvent.RelationshipId' [/home/lysander/repos/bannou/Bannou.SDK/Bannou.SDK.csproj::TargetFramework=net9.0]
/home/lysander/repos/bannou/bannou-service/Generated/Events/RelationshipLifecycleEvents.cs(103,24): warning CS1591: Missing XML comment for publicly visible type or member 'RelationshipUpdatedEvent.Entity1Id' [/home/lysander/repos/bannou/Bannou.SDK/Bannou.SDK.csproj::TargetFramework=net9.0]
/home/lysander/repos/bannou/bannou-service/Generated/Events/RelationshipLifecycleEvents.cs(108,19): warning CS1591: Missing XML comment for publicly visible type or member 'RelationshipUpdatedEvent.Entity1Type' [/home/lysander/repos/bannou/Bannou.SDK/Bannou.SDK.csproj::TargetFramework=net9.0]
/home/lysander/repos/bannou/bannou-service/Generated/Events/RelationshipLifecycleEvents.cs(113,24): warning CS1591: Missing XML comment for publicly visible type or member 'RelationshipUpdatedEvent.Entity2Id' [/home/lysander/repos/bannou/Bannou.SDK/Bannou.SDK.csproj::TargetFramework=net9.0]
/home/lysander/repos/bannou/bannou-service/Generated/Events/RelationshipLifecycleEvents.cs(118,19): warning CS1591: Missing XML comment for publicly visible type or member 'RelationshipUpdatedEvent.Entity2Type' [/home/lysander/repos/bannou/Bannou.SDK/Bannou.SDK.csproj::TargetFramework=net9.0]
/home/lysander/repos/bannou/bannou-service/Generated/Events/RelationshipLifecycleEvents.cs(123,24): warning CS1591: Missing XML comment for publicly visible type or member 'RelationshipUpdatedEvent.RelationshipTypeId' [/home/lysander/repos/bannou/Bannou.SDK/Bannou.SDK.csproj::TargetFramework=net9.0]
/home/lysander/repos/bannou/bannou-service/Generated/Events/RelationshipLifecycleEvents.cs(128,34): warning CS1591: Missing XML comment for publicly visible type or member 'RelationshipUpdatedEvent.StartedAt' [/home/lysander/repos/bannou/Bannou.SDK/Bannou.SDK.csproj::TargetFramework=net9.0]
/home/lysander/repos/bannou/bannou-service/Generated/Events/RelationshipLifecycleEvents.cs(131,34): warning CS1591: Missing XML comment for publicly visible type or member 'RelationshipUpdatedEvent.EndedAt' [/home/lysander/repos/bannou/Bannou.SDK/Bannou.SDK.csproj::TargetFramework=net9.0]
/home/lysander/repos/bannou/bannou-service/Generated/Events/RelationshipLifecycleEvents.cs(134,19): warning CS1591: Missing XML comment for publicly visible type or member 'RelationshipUpdatedEvent.Metadata' [/home/lysander/repos/bannou/Bannou.SDK/Bannou.SDK.csproj::TargetFramework=net9.0]
/home/lysander/repos/bannou/bannou-service/Generated/Events/RelationshipLifecycleEvents.cs(139,34): warning CS1591: Missing XML comment for publicly visible type or member 'RelationshipUpdatedEvent.CreatedAt' [/home/lysander/repos/bannou/Bannou.SDK/Bannou.SDK.csproj::TargetFramework=net9.0]
/home/lysander/repos/bannou/bannou-service/Generated/Events/RelationshipLifecycleEvents.cs(142,34): warning CS1591: Missing XML comment for publicly visible type or member 'RelationshipUpdatedEvent.UpdatedAt' [/home/lysander/repos/bannou/Bannou.SDK/Bannou.SDK.csproj::TargetFramework=net9.0]
/home/lysander/repos/bannou/bannou-service/Generated/Events/RelationshipLifecycleEvents.cs(172,24): warning CS1591: Missing XML comment for publicly visible type or member 'RelationshipDeletedEvent.RelationshipId' [/home/lysander/repos/bannou/Bannou.SDK/Bannou.SDK.csproj::TargetFramework=net9.0]
/home/lysander/repos/bannou/bannou-service/Generated/Events/RelationshipLifecycleEvents.cs(177,24): warning CS1591: Missing XML comment for publicly visible type or member 'RelationshipDeletedEvent.Entity1Id' [/home/lysander/repos/bannou/Bannou.SDK/Bannou.SDK.csproj::TargetFramework=net9.0]
/home/lysander/repos/bannou/bannou-service/Generated/Events/RelationshipLifecycleEvents.cs(182,19): warning CS1591: Missing XML comment for publicly visible type or member 'RelationshipDeletedEvent.Entity1Type' [/home/lysander/repos/bannou/Bannou.SDK/Bannou.SDK.csproj::TargetFramework=net9.0]
/home/lysander/repos/bannou/bannou-service/Generated/Events/RelationshipLifecycleEvents.cs(187,24): warning CS1591: Missing XML comment for publicly visible type or member 'RelationshipDeletedEvent.Entity2Id' [/home/lysander/repos/bannou/Bannou.SDK/Bannou.SDK.csproj::TargetFramework=net9.0]
/home/lysander/repos/bannou/bannou-service/Generated/Events/RelationshipLifecycleEvents.cs(192,19): warning CS1591: Missing XML comment for publicly visible type or member 'RelationshipDeletedEvent.Entity2Type' [/home/lysander/repos/bannou/Bannou.SDK/Bannou.SDK.csproj::TargetFramework=net9.0]
/home/lysander/repos/bannou/bannou-service/Generated/Events/RelationshipLifecycleEvents.cs(197,24): warning CS1591: Missing XML comment for publicly visible type or member 'RelationshipDeletedEvent.RelationshipTypeId' [/home/lysander/repos/bannou/Bannou.SDK/Bannou.SDK.csproj::TargetFramework=net9.0]
/home/lysander/repos/bannou/bannou-service/Generated/Events/RelationshipLifecycleEvents.cs(202,34): warning CS1591: Missing XML comment for publicly visible type or member 'RelationshipDeletedEvent.StartedAt' [/home/lysander/repos/bannou/Bannou.SDK/Bannou.SDK.csproj::TargetFramework=net9.0]
/home/lysander/repos/bannou/bannou-service/Generated/Events/RelationshipLifecycleEvents.cs(205,34): warning CS1591: Missing XML comment for publicly visible type or member 'RelationshipDeletedEvent.EndedAt' [/home/lysander/repos/bannou/Bannou.SDK/Bannou.SDK.csproj::TargetFramework=net9.0]
/home/lysander/repos/bannou/bannou-service/Generated/Events/RelationshipLifecycleEvents.cs(208,19): warning CS1591: Missing XML comment for publicly visible type or member 'RelationshipDeletedEvent.Metadata' [/home/lysander/repos/bannou/Bannou.SDK/Bannou.SDK.csproj::TargetFramework=net9.0]
/home/lysander/repos/bannou/bannou-service/Generated/Events/RelationshipLifecycleEvents.cs(213,34): warning CS1591: Missing XML comment for publicly visible type or member 'RelationshipDeletedEvent.CreatedAt' [/home/lysander/repos/bannou/Bannou.SDK/Bannou.SDK.csproj::TargetFramework=net9.0]
/home/lysander/repos/bannou/bannou-service/Generated/Events/RelationshipLifecycleEvents.cs(216,34): warning CS1591: Missing XML comment for publicly visible type or member 'RelationshipDeletedEvent.UpdatedAt' [/home/lysander/repos/bannou/Bannou.SDK/Bannou.SDK.csproj::TargetFramework=net9.0]
/home/lysander/repos/bannou/bannou-service/Generated/Events/GameSessionLifecycleEvents.cs(32,24): warning CS1591: Missing XML comment for publicly visible type or member 'GameSessionCreatedEvent.SessionId' [/home/lysander/repos/bannou/Bannou.SDK/Bannou.SDK.csproj::TargetFramework=net9.0]
/home/lysander/repos/bannou/bannou-service/Generated/Events/GameSessionLifecycleEvents.cs(37,19): warning CS1591: Missing XML comment for publicly visible type or member 'GameSessionCreatedEvent.GameType' [/home/lysander/repos/bannou/Bannou.SDK/Bannou.SDK.csproj::TargetFramework=net9.0]
/home/lysander/repos/bannou/bannou-service/Generated/Events/GameSessionLifecycleEvents.cs(40,19): warning CS1591: Missing XML comment for publicly visible type or member 'GameSessionCreatedEvent.SessionName' [/home/lysander/repos/bannou/Bannou.SDK/Bannou.SDK.csproj::TargetFramework=net9.0]
/home/lysander/repos/bannou/bannou-service/Generated/Events/GameSessionLifecycleEvents.cs(45,19): warning CS1591: Missing XML comment for publicly visible type or member 'GameSessionCreatedEvent.Status' [/home/lysander/repos/bannou/Bannou.SDK/Bannou.SDK.csproj::TargetFramework=net9.0]
/home/lysander/repos/bannou/bannou-service/Generated/Events/GameSessionLifecycleEvents.cs(48,16): warning CS1591: Missing XML comment for publicly visible type or member 'GameSessionCreatedEvent.MaxPlayers' [/home/lysander/repos/bannou/Bannou.SDK/Bannou.SDK.csproj::TargetFramework=net9.0]
/home/lysander/repos/bannou/bannou-service/Generated/Events/GameSessionLifecycleEvents.cs(51,16): warning CS1591: Missing XML comment for publicly visible type or member 'GameSessionCreatedEvent.CurrentPlayers' [/home/lysander/repos/bannou/Bannou.SDK/Bannou.SDK.csproj::TargetFramework=net9.0]
/home/lysander/repos/bannou/bannou-service/Generated/Events/GameSessionLifecycleEvents.cs(54,17): warning CS1591: Missing XML comment for publicly visible type or member 'GameSessionCreatedEvent.IsPrivate' [/home/lysander/repos/bannou/Bannou.SDK/Bannou.SDK.csproj::TargetFramework=net9.0]
/home/lysander/repos/bannou/bannou-service/Generated/Events/GameSessionLifecycleEvents.cs(57,24): warning CS1591: Missing XML comment for publicly visible type or member 'GameSessionCreatedEvent.Owner' [/home/lysander/repos/bannou/Bannou.SDK/Bannou.SDK.csproj::TargetFramework=net9.0]
/home/lysander/repos/bannou/bannou-service/Generated/Events/GameSessionLifecycleEvents.cs(62,34): warning CS1591: Missing XML comment for publicly visible type or member 'GameSessionCreatedEvent.CreatedAt' [/home/lysander/repos/bannou/Bannou.SDK/Bannou.SDK.csproj::TargetFramework=net9.0]
/home/lysander/repos/bannou/bannou-service/Generated/Events/GameSessionLifecycleEvents.cs(84,24): warning CS1591: Missing XML comment for publicly visible type or member 'GameSessionUpdatedEvent.SessionId' [/home/lysander/repos/bannou/Bannou.SDK/Bannou.SDK.csproj::TargetFramework=net9.0]
/home/lysander/repos/bannou/bannou-service/Generated/Events/GameSessionLifecycleEvents.cs(89,19): warning CS1591: Missing XML comment for publicly visible type or member 'GameSessionUpdatedEvent.GameType' [/home/lysander/repos/bannou/Bannou.SDK/Bannou.SDK.csproj::TargetFramework=net9.0]
/home/lysander/repos/bannou/bannou-service/Generated/Events/GameSessionLifecycleEvents.cs(92,19): warning CS1591: Missing XML comment for publicly visible type or member 'GameSessionUpdatedEvent.SessionName' [/home/lysander/repos/bannou/Bannou.SDK/Bannou.SDK.csproj::TargetFramework=net9.0]
/home/lysander/repos/bannou/bannou-service/Generated/Events/GameSessionLifecycleEvents.cs(97,19): warning CS1591: Missing XML comment for publicly visible type or member 'GameSessionUpdatedEvent.Status' [/home/lysander/repos/bannou/Bannou.SDK/Bannou.SDK.csproj::TargetFramework=net9.0]
/home/lysander/repos/bannou/bannou-service/Generated/Events/GameSessionLifecycleEvents.cs(100,16): warning CS1591: Missing XML comment for publicly visible type or member 'GameSessionUpdatedEvent.MaxPlayers' [/home/lysander/repos/bannou/Bannou.SDK/Bannou.SDK.csproj::TargetFramework=net9.0]
/home/lysander/repos/bannou/bannou-service/Generated/Events/GameSessionLifecycleEvents.cs(103,16): warning CS1591: Missing XML comment for publicly visible type or member 'GameSessionUpdatedEvent.CurrentPlayers' [/home/lysander/repos/bannou/Bannou.SDK/Bannou.SDK.csproj::TargetFramework=net9.0]
/home/lysander/repos/bannou/bannou-service/Generated/Events/GameSessionLifecycleEvents.cs(106,17): warning CS1591: Missing XML comment for publicly visible type or member 'GameSessionUpdatedEvent.IsPrivate' [/home/lysander/repos/bannou/Bannou.SDK/Bannou.SDK.csproj::TargetFramework=net9.0]
/home/lysander/repos/bannou/bannou-service/Generated/Events/GameSessionLifecycleEvents.cs(109,24): warning CS1591: Missing XML comment for publicly visible type or member 'GameSessionUpdatedEvent.Owner' [/home/lysander/repos/bannou/Bannou.SDK/Bannou.SDK.csproj::TargetFramework=net9.0]
/home/lysander/repos/bannou/bannou-service/Generated/Events/GameSessionLifecycleEvents.cs(114,34): warning CS1591: Missing XML comment for publicly visible type or member 'GameSessionUpdatedEvent.CreatedAt' [/home/lysander/repos/bannou/Bannou.SDK/Bannou.SDK.csproj::TargetFramework=net9.0]
/home/lysander/repos/bannou/bannou-service/Generated/Events/GameSessionLifecycleEvents.cs(144,24): warning CS1591: Missing XML comment for publicly visible type or member 'GameSessionDeletedEvent.SessionId' [/home/lysander/repos/bannou/Bannou.SDK/Bannou.SDK.csproj::TargetFramework=net9.0]
/home/lysander/repos/bannou/bannou-service/Generated/Events/GameSessionLifecycleEvents.cs(149,19): warning CS1591: Missing XML comment for publicly visible type or member 'GameSessionDeletedEvent.GameType' [/home/lysander/repos/bannou/Bannou.SDK/Bannou.SDK.csproj::TargetFramework=net9.0]
/home/lysander/repos/bannou/bannou-service/Generated/Events/GameSessionLifecycleEvents.cs(152,19): warning CS1591: Missing XML comment for publicly visible type or member 'GameSessionDeletedEvent.SessionName' [/home/lysander/repos/bannou/Bannou.SDK/Bannou.SDK.csproj::TargetFramework=net9.0]
/home/lysander/repos/bannou/bannou-service/Generated/Events/GameSessionLifecycleEvents.cs(157,19): warning CS1591: Missing XML comment for publicly visible type or member 'GameSessionDeletedEvent.Status' [/home/lysander/repos/bannou/Bannou.SDK/Bannou.SDK.csproj::TargetFramework=net9.0]
/home/lysander/repos/bannou/bannou-service/Generated/Events/GameSessionLifecycleEvents.cs(160,16): warning CS1591: Missing XML comment for publicly visible type or member 'GameSessionDeletedEvent.MaxPlayers' [/home/lysander/repos/bannou/Bannou.SDK/Bannou.SDK.csproj::TargetFramework=net9.0]
/home/lysander/repos/bannou/bannou-service/Generated/Events/GameSessionLifecycleEvents.cs(163,16): warning CS1591: Missing XML comment for publicly visible type or member 'GameSessionDeletedEvent.CurrentPlayers' [/home/lysander/repos/bannou/Bannou.SDK/Bannou.SDK.csproj::TargetFramework=net9.0]
/home/lysander/repos/bannou/bannou-service/Generated/Events/GameSessionLifecycleEvents.cs(166,17): warning CS1591: Missing XML comment for publicly visible type or member 'GameSessionDeletedEvent.IsPrivate' [/home/lysander/repos/bannou/Bannou.SDK/Bannou.SDK.csproj::TargetFramework=net9.0]
/home/lysander/repos/bannou/bannou-service/Generated/Events/GameSessionLifecycleEvents.cs(169,24): warning CS1591: Missing XML comment for publicly visible type or member 'GameSessionDeletedEvent.Owner' [/home/lysander/repos/bannou/Bannou.SDK/Bannou.SDK.csproj::TargetFramework=net9.0]
/home/lysander/repos/bannou/bannou-service/Generated/Events/GameSessionLifecycleEvents.cs(174,34): warning CS1591: Missing XML comment for publicly visible type or member 'GameSessionDeletedEvent.CreatedAt' [/home/lysander/repos/bannou/Bannou.SDK/Bannou.SDK.csproj::TargetFramework=net9.0]
/home/lysander/repos/bannou/bannou-service/Generated/Events/GameSessionEventsModels.cs(56,68): warning CS1591: Missing XML comment for publicly visible type or member 'GameSessionPlayerJoinedEvent.AdditionalProperties' [/home/lysander/repos/bannou/Bannou.SDK/Bannou.SDK.csproj::TargetFramework=net9.0]
/home/lysander/repos/bannou/bannou-service/Generated/Events/GameSessionEventsModels.cs(118,68): warning CS1591: Missing XML comment for publicly visible type or member 'GameSessionPlayerLeftEvent.AdditionalProperties' [/home/lysander/repos/bannou/Bannou.SDK/Bannou.SDK.csproj::TargetFramework=net9.0]
/home/lysander/repos/bannou/bannou-service/Generated/Events/AccountsLifecycleEvents.cs(32,24): warning CS1591: Missing XML comment for publicly visible type or member 'AccountCreatedEvent.AccountId' [/home/lysander/repos/bannou/Bannou.SDK/Bannou.SDK.csproj::TargetFramework=net9.0]
/home/lysander/repos/bannou/bannou-service/Generated/Events/AccountsLifecycleEvents.cs(37,19): warning CS1591: Missing XML comment for publicly visible type or member 'AccountCreatedEvent.Email' [/home/lysander/repos/bannou/Bannou.SDK/Bannou.SDK.csproj::TargetFramework=net9.0]
/home/lysander/repos/bannou/bannou-service/Generated/Events/AccountsLifecycleEvents.cs(40,19): warning CS1591: Missing XML comment for publicly visible type or member 'AccountCreatedEvent.DisplayName' [/home/lysander/repos/bannou/Bannou.SDK/Bannou.SDK.csproj::TargetFramework=net9.0]
/home/lysander/repos/bannou/bannou-service/Generated/Events/AccountsLifecycleEvents.cs(43,17): warning CS1591: Missing XML comment for publicly visible type or member 'AccountCreatedEvent.EmailVerified' [/home/lysander/repos/bannou/Bannou.SDK/Bannou.SDK.csproj::TargetFramework=net9.0]
/home/lysander/repos/bannou/bannou-service/Generated/Events/AccountsLifecycleEvents.cs(46,59): warning CS1591: Missing XML comment for publicly visible type or member 'AccountCreatedEvent.Roles' [/home/lysander/repos/bannou/Bannou.SDK/Bannou.SDK.csproj::TargetFramework=net9.0]
/home/lysander/repos/bannou/bannou-service/Generated/Events/AccountsLifecycleEvents.cs(51,34): warning CS1591: Missing XML comment for publicly visible type or member 'AccountCreatedEvent.CreatedAt' [/home/lysander/repos/bannou/Bannou.SDK/Bannou.SDK.csproj::TargetFramework=net9.0]
/home/lysander/repos/bannou/bannou-service/Generated/Events/AccountsLifecycleEvents.cs(54,34): warning CS1591: Missing XML comment for publicly visible type or member 'AccountCreatedEvent.UpdatedAt' [/home/lysander/repos/bannou/Bannou.SDK/Bannou.SDK.csproj::TargetFramework=net9.0]
/home/lysander/repos/bannou/bannou-service/Generated/Events/AccountsLifecycleEvents.cs(57,19): warning CS1591: Missing XML comment for publicly visible type or member 'AccountCreatedEvent.Metadata' [/home/lysander/repos/bannou/Bannou.SDK/Bannou.SDK.csproj::TargetFramework=net9.0]
/home/lysander/repos/bannou/bannou-service/Generated/Events/AccountsLifecycleEvents.cs(79,24): warning CS1591: Missing XML comment for publicly visible type or member 'AccountUpdatedEvent.AccountId' [/home/lysander/repos/bannou/Bannou.SDK/Bannou.SDK.csproj::TargetFramework=net9.0]
/home/lysander/repos/bannou/bannou-service/Generated/Events/AccountsLifecycleEvents.cs(84,19): warning CS1591: Missing XML comment for publicly visible type or member 'AccountUpdatedEvent.Email' [/home/lysander/repos/bannou/Bannou.SDK/Bannou.SDK.csproj::TargetFramework=net9.0]
/home/lysander/repos/bannou/bannou-service/Generated/Events/AccountsLifecycleEvents.cs(87,19): warning CS1591: Missing XML comment for publicly visible type or member 'AccountUpdatedEvent.DisplayName' [/home/lysander/repos/bannou/Bannou.SDK/Bannou.SDK.csproj::TargetFramework=net9.0]
/home/lysander/repos/bannou/bannou-service/Generated/Events/AccountsLifecycleEvents.cs(90,17): warning CS1591: Missing XML comment for publicly visible type or member 'AccountUpdatedEvent.EmailVerified' [/home/lysander/repos/bannou/Bannou.SDK/Bannou.SDK.csproj::TargetFramework=net9.0]
/home/lysander/repos/bannou/bannou-service/Generated/Events/AccountsLifecycleEvents.cs(93,59): warning CS1591: Missing XML comment for publicly visible type or member 'AccountUpdatedEvent.Roles' [/home/lysander/repos/bannou/Bannou.SDK/Bannou.SDK.csproj::TargetFramework=net9.0]
/home/lysander/repos/bannou/bannou-service/Generated/Events/AccountsLifecycleEvents.cs(98,34): warning CS1591: Missing XML comment for publicly visible type or member 'AccountUpdatedEvent.CreatedAt' [/home/lysander/repos/bannou/Bannou.SDK/Bannou.SDK.csproj::TargetFramework=net9.0]
/home/lysander/repos/bannou/bannou-service/Generated/Events/AccountsLifecycleEvents.cs(101,34): warning CS1591: Missing XML comment for publicly visible type or member 'AccountUpdatedEvent.UpdatedAt' [/home/lysander/repos/bannou/Bannou.SDK/Bannou.SDK.csproj::TargetFramework=net9.0]
/home/lysander/repos/bannou/bannou-service/Generated/Events/AccountsLifecycleEvents.cs(104,19): warning CS1591: Missing XML comment for publicly visible type or member 'AccountUpdatedEvent.Metadata' [/home/lysander/repos/bannou/Bannou.SDK/Bannou.SDK.csproj::TargetFramework=net9.0]
/home/lysander/repos/bannou/bannou-service/Generated/Events/AccountsLifecycleEvents.cs(134,24): warning CS1591: Missing XML comment for publicly visible type or member 'AccountDeletedEvent.AccountId' [/home/lysander/repos/bannou/Bannou.SDK/Bannou.SDK.csproj::TargetFramework=net9.0]
/home/lysander/repos/bannou/bannou-service/Generated/Events/AccountsLifecycleEvents.cs(139,19): warning CS1591: Missing XML comment for publicly visible type or member 'AccountDeletedEvent.Email' [/home/lysander/repos/bannou/Bannou.SDK/Bannou.SDK.csproj::TargetFramework=net9.0]
/home/lysander/repos/bannou/bannou-service/Generated/Events/AccountsLifecycleEvents.cs(142,19): warning CS1591: Missing XML comment for publicly visible type or member 'AccountDeletedEvent.DisplayName' [/home/lysander/repos/bannou/Bannou.SDK/Bannou.SDK.csproj::TargetFramework=net9.0]
/home/lysander/repos/bannou/bannou-service/Generated/Events/AccountsLifecycleEvents.cs(145,17): warning CS1591: Missing XML comment for publicly visible type or member 'AccountDeletedEvent.EmailVerified' [/home/lysander/repos/bannou/Bannou.SDK/Bannou.SDK.csproj::TargetFramework=net9.0]
/home/lysander/repos/bannou/bannou-service/Generated/Events/AccountsLifecycleEvents.cs(148,59): warning CS1591: Missing XML comment for publicly visible type or member 'AccountDeletedEvent.Roles' [/home/lysander/repos/bannou/Bannou.SDK/Bannou.SDK.csproj::TargetFramework=net9.0]
/home/lysander/repos/bannou/bannou-service/Generated/Events/AccountsLifecycleEvents.cs(153,34): warning CS1591: Missing XML comment for publicly visible type or member 'AccountDeletedEvent.CreatedAt' [/home/lysander/repos/bannou/Bannou.SDK/Bannou.SDK.csproj::TargetFramework=net9.0]
/home/lysander/repos/bannou/bannou-service/Generated/Events/AccountsLifecycleEvents.cs(156,34): warning CS1591: Missing XML comment for publicly visible type or member 'AccountDeletedEvent.UpdatedAt' [/home/lysander/repos/bannou/Bannou.SDK/Bannou.SDK.csproj::TargetFramework=net9.0]
/home/lysander/repos/bannou/bannou-service/Generated/Events/AccountsLifecycleEvents.cs(159,19): warning CS1591: Missing XML comment for publicly visible type or member 'AccountDeletedEvent.Metadata' [/home/lysander/repos/bannou/Bannou.SDK/Bannou.SDK.csproj::TargetFramework=net9.0]
/home/lysander/repos/bannou/bannou-service/Generated/Events/SpeciesLifecycleEvents.cs(32,24): warning CS1591: Missing XML comment for publicly visible type or member 'SpeciesCreatedEvent.SpeciesId' [/home/lysander/repos/bannou/Bannou.SDK/Bannou.SDK.csproj::TargetFramework=net9.0]
/home/lysander/repos/bannou/bannou-service/Generated/Events/SpeciesLifecycleEvents.cs(37,19): warning CS1591: Missing XML comment for publicly visible type or member 'SpeciesCreatedEvent.Code' [/home/lysander/repos/bannou/Bannou.SDK/Bannou.SDK.csproj::TargetFramework=net9.0]
/home/lysander/repos/bannou/bannou-service/Generated/Events/SpeciesLifecycleEvents.cs(42,19): warning CS1591: Missing XML comment for publicly visible type or member 'SpeciesCreatedEvent.Name' [/home/lysander/repos/bannou/Bannou.SDK/Bannou.SDK.csproj::TargetFramework=net9.0]
/home/lysander/repos/bannou/bannou-service/Generated/Events/SpeciesLifecycleEvents.cs(45,19): warning CS1591: Missing XML comment for publicly visible type or member 'SpeciesCreatedEvent.Description' [/home/lysander/repos/bannou/Bannou.SDK/Bannou.SDK.csproj::TargetFramework=net9.0]
/home/lysander/repos/bannou/bannou-service/Generated/Events/SpeciesLifecycleEvents.cs(48,19): warning CS1591: Missing XML comment for publicly visible type or member 'SpeciesCreatedEvent.Category' [/home/lysander/repos/bannou/Bannou.SDK/Bannou.SDK.csproj::TargetFramework=net9.0]
/home/lysander/repos/bannou/bannou-service/Generated/Events/SpeciesLifecycleEvents.cs(51,17): warning CS1591: Missing XML comment for publicly visible type or member 'SpeciesCreatedEvent.IsPlayable' [/home/lysander/repos/bannou/Bannou.SDK/Bannou.SDK.csproj::TargetFramework=net9.0]
/home/lysander/repos/bannou/bannou-service/Generated/Events/SpeciesLifecycleEvents.cs(54,17): warning CS1591: Missing XML comment for publicly visible type or member 'SpeciesCreatedEvent.IsDeprecated' [/home/lysander/repos/bannou/Bannou.SDK/Bannou.SDK.csproj::TargetFramework=net9.0]
/home/lysander/repos/bannou/bannou-service/Generated/Events/SpeciesLifecycleEvents.cs(57,34): warning CS1591: Missing XML comment for publicly visible type or member 'SpeciesCreatedEvent.DeprecatedAt' [/home/lysander/repos/bannou/Bannou.SDK/Bannou.SDK.csproj::TargetFramework=net9.0]
/home/lysander/repos/bannou/bannou-service/Generated/Events/SpeciesLifecycleEvents.cs(60,19): warning CS1591: Missing XML comment for publicly visible type or member 'SpeciesCreatedEvent.DeprecationReason' [/home/lysander/repos/bannou/Bannou.SDK/Bannou.SDK.csproj::TargetFramework=net9.0]
/home/lysander/repos/bannou/bannou-service/Generated/Events/SpeciesLifecycleEvents.cs(63,16): warning CS1591: Missing XML comment for publicly visible type or member 'SpeciesCreatedEvent.BaseLifespan' [/home/lysander/repos/bannou/Bannou.SDK/Bannou.SDK.csproj::TargetFramework=net9.0]
/home/lysander/repos/bannou/bannou-service/Generated/Events/SpeciesLifecycleEvents.cs(66,16): warning CS1591: Missing XML comment for publicly visible type or member 'SpeciesCreatedEvent.MaturityAge' [/home/lysander/repos/bannou/Bannou.SDK/Bannou.SDK.csproj::TargetFramework=net9.0]
/home/lysander/repos/bannou/bannou-service/Generated/Events/SpeciesLifecycleEvents.cs(69,19): warning CS1591: Missing XML comment for publicly visible type or member 'SpeciesCreatedEvent.TraitModifiers' [/home/lysander/repos/bannou/Bannou.SDK/Bannou.SDK.csproj::TargetFramework=net9.0]
/home/lysander/repos/bannou/bannou-service/Generated/Events/SpeciesLifecycleEvents.cs(72,64): warning CS1591: Missing XML comment for publicly visible type or member 'SpeciesCreatedEvent.RealmIds' [/home/lysander/repos/bannou/Bannou.SDK/Bannou.SDK.csproj::TargetFramework=net9.0]
/home/lysander/repos/bannou/bannou-service/Generated/Events/SpeciesLifecycleEvents.cs(75,19): warning CS1591: Missing XML comment for publicly visible type or member 'SpeciesCreatedEvent.Metadata' [/home/lysander/repos/bannou/Bannou.SDK/Bannou.SDK.csproj::TargetFramework=net9.0]
/home/lysander/repos/bannou/bannou-service/Generated/Events/SpeciesLifecycleEvents.cs(80,34): warning CS1591: Missing XML comment for publicly visible type or member 'SpeciesCreatedEvent.CreatedAt' [/home/lysander/repos/bannou/Bannou.SDK/Bannou.SDK.csproj::TargetFramework=net9.0]
/home/lysander/repos/bannou/bannou-service/Generated/Events/SpeciesLifecycleEvents.cs(85,34): warning CS1591: Missing XML comment for publicly visible type or member 'SpeciesCreatedEvent.UpdatedAt' [/home/lysander/repos/bannou/Bannou.SDK/Bannou.SDK.csproj::TargetFramework=net9.0]
/home/lysander/repos/bannou/bannou-service/Generated/Events/SpeciesLifecycleEvents.cs(107,24): warning CS1591: Missing XML comment for publicly visible type or member 'SpeciesUpdatedEvent.SpeciesId' [/home/lysander/repos/bannou/Bannou.SDK/Bannou.SDK.csproj::TargetFramework=net9.0]
/home/lysander/repos/bannou/bannou-service/Generated/Events/SpeciesLifecycleEvents.cs(112,19): warning CS1591: Missing XML comment for publicly visible type or member 'SpeciesUpdatedEvent.Code' [/home/lysander/repos/bannou/Bannou.SDK/Bannou.SDK.csproj::TargetFramework=net9.0]
/home/lysander/repos/bannou/bannou-service/Generated/Events/SpeciesLifecycleEvents.cs(117,19): warning CS1591: Missing XML comment for publicly visible type or member 'SpeciesUpdatedEvent.Name' [/home/lysander/repos/bannou/Bannou.SDK/Bannou.SDK.csproj::TargetFramework=net9.0]
/home/lysander/repos/bannou/bannou-service/Generated/Events/SpeciesLifecycleEvents.cs(120,19): warning CS1591: Missing XML comment for publicly visible type or member 'SpeciesUpdatedEvent.Description' [/home/lysander/repos/bannou/Bannou.SDK/Bannou.SDK.csproj::TargetFramework=net9.0]
/home/lysander/repos/bannou/bannou-service/Generated/Events/SpeciesLifecycleEvents.cs(123,19): warning CS1591: Missing XML comment for publicly visible type or member 'SpeciesUpdatedEvent.Category' [/home/lysander/repos/bannou/Bannou.SDK/Bannou.SDK.csproj::TargetFramework=net9.0]
/home/lysander/repos/bannou/bannou-service/Generated/Events/SpeciesLifecycleEvents.cs(126,17): warning CS1591: Missing XML comment for publicly visible type or member 'SpeciesUpdatedEvent.IsPlayable' [/home/lysander/repos/bannou/Bannou.SDK/Bannou.SDK.csproj::TargetFramework=net9.0]
/home/lysander/repos/bannou/bannou-service/Generated/Events/SpeciesLifecycleEvents.cs(129,17): warning CS1591: Missing XML comment for publicly visible type or member 'SpeciesUpdatedEvent.IsDeprecated' [/home/lysander/repos/bannou/Bannou.SDK/Bannou.SDK.csproj::TargetFramework=net9.0]
/home/lysander/repos/bannou/bannou-service/Generated/Events/SpeciesLifecycleEvents.cs(132,34): warning CS1591: Missing XML comment for publicly visible type or member 'SpeciesUpdatedEvent.DeprecatedAt' [/home/lysander/repos/bannou/Bannou.SDK/Bannou.SDK.csproj::TargetFramework=net9.0]
/home/lysander/repos/bannou/bannou-service/Generated/Events/SpeciesLifecycleEvents.cs(135,19): warning CS1591: Missing XML comment for publicly visible type or member 'SpeciesUpdatedEvent.DeprecationReason' [/home/lysander/repos/bannou/Bannou.SDK/Bannou.SDK.csproj::TargetFramework=net9.0]
/home/lysander/repos/bannou/bannou-service/Generated/Events/SpeciesLifecycleEvents.cs(138,16): warning CS1591: Missing XML comment for publicly visible type or member 'SpeciesUpdatedEvent.BaseLifespan' [/home/lysander/repos/bannou/Bannou.SDK/Bannou.SDK.csproj::TargetFramework=net9.0]
/home/lysander/repos/bannou/bannou-service/Generated/Events/SpeciesLifecycleEvents.cs(141,16): warning CS1591: Missing XML comment for publicly visible type or member 'SpeciesUpdatedEvent.MaturityAge' [/home/lysander/repos/bannou/Bannou.SDK/Bannou.SDK.csproj::TargetFramework=net9.0]
/home/lysander/repos/bannou/bannou-service/Generated/Events/SpeciesLifecycleEvents.cs(144,19): warning CS1591: Missing XML comment for publicly visible type or member 'SpeciesUpdatedEvent.TraitModifiers' [/home/lysander/repos/bannou/Bannou.SDK/Bannou.SDK.csproj::TargetFramework=net9.0]
/home/lysander/repos/bannou/bannou-service/Generated/Events/SpeciesLifecycleEvents.cs(147,64): warning CS1591: Missing XML comment for publicly visible type or member 'SpeciesUpdatedEvent.RealmIds' [/home/lysander/repos/bannou/Bannou.SDK/Bannou.SDK.csproj::TargetFramework=net9.0]
/home/lysander/repos/bannou/bannou-service/Generated/Events/SpeciesLifecycleEvents.cs(150,19): warning CS1591: Missing XML comment for publicly visible type or member 'SpeciesUpdatedEvent.Metadata' [/home/lysander/repos/bannou/Bannou.SDK/Bannou.SDK.csproj::TargetFramework=net9.0]
/home/lysander/repos/bannou/bannou-service/Generated/Events/SpeciesLifecycleEvents.cs(155,34): warning CS1591: Missing XML comment for publicly visible type or member 'SpeciesUpdatedEvent.CreatedAt' [/home/lysander/repos/bannou/Bannou.SDK/Bannou.SDK.csproj::TargetFramework=net9.0]
/home/lysander/repos/bannou/bannou-service/Generated/Events/SpeciesLifecycleEvents.cs(160,34): warning CS1591: Missing XML comment for publicly visible type or member 'SpeciesUpdatedEvent.UpdatedAt' [/home/lysander/repos/bannou/Bannou.SDK/Bannou.SDK.csproj::TargetFramework=net9.0]
/home/lysander/repos/bannou/bannou-service/Generated/Events/SpeciesLifecycleEvents.cs(190,24): warning CS1591: Missing XML comment for publicly visible type or member 'SpeciesDeletedEvent.SpeciesId' [/home/lysander/repos/bannou/Bannou.SDK/Bannou.SDK.csproj::TargetFramework=net9.0]
/home/lysander/repos/bannou/bannou-service/Generated/Events/SpeciesLifecycleEvents.cs(195,19): warning CS1591: Missing XML comment for publicly visible type or member 'SpeciesDeletedEvent.Code' [/home/lysander/repos/bannou/Bannou.SDK/Bannou.SDK.csproj::TargetFramework=net9.0]
/home/lysander/repos/bannou/bannou-service/Generated/Events/SpeciesLifecycleEvents.cs(200,19): warning CS1591: Missing XML comment for publicly visible type or member 'SpeciesDeletedEvent.Name' [/home/lysander/repos/bannou/Bannou.SDK/Bannou.SDK.csproj::TargetFramework=net9.0]
/home/lysander/repos/bannou/bannou-service/Generated/Events/SpeciesLifecycleEvents.cs(203,19): warning CS1591: Missing XML comment for publicly visible type or member 'SpeciesDeletedEvent.Description' [/home/lysander/repos/bannou/Bannou.SDK/Bannou.SDK.csproj::TargetFramework=net9.0]
/home/lysander/repos/bannou/bannou-service/Generated/Events/SpeciesLifecycleEvents.cs(206,19): warning CS1591: Missing XML comment for publicly visible type or member 'SpeciesDeletedEvent.Category' [/home/lysander/repos/bannou/Bannou.SDK/Bannou.SDK.csproj::TargetFramework=net9.0]
/home/lysander/repos/bannou/bannou-service/Generated/Events/SpeciesLifecycleEvents.cs(209,17): warning CS1591: Missing XML comment for publicly visible type or member 'SpeciesDeletedEvent.IsPlayable' [/home/lysander/repos/bannou/Bannou.SDK/Bannou.SDK.csproj::TargetFramework=net9.0]
/home/lysander/repos/bannou/bannou-service/Generated/Events/SpeciesLifecycleEvents.cs(212,17): warning CS1591: Missing XML comment for publicly visible type or member 'SpeciesDeletedEvent.IsDeprecated' [/home/lysander/repos/bannou/Bannou.SDK/Bannou.SDK.csproj::TargetFramework=net9.0]
/home/lysander/repos/bannou/bannou-service/Generated/Events/SpeciesLifecycleEvents.cs(215,34): warning CS1591: Missing XML comment for publicly visible type or member 'SpeciesDeletedEvent.DeprecatedAt' [/home/lysander/repos/bannou/Bannou.SDK/Bannou.SDK.csproj::TargetFramework=net9.0]
/home/lysander/repos/bannou/bannou-service/Generated/Events/SpeciesLifecycleEvents.cs(218,19): warning CS1591: Missing XML comment for publicly visible type or member 'SpeciesDeletedEvent.DeprecationReason' [/home/lysander/repos/bannou/Bannou.SDK/Bannou.SDK.csproj::TargetFramework=net9.0]
/home/lysander/repos/bannou/bannou-service/Generated/Events/SpeciesLifecycleEvents.cs(221,16): warning CS1591: Missing XML comment for publicly visible type or member 'SpeciesDeletedEvent.BaseLifespan' [/home/lysander/repos/bannou/Bannou.SDK/Bannou.SDK.csproj::TargetFramework=net9.0]
/home/lysander/repos/bannou/bannou-service/Generated/Events/SpeciesLifecycleEvents.cs(224,16): warning CS1591: Missing XML comment for publicly visible type or member 'SpeciesDeletedEvent.MaturityAge' [/home/lysander/repos/bannou/Bannou.SDK/Bannou.SDK.csproj::TargetFramework=net9.0]
/home/lysander/repos/bannou/bannou-service/Generated/Events/SpeciesLifecycleEvents.cs(227,19): warning CS1591: Missing XML comment for publicly visible type or member 'SpeciesDeletedEvent.TraitModifiers' [/home/lysander/repos/bannou/Bannou.SDK/Bannou.SDK.csproj::TargetFramework=net9.0]
/home/lysander/repos/bannou/bannou-service/Generated/Events/SpeciesLifecycleEvents.cs(230,64): warning CS1591: Missing XML comment for publicly visible type or member 'SpeciesDeletedEvent.RealmIds' [/home/lysander/repos/bannou/Bannou.SDK/Bannou.SDK.csproj::TargetFramework=net9.0]
/home/lysander/repos/bannou/bannou-service/Generated/Events/SpeciesLifecycleEvents.cs(233,19): warning CS1591: Missing XML comment for publicly visible type or member 'SpeciesDeletedEvent.Metadata' [/home/lysander/repos/bannou/Bannou.SDK/Bannou.SDK.csproj::TargetFramework=net9.0]
/home/lysander/repos/bannou/bannou-service/Generated/Events/SpeciesLifecycleEvents.cs(238,34): warning CS1591: Missing XML comment for publicly visible type or member 'SpeciesDeletedEvent.CreatedAt' [/home/lysander/repos/bannou/Bannou.SDK/Bannou.SDK.csproj::TargetFramework=net9.0]
/home/lysander/repos/bannou/bannou-service/Generated/Events/SpeciesLifecycleEvents.cs(243,34): warning CS1591: Missing XML comment for publicly visible type or member 'SpeciesDeletedEvent.UpdatedAt' [/home/lysander/repos/bannou/Bannou.SDK/Bannou.SDK.csproj::TargetFramework=net9.0]
/home/lysander/repos/bannou/bannou-service/Generated/Events/DocumentationLifecycleEvents.cs(32,24): warning CS1591: Missing XML comment for publicly visible type or member 'DocumentCreatedEvent.DocumentId' [/home/lysander/repos/bannou/Bannou.SDK/Bannou.SDK.csproj::TargetFramework=net9.0]
/home/lysander/repos/bannou/bannou-service/Generated/Events/DocumentationLifecycleEvents.cs(37,19): warning CS1591: Missing XML comment for publicly visible type or member 'DocumentCreatedEvent.Namespace' [/home/lysander/repos/bannou/Bannou.SDK/Bannou.SDK.csproj::TargetFramework=net9.0]
/home/lysander/repos/bannou/bannou-service/Generated/Events/DocumentationLifecycleEvents.cs(42,19): warning CS1591: Missing XML comment for publicly visible type or member 'DocumentCreatedEvent.Slug' [/home/lysander/repos/bannou/Bannou.SDK/Bannou.SDK.csproj::TargetFramework=net9.0]
/home/lysander/repos/bannou/bannou-service/Generated/Events/DocumentationLifecycleEvents.cs(47,19): warning CS1591: Missing XML comment for publicly visible type or member 'DocumentCreatedEvent.Title' [/home/lysander/repos/bannou/Bannou.SDK/Bannou.SDK.csproj::TargetFramework=net9.0]
/home/lysander/repos/bannou/bannou-service/Generated/Events/DocumentationLifecycleEvents.cs(52,19): warning CS1591: Missing XML comment for publicly visible type or member 'DocumentCreatedEvent.Category' [/home/lysander/repos/bannou/Bannou.SDK/Bannou.SDK.csproj::TargetFramework=net9.0]
/home/lysander/repos/bannou/bannou-service/Generated/Events/DocumentationLifecycleEvents.cs(55,59): warning CS1591: Missing XML comment for publicly visible type or member 'DocumentCreatedEvent.Tags' [/home/lysander/repos/bannou/Bannou.SDK/Bannou.SDK.csproj::TargetFramework=net9.0]
/home/lysander/repos/bannou/bannou-service/Generated/Events/DocumentationLifecycleEvents.cs(60,34): warning CS1591: Missing XML comment for publicly visible type or member 'DocumentCreatedEvent.CreatedAt' [/home/lysander/repos/bannou/Bannou.SDK/Bannou.SDK.csproj::TargetFramework=net9.0]
/home/lysander/repos/bannou/bannou-service/Generated/Events/DocumentationLifecycleEvents.cs(65,34): warning CS1591: Missing XML comment for publicly visible type or member 'DocumentCreatedEvent.UpdatedAt' [/home/lysander/repos/bannou/Bannou.SDK/Bannou.SDK.csproj::TargetFramework=net9.0]
/home/lysander/repos/bannou/bannou-service/Generated/Events/DocumentationLifecycleEvents.cs(87,24): warning CS1591: Missing XML comment for publicly visible type or member 'DocumentUpdatedEvent.DocumentId' [/home/lysander/repos/bannou/Bannou.SDK/Bannou.SDK.csproj::TargetFramework=net9.0]
/home/lysander/repos/bannou/bannou-service/Generated/Events/DocumentationLifecycleEvents.cs(92,19): warning CS1591: Missing XML comment for publicly visible type or member 'DocumentUpdatedEvent.Namespace' [/home/lysander/repos/bannou/Bannou.SDK/Bannou.SDK.csproj::TargetFramework=net9.0]
/home/lysander/repos/bannou/bannou-service/Generated/Events/DocumentationLifecycleEvents.cs(97,19): warning CS1591: Missing XML comment for publicly visible type or member 'DocumentUpdatedEvent.Slug' [/home/lysander/repos/bannou/Bannou.SDK/Bannou.SDK.csproj::TargetFramework=net9.0]
/home/lysander/repos/bannou/bannou-service/Generated/Events/DocumentationLifecycleEvents.cs(102,19): warning CS1591: Missing XML comment for publicly visible type or member 'DocumentUpdatedEvent.Title' [/home/lysander/repos/bannou/Bannou.SDK/Bannou.SDK.csproj::TargetFramework=net9.0]
/home/lysander/repos/bannou/bannou-service/Generated/Events/DocumentationLifecycleEvents.cs(107,19): warning CS1591: Missing XML comment for publicly visible type or member 'DocumentUpdatedEvent.Category' [/home/lysander/repos/bannou/Bannou.SDK/Bannou.SDK.csproj::TargetFramework=net9.0]
/home/lysander/repos/bannou/bannou-service/Generated/Events/DocumentationLifecycleEvents.cs(110,59): warning CS1591: Missing XML comment for publicly visible type or member 'DocumentUpdatedEvent.Tags' [/home/lysander/repos/bannou/Bannou.SDK/Bannou.SDK.csproj::TargetFramework=net9.0]
/home/lysander/repos/bannou/bannou-service/Generated/Events/DocumentationLifecycleEvents.cs(115,34): warning CS1591: Missing XML comment for publicly visible type or member 'DocumentUpdatedEvent.CreatedAt' [/home/lysander/repos/bannou/Bannou.SDK/Bannou.SDK.csproj::TargetFramework=net9.0]
/home/lysander/repos/bannou/bannou-service/Generated/Events/DocumentationLifecycleEvents.cs(120,34): warning CS1591: Missing XML comment for publicly visible type or member 'DocumentUpdatedEvent.UpdatedAt' [/home/lysander/repos/bannou/Bannou.SDK/Bannou.SDK.csproj::TargetFramework=net9.0]
/home/lysander/repos/bannou/bannou-service/Generated/Events/DocumentationLifecycleEvents.cs(150,24): warning CS1591: Missing XML comment for publicly visible type or member 'DocumentDeletedEvent.DocumentId' [/home/lysander/repos/bannou/Bannou.SDK/Bannou.SDK.csproj::TargetFramework=net9.0]
/home/lysander/repos/bannou/bannou-service/Generated/Events/DocumentationLifecycleEvents.cs(155,19): warning CS1591: Missing XML comment for publicly visible type or member 'DocumentDeletedEvent.Namespace' [/home/lysander/repos/bannou/Bannou.SDK/Bannou.SDK.csproj::TargetFramework=net9.0]
/home/lysander/repos/bannou/bannou-service/Generated/Events/DocumentationLifecycleEvents.cs(160,19): warning CS1591: Missing XML comment for publicly visible type or member 'DocumentDeletedEvent.Slug' [/home/lysander/repos/bannou/Bannou.SDK/Bannou.SDK.csproj::TargetFramework=net9.0]
/home/lysander/repos/bannou/bannou-service/Generated/Events/DocumentationLifecycleEvents.cs(165,19): warning CS1591: Missing XML comment for publicly visible type or member 'DocumentDeletedEvent.Title' [/home/lysander/repos/bannou/Bannou.SDK/Bannou.SDK.csproj::TargetFramework=net9.0]
/home/lysander/repos/bannou/bannou-service/Generated/Events/DocumentationLifecycleEvents.cs(170,19): warning CS1591: Missing XML comment for publicly visible type or member 'DocumentDeletedEvent.Category' [/home/lysander/repos/bannou/Bannou.SDK/Bannou.SDK.csproj::TargetFramework=net9.0]
/home/lysander/repos/bannou/bannou-service/Generated/Events/DocumentationLifecycleEvents.cs(173,59): warning CS1591: Missing XML comment for publicly visible type or member 'DocumentDeletedEvent.Tags' [/home/lysander/repos/bannou/Bannou.SDK/Bannou.SDK.csproj::TargetFramework=net9.0]
/home/lysander/repos/bannou/bannou-service/Generated/Events/DocumentationLifecycleEvents.cs(178,34): warning CS1591: Missing XML comment for publicly visible type or member 'DocumentDeletedEvent.CreatedAt' [/home/lysander/repos/bannou/Bannou.SDK/Bannou.SDK.csproj::TargetFramework=net9.0]
/home/lysander/repos/bannou/bannou-service/Generated/Events/DocumentationLifecycleEvents.cs(183,34): warning CS1591: Missing XML comment for publicly visible type or member 'DocumentDeletedEvent.UpdatedAt' [/home/lysander/repos/bannou/Bannou.SDK/Bannou.SDK.csproj::TargetFramework=net9.0]
/home/lysander/repos/bannou/bannou-service/Generated/Events/MeshEventsModels.cs(98,13): warning CS1591: Missing XML comment for publicly visible type or member 'MeshEndpointDeregisteredEventReason' [/home/lysander/repos/bannou/Bannou.SDK/Bannou.SDK.csproj::TargetFramework=net9.0]
/home/lysander/repos/bannou/bannou-service/Generated/Events/MeshEventsModels.cs(102,5): warning CS1591: Missing XML comment for publicly visible type or member 'MeshEndpointDeregisteredEventReason.Graceful' [/home/lysander/repos/bannou/Bannou.SDK/Bannou.SDK.csproj::TargetFramework=net9.0]
/home/lysander/repos/bannou/bannou-service/Generated/Events/MeshEventsModels.cs(105,5): warning CS1591: Missing XML comment for publicly visible type or member 'MeshEndpointDeregisteredEventReason.TtlExpired' [/home/lysander/repos/bannou/Bannou.SDK/Bannou.SDK.csproj::TargetFramework=net9.0]
/home/lysander/repos/bannou/bannou-service/Generated/Events/MeshEventsModels.cs(108,5): warning CS1591: Missing XML comment for publicly visible type or member 'MeshEndpointDeregisteredEventReason.HealthCheckFailed' [/home/lysander/repos/bannou/Bannou.SDK/Bannou.SDK.csproj::TargetFramework=net9.0]
/home/lysander/repos/bannou/bannou-service/Generated/Events/MeshEventsModels.cs(111,5): warning CS1591: Missing XML comment for publicly visible type or member 'MeshEndpointDeregisteredEventReason.CircuitBreakerTripped' [/home/lysander/repos/bannou/Bannou.SDK/Bannou.SDK.csproj::TargetFramework=net9.0]
/home/lysander/repos/bannou/bannou-service/Generated/Events/OrchestratorEventsModels.cs(35,13): warning CS1591: Missing XML comment for publicly visible type or member 'OrchestratorHealthPingEventStatus' [/home/lysander/repos/bannou/Bannou.SDK/Bannou.SDK.csproj::TargetFramework=net9.0]
/home/lysander/repos/bannou/bannou-service/Generated/Events/OrchestratorEventsModels.cs(39,5): warning CS1591: Missing XML comment for publicly visible type or member 'OrchestratorHealthPingEventStatus.Ok' [/home/lysander/repos/bannou/Bannou.SDK/Bannou.SDK.csproj::TargetFramework=net9.0]
/home/lysander/repos/bannou/bannou-service/Generated/Events/OrchestratorEventsModels.cs(42,5): warning CS1591: Missing XML comment for publicly visible type or member 'OrchestratorHealthPingEventStatus.Degraded' [/home/lysander/repos/bannou/Bannou.SDK/Bannou.SDK.csproj::TargetFramework=net9.0]
/home/lysander/repos/bannou/bannou-service/Generated/Events/OrchestratorEventsModels.cs(45,5): warning CS1591: Missing XML comment for publicly visible type or member 'OrchestratorHealthPingEventStatus.Checking' [/home/lysander/repos/bannou/Bannou.SDK/Bannou.SDK.csproj::TargetFramework=net9.0]
/home/lysander/repos/bannou/bannou-service/Generated/Clients/ConnectClient.cs(19,26): warning CS1591: Missing XML comment for publicly visible type or member 'IConnectClient' [/home/lysander/repos/bannou/Bannou.SDK/Bannou.SDK.csproj::TargetFramework=net9.0]
/home/lysander/repos/bannou/bannou-service/Generated/Clients/ConnectClient.cs(33,103): warning CS1573: Parameter 'body' has no matching param tag in the XML comment for 'IConnectClient.ProxyInternalRequestAsync(InternalProxyRequest, CancellationToken)' (but other parameters do) [/home/lysander/repos/bannou/Bannou.SDK/Bannou.SDK.csproj::TargetFramework=net9.0]
/home/lysander/repos/bannou/bannou-service/Generated/Clients/ConnectClient.cs(56,117): warning CS1573: Parameter 'body' has no matching param tag in the XML comment for 'IConnectClient.GetClientCapabilitiesAsync(GetClientCapabilitiesRequest, CancellationToken)' (but other parameters do) [/home/lysander/repos/bannou/Bannou.SDK/Bannou.SDK.csproj::TargetFramework=net9.0]
/home/lysander/repos/bannou/bannou-service/Generated/Clients/ConnectClient.cs(94,71): warning CS1573: Parameter 'connection' has no matching param tag in the XML comment for 'IConnectClient.ConnectWebSocketPostAsync(Connection2, Upgrade2, string, ConnectRequest?, CancellationToken)' (but other parameters do) [/home/lysander/repos/bannou/Bannou.SDK/Bannou.SDK.csproj::TargetFramework=net9.0]
/home/lysander/repos/bannou/bannou-service/Generated/Clients/ConnectClient.cs(94,92): warning CS1573: Parameter 'upgrade' has no matching param tag in the XML comment for 'IConnectClient.ConnectWebSocketPostAsync(Connection2, Upgrade2, string, ConnectRequest?, CancellationToken)' (but other parameters do) [/home/lysander/repos/bannou/Bannou.SDK/Bannou.SDK.csproj::TargetFramework=net9.0]
/home/lysander/repos/bannou/bannou-service/Generated/Clients/ConnectClient.cs(94,108): warning CS1573: Parameter 'authorization' has no matching param tag in the XML comment for 'IConnectClient.ConnectWebSocketPostAsync(Connection2, Upgrade2, string, ConnectRequest?, CancellationToken)' (but other parameters do) [/home/lysander/repos/bannou/Bannou.SDK/Bannou.SDK.csproj::TargetFramework=net9.0]
/home/lysander/repos/bannou/bannou-service/Generated/Clients/ConnectClient.cs(98,22): warning CS1591: Missing XML comment for publicly visible type or member 'ConnectClient' [/home/lysander/repos/bannou/Bannou.SDK/Bannou.SDK.csproj::TargetFramework=net9.0]
/home/lysander/repos/bannou/bannou-service/Generated/Clients/ConnectClient.cs(118,12): warning CS1591: Missing XML comment for publicly visible type or member 'ConnectClient.ConnectClient(IMeshInvocationClient, IServiceAppMappingResolver, ILogger<ConnectClient>?)' [/home/lysander/repos/bannou/Bannou.SDK/Bannou.SDK.csproj::TargetFramework=net9.0]
/home/lysander/repos/bannou/bannou-service/Generated/Clients/ConnectClient.cs(126,54): warning CS1591: Missing XML comment for publicly visible type or member 'ConnectClient.JsonSerializerSettings' [/home/lysander/repos/bannou/Bannou.SDK/Bannou.SDK.csproj::TargetFramework=net9.0]
/home/lysander/repos/bannou/bannou-service/Generated/Clients/ConnectClient.cs(231,124): warning CS1573: Parameter 'body' has no matching param tag in the XML comment for 'ConnectClient.ProxyInternalRequestAsync(InternalProxyRequest, CancellationToken)' (but other parameters do) [/home/lysander/repos/bannou/Bannou.SDK/Bannou.SDK.csproj::TargetFramework=net9.0]
/home/lysander/repos/bannou/bannou-service/Generated/Clients/ConnectClient.cs(343,138): warning CS1573: Parameter 'body' has no matching param tag in the XML comment for 'ConnectClient.GetClientCapabilitiesAsync(GetClientCapabilitiesRequest, CancellationToken)' (but other parameters do) [/home/lysander/repos/bannou/Bannou.SDK/Bannou.SDK.csproj::TargetFramework=net9.0]
/home/lysander/repos/bannou/bannou-service/Generated/Clients/ConnectClient.cs(572,92): warning CS1573: Parameter 'connection' has no matching param tag in the XML comment for 'ConnectClient.ConnectWebSocketPostAsync(Connection2, Upgrade2, string, ConnectRequest?, CancellationToken)' (but other parameters do) [/home/lysander/repos/bannou/Bannou.SDK/Bannou.SDK.csproj::TargetFramework=net9.0]
/home/lysander/repos/bannou/bannou-service/Generated/Clients/ConnectClient.cs(572,113): warning CS1573: Parameter 'upgrade' has no matching param tag in the XML comment for 'ConnectClient.ConnectWebSocketPostAsync(Connection2, Upgrade2, string, ConnectRequest?, CancellationToken)' (but other parameters do) [/home/lysander/repos/bannou/Bannou.SDK/Bannou.SDK.csproj::TargetFramework=net9.0]
/home/lysander/repos/bannou/bannou-service/Generated/Clients/ConnectClient.cs(572,129): warning CS1573: Parameter 'authorization' has no matching param tag in the XML comment for 'ConnectClient.ConnectWebSocketPostAsync(Connection2, Upgrade2, string, ConnectRequest?, CancellationToken)' (but other parameters do) [/home/lysander/repos/bannou/Bannou.SDK/Bannou.SDK.csproj::TargetFramework=net9.0]
/home/lysander/repos/bannou/bannou-service/Generated/Clients/ConnectClient.cs(686,22): warning CS1591: Missing XML comment for publicly visible type or member 'ConnectClient.ObjectResponseResult<T>' [/home/lysander/repos/bannou/Bannou.SDK/Bannou.SDK.csproj::TargetFramework=net9.0]
/home/lysander/repos/bannou/bannou-service/Generated/Clients/ConnectClient.cs(688,16): warning CS1591: Missing XML comment for publicly visible type or member 'ConnectClient.ObjectResponseResult<T>.ObjectResponseResult(T, string)' [/home/lysander/repos/bannou/Bannou.SDK/Bannou.SDK.csproj::TargetFramework=net9.0]
/home/lysander/repos/bannou/bannou-service/Generated/Clients/ConnectClient.cs(694,18): warning CS1591: Missing XML comment for publicly visible type or member 'ConnectClient.ObjectResponseResult<T>.Object' [/home/lysander/repos/bannou/Bannou.SDK/Bannou.SDK.csproj::TargetFramework=net9.0]
/home/lysander/repos/bannou/bannou-service/Generated/Clients/ConnectClient.cs(696,23): warning CS1591: Missing XML comment for publicly visible type or member 'ConnectClient.ObjectResponseResult<T>.Text' [/home/lysander/repos/bannou/Bannou.SDK/Bannou.SDK.csproj::TargetFramework=net9.0]
/home/lysander/repos/bannou/bannou-service/Generated/Clients/ConnectClient.cs(719,17): warning CS1591: Missing XML comment for publicly visible type or member 'ConnectClient.ReadResponseAsString' [/home/lysander/repos/bannou/Bannou.SDK/Bannou.SDK.csproj::TargetFramework=net9.0]
/home/lysander/repos/bannou/bannou-service/Generated/Clients/ConnectClient.cs(721,86): warning CS1591: Missing XML comment for publicly visible type or member 'ConnectClient.ReadObjectResponseAsync<T>(HttpResponseMessage, IReadOnlyDictionary<string, IEnumerable<string>>, CancellationToken)' [/home/lysander/repos/bannou/Bannou.SDK/Bannou.SDK.csproj::TargetFramework=net9.0]
/home/lysander/repos/bannou/bannou-service/Generated/Models/ConnectModels.cs(39,68): warning CS1591: Missing XML comment for publicly visible type or member 'GetClientCapabilitiesRequest.AdditionalProperties' [/home/lysander/repos/bannou/Bannou.SDK/Bannou.SDK.csproj::TargetFramework=net9.0]
/home/lysander/repos/bannou/bannou-service/Generated/Models/ConnectModels.cs(48,22): warning CS1591: Missing XML comment for publicly visible type or member 'ClientCapabilitiesResponse' [/home/lysander/repos/bannou/Bannou.SDK/Bannou.SDK.csproj::TargetFramework=net9.0]
/home/lysander/repos/bannou/bannou-service/Generated/Models/ConnectModels.cs(99,68): warning CS1591: Missing XML comment for publicly visible type or member 'ClientCapabilitiesResponse.AdditionalProperties' [/home/lysander/repos/bannou/Bannou.SDK/Bannou.SDK.csproj::TargetFramework=net9.0]
/home/lysander/repos/bannou/bannou-service/Generated/Models/ConnectModels.cs(108,22): warning CS1591: Missing XML comment for publicly visible type or member 'ClientCapability' [/home/lysander/repos/bannou/Bannou.SDK/Bannou.SDK.csproj::TargetFramework=net9.0]
/home/lysander/repos/bannou/bannou-service/Generated/Models/ConnectModels.cs(159,68): warning CS1591: Missing XML comment for publicly visible type or member 'ClientCapability.AdditionalProperties' [/home/lysander/repos/bannou/Bannou.SDK/Bannou.SDK.csproj::TargetFramework=net9.0]
/home/lysander/repos/bannou/bannou-service/Generated/Models/ConnectModels.cs(244,68): warning CS1591: Missing XML comment for publicly visible type or member 'ClientShortcut.AdditionalProperties' [/home/lysander/repos/bannou/Bannou.SDK/Bannou.SDK.csproj::TargetFramework=net9.0]
/home/lysander/repos/bannou/bannou-service/Generated/Models/ConnectModels.cs(253,22): warning CS1591: Missing XML comment for publicly visible type or member 'InternalProxyRequest' [/home/lysander/repos/bannou/Bannou.SDK/Bannou.SDK.csproj::TargetFramework=net9.0]
/home/lysander/repos/bannou/bannou-service/Generated/Models/ConnectModels.cs(316,68): warning CS1591: Missing XML comment for publicly visible type or member 'InternalProxyRequest.AdditionalProperties' [/home/lysander/repos/bannou/Bannou.SDK/Bannou.SDK.csproj::TargetFramework=net9.0]
/home/lysander/repos/bannou/bannou-service/Generated/Models/ConnectModels.cs(325,22): warning CS1591: Missing XML comment for publicly visible type or member 'InternalProxyResponse' [/home/lysander/repos/bannou/Bannou.SDK/Bannou.SDK.csproj::TargetFramework=net9.0]
/home/lysander/repos/bannou/bannou-service/Generated/Models/ConnectModels.cs(367,68): warning CS1591: Missing XML comment for publicly visible type or member 'InternalProxyResponse.AdditionalProperties' [/home/lysander/repos/bannou/Bannou.SDK/Bannou.SDK.csproj::TargetFramework=net9.0]
/home/lysander/repos/bannou/bannou-service/Generated/Models/ConnectModels.cs(398,22): warning CS1591: Missing XML comment for publicly visible type or member 'ConnectErrorResponse' [/home/lysander/repos/bannou/Bannou.SDK/Bannou.SDK.csproj::TargetFramework=net9.0]
/home/lysander/repos/bannou/bannou-service/Generated/Models/ConnectModels.cs(440,5): warning CS1591: Missing XML comment for publicly visible type or member 'ResponseCodes.OK' [/home/lysander/repos/bannou/Bannou.SDK/Bannou.SDK.csproj::TargetFramework=net9.0]
/home/lysander/repos/bannou/bannou-service/Generated/Models/ConnectModels.cs(442,5): warning CS1591: Missing XML comment for publicly visible type or member 'ResponseCodes.RequestError' [/home/lysander/repos/bannou/Bannou.SDK/Bannou.SDK.csproj::TargetFramework=net9.0]
/home/lysander/repos/bannou/bannou-service/Generated/Models/ConnectModels.cs(444,5): warning CS1591: Missing XML comment for publicly visible type or member 'ResponseCodes.RequestTooLarge' [/home/lysander/repos/bannou/Bannou.SDK/Bannou.SDK.csproj::TargetFramework=net9.0]
/home/lysander/repos/bannou/bannou-service/Generated/Models/ConnectModels.cs(446,5): warning CS1591: Missing XML comment for publicly visible type or member 'ResponseCodes.TooManyRequests' [/home/lysander/repos/bannou/Bannou.SDK/Bannou.SDK.csproj::TargetFramework=net9.0]
/home/lysander/repos/bannou/bannou-service/Generated/Models/ConnectModels.cs(448,5): warning CS1591: Missing XML comment for publicly visible type or member 'ResponseCodes.InvalidRequestChannel' [/home/lysander/repos/bannou/Bannou.SDK/Bannou.SDK.csproj::TargetFramework=net9.0]
/home/lysander/repos/bannou/bannou-service/Generated/Models/ConnectModels.cs(450,5): warning CS1591: Missing XML comment for publicly visible type or member 'ResponseCodes.Unauthorized' [/home/lysander/repos/bannou/Bannou.SDK/Bannou.SDK.csproj::TargetFramework=net9.0]
/home/lysander/repos/bannou/bannou-service/Generated/Models/ConnectModels.cs(452,5): warning CS1591: Missing XML comment for publicly visible type or member 'ResponseCodes.ServiceNotFound' [/home/lysander/repos/bannou/Bannou.SDK/Bannou.SDK.csproj::TargetFramework=net9.0]
/home/lysander/repos/bannou/bannou-service/Generated/Models/ConnectModels.cs(454,5): warning CS1591: Missing XML comment for publicly visible type or member 'ResponseCodes.ClientNotFound' [/home/lysander/repos/bannou/Bannou.SDK/Bannou.SDK.csproj::TargetFramework=net9.0]
/home/lysander/repos/bannou/bannou-service/Generated/Models/ConnectModels.cs(456,5): warning CS1591: Missing XML comment for publicly visible type or member 'ResponseCodes.MessageNotFound' [/home/lysander/repos/bannou/Bannou.SDK/Bannou.SDK.csproj::TargetFramework=net9.0]
/home/lysander/repos/bannou/bannou-service/Generated/Models/ConnectModels.cs(458,5): warning CS1591: Missing XML comment for publicly visible type or member 'ResponseCodes.Service_BadRequest' [/home/lysander/repos/bannou/Bannou.SDK/Bannou.SDK.csproj::TargetFramework=net9.0]
/home/lysander/repos/bannou/bannou-service/Generated/Models/ConnectModels.cs(460,5): warning CS1591: Missing XML comment for publicly visible type or member 'ResponseCodes.Service_NotFound' [/home/lysander/repos/bannou/Bannou.SDK/Bannou.SDK.csproj::TargetFramework=net9.0]
/home/lysander/repos/bannou/bannou-service/Generated/Models/ConnectModels.cs(462,5): warning CS1591: Missing XML comment for publicly visible type or member 'ResponseCodes.Service_Unauthorized' [/home/lysander/repos/bannou/Bannou.SDK/Bannou.SDK.csproj::TargetFramework=net9.0]
/home/lysander/repos/bannou/bannou-service/Generated/Models/ConnectModels.cs(464,5): warning CS1591: Missing XML comment for publicly visible type or member 'ResponseCodes.Service_Conflict' [/home/lysander/repos/bannou/Bannou.SDK/Bannou.SDK.csproj::TargetFramework=net9.0]
/home/lysander/repos/bannou/bannou-service/Generated/Models/ConnectModels.cs(466,5): warning CS1591: Missing XML comment for publicly visible type or member 'ResponseCodes.Service_InternalServerError' [/home/lysander/repos/bannou/Bannou.SDK/Bannou.SDK.csproj::TargetFramework=net9.0]
/home/lysander/repos/bannou/bannou-service/Generated/Models/ConnectModels.cs(468,5): warning CS1591: Missing XML comment for publicly visible type or member 'ResponseCodes.ShortcutExpired' [/home/lysander/repos/bannou/Bannou.SDK/Bannou.SDK.csproj::TargetFramework=net9.0]
/home/lysander/repos/bannou/bannou-service/Generated/Models/ConnectModels.cs(470,5): warning CS1591: Missing XML comment for publicly visible type or member 'ResponseCodes.ShortcutTargetNotFound' [/home/lysander/repos/bannou/Bannou.SDK/Bannou.SDK.csproj::TargetFramework=net9.0]
/home/lysander/repos/bannou/bannou-service/Generated/Models/ConnectModels.cs(472,5): warning CS1591: Missing XML comment for publicly visible type or member 'ResponseCodes.ShortcutRevoked' [/home/lysander/repos/bannou/Bannou.SDK/Bannou.SDK.csproj::TargetFramework=net9.0]
/home/lysander/repos/bannou/bannou-service/Generated/Models/ConnectModels.cs(495,17): warning CS1591: Missing XML comment for publicly visible type or member 'ServiceRequestMessage.Flags' [/home/lysander/repos/bannou/Bannou.SDK/Bannou.SDK.csproj::TargetFramework=net9.0]
/home/lysander/repos/bannou/bannou-service/Generated/Models/ConnectModels.cs(534,68): warning CS1591: Missing XML comment for publicly visible type or member 'ServiceRequestMessage.AdditionalProperties' [/home/lysander/repos/bannou/Bannou.SDK/Bannou.SDK.csproj::TargetFramework=net9.0]
/home/lysander/repos/bannou/bannou-service/Generated/Models/ConnectModels.cs(588,26): warning CS1591: Missing XML comment for publicly visible type or member 'ServiceResponseMessage.ResponseCode' [/home/lysander/repos/bannou/Bannou.SDK/Bannou.SDK.csproj::TargetFramework=net9.0]
/home/lysander/repos/bannou/bannou-service/Generated/Models/ConnectModels.cs(599,68): warning CS1591: Missing XML comment for publicly visible type or member 'ServiceResponseMessage.AdditionalProperties' [/home/lysander/repos/bannou/Bannou.SDK/Bannou.SDK.csproj::TargetFramework=net9.0]
/home/lysander/repos/bannou/bannou-service/Generated/Models/ConnectModels.cs(649,68): warning CS1591: Missing XML comment for publicly visible type or member 'ConnectionConfiguration.AdditionalProperties' [/home/lysander/repos/bannou/Bannou.SDK/Bannou.SDK.csproj::TargetFramework=net9.0]
/home/lysander/repos/bannou/bannou-service/Generated/Models/ConnectModels.cs(707,68): warning CS1591: Missing XML comment for publicly visible type or member 'SessionCapabilityUpdateEvent.AdditionalProperties' [/home/lysander/repos/bannou/Bannou.SDK/Bannou.SDK.csproj::TargetFramework=net9.0]
/home/lysander/repos/bannou/bannou-service/Generated/Models/ConnectModels.cs(736,26): warning CS1591: Missing XML comment for publicly visible type or member 'AuthEvent.EventType' [/home/lysander/repos/bannou/Bannou.SDK/Bannou.SDK.csproj::TargetFramework=net9.0]
/home/lysander/repos/bannou/bannou-service/Generated/Models/ConnectModels.cs(761,68): warning CS1591: Missing XML comment for publicly visible type or member 'AuthEvent.AdditionalProperties' [/home/lysander/repos/bannou/Bannou.SDK/Bannou.SDK.csproj::TargetFramework=net9.0]
/home/lysander/repos/bannou/bannou-service/Generated/Models/ConnectModels.cs(777,5): warning CS1591: Missing XML comment for publicly visible type or member 'AuthEventType.Login' [/home/lysander/repos/bannou/Bannou.SDK/Bannou.SDK.csproj::TargetFramework=net9.0]
/home/lysander/repos/bannou/bannou-service/Generated/Models/ConnectModels.cs(780,5): warning CS1591: Missing XML comment for publicly visible type or member 'AuthEventType.Logout' [/home/lysander/repos/bannou/Bannou.SDK/Bannou.SDK.csproj::TargetFramework=net9.0]
/home/lysander/repos/bannou/bannou-service/Generated/Models/ConnectModels.cs(783,5): warning CS1591: Missing XML comment for publicly visible type or member 'AuthEventType.TokenRefresh' [/home/lysander/repos/bannou/Bannou.SDK/Bannou.SDK.csproj::TargetFramework=net9.0]
/home/lysander/repos/bannou/bannou-service/Generated/Models/ConnectModels.cs(786,5): warning CS1591: Missing XML comment for publicly visible type or member 'AuthEventType.PermissionChange' [/home/lysander/repos/bannou/Bannou.SDK/Bannou.SDK.csproj::TargetFramework=net9.0]
/home/lysander/repos/bannou/bannou-service/Generated/Models/ConnectModels.cs(837,17): warning CS1591: Missing XML comment for publicly visible type or member 'ClientMessageEvent.Flags' [/home/lysander/repos/bannou/Bannou.SDK/Bannou.SDK.csproj::TargetFramework=net9.0]
/home/lysander/repos/bannou/bannou-service/Generated/Models/ConnectModels.cs(854,68): warning CS1591: Missing XML comment for publicly visible type or member 'ClientMessageEvent.AdditionalProperties' [/home/lysander/repos/bannou/Bannou.SDK/Bannou.SDK.csproj::TargetFramework=net9.0]
/home/lysander/repos/bannou/bannou-service/Generated/Models/ConnectModels.cs(909,17): warning CS1591: Missing XML comment for publicly visible type or member 'ClientRPCEvent.Flags' [/home/lysander/repos/bannou/Bannou.SDK/Bannou.SDK.csproj::TargetFramework=net9.0]
/home/lysander/repos/bannou/bannou-service/Generated/Models/ConnectModels.cs(940,68): warning CS1591: Missing XML comment for publicly visible type or member 'ClientRPCEvent.AdditionalProperties' [/home/lysander/repos/bannou/Bannou.SDK/Bannou.SDK.csproj::TargetFramework=net9.0]
/home/lysander/repos/bannou/bannou-service/Generated/Models/ConnectModels.cs(997,68): warning CS1591: Missing XML comment for publicly visible type or member 'PermissionRecompileEvent.AdditionalProperties' [/home/lysander/repos/bannou/Bannou.SDK/Bannou.SDK.csproj::TargetFramework=net9.0]
/home/lysander/repos/bannou/bannou-service/Generated/Models/ConnectModels.cs(1006,13): warning CS1591: Missing XML comment for publicly visible type or member 'Connection' [/home/lysander/repos/bannou/Bannou.SDK/Bannou.SDK.csproj::TargetFramework=net9.0]
/home/lysander/repos/bannou/bannou-service/Generated/Models/ConnectModels.cs(1010,5): warning CS1591: Missing XML comment for publicly visible type or member 'Connection.Upgrade' [/home/lysander/repos/bannou/Bannou.SDK/Bannou.SDK.csproj::TargetFramework=net9.0]
/home/lysander/repos/bannou/bannou-service/Generated/Models/ConnectModels.cs(1015,13): warning CS1591: Missing XML comment for publicly visible type or member 'Upgrade' [/home/lysander/repos/bannou/Bannou.SDK/Bannou.SDK.csproj::TargetFramework=net9.0]
/home/lysander/repos/bannou/bannou-service/Generated/Models/ConnectModels.cs(1019,5): warning CS1591: Missing XML comment for publicly visible type or member 'Upgrade.Websocket' [/home/lysander/repos/bannou/Bannou.SDK/Bannou.SDK.csproj::TargetFramework=net9.0]
/home/lysander/repos/bannou/bannou-service/Generated/Models/ConnectModels.cs(1024,13): warning CS1591: Missing XML comment for publicly visible type or member 'Connection2' [/home/lysander/repos/bannou/Bannou.SDK/Bannou.SDK.csproj::TargetFramework=net9.0]
/home/lysander/repos/bannou/bannou-service/Generated/Models/ConnectModels.cs(1028,5): warning CS1591: Missing XML comment for publicly visible type or member 'Connection2.Upgrade' [/home/lysander/repos/bannou/Bannou.SDK/Bannou.SDK.csproj::TargetFramework=net9.0]
/home/lysander/repos/bannou/bannou-service/Generated/Models/ConnectModels.cs(1033,13): warning CS1591: Missing XML comment for publicly visible type or member 'Upgrade2' [/home/lysander/repos/bannou/Bannou.SDK/Bannou.SDK.csproj::TargetFramework=net9.0]
/home/lysander/repos/bannou/bannou-service/Generated/Models/ConnectModels.cs(1037,5): warning CS1591: Missing XML comment for publicly visible type or member 'Upgrade2.Websocket' [/home/lysander/repos/bannou/Bannou.SDK/Bannou.SDK.csproj::TargetFramework=net9.0]
/home/lysander/repos/bannou/bannou-service/Generated/Models/ConnectModels.cs(1042,13): warning CS1591: Missing XML comment for publicly visible type or member 'ClientCapabilityMethod' [/home/lysander/repos/bannou/Bannou.SDK/Bannou.SDK.csproj::TargetFramework=net9.0]
/home/lysander/repos/bannou/bannou-service/Generated/Models/ConnectModels.cs(1046,5): warning CS1591: Missing XML comment for publicly visible type or member 'ClientCapabilityMethod.GET' [/home/lysander/repos/bannou/Bannou.SDK/Bannou.SDK.csproj::TargetFramework=net9.0]
/home/lysander/repos/bannou/bannou-service/Generated/Models/ConnectModels.cs(1049,5): warning CS1591: Missing XML comment for publicly visible type or member 'ClientCapabilityMethod.POST' [/home/lysander/repos/bannou/Bannou.SDK/Bannou.SDK.csproj::TargetFramework=net9.0]
/home/lysander/repos/bannou/bannou-service/Generated/Models/ConnectModels.cs(1052,5): warning CS1591: Missing XML comment for publicly visible type or member 'ClientCapabilityMethod.PUT' [/home/lysander/repos/bannou/Bannou.SDK/Bannou.SDK.csproj::TargetFramework=net9.0]
/home/lysander/repos/bannou/bannou-service/Generated/Models/ConnectModels.cs(1055,5): warning CS1591: Missing XML comment for publicly visible type or member 'ClientCapabilityMethod.DELETE' [/home/lysander/repos/bannou/Bannou.SDK/Bannou.SDK.csproj::TargetFramework=net9.0]
/home/lysander/repos/bannou/bannou-service/Generated/Models/ConnectModels.cs(1058,5): warning CS1591: Missing XML comment for publicly visible type or member 'ClientCapabilityMethod.PATCH' [/home/lysander/repos/bannou/Bannou.SDK/Bannou.SDK.csproj::TargetFramework=net9.0]
/home/lysander/repos/bannou/bannou-service/Generated/Models/ConnectModels.cs(1063,13): warning CS1591: Missing XML comment for publicly visible type or member 'InternalProxyRequestMethod' [/home/lysander/repos/bannou/Bannou.SDK/Bannou.SDK.csproj::TargetFramework=net9.0]
/home/lysander/repos/bannou/bannou-service/Generated/Models/ConnectModels.cs(1067,5): warning CS1591: Missing XML comment for publicly visible type or member 'InternalProxyRequestMethod.GET' [/home/lysander/repos/bannou/Bannou.SDK/Bannou.SDK.csproj::TargetFramework=net9.0]
/home/lysander/repos/bannou/bannou-service/Generated/Models/ConnectModels.cs(1070,5): warning CS1591: Missing XML comment for publicly visible type or member 'InternalProxyRequestMethod.POST' [/home/lysander/repos/bannou/Bannou.SDK/Bannou.SDK.csproj::TargetFramework=net9.0]
/home/lysander/repos/bannou/bannou-service/Generated/Models/ConnectModels.cs(1073,5): warning CS1591: Missing XML comment for publicly visible type or member 'InternalProxyRequestMethod.PUT' [/home/lysander/repos/bannou/Bannou.SDK/Bannou.SDK.csproj::TargetFramework=net9.0]
/home/lysander/repos/bannou/bannou-service/Generated/Models/ConnectModels.cs(1076,5): warning CS1591: Missing XML comment for publicly visible type or member 'InternalProxyRequestMethod.DELETE' [/home/lysander/repos/bannou/Bannou.SDK/Bannou.SDK.csproj::TargetFramework=net9.0]
/home/lysander/repos/bannou/bannou-service/Generated/Models/ConnectModels.cs(1079,5): warning CS1591: Missing XML comment for publicly visible type or member 'InternalProxyRequestMethod.PATCH' [/home/lysander/repos/bannou/Bannou.SDK/Bannou.SDK.csproj::TargetFramework=net9.0]
/home/lysander/repos/bannou/bannou-service/Generated/Models/ConnectModels.cs(1084,13): warning CS1591: Missing XML comment for publicly visible type or member 'ConnectErrorResponseError' [/home/lysander/repos/bannou/Bannou.SDK/Bannou.SDK.csproj::TargetFramework=net9.0]
/home/lysander/repos/bannou/bannou-service/Generated/Models/ConnectModels.cs(1088,5): warning CS1591: Missing XML comment for publicly visible type or member 'ConnectErrorResponseError.BadRequest' [/home/lysander/repos/bannou/Bannou.SDK/Bannou.SDK.csproj::TargetFramework=net9.0]
/home/lysander/repos/bannou/bannou-service/Generated/Models/ConnectModels.cs(1091,5): warning CS1591: Missing XML comment for publicly visible type or member 'ConnectErrorResponseError.Forbidden' [/home/lysander/repos/bannou/Bannou.SDK/Bannou.SDK.csproj::TargetFramework=net9.0]
/home/lysander/repos/bannou/bannou-service/Generated/Models/ConnectModels.cs(1094,5): warning CS1591: Missing XML comment for publicly visible type or member 'ConnectErrorResponseError.InternalServerError' [/home/lysander/repos/bannou/Bannou.SDK/Bannou.SDK.csproj::TargetFramework=net9.0]
/home/lysander/repos/bannou/bannou-service/Generated/Models/ConnectModels.cs(1099,13): warning CS1591: Missing XML comment for publicly visible type or member 'ConnectErrorResponseStatusCode' [/home/lysander/repos/bannou/Bannou.SDK/Bannou.SDK.csproj::TargetFramework=net9.0]
/home/lysander/repos/bannou/bannou-service/Generated/Models/ConnectModels.cs(1102,5): warning CS1591: Missing XML comment for publicly visible type or member 'ConnectErrorResponseStatusCode._400' [/home/lysander/repos/bannou/Bannou.SDK/Bannou.SDK.csproj::TargetFramework=net9.0]
/home/lysander/repos/bannou/bannou-service/Generated/Models/ConnectModels.cs(1104,5): warning CS1591: Missing XML comment for publicly visible type or member 'ConnectErrorResponseStatusCode._403' [/home/lysander/repos/bannou/Bannou.SDK/Bannou.SDK.csproj::TargetFramework=net9.0]
/home/lysander/repos/bannou/bannou-service/Generated/Models/ConnectModels.cs(1106,5): warning CS1591: Missing XML comment for publicly visible type or member 'ConnectErrorResponseStatusCode._500' [/home/lysander/repos/bannou/Bannou.SDK/Bannou.SDK.csproj::TargetFramework=net9.0]
/home/lysander/repos/bannou/bannou-service/Generated/Models/ConnectModels.cs(1111,13): warning CS1591: Missing XML comment for publicly visible type or member 'PermissionRecompileEventReason' [/home/lysander/repos/bannou/Bannou.SDK/Bannou.SDK.csproj::TargetFramework=net9.0]
/home/lysander/repos/bannou/bannou-service/Generated/Models/ConnectModels.cs(1115,5): warning CS1591: Missing XML comment for publicly visible type or member 'PermissionRecompileEventReason.Service_registered' [/home/lysander/repos/bannou/Bannou.SDK/Bannou.SDK.csproj::TargetFramework=net9.0]
/home/lysander/repos/bannou/bannou-service/Generated/Models/ConnectModels.cs(1118,5): warning CS1591: Missing XML comment for publicly visible type or member 'PermissionRecompileEventReason.Permission_rules_changed' [/home/lysander/repos/bannou/Bannou.SDK/Bannou.SDK.csproj::TargetFramework=net9.0]
/home/lysander/repos/bannou/bannou-service/Generated/Models/ConnectModels.cs(1121,5): warning CS1591: Missing XML comment for publicly visible type or member 'PermissionRecompileEventReason.Role_definitions_updated' [/home/lysander/repos/bannou/Bannou.SDK/Bannou.SDK.csproj::TargetFramework=net9.0]
/home/lysander/repos/bannou/bannou-service/Generated/Models/ConnectModels.cs(1124,5): warning CS1591: Missing XML comment for publicly visible type or member 'PermissionRecompileEventReason.Manual_trigger' [/home/lysander/repos/bannou/Bannou.SDK/Bannou.SDK.csproj::TargetFramework=net9.0]
/home/lysander/repos/bannou/bannou-service/Generated/Clients/GameSessionClient.cs(19,26): warning CS1591: Missing XML comment for publicly visible type or member 'IGameSessionClient' [/home/lysander/repos/bannou/Bannou.SDK/Bannou.SDK.csproj::TargetFramework=net9.0]
/home/lysander/repos/bannou/bannou-service/Generated/Clients/GameSessionClient.cs(32,104): warning CS1573: Parameter 'body' has no matching param tag in the XML comment for 'IGameSessionClient.ListGameSessionsAsync(ListGameSessionsRequest, CancellationToken)' (but other parameters do) [/home/lysander/repos/bannou/Bannou.SDK/Bannou.SDK.csproj::TargetFramework=net9.0]
/home/lysander/repos/bannou/bannou-service/Generated/Clients/GameSessionClient.cs(44,102): warning CS1573: Parameter 'body' has no matching param tag in the XML comment for 'IGameSessionClient.CreateGameSessionAsync(CreateGameSessionRequest, CancellationToken)' (but other parameters do) [/home/lysander/repos/bannou/Bannou.SDK/Bannou.SDK.csproj::TargetFramework=net9.0]
/home/lysander/repos/bannou/bannou-service/Generated/Clients/GameSessionClient.cs(55,96): warning CS1573: Parameter 'body' has no matching param tag in the XML comment for 'IGameSessionClient.GetGameSessionAsync(GetGameSessionRequest, CancellationToken)' (but other parameters do) [/home/lysander/repos/bannou/Bannou.SDK/Bannou.SDK.csproj::TargetFramework=net9.0]
/home/lysander/repos/bannou/bannou-service/Generated/Clients/GameSessionClient.cs(69,102): warning CS1573: Parameter 'body' has no matching param tag in the XML comment for 'IGameSessionClient.JoinGameSessionAsync(JoinGameSessionRequest, CancellationToken)' (but other parameters do) [/home/lysander/repos/bannou/Bannou.SDK/Bannou.SDK.csproj::TargetFramework=net9.0]
/home/lysander/repos/bannou/bannou-service/Generated/Clients/GameSessionClient.cs(77,79): warning CS1573: Parameter 'body' has no matching param tag in the XML comment for 'IGameSessionClient.LeaveGameSessionAsync(LeaveGameSessionRequest, CancellationToken)' (but other parameters do) [/home/lysander/repos/bannou/Bannou.SDK/Bannou.SDK.csproj::TargetFramework=net9.0]
/home/lysander/repos/bannou/bannou-service/Generated/Clients/GameSessionClient.cs(85,67): warning CS1573: Parameter 'body' has no matching param tag in the XML comment for 'IGameSessionClient.KickPlayerAsync(KickPlayerRequest, CancellationToken)' (but other parameters do) [/home/lysander/repos/bannou/Bannou.SDK/Bannou.SDK.csproj::TargetFramework=net9.0]
/home/lysander/repos/bannou/bannou-service/Generated/Clients/GameSessionClient.cs(93,73): warning CS1573: Parameter 'body' has no matching param tag in the XML comment for 'IGameSessionClient.SendChatMessageAsync(ChatMessageRequest, CancellationToken)' (but other parameters do) [/home/lysander/repos/bannou/Bannou.SDK/Bannou.SDK.csproj::TargetFramework=net9.0]
/home/lysander/repos/bannou/bannou-service/Generated/Clients/GameSessionClient.cs(101,94): warning CS1573: Parameter 'body' has no matching param tag in the XML comment for 'IGameSessionClient.PerformGameActionAsync(GameActionRequest, CancellationToken)' (but other parameters do) [/home/lysander/repos/bannou/Bannou.SDK/Bannou.SDK.csproj::TargetFramework=net9.0]
/home/lysander/repos/bannou/bannou-service/Generated/Clients/GameSessionClient.cs(105,22): warning CS1591: Missing XML comment for publicly visible type or member 'GameSessionClient' [/home/lysander/repos/bannou/Bannou.SDK/Bannou.SDK.csproj::TargetFramework=net9.0]
/home/lysander/repos/bannou/bannou-service/Generated/Clients/GameSessionClient.cs(125,12): warning CS1591: Missing XML comment for publicly visible type or member 'GameSessionClient.GameSessionClient(IMeshInvocationClient, IServiceAppMappingResolver, ILogger<GameSessionClient>?)' [/home/lysander/repos/bannou/Bannou.SDK/Bannou.SDK.csproj::TargetFramework=net9.0]
/home/lysander/repos/bannou/bannou-service/Generated/Clients/GameSessionClient.cs(133,54): warning CS1591: Missing XML comment for publicly visible type or member 'GameSessionClient.JsonSerializerSettings' [/home/lysander/repos/bannou/Bannou.SDK/Bannou.SDK.csproj::TargetFramework=net9.0]
/home/lysander/repos/bannou/bannou-service/Generated/Clients/GameSessionClient.cs(237,125): warning CS1573: Parameter 'body' has no matching param tag in the XML comment for 'GameSessionClient.ListGameSessionsAsync(ListGameSessionsRequest, CancellationToken)' (but other parameters do) [/home/lysander/repos/bannou/Bannou.SDK/Bannou.SDK.csproj::TargetFramework=net9.0]
/home/lysander/repos/bannou/bannou-service/Generated/Clients/GameSessionClient.cs(320,123): warning CS1573: Parameter 'body' has no matching param tag in the XML comment for 'GameSessionClient.CreateGameSessionAsync(CreateGameSessionRequest, CancellationToken)' (but other parameters do) [/home/lysander/repos/bannou/Bannou.SDK/Bannou.SDK.csproj::TargetFramework=net9.0]
/home/lysander/repos/bannou/bannou-service/Generated/Clients/GameSessionClient.cs(402,117): warning CS1573: Parameter 'body' has no matching param tag in the XML comment for 'GameSessionClient.GetGameSessionAsync(GetGameSessionRequest, CancellationToken)' (but other parameters do) [/home/lysander/repos/bannou/Bannou.SDK/Bannou.SDK.csproj::TargetFramework=net9.0]
/home/lysander/repos/bannou/bannou-service/Generated/Clients/GameSessionClient.cs(493,123): warning CS1573: Parameter 'body' has no matching param tag in the XML comment for 'GameSessionClient.JoinGameSessionAsync(JoinGameSessionRequest, CancellationToken)' (but other parameters do) [/home/lysander/repos/bannou/Bannou.SDK/Bannou.SDK.csproj::TargetFramework=net9.0]
/home/lysander/repos/bannou/bannou-service/Generated/Clients/GameSessionClient.cs(584,100): warning CS1573: Parameter 'body' has no matching param tag in the XML comment for 'GameSessionClient.LeaveGameSessionAsync(LeaveGameSessionRequest, CancellationToken)' (but other parameters do) [/home/lysander/repos/bannou/Bannou.SDK/Bannou.SDK.csproj::TargetFramework=net9.0]
/home/lysander/repos/bannou/bannou-service/Generated/Clients/GameSessionClient.cs(663,88): warning CS1573: Parameter 'body' has no matching param tag in the XML comment for 'GameSessionClient.KickPlayerAsync(KickPlayerRequest, CancellationToken)' (but other parameters do) [/home/lysander/repos/bannou/Bannou.SDK/Bannou.SDK.csproj::TargetFramework=net9.0]
/home/lysander/repos/bannou/bannou-service/Generated/Clients/GameSessionClient.cs(748,94): warning CS1573: Parameter 'body' has no matching param tag in the XML comment for 'GameSessionClient.SendChatMessageAsync(ChatMessageRequest, CancellationToken)' (but other parameters do) [/home/lysander/repos/bannou/Bannou.SDK/Bannou.SDK.csproj::TargetFramework=net9.0]
/home/lysander/repos/bannou/bannou-service/Generated/Clients/GameSessionClient.cs(827,115): warning CS1573: Parameter 'body' has no matching param tag in the XML comment for 'GameSessionClient.PerformGameActionAsync(GameActionRequest, CancellationToken)' (but other parameters do) [/home/lysander/repos/bannou/Bannou.SDK/Bannou.SDK.csproj::TargetFramework=net9.0]
/home/lysander/repos/bannou/bannou-service/Generated/Clients/GameSessionClient.cs(912,22): warning CS1591: Missing XML comment for publicly visible type or member 'GameSessionClient.ObjectResponseResult<T>' [/home/lysander/repos/bannou/Bannou.SDK/Bannou.SDK.csproj::TargetFramework=net9.0]
/home/lysander/repos/bannou/bannou-service/Generated/Clients/GameSessionClient.cs(914,16): warning CS1591: Missing XML comment for publicly visible type or member 'GameSessionClient.ObjectResponseResult<T>.ObjectResponseResult(T, string)' [/home/lysander/repos/bannou/Bannou.SDK/Bannou.SDK.csproj::TargetFramework=net9.0]
/home/lysander/repos/bannou/bannou-service/Generated/Clients/GameSessionClient.cs(920,18): warning CS1591: Missing XML comment for publicly visible type or member 'GameSessionClient.ObjectResponseResult<T>.Object' [/home/lysander/repos/bannou/Bannou.SDK/Bannou.SDK.csproj::TargetFramework=net9.0]
/home/lysander/repos/bannou/bannou-service/Generated/Clients/GameSessionClient.cs(922,23): warning CS1591: Missing XML comment for publicly visible type or member 'GameSessionClient.ObjectResponseResult<T>.Text' [/home/lysander/repos/bannou/Bannou.SDK/Bannou.SDK.csproj::TargetFramework=net9.0]
/home/lysander/repos/bannou/bannou-service/Generated/Clients/GameSessionClient.cs(945,17): warning CS1591: Missing XML comment for publicly visible type or member 'GameSessionClient.ReadResponseAsString' [/home/lysander/repos/bannou/Bannou.SDK/Bannou.SDK.csproj::TargetFramework=net9.0]
/home/lysander/repos/bannou/bannou-service/Generated/Clients/GameSessionClient.cs(947,86): warning CS1591: Missing XML comment for publicly visible type or member 'GameSessionClient.ReadObjectResponseAsync<T>(HttpResponseMessage, IReadOnlyDictionary<string, IEnumerable<string>>, CancellationToken)' [/home/lysander/repos/bannou/Bannou.SDK/Bannou.SDK.csproj::TargetFramework=net9.0]
/home/lysander/repos/bannou/bannou-service/Generated/Models/GameSessionModels.cs(41,68): warning CS1591: Missing XML comment for publicly visible type or member 'ListGameSessionsRequest.AdditionalProperties' [/home/lysander/repos/bannou/Bannou.SDK/Bannou.SDK.csproj::TargetFramework=net9.0]
/home/lysander/repos/bannou/bannou-service/Generated/Models/GameSessionModels.cs(67,68): warning CS1591: Missing XML comment for publicly visible type or member 'GetGameSessionRequest.AdditionalProperties' [/home/lysander/repos/bannou/Bannou.SDK/Bannou.SDK.csproj::TargetFramework=net9.0]
/home/lysander/repos/bannou/bannou-service/Generated/Models/GameSessionModels.cs(101,68): warning CS1591: Missing XML comment for publicly visible type or member 'LeaveGameSessionRequest.AdditionalProperties' [/home/lysander/repos/bannou/Bannou.SDK/Bannou.SDK.csproj::TargetFramework=net9.0]
/home/lysander/repos/bannou/bannou-service/Generated/Models/GameSessionModels.cs(110,22): warning CS1591: Missing XML comment for publicly visible type or member 'CreateGameSessionRequest' [/home/lysander/repos/bannou/Bannou.SDK/Bannou.SDK.csproj::TargetFramework=net9.0]
/home/lysander/repos/bannou/bannou-service/Generated/Models/GameSessionModels.cs(117,45): warning CS1591: Missing XML comment for publicly visible type or member 'CreateGameSessionRequest.GameType' [/home/lysander/repos/bannou/Bannou.SDK/Bannou.SDK.csproj::TargetFramework=net9.0]
/home/lysander/repos/bannou/bannou-service/Generated/Models/GameSessionModels.cs(121,16): warning CS1591: Missing XML comment for publicly visible type or member 'CreateGameSessionRequest.MaxPlayers' [/home/lysander/repos/bannou/Bannou.SDK/Bannou.SDK.csproj::TargetFramework=net9.0]
/home/lysander/repos/bannou/bannou-service/Generated/Models/GameSessionModels.cs(125,19): warning CS1591: Missing XML comment for publicly visible type or member 'CreateGameSessionRequest.SessionName' [/home/lysander/repos/bannou/Bannou.SDK/Bannou.SDK.csproj::TargetFramework=net9.0]
/home/lysander/repos/bannou/bannou-service/Generated/Models/GameSessionModels.cs(128,17): warning CS1591: Missing XML comment for publicly visible type or member 'CreateGameSessionRequest.IsPrivate' [/home/lysander/repos/bannou/Bannou.SDK/Bannou.SDK.csproj::TargetFramework=net9.0]
/home/lysander/repos/bannou/bannou-service/Generated/Models/GameSessionModels.cs(137,19): warning CS1591: Missing XML comment for publicly visible type or member 'CreateGameSessionRequest.GameSettings' [/home/lysander/repos/bannou/Bannou.SDK/Bannou.SDK.csproj::TargetFramework=net9.0]
/home/lysander/repos/bannou/bannou-service/Generated/Models/GameSessionModels.cs(142,68): warning CS1591: Missing XML comment for publicly visible type or member 'CreateGameSessionRequest.AdditionalProperties' [/home/lysander/repos/bannou/Bannou.SDK/Bannou.SDK.csproj::TargetFramework=net9.0]
/home/lysander/repos/bannou/bannou-service/Generated/Models/GameSessionModels.cs(151,22): warning CS1591: Missing XML comment for publicly visible type or member 'GameSessionResponse' [/home/lysander/repos/bannou/Bannou.SDK/Bannou.SDK.csproj::TargetFramework=net9.0]
/home/lysander/repos/bannou/bannou-service/Generated/Models/GameSessionModels.cs(157,24): warning CS1591: Missing XML comment for publicly visible type or member 'GameSessionResponse.SessionId' [/home/lysander/repos/bannou/Bannou.SDK/Bannou.SDK.csproj::TargetFramework=net9.0]
/home/lysander/repos/bannou/bannou-service/Generated/Models/GameSessionModels.cs(163,40): warning CS1591: Missing XML comment for publicly visible type or member 'GameSessionResponse.GameType' [/home/lysander/repos/bannou/Bannou.SDK/Bannou.SDK.csproj::TargetFramework=net9.0]
/home/lysander/repos/bannou/bannou-service/Generated/Models/GameSessionModels.cs(166,19): warning CS1591: Missing XML comment for publicly visible type or member 'GameSessionResponse.SessionName' [/home/lysander/repos/bannou/Bannou.SDK/Bannou.SDK.csproj::TargetFramework=net9.0]
/home/lysander/repos/bannou/bannou-service/Generated/Models/GameSessionModels.cs(172,38): warning CS1591: Missing XML comment for publicly visible type or member 'GameSessionResponse.Status' [/home/lysander/repos/bannou/Bannou.SDK/Bannou.SDK.csproj::TargetFramework=net9.0]
/home/lysander/repos/bannou/bannou-service/Generated/Models/GameSessionModels.cs(175,16): warning CS1591: Missing XML comment for publicly visible type or member 'GameSessionResponse.MaxPlayers' [/home/lysander/repos/bannou/Bannou.SDK/Bannou.SDK.csproj::TargetFramework=net9.0]
/home/lysander/repos/bannou/bannou-service/Generated/Models/GameSessionModels.cs(178,16): warning CS1591: Missing XML comment for publicly visible type or member 'GameSessionResponse.CurrentPlayers' [/home/lysander/repos/bannou/Bannou.SDK/Bannou.SDK.csproj::TargetFramework=net9.0]
/home/lysander/repos/bannou/bannou-service/Generated/Models/GameSessionModels.cs(181,17): warning CS1591: Missing XML comment for publicly visible type or member 'GameSessionResponse.IsPrivate' [/home/lysander/repos/bannou/Bannou.SDK/Bannou.SDK.csproj::TargetFramework=net9.0]
/home/lysander/repos/bannou/bannou-service/Generated/Models/GameSessionModels.cs(184,24): warning CS1591: Missing XML comment for publicly visible type or member 'GameSessionResponse.Owner' [/home/lysander/repos/bannou/Bannou.SDK/Bannou.SDK.csproj::TargetFramework=net9.0]
/home/lysander/repos/bannou/bannou-service/Generated/Models/GameSessionModels.cs(187,63): warning CS1591: Missing XML comment for publicly visible type or member 'GameSessionResponse.Players' [/home/lysander/repos/bannou/Bannou.SDK/Bannou.SDK.csproj::TargetFramework=net9.0]
/home/lysander/repos/bannou/bannou-service/Generated/Models/GameSessionModels.cs(192,34): warning CS1591: Missing XML comment for publicly visible type or member 'GameSessionResponse.CreatedAt' [/home/lysander/repos/bannou/Bannou.SDK/Bannou.SDK.csproj::TargetFramework=net9.0]
/home/lysander/repos/bannou/bannou-service/Generated/Models/GameSessionModels.cs(195,19): warning CS1591: Missing XML comment for publicly visible type or member 'GameSessionResponse.GameSettings' [/home/lysander/repos/bannou/Bannou.SDK/Bannou.SDK.csproj::TargetFramework=net9.0]
/home/lysander/repos/bannou/bannou-service/Generated/Models/GameSessionModels.cs(200,68): warning CS1591: Missing XML comment for publicly visible type or member 'GameSessionResponse.AdditionalProperties' [/home/lysander/repos/bannou/Bannou.SDK/Bannou.SDK.csproj::TargetFramework=net9.0]
/home/lysander/repos/bannou/bannou-service/Generated/Models/GameSessionModels.cs(209,22): warning CS1591: Missing XML comment for publicly visible type or member 'GameSessionListResponse' [/home/lysander/repos/bannou/Bannou.SDK/Bannou.SDK.csproj::TargetFramework=net9.0]
/home/lysander/repos/bannou/bannou-service/Generated/Models/GameSessionModels.cs(215,72): warning CS1591: Missing XML comment for publicly visible type or member 'GameSessionListResponse.Sessions' [/home/lysander/repos/bannou/Bannou.SDK/Bannou.SDK.csproj::TargetFramework=net9.0]
/home/lysander/repos/bannou/bannou-service/Generated/Models/GameSessionModels.cs(218,16): warning CS1591: Missing XML comment for publicly visible type or member 'GameSessionListResponse.TotalCount' [/home/lysander/repos/bannou/Bannou.SDK/Bannou.SDK.csproj::TargetFramework=net9.0]
/home/lysander/repos/bannou/bannou-service/Generated/Models/GameSessionModels.cs(223,68): warning CS1591: Missing XML comment for publicly visible type or member 'GameSessionListResponse.AdditionalProperties' [/home/lysander/repos/bannou/Bannou.SDK/Bannou.SDK.csproj::TargetFramework=net9.0]
/home/lysander/repos/bannou/bannou-service/Generated/Models/GameSessionModels.cs(232,22): warning CS1591: Missing XML comment for publicly visible type or member 'JoinGameSessionRequest' [/home/lysander/repos/bannou/Bannou.SDK/Bannou.SDK.csproj::TargetFramework=net9.0]
/home/lysander/repos/bannou/bannou-service/Generated/Models/GameSessionModels.cs(272,68): warning CS1591: Missing XML comment for publicly visible type or member 'JoinGameSessionRequest.AdditionalProperties' [/home/lysander/repos/bannou/Bannou.SDK/Bannou.SDK.csproj::TargetFramework=net9.0]
/home/lysander/repos/bannou/bannou-service/Generated/Models/GameSessionModels.cs(281,22): warning CS1591: Missing XML comment for publicly visible type or member 'JoinGameSessionResponse' [/home/lysander/repos/bannou/Bannou.SDK/Bannou.SDK.csproj::TargetFramework=net9.0]
/home/lysander/repos/bannou/bannou-service/Generated/Models/GameSessionModels.cs(285,17): warning CS1591: Missing XML comment for publicly visible type or member 'JoinGameSessionResponse.Success' [/home/lysander/repos/bannou/Bannou.SDK/Bannou.SDK.csproj::TargetFramework=net9.0]
/home/lysander/repos/bannou/bannou-service/Generated/Models/GameSessionModels.cs(290,24): warning CS1591: Missing XML comment for publicly visible type or member 'JoinGameSessionResponse.SessionId' [/home/lysander/repos/bannou/Bannou.SDK/Bannou.SDK.csproj::TargetFramework=net9.0]
/home/lysander/repos/bannou/bannou-service/Generated/Models/GameSessionModels.cs(296,46): warning CS1591: Missing XML comment for publicly visible type or member 'JoinGameSessionResponse.PlayerRole' [/home/lysander/repos/bannou/Bannou.SDK/Bannou.SDK.csproj::TargetFramework=net9.0]
/home/lysander/repos/bannou/bannou-service/Generated/Models/GameSessionModels.cs(319,68): warning CS1591: Missing XML comment for publicly visible type or member 'JoinGameSessionResponse.AdditionalProperties' [/home/lysander/repos/bannou/Bannou.SDK/Bannou.SDK.csproj::TargetFramework=net9.0]
/home/lysander/repos/bannou/bannou-service/Generated/Models/GameSessionModels.cs(328,22): warning CS1591: Missing XML comment for publicly visible type or member 'GamePlayer' [/home/lysander/repos/bannou/Bannou.SDK/Bannou.SDK.csproj::TargetFramework=net9.0]
/home/lysander/repos/bannou/bannou-service/Generated/Models/GameSessionModels.cs(334,24): warning CS1591: Missing XML comment for publicly visible type or member 'GamePlayer.AccountId' [/home/lysander/repos/bannou/Bannou.SDK/Bannou.SDK.csproj::TargetFramework=net9.0]
/home/lysander/repos/bannou/bannou-service/Generated/Models/GameSessionModels.cs(337,19): warning CS1591: Missing XML comment for publicly visible type or member 'GamePlayer.DisplayName' [/home/lysander/repos/bannou/Bannou.SDK/Bannou.SDK.csproj::TargetFramework=net9.0]
/home/lysander/repos/bannou/bannou-service/Generated/Models/GameSessionModels.cs(343,27): warning CS1591: Missing XML comment for publicly visible type or member 'GamePlayer.Role' [/home/lysander/repos/bannou/Bannou.SDK/Bannou.SDK.csproj::TargetFramework=net9.0]
/home/lysander/repos/bannou/bannou-service/Generated/Models/GameSessionModels.cs(348,34): warning CS1591: Missing XML comment for publicly visible type or member 'GamePlayer.JoinedAt' [/home/lysander/repos/bannou/Bannou.SDK/Bannou.SDK.csproj::TargetFramework=net9.0]
/home/lysander/repos/bannou/bannou-service/Generated/Models/GameSessionModels.cs(351,19): warning CS1591: Missing XML comment for publicly visible type or member 'GamePlayer.CharacterData' [/home/lysander/repos/bannou/Bannou.SDK/Bannou.SDK.csproj::TargetFramework=net9.0]
/home/lysander/repos/bannou/bannou-service/Generated/Models/GameSessionModels.cs(362,68): warning CS1591: Missing XML comment for publicly visible type or member 'GamePlayer.AdditionalProperties' [/home/lysander/repos/bannou/Bannou.SDK/Bannou.SDK.csproj::TargetFramework=net9.0]
/home/lysander/repos/bannou/bannou-service/Generated/Models/GameSessionModels.cs(371,22): warning CS1591: Missing XML comment for publicly visible type or member 'KickPlayerRequest' [/home/lysander/repos/bannou/Bannou.SDK/Bannou.SDK.csproj::TargetFramework=net9.0]
/home/lysander/repos/bannou/bannou-service/Generated/Models/GameSessionModels.cs(400,68): warning CS1591: Missing XML comment for publicly visible type or member 'KickPlayerRequest.AdditionalProperties' [/home/lysander/repos/bannou/Bannou.SDK/Bannou.SDK.csproj::TargetFramework=net9.0]
/home/lysander/repos/bannou/bannou-service/Generated/Models/GameSessionModels.cs(409,22): warning CS1591: Missing XML comment for publicly visible type or member 'ChatMessageRequest' [/home/lysander/repos/bannou/Bannou.SDK/Bannou.SDK.csproj::TargetFramework=net9.0]
/home/lysander/repos/bannou/bannou-service/Generated/Models/GameSessionModels.cs(424,19): warning CS1591: Missing XML comment for publicly visible type or member 'ChatMessageRequest.Message' [/home/lysander/repos/bannou/Bannou.SDK/Bannou.SDK.csproj::TargetFramework=net9.0]
/home/lysander/repos/bannou/bannou-service/Generated/Models/GameSessionModels.cs(428,42): warning CS1591: Missing XML comment for publicly visible type or member 'ChatMessageRequest.MessageType' [/home/lysander/repos/bannou/Bannou.SDK/Bannou.SDK.csproj::TargetFramework=net9.0]
/home/lysander/repos/bannou/bannou-service/Generated/Models/GameSessionModels.cs(439,68): warning CS1591: Missing XML comment for publicly visible type or member 'ChatMessageRequest.AdditionalProperties' [/home/lysander/repos/bannou/Bannou.SDK/Bannou.SDK.csproj::TargetFramework=net9.0]
/home/lysander/repos/bannou/bannou-service/Generated/Models/GameSessionModels.cs(448,22): warning CS1591: Missing XML comment for publicly visible type or member 'GameActionRequest' [/home/lysander/repos/bannou/Bannou.SDK/Bannou.SDK.csproj::TargetFramework=net9.0]
/home/lysander/repos/bannou/bannou-service/Generated/Models/GameSessionModels.cs(463,40): warning CS1591: Missing XML comment for publicly visible type or member 'GameActionRequest.ActionType' [/home/lysander/repos/bannou/Bannou.SDK/Bannou.SDK.csproj::TargetFramework=net9.0]
/home/lysander/repos/bannou/bannou-service/Generated/Models/GameSessionModels.cs(480,68): warning CS1591: Missing XML comment for publicly visible type or member 'GameActionRequest.AdditionalProperties' [/home/lysander/repos/bannou/Bannou.SDK/Bannou.SDK.csproj::TargetFramework=net9.0]
/home/lysander/repos/bannou/bannou-service/Generated/Models/GameSessionModels.cs(489,22): warning CS1591: Missing XML comment for publicly visible type or member 'GameActionResponse' [/home/lysander/repos/bannou/Bannou.SDK/Bannou.SDK.csproj::TargetFramework=net9.0]
/home/lysander/repos/bannou/bannou-service/Generated/Models/GameSessionModels.cs(493,17): warning CS1591: Missing XML comment for publicly visible type or member 'GameActionResponse.Success' [/home/lysander/repos/bannou/Bannou.SDK/Bannou.SDK.csproj::TargetFramework=net9.0]
/home/lysander/repos/bannou/bannou-service/Generated/Models/GameSessionModels.cs(498,24): warning CS1591: Missing XML comment for publicly visible type or member 'GameActionResponse.ActionId' [/home/lysander/repos/bannou/Bannou.SDK/Bannou.SDK.csproj::TargetFramework=net9.0]
/home/lysander/repos/bannou/bannou-service/Generated/Models/GameSessionModels.cs(515,68): warning CS1591: Missing XML comment for publicly visible type or member 'GameActionResponse.AdditionalProperties' [/home/lysander/repos/bannou/Bannou.SDK/Bannou.SDK.csproj::TargetFramework=net9.0]
/home/lysander/repos/bannou/bannou-service/Generated/Models/GameSessionModels.cs(547,68): warning CS1591: Missing XML comment for publicly visible type or member 'VoiceSipEndpoint.AdditionalProperties' [/home/lysander/repos/bannou/Bannou.SDK/Bannou.SDK.csproj::TargetFramework=net9.0]
/home/lysander/repos/bannou/bannou-service/Generated/Models/GameSessionModels.cs(602,68): warning CS1591: Missing XML comment for publicly visible type or member 'VoiceConnectionInfo.AdditionalProperties' [/home/lysander/repos/bannou/Bannou.SDK/Bannou.SDK.csproj::TargetFramework=net9.0]
/home/lysander/repos/bannou/bannou-service/Generated/Models/GameSessionModels.cs(611,13): warning CS1591: Missing XML comment for publicly visible type or member 'ListGameSessionsRequestGameType' [/home/lysander/repos/bannou/Bannou.SDK/Bannou.SDK.csproj::TargetFramework=net9.0]
/home/lysander/repos/bannou/bannou-service/Generated/Models/GameSessionModels.cs(615,5): warning CS1591: Missing XML comment for publicly visible type or member 'ListGameSessionsRequestGameType.Arcadia' [/home/lysander/repos/bannou/Bannou.SDK/Bannou.SDK.csproj::TargetFramework=net9.0]
/home/lysander/repos/bannou/bannou-service/Generated/Models/GameSessionModels.cs(618,5): warning CS1591: Missing XML comment for publicly visible type or member 'ListGameSessionsRequestGameType.Generic' [/home/lysander/repos/bannou/Bannou.SDK/Bannou.SDK.csproj::TargetFramework=net9.0]
/home/lysander/repos/bannou/bannou-service/Generated/Models/GameSessionModels.cs(623,13): warning CS1591: Missing XML comment for publicly visible type or member 'ListGameSessionsRequestStatus' [/home/lysander/repos/bannou/Bannou.SDK/Bannou.SDK.csproj::TargetFramework=net9.0]
/home/lysander/repos/bannou/bannou-service/Generated/Models/GameSessionModels.cs(627,5): warning CS1591: Missing XML comment for publicly visible type or member 'ListGameSessionsRequestStatus.Waiting' [/home/lysander/repos/bannou/Bannou.SDK/Bannou.SDK.csproj::TargetFramework=net9.0]
/home/lysander/repos/bannou/bannou-service/Generated/Models/GameSessionModels.cs(630,5): warning CS1591: Missing XML comment for publicly visible type or member 'ListGameSessionsRequestStatus.Active' [/home/lysander/repos/bannou/Bannou.SDK/Bannou.SDK.csproj::TargetFramework=net9.0]
/home/lysander/repos/bannou/bannou-service/Generated/Models/GameSessionModels.cs(633,5): warning CS1591: Missing XML comment for publicly visible type or member 'ListGameSessionsRequestStatus.Full' [/home/lysander/repos/bannou/Bannou.SDK/Bannou.SDK.csproj::TargetFramework=net9.0]
/home/lysander/repos/bannou/bannou-service/Generated/Models/GameSessionModels.cs(638,13): warning CS1591: Missing XML comment for publicly visible type or member 'CreateGameSessionRequestGameType' [/home/lysander/repos/bannou/Bannou.SDK/Bannou.SDK.csproj::TargetFramework=net9.0]
/home/lysander/repos/bannou/bannou-service/Generated/Models/GameSessionModels.cs(642,5): warning CS1591: Missing XML comment for publicly visible type or member 'CreateGameSessionRequestGameType.Arcadia' [/home/lysander/repos/bannou/Bannou.SDK/Bannou.SDK.csproj::TargetFramework=net9.0]
/home/lysander/repos/bannou/bannou-service/Generated/Models/GameSessionModels.cs(645,5): warning CS1591: Missing XML comment for publicly visible type or member 'CreateGameSessionRequestGameType.Generic' [/home/lysander/repos/bannou/Bannou.SDK/Bannou.SDK.csproj::TargetFramework=net9.0]
/home/lysander/repos/bannou/bannou-service/Generated/Models/GameSessionModels.cs(650,13): warning CS1591: Missing XML comment for publicly visible type or member 'GameSessionResponseGameType' [/home/lysander/repos/bannou/Bannou.SDK/Bannou.SDK.csproj::TargetFramework=net9.0]
/home/lysander/repos/bannou/bannou-service/Generated/Models/GameSessionModels.cs(654,5): warning CS1591: Missing XML comment for publicly visible type or member 'GameSessionResponseGameType.Arcadia' [/home/lysander/repos/bannou/Bannou.SDK/Bannou.SDK.csproj::TargetFramework=net9.0]
/home/lysander/repos/bannou/bannou-service/Generated/Models/GameSessionModels.cs(657,5): warning CS1591: Missing XML comment for publicly visible type or member 'GameSessionResponseGameType.Generic' [/home/lysander/repos/bannou/Bannou.SDK/Bannou.SDK.csproj::TargetFramework=net9.0]
/home/lysander/repos/bannou/bannou-service/Generated/Models/GameSessionModels.cs(662,13): warning CS1591: Missing XML comment for publicly visible type or member 'GameSessionResponseStatus' [/home/lysander/repos/bannou/Bannou.SDK/Bannou.SDK.csproj::TargetFramework=net9.0]
/home/lysander/repos/bannou/bannou-service/Generated/Models/GameSessionModels.cs(666,5): warning CS1591: Missing XML comment for publicly visible type or member 'GameSessionResponseStatus.Waiting' [/home/lysander/repos/bannou/Bannou.SDK/Bannou.SDK.csproj::TargetFramework=net9.0]
/home/lysander/repos/bannou/bannou-service/Generated/Models/GameSessionModels.cs(669,5): warning CS1591: Missing XML comment for publicly visible type or member 'GameSessionResponseStatus.Active' [/home/lysander/repos/bannou/Bannou.SDK/Bannou.SDK.csproj::TargetFramework=net9.0]
/home/lysander/repos/bannou/bannou-service/Generated/Models/GameSessionModels.cs(672,5): warning CS1591: Missing XML comment for publicly visible type or member 'GameSessionResponseStatus.Full' [/home/lysander/repos/bannou/Bannou.SDK/Bannou.SDK.csproj::TargetFramework=net9.0]
/home/lysander/repos/bannou/bannou-service/Generated/Models/GameSessionModels.cs(675,5): warning CS1591: Missing XML comment for publicly visible type or member 'GameSessionResponseStatus.Finished' [/home/lysander/repos/bannou/Bannou.SDK/Bannou.SDK.csproj::TargetFramework=net9.0]
/home/lysander/repos/bannou/bannou-service/Generated/Models/GameSessionModels.cs(680,13): warning CS1591: Missing XML comment for publicly visible type or member 'JoinGameSessionResponsePlayerRole' [/home/lysander/repos/bannou/Bannou.SDK/Bannou.SDK.csproj::TargetFramework=net9.0]
/home/lysander/repos/bannou/bannou-service/Generated/Models/GameSessionModels.cs(684,5): warning CS1591: Missing XML comment for publicly visible type or member 'JoinGameSessionResponsePlayerRole.Player' [/home/lysander/repos/bannou/Bannou.SDK/Bannou.SDK.csproj::TargetFramework=net9.0]
/home/lysander/repos/bannou/bannou-service/Generated/Models/GameSessionModels.cs(687,5): warning CS1591: Missing XML comment for publicly visible type or member 'JoinGameSessionResponsePlayerRole.Spectator' [/home/lysander/repos/bannou/Bannou.SDK/Bannou.SDK.csproj::TargetFramework=net9.0]
/home/lysander/repos/bannou/bannou-service/Generated/Models/GameSessionModels.cs(690,5): warning CS1591: Missing XML comment for publicly visible type or member 'JoinGameSessionResponsePlayerRole.Moderator' [/home/lysander/repos/bannou/Bannou.SDK/Bannou.SDK.csproj::TargetFramework=net9.0]
/home/lysander/repos/bannou/bannou-service/Generated/Models/GameSessionModels.cs(695,13): warning CS1591: Missing XML comment for publicly visible type or member 'GamePlayerRole' [/home/lysander/repos/bannou/Bannou.SDK/Bannou.SDK.csproj::TargetFramework=net9.0]
/home/lysander/repos/bannou/bannou-service/Generated/Models/GameSessionModels.cs(699,5): warning CS1591: Missing XML comment for publicly visible type or member 'GamePlayerRole.Player' [/home/lysander/repos/bannou/Bannou.SDK/Bannou.SDK.csproj::TargetFramework=net9.0]
/home/lysander/repos/bannou/bannou-service/Generated/Models/GameSessionModels.cs(702,5): warning CS1591: Missing XML comment for publicly visible type or member 'GamePlayerRole.Spectator' [/home/lysander/repos/bannou/Bannou.SDK/Bannou.SDK.csproj::TargetFramework=net9.0]
/home/lysander/repos/bannou/bannou-service/Generated/Models/GameSessionModels.cs(705,5): warning CS1591: Missing XML comment for publicly visible type or member 'GamePlayerRole.Moderator' [/home/lysander/repos/bannou/Bannou.SDK/Bannou.SDK.csproj::TargetFramework=net9.0]
/home/lysander/repos/bannou/bannou-service/Generated/Models/GameSessionModels.cs(710,13): warning CS1591: Missing XML comment for publicly visible type or member 'ChatMessageRequestMessageType' [/home/lysander/repos/bannou/Bannou.SDK/Bannou.SDK.csproj::TargetFramework=net9.0]
/home/lysander/repos/bannou/bannou-service/Generated/Models/GameSessionModels.cs(714,5): warning CS1591: Missing XML comment for publicly visible type or member 'ChatMessageRequestMessageType.Public' [/home/lysander/repos/bannou/Bannou.SDK/Bannou.SDK.csproj::TargetFramework=net9.0]
/home/lysander/repos/bannou/bannou-service/Generated/Models/GameSessionModels.cs(717,5): warning CS1591: Missing XML comment for publicly visible type or member 'ChatMessageRequestMessageType.Whisper' [/home/lysander/repos/bannou/Bannou.SDK/Bannou.SDK.csproj::TargetFramework=net9.0]
/home/lysander/repos/bannou/bannou-service/Generated/Models/GameSessionModels.cs(720,5): warning CS1591: Missing XML comment for publicly visible type or member 'ChatMessageRequestMessageType.System' [/home/lysander/repos/bannou/Bannou.SDK/Bannou.SDK.csproj::TargetFramework=net9.0]
/home/lysander/repos/bannou/bannou-service/Generated/Models/GameSessionModels.cs(725,13): warning CS1591: Missing XML comment for publicly visible type or member 'GameActionRequestActionType' [/home/lysander/repos/bannou/Bannou.SDK/Bannou.SDK.csproj::TargetFramework=net9.0]
/home/lysander/repos/bannou/bannou-service/Generated/Models/GameSessionModels.cs(729,5): warning CS1591: Missing XML comment for publicly visible type or member 'GameActionRequestActionType.Move' [/home/lysander/repos/bannou/Bannou.SDK/Bannou.SDK.csproj::TargetFramework=net9.0]
/home/lysander/repos/bannou/bannou-service/Generated/Models/GameSessionModels.cs(732,5): warning CS1591: Missing XML comment for publicly visible type or member 'GameActionRequestActionType.Interact' [/home/lysander/repos/bannou/Bannou.SDK/Bannou.SDK.csproj::TargetFramework=net9.0]
/home/lysander/repos/bannou/bannou-service/Generated/Models/GameSessionModels.cs(735,5): warning CS1591: Missing XML comment for publicly visible type or member 'GameActionRequestActionType.Attack' [/home/lysander/repos/bannou/Bannou.SDK/Bannou.SDK.csproj::TargetFramework=net9.0]
/home/lysander/repos/bannou/bannou-service/Generated/Models/GameSessionModels.cs(738,5): warning CS1591: Missing XML comment for publicly visible type or member 'GameActionRequestActionType.Cast_spell' [/home/lysander/repos/bannou/Bannou.SDK/Bannou.SDK.csproj::TargetFramework=net9.0]
/home/lysander/repos/bannou/bannou-service/Generated/Models/GameSessionModels.cs(741,5): warning CS1591: Missing XML comment for publicly visible type or member 'GameActionRequestActionType.Use_item' [/home/lysander/repos/bannou/Bannou.SDK/Bannou.SDK.csproj::TargetFramework=net9.0]
/home/lysander/repos/bannou/bannou-service/Generated/Models/GameSessionModels.cs(746,13): warning CS1591: Missing XML comment for publicly visible type or member 'VoiceConnectionInfoTier' [/home/lysander/repos/bannou/Bannou.SDK/Bannou.SDK.csproj::TargetFramework=net9.0]
/home/lysander/repos/bannou/bannou-service/Generated/Models/GameSessionModels.cs(750,5): warning CS1591: Missing XML comment for publicly visible type or member 'VoiceConnectionInfoTier.P2p' [/home/lysander/repos/bannou/Bannou.SDK/Bannou.SDK.csproj::TargetFramework=net9.0]
/home/lysander/repos/bannou/bannou-service/Generated/Models/GameSessionModels.cs(753,5): warning CS1591: Missing XML comment for publicly visible type or member 'VoiceConnectionInfoTier.Scaled' [/home/lysander/repos/bannou/Bannou.SDK/Bannou.SDK.csproj::TargetFramework=net9.0]
/home/lysander/repos/bannou/bannou-service/Generated/Models/GameSessionModels.cs(758,13): warning CS1591: Missing XML comment for publicly visible type or member 'VoiceConnectionInfoCodec' [/home/lysander/repos/bannou/Bannou.SDK/Bannou.SDK.csproj::TargetFramework=net9.0]
/home/lysander/repos/bannou/bannou-service/Generated/Models/GameSessionModels.cs(762,5): warning CS1591: Missing XML comment for publicly visible type or member 'VoiceConnectionInfoCodec.Opus' [/home/lysander/repos/bannou/Bannou.SDK/Bannou.SDK.csproj::TargetFramework=net9.0]
/home/lysander/repos/bannou/bannou-service/Generated/Models/GameSessionModels.cs(765,5): warning CS1591: Missing XML comment for publicly visible type or member 'VoiceConnectionInfoCodec.G711' [/home/lysander/repos/bannou/Bannou.SDK/Bannou.SDK.csproj::TargetFramework=net9.0]
/home/lysander/repos/bannou/bannou-service/Generated/Models/GameSessionModels.cs(768,5): warning CS1591: Missing XML comment for publicly visible type or member 'VoiceConnectionInfoCodec.G722' [/home/lysander/repos/bannou/Bannou.SDK/Bannou.SDK.csproj::TargetFramework=net9.0]
/home/lysander/repos/bannou/bannou-service/Generated/Clients/RelationshipTypeClient.cs(19,26): warning CS1591: Missing XML comment for publicly visible type or member 'IRelationshipTypeClient' [/home/lysander/repos/bannou/Bannou.SDK/Bannou.SDK.csproj::TargetFramework=net9.0]
/home/lysander/repos/bannou/bannou-service/Generated/Clients/RelationshipTypeClient.cs(28,111): warning CS1573: Parameter 'body' has no matching param tag in the XML comment for 'IRelationshipTypeClient.GetRelationshipTypeAsync(GetRelationshipTypeRequest, CancellationToken)' (but other parameters do) [/home/lysander/repos/bannou/Bannou.SDK/Bannou.SDK.csproj::TargetFramework=net9.0]
/home/lysander/repos/bannou/bannou-service/Generated/Clients/RelationshipTypeClient.cs(39,123): warning CS1573: Parameter 'body' has no matching param tag in the XML comment for 'IRelationshipTypeClient.GetRelationshipTypeByCodeAsync(GetRelationshipTypeByCodeRequest, CancellationToken)' (but other parameters do) [/home/lysander/repos/bannou/Bannou.SDK/Bannou.SDK.csproj::TargetFramework=net9.0]
/home/lysander/repos/bannou/bannou-service/Generated/Clients/RelationshipTypeClient.cs(50,119): warning CS1573: Parameter 'body' has no matching param tag in the XML comment for 'IRelationshipTypeClient.ListRelationshipTypesAsync(ListRelationshipTypesRequest, CancellationToken)' (but other parameters do) [/home/lysander/repos/bannou/Bannou.SDK/Bannou.SDK.csproj::TargetFramework=net9.0]
/home/lysander/repos/bannou/bannou-service/Generated/Clients/RelationshipTypeClient.cs(61,127): warning CS1573: Parameter 'body' has no matching param tag in the XML comment for 'IRelationshipTypeClient.GetChildRelationshipTypesAsync(GetChildRelationshipTypesRequest, CancellationToken)' (but other parameters do) [/home/lysander/repos/bannou/Bannou.SDK/Bannou.SDK.csproj::TargetFramework=net9.0]
/home/lysander/repos/bannou/bannou-service/Generated/Clients/RelationshipTypeClient.cs(74,105): warning CS1573: Parameter 'body' has no matching param tag in the XML comment for 'IRelationshipTypeClient.MatchesHierarchyAsync(MatchesHierarchyRequest, CancellationToken)' (but other parameters do) [/home/lysander/repos/bannou/Bannou.SDK/Bannou.SDK.csproj::TargetFramework=net9.0]
/home/lysander/repos/bannou/bannou-service/Generated/Clients/RelationshipTypeClient.cs(86,101): warning CS1573: Parameter 'body' has no matching param tag in the XML comment for 'IRelationshipTypeClient.GetAncestorsAsync(GetAncestorsRequest, CancellationToken)' (but other parameters do) [/home/lysander/repos/bannou/Bannou.SDK/Bannou.SDK.csproj::TargetFramework=net9.0]
/home/lysander/repos/bannou/bannou-service/Generated/Clients/RelationshipTypeClient.cs(94,117): warning CS1573: Parameter 'body' has no matching param tag in the XML comment for 'IRelationshipTypeClient.CreateRelationshipTypeAsync(CreateRelationshipTypeRequest, CancellationToken)' (but other parameters do) [/home/lysander/repos/bannou/Bannou.SDK/Bannou.SDK.csproj::TargetFramework=net9.0]
/home/lysander/repos/bannou/bannou-service/Generated/Clients/RelationshipTypeClient.cs(102,117): warning CS1573: Parameter 'body' has no matching param tag in the XML comment for 'IRelationshipTypeClient.UpdateRelationshipTypeAsync(UpdateRelationshipTypeRequest, CancellationToken)' (but other parameters do) [/home/lysander/repos/bannou/Bannou.SDK/Bannou.SDK.csproj::TargetFramework=net9.0]
/home/lysander/repos/bannou/bannou-service/Generated/Clients/RelationshipTypeClient.cs(115,91): warning CS1573: Parameter 'body' has no matching param tag in the XML comment for 'IRelationshipTypeClient.DeleteRelationshipTypeAsync(DeleteRelationshipTypeRequest, CancellationToken)' (but other parameters do) [/home/lysander/repos/bannou/Bannou.SDK/Bannou.SDK.csproj::TargetFramework=net9.0]
/home/lysander/repos/bannou/bannou-service/Generated/Clients/RelationshipTypeClient.cs(131,123): warning CS1573: Parameter 'body' has no matching param tag in the XML comment for 'IRelationshipTypeClient.DeprecateRelationshipTypeAsync(DeprecateRelationshipTypeRequest, CancellationToken)' (but other parameters do) [/home/lysander/repos/bannou/Bannou.SDK/Bannou.SDK.csproj::TargetFramework=net9.0]
/home/lysander/repos/bannou/bannou-service/Generated/Clients/RelationshipTypeClient.cs(143,127): warning CS1573: Parameter 'body' has no matching param tag in the XML comment for 'IRelationshipTypeClient.UndeprecateRelationshipTypeAsync(UndeprecateRelationshipTypeRequest, CancellationToken)' (but other parameters do) [/home/lysander/repos/bannou/Bannou.SDK/Bannou.SDK.csproj::TargetFramework=net9.0]
/home/lysander/repos/bannou/bannou-service/Generated/Clients/RelationshipTypeClient.cs(164,120): warning CS1573: Parameter 'body' has no matching param tag in the XML comment for 'IRelationshipTypeClient.MergeRelationshipTypeAsync(MergeRelationshipTypeRequest, CancellationToken)' (but other parameters do) [/home/lysander/repos/bannou/Bannou.SDK/Bannou.SDK.csproj::TargetFramework=net9.0]
/home/lysander/repos/bannou/bannou-service/Generated/Clients/RelationshipTypeClient.cs(177,120): warning CS1573: Parameter 'body' has no matching param tag in the XML comment for 'IRelationshipTypeClient.SeedRelationshipTypesAsync(SeedRelationshipTypesRequest, CancellationToken)' (but other parameters do) [/home/lysander/repos/bannou/Bannou.SDK/Bannou.SDK.csproj::TargetFramework=net9.0]
/home/lysander/repos/bannou/bannou-service/Generated/Clients/RelationshipTypeClient.cs(181,22): warning CS1591: Missing XML comment for publicly visible type or member 'RelationshipTypeClient' [/home/lysander/repos/bannou/Bannou.SDK/Bannou.SDK.csproj::TargetFramework=net9.0]
/home/lysander/repos/bannou/bannou-service/Generated/Clients/RelationshipTypeClient.cs(201,12): warning CS1591: Missing XML comment for publicly visible type or member 'RelationshipTypeClient.RelationshipTypeClient(IMeshInvocationClient, IServiceAppMappingResolver, ILogger<RelationshipTypeClient>?)' [/home/lysander/repos/bannou/Bannou.SDK/Bannou.SDK.csproj::TargetFramework=net9.0]
/home/lysander/repos/bannou/bannou-service/Generated/Clients/RelationshipTypeClient.cs(209,54): warning CS1591: Missing XML comment for publicly visible type or member 'RelationshipTypeClient.JsonSerializerSettings' [/home/lysander/repos/bannou/Bannou.SDK/Bannou.SDK.csproj::TargetFramework=net9.0]
/home/lysander/repos/bannou/bannou-service/Generated/Clients/RelationshipTypeClient.cs(309,132): warning CS1573: Parameter 'body' has no matching param tag in the XML comment for 'RelationshipTypeClient.GetRelationshipTypeAsync(GetRelationshipTypeRequest, CancellationToken)' (but other parameters do) [/home/lysander/repos/bannou/Bannou.SDK/Bannou.SDK.csproj::TargetFramework=net9.0]
/home/lysander/repos/bannou/bannou-service/Generated/Clients/RelationshipTypeClient.cs(397,144): warning CS1573: Parameter 'body' has no matching param tag in the XML comment for 'RelationshipTypeClient.GetRelationshipTypeByCodeAsync(GetRelationshipTypeByCodeRequest, CancellationToken)' (but other parameters do) [/home/lysander/repos/bannou/Bannou.SDK/Bannou.SDK.csproj::TargetFramework=net9.0]
/home/lysander/repos/bannou/bannou-service/Generated/Clients/RelationshipTypeClient.cs(485,140): warning CS1573: Parameter 'body' has no matching param tag in the XML comment for 'RelationshipTypeClient.ListRelationshipTypesAsync(ListRelationshipTypesRequest, CancellationToken)' (but other parameters do) [/home/lysander/repos/bannou/Bannou.SDK/Bannou.SDK.csproj::TargetFramework=net9.0]
/home/lysander/repos/bannou/bannou-service/Generated/Clients/RelationshipTypeClient.cs(567,148): warning CS1573: Parameter 'body' has no matching param tag in the XML comment for 'RelationshipTypeClient.GetChildRelationshipTypesAsync(GetChildRelationshipTypesRequest, CancellationToken)' (but other parameters do) [/home/lysander/repos/bannou/Bannou.SDK/Bannou.SDK.csproj::TargetFramework=net9.0]
/home/lysander/repos/bannou/bannou-service/Generated/Clients/RelationshipTypeClient.cs(657,126): warning CS1573: Parameter 'body' has no matching param tag in the XML comment for 'RelationshipTypeClient.MatchesHierarchyAsync(MatchesHierarchyRequest, CancellationToken)' (but other parameters do) [/home/lysander/repos/bannou/Bannou.SDK/Bannou.SDK.csproj::TargetFramework=net9.0]
/home/lysander/repos/bannou/bannou-service/Generated/Clients/RelationshipTypeClient.cs(746,122): warning CS1573: Parameter 'body' has no matching param tag in the XML comment for 'RelationshipTypeClient.GetAncestorsAsync(GetAncestorsRequest, CancellationToken)' (but other parameters do) [/home/lysander/repos/bannou/Bannou.SDK/Bannou.SDK.csproj::TargetFramework=net9.0]
/home/lysander/repos/bannou/bannou-service/Generated/Clients/RelationshipTypeClient.cs(831,138): warning CS1573: Parameter 'body' has no matching param tag in the XML comment for 'RelationshipTypeClient.CreateRelationshipTypeAsync(CreateRelationshipTypeRequest, CancellationToken)' (but other parameters do) [/home/lysander/repos/bannou/Bannou.SDK/Bannou.SDK.csproj::TargetFramework=net9.0]
/home/lysander/repos/bannou/bannou-service/Generated/Clients/RelationshipTypeClient.cs(922,138): warning CS1573: Parameter 'body' has no matching param tag in the XML comment for 'RelationshipTypeClient.UpdateRelationshipTypeAsync(UpdateRelationshipTypeRequest, CancellationToken)' (but other parameters do) [/home/lysander/repos/bannou/Bannou.SDK/Bannou.SDK.csproj::TargetFramework=net9.0]
/home/lysander/repos/bannou/bannou-service/Generated/Clients/RelationshipTypeClient.cs(1018,112): warning CS1573: Parameter 'body' has no matching param tag in the XML comment for 'RelationshipTypeClient.DeleteRelationshipTypeAsync(DeleteRelationshipTypeRequest, CancellationToken)' (but other parameters do) [/home/lysander/repos/bannou/Bannou.SDK/Bannou.SDK.csproj::TargetFramework=net9.0]
/home/lysander/repos/bannou/bannou-service/Generated/Clients/RelationshipTypeClient.cs(1111,144): warning CS1573: Parameter 'body' has no matching param tag in the XML comment for 'RelationshipTypeClient.DeprecateRelationshipTypeAsync(DeprecateRelationshipTypeRequest, CancellationToken)' (but other parameters do) [/home/lysander/repos/bannou/Bannou.SDK/Bannou.SDK.csproj::TargetFramework=net9.0]
/home/lysander/repos/bannou/bannou-service/Generated/Clients/RelationshipTypeClient.cs(1206,148): warning CS1573: Parameter 'body' has no matching param tag in the XML comment for 'RelationshipTypeClient.UndeprecateRelationshipTypeAsync(UndeprecateRelationshipTypeRequest, CancellationToken)' (but other parameters do) [/home/lysander/repos/bannou/Bannou.SDK/Bannou.SDK.csproj::TargetFramework=net9.0]
/home/lysander/repos/bannou/bannou-service/Generated/Clients/RelationshipTypeClient.cs(1310,141): warning CS1573: Parameter 'body' has no matching param tag in the XML comment for 'RelationshipTypeClient.MergeRelationshipTypeAsync(MergeRelationshipTypeRequest, CancellationToken)' (but other parameters do) [/home/lysander/repos/bannou/Bannou.SDK/Bannou.SDK.csproj::TargetFramework=net9.0]
/home/lysander/repos/bannou/bannou-service/Generated/Clients/RelationshipTypeClient.cs(1412,141): warning CS1573: Parameter 'body' has no matching param tag in the XML comment for 'RelationshipTypeClient.SeedRelationshipTypesAsync(SeedRelationshipTypesRequest, CancellationToken)' (but other parameters do) [/home/lysander/repos/bannou/Bannou.SDK/Bannou.SDK.csproj::TargetFramework=net9.0]
/home/lysander/repos/bannou/bannou-service/Generated/Clients/RelationshipTypeClient.cs(1491,22): warning CS1591: Missing XML comment for publicly visible type or member 'RelationshipTypeClient.ObjectResponseResult<T>' [/home/lysander/repos/bannou/Bannou.SDK/Bannou.SDK.csproj::TargetFramework=net9.0]
/home/lysander/repos/bannou/bannou-service/Generated/Clients/RelationshipTypeClient.cs(1493,16): warning CS1591: Missing XML comment for publicly visible type or member 'RelationshipTypeClient.ObjectResponseResult<T>.ObjectResponseResult(T, string)' [/home/lysander/repos/bannou/Bannou.SDK/Bannou.SDK.csproj::TargetFramework=net9.0]
/home/lysander/repos/bannou/bannou-service/Generated/Clients/RelationshipTypeClient.cs(1499,18): warning CS1591: Missing XML comment for publicly visible type or member 'RelationshipTypeClient.ObjectResponseResult<T>.Object' [/home/lysander/repos/bannou/Bannou.SDK/Bannou.SDK.csproj::TargetFramework=net9.0]
/home/lysander/repos/bannou/bannou-service/Generated/Clients/RelationshipTypeClient.cs(1501,23): warning CS1591: Missing XML comment for publicly visible type or member 'RelationshipTypeClient.ObjectResponseResult<T>.Text' [/home/lysander/repos/bannou/Bannou.SDK/Bannou.SDK.csproj::TargetFramework=net9.0]
/home/lysander/repos/bannou/bannou-service/Generated/Clients/RelationshipTypeClient.cs(1524,17): warning CS1591: Missing XML comment for publicly visible type or member 'RelationshipTypeClient.ReadResponseAsString' [/home/lysander/repos/bannou/Bannou.SDK/Bannou.SDK.csproj::TargetFramework=net9.0]
/home/lysander/repos/bannou/bannou-service/Generated/Clients/RelationshipTypeClient.cs(1526,86): warning CS1591: Missing XML comment for publicly visible type or member 'RelationshipTypeClient.ReadObjectResponseAsync<T>(HttpResponseMessage, IReadOnlyDictionary<string, IEnumerable<string>>, CancellationToken)' [/home/lysander/repos/bannou/Bannou.SDK/Bannou.SDK.csproj::TargetFramework=net9.0]
/home/lysander/repos/bannou/bannou-service/Generated/Models/RelationshipTypeModels.cs(18,22): warning CS1591: Missing XML comment for publicly visible type or member 'GetRelationshipTypeRequest' [/home/lysander/repos/bannou/Bannou.SDK/Bannou.SDK.csproj::TargetFramework=net9.0]
/home/lysander/repos/bannou/bannou-service/Generated/Models/RelationshipTypeModels.cs(32,68): warning CS1591: Missing XML comment for publicly visible type or member 'GetRelationshipTypeRequest.AdditionalProperties' [/home/lysander/repos/bannou/Bannou.SDK/Bannou.SDK.csproj::TargetFramework=net9.0]
/home/lysander/repos/bannou/bannou-service/Generated/Models/RelationshipTypeModels.cs(41,22): warning CS1591: Missing XML comment for publicly visible type or member 'GetRelationshipTypeByCodeRequest' [/home/lysander/repos/bannou/Bannou.SDK/Bannou.SDK.csproj::TargetFramework=net9.0]
/home/lysander/repos/bannou/bannou-service/Generated/Models/RelationshipTypeModels.cs(57,68): warning CS1591: Missing XML comment for publicly visible type or member 'GetRelationshipTypeByCodeRequest.AdditionalProperties' [/home/lysander/repos/bannou/Bannou.SDK/Bannou.SDK.csproj::TargetFramework=net9.0]
/home/lysander/repos/bannou/bannou-service/Generated/Models/RelationshipTypeModels.cs(66,22): warning CS1591: Missing XML comment for publicly visible type or member 'ListRelationshipTypesRequest' [/home/lysander/repos/bannou/Bannou.SDK/Bannou.SDK.csproj::TargetFramework=net9.0]
/home/lysander/repos/bannou/bannou-service/Generated/Models/RelationshipTypeModels.cs(96,68): warning CS1591: Missing XML comment for publicly visible type or member 'ListRelationshipTypesRequest.AdditionalProperties' [/home/lysander/repos/bannou/Bannou.SDK/Bannou.SDK.csproj::TargetFramework=net9.0]
/home/lysander/repos/bannou/bannou-service/Generated/Models/RelationshipTypeModels.cs(105,22): warning CS1591: Missing XML comment for publicly visible type or member 'GetChildRelationshipTypesRequest' [/home/lysander/repos/bannou/Bannou.SDK/Bannou.SDK.csproj::TargetFramework=net9.0]
/home/lysander/repos/bannou/bannou-service/Generated/Models/RelationshipTypeModels.cs(125,68): warning CS1591: Missing XML comment for publicly visible type or member 'GetChildRelationshipTypesRequest.AdditionalProperties' [/home/lysander/repos/bannou/Bannou.SDK/Bannou.SDK.csproj::TargetFramework=net9.0]
/home/lysander/repos/bannou/bannou-service/Generated/Models/RelationshipTypeModels.cs(134,22): warning CS1591: Missing XML comment for publicly visible type or member 'MatchesHierarchyRequest' [/home/lysander/repos/bannou/Bannou.SDK/Bannou.SDK.csproj::TargetFramework=net9.0]
/home/lysander/repos/bannou/bannou-service/Generated/Models/RelationshipTypeModels.cs(156,68): warning CS1591: Missing XML comment for publicly visible type or member 'MatchesHierarchyRequest.AdditionalProperties' [/home/lysander/repos/bannou/Bannou.SDK/Bannou.SDK.csproj::TargetFramework=net9.0]
/home/lysander/repos/bannou/bannou-service/Generated/Models/RelationshipTypeModels.cs(165,22): warning CS1591: Missing XML comment for publicly visible type or member 'GetAncestorsRequest' [/home/lysander/repos/bannou/Bannou.SDK/Bannou.SDK.csproj::TargetFramework=net9.0]
/home/lysander/repos/bannou/bannou-service/Generated/Models/RelationshipTypeModels.cs(179,68): warning CS1591: Missing XML comment for publicly visible type or member 'GetAncestorsRequest.AdditionalProperties' [/home/lysander/repos/bannou/Bannou.SDK/Bannou.SDK.csproj::TargetFramework=net9.0]
/home/lysander/repos/bannou/bannou-service/Generated/Models/RelationshipTypeModels.cs(188,22): warning CS1591: Missing XML comment for publicly visible type or member 'CreateRelationshipTypeRequest' [/home/lysander/repos/bannou/Bannou.SDK/Bannou.SDK.csproj::TargetFramework=net9.0]
/home/lysander/repos/bannou/bannou-service/Generated/Models/RelationshipTypeModels.cs(252,68): warning CS1591: Missing XML comment for publicly visible type or member 'CreateRelationshipTypeRequest.AdditionalProperties' [/home/lysander/repos/bannou/Bannou.SDK/Bannou.SDK.csproj::TargetFramework=net9.0]
/home/lysander/repos/bannou/bannou-service/Generated/Models/RelationshipTypeModels.cs(261,22): warning CS1591: Missing XML comment for publicly visible type or member 'UpdateRelationshipTypeRequest' [/home/lysander/repos/bannou/Bannou.SDK/Bannou.SDK.csproj::TargetFramework=net9.0]
/home/lysander/repos/bannou/bannou-service/Generated/Models/RelationshipTypeModels.cs(321,68): warning CS1591: Missing XML comment for publicly visible type or member 'UpdateRelationshipTypeRequest.AdditionalProperties' [/home/lysander/repos/bannou/Bannou.SDK/Bannou.SDK.csproj::TargetFramework=net9.0]
/home/lysander/repos/bannou/bannou-service/Generated/Models/RelationshipTypeModels.cs(330,22): warning CS1591: Missing XML comment for publicly visible type or member 'DeleteRelationshipTypeRequest' [/home/lysander/repos/bannou/Bannou.SDK/Bannou.SDK.csproj::TargetFramework=net9.0]
/home/lysander/repos/bannou/bannou-service/Generated/Models/RelationshipTypeModels.cs(344,68): warning CS1591: Missing XML comment for publicly visible type or member 'DeleteRelationshipTypeRequest.AdditionalProperties' [/home/lysander/repos/bannou/Bannou.SDK/Bannou.SDK.csproj::TargetFramework=net9.0]
/home/lysander/repos/bannou/bannou-service/Generated/Models/RelationshipTypeModels.cs(353,22): warning CS1591: Missing XML comment for publicly visible type or member 'DeprecateRelationshipTypeRequest' [/home/lysander/repos/bannou/Bannou.SDK/Bannou.SDK.csproj::TargetFramework=net9.0]
/home/lysander/repos/bannou/bannou-service/Generated/Models/RelationshipTypeModels.cs(374,68): warning CS1591: Missing XML comment for publicly visible type or member 'DeprecateRelationshipTypeRequest.AdditionalProperties' [/home/lysander/repos/bannou/Bannou.SDK/Bannou.SDK.csproj::TargetFramework=net9.0]
/home/lysander/repos/bannou/bannou-service/Generated/Models/RelationshipTypeModels.cs(383,22): warning CS1591: Missing XML comment for publicly visible type or member 'UndeprecateRelationshipTypeRequest' [/home/lysander/repos/bannou/Bannou.SDK/Bannou.SDK.csproj::TargetFramework=net9.0]
/home/lysander/repos/bannou/bannou-service/Generated/Models/RelationshipTypeModels.cs(397,68): warning CS1591: Missing XML comment for publicly visible type or member 'UndeprecateRelationshipTypeRequest.AdditionalProperties' [/home/lysander/repos/bannou/Bannou.SDK/Bannou.SDK.csproj::TargetFramework=net9.0]
/home/lysander/repos/bannou/bannou-service/Generated/Models/RelationshipTypeModels.cs(406,22): warning CS1591: Missing XML comment for publicly visible type or member 'MergeRelationshipTypeRequest' [/home/lysander/repos/bannou/Bannou.SDK/Bannou.SDK.csproj::TargetFramework=net9.0]
/home/lysander/repos/bannou/bannou-service/Generated/Models/RelationshipTypeModels.cs(434,68): warning CS1591: Missing XML comment for publicly visible type or member 'MergeRelationshipTypeRequest.AdditionalProperties' [/home/lysander/repos/bannou/Bannou.SDK/Bannou.SDK.csproj::TargetFramework=net9.0]
/home/lysander/repos/bannou/bannou-service/Generated/Models/RelationshipTypeModels.cs(443,22): warning CS1591: Missing XML comment for publicly visible type or member 'SeedRelationshipTypesRequest' [/home/lysander/repos/bannou/Bannou.SDK/Bannou.SDK.csproj::TargetFramework=net9.0]
/home/lysander/repos/bannou/bannou-service/Generated/Models/RelationshipTypeModels.cs(463,68): warning CS1591: Missing XML comment for publicly visible type or member 'SeedRelationshipTypesRequest.AdditionalProperties' [/home/lysander/repos/bannou/Bannou.SDK/Bannou.SDK.csproj::TargetFramework=net9.0]
/home/lysander/repos/bannou/bannou-service/Generated/Models/RelationshipTypeModels.cs(472,22): warning CS1591: Missing XML comment for publicly visible type or member 'SeedRelationshipType' [/home/lysander/repos/bannou/Bannou.SDK/Bannou.SDK.csproj::TargetFramework=net9.0]
/home/lysander/repos/bannou/bannou-service/Generated/Models/RelationshipTypeModels.cs(516,17): warning CS1591: Missing XML comment for publicly visible type or member 'SeedRelationshipType.IsBidirectional' [/home/lysander/repos/bannou/Bannou.SDK/Bannou.SDK.csproj::TargetFramework=net9.0]
/home/lysander/repos/bannou/bannou-service/Generated/Models/RelationshipTypeModels.cs(519,19): warning CS1591: Missing XML comment for publicly visible type or member 'SeedRelationshipType.Metadata' [/home/lysander/repos/bannou/Bannou.SDK/Bannou.SDK.csproj::TargetFramework=net9.0]
/home/lysander/repos/bannou/bannou-service/Generated/Models/RelationshipTypeModels.cs(524,68): warning CS1591: Missing XML comment for publicly visible type or member 'SeedRelationshipType.AdditionalProperties' [/home/lysander/repos/bannou/Bannou.SDK/Bannou.SDK.csproj::TargetFramework=net9.0]
/home/lysander/repos/bannou/bannou-service/Generated/Models/RelationshipTypeModels.cs(533,22): warning CS1591: Missing XML comment for publicly visible type or member 'RelationshipTypeResponse' [/home/lysander/repos/bannou/Bannou.SDK/Bannou.SDK.csproj::TargetFramework=net9.0]
/home/lysander/repos/bannou/bannou-service/Generated/Models/RelationshipTypeModels.cs(539,24): warning CS1591: Missing XML comment for publicly visible type or member 'RelationshipTypeResponse.RelationshipTypeId' [/home/lysander/repos/bannou/Bannou.SDK/Bannou.SDK.csproj::TargetFramework=net9.0]
/home/lysander/repos/bannou/bannou-service/Generated/Models/RelationshipTypeModels.cs(544,19): warning CS1591: Missing XML comment for publicly visible type or member 'RelationshipTypeResponse.Code' [/home/lysander/repos/bannou/Bannou.SDK/Bannou.SDK.csproj::TargetFramework=net9.0]
/home/lysander/repos/bannou/bannou-service/Generated/Models/RelationshipTypeModels.cs(549,19): warning CS1591: Missing XML comment for publicly visible type or member 'RelationshipTypeResponse.Name' [/home/lysander/repos/bannou/Bannou.SDK/Bannou.SDK.csproj::TargetFramework=net9.0]
/home/lysander/repos/bannou/bannou-service/Generated/Models/RelationshipTypeModels.cs(552,20): warning CS1591: Missing XML comment for publicly visible type or member 'RelationshipTypeResponse.Description' [/home/lysander/repos/bannou/Bannou.SDK/Bannou.SDK.csproj::TargetFramework=net9.0]
/home/lysander/repos/bannou/bannou-service/Generated/Models/RelationshipTypeModels.cs(555,20): warning CS1591: Missing XML comment for publicly visible type or member 'RelationshipTypeResponse.Category' [/home/lysander/repos/bannou/Bannou.SDK/Bannou.SDK.csproj::TargetFramework=net9.0]
/home/lysander/repos/bannou/bannou-service/Generated/Models/RelationshipTypeModels.cs(558,25): warning CS1591: Missing XML comment for publicly visible type or member 'RelationshipTypeResponse.ParentTypeId' [/home/lysander/repos/bannou/Bannou.SDK/Bannou.SDK.csproj::TargetFramework=net9.0]
/home/lysander/repos/bannou/bannou-service/Generated/Models/RelationshipTypeModels.cs(567,25): warning CS1591: Missing XML comment for publicly visible type or member 'RelationshipTypeResponse.InverseTypeId' [/home/lysander/repos/bannou/Bannou.SDK/Bannou.SDK.csproj::TargetFramework=net9.0]
/home/lysander/repos/bannou/bannou-service/Generated/Models/RelationshipTypeModels.cs(570,20): warning CS1591: Missing XML comment for publicly visible type or member 'RelationshipTypeResponse.InverseTypeCode' [/home/lysander/repos/bannou/Bannou.SDK/Bannou.SDK.csproj::TargetFramework=net9.0]
/home/lysander/repos/bannou/bannou-service/Generated/Models/RelationshipTypeModels.cs(573,17): warning CS1591: Missing XML comment for publicly visible type or member 'RelationshipTypeResponse.IsBidirectional' [/home/lysander/repos/bannou/Bannou.SDK/Bannou.SDK.csproj::TargetFramework=net9.0]
/home/lysander/repos/bannou/bannou-service/Generated/Models/RelationshipTypeModels.cs(600,20): warning CS1591: Missing XML comment for publicly visible type or member 'RelationshipTypeResponse.Metadata' [/home/lysander/repos/bannou/Bannou.SDK/Bannou.SDK.csproj::TargetFramework=net9.0]
/home/lysander/repos/bannou/bannou-service/Generated/Models/RelationshipTypeModels.cs(605,34): warning CS1591: Missing XML comment for publicly visible type or member 'RelationshipTypeResponse.CreatedAt' [/home/lysander/repos/bannou/Bannou.SDK/Bannou.SDK.csproj::TargetFramework=net9.0]
/home/lysander/repos/bannou/bannou-service/Generated/Models/RelationshipTypeModels.cs(610,34): warning CS1591: Missing XML comment for publicly visible type or member 'RelationshipTypeResponse.UpdatedAt' [/home/lysander/repos/bannou/Bannou.SDK/Bannou.SDK.csproj::TargetFramework=net9.0]
/home/lysander/repos/bannou/bannou-service/Generated/Models/RelationshipTypeModels.cs(615,68): warning CS1591: Missing XML comment for publicly visible type or member 'RelationshipTypeResponse.AdditionalProperties' [/home/lysander/repos/bannou/Bannou.SDK/Bannou.SDK.csproj::TargetFramework=net9.0]
/home/lysander/repos/bannou/bannou-service/Generated/Models/RelationshipTypeModels.cs(624,22): warning CS1591: Missing XML comment for publicly visible type or member 'RelationshipTypeListResponse' [/home/lysander/repos/bannou/Bannou.SDK/Bannou.SDK.csproj::TargetFramework=net9.0]
/home/lysander/repos/bannou/bannou-service/Generated/Models/RelationshipTypeModels.cs(630,77): warning CS1591: Missing XML comment for publicly visible type or member 'RelationshipTypeListResponse.Types' [/home/lysander/repos/bannou/Bannou.SDK/Bannou.SDK.csproj::TargetFramework=net9.0]
/home/lysander/repos/bannou/bannou-service/Generated/Models/RelationshipTypeModels.cs(633,16): warning CS1591: Missing XML comment for publicly visible type or member 'RelationshipTypeListResponse.TotalCount' [/home/lysander/repos/bannou/Bannou.SDK/Bannou.SDK.csproj::TargetFramework=net9.0]
/home/lysander/repos/bannou/bannou-service/Generated/Models/RelationshipTypeModels.cs(638,68): warning CS1591: Missing XML comment for publicly visible type or member 'RelationshipTypeListResponse.AdditionalProperties' [/home/lysander/repos/bannou/Bannou.SDK/Bannou.SDK.csproj::TargetFramework=net9.0]
/home/lysander/repos/bannou/bannou-service/Generated/Models/RelationshipTypeModels.cs(647,22): warning CS1591: Missing XML comment for publicly visible type or member 'MatchesHierarchyResponse' [/home/lysander/repos/bannou/Bannou.SDK/Bannou.SDK.csproj::TargetFramework=net9.0]
/home/lysander/repos/bannou/bannou-service/Generated/Models/RelationshipTypeModels.cs(665,68): warning CS1591: Missing XML comment for publicly visible type or member 'MatchesHierarchyResponse.AdditionalProperties' [/home/lysander/repos/bannou/Bannou.SDK/Bannou.SDK.csproj::TargetFramework=net9.0]
/home/lysander/repos/bannou/bannou-service/Generated/Models/RelationshipTypeModels.cs(674,22): warning CS1591: Missing XML comment for publicly visible type or member 'SeedRelationshipTypesResponse' [/home/lysander/repos/bannou/Bannou.SDK/Bannou.SDK.csproj::TargetFramework=net9.0]
/home/lysander/repos/bannou/bannou-service/Generated/Models/RelationshipTypeModels.cs(706,68): warning CS1591: Missing XML comment for publicly visible type or member 'SeedRelationshipTypesResponse.AdditionalProperties' [/home/lysander/repos/bannou/Bannou.SDK/Bannou.SDK.csproj::TargetFramework=net9.0]
/home/lysander/repos/bannou/bannou-service/Generated/Models/RelationshipTypeModels.cs(715,22): warning CS1591: Missing XML comment for publicly visible type or member 'MergeRelationshipTypeResponse' [/home/lysander/repos/bannou/Bannou.SDK/Bannou.SDK.csproj::TargetFramework=net9.0]
/home/lysander/repos/bannou/bannou-service/Generated/Models/RelationshipTypeModels.cs(749,68): warning CS1591: Missing XML comment for publicly visible type or member 'MergeRelationshipTypeResponse.AdditionalProperties' [/home/lysander/repos/bannou/Bannou.SDK/Bannou.SDK.csproj::TargetFramework=net9.0]
/home/lysander/repos/bannou/bannou-service/Generated/Clients/DocumentationClient.cs(19,26): warning CS1591: Missing XML comment for publicly visible type or member 'IDocumentationClient' [/home/lysander/repos/bannou/Bannou.SDK/Bannou.SDK.csproj::TargetFramework=net9.0]
/home/lysander/repos/bannou/bannou-service/Generated/Clients/DocumentationClient.cs(47,111): warning CS1573: Parameter 'body' has no matching param tag in the XML comment for 'IDocumentationClient.QueryDocumentationAsync(QueryDocumentationRequest, CancellationToken)' (but other parameters do) [/home/lysander/repos/bannou/Bannou.SDK/Bannou.SDK.csproj::TargetFramework=net9.0]
/home/lysander/repos/bannou/bannou-service/Generated/Clients/DocumentationClient.cs(59,90): warning CS1573: Parameter 'body' has no matching param tag in the XML comment for 'IDocumentationClient.GetDocumentAsync(GetDocumentRequest, CancellationToken)' (but other parameters do) [/home/lysander/repos/bannou/Bannou.SDK/Bannou.SDK.csproj::TargetFramework=net9.0]
/home/lysander/repos/bannou/bannou-service/Generated/Clients/DocumentationClient.cs(71,114): warning CS1573: Parameter 'body' has no matching param tag in the XML comment for 'IDocumentationClient.SearchDocumentationAsync(SearchDocumentationRequest, CancellationToken)' (but other parameters do) [/home/lysander/repos/bannou/Bannou.SDK/Bannou.SDK.csproj::TargetFramework=net9.0]
/home/lysander/repos/bannou/bannou-service/Generated/Clients/DocumentationClient.cs(83,96): warning CS1573: Parameter 'body' has no matching param tag in the XML comment for 'IDocumentationClient.ListDocumentsAsync(ListDocumentsRequest, CancellationToken)' (but other parameters do) [/home/lysander/repos/bannou/Bannou.SDK/Bannou.SDK.csproj::TargetFramework=net9.0]
/home/lysander/repos/bannou/bannou-service/Generated/Clients/DocumentationClient.cs(95,105): warning CS1573: Parameter 'body' has no matching param tag in the XML comment for 'IDocumentationClient.SuggestRelatedTopicsAsync(SuggestRelatedRequest, CancellationToken)' (but other parameters do) [/home/lysander/repos/bannou/Bannou.SDK/Bannou.SDK.csproj::TargetFramework=net9.0]
/home/lysander/repos/bannou/bannou-service/Generated/Clients/DocumentationClient.cs(103,99): warning CS1573: Parameter 'body' has no matching param tag in the XML comment for 'IDocumentationClient.CreateDocumentAsync(CreateDocumentRequest, CancellationToken)' (but other parameters do) [/home/lysander/repos/bannou/Bannou.SDK/Bannou.SDK.csproj::TargetFramework=net9.0]
/home/lysander/repos/bannou/bannou-service/Generated/Clients/DocumentationClient.cs(111,99): warning CS1573: Parameter 'body' has no matching param tag in the XML comment for 'IDocumentationClient.UpdateDocumentAsync(UpdateDocumentRequest, CancellationToken)' (but other parameters do) [/home/lysander/repos/bannou/Bannou.SDK/Bannou.SDK.csproj::TargetFramework=net9.0]
/home/lysander/repos/bannou/bannou-service/Generated/Clients/DocumentationClient.cs(123,99): warning CS1573: Parameter 'body' has no matching param tag in the XML comment for 'IDocumentationClient.DeleteDocumentAsync(DeleteDocumentRequest, CancellationToken)' (but other parameters do) [/home/lysander/repos/bannou/Bannou.SDK/Bannou.SDK.csproj::TargetFramework=net9.0]
/home/lysander/repos/bannou/bannou-service/Generated/Clients/DocumentationClient.cs(135,102): warning CS1573: Parameter 'body' has no matching param tag in the XML comment for 'IDocumentationClient.RecoverDocumentAsync(RecoverDocumentRequest, CancellationToken)' (but other parameters do) [/home/lysander/repos/bannou/Bannou.SDK/Bannou.SDK.csproj::TargetFramework=net9.0]
/home/lysander/repos/bannou/bannou-service/Generated/Clients/DocumentationClient.cs(147,96): warning CS1573: Parameter 'body' has no matching param tag in the XML comment for 'IDocumentationClient.BulkUpdateDocumentsAsync(BulkUpdateRequest, CancellationToken)' (but other parameters do) [/home/lysander/repos/bannou/Bannou.SDK/Bannou.SDK.csproj::TargetFramework=net9.0]
/home/lysander/repos/bannou/bannou-service/Generated/Clients/DocumentationClient.cs(159,96): warning CS1573: Parameter 'body' has no matching param tag in the XML comment for 'IDocumentationClient.BulkDeleteDocumentsAsync(BulkDeleteRequest, CancellationToken)' (but other parameters do) [/home/lysander/repos/bannou/Bannou.SDK/Bannou.SDK.csproj::TargetFramework=net9.0]
/home/lysander/repos/bannou/bannou-service/Generated/Clients/DocumentationClient.cs(171,114): warning CS1573: Parameter 'body' has no matching param tag in the XML comment for 'IDocumentationClient.ImportDocumentationAsync(ImportDocumentationRequest, CancellationToken)' (but other parameters do) [/home/lysander/repos/bannou/Bannou.SDK/Bannou.SDK.csproj::TargetFramework=net9.0]
/home/lysander/repos/bannou/bannou-service/Generated/Clients/DocumentationClient.cs(183,93): warning CS1573: Parameter 'body' has no matching param tag in the XML comment for 'IDocumentationClient.ListTrashcanAsync(ListTrashcanRequest, CancellationToken)' (but other parameters do) [/home/lysander/repos/bannou/Bannou.SDK/Bannou.SDK.csproj::TargetFramework=net9.0]
/home/lysander/repos/bannou/bannou-service/Generated/Clients/DocumentationClient.cs(195,96): warning CS1573: Parameter 'body' has no matching param tag in the XML comment for 'IDocumentationClient.PurgeTrashcanAsync(PurgeTrashcanRequest, CancellationToken)' (but other parameters do) [/home/lysander/repos/bannou/Bannou.SDK/Bannou.SDK.csproj::TargetFramework=net9.0]
/home/lysander/repos/bannou/bannou-service/Generated/Clients/DocumentationClient.cs(207,105): warning CS1573: Parameter 'body' has no matching param tag in the XML comment for 'IDocumentationClient.GetNamespaceStatsAsync(GetNamespaceStatsRequest, CancellationToken)' (but other parameters do) [/home/lysander/repos/bannou/Bannou.SDK/Bannou.SDK.csproj::TargetFramework=net9.0]
/home/lysander/repos/bannou/bannou-service/Generated/Clients/DocumentationClient.cs(220,99): warning CS1573: Parameter 'body' has no matching param tag in the XML comment for 'IDocumentationClient.BindRepositoryAsync(BindRepositoryRequest, CancellationToken)' (but other parameters do) [/home/lysander/repos/bannou/Bannou.SDK/Bannou.SDK.csproj::TargetFramework=net9.0]
/home/lysander/repos/bannou/bannou-service/Generated/Clients/DocumentationClient.cs(232,105): warning CS1573: Parameter 'body' has no matching param tag in the XML comment for 'IDocumentationClient.UnbindRepositoryAsync(UnbindRepositoryRequest, CancellationToken)' (but other parameters do) [/home/lysander/repos/bannou/Bannou.SDK/Bannou.SDK.csproj::TargetFramework=net9.0]
/home/lysander/repos/bannou/bannou-service/Generated/Clients/DocumentationClient.cs(244,99): warning CS1573: Parameter 'body' has no matching param tag in the XML comment for 'IDocumentationClient.SyncRepositoryAsync(SyncRepositoryRequest, CancellationToken)' (but other parameters do) [/home/lysander/repos/bannou/Bannou.SDK/Bannou.SDK.csproj::TargetFramework=net9.0]
/home/lysander/repos/bannou/bannou-service/Generated/Clients/DocumentationClient.cs(255,108): warning CS1573: Parameter 'body' has no matching param tag in the XML comment for 'IDocumentationClient.GetRepositoryStatusAsync(RepositoryStatusRequest, CancellationToken)' (but other parameters do) [/home/lysander/repos/bannou/Bannou.SDK/Bannou.SDK.csproj::TargetFramework=net9.0]
/home/lysander/repos/bannou/bannou-service/Generated/Clients/DocumentationClient.cs(266,123): warning CS1573: Parameter 'body' has no matching param tag in the XML comment for 'IDocumentationClient.ListRepositoryBindingsAsync(ListRepositoryBindingsRequest, CancellationToken)' (but other parameters do) [/home/lysander/repos/bannou/Bannou.SDK/Bannou.SDK.csproj::TargetFramework=net9.0]
/home/lysander/repos/bannou/bannou-service/Generated/Clients/DocumentationClient.cs(277,126): warning CS1573: Parameter 'body' has no matching param tag in the XML comment for 'IDocumentationClient.UpdateRepositoryBindingAsync(UpdateRepositoryBindingRequest, CancellationToken)' (but other parameters do) [/home/lysander/repos/bannou/Bannou.SDK/Bannou.SDK.csproj::TargetFramework=net9.0]
/home/lysander/repos/bannou/bannou-service/Generated/Clients/DocumentationClient.cs(289,109): warning CS1573: Parameter 'body' has no matching param tag in the XML comment for 'IDocumentationClient.CreateDocumentationArchiveAsync(CreateArchiveRequest, CancellationToken)' (but other parameters do) [/home/lysander/repos/bannou/Bannou.SDK/Bannou.SDK.csproj::TargetFramework=net9.0]
/home/lysander/repos/bannou/bannou-service/Generated/Clients/DocumentationClient.cs(300,106): warning CS1573: Parameter 'body' has no matching param tag in the XML comment for 'IDocumentationClient.ListDocumentationArchivesAsync(ListArchivesRequest, CancellationToken)' (but other parameters do) [/home/lysander/repos/bannou/Bannou.SDK/Bannou.SDK.csproj::TargetFramework=net9.0]
/home/lysander/repos/bannou/bannou-service/Generated/Clients/DocumentationClient.cs(312,112): warning CS1573: Parameter 'body' has no matching param tag in the XML comment for 'IDocumentationClient.RestoreDocumentationArchiveAsync(RestoreArchiveRequest, CancellationToken)' (but other parameters do) [/home/lysander/repos/bannou/Bannou.SDK/Bannou.SDK.csproj::TargetFramework=net9.0]
/home/lysander/repos/bannou/bannou-service/Generated/Clients/DocumentationClient.cs(323,109): warning CS1573: Parameter 'body' has no matching param tag in the XML comment for 'IDocumentationClient.DeleteDocumentationArchiveAsync(DeleteArchiveRequest, CancellationToken)' (but other parameters do) [/home/lysander/repos/bannou/Bannou.SDK/Bannou.SDK.csproj::TargetFramework=net9.0]
/home/lysander/repos/bannou/bannou-service/Generated/Clients/DocumentationClient.cs(327,22): warning CS1591: Missing XML comment for publicly visible type or member 'DocumentationClient' [/home/lysander/repos/bannou/Bannou.SDK/Bannou.SDK.csproj::TargetFramework=net9.0]
/home/lysander/repos/bannou/bannou-service/Generated/Clients/DocumentationClient.cs(347,12): warning CS1591: Missing XML comment for publicly visible type or member 'DocumentationClient.DocumentationClient(IMeshInvocationClient, IServiceAppMappingResolver, ILogger<DocumentationClient>?)' [/home/lysander/repos/bannou/Bannou.SDK/Bannou.SDK.csproj::TargetFramework=net9.0]
/home/lysander/repos/bannou/bannou-service/Generated/Clients/DocumentationClient.cs(355,54): warning CS1591: Missing XML comment for publicly visible type or member 'DocumentationClient.JsonSerializerSettings' [/home/lysander/repos/bannou/Bannou.SDK/Bannou.SDK.csproj::TargetFramework=net9.0]
/home/lysander/repos/bannou/bannou-service/Generated/Clients/DocumentationClient.cs(548,132): warning CS1573: Parameter 'body' has no matching param tag in the XML comment for 'DocumentationClient.QueryDocumentationAsync(QueryDocumentationRequest, CancellationToken)' (but other parameters do) [/home/lysander/repos/bannou/Bannou.SDK/Bannou.SDK.csproj::TargetFramework=net9.0]
/home/lysander/repos/bannou/bannou-service/Generated/Clients/DocumentationClient.cs(643,111): warning CS1573: Parameter 'body' has no matching param tag in the XML comment for 'DocumentationClient.GetDocumentAsync(GetDocumentRequest, CancellationToken)' (but other parameters do) [/home/lysander/repos/bannou/Bannou.SDK/Bannou.SDK.csproj::TargetFramework=net9.0]
/home/lysander/repos/bannou/bannou-service/Generated/Clients/DocumentationClient.cs(732,135): warning CS1573: Parameter 'body' has no matching param tag in the XML comment for 'DocumentationClient.SearchDocumentationAsync(SearchDocumentationRequest, CancellationToken)' (but other parameters do) [/home/lysander/repos/bannou/Bannou.SDK/Bannou.SDK.csproj::TargetFramework=net9.0]
/home/lysander/repos/bannou/bannou-service/Generated/Clients/DocumentationClient.cs(815,117): warning CS1573: Parameter 'body' has no matching param tag in the XML comment for 'DocumentationClient.ListDocumentsAsync(ListDocumentsRequest, CancellationToken)' (but other parameters do) [/home/lysander/repos/bannou/Bannou.SDK/Bannou.SDK.csproj::TargetFramework=net9.0]
/home/lysander/repos/bannou/bannou-service/Generated/Clients/DocumentationClient.cs(898,126): warning CS1573: Parameter 'body' has no matching param tag in the XML comment for 'DocumentationClient.SuggestRelatedTopicsAsync(SuggestRelatedRequest, CancellationToken)' (but other parameters do) [/home/lysander/repos/bannou/Bannou.SDK/Bannou.SDK.csproj::TargetFramework=net9.0]
/home/lysander/repos/bannou/bannou-service/Generated/Clients/DocumentationClient.cs(977,120): warning CS1573: Parameter 'body' has no matching param tag in the XML comment for 'DocumentationClient.CreateDocumentAsync(CreateDocumentRequest, CancellationToken)' (but other parameters do) [/home/lysander/repos/bannou/Bannou.SDK/Bannou.SDK.csproj::TargetFramework=net9.0]
/home/lysander/repos/bannou/bannou-service/Generated/Clients/DocumentationClient.cs(1062,120): warning CS1573: Parameter 'body' has no matching param tag in the XML comment for 'DocumentationClient.UpdateDocumentAsync(UpdateDocumentRequest, CancellationToken)' (but other parameters do) [/home/lysander/repos/bannou/Bannou.SDK/Bannou.SDK.csproj::TargetFramework=net9.0]
/home/lysander/repos/bannou/bannou-service/Generated/Clients/DocumentationClient.cs(1151,120): warning CS1573: Parameter 'body' has no matching param tag in the XML comment for 'DocumentationClient.DeleteDocumentAsync(DeleteDocumentRequest, CancellationToken)' (but other parameters do) [/home/lysander/repos/bannou/Bannou.SDK/Bannou.SDK.csproj::TargetFramework=net9.0]
/home/lysander/repos/bannou/bannou-service/Generated/Clients/DocumentationClient.cs(1240,123): warning CS1573: Parameter 'body' has no matching param tag in the XML comment for 'DocumentationClient.RecoverDocumentAsync(RecoverDocumentRequest, CancellationToken)' (but other parameters do) [/home/lysander/repos/bannou/Bannou.SDK/Bannou.SDK.csproj::TargetFramework=net9.0]
/home/lysander/repos/bannou/bannou-service/Generated/Clients/DocumentationClient.cs(1335,117): warning CS1573: Parameter 'body' has no matching param tag in the XML comment for 'DocumentationClient.BulkUpdateDocumentsAsync(BulkUpdateRequest, CancellationToken)' (but other parameters do) [/home/lysander/repos/bannou/Bannou.SDK/Bannou.SDK.csproj::TargetFramework=net9.0]
/home/lysander/repos/bannou/bannou-service/Generated/Clients/DocumentationClient.cs(1418,117): warning CS1573: Parameter 'body' has no matching param tag in the XML comment for 'DocumentationClient.BulkDeleteDocumentsAsync(BulkDeleteRequest, CancellationToken)' (but other parameters do) [/home/lysander/repos/bannou/Bannou.SDK/Bannou.SDK.csproj::TargetFramework=net9.0]
/home/lysander/repos/bannou/bannou-service/Generated/Clients/DocumentationClient.cs(1501,135): warning CS1573: Parameter 'body' has no matching param tag in the XML comment for 'DocumentationClient.ImportDocumentationAsync(ImportDocumentationRequest, CancellationToken)' (but other parameters do) [/home/lysander/repos/bannou/Bannou.SDK/Bannou.SDK.csproj::TargetFramework=net9.0]
/home/lysander/repos/bannou/bannou-service/Generated/Clients/DocumentationClient.cs(1584,114): warning CS1573: Parameter 'body' has no matching param tag in the XML comment for 'DocumentationClient.ListTrashcanAsync(ListTrashcanRequest, CancellationToken)' (but other parameters do) [/home/lysander/repos/bannou/Bannou.SDK/Bannou.SDK.csproj::TargetFramework=net9.0]
/home/lysander/repos/bannou/bannou-service/Generated/Clients/DocumentationClient.cs(1667,117): warning CS1573: Parameter 'body' has no matching param tag in the XML comment for 'DocumentationClient.PurgeTrashcanAsync(PurgeTrashcanRequest, CancellationToken)' (but other parameters do) [/home/lysander/repos/bannou/Bannou.SDK/Bannou.SDK.csproj::TargetFramework=net9.0]
/home/lysander/repos/bannou/bannou-service/Generated/Clients/DocumentationClient.cs(1750,126): warning CS1573: Parameter 'body' has no matching param tag in the XML comment for 'DocumentationClient.GetNamespaceStatsAsync(GetNamespaceStatsRequest, CancellationToken)' (but other parameters do) [/home/lysander/repos/bannou/Bannou.SDK/Bannou.SDK.csproj::TargetFramework=net9.0]
/home/lysander/repos/bannou/bannou-service/Generated/Clients/DocumentationClient.cs(1834,120): warning CS1573: Parameter 'body' has no matching param tag in the XML comment for 'DocumentationClient.BindRepositoryAsync(BindRepositoryRequest, CancellationToken)' (but other parameters do) [/home/lysander/repos/bannou/Bannou.SDK/Bannou.SDK.csproj::TargetFramework=net9.0]
/home/lysander/repos/bannou/bannou-service/Generated/Clients/DocumentationClient.cs(1929,126): warning CS1573: Parameter 'body' has no matching param tag in the XML comment for 'DocumentationClient.UnbindRepositoryAsync(UnbindRepositoryRequest, CancellationToken)' (but other parameters do) [/home/lysander/repos/bannou/Bannou.SDK/Bannou.SDK.csproj::TargetFramework=net9.0]
/home/lysander/repos/bannou/bannou-service/Generated/Clients/DocumentationClient.cs(2018,120): warning CS1573: Parameter 'body' has no matching param tag in the XML comment for 'DocumentationClient.SyncRepositoryAsync(SyncRepositoryRequest, CancellationToken)' (but other parameters do) [/home/lysander/repos/bannou/Bannou.SDK/Bannou.SDK.csproj::TargetFramework=net9.0]
/home/lysander/repos/bannou/bannou-service/Generated/Clients/DocumentationClient.cs(2112,129): warning CS1573: Parameter 'body' has no matching param tag in the XML comment for 'DocumentationClient.GetRepositoryStatusAsync(RepositoryStatusRequest, CancellationToken)' (but other parameters do) [/home/lysander/repos/bannou/Bannou.SDK/Bannou.SDK.csproj::TargetFramework=net9.0]
/home/lysander/repos/bannou/bannou-service/Generated/Clients/DocumentationClient.cs(2200,144): warning CS1573: Parameter 'body' has no matching param tag in the XML comment for 'DocumentationClient.ListRepositoryBindingsAsync(ListRepositoryBindingsRequest, CancellationToken)' (but other parameters do) [/home/lysander/repos/bannou/Bannou.SDK/Bannou.SDK.csproj::TargetFramework=net9.0]
/home/lysander/repos/bannou/bannou-service/Generated/Clients/DocumentationClient.cs(2282,147): warning CS1573: Parameter 'body' has no matching param tag in the XML comment for 'DocumentationClient.UpdateRepositoryBindingAsync(UpdateRepositoryBindingRequest, CancellationToken)' (but other parameters do) [/home/lysander/repos/bannou/Bannou.SDK/Bannou.SDK.csproj::TargetFramework=net9.0]
/home/lysander/repos/bannou/bannou-service/Generated/Clients/DocumentationClient.cs(2371,130): warning CS1573: Parameter 'body' has no matching param tag in the XML comment for 'DocumentationClient.CreateDocumentationArchiveAsync(CreateArchiveRequest, CancellationToken)' (but other parameters do) [/home/lysander/repos/bannou/Bannou.SDK/Bannou.SDK.csproj::TargetFramework=net9.0]
/home/lysander/repos/bannou/bannou-service/Generated/Clients/DocumentationClient.cs(2459,127): warning CS1573: Parameter 'body' has no matching param tag in the XML comment for 'DocumentationClient.ListDocumentationArchivesAsync(ListArchivesRequest, CancellationToken)' (but other parameters do) [/home/lysander/repos/bannou/Bannou.SDK/Bannou.SDK.csproj::TargetFramework=net9.0]
/home/lysander/repos/bannou/bannou-service/Generated/Clients/DocumentationClient.cs(2542,133): warning CS1573: Parameter 'body' has no matching param tag in the XML comment for 'DocumentationClient.RestoreDocumentationArchiveAsync(RestoreArchiveRequest, CancellationToken)' (but other parameters do) [/home/lysander/repos/bannou/Bannou.SDK/Bannou.SDK.csproj::TargetFramework=net9.0]
/home/lysander/repos/bannou/bannou-service/Generated/Clients/DocumentationClient.cs(2630,130): warning CS1573: Parameter 'body' has no matching param tag in the XML comment for 'DocumentationClient.DeleteDocumentationArchiveAsync(DeleteArchiveRequest, CancellationToken)' (but other parameters do) [/home/lysander/repos/bannou/Bannou.SDK/Bannou.SDK.csproj::TargetFramework=net9.0]
/home/lysander/repos/bannou/bannou-service/Generated/Clients/DocumentationClient.cs(2709,22): warning CS1591: Missing XML comment for publicly visible type or member 'DocumentationClient.ObjectResponseResult<T>' [/home/lysander/repos/bannou/Bannou.SDK/Bannou.SDK.csproj::TargetFramework=net9.0]
/home/lysander/repos/bannou/bannou-service/Generated/Clients/DocumentationClient.cs(2711,16): warning CS1591: Missing XML comment for publicly visible type or member 'DocumentationClient.ObjectResponseResult<T>.ObjectResponseResult(T, string)' [/home/lysander/repos/bannou/Bannou.SDK/Bannou.SDK.csproj::TargetFramework=net9.0]
/home/lysander/repos/bannou/bannou-service/Generated/Clients/DocumentationClient.cs(2717,18): warning CS1591: Missing XML comment for publicly visible type or member 'DocumentationClient.ObjectResponseResult<T>.Object' [/home/lysander/repos/bannou/Bannou.SDK/Bannou.SDK.csproj::TargetFramework=net9.0]
/home/lysander/repos/bannou/bannou-service/Generated/Clients/DocumentationClient.cs(2719,23): warning CS1591: Missing XML comment for publicly visible type or member 'DocumentationClient.ObjectResponseResult<T>.Text' [/home/lysander/repos/bannou/Bannou.SDK/Bannou.SDK.csproj::TargetFramework=net9.0]
/home/lysander/repos/bannou/bannou-service/Generated/Clients/DocumentationClient.cs(2742,17): warning CS1591: Missing XML comment for publicly visible type or member 'DocumentationClient.ReadResponseAsString' [/home/lysander/repos/bannou/Bannou.SDK/Bannou.SDK.csproj::TargetFramework=net9.0]
/home/lysander/repos/bannou/bannou-service/Generated/Clients/DocumentationClient.cs(2744,86): warning CS1591: Missing XML comment for publicly visible type or member 'DocumentationClient.ReadObjectResponseAsync<T>(HttpResponseMessage, IReadOnlyDictionary<string, IEnumerable<string>>, CancellationToken)' [/home/lysander/repos/bannou/Bannou.SDK/Bannou.SDK.csproj::TargetFramework=net9.0]
/home/lysander/repos/bannou/bannou-service/Generated/Models/DocumentationModels.cs(25,5): warning CS1591: Missing XML comment for publicly visible type or member 'DocumentCategory.GettingStarted' [/home/lysander/repos/bannou/Bannou.SDK/Bannou.SDK.csproj::TargetFramework=net9.0]
/home/lysander/repos/bannou/bannou-service/Generated/Models/DocumentationModels.cs(28,5): warning CS1591: Missing XML comment for publicly visible type or member 'DocumentCategory.ApiReference' [/home/lysander/repos/bannou/Bannou.SDK/Bannou.SDK.csproj::TargetFramework=net9.0]
/home/lysander/repos/bannou/bannou-service/Generated/Models/DocumentationModels.cs(31,5): warning CS1591: Missing XML comment for publicly visible type or member 'DocumentCategory.Architecture' [/home/lysander/repos/bannou/Bannou.SDK/Bannou.SDK.csproj::TargetFramework=net9.0]
/home/lysander/repos/bannou/bannou-service/Generated/Models/DocumentationModels.cs(34,5): warning CS1591: Missing XML comment for publicly visible type or member 'DocumentCategory.Deployment' [/home/lysander/repos/bannou/Bannou.SDK/Bannou.SDK.csproj::TargetFramework=net9.0]
/home/lysander/repos/bannou/bannou-service/Generated/Models/DocumentationModels.cs(37,5): warning CS1591: Missing XML comment for publicly visible type or member 'DocumentCategory.Troubleshooting' [/home/lysander/repos/bannou/Bannou.SDK/Bannou.SDK.csproj::TargetFramework=net9.0]
/home/lysander/repos/bannou/bannou-service/Generated/Models/DocumentationModels.cs(40,5): warning CS1591: Missing XML comment for publicly visible type or member 'DocumentCategory.Tutorials' [/home/lysander/repos/bannou/Bannou.SDK/Bannou.SDK.csproj::TargetFramework=net9.0]
/home/lysander/repos/bannou/bannou-service/Generated/Models/DocumentationModels.cs(43,5): warning CS1591: Missing XML comment for publicly visible type or member 'DocumentCategory.GameSystems' [/home/lysander/repos/bannou/Bannou.SDK/Bannou.SDK.csproj::TargetFramework=net9.0]
/home/lysander/repos/bannou/bannou-service/Generated/Models/DocumentationModels.cs(46,5): warning CS1591: Missing XML comment for publicly visible type or member 'DocumentCategory.WorldLore' [/home/lysander/repos/bannou/Bannou.SDK/Bannou.SDK.csproj::TargetFramework=net9.0]
/home/lysander/repos/bannou/bannou-service/Generated/Models/DocumentationModels.cs(49,5): warning CS1591: Missing XML comment for publicly visible type or member 'DocumentCategory.NpcAi' [/home/lysander/repos/bannou/Bannou.SDK/Bannou.SDK.csproj::TargetFramework=net9.0]
/home/lysander/repos/bannou/bannou-service/Generated/Models/DocumentationModels.cs(52,5): warning CS1591: Missing XML comment for publicly visible type or member 'DocumentCategory.Other' [/home/lysander/repos/bannou/Bannou.SDK/Bannou.SDK.csproj::TargetFramework=net9.0]
/home/lysander/repos/bannou/bannou-service/Generated/Models/DocumentationModels.cs(68,5): warning CS1591: Missing XML comment for publicly visible type or member 'RelatedDepth.None' [/home/lysander/repos/bannou/Bannou.SDK/Bannou.SDK.csproj::TargetFramework=net9.0]
/home/lysander/repos/bannou/bannou-service/Generated/Models/DocumentationModels.cs(71,5): warning CS1591: Missing XML comment for publicly visible type or member 'RelatedDepth.Direct' [/home/lysander/repos/bannou/Bannou.SDK/Bannou.SDK.csproj::TargetFramework=net9.0]
/home/lysander/repos/bannou/bannou-service/Generated/Models/DocumentationModels.cs(74,5): warning CS1591: Missing XML comment for publicly visible type or member 'RelatedDepth.Extended' [/home/lysander/repos/bannou/Bannou.SDK/Bannou.SDK.csproj::TargetFramework=net9.0]
/home/lysander/repos/bannou/bannou-service/Generated/Models/DocumentationModels.cs(79,13): warning CS1591: Missing XML comment for publicly visible type or member 'SearchField' [/home/lysander/repos/bannou/Bannou.SDK/Bannou.SDK.csproj::TargetFramework=net9.0]
/home/lysander/repos/bannou/bannou-service/Generated/Models/DocumentationModels.cs(83,5): warning CS1591: Missing XML comment for publicly visible type or member 'SearchField.Title' [/home/lysander/repos/bannou/Bannou.SDK/Bannou.SDK.csproj::TargetFramework=net9.0]
/home/lysander/repos/bannou/bannou-service/Generated/Models/DocumentationModels.cs(86,5): warning CS1591: Missing XML comment for publicly visible type or member 'SearchField.Content' [/home/lysander/repos/bannou/Bannou.SDK/Bannou.SDK.csproj::TargetFramework=net9.0]
/home/lysander/repos/bannou/bannou-service/Generated/Models/DocumentationModels.cs(89,5): warning CS1591: Missing XML comment for publicly visible type or member 'SearchField.Tags' [/home/lysander/repos/bannou/Bannou.SDK/Bannou.SDK.csproj::TargetFramework=net9.0]
/home/lysander/repos/bannou/bannou-service/Generated/Models/DocumentationModels.cs(92,5): warning CS1591: Missing XML comment for publicly visible type or member 'SearchField.Summary' [/home/lysander/repos/bannou/Bannou.SDK/Bannou.SDK.csproj::TargetFramework=net9.0]
/home/lysander/repos/bannou/bannou-service/Generated/Models/DocumentationModels.cs(97,13): warning CS1591: Missing XML comment for publicly visible type or member 'ListSortField' [/home/lysander/repos/bannou/Bannou.SDK/Bannou.SDK.csproj::TargetFramework=net9.0]
/home/lysander/repos/bannou/bannou-service/Generated/Models/DocumentationModels.cs(101,5): warning CS1591: Missing XML comment for publicly visible type or member 'ListSortField.Created_at' [/home/lysander/repos/bannou/Bannou.SDK/Bannou.SDK.csproj::TargetFramework=net9.0]
/home/lysander/repos/bannou/bannou-service/Generated/Models/DocumentationModels.cs(104,5): warning CS1591: Missing XML comment for publicly visible type or member 'ListSortField.Updated_at' [/home/lysander/repos/bannou/Bannou.SDK/Bannou.SDK.csproj::TargetFramework=net9.0]
/home/lysander/repos/bannou/bannou-service/Generated/Models/DocumentationModels.cs(107,5): warning CS1591: Missing XML comment for publicly visible type or member 'ListSortField.Title' [/home/lysander/repos/bannou/Bannou.SDK/Bannou.SDK.csproj::TargetFramework=net9.0]
/home/lysander/repos/bannou/bannou-service/Generated/Models/DocumentationModels.cs(112,13): warning CS1591: Missing XML comment for publicly visible type or member 'SuggestionSource' [/home/lysander/repos/bannou/Bannou.SDK/Bannou.SDK.csproj::TargetFramework=net9.0]
/home/lysander/repos/bannou/bannou-service/Generated/Models/DocumentationModels.cs(116,5): warning CS1591: Missing XML comment for publicly visible type or member 'SuggestionSource.Document_id' [/home/lysander/repos/bannou/Bannou.SDK/Bannou.SDK.csproj::TargetFramework=net9.0]
/home/lysander/repos/bannou/bannou-service/Generated/Models/DocumentationModels.cs(119,5): warning CS1591: Missing XML comment for publicly visible type or member 'SuggestionSource.Slug' [/home/lysander/repos/bannou/Bannou.SDK/Bannou.SDK.csproj::TargetFramework=net9.0]
/home/lysander/repos/bannou/bannou-service/Generated/Models/DocumentationModels.cs(122,5): warning CS1591: Missing XML comment for publicly visible type or member 'SuggestionSource.Topic' [/home/lysander/repos/bannou/Bannou.SDK/Bannou.SDK.csproj::TargetFramework=net9.0]
/home/lysander/repos/bannou/bannou-service/Generated/Models/DocumentationModels.cs(125,5): warning CS1591: Missing XML comment for publicly visible type or member 'SuggestionSource.Category' [/home/lysander/repos/bannou/Bannou.SDK/Bannou.SDK.csproj::TargetFramework=net9.0]
/home/lysander/repos/bannou/bannou-service/Generated/Models/DocumentationModels.cs(130,22): warning CS1591: Missing XML comment for publicly visible type or member 'QueryDocumentationRequest' [/home/lysander/repos/bannou/Bannou.SDK/Bannou.SDK.csproj::TargetFramework=net9.0]
/home/lysander/repos/bannou/bannou-service/Generated/Models/DocumentationModels.cs(160,29): warning CS1591: Missing XML comment for publicly visible type or member 'QueryDocumentationRequest.Category' [/home/lysander/repos/bannou/Bannou.SDK/Bannou.SDK.csproj::TargetFramework=net9.0]
/home/lysander/repos/bannou/bannou-service/Generated/Models/DocumentationModels.cs(164,16): warning CS1591: Missing XML comment for publicly visible type or member 'QueryDocumentationRequest.MaxResults' [/home/lysander/repos/bannou/Bannou.SDK/Bannou.SDK.csproj::TargetFramework=net9.0]
/home/lysander/repos/bannou/bannou-service/Generated/Models/DocumentationModels.cs(167,17): warning CS1591: Missing XML comment for publicly visible type or member 'QueryDocumentationRequest.IncludeContent' [/home/lysander/repos/bannou/Bannou.SDK/Bannou.SDK.csproj::TargetFramework=net9.0]
/home/lysander/repos/bannou/bannou-service/Generated/Models/DocumentationModels.cs(171,16): warning CS1591: Missing XML comment for publicly visible type or member 'QueryDocumentationRequest.MaxSummaryLength' [/home/lysander/repos/bannou/Bannou.SDK/Bannou.SDK.csproj::TargetFramework=net9.0]
/home/lysander/repos/bannou/bannou-service/Generated/Models/DocumentationModels.cs(175,18): warning CS1591: Missing XML comment for publicly visible type or member 'QueryDocumentationRequest.MinRelevanceScore' [/home/lysander/repos/bannou/Bannou.SDK/Bannou.SDK.csproj::TargetFramework=net9.0]
/home/lysander/repos/bannou/bannou-service/Generated/Models/DocumentationModels.cs(180,68): warning CS1591: Missing XML comment for publicly visible type or member 'QueryDocumentationRequest.AdditionalProperties' [/home/lysander/repos/bannou/Bannou.SDK/Bannou.SDK.csproj::TargetFramework=net9.0]
/home/lysander/repos/bannou/bannou-service/Generated/Models/DocumentationModels.cs(189,22): warning CS1591: Missing XML comment for publicly visible type or member 'QueryDocumentationResponse' [/home/lysander/repos/bannou/Bannou.SDK/Bannou.SDK.csproj::TargetFramework=net9.0]
/home/lysander/repos/bannou/bannou-service/Generated/Models/DocumentationModels.cs(195,19): warning CS1591: Missing XML comment for publicly visible type or member 'QueryDocumentationResponse.Namespace' [/home/lysander/repos/bannou/Bannou.SDK/Bannou.SDK.csproj::TargetFramework=net9.0]
/home/lysander/repos/bannou/bannou-service/Generated/Models/DocumentationModels.cs(200,19): warning CS1591: Missing XML comment for publicly visible type or member 'QueryDocumentationResponse.Query' [/home/lysander/repos/bannou/Bannou.SDK/Bannou.SDK.csproj::TargetFramework=net9.0]
/home/lysander/repos/bannou/bannou-service/Generated/Models/DocumentationModels.cs(205,67): warning CS1591: Missing XML comment for publicly visible type or member 'QueryDocumentationResponse.Results' [/home/lysander/repos/bannou/Bannou.SDK/Bannou.SDK.csproj::TargetFramework=net9.0]
/home/lysander/repos/bannou/bannou-service/Generated/Models/DocumentationModels.cs(208,16): warning CS1591: Missing XML comment for publicly visible type or member 'QueryDocumentationResponse.TotalResults' [/home/lysander/repos/bannou/Bannou.SDK/Bannou.SDK.csproj::TargetFramework=net9.0]
/home/lysander/repos/bannou/bannou-service/Generated/Models/DocumentationModels.cs(217,59): warning CS1591: Missing XML comment for publicly visible type or member 'QueryDocumentationResponse.SuggestedFollowups' [/home/lysander/repos/bannou/Bannou.SDK/Bannou.SDK.csproj::TargetFramework=net9.0]
/home/lysander/repos/bannou/bannou-service/Generated/Models/DocumentationModels.cs(220,19): warning CS1591: Missing XML comment for publicly visible type or member 'QueryDocumentationResponse.NoResultsMessage' [/home/lysander/repos/bannou/Bannou.SDK/Bannou.SDK.csproj::TargetFramework=net9.0]
/home/lysander/repos/bannou/bannou-service/Generated/Models/DocumentationModels.cs(225,68): warning CS1591: Missing XML comment for publicly visible type or member 'QueryDocumentationResponse.AdditionalProperties' [/home/lysander/repos/bannou/Bannou.SDK/Bannou.SDK.csproj::TargetFramework=net9.0]
/home/lysander/repos/bannou/bannou-service/Generated/Models/DocumentationModels.cs(234,22): warning CS1591: Missing XML comment for publicly visible type or member 'GetDocumentRequest' [/home/lysander/repos/bannou/Bannou.SDK/Bannou.SDK.csproj::TargetFramework=net9.0]
/home/lysander/repos/bannou/bannou-service/Generated/Models/DocumentationModels.cs(242,19): warning CS1591: Missing XML comment for publicly visible type or member 'GetDocumentRequest.Namespace' [/home/lysander/repos/bannou/Bannou.SDK/Bannou.SDK.csproj::TargetFramework=net9.0]
/home/lysander/repos/bannou/bannou-service/Generated/Models/DocumentationModels.cs(245,24): warning CS1591: Missing XML comment for publicly visible type or member 'GetDocumentRequest.DocumentId' [/home/lysander/repos/bannou/Bannou.SDK/Bannou.SDK.csproj::TargetFramework=net9.0]
/home/lysander/repos/bannou/bannou-service/Generated/Models/DocumentationModels.cs(249,19): warning CS1591: Missing XML comment for publicly visible type or member 'GetDocumentRequest.Slug' [/home/lysander/repos/bannou/Bannou.SDK/Bannou.SDK.csproj::TargetFramework=net9.0]
/home/lysander/repos/bannou/bannou-service/Generated/Models/DocumentationModels.cs(252,24): warning CS1591: Missing XML comment for publicly visible type or member 'GetDocumentRequest.SessionId' [/home/lysander/repos/bannou/Bannou.SDK/Bannou.SDK.csproj::TargetFramework=net9.0]
/home/lysander/repos/bannou/bannou-service/Generated/Models/DocumentationModels.cs(256,25): warning CS1591: Missing XML comment for publicly visible type or member 'GetDocumentRequest.IncludeRelated' [/home/lysander/repos/bannou/Bannou.SDK/Bannou.SDK.csproj::TargetFramework=net9.0]
/home/lysander/repos/bannou/bannou-service/Generated/Models/DocumentationModels.cs(259,17): warning CS1591: Missing XML comment for publicly visible type or member 'GetDocumentRequest.IncludeContent' [/home/lysander/repos/bannou/Bannou.SDK/Bannou.SDK.csproj::TargetFramework=net9.0]
/home/lysander/repos/bannou/bannou-service/Generated/Models/DocumentationModels.cs(262,17): warning CS1591: Missing XML comment for publicly visible type or member 'GetDocumentRequest.RenderHtml' [/home/lysander/repos/bannou/Bannou.SDK/Bannou.SDK.csproj::TargetFramework=net9.0]
/home/lysander/repos/bannou/bannou-service/Generated/Models/DocumentationModels.cs(267,68): warning CS1591: Missing XML comment for publicly visible type or member 'GetDocumentRequest.AdditionalProperties' [/home/lysander/repos/bannou/Bannou.SDK/Bannou.SDK.csproj::TargetFramework=net9.0]
/home/lysander/repos/bannou/bannou-service/Generated/Models/DocumentationModels.cs(276,22): warning CS1591: Missing XML comment for publicly visible type or member 'GetDocumentResponse' [/home/lysander/repos/bannou/Bannou.SDK/Bannou.SDK.csproj::TargetFramework=net9.0]
/home/lysander/repos/bannou/bannou-service/Generated/Models/DocumentationModels.cs(282,21): warning CS1591: Missing XML comment for publicly visible type or member 'GetDocumentResponse.Document' [/home/lysander/repos/bannou/Bannou.SDK/Bannou.SDK.csproj::TargetFramework=net9.0]
/home/lysander/repos/bannou/bannou-service/Generated/Models/DocumentationModels.cs(285,68): warning CS1591: Missing XML comment for publicly visible type or member 'GetDocumentResponse.RelatedDocuments' [/home/lysander/repos/bannou/Bannou.SDK/Bannou.SDK.csproj::TargetFramework=net9.0]
/home/lysander/repos/bannou/bannou-service/Generated/Models/DocumentationModels.cs(289,45): warning CS1591: Missing XML comment for publicly visible type or member 'GetDocumentResponse.ContentFormat' [/home/lysander/repos/bannou/Bannou.SDK/Bannou.SDK.csproj::TargetFramework=net9.0]
/home/lysander/repos/bannou/bannou-service/Generated/Models/DocumentationModels.cs(294,68): warning CS1591: Missing XML comment for publicly visible type or member 'GetDocumentResponse.AdditionalProperties' [/home/lysander/repos/bannou/Bannou.SDK/Bannou.SDK.csproj::TargetFramework=net9.0]
/home/lysander/repos/bannou/bannou-service/Generated/Models/DocumentationModels.cs(303,22): warning CS1591: Missing XML comment for publicly visible type or member 'SearchDocumentationRequest' [/home/lysander/repos/bannou/Bannou.SDK/Bannou.SDK.csproj::TargetFramework=net9.0]
/home/lysander/repos/bannou/bannou-service/Generated/Models/DocumentationModels.cs(311,19): warning CS1591: Missing XML comment for publicly visible type or member 'SearchDocumentationRequest.Namespace' [/home/lysander/repos/bannou/Bannou.SDK/Bannou.SDK.csproj::TargetFramework=net9.0]
/home/lysander/repos/bannou/bannou-service/Generated/Models/DocumentationModels.cs(317,19): warning CS1591: Missing XML comment for publicly visible type or member 'SearchDocumentationRequest.SearchTerm' [/home/lysander/repos/bannou/Bannou.SDK/Bannou.SDK.csproj::TargetFramework=net9.0]
/home/lysander/repos/bannou/bannou-service/Generated/Models/DocumentationModels.cs(320,24): warning CS1591: Missing XML comment for publicly visible type or member 'SearchDocumentationRequest.SessionId' [/home/lysander/repos/bannou/Bannou.SDK/Bannou.SDK.csproj::TargetFramework=net9.0]
/home/lysander/repos/bannou/bannou-service/Generated/Models/DocumentationModels.cs(324,29): warning CS1591: Missing XML comment for publicly visible type or member 'SearchDocumentationRequest.Category' [/home/lysander/repos/bannou/Bannou.SDK/Bannou.SDK.csproj::TargetFramework=net9.0]
/home/lysander/repos/bannou/bannou-service/Generated/Models/DocumentationModels.cs(328,16): warning CS1591: Missing XML comment for publicly visible type or member 'SearchDocumentationRequest.MaxResults' [/home/lysander/repos/bannou/Bannou.SDK/Bannou.SDK.csproj::TargetFramework=net9.0]
/home/lysander/repos/bannou/bannou-service/Generated/Models/DocumentationModels.cs(332,64): warning CS1591: Missing XML comment for publicly visible type or member 'SearchDocumentationRequest.SearchIn' [/home/lysander/repos/bannou/Bannou.SDK/Bannou.SDK.csproj::TargetFramework=net9.0]
/home/lysander/repos/bannou/bannou-service/Generated/Models/DocumentationModels.cs(336,45): warning CS1591: Missing XML comment for publicly visible type or member 'SearchDocumentationRequest.SortBy' [/home/lysander/repos/bannou/Bannou.SDK/Bannou.SDK.csproj::TargetFramework=net9.0]
/home/lysander/repos/bannou/bannou-service/Generated/Models/DocumentationModels.cs(339,17): warning CS1591: Missing XML comment for publicly visible type or member 'SearchDocumentationRequest.IncludeContent' [/home/lysander/repos/bannou/Bannou.SDK/Bannou.SDK.csproj::TargetFramework=net9.0]
/home/lysander/repos/bannou/bannou-service/Generated/Models/DocumentationModels.cs(344,68): warning CS1591: Missing XML comment for publicly visible type or member 'SearchDocumentationRequest.AdditionalProperties' [/home/lysander/repos/bannou/Bannou.SDK/Bannou.SDK.csproj::TargetFramework=net9.0]
/home/lysander/repos/bannou/bannou-service/Generated/Models/DocumentationModels.cs(353,22): warning CS1591: Missing XML comment for publicly visible type or member 'SearchDocumentationResponse' [/home/lysander/repos/bannou/Bannou.SDK/Bannou.SDK.csproj::TargetFramework=net9.0]
/home/lysander/repos/bannou/bannou-service/Generated/Models/DocumentationModels.cs(359,19): warning CS1591: Missing XML comment for publicly visible type or member 'SearchDocumentationResponse.Namespace' [/home/lysander/repos/bannou/Bannou.SDK/Bannou.SDK.csproj::TargetFramework=net9.0]
/home/lysander/repos/bannou/bannou-service/Generated/Models/DocumentationModels.cs(364,67): warning CS1591: Missing XML comment for publicly visible type or member 'SearchDocumentationResponse.Results' [/home/lysander/repos/bannou/Bannou.SDK/Bannou.SDK.csproj::TargetFramework=net9.0]
/home/lysander/repos/bannou/bannou-service/Generated/Models/DocumentationModels.cs(367,16): warning CS1591: Missing XML comment for publicly visible type or member 'SearchDocumentationResponse.TotalResults' [/home/lysander/repos/bannou/Bannou.SDK/Bannou.SDK.csproj::TargetFramework=net9.0]
/home/lysander/repos/bannou/bannou-service/Generated/Models/DocumentationModels.cs(370,19): warning CS1591: Missing XML comment for publicly visible type or member 'SearchDocumentationResponse.SearchTerm' [/home/lysander/repos/bannou/Bannou.SDK/Bannou.SDK.csproj::TargetFramework=net9.0]
/home/lysander/repos/bannou/bannou-service/Generated/Models/DocumentationModels.cs(375,68): warning CS1591: Missing XML comment for publicly visible type or member 'SearchDocumentationResponse.AdditionalProperties' [/home/lysander/repos/bannou/Bannou.SDK/Bannou.SDK.csproj::TargetFramework=net9.0]
/home/lysander/repos/bannou/bannou-service/Generated/Models/DocumentationModels.cs(384,22): warning CS1591: Missing XML comment for publicly visible type or member 'ListDocumentsRequest' [/home/lysander/repos/bannou/Bannou.SDK/Bannou.SDK.csproj::TargetFramework=net9.0]
/home/lysander/repos/bannou/bannou-service/Generated/Models/DocumentationModels.cs(392,19): warning CS1591: Missing XML comment for publicly visible type or member 'ListDocumentsRequest.Namespace' [/home/lysander/repos/bannou/Bannou.SDK/Bannou.SDK.csproj::TargetFramework=net9.0]
/home/lysander/repos/bannou/bannou-service/Generated/Models/DocumentationModels.cs(396,29): warning CS1591: Missing XML comment for publicly visible type or member 'ListDocumentsRequest.Category' [/home/lysander/repos/bannou/Bannou.SDK/Bannou.SDK.csproj::TargetFramework=net9.0]
/home/lysander/repos/bannou/bannou-service/Generated/Models/DocumentationModels.cs(399,59): warning CS1591: Missing XML comment for publicly visible type or member 'ListDocumentsRequest.Tags' [/home/lysander/repos/bannou/Bannou.SDK/Bannou.SDK.csproj::TargetFramework=net9.0]
/home/lysander/repos/bannou/bannou-service/Generated/Models/DocumentationModels.cs(403,42): warning CS1591: Missing XML comment for publicly visible type or member 'ListDocumentsRequest.TagsMatch' [/home/lysander/repos/bannou/Bannou.SDK/Bannou.SDK.csproj::TargetFramework=net9.0]
/home/lysander/repos/bannou/bannou-service/Generated/Models/DocumentationModels.cs(406,34): warning CS1591: Missing XML comment for publicly visible type or member 'ListDocumentsRequest.CreatedAfter' [/home/lysander/repos/bannou/Bannou.SDK/Bannou.SDK.csproj::TargetFramework=net9.0]
/home/lysander/repos/bannou/bannou-service/Generated/Models/DocumentationModels.cs(409,34): warning CS1591: Missing XML comment for publicly visible type or member 'ListDocumentsRequest.CreatedBefore' [/home/lysander/repos/bannou/Bannou.SDK/Bannou.SDK.csproj::TargetFramework=net9.0]
/home/lysander/repos/bannou/bannou-service/Generated/Models/DocumentationModels.cs(412,34): warning CS1591: Missing XML comment for publicly visible type or member 'ListDocumentsRequest.UpdatedAfter' [/home/lysander/repos/bannou/Bannou.SDK/Bannou.SDK.csproj::TargetFramework=net9.0]
/home/lysander/repos/bannou/bannou-service/Generated/Models/DocumentationModels.cs(415,34): warning CS1591: Missing XML comment for publicly visible type or member 'ListDocumentsRequest.UpdatedBefore' [/home/lysander/repos/bannou/Bannou.SDK/Bannou.SDK.csproj::TargetFramework=net9.0]
/home/lysander/repos/bannou/bannou-service/Generated/Models/DocumentationModels.cs(418,17): warning CS1591: Missing XML comment for publicly visible type or member 'ListDocumentsRequest.TitlesOnly' [/home/lysander/repos/bannou/Bannou.SDK/Bannou.SDK.csproj::TargetFramework=net9.0]
/home/lysander/repos/bannou/bannou-service/Generated/Models/DocumentationModels.cs(422,16): warning CS1591: Missing XML comment for publicly visible type or member 'ListDocumentsRequest.Page' [/home/lysander/repos/bannou/Bannou.SDK/Bannou.SDK.csproj::TargetFramework=net9.0]
/home/lysander/repos/bannou/bannou-service/Generated/Models/DocumentationModels.cs(426,16): warning CS1591: Missing XML comment for publicly visible type or member 'ListDocumentsRequest.PageSize' [/home/lysander/repos/bannou/Bannou.SDK/Bannou.SDK.csproj::TargetFramework=net9.0]
/home/lysander/repos/bannou/bannou-service/Generated/Models/DocumentationModels.cs(430,26): warning CS1591: Missing XML comment for publicly visible type or member 'ListDocumentsRequest.SortBy' [/home/lysander/repos/bannou/Bannou.SDK/Bannou.SDK.csproj::TargetFramework=net9.0]
/home/lysander/repos/bannou/bannou-service/Generated/Models/DocumentationModels.cs(434,42): warning CS1591: Missing XML comment for publicly visible type or member 'ListDocumentsRequest.SortOrder' [/home/lysander/repos/bannou/Bannou.SDK/Bannou.SDK.csproj::TargetFramework=net9.0]
/home/lysander/repos/bannou/bannou-service/Generated/Models/DocumentationModels.cs(439,68): warning CS1591: Missing XML comment for publicly visible type or member 'ListDocumentsRequest.AdditionalProperties' [/home/lysander/repos/bannou/Bannou.SDK/Bannou.SDK.csproj::TargetFramework=net9.0]
/home/lysander/repos/bannou/bannou-service/Generated/Models/DocumentationModels.cs(448,22): warning CS1591: Missing XML comment for publicly visible type or member 'ListDocumentsResponse' [/home/lysander/repos/bannou/Bannou.SDK/Bannou.SDK.csproj::TargetFramework=net9.0]
/home/lysander/repos/bannou/bannou-service/Generated/Models/DocumentationModels.cs(454,19): warning CS1591: Missing XML comment for publicly visible type or member 'ListDocumentsResponse.Namespace' [/home/lysander/repos/bannou/Bannou.SDK/Bannou.SDK.csproj::TargetFramework=net9.0]
/home/lysander/repos/bannou/bannou-service/Generated/Models/DocumentationModels.cs(459,68): warning CS1591: Missing XML comment for publicly visible type or member 'ListDocumentsResponse.Documents' [/home/lysander/repos/bannou/Bannou.SDK/Bannou.SDK.csproj::TargetFramework=net9.0]
/home/lysander/repos/bannou/bannou-service/Generated/Models/DocumentationModels.cs(462,16): warning CS1591: Missing XML comment for publicly visible type or member 'ListDocumentsResponse.TotalCount' [/home/lysander/repos/bannou/Bannou.SDK/Bannou.SDK.csproj::TargetFramework=net9.0]
/home/lysander/repos/bannou/bannou-service/Generated/Models/DocumentationModels.cs(465,16): warning CS1591: Missing XML comment for publicly visible type or member 'ListDocumentsResponse.Page' [/home/lysander/repos/bannou/Bannou.SDK/Bannou.SDK.csproj::TargetFramework=net9.0]
/home/lysander/repos/bannou/bannou-service/Generated/Models/DocumentationModels.cs(468,16): warning CS1591: Missing XML comment for publicly visible type or member 'ListDocumentsResponse.PageSize' [/home/lysander/repos/bannou/Bannou.SDK/Bannou.SDK.csproj::TargetFramework=net9.0]
/home/lysander/repos/bannou/bannou-service/Generated/Models/DocumentationModels.cs(471,16): warning CS1591: Missing XML comment for publicly visible type or member 'ListDocumentsResponse.TotalPages' [/home/lysander/repos/bannou/Bannou.SDK/Bannou.SDK.csproj::TargetFramework=net9.0]
/home/lysander/repos/bannou/bannou-service/Generated/Models/DocumentationModels.cs(476,68): warning CS1591: Missing XML comment for publicly visible type or member 'ListDocumentsResponse.AdditionalProperties' [/home/lysander/repos/bannou/Bannou.SDK/Bannou.SDK.csproj::TargetFramework=net9.0]
/home/lysander/repos/bannou/bannou-service/Generated/Models/DocumentationModels.cs(485,22): warning CS1591: Missing XML comment for publicly visible type or member 'SuggestRelatedRequest' [/home/lysander/repos/bannou/Bannou.SDK/Bannou.SDK.csproj::TargetFramework=net9.0]
/home/lysander/repos/bannou/bannou-service/Generated/Models/DocumentationModels.cs(493,19): warning CS1591: Missing XML comment for publicly visible type or member 'SuggestRelatedRequest.Namespace' [/home/lysander/repos/bannou/Bannou.SDK/Bannou.SDK.csproj::TargetFramework=net9.0]
/home/lysander/repos/bannou/bannou-service/Generated/Models/DocumentationModels.cs(499,29): warning CS1591: Missing XML comment for publicly visible type or member 'SuggestRelatedRequest.SuggestionSource' [/home/lysander/repos/bannou/Bannou.SDK/Bannou.SDK.csproj::TargetFramework=net9.0]
/home/lysander/repos/bannou/bannou-service/Generated/Models/DocumentationModels.cs(502,19): warning CS1591: Missing XML comment for publicly visible type or member 'SuggestRelatedRequest.SourceValue' [/home/lysander/repos/bannou/Bannou.SDK/Bannou.SDK.csproj::TargetFramework=net9.0]
/home/lysander/repos/bannou/bannou-service/Generated/Models/DocumentationModels.cs(505,24): warning CS1591: Missing XML comment for publicly visible type or member 'SuggestRelatedRequest.SessionId' [/home/lysander/repos/bannou/Bannou.SDK/Bannou.SDK.csproj::TargetFramework=net9.0]
/home/lysander/repos/bannou/bannou-service/Generated/Models/DocumentationModels.cs(509,16): warning CS1591: Missing XML comment for publicly visible type or member 'SuggestRelatedRequest.MaxSuggestions' [/home/lysander/repos/bannou/Bannou.SDK/Bannou.SDK.csproj::TargetFramework=net9.0]
/home/lysander/repos/bannou/bannou-service/Generated/Models/DocumentationModels.cs(512,17): warning CS1591: Missing XML comment for publicly visible type or member 'SuggestRelatedRequest.ExcludeRecentlyViewed' [/home/lysander/repos/bannou/Bannou.SDK/Bannou.SDK.csproj::TargetFramework=net9.0]
/home/lysander/repos/bannou/bannou-service/Generated/Models/DocumentationModels.cs(517,68): warning CS1591: Missing XML comment for publicly visible type or member 'SuggestRelatedRequest.AdditionalProperties' [/home/lysander/repos/bannou/Bannou.SDK/Bannou.SDK.csproj::TargetFramework=net9.0]
/home/lysander/repos/bannou/bannou-service/Generated/Models/DocumentationModels.cs(526,22): warning CS1591: Missing XML comment for publicly visible type or member 'SuggestRelatedResponse' [/home/lysander/repos/bannou/Bannou.SDK/Bannou.SDK.csproj::TargetFramework=net9.0]
/home/lysander/repos/bannou/bannou-service/Generated/Models/DocumentationModels.cs(532,19): warning CS1591: Missing XML comment for publicly visible type or member 'SuggestRelatedResponse.Namespace' [/home/lysander/repos/bannou/Bannou.SDK/Bannou.SDK.csproj::TargetFramework=net9.0]
/home/lysander/repos/bannou/bannou-service/Generated/Models/DocumentationModels.cs(537,68): warning CS1591: Missing XML comment for publicly visible type or member 'SuggestRelatedResponse.Suggestions' [/home/lysander/repos/bannou/Bannou.SDK/Bannou.SDK.csproj::TargetFramework=net9.0]
/home/lysander/repos/bannou/bannou-service/Generated/Models/DocumentationModels.cs(540,19): warning CS1591: Missing XML comment for publicly visible type or member 'SuggestRelatedResponse.VoicePrompt' [/home/lysander/repos/bannou/Bannou.SDK/Bannou.SDK.csproj::TargetFramework=net9.0]
/home/lysander/repos/bannou/bannou-service/Generated/Models/DocumentationModels.cs(543,17): warning CS1591: Missing XML comment for publicly visible type or member 'SuggestRelatedResponse.SessionInfluenced' [/home/lysander/repos/bannou/Bannou.SDK/Bannou.SDK.csproj::TargetFramework=net9.0]
/home/lysander/repos/bannou/bannou-service/Generated/Models/DocumentationModels.cs(548,68): warning CS1591: Missing XML comment for publicly visible type or member 'SuggestRelatedResponse.AdditionalProperties' [/home/lysander/repos/bannou/Bannou.SDK/Bannou.SDK.csproj::TargetFramework=net9.0]
/home/lysander/repos/bannou/bannou-service/Generated/Models/DocumentationModels.cs(557,22): warning CS1591: Missing XML comment for publicly visible type or member 'TopicSuggestion' [/home/lysander/repos/bannou/Bannou.SDK/Bannou.SDK.csproj::TargetFramework=net9.0]
/home/lysander/repos/bannou/bannou-service/Generated/Models/DocumentationModels.cs(563,24): warning CS1591: Missing XML comment for publicly visible type or member 'TopicSuggestion.DocumentId' [/home/lysander/repos/bannou/Bannou.SDK/Bannou.SDK.csproj::TargetFramework=net9.0]
/home/lysander/repos/bannou/bannou-service/Generated/Models/DocumentationModels.cs(566,19): warning CS1591: Missing XML comment for publicly visible type or member 'TopicSuggestion.Slug' [/home/lysander/repos/bannou/Bannou.SDK/Bannou.SDK.csproj::TargetFramework=net9.0]
/home/lysander/repos/bannou/bannou-service/Generated/Models/DocumentationModels.cs(571,19): warning CS1591: Missing XML comment for publicly visible type or member 'TopicSuggestion.Title' [/home/lysander/repos/bannou/Bannou.SDK/Bannou.SDK.csproj::TargetFramework=net9.0]
/home/lysander/repos/bannou/bannou-service/Generated/Models/DocumentationModels.cs(575,29): warning CS1591: Missing XML comment for publicly visible type or member 'TopicSuggestion.Category' [/home/lysander/repos/bannou/Bannou.SDK/Bannou.SDK.csproj::TargetFramework=net9.0]
/home/lysander/repos/bannou/bannou-service/Generated/Models/DocumentationModels.cs(578,19): warning CS1591: Missing XML comment for publicly visible type or member 'TopicSuggestion.RelevanceReason' [/home/lysander/repos/bannou/Bannou.SDK/Bannou.SDK.csproj::TargetFramework=net9.0]
/home/lysander/repos/bannou/bannou-service/Generated/Models/DocumentationModels.cs(583,68): warning CS1591: Missing XML comment for publicly visible type or member 'TopicSuggestion.AdditionalProperties' [/home/lysander/repos/bannou/Bannou.SDK/Bannou.SDK.csproj::TargetFramework=net9.0]
/home/lysander/repos/bannou/bannou-service/Generated/Models/DocumentationModels.cs(592,22): warning CS1591: Missing XML comment for publicly visible type or member 'CreateDocumentRequest' [/home/lysander/repos/bannou/Bannou.SDK/Bannou.SDK.csproj::TargetFramework=net9.0]
/home/lysander/repos/bannou/bannou-service/Generated/Models/DocumentationModels.cs(600,19): warning CS1591: Missing XML comment for publicly visible type or member 'CreateDocumentRequest.Namespace' [/home/lysander/repos/bannou/Bannou.SDK/Bannou.SDK.csproj::TargetFramework=net9.0]
/home/lysander/repos/bannou/bannou-service/Generated/Models/DocumentationModels.cs(607,19): warning CS1591: Missing XML comment for publicly visible type or member 'CreateDocumentRequest.Slug' [/home/lysander/repos/bannou/Bannou.SDK/Bannou.SDK.csproj::TargetFramework=net9.0]
/home/lysander/repos/bannou/bannou-service/Generated/Models/DocumentationModels.cs(613,19): warning CS1591: Missing XML comment for publicly visible type or member 'CreateDocumentRequest.Title' [/home/lysander/repos/bannou/Bannou.SDK/Bannou.SDK.csproj::TargetFramework=net9.0]
/home/lysander/repos/bannou/bannou-service/Generated/Models/DocumentationModels.cs(619,29): warning CS1591: Missing XML comment for publicly visible type or member 'CreateDocumentRequest.Category' [/home/lysander/repos/bannou/Bannou.SDK/Bannou.SDK.csproj::TargetFramework=net9.0]
/home/lysander/repos/bannou/bannou-service/Generated/Models/DocumentationModels.cs(631,19): warning CS1591: Missing XML comment for publicly visible type or member 'CreateDocumentRequest.Summary' [/home/lysander/repos/bannou/Bannou.SDK/Bannou.SDK.csproj::TargetFramework=net9.0]
/home/lysander/repos/bannou/bannou-service/Generated/Models/DocumentationModels.cs(635,19): warning CS1591: Missing XML comment for publicly visible type or member 'CreateDocumentRequest.VoiceSummary' [/home/lysander/repos/bannou/Bannou.SDK/Bannou.SDK.csproj::TargetFramework=net9.0]
/home/lysander/repos/bannou/bannou-service/Generated/Models/DocumentationModels.cs(638,59): warning CS1591: Missing XML comment for publicly visible type or member 'CreateDocumentRequest.Tags' [/home/lysander/repos/bannou/Bannou.SDK/Bannou.SDK.csproj::TargetFramework=net9.0]
/home/lysander/repos/bannou/bannou-service/Generated/Models/DocumentationModels.cs(641,64): warning CS1591: Missing XML comment for publicly visible type or member 'CreateDocumentRequest.RelatedDocuments' [/home/lysander/repos/bannou/Bannou.SDK/Bannou.SDK.csproj::TargetFramework=net9.0]
/home/lysander/repos/bannou/bannou-service/Generated/Models/DocumentationModels.cs(644,19): warning CS1591: Missing XML comment for publicly visible type or member 'CreateDocumentRequest.Metadata' [/home/lysander/repos/bannou/Bannou.SDK/Bannou.SDK.csproj::TargetFramework=net9.0]
/home/lysander/repos/bannou/bannou-service/Generated/Models/DocumentationModels.cs(649,68): warning CS1591: Missing XML comment for publicly visible type or member 'CreateDocumentRequest.AdditionalProperties' [/home/lysander/repos/bannou/Bannou.SDK/Bannou.SDK.csproj::TargetFramework=net9.0]
/home/lysander/repos/bannou/bannou-service/Generated/Models/DocumentationModels.cs(658,22): warning CS1591: Missing XML comment for publicly visible type or member 'CreateDocumentResponse' [/home/lysander/repos/bannou/Bannou.SDK/Bannou.SDK.csproj::TargetFramework=net9.0]
/home/lysander/repos/bannou/bannou-service/Generated/Models/DocumentationModels.cs(664,24): warning CS1591: Missing XML comment for publicly visible type or member 'CreateDocumentResponse.DocumentId' [/home/lysander/repos/bannou/Bannou.SDK/Bannou.SDK.csproj::TargetFramework=net9.0]
/home/lysander/repos/bannou/bannou-service/Generated/Models/DocumentationModels.cs(669,19): warning CS1591: Missing XML comment for publicly visible type or member 'CreateDocumentResponse.Slug' [/home/lysander/repos/bannou/Bannou.SDK/Bannou.SDK.csproj::TargetFramework=net9.0]
/home/lysander/repos/bannou/bannou-service/Generated/Models/DocumentationModels.cs(672,34): warning CS1591: Missing XML comment for publicly visible type or member 'CreateDocumentResponse.CreatedAt' [/home/lysander/repos/bannou/Bannou.SDK/Bannou.SDK.csproj::TargetFramework=net9.0]
/home/lysander/repos/bannou/bannou-service/Generated/Models/DocumentationModels.cs(677,68): warning CS1591: Missing XML comment for publicly visible type or member 'CreateDocumentResponse.AdditionalProperties' [/home/lysander/repos/bannou/Bannou.SDK/Bannou.SDK.csproj::TargetFramework=net9.0]
/home/lysander/repos/bannou/bannou-service/Generated/Models/DocumentationModels.cs(686,22): warning CS1591: Missing XML comment for publicly visible type or member 'UpdateDocumentRequest' [/home/lysander/repos/bannou/Bannou.SDK/Bannou.SDK.csproj::TargetFramework=net9.0]
/home/lysander/repos/bannou/bannou-service/Generated/Models/DocumentationModels.cs(694,19): warning CS1591: Missing XML comment for publicly visible type or member 'UpdateDocumentRequest.Namespace' [/home/lysander/repos/bannou/Bannou.SDK/Bannou.SDK.csproj::TargetFramework=net9.0]
/home/lysander/repos/bannou/bannou-service/Generated/Models/DocumentationModels.cs(697,24): warning CS1591: Missing XML comment for publicly visible type or member 'UpdateDocumentRequest.DocumentId' [/home/lysander/repos/bannou/Bannou.SDK/Bannou.SDK.csproj::TargetFramework=net9.0]
/home/lysander/repos/bannou/bannou-service/Generated/Models/DocumentationModels.cs(700,19): warning CS1591: Missing XML comment for publicly visible type or member 'UpdateDocumentRequest.Slug' [/home/lysander/repos/bannou/Bannou.SDK/Bannou.SDK.csproj::TargetFramework=net9.0]
/home/lysander/repos/bannou/bannou-service/Generated/Models/DocumentationModels.cs(703,19): warning CS1591: Missing XML comment for publicly visible type or member 'UpdateDocumentRequest.Title' [/home/lysander/repos/bannou/Bannou.SDK/Bannou.SDK.csproj::TargetFramework=net9.0]
/home/lysander/repos/bannou/bannou-service/Generated/Models/DocumentationModels.cs(707,29): warning CS1591: Missing XML comment for publicly visible type or member 'UpdateDocumentRequest.Category' [/home/lysander/repos/bannou/Bannou.SDK/Bannou.SDK.csproj::TargetFramework=net9.0]
/home/lysander/repos/bannou/bannou-service/Generated/Models/DocumentationModels.cs(710,19): warning CS1591: Missing XML comment for publicly visible type or member 'UpdateDocumentRequest.Content' [/home/lysander/repos/bannou/Bannou.SDK/Bannou.SDK.csproj::TargetFramework=net9.0]
/home/lysander/repos/bannou/bannou-service/Generated/Models/DocumentationModels.cs(713,19): warning CS1591: Missing XML comment for publicly visible type or member 'UpdateDocumentRequest.Summary' [/home/lysander/repos/bannou/Bannou.SDK/Bannou.SDK.csproj::TargetFramework=net9.0]
/home/lysander/repos/bannou/bannou-service/Generated/Models/DocumentationModels.cs(716,19): warning CS1591: Missing XML comment for publicly visible type or member 'UpdateDocumentRequest.VoiceSummary' [/home/lysander/repos/bannou/Bannou.SDK/Bannou.SDK.csproj::TargetFramework=net9.0]
/home/lysander/repos/bannou/bannou-service/Generated/Models/DocumentationModels.cs(719,59): warning CS1591: Missing XML comment for publicly visible type or member 'UpdateDocumentRequest.Tags' [/home/lysander/repos/bannou/Bannou.SDK/Bannou.SDK.csproj::TargetFramework=net9.0]
/home/lysander/repos/bannou/bannou-service/Generated/Models/DocumentationModels.cs(722,64): warning CS1591: Missing XML comment for publicly visible type or member 'UpdateDocumentRequest.RelatedDocuments' [/home/lysander/repos/bannou/Bannou.SDK/Bannou.SDK.csproj::TargetFramework=net9.0]
/home/lysander/repos/bannou/bannou-service/Generated/Models/DocumentationModels.cs(725,19): warning CS1591: Missing XML comment for publicly visible type or member 'UpdateDocumentRequest.Metadata' [/home/lysander/repos/bannou/Bannou.SDK/Bannou.SDK.csproj::TargetFramework=net9.0]
/home/lysander/repos/bannou/bannou-service/Generated/Models/DocumentationModels.cs(730,68): warning CS1591: Missing XML comment for publicly visible type or member 'UpdateDocumentRequest.AdditionalProperties' [/home/lysander/repos/bannou/Bannou.SDK/Bannou.SDK.csproj::TargetFramework=net9.0]
/home/lysander/repos/bannou/bannou-service/Generated/Models/DocumentationModels.cs(739,22): warning CS1591: Missing XML comment for publicly visible type or member 'UpdateDocumentResponse' [/home/lysander/repos/bannou/Bannou.SDK/Bannou.SDK.csproj::TargetFramework=net9.0]
/home/lysander/repos/bannou/bannou-service/Generated/Models/DocumentationModels.cs(745,24): warning CS1591: Missing XML comment for publicly visible type or member 'UpdateDocumentResponse.DocumentId' [/home/lysander/repos/bannou/Bannou.SDK/Bannou.SDK.csproj::TargetFramework=net9.0]
/home/lysander/repos/bannou/bannou-service/Generated/Models/DocumentationModels.cs(750,34): warning CS1591: Missing XML comment for publicly visible type or member 'UpdateDocumentResponse.UpdatedAt' [/home/lysander/repos/bannou/Bannou.SDK/Bannou.SDK.csproj::TargetFramework=net9.0]
/home/lysander/repos/bannou/bannou-service/Generated/Models/DocumentationModels.cs(755,68): warning CS1591: Missing XML comment for publicly visible type or member 'UpdateDocumentResponse.AdditionalProperties' [/home/lysander/repos/bannou/Bannou.SDK/Bannou.SDK.csproj::TargetFramework=net9.0]
/home/lysander/repos/bannou/bannou-service/Generated/Models/DocumentationModels.cs(764,22): warning CS1591: Missing XML comment for publicly visible type or member 'DeleteDocumentRequest' [/home/lysander/repos/bannou/Bannou.SDK/Bannou.SDK.csproj::TargetFramework=net9.0]
/home/lysander/repos/bannou/bannou-service/Generated/Models/DocumentationModels.cs(772,19): warning CS1591: Missing XML comment for publicly visible type or member 'DeleteDocumentRequest.Namespace' [/home/lysander/repos/bannou/Bannou.SDK/Bannou.SDK.csproj::TargetFramework=net9.0]
/home/lysander/repos/bannou/bannou-service/Generated/Models/DocumentationModels.cs(775,24): warning CS1591: Missing XML comment for publicly visible type or member 'DeleteDocumentRequest.DocumentId' [/home/lysander/repos/bannou/Bannou.SDK/Bannou.SDK.csproj::TargetFramework=net9.0]
/home/lysander/repos/bannou/bannou-service/Generated/Models/DocumentationModels.cs(778,19): warning CS1591: Missing XML comment for publicly visible type or member 'DeleteDocumentRequest.Slug' [/home/lysander/repos/bannou/Bannou.SDK/Bannou.SDK.csproj::TargetFramework=net9.0]
/home/lysander/repos/bannou/bannou-service/Generated/Models/DocumentationModels.cs(783,68): warning CS1591: Missing XML comment for publicly visible type or member 'DeleteDocumentRequest.AdditionalProperties' [/home/lysander/repos/bannou/Bannou.SDK/Bannou.SDK.csproj::TargetFramework=net9.0]
/home/lysander/repos/bannou/bannou-service/Generated/Models/DocumentationModels.cs(792,22): warning CS1591: Missing XML comment for publicly visible type or member 'DeleteDocumentResponse' [/home/lysander/repos/bannou/Bannou.SDK/Bannou.SDK.csproj::TargetFramework=net9.0]
/home/lysander/repos/bannou/bannou-service/Generated/Models/DocumentationModels.cs(798,24): warning CS1591: Missing XML comment for publicly visible type or member 'DeleteDocumentResponse.DocumentId' [/home/lysander/repos/bannou/Bannou.SDK/Bannou.SDK.csproj::TargetFramework=net9.0]
/home/lysander/repos/bannou/bannou-service/Generated/Models/DocumentationModels.cs(803,34): warning CS1591: Missing XML comment for publicly visible type or member 'DeleteDocumentResponse.DeletedAt' [/home/lysander/repos/bannou/Bannou.SDK/Bannou.SDK.csproj::TargetFramework=net9.0]
/home/lysander/repos/bannou/bannou-service/Generated/Models/DocumentationModels.cs(808,34): warning CS1591: Missing XML comment for publicly visible type or member 'DeleteDocumentResponse.RecoverableUntil' [/home/lysander/repos/bannou/Bannou.SDK/Bannou.SDK.csproj::TargetFramework=net9.0]
/home/lysander/repos/bannou/bannou-service/Generated/Models/DocumentationModels.cs(813,68): warning CS1591: Missing XML comment for publicly visible type or member 'DeleteDocumentResponse.AdditionalProperties' [/home/lysander/repos/bannou/Bannou.SDK/Bannou.SDK.csproj::TargetFramework=net9.0]
/home/lysander/repos/bannou/bannou-service/Generated/Models/DocumentationModels.cs(822,22): warning CS1591: Missing XML comment for publicly visible type or member 'RecoverDocumentRequest' [/home/lysander/repos/bannou/Bannou.SDK/Bannou.SDK.csproj::TargetFramework=net9.0]
/home/lysander/repos/bannou/bannou-service/Generated/Models/DocumentationModels.cs(830,19): warning CS1591: Missing XML comment for publicly visible type or member 'RecoverDocumentRequest.Namespace' [/home/lysander/repos/bannou/Bannou.SDK/Bannou.SDK.csproj::TargetFramework=net9.0]
/home/lysander/repos/bannou/bannou-service/Generated/Models/DocumentationModels.cs(835,24): warning CS1591: Missing XML comment for publicly visible type or member 'RecoverDocumentRequest.DocumentId' [/home/lysander/repos/bannou/Bannou.SDK/Bannou.SDK.csproj::TargetFramework=net9.0]
/home/lysander/repos/bannou/bannou-service/Generated/Models/DocumentationModels.cs(840,68): warning CS1591: Missing XML comment for publicly visible type or member 'RecoverDocumentRequest.AdditionalProperties' [/home/lysander/repos/bannou/Bannou.SDK/Bannou.SDK.csproj::TargetFramework=net9.0]
/home/lysander/repos/bannou/bannou-service/Generated/Models/DocumentationModels.cs(849,22): warning CS1591: Missing XML comment for publicly visible type or member 'RecoverDocumentResponse' [/home/lysander/repos/bannou/Bannou.SDK/Bannou.SDK.csproj::TargetFramework=net9.0]
/home/lysander/repos/bannou/bannou-service/Generated/Models/DocumentationModels.cs(855,24): warning CS1591: Missing XML comment for publicly visible type or member 'RecoverDocumentResponse.DocumentId' [/home/lysander/repos/bannou/Bannou.SDK/Bannou.SDK.csproj::TargetFramework=net9.0]
/home/lysander/repos/bannou/bannou-service/Generated/Models/DocumentationModels.cs(860,34): warning CS1591: Missing XML comment for publicly visible type or member 'RecoverDocumentResponse.RecoveredAt' [/home/lysander/repos/bannou/Bannou.SDK/Bannou.SDK.csproj::TargetFramework=net9.0]
/home/lysander/repos/bannou/bannou-service/Generated/Models/DocumentationModels.cs(865,68): warning CS1591: Missing XML comment for publicly visible type or member 'RecoverDocumentResponse.AdditionalProperties' [/home/lysander/repos/bannou/Bannou.SDK/Bannou.SDK.csproj::TargetFramework=net9.0]
/home/lysander/repos/bannou/bannou-service/Generated/Models/DocumentationModels.cs(874,22): warning CS1591: Missing XML comment for publicly visible type or member 'BulkUpdateRequest' [/home/lysander/repos/bannou/Bannou.SDK/Bannou.SDK.csproj::TargetFramework=net9.0]
/home/lysander/repos/bannou/bannou-service/Generated/Models/DocumentationModels.cs(882,19): warning CS1591: Missing XML comment for publicly visible type or member 'BulkUpdateRequest.Namespace' [/home/lysander/repos/bannou/Bannou.SDK/Bannou.SDK.csproj::TargetFramework=net9.0]
/home/lysander/repos/bannou/bannou-service/Generated/Models/DocumentationModels.cs(887,64): warning CS1591: Missing XML comment for publicly visible type or member 'BulkUpdateRequest.DocumentIds' [/home/lysander/repos/bannou/Bannou.SDK/Bannou.SDK.csproj::TargetFramework=net9.0]
/home/lysander/repos/bannou/bannou-service/Generated/Models/DocumentationModels.cs(891,29): warning CS1591: Missing XML comment for publicly visible type or member 'BulkUpdateRequest.Category' [/home/lysander/repos/bannou/Bannou.SDK/Bannou.SDK.csproj::TargetFramework=net9.0]
/home/lysander/repos/bannou/bannou-service/Generated/Models/DocumentationModels.cs(894,59): warning CS1591: Missing XML comment for publicly visible type or member 'BulkUpdateRequest.AddTags' [/home/lysander/repos/bannou/Bannou.SDK/Bannou.SDK.csproj::TargetFramework=net9.0]
/home/lysander/repos/bannou/bannou-service/Generated/Models/DocumentationModels.cs(897,59): warning CS1591: Missing XML comment for publicly visible type or member 'BulkUpdateRequest.RemoveTags' [/home/lysander/repos/bannou/Bannou.SDK/Bannou.SDK.csproj::TargetFramework=net9.0]
/home/lysander/repos/bannou/bannou-service/Generated/Models/DocumentationModels.cs(902,68): warning CS1591: Missing XML comment for publicly visible type or member 'BulkUpdateRequest.AdditionalProperties' [/home/lysander/repos/bannou/Bannou.SDK/Bannou.SDK.csproj::TargetFramework=net9.0]
/home/lysander/repos/bannou/bannou-service/Generated/Models/DocumentationModels.cs(911,22): warning CS1591: Missing XML comment for publicly visible type or member 'BulkUpdateResponse' [/home/lysander/repos/bannou/Bannou.SDK/Bannou.SDK.csproj::TargetFramework=net9.0]
/home/lysander/repos/bannou/bannou-service/Generated/Models/DocumentationModels.cs(917,64): warning CS1591: Missing XML comment for publicly visible type or member 'BulkUpdateResponse.Succeeded' [/home/lysander/repos/bannou/Bannou.SDK/Bannou.SDK.csproj::TargetFramework=net9.0]
/home/lysander/repos/bannou/bannou-service/Generated/Models/DocumentationModels.cs(922,73): warning CS1591: Missing XML comment for publicly visible type or member 'BulkUpdateResponse.Failed' [/home/lysander/repos/bannou/Bannou.SDK/Bannou.SDK.csproj::TargetFramework=net9.0]
/home/lysander/repos/bannou/bannou-service/Generated/Models/DocumentationModels.cs(927,68): warning CS1591: Missing XML comment for publicly visible type or member 'BulkUpdateResponse.AdditionalProperties' [/home/lysander/repos/bannou/Bannou.SDK/Bannou.SDK.csproj::TargetFramework=net9.0]
/home/lysander/repos/bannou/bannou-service/Generated/Models/DocumentationModels.cs(936,22): warning CS1591: Missing XML comment for publicly visible type or member 'BulkDeleteRequest' [/home/lysander/repos/bannou/Bannou.SDK/Bannou.SDK.csproj::TargetFramework=net9.0]
/home/lysander/repos/bannou/bannou-service/Generated/Models/DocumentationModels.cs(944,19): warning CS1591: Missing XML comment for publicly visible type or member 'BulkDeleteRequest.Namespace' [/home/lysander/repos/bannou/Bannou.SDK/Bannou.SDK.csproj::TargetFramework=net9.0]
/home/lysander/repos/bannou/bannou-service/Generated/Models/DocumentationModels.cs(949,64): warning CS1591: Missing XML comment for publicly visible type or member 'BulkDeleteRequest.DocumentIds' [/home/lysander/repos/bannou/Bannou.SDK/Bannou.SDK.csproj::TargetFramework=net9.0]
/home/lysander/repos/bannou/bannou-service/Generated/Models/DocumentationModels.cs(954,68): warning CS1591: Missing XML comment for publicly visible type or member 'BulkDeleteRequest.AdditionalProperties' [/home/lysander/repos/bannou/Bannou.SDK/Bannou.SDK.csproj::TargetFramework=net9.0]
/home/lysander/repos/bannou/bannou-service/Generated/Models/DocumentationModels.cs(963,22): warning CS1591: Missing XML comment for publicly visible type or member 'BulkDeleteResponse' [/home/lysander/repos/bannou/Bannou.SDK/Bannou.SDK.csproj::TargetFramework=net9.0]
/home/lysander/repos/bannou/bannou-service/Generated/Models/DocumentationModels.cs(969,64): warning CS1591: Missing XML comment for publicly visible type or member 'BulkDeleteResponse.Succeeded' [/home/lysander/repos/bannou/Bannou.SDK/Bannou.SDK.csproj::TargetFramework=net9.0]
/home/lysander/repos/bannou/bannou-service/Generated/Models/DocumentationModels.cs(974,73): warning CS1591: Missing XML comment for publicly visible type or member 'BulkDeleteResponse.Failed' [/home/lysander/repos/bannou/Bannou.SDK/Bannou.SDK.csproj::TargetFramework=net9.0]
/home/lysander/repos/bannou/bannou-service/Generated/Models/DocumentationModels.cs(979,68): warning CS1591: Missing XML comment for publicly visible type or member 'BulkDeleteResponse.AdditionalProperties' [/home/lysander/repos/bannou/Bannou.SDK/Bannou.SDK.csproj::TargetFramework=net9.0]
/home/lysander/repos/bannou/bannou-service/Generated/Models/DocumentationModels.cs(988,22): warning CS1591: Missing XML comment for publicly visible type or member 'BulkOperationFailure' [/home/lysander/repos/bannou/Bannou.SDK/Bannou.SDK.csproj::TargetFramework=net9.0]
/home/lysander/repos/bannou/bannou-service/Generated/Models/DocumentationModels.cs(994,24): warning CS1591: Missing XML comment for publicly visible type or member 'BulkOperationFailure.DocumentId' [/home/lysander/repos/bannou/Bannou.SDK/Bannou.SDK.csproj::TargetFramework=net9.0]
/home/lysander/repos/bannou/bannou-service/Generated/Models/DocumentationModels.cs(999,19): warning CS1591: Missing XML comment for publicly visible type or member 'BulkOperationFailure.Error' [/home/lysander/repos/bannou/Bannou.SDK/Bannou.SDK.csproj::TargetFramework=net9.0]
/home/lysander/repos/bannou/bannou-service/Generated/Models/DocumentationModels.cs(1004,68): warning CS1591: Missing XML comment for publicly visible type or member 'BulkOperationFailure.AdditionalProperties' [/home/lysander/repos/bannou/Bannou.SDK/Bannou.SDK.csproj::TargetFramework=net9.0]
/home/lysander/repos/bannou/bannou-service/Generated/Models/DocumentationModels.cs(1013,22): warning CS1591: Missing XML comment for publicly visible type or member 'ImportDocumentationRequest' [/home/lysander/repos/bannou/Bannou.SDK/Bannou.SDK.csproj::TargetFramework=net9.0]
/home/lysander/repos/bannou/bannou-service/Generated/Models/DocumentationModels.cs(1021,19): warning CS1591: Missing XML comment for publicly visible type or member 'ImportDocumentationRequest.Namespace' [/home/lysander/repos/bannou/Bannou.SDK/Bannou.SDK.csproj::TargetFramework=net9.0]
/home/lysander/repos/bannou/bannou-service/Generated/Models/DocumentationModels.cs(1026,67): warning CS1591: Missing XML comment for publicly visible type or member 'ImportDocumentationRequest.Documents' [/home/lysander/repos/bannou/Bannou.SDK/Bannou.SDK.csproj::TargetFramework=net9.0]
/home/lysander/repos/bannou/bannou-service/Generated/Models/DocumentationModels.cs(1030,49): warning CS1591: Missing XML comment for publicly visible type or member 'ImportDocumentationRequest.OnConflict' [/home/lysander/repos/bannou/Bannou.SDK/Bannou.SDK.csproj::TargetFramework=net9.0]
/home/lysander/repos/bannou/bannou-service/Generated/Models/DocumentationModels.cs(1035,68): warning CS1591: Missing XML comment for publicly visible type or member 'ImportDocumentationRequest.AdditionalProperties' [/home/lysander/repos/bannou/Bannou.SDK/Bannou.SDK.csproj::TargetFramework=net9.0]
/home/lysander/repos/bannou/bannou-service/Generated/Models/DocumentationModels.cs(1044,22): warning CS1591: Missing XML comment for publicly visible type or member 'ImportDocument' [/home/lysander/repos/bannou/Bannou.SDK/Bannou.SDK.csproj::TargetFramework=net9.0]
/home/lysander/repos/bannou/bannou-service/Generated/Models/DocumentationModels.cs(1050,19): warning CS1591: Missing XML comment for publicly visible type or member 'ImportDocument.Slug' [/home/lysander/repos/bannou/Bannou.SDK/Bannou.SDK.csproj::TargetFramework=net9.0]
/home/lysander/repos/bannou/bannou-service/Generated/Models/DocumentationModels.cs(1055,19): warning CS1591: Missing XML comment for publicly visible type or member 'ImportDocument.Title' [/home/lysander/repos/bannou/Bannou.SDK/Bannou.SDK.csproj::TargetFramework=net9.0]
/home/lysander/repos/bannou/bannou-service/Generated/Models/DocumentationModels.cs(1061,29): warning CS1591: Missing XML comment for publicly visible type or member 'ImportDocument.Category' [/home/lysander/repos/bannou/Bannou.SDK/Bannou.SDK.csproj::TargetFramework=net9.0]
/home/lysander/repos/bannou/bannou-service/Generated/Models/DocumentationModels.cs(1066,19): warning CS1591: Missing XML comment for publicly visible type or member 'ImportDocument.Content' [/home/lysander/repos/bannou/Bannou.SDK/Bannou.SDK.csproj::TargetFramework=net9.0]
/home/lysander/repos/bannou/bannou-service/Generated/Models/DocumentationModels.cs(1069,19): warning CS1591: Missing XML comment for publicly visible type or member 'ImportDocument.Summary' [/home/lysander/repos/bannou/Bannou.SDK/Bannou.SDK.csproj::TargetFramework=net9.0]
/home/lysander/repos/bannou/bannou-service/Generated/Models/DocumentationModels.cs(1072,19): warning CS1591: Missing XML comment for publicly visible type or member 'ImportDocument.VoiceSummary' [/home/lysander/repos/bannou/Bannou.SDK/Bannou.SDK.csproj::TargetFramework=net9.0]
/home/lysander/repos/bannou/bannou-service/Generated/Models/DocumentationModels.cs(1075,59): warning CS1591: Missing XML comment for publicly visible type or member 'ImportDocument.Tags' [/home/lysander/repos/bannou/Bannou.SDK/Bannou.SDK.csproj::TargetFramework=net9.0]
/home/lysander/repos/bannou/bannou-service/Generated/Models/DocumentationModels.cs(1078,19): warning CS1591: Missing XML comment for publicly visible type or member 'ImportDocument.Metadata' [/home/lysander/repos/bannou/Bannou.SDK/Bannou.SDK.csproj::TargetFramework=net9.0]
/home/lysander/repos/bannou/bannou-service/Generated/Models/DocumentationModels.cs(1083,68): warning CS1591: Missing XML comment for publicly visible type or member 'ImportDocument.AdditionalProperties' [/home/lysander/repos/bannou/Bannou.SDK/Bannou.SDK.csproj::TargetFramework=net9.0]
/home/lysander/repos/bannou/bannou-service/Generated/Models/DocumentationModels.cs(1092,22): warning CS1591: Missing XML comment for publicly visible type or member 'ImportDocumentationResponse' [/home/lysander/repos/bannou/Bannou.SDK/Bannou.SDK.csproj::TargetFramework=net9.0]
/home/lysander/repos/bannou/bannou-service/Generated/Models/DocumentationModels.cs(1098,19): warning CS1591: Missing XML comment for publicly visible type or member 'ImportDocumentationResponse.Namespace' [/home/lysander/repos/bannou/Bannou.SDK/Bannou.SDK.csproj::TargetFramework=net9.0]
/home/lysander/repos/bannou/bannou-service/Generated/Models/DocumentationModels.cs(1101,16): warning CS1591: Missing XML comment for publicly visible type or member 'ImportDocumentationResponse.Created' [/home/lysander/repos/bannou/Bannou.SDK/Bannou.SDK.csproj::TargetFramework=net9.0]
/home/lysander/repos/bannou/bannou-service/Generated/Models/DocumentationModels.cs(1104,16): warning CS1591: Missing XML comment for publicly visible type or member 'ImportDocumentationResponse.Updated' [/home/lysander/repos/bannou/Bannou.SDK/Bannou.SDK.csproj::TargetFramework=net9.0]
/home/lysander/repos/bannou/bannou-service/Generated/Models/DocumentationModels.cs(1107,16): warning CS1591: Missing XML comment for publicly visible type or member 'ImportDocumentationResponse.Skipped' [/home/lysander/repos/bannou/Bannou.SDK/Bannou.SDK.csproj::TargetFramework=net9.0]
/home/lysander/repos/bannou/bannou-service/Generated/Models/DocumentationModels.cs(1112,66): warning CS1591: Missing XML comment for publicly visible type or member 'ImportDocumentationResponse.Failed' [/home/lysander/repos/bannou/Bannou.SDK/Bannou.SDK.csproj::TargetFramework=net9.0]
/home/lysander/repos/bannou/bannou-service/Generated/Models/DocumentationModels.cs(1117,68): warning CS1591: Missing XML comment for publicly visible type or member 'ImportDocumentationResponse.AdditionalProperties' [/home/lysander/repos/bannou/Bannou.SDK/Bannou.SDK.csproj::TargetFramework=net9.0]
/home/lysander/repos/bannou/bannou-service/Generated/Models/DocumentationModels.cs(1126,22): warning CS1591: Missing XML comment for publicly visible type or member 'ImportFailure' [/home/lysander/repos/bannou/Bannou.SDK/Bannou.SDK.csproj::TargetFramework=net9.0]
/home/lysander/repos/bannou/bannou-service/Generated/Models/DocumentationModels.cs(1132,19): warning CS1591: Missing XML comment for publicly visible type or member 'ImportFailure.Slug' [/home/lysander/repos/bannou/Bannou.SDK/Bannou.SDK.csproj::TargetFramework=net9.0]
/home/lysander/repos/bannou/bannou-service/Generated/Models/DocumentationModels.cs(1137,19): warning CS1591: Missing XML comment for publicly visible type or member 'ImportFailure.Error' [/home/lysander/repos/bannou/Bannou.SDK/Bannou.SDK.csproj::TargetFramework=net9.0]
/home/lysander/repos/bannou/bannou-service/Generated/Models/DocumentationModels.cs(1142,68): warning CS1591: Missing XML comment for publicly visible type or member 'ImportFailure.AdditionalProperties' [/home/lysander/repos/bannou/Bannou.SDK/Bannou.SDK.csproj::TargetFramework=net9.0]
/home/lysander/repos/bannou/bannou-service/Generated/Models/DocumentationModels.cs(1151,22): warning CS1591: Missing XML comment for publicly visible type or member 'ListTrashcanRequest' [/home/lysander/repos/bannou/Bannou.SDK/Bannou.SDK.csproj::TargetFramework=net9.0]
/home/lysander/repos/bannou/bannou-service/Generated/Models/DocumentationModels.cs(1159,19): warning CS1591: Missing XML comment for publicly visible type or member 'ListTrashcanRequest.Namespace' [/home/lysander/repos/bannou/Bannou.SDK/Bannou.SDK.csproj::TargetFramework=net9.0]
/home/lysander/repos/bannou/bannou-service/Generated/Models/DocumentationModels.cs(1162,16): warning CS1591: Missing XML comment for publicly visible type or member 'ListTrashcanRequest.Page' [/home/lysander/repos/bannou/Bannou.SDK/Bannou.SDK.csproj::TargetFramework=net9.0]
/home/lysander/repos/bannou/bannou-service/Generated/Models/DocumentationModels.cs(1165,16): warning CS1591: Missing XML comment for publicly visible type or member 'ListTrashcanRequest.PageSize' [/home/lysander/repos/bannou/Bannou.SDK/Bannou.SDK.csproj::TargetFramework=net9.0]
/home/lysander/repos/bannou/bannou-service/Generated/Models/DocumentationModels.cs(1170,68): warning CS1591: Missing XML comment for publicly visible type or member 'ListTrashcanRequest.AdditionalProperties' [/home/lysander/repos/bannou/Bannou.SDK/Bannou.SDK.csproj::TargetFramework=net9.0]
/home/lysander/repos/bannou/bannou-service/Generated/Models/DocumentationModels.cs(1179,22): warning CS1591: Missing XML comment for publicly visible type or member 'ListTrashcanResponse' [/home/lysander/repos/bannou/Bannou.SDK/Bannou.SDK.csproj::TargetFramework=net9.0]
/home/lysander/repos/bannou/bannou-service/Generated/Models/DocumentationModels.cs(1185,19): warning CS1591: Missing XML comment for publicly visible type or member 'ListTrashcanResponse.Namespace' [/home/lysander/repos/bannou/Bannou.SDK/Bannou.SDK.csproj::TargetFramework=net9.0]
/home/lysander/repos/bannou/bannou-service/Generated/Models/DocumentationModels.cs(1190,65): warning CS1591: Missing XML comment for publicly visible type or member 'ListTrashcanResponse.Items' [/home/lysander/repos/bannou/Bannou.SDK/Bannou.SDK.csproj::TargetFramework=net9.0]
/home/lysander/repos/bannou/bannou-service/Generated/Models/DocumentationModels.cs(1193,16): warning CS1591: Missing XML comment for publicly visible type or member 'ListTrashcanResponse.TotalCount' [/home/lysander/repos/bannou/Bannou.SDK/Bannou.SDK.csproj::TargetFramework=net9.0]
/home/lysander/repos/bannou/bannou-service/Generated/Models/DocumentationModels.cs(1198,68): warning CS1591: Missing XML comment for publicly visible type or member 'ListTrashcanResponse.AdditionalProperties' [/home/lysander/repos/bannou/Bannou.SDK/Bannou.SDK.csproj::TargetFramework=net9.0]
/home/lysander/repos/bannou/bannou-service/Generated/Models/DocumentationModels.cs(1207,22): warning CS1591: Missing XML comment for publicly visible type or member 'TrashcanItem' [/home/lysander/repos/bannou/Bannou.SDK/Bannou.SDK.csproj::TargetFramework=net9.0]
/home/lysander/repos/bannou/bannou-service/Generated/Models/DocumentationModels.cs(1213,24): warning CS1591: Missing XML comment for publicly visible type or member 'TrashcanItem.DocumentId' [/home/lysander/repos/bannou/Bannou.SDK/Bannou.SDK.csproj::TargetFramework=net9.0]
/home/lysander/repos/bannou/bannou-service/Generated/Models/DocumentationModels.cs(1216,19): warning CS1591: Missing XML comment for publicly visible type or member 'TrashcanItem.Slug' [/home/lysander/repos/bannou/Bannou.SDK/Bannou.SDK.csproj::TargetFramework=net9.0]
/home/lysander/repos/bannou/bannou-service/Generated/Models/DocumentationModels.cs(1221,19): warning CS1591: Missing XML comment for publicly visible type or member 'TrashcanItem.Title' [/home/lysander/repos/bannou/Bannou.SDK/Bannou.SDK.csproj::TargetFramework=net9.0]
/home/lysander/repos/bannou/bannou-service/Generated/Models/DocumentationModels.cs(1225,29): warning CS1591: Missing XML comment for publicly visible type or member 'TrashcanItem.Category' [/home/lysander/repos/bannou/Bannou.SDK/Bannou.SDK.csproj::TargetFramework=net9.0]
/home/lysander/repos/bannou/bannou-service/Generated/Models/DocumentationModels.cs(1230,34): warning CS1591: Missing XML comment for publicly visible type or member 'TrashcanItem.DeletedAt' [/home/lysander/repos/bannou/Bannou.SDK/Bannou.SDK.csproj::TargetFramework=net9.0]
/home/lysander/repos/bannou/bannou-service/Generated/Models/DocumentationModels.cs(1235,34): warning CS1591: Missing XML comment for publicly visible type or member 'TrashcanItem.ExpiresAt' [/home/lysander/repos/bannou/Bannou.SDK/Bannou.SDK.csproj::TargetFramework=net9.0]
/home/lysander/repos/bannou/bannou-service/Generated/Models/DocumentationModels.cs(1240,68): warning CS1591: Missing XML comment for publicly visible type or member 'TrashcanItem.AdditionalProperties' [/home/lysander/repos/bannou/Bannou.SDK/Bannou.SDK.csproj::TargetFramework=net9.0]
/home/lysander/repos/bannou/bannou-service/Generated/Models/DocumentationModels.cs(1249,22): warning CS1591: Missing XML comment for publicly visible type or member 'PurgeTrashcanRequest' [/home/lysander/repos/bannou/Bannou.SDK/Bannou.SDK.csproj::TargetFramework=net9.0]
/home/lysander/repos/bannou/bannou-service/Generated/Models/DocumentationModels.cs(1257,19): warning CS1591: Missing XML comment for publicly visible type or member 'PurgeTrashcanRequest.Namespace' [/home/lysander/repos/bannou/Bannou.SDK/Bannou.SDK.csproj::TargetFramework=net9.0]
/home/lysander/repos/bannou/bannou-service/Generated/Models/DocumentationModels.cs(1268,68): warning CS1591: Missing XML comment for publicly visible type or member 'PurgeTrashcanRequest.AdditionalProperties' [/home/lysander/repos/bannou/Bannou.SDK/Bannou.SDK.csproj::TargetFramework=net9.0]
/home/lysander/repos/bannou/bannou-service/Generated/Models/DocumentationModels.cs(1277,22): warning CS1591: Missing XML comment for publicly visible type or member 'PurgeTrashcanResponse' [/home/lysander/repos/bannou/Bannou.SDK/Bannou.SDK.csproj::TargetFramework=net9.0]
/home/lysander/repos/bannou/bannou-service/Generated/Models/DocumentationModels.cs(1281,16): warning CS1591: Missing XML comment for publicly visible type or member 'PurgeTrashcanResponse.PurgedCount' [/home/lysander/repos/bannou/Bannou.SDK/Bannou.SDK.csproj::TargetFramework=net9.0]
/home/lysander/repos/bannou/bannou-service/Generated/Models/DocumentationModels.cs(1286,68): warning CS1591: Missing XML comment for publicly visible type or member 'PurgeTrashcanResponse.AdditionalProperties' [/home/lysander/repos/bannou/Bannou.SDK/Bannou.SDK.csproj::TargetFramework=net9.0]
/home/lysander/repos/bannou/bannou-service/Generated/Models/DocumentationModels.cs(1295,22): warning CS1591: Missing XML comment for publicly visible type or member 'GetNamespaceStatsRequest' [/home/lysander/repos/bannou/Bannou.SDK/Bannou.SDK.csproj::TargetFramework=net9.0]
/home/lysander/repos/bannou/bannou-service/Generated/Models/DocumentationModels.cs(1303,19): warning CS1591: Missing XML comment for publicly visible type or member 'GetNamespaceStatsRequest.Namespace' [/home/lysander/repos/bannou/Bannou.SDK/Bannou.SDK.csproj::TargetFramework=net9.0]
/home/lysander/repos/bannou/bannou-service/Generated/Models/DocumentationModels.cs(1308,68): warning CS1591: Missing XML comment for publicly visible type or member 'GetNamespaceStatsRequest.AdditionalProperties' [/home/lysander/repos/bannou/Bannou.SDK/Bannou.SDK.csproj::TargetFramework=net9.0]
/home/lysander/repos/bannou/bannou-service/Generated/Models/DocumentationModels.cs(1317,22): warning CS1591: Missing XML comment for publicly visible type or member 'NamespaceStatsResponse' [/home/lysander/repos/bannou/Bannou.SDK/Bannou.SDK.csproj::TargetFramework=net9.0]
/home/lysander/repos/bannou/bannou-service/Generated/Models/DocumentationModels.cs(1323,19): warning CS1591: Missing XML comment for publicly visible type or member 'NamespaceStatsResponse.Namespace' [/home/lysander/repos/bannou/Bannou.SDK/Bannou.SDK.csproj::TargetFramework=net9.0]
/home/lysander/repos/bannou/bannou-service/Generated/Models/DocumentationModels.cs(1326,16): warning CS1591: Missing XML comment for publicly visible type or member 'NamespaceStatsResponse.DocumentCount' [/home/lysander/repos/bannou/Bannou.SDK/Bannou.SDK.csproj::TargetFramework=net9.0]
/home/lysander/repos/bannou/bannou-service/Generated/Models/DocumentationModels.cs(1329,64): warning CS1591: Missing XML comment for publicly visible type or member 'NamespaceStatsResponse.CategoryCounts' [/home/lysander/repos/bannou/Bannou.SDK/Bannou.SDK.csproj::TargetFramework=net9.0]
/home/lysander/repos/bannou/bannou-service/Generated/Models/DocumentationModels.cs(1332,16): warning CS1591: Missing XML comment for publicly visible type or member 'NamespaceStatsResponse.TrashcanCount' [/home/lysander/repos/bannou/Bannou.SDK/Bannou.SDK.csproj::TargetFramework=net9.0]
/home/lysander/repos/bannou/bannou-service/Generated/Models/DocumentationModels.cs(1335,16): warning CS1591: Missing XML comment for publicly visible type or member 'NamespaceStatsResponse.TotalContentSizeBytes' [/home/lysander/repos/bannou/Bannou.SDK/Bannou.SDK.csproj::TargetFramework=net9.0]
/home/lysander/repos/bannou/bannou-service/Generated/Models/DocumentationModels.cs(1338,34): warning CS1591: Missing XML comment for publicly visible type or member 'NamespaceStatsResponse.LastUpdated' [/home/lysander/repos/bannou/Bannou.SDK/Bannou.SDK.csproj::TargetFramework=net9.0]
/home/lysander/repos/bannou/bannou-service/Generated/Models/DocumentationModels.cs(1343,68): warning CS1591: Missing XML comment for publicly visible type or member 'NamespaceStatsResponse.AdditionalProperties' [/home/lysander/repos/bannou/Bannou.SDK/Bannou.SDK.csproj::TargetFramework=net9.0]
/home/lysander/repos/bannou/bannou-service/Generated/Models/DocumentationModels.cs(1352,22): warning CS1591: Missing XML comment for publicly visible type or member 'Document' [/home/lysander/repos/bannou/Bannou.SDK/Bannou.SDK.csproj::TargetFramework=net9.0]
/home/lysander/repos/bannou/bannou-service/Generated/Models/DocumentationModels.cs(1358,24): warning CS1591: Missing XML comment for publicly visible type or member 'Document.DocumentId' [/home/lysander/repos/bannou/Bannou.SDK/Bannou.SDK.csproj::TargetFramework=net9.0]
/home/lysander/repos/bannou/bannou-service/Generated/Models/DocumentationModels.cs(1363,19): warning CS1591: Missing XML comment for publicly visible type or member 'Document.Namespace' [/home/lysander/repos/bannou/Bannou.SDK/Bannou.SDK.csproj::TargetFramework=net9.0]
/home/lysander/repos/bannou/bannou-service/Generated/Models/DocumentationModels.cs(1368,19): warning CS1591: Missing XML comment for publicly visible type or member 'Document.Slug' [/home/lysander/repos/bannou/Bannou.SDK/Bannou.SDK.csproj::TargetFramework=net9.0]
/home/lysander/repos/bannou/bannou-service/Generated/Models/DocumentationModels.cs(1373,19): warning CS1591: Missing XML comment for publicly visible type or member 'Document.Title' [/home/lysander/repos/bannou/Bannou.SDK/Bannou.SDK.csproj::TargetFramework=net9.0]
/home/lysander/repos/bannou/bannou-service/Generated/Models/DocumentationModels.cs(1379,29): warning CS1591: Missing XML comment for publicly visible type or member 'Document.Category' [/home/lysander/repos/bannou/Bannou.SDK/Bannou.SDK.csproj::TargetFramework=net9.0]
/home/lysander/repos/bannou/bannou-service/Generated/Models/DocumentationModels.cs(1382,19): warning CS1591: Missing XML comment for publicly visible type or member 'Document.Content' [/home/lysander/repos/bannou/Bannou.SDK/Bannou.SDK.csproj::TargetFramework=net9.0]
/home/lysander/repos/bannou/bannou-service/Generated/Models/DocumentationModels.cs(1385,19): warning CS1591: Missing XML comment for publicly visible type or member 'Document.Summary' [/home/lysander/repos/bannou/Bannou.SDK/Bannou.SDK.csproj::TargetFramework=net9.0]
/home/lysander/repos/bannou/bannou-service/Generated/Models/DocumentationModels.cs(1388,19): warning CS1591: Missing XML comment for publicly visible type or member 'Document.VoiceSummary' [/home/lysander/repos/bannou/Bannou.SDK/Bannou.SDK.csproj::TargetFramework=net9.0]
/home/lysander/repos/bannou/bannou-service/Generated/Models/DocumentationModels.cs(1391,59): warning CS1591: Missing XML comment for publicly visible type or member 'Document.Tags' [/home/lysander/repos/bannou/Bannou.SDK/Bannou.SDK.csproj::TargetFramework=net9.0]
/home/lysander/repos/bannou/bannou-service/Generated/Models/DocumentationModels.cs(1394,64): warning CS1591: Missing XML comment for publicly visible type or member 'Document.RelatedDocuments' [/home/lysander/repos/bannou/Bannou.SDK/Bannou.SDK.csproj::TargetFramework=net9.0]
/home/lysander/repos/bannou/bannou-service/Generated/Models/DocumentationModels.cs(1397,19): warning CS1591: Missing XML comment for publicly visible type or member 'Document.Metadata' [/home/lysander/repos/bannou/Bannou.SDK/Bannou.SDK.csproj::TargetFramework=net9.0]
/home/lysander/repos/bannou/bannou-service/Generated/Models/DocumentationModels.cs(1402,34): warning CS1591: Missing XML comment for publicly visible type or member 'Document.CreatedAt' [/home/lysander/repos/bannou/Bannou.SDK/Bannou.SDK.csproj::TargetFramework=net9.0]
/home/lysander/repos/bannou/bannou-service/Generated/Models/DocumentationModels.cs(1407,34): warning CS1591: Missing XML comment for publicly visible type or member 'Document.UpdatedAt' [/home/lysander/repos/bannou/Bannou.SDK/Bannou.SDK.csproj::TargetFramework=net9.0]
/home/lysander/repos/bannou/bannou-service/Generated/Models/DocumentationModels.cs(1412,68): warning CS1591: Missing XML comment for publicly visible type or member 'Document.AdditionalProperties' [/home/lysander/repos/bannou/Bannou.SDK/Bannou.SDK.csproj::TargetFramework=net9.0]
/home/lysander/repos/bannou/bannou-service/Generated/Models/DocumentationModels.cs(1421,22): warning CS1591: Missing XML comment for publicly visible type or member 'DocumentSummary' [/home/lysander/repos/bannou/Bannou.SDK/Bannou.SDK.csproj::TargetFramework=net9.0]
/home/lysander/repos/bannou/bannou-service/Generated/Models/DocumentationModels.cs(1427,24): warning CS1591: Missing XML comment for publicly visible type or member 'DocumentSummary.DocumentId' [/home/lysander/repos/bannou/Bannou.SDK/Bannou.SDK.csproj::TargetFramework=net9.0]
/home/lysander/repos/bannou/bannou-service/Generated/Models/DocumentationModels.cs(1432,19): warning CS1591: Missing XML comment for publicly visible type or member 'DocumentSummary.Slug' [/home/lysander/repos/bannou/Bannou.SDK/Bannou.SDK.csproj::TargetFramework=net9.0]
/home/lysander/repos/bannou/bannou-service/Generated/Models/DocumentationModels.cs(1437,19): warning CS1591: Missing XML comment for publicly visible type or member 'DocumentSummary.Title' [/home/lysander/repos/bannou/Bannou.SDK/Bannou.SDK.csproj::TargetFramework=net9.0]
/home/lysander/repos/bannou/bannou-service/Generated/Models/DocumentationModels.cs(1443,29): warning CS1591: Missing XML comment for publicly visible type or member 'DocumentSummary.Category' [/home/lysander/repos/bannou/Bannou.SDK/Bannou.SDK.csproj::TargetFramework=net9.0]
/home/lysander/repos/bannou/bannou-service/Generated/Models/DocumentationModels.cs(1446,19): warning CS1591: Missing XML comment for publicly visible type or member 'DocumentSummary.Summary' [/home/lysander/repos/bannou/Bannou.SDK/Bannou.SDK.csproj::TargetFramework=net9.0]
/home/lysander/repos/bannou/bannou-service/Generated/Models/DocumentationModels.cs(1449,19): warning CS1591: Missing XML comment for publicly visible type or member 'DocumentSummary.VoiceSummary' [/home/lysander/repos/bannou/Bannou.SDK/Bannou.SDK.csproj::TargetFramework=net9.0]
/home/lysander/repos/bannou/bannou-service/Generated/Models/DocumentationModels.cs(1452,59): warning CS1591: Missing XML comment for publicly visible type or member 'DocumentSummary.Tags' [/home/lysander/repos/bannou/Bannou.SDK/Bannou.SDK.csproj::TargetFramework=net9.0]
/home/lysander/repos/bannou/bannou-service/Generated/Models/DocumentationModels.cs(1457,68): warning CS1591: Missing XML comment for publicly visible type or member 'DocumentSummary.AdditionalProperties' [/home/lysander/repos/bannou/Bannou.SDK/Bannou.SDK.csproj::TargetFramework=net9.0]
/home/lysander/repos/bannou/bannou-service/Generated/Models/DocumentationModels.cs(1466,22): warning CS1591: Missing XML comment for publicly visible type or member 'DocumentResult' [/home/lysander/repos/bannou/Bannou.SDK/Bannou.SDK.csproj::TargetFramework=net9.0]
/home/lysander/repos/bannou/bannou-service/Generated/Models/DocumentationModels.cs(1472,24): warning CS1591: Missing XML comment for publicly visible type or member 'DocumentResult.DocumentId' [/home/lysander/repos/bannou/Bannou.SDK/Bannou.SDK.csproj::TargetFramework=net9.0]
/home/lysander/repos/bannou/bannou-service/Generated/Models/DocumentationModels.cs(1477,19): warning CS1591: Missing XML comment for publicly visible type or member 'DocumentResult.Slug' [/home/lysander/repos/bannou/Bannou.SDK/Bannou.SDK.csproj::TargetFramework=net9.0]
/home/lysander/repos/bannou/bannou-service/Generated/Models/DocumentationModels.cs(1482,19): warning CS1591: Missing XML comment for publicly visible type or member 'DocumentResult.Title' [/home/lysander/repos/bannou/Bannou.SDK/Bannou.SDK.csproj::TargetFramework=net9.0]
/home/lysander/repos/bannou/bannou-service/Generated/Models/DocumentationModels.cs(1486,29): warning CS1591: Missing XML comment for publicly visible type or member 'DocumentResult.Category' [/home/lysander/repos/bannou/Bannou.SDK/Bannou.SDK.csproj::TargetFramework=net9.0]
/home/lysander/repos/bannou/bannou-service/Generated/Models/DocumentationModels.cs(1489,19): warning CS1591: Missing XML comment for publicly visible type or member 'DocumentResult.Summary' [/home/lysander/repos/bannou/Bannou.SDK/Bannou.SDK.csproj::TargetFramework=net9.0]
/home/lysander/repos/bannou/bannou-service/Generated/Models/DocumentationModels.cs(1492,19): warning CS1591: Missing XML comment for publicly visible type or member 'DocumentResult.VoiceSummary' [/home/lysander/repos/bannou/Bannou.SDK/Bannou.SDK.csproj::TargetFramework=net9.0]
/home/lysander/repos/bannou/bannou-service/Generated/Models/DocumentationModels.cs(1495,19): warning CS1591: Missing XML comment for publicly visible type or member 'DocumentResult.Content' [/home/lysander/repos/bannou/Bannou.SDK/Bannou.SDK.csproj::TargetFramework=net9.0]
/home/lysander/repos/bannou/bannou-service/Generated/Models/DocumentationModels.cs(1498,18): warning CS1591: Missing XML comment for publicly visible type or member 'DocumentResult.RelevanceScore' [/home/lysander/repos/bannou/Bannou.SDK/Bannou.SDK.csproj::TargetFramework=net9.0]
/home/lysander/repos/bannou/bannou-service/Generated/Models/DocumentationModels.cs(1501,59): warning CS1591: Missing XML comment for publicly visible type or member 'DocumentResult.MatchHighlights' [/home/lysander/repos/bannou/Bannou.SDK/Bannou.SDK.csproj::TargetFramework=net9.0]
/home/lysander/repos/bannou/bannou-service/Generated/Models/DocumentationModels.cs(1506,68): warning CS1591: Missing XML comment for publicly visible type or member 'DocumentResult.AdditionalProperties' [/home/lysander/repos/bannou/Bannou.SDK/Bannou.SDK.csproj::TargetFramework=net9.0]
/home/lysander/repos/bannou/bannou-service/Generated/Models/DocumentationModels.cs(1522,5): warning CS1591: Missing XML comment for publicly visible type or member 'BindingStatus.Pending' [/home/lysander/repos/bannou/Bannou.SDK/Bannou.SDK.csproj::TargetFramework=net9.0]
/home/lysander/repos/bannou/bannou-service/Generated/Models/DocumentationModels.cs(1525,5): warning CS1591: Missing XML comment for publicly visible type or member 'BindingStatus.Syncing' [/home/lysander/repos/bannou/Bannou.SDK/Bannou.SDK.csproj::TargetFramework=net9.0]
/home/lysander/repos/bannou/bannou-service/Generated/Models/DocumentationModels.cs(1528,5): warning CS1591: Missing XML comment for publicly visible type or member 'BindingStatus.Synced' [/home/lysander/repos/bannou/Bannou.SDK/Bannou.SDK.csproj::TargetFramework=net9.0]
/home/lysander/repos/bannou/bannou-service/Generated/Models/DocumentationModels.cs(1531,5): warning CS1591: Missing XML comment for publicly visible type or member 'BindingStatus.Error' [/home/lysander/repos/bannou/Bannou.SDK/Bannou.SDK.csproj::TargetFramework=net9.0]
/home/lysander/repos/bannou/bannou-service/Generated/Models/DocumentationModels.cs(1534,5): warning CS1591: Missing XML comment for publicly visible type or member 'BindingStatus.Disabled' [/home/lysander/repos/bannou/Bannou.SDK/Bannou.SDK.csproj::TargetFramework=net9.0]
/home/lysander/repos/bannou/bannou-service/Generated/Models/DocumentationModels.cs(1546,5): warning CS1591: Missing XML comment for publicly visible type or member 'SyncStatus.Success' [/home/lysander/repos/bannou/Bannou.SDK/Bannou.SDK.csproj::TargetFramework=net9.0]
/home/lysander/repos/bannou/bannou-service/Generated/Models/DocumentationModels.cs(1549,5): warning CS1591: Missing XML comment for publicly visible type or member 'SyncStatus.Partial' [/home/lysander/repos/bannou/Bannou.SDK/Bannou.SDK.csproj::TargetFramework=net9.0]
/home/lysander/repos/bannou/bannou-service/Generated/Models/DocumentationModels.cs(1552,5): warning CS1591: Missing XML comment for publicly visible type or member 'SyncStatus.Failed' [/home/lysander/repos/bannou/Bannou.SDK/Bannou.SDK.csproj::TargetFramework=net9.0]
/home/lysander/repos/bannou/bannou-service/Generated/Models/DocumentationModels.cs(1564,5): warning CS1591: Missing XML comment for publicly visible type or member 'SyncTrigger.Manual' [/home/lysander/repos/bannou/Bannou.SDK/Bannou.SDK.csproj::TargetFramework=net9.0]
/home/lysander/repos/bannou/bannou-service/Generated/Models/DocumentationModels.cs(1567,5): warning CS1591: Missing XML comment for publicly visible type or member 'SyncTrigger.Scheduled' [/home/lysander/repos/bannou/Bannou.SDK/Bannou.SDK.csproj::TargetFramework=net9.0]
/home/lysander/repos/bannou/bannou-service/Generated/Models/DocumentationModels.cs(1572,22): warning CS1591: Missing XML comment for publicly visible type or member 'BindRepositoryRequest' [/home/lysander/repos/bannou/Bannou.SDK/Bannou.SDK.csproj::TargetFramework=net9.0]
/home/lysander/repos/bannou/bannou-service/Generated/Models/DocumentationModels.cs(1626,29): warning CS1591: Missing XML comment for publicly visible type or member 'BindRepositoryRequest.DefaultCategory' [/home/lysander/repos/bannou/Bannou.SDK/Bannou.SDK.csproj::TargetFramework=net9.0]
/home/lysander/repos/bannou/bannou-service/Generated/Models/DocumentationModels.cs(1643,68): warning CS1591: Missing XML comment for publicly visible type or member 'BindRepositoryRequest.AdditionalProperties' [/home/lysander/repos/bannou/Bannou.SDK/Bannou.SDK.csproj::TargetFramework=net9.0]
/home/lysander/repos/bannou/bannou-service/Generated/Models/DocumentationModels.cs(1652,22): warning CS1591: Missing XML comment for publicly visible type or member 'BindRepositoryResponse' [/home/lysander/repos/bannou/Bannou.SDK/Bannou.SDK.csproj::TargetFramework=net9.0]
/home/lysander/repos/bannou/bannou-service/Generated/Models/DocumentationModels.cs(1658,24): warning CS1591: Missing XML comment for publicly visible type or member 'BindRepositoryResponse.BindingId' [/home/lysander/repos/bannou/Bannou.SDK/Bannou.SDK.csproj::TargetFramework=net9.0]
/home/lysander/repos/bannou/bannou-service/Generated/Models/DocumentationModels.cs(1663,19): warning CS1591: Missing XML comment for publicly visible type or member 'BindRepositoryResponse.Namespace' [/home/lysander/repos/bannou/Bannou.SDK/Bannou.SDK.csproj::TargetFramework=net9.0]
/home/lysander/repos/bannou/bannou-service/Generated/Models/DocumentationModels.cs(1666,19): warning CS1591: Missing XML comment for publicly visible type or member 'BindRepositoryResponse.RepositoryUrl' [/home/lysander/repos/bannou/Bannou.SDK/Bannou.SDK.csproj::TargetFramework=net9.0]
/home/lysander/repos/bannou/bannou-service/Generated/Models/DocumentationModels.cs(1669,19): warning CS1591: Missing XML comment for publicly visible type or member 'BindRepositoryResponse.Branch' [/home/lysander/repos/bannou/Bannou.SDK/Bannou.SDK.csproj::TargetFramework=net9.0]
/home/lysander/repos/bannou/bannou-service/Generated/Models/DocumentationModels.cs(1675,26): warning CS1591: Missing XML comment for publicly visible type or member 'BindRepositoryResponse.Status' [/home/lysander/repos/bannou/Bannou.SDK/Bannou.SDK.csproj::TargetFramework=net9.0]
/home/lysander/repos/bannou/bannou-service/Generated/Models/DocumentationModels.cs(1678,34): warning CS1591: Missing XML comment for publicly visible type or member 'BindRepositoryResponse.CreatedAt' [/home/lysander/repos/bannou/Bannou.SDK/Bannou.SDK.csproj::TargetFramework=net9.0]
/home/lysander/repos/bannou/bannou-service/Generated/Models/DocumentationModels.cs(1683,68): warning CS1591: Missing XML comment for publicly visible type or member 'BindRepositoryResponse.AdditionalProperties' [/home/lysander/repos/bannou/Bannou.SDK/Bannou.SDK.csproj::TargetFramework=net9.0]
/home/lysander/repos/bannou/bannou-service/Generated/Models/DocumentationModels.cs(1692,22): warning CS1591: Missing XML comment for publicly visible type or member 'UnbindRepositoryRequest' [/home/lysander/repos/bannou/Bannou.SDK/Bannou.SDK.csproj::TargetFramework=net9.0]
/home/lysander/repos/bannou/bannou-service/Generated/Models/DocumentationModels.cs(1700,19): warning CS1591: Missing XML comment for publicly visible type or member 'UnbindRepositoryRequest.Namespace' [/home/lysander/repos/bannou/Bannou.SDK/Bannou.SDK.csproj::TargetFramework=net9.0]
/home/lysander/repos/bannou/bannou-service/Generated/Models/DocumentationModels.cs(1711,68): warning CS1591: Missing XML comment for publicly visible type or member 'UnbindRepositoryRequest.AdditionalProperties' [/home/lysander/repos/bannou/Bannou.SDK/Bannou.SDK.csproj::TargetFramework=net9.0]
/home/lysander/repos/bannou/bannou-service/Generated/Models/DocumentationModels.cs(1720,22): warning CS1591: Missing XML comment for publicly visible type or member 'UnbindRepositoryResponse' [/home/lysander/repos/bannou/Bannou.SDK/Bannou.SDK.csproj::TargetFramework=net9.0]
/home/lysander/repos/bannou/bannou-service/Generated/Models/DocumentationModels.cs(1726,19): warning CS1591: Missing XML comment for publicly visible type or member 'UnbindRepositoryResponse.Namespace' [/home/lysander/repos/bannou/Bannou.SDK/Bannou.SDK.csproj::TargetFramework=net9.0]
/home/lysander/repos/bannou/bannou-service/Generated/Models/DocumentationModels.cs(1737,68): warning CS1591: Missing XML comment for publicly visible type or member 'UnbindRepositoryResponse.AdditionalProperties' [/home/lysander/repos/bannou/Bannou.SDK/Bannou.SDK.csproj::TargetFramework=net9.0]
/home/lysander/repos/bannou/bannou-service/Generated/Models/DocumentationModels.cs(1746,22): warning CS1591: Missing XML comment for publicly visible type or member 'SyncRepositoryRequest' [/home/lysander/repos/bannou/Bannou.SDK/Bannou.SDK.csproj::TargetFramework=net9.0]
/home/lysander/repos/bannou/bannou-service/Generated/Models/DocumentationModels.cs(1754,19): warning CS1591: Missing XML comment for publicly visible type or member 'SyncRepositoryRequest.Namespace' [/home/lysander/repos/bannou/Bannou.SDK/Bannou.SDK.csproj::TargetFramework=net9.0]
/home/lysander/repos/bannou/bannou-service/Generated/Models/DocumentationModels.cs(1765,68): warning CS1591: Missing XML comment for publicly visible type or member 'SyncRepositoryRequest.AdditionalProperties' [/home/lysander/repos/bannou/Bannou.SDK/Bannou.SDK.csproj::TargetFramework=net9.0]
/home/lysander/repos/bannou/bannou-service/Generated/Models/DocumentationModels.cs(1774,22): warning CS1591: Missing XML comment for publicly visible type or member 'SyncRepositoryResponse' [/home/lysander/repos/bannou/Bannou.SDK/Bannou.SDK.csproj::TargetFramework=net9.0]
/home/lysander/repos/bannou/bannou-service/Generated/Models/DocumentationModels.cs(1780,24): warning CS1591: Missing XML comment for publicly visible type or member 'SyncRepositoryResponse.SyncId' [/home/lysander/repos/bannou/Bannou.SDK/Bannou.SDK.csproj::TargetFramework=net9.0]
/home/lysander/repos/bannou/bannou-service/Generated/Models/DocumentationModels.cs(1786,23): warning CS1591: Missing XML comment for publicly visible type or member 'SyncRepositoryResponse.Status' [/home/lysander/repos/bannou/Bannou.SDK/Bannou.SDK.csproj::TargetFramework=net9.0]
/home/lysander/repos/bannou/bannou-service/Generated/Models/DocumentationModels.cs(1789,19): warning CS1591: Missing XML comment for publicly visible type or member 'SyncRepositoryResponse.CommitHash' [/home/lysander/repos/bannou/Bannou.SDK/Bannou.SDK.csproj::TargetFramework=net9.0]
/home/lysander/repos/bannou/bannou-service/Generated/Models/DocumentationModels.cs(1792,16): warning CS1591: Missing XML comment for publicly visible type or member 'SyncRepositoryResponse.DocumentsCreated' [/home/lysander/repos/bannou/Bannou.SDK/Bannou.SDK.csproj::TargetFramework=net9.0]
/home/lysander/repos/bannou/bannou-service/Generated/Models/DocumentationModels.cs(1795,16): warning CS1591: Missing XML comment for publicly visible type or member 'SyncRepositoryResponse.DocumentsUpdated' [/home/lysander/repos/bannou/Bannou.SDK/Bannou.SDK.csproj::TargetFramework=net9.0]
/home/lysander/repos/bannou/bannou-service/Generated/Models/DocumentationModels.cs(1798,16): warning CS1591: Missing XML comment for publicly visible type or member 'SyncRepositoryResponse.DocumentsDeleted' [/home/lysander/repos/bannou/Bannou.SDK/Bannou.SDK.csproj::TargetFramework=net9.0]
/home/lysander/repos/bannou/bannou-service/Generated/Models/DocumentationModels.cs(1801,16): warning CS1591: Missing XML comment for publicly visible type or member 'SyncRepositoryResponse.DocumentsFailed' [/home/lysander/repos/bannou/Bannou.SDK/Bannou.SDK.csproj::TargetFramework=net9.0]
/home/lysander/repos/bannou/bannou-service/Generated/Models/DocumentationModels.cs(1804,16): warning CS1591: Missing XML comment for publicly visible type or member 'SyncRepositoryResponse.DurationMs' [/home/lysander/repos/bannou/Bannou.SDK/Bannou.SDK.csproj::TargetFramework=net9.0]
/home/lysander/repos/bannou/bannou-service/Generated/Models/DocumentationModels.cs(1807,20): warning CS1591: Missing XML comment for publicly visible type or member 'SyncRepositoryResponse.ErrorMessage' [/home/lysander/repos/bannou/Bannou.SDK/Bannou.SDK.csproj::TargetFramework=net9.0]
/home/lysander/repos/bannou/bannou-service/Generated/Models/DocumentationModels.cs(1812,68): warning CS1591: Missing XML comment for publicly visible type or member 'SyncRepositoryResponse.AdditionalProperties' [/home/lysander/repos/bannou/Bannou.SDK/Bannou.SDK.csproj::TargetFramework=net9.0]
/home/lysander/repos/bannou/bannou-service/Generated/Models/DocumentationModels.cs(1821,22): warning CS1591: Missing XML comment for publicly visible type or member 'RepositoryStatusRequest' [/home/lysander/repos/bannou/Bannou.SDK/Bannou.SDK.csproj::TargetFramework=net9.0]
/home/lysander/repos/bannou/bannou-service/Generated/Models/DocumentationModels.cs(1829,19): warning CS1591: Missing XML comment for publicly visible type or member 'RepositoryStatusRequest.Namespace' [/home/lysander/repos/bannou/Bannou.SDK/Bannou.SDK.csproj::TargetFramework=net9.0]
/home/lysander/repos/bannou/bannou-service/Generated/Models/DocumentationModels.cs(1834,68): warning CS1591: Missing XML comment for publicly visible type or member 'RepositoryStatusRequest.AdditionalProperties' [/home/lysander/repos/bannou/Bannou.SDK/Bannou.SDK.csproj::TargetFramework=net9.0]
/home/lysander/repos/bannou/bannou-service/Generated/Models/DocumentationModels.cs(1843,22): warning CS1591: Missing XML comment for publicly visible type or member 'RepositoryStatusResponse' [/home/lysander/repos/bannou/Bannou.SDK/Bannou.SDK.csproj::TargetFramework=net9.0]
/home/lysander/repos/bannou/bannou-service/Generated/Models/DocumentationModels.cs(1847,34): warning CS1591: Missing XML comment for publicly visible type or member 'RepositoryStatusResponse.Binding' [/home/lysander/repos/bannou/Bannou.SDK/Bannou.SDK.csproj::TargetFramework=net9.0]
/home/lysander/repos/bannou/bannou-service/Generated/Models/DocumentationModels.cs(1850,21): warning CS1591: Missing XML comment for publicly visible type or member 'RepositoryStatusResponse.LastSync' [/home/lysander/repos/bannou/Bannou.SDK/Bannou.SDK.csproj::TargetFramework=net9.0]
/home/lysander/repos/bannou/bannou-service/Generated/Models/DocumentationModels.cs(1855,68): warning CS1591: Missing XML comment for publicly visible type or member 'RepositoryStatusResponse.AdditionalProperties' [/home/lysander/repos/bannou/Bannou.SDK/Bannou.SDK.csproj::TargetFramework=net9.0]
/home/lysander/repos/bannou/bannou-service/Generated/Models/DocumentationModels.cs(1864,22): warning CS1591: Missing XML comment for publicly visible type or member 'RepositoryBindingInfo' [/home/lysander/repos/bannou/Bannou.SDK/Bannou.SDK.csproj::TargetFramework=net9.0]
/home/lysander/repos/bannou/bannou-service/Generated/Models/DocumentationModels.cs(1870,24): warning CS1591: Missing XML comment for publicly visible type or member 'RepositoryBindingInfo.BindingId' [/home/lysander/repos/bannou/Bannou.SDK/Bannou.SDK.csproj::TargetFramework=net9.0]
/home/lysander/repos/bannou/bannou-service/Generated/Models/DocumentationModels.cs(1875,19): warning CS1591: Missing XML comment for publicly visible type or member 'RepositoryBindingInfo.Namespace' [/home/lysander/repos/bannou/Bannou.SDK/Bannou.SDK.csproj::TargetFramework=net9.0]
/home/lysander/repos/bannou/bannou-service/Generated/Models/DocumentationModels.cs(1880,19): warning CS1591: Missing XML comment for publicly visible type or member 'RepositoryBindingInfo.RepositoryUrl' [/home/lysander/repos/bannou/Bannou.SDK/Bannou.SDK.csproj::TargetFramework=net9.0]
/home/lysander/repos/bannou/bannou-service/Generated/Models/DocumentationModels.cs(1883,19): warning CS1591: Missing XML comment for publicly visible type or member 'RepositoryBindingInfo.Branch' [/home/lysander/repos/bannou/Bannou.SDK/Bannou.SDK.csproj::TargetFramework=net9.0]
/home/lysander/repos/bannou/bannou-service/Generated/Models/DocumentationModels.cs(1889,26): warning CS1591: Missing XML comment for publicly visible type or member 'RepositoryBindingInfo.Status' [/home/lysander/repos/bannou/Bannou.SDK/Bannou.SDK.csproj::TargetFramework=net9.0]
/home/lysander/repos/bannou/bannou-service/Generated/Models/DocumentationModels.cs(1892,17): warning CS1591: Missing XML comment for publicly visible type or member 'RepositoryBindingInfo.SyncEnabled' [/home/lysander/repos/bannou/Bannou.SDK/Bannou.SDK.csproj::TargetFramework=net9.0]
/home/lysander/repos/bannou/bannou-service/Generated/Models/DocumentationModels.cs(1895,16): warning CS1591: Missing XML comment for publicly visible type or member 'RepositoryBindingInfo.SyncIntervalMinutes' [/home/lysander/repos/bannou/Bannou.SDK/Bannou.SDK.csproj::TargetFramework=net9.0]
/home/lysander/repos/bannou/bannou-service/Generated/Models/DocumentationModels.cs(1898,16): warning CS1591: Missing XML comment for publicly visible type or member 'RepositoryBindingInfo.DocumentCount' [/home/lysander/repos/bannou/Bannou.SDK/Bannou.SDK.csproj::TargetFramework=net9.0]
/home/lysander/repos/bannou/bannou-service/Generated/Models/DocumentationModels.cs(1901,34): warning CS1591: Missing XML comment for publicly visible type or member 'RepositoryBindingInfo.CreatedAt' [/home/lysander/repos/bannou/Bannou.SDK/Bannou.SDK.csproj::TargetFramework=net9.0]
/home/lysander/repos/bannou/bannou-service/Generated/Models/DocumentationModels.cs(1904,24): warning CS1591: Missing XML comment for publicly visible type or member 'RepositoryBindingInfo.CreatedBy' [/home/lysander/repos/bannou/Bannou.SDK/Bannou.SDK.csproj::TargetFramework=net9.0]
/home/lysander/repos/bannou/bannou-service/Generated/Models/DocumentationModels.cs(1909,68): warning CS1591: Missing XML comment for publicly visible type or member 'RepositoryBindingInfo.AdditionalProperties' [/home/lysander/repos/bannou/Bannou.SDK/Bannou.SDK.csproj::TargetFramework=net9.0]
/home/lysander/repos/bannou/bannou-service/Generated/Models/DocumentationModels.cs(1918,22): warning CS1591: Missing XML comment for publicly visible type or member 'SyncInfo' [/home/lysander/repos/bannou/Bannou.SDK/Bannou.SDK.csproj::TargetFramework=net9.0]
/home/lysander/repos/bannou/bannou-service/Generated/Models/DocumentationModels.cs(1922,24): warning CS1591: Missing XML comment for publicly visible type or member 'SyncInfo.SyncId' [/home/lysander/repos/bannou/Bannou.SDK/Bannou.SDK.csproj::TargetFramework=net9.0]
/home/lysander/repos/bannou/bannou-service/Generated/Models/DocumentationModels.cs(1926,23): warning CS1591: Missing XML comment for publicly visible type or member 'SyncInfo.Status' [/home/lysander/repos/bannou/Bannou.SDK/Bannou.SDK.csproj::TargetFramework=net9.0]
/home/lysander/repos/bannou/bannou-service/Generated/Models/DocumentationModels.cs(1930,24): warning CS1591: Missing XML comment for publicly visible type or member 'SyncInfo.TriggeredBy' [/home/lysander/repos/bannou/Bannou.SDK/Bannou.SDK.csproj::TargetFramework=net9.0]
/home/lysander/repos/bannou/bannou-service/Generated/Models/DocumentationModels.cs(1933,34): warning CS1591: Missing XML comment for publicly visible type or member 'SyncInfo.StartedAt' [/home/lysander/repos/bannou/Bannou.SDK/Bannou.SDK.csproj::TargetFramework=net9.0]
/home/lysander/repos/bannou/bannou-service/Generated/Models/DocumentationModels.cs(1936,34): warning CS1591: Missing XML comment for publicly visible type or member 'SyncInfo.CompletedAt' [/home/lysander/repos/bannou/Bannou.SDK/Bannou.SDK.csproj::TargetFramework=net9.0]
/home/lysander/repos/bannou/bannou-service/Generated/Models/DocumentationModels.cs(1939,19): warning CS1591: Missing XML comment for publicly visible type or member 'SyncInfo.CommitHash' [/home/lysander/repos/bannou/Bannou.SDK/Bannou.SDK.csproj::TargetFramework=net9.0]
/home/lysander/repos/bannou/bannou-service/Generated/Models/DocumentationModels.cs(1942,16): warning CS1591: Missing XML comment for publicly visible type or member 'SyncInfo.DocumentsProcessed' [/home/lysander/repos/bannou/Bannou.SDK/Bannou.SDK.csproj::TargetFramework=net9.0]
/home/lysander/repos/bannou/bannou-service/Generated/Models/DocumentationModels.cs(1947,68): warning CS1591: Missing XML comment for publicly visible type or member 'SyncInfo.AdditionalProperties' [/home/lysander/repos/bannou/Bannou.SDK/Bannou.SDK.csproj::TargetFramework=net9.0]
/home/lysander/repos/bannou/bannou-service/Generated/Models/DocumentationModels.cs(1956,22): warning CS1591: Missing XML comment for publicly visible type or member 'ListRepositoryBindingsRequest' [/home/lysander/repos/bannou/Bannou.SDK/Bannou.SDK.csproj::TargetFramework=net9.0]
/home/lysander/repos/bannou/bannou-service/Generated/Models/DocumentationModels.cs(1961,26): warning CS1591: Missing XML comment for publicly visible type or member 'ListRepositoryBindingsRequest.Status' [/home/lysander/repos/bannou/Bannou.SDK/Bannou.SDK.csproj::TargetFramework=net9.0]
/home/lysander/repos/bannou/bannou-service/Generated/Models/DocumentationModels.cs(1965,16): warning CS1591: Missing XML comment for publicly visible type or member 'ListRepositoryBindingsRequest.Limit' [/home/lysander/repos/bannou/Bannou.SDK/Bannou.SDK.csproj::TargetFramework=net9.0]
/home/lysander/repos/bannou/bannou-service/Generated/Models/DocumentationModels.cs(1969,16): warning CS1591: Missing XML comment for publicly visible type or member 'ListRepositoryBindingsRequest.Offset' [/home/lysander/repos/bannou/Bannou.SDK/Bannou.SDK.csproj::TargetFramework=net9.0]
/home/lysander/repos/bannou/bannou-service/Generated/Models/DocumentationModels.cs(1974,68): warning CS1591: Missing XML comment for publicly visible type or member 'ListRepositoryBindingsRequest.AdditionalProperties' [/home/lysander/repos/bannou/Bannou.SDK/Bannou.SDK.csproj::TargetFramework=net9.0]
/home/lysander/repos/bannou/bannou-service/Generated/Models/DocumentationModels.cs(1983,22): warning CS1591: Missing XML comment for publicly visible type or member 'ListRepositoryBindingsResponse' [/home/lysander/repos/bannou/Bannou.SDK/Bannou.SDK.csproj::TargetFramework=net9.0]
/home/lysander/repos/bannou/bannou-service/Generated/Models/DocumentationModels.cs(1989,74): warning CS1591: Missing XML comment for publicly visible type or member 'ListRepositoryBindingsResponse.Bindings' [/home/lysander/repos/bannou/Bannou.SDK/Bannou.SDK.csproj::TargetFramework=net9.0]
/home/lysander/repos/bannou/bannou-service/Generated/Models/DocumentationModels.cs(1992,16): warning CS1591: Missing XML comment for publicly visible type or member 'ListRepositoryBindingsResponse.Total' [/home/lysander/repos/bannou/Bannou.SDK/Bannou.SDK.csproj::TargetFramework=net9.0]
/home/lysander/repos/bannou/bannou-service/Generated/Models/DocumentationModels.cs(1997,68): warning CS1591: Missing XML comment for publicly visible type or member 'ListRepositoryBindingsResponse.AdditionalProperties' [/home/lysander/repos/bannou/Bannou.SDK/Bannou.SDK.csproj::TargetFramework=net9.0]
/home/lysander/repos/bannou/bannou-service/Generated/Models/DocumentationModels.cs(2006,22): warning CS1591: Missing XML comment for publicly visible type or member 'UpdateRepositoryBindingRequest' [/home/lysander/repos/bannou/Bannou.SDK/Bannou.SDK.csproj::TargetFramework=net9.0]
/home/lysander/repos/bannou/bannou-service/Generated/Models/DocumentationModels.cs(2014,19): warning CS1591: Missing XML comment for publicly visible type or member 'UpdateRepositoryBindingRequest.Namespace' [/home/lysander/repos/bannou/Bannou.SDK/Bannou.SDK.csproj::TargetFramework=net9.0]
/home/lysander/repos/bannou/bannou-service/Generated/Models/DocumentationModels.cs(2017,17): warning CS1591: Missing XML comment for publicly visible type or member 'UpdateRepositoryBindingRequest.SyncEnabled' [/home/lysander/repos/bannou/Bannou.SDK/Bannou.SDK.csproj::TargetFramework=net9.0]
/home/lysander/repos/bannou/bannou-service/Generated/Models/DocumentationModels.cs(2021,16): warning CS1591: Missing XML comment for publicly visible type or member 'UpdateRepositoryBindingRequest.SyncIntervalMinutes' [/home/lysander/repos/bannou/Bannou.SDK/Bannou.SDK.csproj::TargetFramework=net9.0]
/home/lysander/repos/bannou/bannou-service/Generated/Models/DocumentationModels.cs(2024,59): warning CS1591: Missing XML comment for publicly visible type or member 'UpdateRepositoryBindingRequest.FilePatterns' [/home/lysander/repos/bannou/Bannou.SDK/Bannou.SDK.csproj::TargetFramework=net9.0]
/home/lysander/repos/bannou/bannou-service/Generated/Models/DocumentationModels.cs(2027,59): warning CS1591: Missing XML comment for publicly visible type or member 'UpdateRepositoryBindingRequest.ExcludePatterns' [/home/lysander/repos/bannou/Bannou.SDK/Bannou.SDK.csproj::TargetFramework=net9.0]
/home/lysander/repos/bannou/bannou-service/Generated/Models/DocumentationModels.cs(2030,67): warning CS1591: Missing XML comment for publicly visible type or member 'UpdateRepositoryBindingRequest.CategoryMapping' [/home/lysander/repos/bannou/Bannou.SDK/Bannou.SDK.csproj::TargetFramework=net9.0]
/home/lysander/repos/bannou/bannou-service/Generated/Models/DocumentationModels.cs(2034,29): warning CS1591: Missing XML comment for publicly visible type or member 'UpdateRepositoryBindingRequest.DefaultCategory' [/home/lysander/repos/bannou/Bannou.SDK/Bannou.SDK.csproj::TargetFramework=net9.0]
/home/lysander/repos/bannou/bannou-service/Generated/Models/DocumentationModels.cs(2037,17): warning CS1591: Missing XML comment for publicly visible type or member 'UpdateRepositoryBindingRequest.ArchiveEnabled' [/home/lysander/repos/bannou/Bannou.SDK/Bannou.SDK.csproj::TargetFramework=net9.0]
/home/lysander/repos/bannou/bannou-service/Generated/Models/DocumentationModels.cs(2040,17): warning CS1591: Missing XML comment for publicly visible type or member 'UpdateRepositoryBindingRequest.ArchiveOnSync' [/home/lysander/repos/bannou/Bannou.SDK/Bannou.SDK.csproj::TargetFramework=net9.0]
/home/lysander/repos/bannou/bannou-service/Generated/Models/DocumentationModels.cs(2045,68): warning CS1591: Missing XML comment for publicly visible type or member 'UpdateRepositoryBindingRequest.AdditionalProperties' [/home/lysander/repos/bannou/Bannou.SDK/Bannou.SDK.csproj::TargetFramework=net9.0]
/home/lysander/repos/bannou/bannou-service/Generated/Models/DocumentationModels.cs(2054,22): warning CS1591: Missing XML comment for publicly visible type or member 'UpdateRepositoryBindingResponse' [/home/lysander/repos/bannou/Bannou.SDK/Bannou.SDK.csproj::TargetFramework=net9.0]
/home/lysander/repos/bannou/bannou-service/Generated/Models/DocumentationModels.cs(2060,34): warning CS1591: Missing XML comment for publicly visible type or member 'UpdateRepositoryBindingResponse.Binding' [/home/lysander/repos/bannou/Bannou.SDK/Bannou.SDK.csproj::TargetFramework=net9.0]
/home/lysander/repos/bannou/bannou-service/Generated/Models/DocumentationModels.cs(2065,68): warning CS1591: Missing XML comment for publicly visible type or member 'UpdateRepositoryBindingResponse.AdditionalProperties' [/home/lysander/repos/bannou/Bannou.SDK/Bannou.SDK.csproj::TargetFramework=net9.0]
/home/lysander/repos/bannou/bannou-service/Generated/Models/DocumentationModels.cs(2074,22): warning CS1591: Missing XML comment for publicly visible type or member 'CreateArchiveRequest' [/home/lysander/repos/bannou/Bannou.SDK/Bannou.SDK.csproj::TargetFramework=net9.0]
/home/lysander/repos/bannou/bannou-service/Generated/Models/DocumentationModels.cs(2082,19): warning CS1591: Missing XML comment for publicly visible type or member 'CreateArchiveRequest.Namespace' [/home/lysander/repos/bannou/Bannou.SDK/Bannou.SDK.csproj::TargetFramework=net9.0]
/home/lysander/repos/bannou/bannou-service/Generated/Models/DocumentationModels.cs(2094,68): warning CS1591: Missing XML comment for publicly visible type or member 'CreateArchiveRequest.AdditionalProperties' [/home/lysander/repos/bannou/Bannou.SDK/Bannou.SDK.csproj::TargetFramework=net9.0]
/home/lysander/repos/bannou/bannou-service/Generated/Models/DocumentationModels.cs(2103,22): warning CS1591: Missing XML comment for publicly visible type or member 'CreateArchiveResponse' [/home/lysander/repos/bannou/Bannou.SDK/Bannou.SDK.csproj::TargetFramework=net9.0]
/home/lysander/repos/bannou/bannou-service/Generated/Models/DocumentationModels.cs(2109,24): warning CS1591: Missing XML comment for publicly visible type or member 'CreateArchiveResponse.ArchiveId' [/home/lysander/repos/bannou/Bannou.SDK/Bannou.SDK.csproj::TargetFramework=net9.0]
/home/lysander/repos/bannou/bannou-service/Generated/Models/DocumentationModels.cs(2114,19): warning CS1591: Missing XML comment for publicly visible type or member 'CreateArchiveResponse.Namespace' [/home/lysander/repos/bannou/Bannou.SDK/Bannou.SDK.csproj::TargetFramework=net9.0]
/home/lysander/repos/bannou/bannou-service/Generated/Models/DocumentationModels.cs(2123,16): warning CS1591: Missing XML comment for publicly visible type or member 'CreateArchiveResponse.DocumentCount' [/home/lysander/repos/bannou/Bannou.SDK/Bannou.SDK.csproj::TargetFramework=net9.0]
/home/lysander/repos/bannou/bannou-service/Generated/Models/DocumentationModels.cs(2126,16): warning CS1591: Missing XML comment for publicly visible type or member 'CreateArchiveResponse.SizeBytes' [/home/lysander/repos/bannou/Bannou.SDK/Bannou.SDK.csproj::TargetFramework=net9.0]
/home/lysander/repos/bannou/bannou-service/Generated/Models/DocumentationModels.cs(2129,34): warning CS1591: Missing XML comment for publicly visible type or member 'CreateArchiveResponse.CreatedAt' [/home/lysander/repos/bannou/Bannou.SDK/Bannou.SDK.csproj::TargetFramework=net9.0]
/home/lysander/repos/bannou/bannou-service/Generated/Models/DocumentationModels.cs(2140,68): warning CS1591: Missing XML comment for publicly visible type or member 'CreateArchiveResponse.AdditionalProperties' [/home/lysander/repos/bannou/Bannou.SDK/Bannou.SDK.csproj::TargetFramework=net9.0]
/home/lysander/repos/bannou/bannou-service/Generated/Models/DocumentationModels.cs(2149,22): warning CS1591: Missing XML comment for publicly visible type or member 'ListArchivesRequest' [/home/lysander/repos/bannou/Bannou.SDK/Bannou.SDK.csproj::TargetFramework=net9.0]
/home/lysander/repos/bannou/bannou-service/Generated/Models/DocumentationModels.cs(2157,19): warning CS1591: Missing XML comment for publicly visible type or member 'ListArchivesRequest.Namespace' [/home/lysander/repos/bannou/Bannou.SDK/Bannou.SDK.csproj::TargetFramework=net9.0]
/home/lysander/repos/bannou/bannou-service/Generated/Models/DocumentationModels.cs(2161,16): warning CS1591: Missing XML comment for publicly visible type or member 'ListArchivesRequest.Limit' [/home/lysander/repos/bannou/Bannou.SDK/Bannou.SDK.csproj::TargetFramework=net9.0]
/home/lysander/repos/bannou/bannou-service/Generated/Models/DocumentationModels.cs(2165,16): warning CS1591: Missing XML comment for publicly visible type or member 'ListArchivesRequest.Offset' [/home/lysander/repos/bannou/Bannou.SDK/Bannou.SDK.csproj::TargetFramework=net9.0]
/home/lysander/repos/bannou/bannou-service/Generated/Models/DocumentationModels.cs(2170,68): warning CS1591: Missing XML comment for publicly visible type or member 'ListArchivesRequest.AdditionalProperties' [/home/lysander/repos/bannou/Bannou.SDK/Bannou.SDK.csproj::TargetFramework=net9.0]
/home/lysander/repos/bannou/bannou-service/Generated/Models/DocumentationModels.cs(2179,22): warning CS1591: Missing XML comment for publicly visible type or member 'ListArchivesResponse' [/home/lysander/repos/bannou/Bannou.SDK/Bannou.SDK.csproj::TargetFramework=net9.0]
/home/lysander/repos/bannou/bannou-service/Generated/Models/DocumentationModels.cs(2185,64): warning CS1591: Missing XML comment for publicly visible type or member 'ListArchivesResponse.Archives' [/home/lysander/repos/bannou/Bannou.SDK/Bannou.SDK.csproj::TargetFramework=net9.0]
/home/lysander/repos/bannou/bannou-service/Generated/Models/DocumentationModels.cs(2188,16): warning CS1591: Missing XML comment for publicly visible type or member 'ListArchivesResponse.Total' [/home/lysander/repos/bannou/Bannou.SDK/Bannou.SDK.csproj::TargetFramework=net9.0]
/home/lysander/repos/bannou/bannou-service/Generated/Models/DocumentationModels.cs(2193,68): warning CS1591: Missing XML comment for publicly visible type or member 'ListArchivesResponse.AdditionalProperties' [/home/lysander/repos/bannou/Bannou.SDK/Bannou.SDK.csproj::TargetFramework=net9.0]
/home/lysander/repos/bannou/bannou-service/Generated/Models/DocumentationModels.cs(2202,22): warning CS1591: Missing XML comment for publicly visible type or member 'ArchiveInfo' [/home/lysander/repos/bannou/Bannou.SDK/Bannou.SDK.csproj::TargetFramework=net9.0]
/home/lysander/repos/bannou/bannou-service/Generated/Models/DocumentationModels.cs(2208,24): warning CS1591: Missing XML comment for publicly visible type or member 'ArchiveInfo.ArchiveId' [/home/lysander/repos/bannou/Bannou.SDK/Bannou.SDK.csproj::TargetFramework=net9.0]
/home/lysander/repos/bannou/bannou-service/Generated/Models/DocumentationModels.cs(2213,19): warning CS1591: Missing XML comment for publicly visible type or member 'ArchiveInfo.Namespace' [/home/lysander/repos/bannou/Bannou.SDK/Bannou.SDK.csproj::TargetFramework=net9.0]
/home/lysander/repos/bannou/bannou-service/Generated/Models/DocumentationModels.cs(2216,24): warning CS1591: Missing XML comment for publicly visible type or member 'ArchiveInfo.BundleAssetId' [/home/lysander/repos/bannou/Bannou.SDK/Bannou.SDK.csproj::TargetFramework=net9.0]
/home/lysander/repos/bannou/bannou-service/Generated/Models/DocumentationModels.cs(2219,19): warning CS1591: Missing XML comment for publicly visible type or member 'ArchiveInfo.Description' [/home/lysander/repos/bannou/Bannou.SDK/Bannou.SDK.csproj::TargetFramework=net9.0]
/home/lysander/repos/bannou/bannou-service/Generated/Models/DocumentationModels.cs(2222,16): warning CS1591: Missing XML comment for publicly visible type or member 'ArchiveInfo.DocumentCount' [/home/lysander/repos/bannou/Bannou.SDK/Bannou.SDK.csproj::TargetFramework=net9.0]
/home/lysander/repos/bannou/bannou-service/Generated/Models/DocumentationModels.cs(2225,16): warning CS1591: Missing XML comment for publicly visible type or member 'ArchiveInfo.SizeBytes' [/home/lysander/repos/bannou/Bannou.SDK/Bannou.SDK.csproj::TargetFramework=net9.0]
/home/lysander/repos/bannou/bannou-service/Generated/Models/DocumentationModels.cs(2228,20): warning CS1591: Missing XML comment for publicly visible type or member 'ArchiveInfo.CommitHash' [/home/lysander/repos/bannou/Bannou.SDK/Bannou.SDK.csproj::TargetFramework=net9.0]
/home/lysander/repos/bannou/bannou-service/Generated/Models/DocumentationModels.cs(2233,34): warning CS1591: Missing XML comment for publicly visible type or member 'ArchiveInfo.CreatedAt' [/home/lysander/repos/bannou/Bannou.SDK/Bannou.SDK.csproj::TargetFramework=net9.0]
/home/lysander/repos/bannou/bannou-service/Generated/Models/DocumentationModels.cs(2236,24): warning CS1591: Missing XML comment for publicly visible type or member 'ArchiveInfo.CreatedBy' [/home/lysander/repos/bannou/Bannou.SDK/Bannou.SDK.csproj::TargetFramework=net9.0]
/home/lysander/repos/bannou/bannou-service/Generated/Models/DocumentationModels.cs(2241,68): warning CS1591: Missing XML comment for publicly visible type or member 'ArchiveInfo.AdditionalProperties' [/home/lysander/repos/bannou/Bannou.SDK/Bannou.SDK.csproj::TargetFramework=net9.0]
/home/lysander/repos/bannou/bannou-service/Generated/Models/DocumentationModels.cs(2250,22): warning CS1591: Missing XML comment for publicly visible type or member 'RestoreArchiveRequest' [/home/lysander/repos/bannou/Bannou.SDK/Bannou.SDK.csproj::TargetFramework=net9.0]
/home/lysander/repos/bannou/bannou-service/Generated/Models/DocumentationModels.cs(2256,24): warning CS1591: Missing XML comment for publicly visible type or member 'RestoreArchiveRequest.ArchiveId' [/home/lysander/repos/bannou/Bannou.SDK/Bannou.SDK.csproj::TargetFramework=net9.0]
/home/lysander/repos/bannou/bannou-service/Generated/Models/DocumentationModels.cs(2269,68): warning CS1591: Missing XML comment for publicly visible type or member 'RestoreArchiveRequest.AdditionalProperties' [/home/lysander/repos/bannou/Bannou.SDK/Bannou.SDK.csproj::TargetFramework=net9.0]
/home/lysander/repos/bannou/bannou-service/Generated/Models/DocumentationModels.cs(2278,22): warning CS1591: Missing XML comment for publicly visible type or member 'RestoreArchiveResponse' [/home/lysander/repos/bannou/Bannou.SDK/Bannou.SDK.csproj::TargetFramework=net9.0]
/home/lysander/repos/bannou/bannou-service/Generated/Models/DocumentationModels.cs(2284,19): warning CS1591: Missing XML comment for publicly visible type or member 'RestoreArchiveResponse.Namespace' [/home/lysander/repos/bannou/Bannou.SDK/Bannou.SDK.csproj::TargetFramework=net9.0]
/home/lysander/repos/bannou/bannou-service/Generated/Models/DocumentationModels.cs(2287,16): warning CS1591: Missing XML comment for publicly visible type or member 'RestoreArchiveResponse.DocumentsRestored' [/home/lysander/repos/bannou/Bannou.SDK/Bannou.SDK.csproj::TargetFramework=net9.0]
/home/lysander/repos/bannou/bannou-service/Generated/Models/DocumentationModels.cs(2290,16): warning CS1591: Missing XML comment for publicly visible type or member 'RestoreArchiveResponse.PreviousDocumentsDeleted' [/home/lysander/repos/bannou/Bannou.SDK/Bannou.SDK.csproj::TargetFramework=net9.0]
/home/lysander/repos/bannou/bannou-service/Generated/Models/DocumentationModels.cs(2295,68): warning CS1591: Missing XML comment for publicly visible type or member 'RestoreArchiveResponse.AdditionalProperties' [/home/lysander/repos/bannou/Bannou.SDK/Bannou.SDK.csproj::TargetFramework=net9.0]
/home/lysander/repos/bannou/bannou-service/Generated/Models/DocumentationModels.cs(2304,22): warning CS1591: Missing XML comment for publicly visible type or member 'DeleteArchiveRequest' [/home/lysander/repos/bannou/Bannou.SDK/Bannou.SDK.csproj::TargetFramework=net9.0]
/home/lysander/repos/bannou/bannou-service/Generated/Models/DocumentationModels.cs(2310,24): warning CS1591: Missing XML comment for publicly visible type or member 'DeleteArchiveRequest.ArchiveId' [/home/lysander/repos/bannou/Bannou.SDK/Bannou.SDK.csproj::TargetFramework=net9.0]
/home/lysander/repos/bannou/bannou-service/Generated/Models/DocumentationModels.cs(2315,68): warning CS1591: Missing XML comment for publicly visible type or member 'DeleteArchiveRequest.AdditionalProperties' [/home/lysander/repos/bannou/Bannou.SDK/Bannou.SDK.csproj::TargetFramework=net9.0]
/home/lysander/repos/bannou/bannou-service/Generated/Models/DocumentationModels.cs(2324,22): warning CS1591: Missing XML comment for publicly visible type or member 'DeleteArchiveResponse' [/home/lysander/repos/bannou/Bannou.SDK/Bannou.SDK.csproj::TargetFramework=net9.0]
/home/lysander/repos/bannou/bannou-service/Generated/Models/DocumentationModels.cs(2328,17): warning CS1591: Missing XML comment for publicly visible type or member 'DeleteArchiveResponse.Deleted' [/home/lysander/repos/bannou/Bannou.SDK/Bannou.SDK.csproj::TargetFramework=net9.0]
/home/lysander/repos/bannou/bannou-service/Generated/Models/DocumentationModels.cs(2333,68): warning CS1591: Missing XML comment for publicly visible type or member 'DeleteArchiveResponse.AdditionalProperties' [/home/lysander/repos/bannou/Bannou.SDK/Bannou.SDK.csproj::TargetFramework=net9.0]
/home/lysander/repos/bannou/bannou-service/Generated/Models/DocumentationModels.cs(2342,13): warning CS1591: Missing XML comment for publicly visible type or member 'GetDocumentResponseContentFormat' [/home/lysander/repos/bannou/Bannou.SDK/Bannou.SDK.csproj::TargetFramework=net9.0]
/home/lysander/repos/bannou/bannou-service/Generated/Models/DocumentationModels.cs(2346,5): warning CS1591: Missing XML comment for publicly visible type or member 'GetDocumentResponseContentFormat.Markdown' [/home/lysander/repos/bannou/Bannou.SDK/Bannou.SDK.csproj::TargetFramework=net9.0]
/home/lysander/repos/bannou/bannou-service/Generated/Models/DocumentationModels.cs(2349,5): warning CS1591: Missing XML comment for publicly visible type or member 'GetDocumentResponseContentFormat.Html' [/home/lysander/repos/bannou/Bannou.SDK/Bannou.SDK.csproj::TargetFramework=net9.0]
/home/lysander/repos/bannou/bannou-service/Generated/Models/DocumentationModels.cs(2352,5): warning CS1591: Missing XML comment for publicly visible type or member 'GetDocumentResponseContentFormat.None' [/home/lysander/repos/bannou/Bannou.SDK/Bannou.SDK.csproj::TargetFramework=net9.0]
/home/lysander/repos/bannou/bannou-service/Generated/Models/DocumentationModels.cs(2357,13): warning CS1591: Missing XML comment for publicly visible type or member 'SearchDocumentationRequestSortBy' [/home/lysander/repos/bannou/Bannou.SDK/Bannou.SDK.csproj::TargetFramework=net9.0]
/home/lysander/repos/bannou/bannou-service/Generated/Models/DocumentationModels.cs(2361,5): warning CS1591: Missing XML comment for publicly visible type or member 'SearchDocumentationRequestSortBy.Relevance' [/home/lysander/repos/bannou/Bannou.SDK/Bannou.SDK.csproj::TargetFramework=net9.0]
/home/lysander/repos/bannou/bannou-service/Generated/Models/DocumentationModels.cs(2364,5): warning CS1591: Missing XML comment for publicly visible type or member 'SearchDocumentationRequestSortBy.Recency' [/home/lysander/repos/bannou/Bannou.SDK/Bannou.SDK.csproj::TargetFramework=net9.0]
/home/lysander/repos/bannou/bannou-service/Generated/Models/DocumentationModels.cs(2367,5): warning CS1591: Missing XML comment for publicly visible type or member 'SearchDocumentationRequestSortBy.Alphabetical' [/home/lysander/repos/bannou/Bannou.SDK/Bannou.SDK.csproj::TargetFramework=net9.0]
/home/lysander/repos/bannou/bannou-service/Generated/Models/DocumentationModels.cs(2372,13): warning CS1591: Missing XML comment for publicly visible type or member 'ListDocumentsRequestTagsMatch' [/home/lysander/repos/bannou/Bannou.SDK/Bannou.SDK.csproj::TargetFramework=net9.0]
/home/lysander/repos/bannou/bannou-service/Generated/Models/DocumentationModels.cs(2376,5): warning CS1591: Missing XML comment for publicly visible type or member 'ListDocumentsRequestTagsMatch.All' [/home/lysander/repos/bannou/Bannou.SDK/Bannou.SDK.csproj::TargetFramework=net9.0]
/home/lysander/repos/bannou/bannou-service/Generated/Models/DocumentationModels.cs(2379,5): warning CS1591: Missing XML comment for publicly visible type or member 'ListDocumentsRequestTagsMatch.Any' [/home/lysander/repos/bannou/Bannou.SDK/Bannou.SDK.csproj::TargetFramework=net9.0]
/home/lysander/repos/bannou/bannou-service/Generated/Models/DocumentationModels.cs(2384,13): warning CS1591: Missing XML comment for publicly visible type or member 'ListDocumentsRequestSortOrder' [/home/lysander/repos/bannou/Bannou.SDK/Bannou.SDK.csproj::TargetFramework=net9.0]
/home/lysander/repos/bannou/bannou-service/Generated/Models/DocumentationModels.cs(2388,5): warning CS1591: Missing XML comment for publicly visible type or member 'ListDocumentsRequestSortOrder.Asc' [/home/lysander/repos/bannou/Bannou.SDK/Bannou.SDK.csproj::TargetFramework=net9.0]
/home/lysander/repos/bannou/bannou-service/Generated/Models/DocumentationModels.cs(2391,5): warning CS1591: Missing XML comment for publicly visible type or member 'ListDocumentsRequestSortOrder.Desc' [/home/lysander/repos/bannou/Bannou.SDK/Bannou.SDK.csproj::TargetFramework=net9.0]
/home/lysander/repos/bannou/bannou-service/Generated/Models/DocumentationModels.cs(2396,13): warning CS1591: Missing XML comment for publicly visible type or member 'ImportDocumentationRequestOnConflict' [/home/lysander/repos/bannou/Bannou.SDK/Bannou.SDK.csproj::TargetFramework=net9.0]
/home/lysander/repos/bannou/bannou-service/Generated/Models/DocumentationModels.cs(2400,5): warning CS1591: Missing XML comment for publicly visible type or member 'ImportDocumentationRequestOnConflict.Skip' [/home/lysander/repos/bannou/Bannou.SDK/Bannou.SDK.csproj::TargetFramework=net9.0]
/home/lysander/repos/bannou/bannou-service/Generated/Models/DocumentationModels.cs(2403,5): warning CS1591: Missing XML comment for publicly visible type or member 'ImportDocumentationRequestOnConflict.Update' [/home/lysander/repos/bannou/Bannou.SDK/Bannou.SDK.csproj::TargetFramework=net9.0]
/home/lysander/repos/bannou/bannou-service/Generated/Models/DocumentationModels.cs(2406,5): warning CS1591: Missing XML comment for publicly visible type or member 'ImportDocumentationRequestOnConflict.Fail' [/home/lysander/repos/bannou/Bannou.SDK/Bannou.SDK.csproj::TargetFramework=net9.0]
/home/lysander/repos/bannou/bannou-service/Generated/Clients/BehaviorClient.cs(19,26): warning CS1591: Missing XML comment for publicly visible type or member 'IBehaviorClient' [/home/lysander/repos/bannou/Bannou.SDK/Bannou.SDK.csproj::TargetFramework=net9.0]
/home/lysander/repos/bannou/bannou-service/Generated/Clients/BehaviorClient.cs(32,90): warning CS1573: Parameter 'body' has no matching param tag in the XML comment for 'IBehaviorClient.CompileAbmlBehaviorAsync(string, CancellationToken)' (but other parameters do) [/home/lysander/repos/bannou/Bannou.SDK/Bannou.SDK.csproj::TargetFramework=net9.0]
/home/lysander/repos/bannou/bannou-service/Generated/Clients/BehaviorClient.cs(44,105): warning CS1573: Parameter 'body' has no matching param tag in the XML comment for 'IBehaviorClient.CompileBehaviorStackAsync(BehaviorStackRequest, CancellationToken)' (but other parameters do) [/home/lysander/repos/bannou/Bannou.SDK/Bannou.SDK.csproj::TargetFramework=net9.0]
/home/lysander/repos/bannou/bannou-service/Generated/Clients/BehaviorClient.cs(56,80): warning CS1573: Parameter 'body' has no matching param tag in the XML comment for 'IBehaviorClient.ValidateAbmlAsync(string, CancellationToken)' (but other parameters do) [/home/lysander/repos/bannou/Bannou.SDK/Bannou.SDK.csproj::TargetFramework=net9.0]
/home/lysander/repos/bannou/bannou-service/Generated/Clients/BehaviorClient.cs(68,105): warning CS1573: Parameter 'body' has no matching param tag in the XML comment for 'IBehaviorClient.GetCachedBehaviorAsync(GetCachedBehaviorRequest, CancellationToken)' (but other parameters do) [/home/lysander/repos/bannou/Bannou.SDK/Bannou.SDK.csproj::TargetFramework=net9.0]
/home/lysander/repos/bannou/bannou-service/Generated/Clients/BehaviorClient.cs(80,86): warning CS1573: Parameter 'body' has no matching param tag in the XML comment for 'IBehaviorClient.InvalidateCachedBehaviorAsync(InvalidateCacheRequest, CancellationToken)' (but other parameters do) [/home/lysander/repos/bannou/Bannou.SDK/Bannou.SDK.csproj::TargetFramework=net9.0]
/home/lysander/repos/bannou/bannou-service/Generated/Clients/BehaviorClient.cs(92,108): warning CS1573: Parameter 'body' has no matching param tag in the XML comment for 'IBehaviorClient.ResolveContextVariablesAsync(ResolveContextRequest, CancellationToken)' (but other parameters do) [/home/lysander/repos/bannou/Bannou.SDK/Bannou.SDK.csproj::TargetFramework=net9.0]
/home/lysander/repos/bannou/bannou-service/Generated/Clients/BehaviorClient.cs(104,89): warning CS1573: Parameter 'body' has no matching param tag in the XML comment for 'IBehaviorClient.GenerateGoapPlanAsync(GoapPlanRequest, CancellationToken)' (but other parameters do) [/home/lysander/repos/bannou/Bannou.SDK/Bannou.SDK.csproj::TargetFramework=net9.0]
/home/lysander/repos/bannou/bannou-service/Generated/Clients/BehaviorClient.cs(116,105): warning CS1573: Parameter 'body' has no matching param tag in the XML comment for 'IBehaviorClient.ValidateGoapPlanAsync(ValidateGoapPlanRequest, CancellationToken)' (but other parameters do) [/home/lysander/repos/bannou/Bannou.SDK/Bannou.SDK.csproj::TargetFramework=net9.0]
/home/lysander/repos/bannou/bannou-service/Generated/Clients/BehaviorClient.cs(120,22): warning CS1591: Missing XML comment for publicly visible type or member 'BehaviorClient' [/home/lysander/repos/bannou/Bannou.SDK/Bannou.SDK.csproj::TargetFramework=net9.0]
/home/lysander/repos/bannou/bannou-service/Generated/Clients/BehaviorClient.cs(140,12): warning CS1591: Missing XML comment for publicly visible type or member 'BehaviorClient.BehaviorClient(IMeshInvocationClient, IServiceAppMappingResolver, ILogger<BehaviorClient>?)' [/home/lysander/repos/bannou/Bannou.SDK/Bannou.SDK.csproj::TargetFramework=net9.0]
/home/lysander/repos/bannou/bannou-service/Generated/Clients/BehaviorClient.cs(148,54): warning CS1591: Missing XML comment for publicly visible type or member 'BehaviorClient.JsonSerializerSettings' [/home/lysander/repos/bannou/Bannou.SDK/Bannou.SDK.csproj::TargetFramework=net9.0]
/home/lysander/repos/bannou/bannou-service/Generated/Clients/BehaviorClient.cs(252,111): warning CS1573: Parameter 'body' has no matching param tag in the XML comment for 'BehaviorClient.CompileAbmlBehaviorAsync(string, CancellationToken)' (but other parameters do) [/home/lysander/repos/bannou/Bannou.SDK/Bannou.SDK.csproj::TargetFramework=net9.0]
/home/lysander/repos/bannou/bannou-service/Generated/Clients/BehaviorClient.cs(365,126): warning CS1573: Parameter 'body' has no matching param tag in the XML comment for 'BehaviorClient.CompileBehaviorStackAsync(BehaviorStackRequest, CancellationToken)' (but other parameters do) [/home/lysander/repos/bannou/Bannou.SDK/Bannou.SDK.csproj::TargetFramework=net9.0]
/home/lysander/repos/bannou/bannou-service/Generated/Clients/BehaviorClient.cs(458,101): warning CS1573: Parameter 'body' has no matching param tag in the XML comment for 'BehaviorClient.ValidateAbmlAsync(string, CancellationToken)' (but other parameters do) [/home/lysander/repos/bannou/Bannou.SDK/Bannou.SDK.csproj::TargetFramework=net9.0]
/home/lysander/repos/bannou/bannou-service/Generated/Clients/BehaviorClient.cs(541,126): warning CS1573: Parameter 'body' has no matching param tag in the XML comment for 'BehaviorClient.GetCachedBehaviorAsync(GetCachedBehaviorRequest, CancellationToken)' (but other parameters do) [/home/lysander/repos/bannou/Bannou.SDK/Bannou.SDK.csproj::TargetFramework=net9.0]
/home/lysander/repos/bannou/bannou-service/Generated/Clients/BehaviorClient.cs(634,107): warning CS1573: Parameter 'body' has no matching param tag in the XML comment for 'BehaviorClient.InvalidateCachedBehaviorAsync(InvalidateCacheRequest, CancellationToken)' (but other parameters do) [/home/lysander/repos/bannou/Bannou.SDK/Bannou.SDK.csproj::TargetFramework=net9.0]
/home/lysander/repos/bannou/bannou-service/Generated/Clients/BehaviorClient.cs(717,129): warning CS1573: Parameter 'body' has no matching param tag in the XML comment for 'BehaviorClient.ResolveContextVariablesAsync(ResolveContextRequest, CancellationToken)' (but other parameters do) [/home/lysander/repos/bannou/Bannou.SDK/Bannou.SDK.csproj::TargetFramework=net9.0]
/home/lysander/repos/bannou/bannou-service/Generated/Clients/BehaviorClient.cs(800,110): warning CS1573: Parameter 'body' has no matching param tag in the XML comment for 'BehaviorClient.GenerateGoapPlanAsync(GoapPlanRequest, CancellationToken)' (but other parameters do) [/home/lysander/repos/bannou/Bannou.SDK/Bannou.SDK.csproj::TargetFramework=net9.0]
/home/lysander/repos/bannou/bannou-service/Generated/Clients/BehaviorClient.cs(893,126): warning CS1573: Parameter 'body' has no matching param tag in the XML comment for 'BehaviorClient.ValidateGoapPlanAsync(ValidateGoapPlanRequest, CancellationToken)' (but other parameters do) [/home/lysander/repos/bannou/Bannou.SDK/Bannou.SDK.csproj::TargetFramework=net9.0]
/home/lysander/repos/bannou/bannou-service/Generated/Clients/BehaviorClient.cs(976,22): warning CS1591: Missing XML comment for publicly visible type or member 'BehaviorClient.ObjectResponseResult<T>' [/home/lysander/repos/bannou/Bannou.SDK/Bannou.SDK.csproj::TargetFramework=net9.0]
/home/lysander/repos/bannou/bannou-service/Generated/Clients/BehaviorClient.cs(978,16): warning CS1591: Missing XML comment for publicly visible type or member 'BehaviorClient.ObjectResponseResult<T>.ObjectResponseResult(T, string)' [/home/lysander/repos/bannou/Bannou.SDK/Bannou.SDK.csproj::TargetFramework=net9.0]
/home/lysander/repos/bannou/bannou-service/Generated/Clients/BehaviorClient.cs(984,18): warning CS1591: Missing XML comment for publicly visible type or member 'BehaviorClient.ObjectResponseResult<T>.Object' [/home/lysander/repos/bannou/Bannou.SDK/Bannou.SDK.csproj::TargetFramework=net9.0]
/home/lysander/repos/bannou/bannou-service/Generated/Clients/BehaviorClient.cs(986,23): warning CS1591: Missing XML comment for publicly visible type or member 'BehaviorClient.ObjectResponseResult<T>.Text' [/home/lysander/repos/bannou/Bannou.SDK/Bannou.SDK.csproj::TargetFramework=net9.0]
/home/lysander/repos/bannou/bannou-service/Generated/Clients/BehaviorClient.cs(1009,17): warning CS1591: Missing XML comment for publicly visible type or member 'BehaviorClient.ReadResponseAsString' [/home/lysander/repos/bannou/Bannou.SDK/Bannou.SDK.csproj::TargetFramework=net9.0]
/home/lysander/repos/bannou/bannou-service/Generated/Clients/BehaviorClient.cs(1011,86): warning CS1591: Missing XML comment for publicly visible type or member 'BehaviorClient.ReadObjectResponseAsync<T>(HttpResponseMessage, IReadOnlyDictionary<string, IEnumerable<string>>, CancellationToken)' [/home/lysander/repos/bannou/Bannou.SDK/Bannou.SDK.csproj::TargetFramework=net9.0]
/home/lysander/repos/bannou/bannou-service/Generated/Models/BehaviorModels.cs(35,68): warning CS1591: Missing XML comment for publicly visible type or member 'GetCachedBehaviorRequest.AdditionalProperties' [/home/lysander/repos/bannou/Bannou.SDK/Bannou.SDK.csproj::TargetFramework=net9.0]
/home/lysander/repos/bannou/bannou-service/Generated/Models/BehaviorModels.cs(61,68): warning CS1591: Missing XML comment for publicly visible type or member 'InvalidateCacheRequest.AdditionalProperties' [/home/lysander/repos/bannou/Bannou.SDK/Bannou.SDK.csproj::TargetFramework=net9.0]
/home/lysander/repos/bannou/bannou-service/Generated/Models/BehaviorModels.cs(70,22): warning CS1591: Missing XML comment for publicly visible type or member 'CompileBehaviorRequest' [/home/lysander/repos/bannou/Bannou.SDK/Bannou.SDK.csproj::TargetFramework=net9.0]
/home/lysander/repos/bannou/bannou-service/Generated/Models/BehaviorModels.cs(109,29): warning CS1591: Missing XML comment for publicly visible type or member 'CompileBehaviorRequest.CharacterContext' [/home/lysander/repos/bannou/Bannou.SDK/Bannou.SDK.csproj::TargetFramework=net9.0]
/home/lysander/repos/bannou/bannou-service/Generated/Models/BehaviorModels.cs(112,31): warning CS1591: Missing XML comment for publicly visible type or member 'CompileBehaviorRequest.CompilationOptions' [/home/lysander/repos/bannou/Bannou.SDK/Bannou.SDK.csproj::TargetFramework=net9.0]
/home/lysander/repos/bannou/bannou-service/Generated/Models/BehaviorModels.cs(117,68): warning CS1591: Missing XML comment for publicly visible type or member 'CompileBehaviorRequest.AdditionalProperties' [/home/lysander/repos/bannou/Bannou.SDK/Bannou.SDK.csproj::TargetFramework=net9.0]
/home/lysander/repos/bannou/bannou-service/Generated/Models/BehaviorModels.cs(126,22): warning CS1591: Missing XML comment for publicly visible type or member 'BehaviorStackRequest' [/home/lysander/repos/bannou/Bannou.SDK/Bannou.SDK.csproj::TargetFramework=net9.0]
/home/lysander/repos/bannou/bannou-service/Generated/Models/BehaviorModels.cs(138,29): warning CS1591: Missing XML comment for publicly visible type or member 'BehaviorStackRequest.CharacterContext' [/home/lysander/repos/bannou/Bannou.SDK/Bannou.SDK.csproj::TargetFramework=net9.0]
/home/lysander/repos/bannou/bannou-service/Generated/Models/BehaviorModels.cs(141,31): warning CS1591: Missing XML comment for publicly visible type or member 'BehaviorStackRequest.CompilationOptions' [/home/lysander/repos/bannou/Bannou.SDK/Bannou.SDK.csproj::TargetFramework=net9.0]
/home/lysander/repos/bannou/bannou-service/Generated/Models/BehaviorModels.cs(146,68): warning CS1591: Missing XML comment for publicly visible type or member 'BehaviorStackRequest.AdditionalProperties' [/home/lysander/repos/bannou/Bannou.SDK/Bannou.SDK.csproj::TargetFramework=net9.0]
/home/lysander/repos/bannou/bannou-service/Generated/Models/BehaviorModels.cs(155,22): warning CS1591: Missing XML comment for publicly visible type or member 'ValidateAbmlRequest' [/home/lysander/repos/bannou/Bannou.SDK/Bannou.SDK.csproj::TargetFramework=net9.0]
/home/lysander/repos/bannou/bannou-service/Generated/Models/BehaviorModels.cs(175,68): warning CS1591: Missing XML comment for publicly visible type or member 'ValidateAbmlRequest.AdditionalProperties' [/home/lysander/repos/bannou/Bannou.SDK/Bannou.SDK.csproj::TargetFramework=net9.0]
/home/lysander/repos/bannou/bannou-service/Generated/Models/BehaviorModels.cs(184,22): warning CS1591: Missing XML comment for publicly visible type or member 'ResolveContextRequest' [/home/lysander/repos/bannou/Bannou.SDK/Bannou.SDK.csproj::TargetFramework=net9.0]
/home/lysander/repos/bannou/bannou-service/Generated/Models/BehaviorModels.cs(198,29): warning CS1591: Missing XML comment for publicly visible type or member 'ResolveContextRequest.CharacterContext' [/home/lysander/repos/bannou/Bannou.SDK/Bannou.SDK.csproj::TargetFramework=net9.0]
/home/lysander/repos/bannou/bannou-service/Generated/Models/BehaviorModels.cs(203,68): warning CS1591: Missing XML comment for publicly visible type or member 'ResolveContextRequest.AdditionalProperties' [/home/lysander/repos/bannou/Bannou.SDK/Bannou.SDK.csproj::TargetFramework=net9.0]
/home/lysander/repos/bannou/bannou-service/Generated/Models/BehaviorModels.cs(212,22): warning CS1591: Missing XML comment for publicly visible type or member 'CompileBehaviorResponse' [/home/lysander/repos/bannou/Bannou.SDK/Bannou.SDK.csproj::TargetFramework=net9.0]
/home/lysander/repos/bannou/bannou-service/Generated/Models/BehaviorModels.cs(236,29): warning CS1591: Missing XML comment for publicly visible type or member 'CompileBehaviorResponse.CompiledBehavior' [/home/lysander/repos/bannou/Bannou.SDK/Bannou.SDK.csproj::TargetFramework=net9.0]
/home/lysander/repos/bannou/bannou-service/Generated/Models/BehaviorModels.cs(271,68): warning CS1591: Missing XML comment for publicly visible type or member 'CompileBehaviorResponse.AdditionalProperties' [/home/lysander/repos/bannou/Bannou.SDK/Bannou.SDK.csproj::TargetFramework=net9.0]
/home/lysander/repos/bannou/bannou-service/Generated/Models/BehaviorModels.cs(280,22): warning CS1591: Missing XML comment for publicly visible type or member 'ValidateAbmlResponse' [/home/lysander/repos/bannou/Bannou.SDK/Bannou.SDK.csproj::TargetFramework=net9.0]
/home/lysander/repos/bannou/bannou-service/Generated/Models/BehaviorModels.cs(310,68): warning CS1591: Missing XML comment for publicly visible type or member 'ValidateAbmlResponse.AdditionalProperties' [/home/lysander/repos/bannou/Bannou.SDK/Bannou.SDK.csproj::TargetFramework=net9.0]
/home/lysander/repos/bannou/bannou-service/Generated/Models/BehaviorModels.cs(319,22): warning CS1591: Missing XML comment for publicly visible type or member 'CachedBehaviorResponse' [/home/lysander/repos/bannou/Bannou.SDK/Bannou.SDK.csproj::TargetFramework=net9.0]
/home/lysander/repos/bannou/bannou-service/Generated/Models/BehaviorModels.cs(333,29): warning CS1591: Missing XML comment for publicly visible type or member 'CachedBehaviorResponse.CompiledBehavior' [/home/lysander/repos/bannou/Bannou.SDK/Bannou.SDK.csproj::TargetFramework=net9.0]
/home/lysander/repos/bannou/bannou-service/Generated/Models/BehaviorModels.cs(350,68): warning CS1591: Missing XML comment for publicly visible type or member 'CachedBehaviorResponse.AdditionalProperties' [/home/lysander/repos/bannou/Bannou.SDK/Bannou.SDK.csproj::TargetFramework=net9.0]
/home/lysander/repos/bannou/bannou-service/Generated/Models/BehaviorModels.cs(359,22): warning CS1591: Missing XML comment for publicly visible type or member 'ResolveContextResponse' [/home/lysander/repos/bannou/Bannou.SDK/Bannou.SDK.csproj::TargetFramework=net9.0]
/home/lysander/repos/bannou/bannou-service/Generated/Models/BehaviorModels.cs(386,68): warning CS1591: Missing XML comment for publicly visible type or member 'ResolveContextResponse.AdditionalProperties' [/home/lysander/repos/bannou/Bannou.SDK/Bannou.SDK.csproj::TargetFramework=net9.0]
/home/lysander/repos/bannou/bannou-service/Generated/Models/BehaviorModels.cs(395,22): warning CS1591: Missing XML comment for publicly visible type or member 'BehaviorSetDefinition' [/home/lysander/repos/bannou/Bannou.SDK/Bannou.SDK.csproj::TargetFramework=net9.0]
/home/lysander/repos/bannou/bannou-service/Generated/Models/BehaviorModels.cs(437,68): warning CS1591: Missing XML comment for publicly visible type or member 'BehaviorSetDefinition.AdditionalProperties' [/home/lysander/repos/bannou/Bannou.SDK/Bannou.SDK.csproj::TargetFramework=net9.0]
/home/lysander/repos/bannou/bannou-service/Generated/Models/BehaviorModels.cs(446,22): warning CS1591: Missing XML comment for publicly visible type or member 'CharacterContext' [/home/lysander/repos/bannou/Bannou.SDK/Bannou.SDK.csproj::TargetFramework=net9.0]
/home/lysander/repos/bannou/bannou-service/Generated/Models/BehaviorModels.cs(480,21): warning CS1591: Missing XML comment for publicly visible type or member 'CharacterContext.Location' [/home/lysander/repos/bannou/Bannou.SDK/Bannou.SDK.csproj::TargetFramework=net9.0]
/home/lysander/repos/bannou/bannou-service/Generated/Models/BehaviorModels.cs(497,68): warning CS1591: Missing XML comment for publicly visible type or member 'CharacterContext.AdditionalProperties' [/home/lysander/repos/bannou/Bannou.SDK/Bannou.SDK.csproj::TargetFramework=net9.0]
/home/lysander/repos/bannou/bannou-service/Generated/Models/BehaviorModels.cs(533,68): warning CS1591: Missing XML comment for publicly visible type or member 'BehaviorTreeData.AdditionalProperties' [/home/lysander/repos/bannou/Bannou.SDK/Bannou.SDK.csproj::TargetFramework=net9.0]
/home/lysander/repos/bannou/bannou-service/Generated/Models/BehaviorModels.cs(551,68): warning CS1591: Missing XML comment for publicly visible type or member 'ContextSchemaData.AdditionalProperties' [/home/lysander/repos/bannou/Bannou.SDK/Bannou.SDK.csproj::TargetFramework=net9.0]
/home/lysander/repos/bannou/bannou-service/Generated/Models/BehaviorModels.cs(560,22): warning CS1591: Missing XML comment for publicly visible type or member 'CompiledBehavior' [/home/lysander/repos/bannou/Bannou.SDK/Bannou.SDK.csproj::TargetFramework=net9.0]
/home/lysander/repos/bannou/bannou-service/Generated/Models/BehaviorModels.cs(566,29): warning CS1591: Missing XML comment for publicly visible type or member 'CompiledBehavior.BehaviorTree' [/home/lysander/repos/bannou/Bannou.SDK/Bannou.SDK.csproj::TargetFramework=net9.0]
/home/lysander/repos/bannou/bannou-service/Generated/Models/BehaviorModels.cs(571,30): warning CS1591: Missing XML comment for publicly visible type or member 'CompiledBehavior.ContextSchema' [/home/lysander/repos/bannou/Bannou.SDK/Bannou.SDK.csproj::TargetFramework=net9.0]
/home/lysander/repos/bannou/bannou-service/Generated/Models/BehaviorModels.cs(586,30): warning CS1591: Missing XML comment for publicly visible type or member 'CompiledBehavior.ExecutionMetadata' [/home/lysander/repos/bannou/Bannou.SDK/Bannou.SDK.csproj::TargetFramework=net9.0]
/home/lysander/repos/bannou/bannou-service/Generated/Models/BehaviorModels.cs(591,68): warning CS1591: Missing XML comment for publicly visible type or member 'CompiledBehavior.AdditionalProperties' [/home/lysander/repos/bannou/Bannou.SDK/Bannou.SDK.csproj::TargetFramework=net9.0]
/home/lysander/repos/bannou/bannou-service/Generated/Models/BehaviorModels.cs(600,22): warning CS1591: Missing XML comment for publicly visible type or member 'GoapGoal' [/home/lysander/repos/bannou/Bannou.SDK/Bannou.SDK.csproj::TargetFramework=net9.0]
/home/lysander/repos/bannou/bannou-service/Generated/Models/BehaviorModels.cs(641,68): warning CS1591: Missing XML comment for publicly visible type or member 'GoapGoal.AdditionalProperties' [/home/lysander/repos/bannou/Bannou.SDK/Bannou.SDK.csproj::TargetFramework=net9.0]
/home/lysander/repos/bannou/bannou-service/Generated/Models/BehaviorModels.cs(650,22): warning CS1591: Missing XML comment for publicly visible type or member 'GoapPlanRequest' [/home/lysander/repos/bannou/Bannou.SDK/Bannou.SDK.csproj::TargetFramework=net9.0]
/home/lysander/repos/bannou/bannou-service/Generated/Models/BehaviorModels.cs(662,21): warning CS1591: Missing XML comment for publicly visible type or member 'GoapPlanRequest.Goal' [/home/lysander/repos/bannou/Bannou.SDK/Bannou.SDK.csproj::TargetFramework=net9.0]
/home/lysander/repos/bannou/bannou-service/Generated/Models/BehaviorModels.cs(681,32): warning CS1591: Missing XML comment for publicly visible type or member 'GoapPlanRequest.Options' [/home/lysander/repos/bannou/Bannou.SDK/Bannou.SDK.csproj::TargetFramework=net9.0]
/home/lysander/repos/bannou/bannou-service/Generated/Models/BehaviorModels.cs(686,68): warning CS1591: Missing XML comment for publicly visible type or member 'GoapPlanRequest.AdditionalProperties' [/home/lysander/repos/bannou/Bannou.SDK/Bannou.SDK.csproj::TargetFramework=net9.0]
/home/lysander/repos/bannou/bannou-service/Generated/Models/BehaviorModels.cs(695,22): warning CS1591: Missing XML comment for publicly visible type or member 'GoapPlanResponse' [/home/lysander/repos/bannou/Bannou.SDK/Bannou.SDK.csproj::TargetFramework=net9.0]
/home/lysander/repos/bannou/bannou-service/Generated/Models/BehaviorModels.cs(705,27): warning CS1591: Missing XML comment for publicly visible type or member 'GoapPlanResponse.Plan' [/home/lysander/repos/bannou/Bannou.SDK/Bannou.SDK.csproj::TargetFramework=net9.0]
/home/lysander/repos/bannou/bannou-service/Generated/Models/BehaviorModels.cs(728,68): warning CS1591: Missing XML comment for publicly visible type or member 'GoapPlanResponse.AdditionalProperties' [/home/lysander/repos/bannou/Bannou.SDK/Bannou.SDK.csproj::TargetFramework=net9.0]
/home/lysander/repos/bannou/bannou-service/Generated/Models/BehaviorModels.cs(737,22): warning CS1591: Missing XML comment for publicly visible type or member 'GoapPlanResult' [/home/lysander/repos/bannou/Bannou.SDK/Bannou.SDK.csproj::TargetFramework=net9.0]
/home/lysander/repos/bannou/bannou-service/Generated/Models/BehaviorModels.cs(765,68): warning CS1591: Missing XML comment for publicly visible type or member 'GoapPlanResult.AdditionalProperties' [/home/lysander/repos/bannou/Bannou.SDK/Bannou.SDK.csproj::TargetFramework=net9.0]
/home/lysander/repos/bannou/bannou-service/Generated/Models/BehaviorModels.cs(774,22): warning CS1591: Missing XML comment for publicly visible type or member 'PlannedActionResponse' [/home/lysander/repos/bannou/Bannou.SDK/Bannou.SDK.csproj::TargetFramework=net9.0]
/home/lysander/repos/bannou/bannou-service/Generated/Models/BehaviorModels.cs(800,68): warning CS1591: Missing XML comment for publicly visible type or member 'PlannedActionResponse.AdditionalProperties' [/home/lysander/repos/bannou/Bannou.SDK/Bannou.SDK.csproj::TargetFramework=net9.0]
/home/lysander/repos/bannou/bannou-service/Generated/Models/BehaviorModels.cs(809,22): warning CS1591: Missing XML comment for publicly visible type or member 'ValidateGoapPlanRequest' [/home/lysander/repos/bannou/Bannou.SDK/Bannou.SDK.csproj::TargetFramework=net9.0]
/home/lysander/repos/bannou/bannou-service/Generated/Models/BehaviorModels.cs(815,27): warning CS1591: Missing XML comment for publicly visible type or member 'ValidateGoapPlanRequest.Plan' [/home/lysander/repos/bannou/Bannou.SDK/Bannou.SDK.csproj::TargetFramework=net9.0]
/home/lysander/repos/bannou/bannou-service/Generated/Models/BehaviorModels.cs(840,68): warning CS1591: Missing XML comment for publicly visible type or member 'ValidateGoapPlanRequest.AdditionalProperties' [/home/lysander/repos/bannou/Bannou.SDK/Bannou.SDK.csproj::TargetFramework=net9.0]
/home/lysander/repos/bannou/bannou-service/Generated/Models/BehaviorModels.cs(849,22): warning CS1591: Missing XML comment for publicly visible type or member 'ValidateGoapPlanResponse' [/home/lysander/repos/bannou/Bannou.SDK/Bannou.SDK.csproj::TargetFramework=net9.0]
/home/lysander/repos/bannou/bannou-service/Generated/Models/BehaviorModels.cs(891,68): warning CS1591: Missing XML comment for publicly visible type or member 'ValidateGoapPlanResponse.AdditionalProperties' [/home/lysander/repos/bannou/Bannou.SDK/Bannou.SDK.csproj::TargetFramework=net9.0]
/home/lysander/repos/bannou/bannou-service/Generated/Models/BehaviorModels.cs(900,22): warning CS1591: Missing XML comment for publicly visible type or member 'GoapPlanningOptions' [/home/lysander/repos/bannou/Bannou.SDK/Bannou.SDK.csproj::TargetFramework=net9.0]
/home/lysander/repos/bannou/bannou-service/Generated/Models/BehaviorModels.cs(924,68): warning CS1591: Missing XML comment for publicly visible type or member 'GoapPlanningOptions.AdditionalProperties' [/home/lysander/repos/bannou/Bannou.SDK/Bannou.SDK.csproj::TargetFramework=net9.0]
/home/lysander/repos/bannou/bannou-service/Generated/Models/BehaviorModels.cs(933,22): warning CS1591: Missing XML comment for publicly visible type or member 'CompilationOptions' [/home/lysander/repos/bannou/Bannou.SDK/Bannou.SDK.csproj::TargetFramework=net9.0]
/home/lysander/repos/bannou/bannou-service/Generated/Models/BehaviorModels.cs(969,68): warning CS1591: Missing XML comment for publicly visible type or member 'CompilationOptions.AdditionalProperties' [/home/lysander/repos/bannou/Bannou.SDK/Bannou.SDK.csproj::TargetFramework=net9.0]
/home/lysander/repos/bannou/bannou-service/Generated/Models/BehaviorModels.cs(978,22): warning CS1591: Missing XML comment for publicly visible type or member 'ValidationError' [/home/lysander/repos/bannou/Bannou.SDK/Bannou.SDK.csproj::TargetFramework=net9.0]
/home/lysander/repos/bannou/bannou-service/Generated/Models/BehaviorModels.cs(1019,68): warning CS1591: Missing XML comment for publicly visible type or member 'ValidationError.AdditionalProperties' [/home/lysander/repos/bannou/Bannou.SDK/Bannou.SDK.csproj::TargetFramework=net9.0]
/home/lysander/repos/bannou/bannou-service/Generated/Models/BehaviorModels.cs(1028,22): warning CS1591: Missing XML comment for publicly visible type or member 'AbmlErrorResponse' [/home/lysander/repos/bannou/Bannou.SDK/Bannou.SDK.csproj::TargetFramework=net9.0]
/home/lysander/repos/bannou/bannou-service/Generated/Models/BehaviorModels.cs(1084,68): warning CS1591: Missing XML comment for publicly visible type or member 'AbmlErrorResponse.AdditionalProperties' [/home/lysander/repos/bannou/Bannou.SDK/Bannou.SDK.csproj::TargetFramework=net9.0]
/home/lysander/repos/bannou/bannou-service/Generated/Models/BehaviorModels.cs(1093,13): warning CS1591: Missing XML comment for publicly visible type or member 'CompileBehaviorRequestBehaviorCategory' [/home/lysander/repos/bannou/Bannou.SDK/Bannou.SDK.csproj::TargetFramework=net9.0]
/home/lysander/repos/bannou/bannou-service/Generated/Models/BehaviorModels.cs(1097,5): warning CS1591: Missing XML comment for publicly visible type or member 'CompileBehaviorRequestBehaviorCategory.Base' [/home/lysander/repos/bannou/Bannou.SDK/Bannou.SDK.csproj::TargetFramework=net9.0]
/home/lysander/repos/bannou/bannou-service/Generated/Models/BehaviorModels.cs(1100,5): warning CS1591: Missing XML comment for publicly visible type or member 'CompileBehaviorRequestBehaviorCategory.Cultural' [/home/lysander/repos/bannou/Bannou.SDK/Bannou.SDK.csproj::TargetFramework=net9.0]
/home/lysander/repos/bannou/bannou-service/Generated/Models/BehaviorModels.cs(1103,5): warning CS1591: Missing XML comment for publicly visible type or member 'CompileBehaviorRequestBehaviorCategory.Professional' [/home/lysander/repos/bannou/Bannou.SDK/Bannou.SDK.csproj::TargetFramework=net9.0]
/home/lysander/repos/bannou/bannou-service/Generated/Models/BehaviorModels.cs(1106,5): warning CS1591: Missing XML comment for publicly visible type or member 'CompileBehaviorRequestBehaviorCategory.Personal' [/home/lysander/repos/bannou/Bannou.SDK/Bannou.SDK.csproj::TargetFramework=net9.0]
/home/lysander/repos/bannou/bannou-service/Generated/Models/BehaviorModels.cs(1109,5): warning CS1591: Missing XML comment for publicly visible type or member 'CompileBehaviorRequestBehaviorCategory.Situational' [/home/lysander/repos/bannou/Bannou.SDK/Bannou.SDK.csproj::TargetFramework=net9.0]
/home/lysander/repos/bannou/bannou-service/Generated/Models/BehaviorModels.cs(1112,5): warning CS1591: Missing XML comment for publicly visible type or member 'CompileBehaviorRequestBehaviorCategory.Ambient' [/home/lysander/repos/bannou/Bannou.SDK/Bannou.SDK.csproj::TargetFramework=net9.0]
/home/lysander/repos/bannou/bannou-service/Generated/Models/BehaviorModels.cs(1117,13): warning CS1591: Missing XML comment for publicly visible type or member 'ResolveContextResponseResolvedType' [/home/lysander/repos/bannou/Bannou.SDK/Bannou.SDK.csproj::TargetFramework=net9.0]
/home/lysander/repos/bannou/bannou-service/Generated/Models/BehaviorModels.cs(1121,5): warning CS1591: Missing XML comment for publicly visible type or member 'ResolveContextResponseResolvedType.Boolean' [/home/lysander/repos/bannou/Bannou.SDK/Bannou.SDK.csproj::TargetFramework=net9.0]
/home/lysander/repos/bannou/bannou-service/Generated/Models/BehaviorModels.cs(1124,5): warning CS1591: Missing XML comment for publicly visible type or member 'ResolveContextResponseResolvedType.String' [/home/lysander/repos/bannou/Bannou.SDK/Bannou.SDK.csproj::TargetFramework=net9.0]
/home/lysander/repos/bannou/bannou-service/Generated/Models/BehaviorModels.cs(1127,5): warning CS1591: Missing XML comment for publicly visible type or member 'ResolveContextResponseResolvedType.Number' [/home/lysander/repos/bannou/Bannou.SDK/Bannou.SDK.csproj::TargetFramework=net9.0]
/home/lysander/repos/bannou/bannou-service/Generated/Models/BehaviorModels.cs(1130,5): warning CS1591: Missing XML comment for publicly visible type or member 'ResolveContextResponseResolvedType.Object' [/home/lysander/repos/bannou/Bannou.SDK/Bannou.SDK.csproj::TargetFramework=net9.0]
/home/lysander/repos/bannou/bannou-service/Generated/Models/BehaviorModels.cs(1133,5): warning CS1591: Missing XML comment for publicly visible type or member 'ResolveContextResponseResolvedType.Array' [/home/lysander/repos/bannou/Bannou.SDK/Bannou.SDK.csproj::TargetFramework=net9.0]
/home/lysander/repos/bannou/bannou-service/Generated/Models/BehaviorModels.cs(1138,13): warning CS1591: Missing XML comment for publicly visible type or member 'BehaviorSetDefinitionCategory' [/home/lysander/repos/bannou/Bannou.SDK/Bannou.SDK.csproj::TargetFramework=net9.0]
/home/lysander/repos/bannou/bannou-service/Generated/Models/BehaviorModels.cs(1142,5): warning CS1591: Missing XML comment for publicly visible type or member 'BehaviorSetDefinitionCategory.Base' [/home/lysander/repos/bannou/Bannou.SDK/Bannou.SDK.csproj::TargetFramework=net9.0]
/home/lysander/repos/bannou/bannou-service/Generated/Models/BehaviorModels.cs(1145,5): warning CS1591: Missing XML comment for publicly visible type or member 'BehaviorSetDefinitionCategory.Cultural' [/home/lysander/repos/bannou/Bannou.SDK/Bannou.SDK.csproj::TargetFramework=net9.0]
/home/lysander/repos/bannou/bannou-service/Generated/Models/BehaviorModels.cs(1148,5): warning CS1591: Missing XML comment for publicly visible type or member 'BehaviorSetDefinitionCategory.Professional' [/home/lysander/repos/bannou/Bannou.SDK/Bannou.SDK.csproj::TargetFramework=net9.0]
/home/lysander/repos/bannou/bannou-service/Generated/Models/BehaviorModels.cs(1151,5): warning CS1591: Missing XML comment for publicly visible type or member 'BehaviorSetDefinitionCategory.Personal' [/home/lysander/repos/bannou/Bannou.SDK/Bannou.SDK.csproj::TargetFramework=net9.0]
/home/lysander/repos/bannou/bannou-service/Generated/Models/BehaviorModels.cs(1154,5): warning CS1591: Missing XML comment for publicly visible type or member 'BehaviorSetDefinitionCategory.Situational' [/home/lysander/repos/bannou/Bannou.SDK/Bannou.SDK.csproj::TargetFramework=net9.0]
/home/lysander/repos/bannou/bannou-service/Generated/Models/BehaviorModels.cs(1159,22): warning CS1591: Missing XML comment for publicly visible type or member 'Location' [/home/lysander/repos/bannou/Bannou.SDK/Bannou.SDK.csproj::TargetFramework=net9.0]
/home/lysander/repos/bannou/bannou-service/Generated/Models/BehaviorModels.cs(1163,19): warning CS1591: Missing XML comment for publicly visible type or member 'Location.Current' [/home/lysander/repos/bannou/Bannou.SDK/Bannou.SDK.csproj::TargetFramework=net9.0]
/home/lysander/repos/bannou/bannou-service/Generated/Models/BehaviorModels.cs(1166,19): warning CS1591: Missing XML comment for publicly visible type or member 'Location.Region' [/home/lysander/repos/bannou/Bannou.SDK/Bannou.SDK.csproj::TargetFramework=net9.0]
/home/lysander/repos/bannou/bannou-service/Generated/Models/BehaviorModels.cs(1169,24): warning CS1591: Missing XML comment for publicly visible type or member 'Location.Coordinates' [/home/lysander/repos/bannou/Bannou.SDK/Bannou.SDK.csproj::TargetFramework=net9.0]
/home/lysander/repos/bannou/bannou-service/Generated/Models/BehaviorModels.cs(1174,68): warning CS1591: Missing XML comment for publicly visible type or member 'Location.AdditionalProperties' [/home/lysander/repos/bannou/Bannou.SDK/Bannou.SDK.csproj::TargetFramework=net9.0]
/home/lysander/repos/bannou/bannou-service/Generated/Models/BehaviorModels.cs(1183,22): warning CS1591: Missing XML comment for publicly visible type or member 'ExecutionMetadata' [/home/lysander/repos/bannou/Bannou.SDK/Bannou.SDK.csproj::TargetFramework=net9.0]
/home/lysander/repos/bannou/bannou-service/Generated/Models/BehaviorModels.cs(1193,67): warning CS1591: Missing XML comment for publicly visible type or member 'ExecutionMetadata.ResourceRequirements' [/home/lysander/repos/bannou/Bannou.SDK/Bannou.SDK.csproj::TargetFramework=net9.0]
/home/lysander/repos/bannou/bannou-service/Generated/Models/BehaviorModels.cs(1196,59): warning CS1591: Missing XML comment for publicly visible type or member 'ExecutionMetadata.InterruptConditions' [/home/lysander/repos/bannou/Bannou.SDK/Bannou.SDK.csproj::TargetFramework=net9.0]
/home/lysander/repos/bannou/bannou-service/Generated/Models/BehaviorModels.cs(1201,68): warning CS1591: Missing XML comment for publicly visible type or member 'ExecutionMetadata.AdditionalProperties' [/home/lysander/repos/bannou/Bannou.SDK/Bannou.SDK.csproj::TargetFramework=net9.0]
/home/lysander/repos/bannou/bannou-service/Generated/Models/BehaviorModels.cs(1210,13): warning CS1591: Missing XML comment for publicly visible type or member 'ValidateGoapPlanResponseReason' [/home/lysander/repos/bannou/Bannou.SDK/Bannou.SDK.csproj::TargetFramework=net9.0]
/home/lysander/repos/bannou/bannou-service/Generated/Models/BehaviorModels.cs(1214,5): warning CS1591: Missing XML comment for publicly visible type or member 'ValidateGoapPlanResponseReason.None' [/home/lysander/repos/bannou/Bannou.SDK/Bannou.SDK.csproj::TargetFramework=net9.0]
/home/lysander/repos/bannou/bannou-service/Generated/Models/BehaviorModels.cs(1217,5): warning CS1591: Missing XML comment for publicly visible type or member 'ValidateGoapPlanResponseReason.PreconditionInvalidated' [/home/lysander/repos/bannou/Bannou.SDK/Bannou.SDK.csproj::TargetFramework=net9.0]
/home/lysander/repos/bannou/bannou-service/Generated/Models/BehaviorModels.cs(1220,5): warning CS1591: Missing XML comment for publicly visible type or member 'ValidateGoapPlanResponseReason.ActionFailed' [/home/lysander/repos/bannou/Bannou.SDK/Bannou.SDK.csproj::TargetFramework=net9.0]
/home/lysander/repos/bannou/bannou-service/Generated/Models/BehaviorModels.cs(1223,5): warning CS1591: Missing XML comment for publicly visible type or member 'ValidateGoapPlanResponseReason.BetterGoalAvailable' [/home/lysander/repos/bannou/Bannou.SDK/Bannou.SDK.csproj::TargetFramework=net9.0]
/home/lysander/repos/bannou/bannou-service/Generated/Models/BehaviorModels.cs(1226,5): warning CS1591: Missing XML comment for publicly visible type or member 'ValidateGoapPlanResponseReason.PlanCompleted' [/home/lysander/repos/bannou/Bannou.SDK/Bannou.SDK.csproj::TargetFramework=net9.0]
/home/lysander/repos/bannou/bannou-service/Generated/Models/BehaviorModels.cs(1229,5): warning CS1591: Missing XML comment for publicly visible type or member 'ValidateGoapPlanResponseReason.GoalAlreadySatisfied' [/home/lysander/repos/bannou/Bannou.SDK/Bannou.SDK.csproj::TargetFramework=net9.0]
/home/lysander/repos/bannou/bannou-service/Generated/Models/BehaviorModels.cs(1232,5): warning CS1591: Missing XML comment for publicly visible type or member 'ValidateGoapPlanResponseReason.SuboptimalPlan' [/home/lysander/repos/bannou/Bannou.SDK/Bannou.SDK.csproj::TargetFramework=net9.0]
/home/lysander/repos/bannou/bannou-service/Generated/Models/BehaviorModels.cs(1237,13): warning CS1591: Missing XML comment for publicly visible type or member 'ValidateGoapPlanResponseSuggestedAction' [/home/lysander/repos/bannou/Bannou.SDK/Bannou.SDK.csproj::TargetFramework=net9.0]
/home/lysander/repos/bannou/bannou-service/Generated/Models/BehaviorModels.cs(1241,5): warning CS1591: Missing XML comment for publicly visible type or member 'ValidateGoapPlanResponseSuggestedAction.Continue' [/home/lysander/repos/bannou/Bannou.SDK/Bannou.SDK.csproj::TargetFramework=net9.0]
/home/lysander/repos/bannou/bannou-service/Generated/Models/BehaviorModels.cs(1244,5): warning CS1591: Missing XML comment for publicly visible type or member 'ValidateGoapPlanResponseSuggestedAction.Replan' [/home/lysander/repos/bannou/Bannou.SDK/Bannou.SDK.csproj::TargetFramework=net9.0]
/home/lysander/repos/bannou/bannou-service/Generated/Models/BehaviorModels.cs(1247,5): warning CS1591: Missing XML comment for publicly visible type or member 'ValidateGoapPlanResponseSuggestedAction.Abort' [/home/lysander/repos/bannou/Bannou.SDK/Bannou.SDK.csproj::TargetFramework=net9.0]
/home/lysander/repos/bannou/bannou-service/Generated/Models/BehaviorModels.cs(1252,13): warning CS1591: Missing XML comment for publicly visible type or member 'ValidationErrorType' [/home/lysander/repos/bannou/Bannou.SDK/Bannou.SDK.csproj::TargetFramework=net9.0]
/home/lysander/repos/bannou/bannou-service/Generated/Models/BehaviorModels.cs(1256,5): warning CS1591: Missing XML comment for publicly visible type or member 'ValidationErrorType.Syntax' [/home/lysander/repos/bannou/Bannou.SDK/Bannou.SDK.csproj::TargetFramework=net9.0]
/home/lysander/repos/bannou/bannou-service/Generated/Models/BehaviorModels.cs(1259,5): warning CS1591: Missing XML comment for publicly visible type or member 'ValidationErrorType.Semantic' [/home/lysander/repos/bannou/Bannou.SDK/Bannou.SDK.csproj::TargetFramework=net9.0]
/home/lysander/repos/bannou/bannou-service/Generated/Models/BehaviorModels.cs(1262,5): warning CS1591: Missing XML comment for publicly visible type or member 'ValidationErrorType.Schema' [/home/lysander/repos/bannou/Bannou.SDK/Bannou.SDK.csproj::TargetFramework=net9.0]
/home/lysander/repos/bannou/bannou-service/Generated/Models/BehaviorModels.cs(1265,5): warning CS1591: Missing XML comment for publicly visible type or member 'ValidationErrorType.Context' [/home/lysander/repos/bannou/Bannou.SDK/Bannou.SDK.csproj::TargetFramework=net9.0]
/home/lysander/repos/bannou/bannou-service/Generated/Models/BehaviorModels.cs(1268,5): warning CS1591: Missing XML comment for publicly visible type or member 'ValidationErrorType.Service_dependency' [/home/lysander/repos/bannou/Bannou.SDK/Bannou.SDK.csproj::TargetFramework=net9.0]
/home/lysander/repos/bannou/bannou-service/Generated/Models/BehaviorModels.cs(1273,22): warning CS1591: Missing XML comment for publicly visible type or member 'Coordinates' [/home/lysander/repos/bannou/Bannou.SDK/Bannou.SDK.csproj::TargetFramework=net9.0]
/home/lysander/repos/bannou/bannou-service/Generated/Models/BehaviorModels.cs(1277,19): warning CS1591: Missing XML comment for publicly visible type or member 'Coordinates.X' [/home/lysander/repos/bannou/Bannou.SDK/Bannou.SDK.csproj::TargetFramework=net9.0]
/home/lysander/repos/bannou/bannou-service/Generated/Models/BehaviorModels.cs(1280,19): warning CS1591: Missing XML comment for publicly visible type or member 'Coordinates.Y' [/home/lysander/repos/bannou/Bannou.SDK/Bannou.SDK.csproj::TargetFramework=net9.0]
/home/lysander/repos/bannou/bannou-service/Generated/Models/BehaviorModels.cs(1283,19): warning CS1591: Missing XML comment for publicly visible type or member 'Coordinates.Z' [/home/lysander/repos/bannou/Bannou.SDK/Bannou.SDK.csproj::TargetFramework=net9.0]
/home/lysander/repos/bannou/bannou-service/Generated/Models/BehaviorModels.cs(1288,68): warning CS1591: Missing XML comment for publicly visible type or member 'Coordinates.AdditionalProperties' [/home/lysander/repos/bannou/Bannou.SDK/Bannou.SDK.csproj::TargetFramework=net9.0]
/home/lysander/repos/bannou/bannou-service/Generated/Clients/WebsiteClient.cs(19,26): warning CS1591: Missing XML comment for publicly visible type or member 'IWebsiteClient' [/home/lysander/repos/bannou/Bannou.SDK/Bannou.SDK.csproj::TargetFramework=net9.0]
/home/lysander/repos/bannou/bannou-service/Generated/Clients/WebsiteClient.cs(72,84): warning CS1573: Parameter 'body' has no matching param tag in the XML comment for 'IWebsiteClient.SubmitContactAsync(ContactRequest, CancellationToken)' (but other parameters do) [/home/lysander/repos/bannou/Bannou.SDK/Bannou.SDK.csproj::TargetFramework=net9.0]
/home/lysander/repos/bannou/bannou-service/Generated/Clients/WebsiteClient.cs(96,108): warning CS1573: Parameter 'includeUnpublished' has no matching param tag in the XML comment for 'IWebsiteClient.ListPagesAsync(bool?, CancellationToken)' (but other parameters do) [/home/lysander/repos/bannou/Bannou.SDK/Bannou.SDK.csproj::TargetFramework=net9.0]
/home/lysander/repos/bannou/bannou-service/Generated/Clients/WebsiteClient.cs(104,74): warning CS1573: Parameter 'body' has no matching param tag in the XML comment for 'IWebsiteClient.CreatePageAsync(PageContent, CancellationToken)' (but other parameters do) [/home/lysander/repos/bannou/Bannou.SDK/Bannou.SDK.csproj::TargetFramework=net9.0]
/home/lysander/repos/bannou/bannou-service/Generated/Clients/WebsiteClient.cs(112,69): warning CS1573: Parameter 'slug' has no matching param tag in the XML comment for 'IWebsiteClient.UpdatePageAsync(string, PageContent, CancellationToken)' (but other parameters do) [/home/lysander/repos/bannou/Bannou.SDK/Bannou.SDK.csproj::TargetFramework=net9.0]
/home/lysander/repos/bannou/bannou-service/Generated/Clients/WebsiteClient.cs(112,87): warning CS1573: Parameter 'body' has no matching param tag in the XML comment for 'IWebsiteClient.UpdatePageAsync(string, PageContent, CancellationToken)' (but other parameters do) [/home/lysander/repos/bannou/Bannou.SDK/Bannou.SDK.csproj::TargetFramework=net9.0]
/home/lysander/repos/bannou/bannou-service/Generated/Clients/WebsiteClient.cs(120,56): warning CS1573: Parameter 'slug' has no matching param tag in the XML comment for 'IWebsiteClient.DeletePageAsync(string, CancellationToken)' (but other parameters do) [/home/lysander/repos/bannou/Bannou.SDK/Bannou.SDK.csproj::TargetFramework=net9.0]
/home/lysander/repos/bannou/bannou-service/Generated/Clients/WebsiteClient.cs(136,84): warning CS1573: Parameter 'body' has no matching param tag in the XML comment for 'IWebsiteClient.UpdateSiteSettingsAsync(SiteSettings, CancellationToken)' (but other parameters do) [/home/lysander/repos/bannou/Bannou.SDK/Bannou.SDK.csproj::TargetFramework=net9.0]
/home/lysander/repos/bannou/bannou-service/Generated/Clients/WebsiteClient.cs(152,62): warning CS1573: Parameter 'body' has no matching param tag in the XML comment for 'IWebsiteClient.UpdateThemeAsync(ThemeConfig, CancellationToken)' (but other parameters do) [/home/lysander/repos/bannou/Bannou.SDK/Bannou.SDK.csproj::TargetFramework=net9.0]
/home/lysander/repos/bannou/bannou-service/Generated/Clients/WebsiteClient.cs(164,22): warning CS1591: Missing XML comment for publicly visible type or member 'WebsiteClient' [/home/lysander/repos/bannou/Bannou.SDK/Bannou.SDK.csproj::TargetFramework=net9.0]
/home/lysander/repos/bannou/bannou-service/Generated/Clients/WebsiteClient.cs(184,12): warning CS1591: Missing XML comment for publicly visible type or member 'WebsiteClient.WebsiteClient(IMeshInvocationClient, IServiceAppMappingResolver, ILogger<WebsiteClient>?)' [/home/lysander/repos/bannou/Bannou.SDK/Bannou.SDK.csproj::TargetFramework=net9.0]
/home/lysander/repos/bannou/bannou-service/Generated/Clients/WebsiteClient.cs(192,54): warning CS1591: Missing XML comment for publicly visible type or member 'WebsiteClient.JsonSerializerSettings' [/home/lysander/repos/bannou/Bannou.SDK/Bannou.SDK.csproj::TargetFramework=net9.0]
/home/lysander/repos/bannou/bannou-service/Generated/Clients/WebsiteClient.cs(686,105): warning CS1573: Parameter 'body' has no matching param tag in the XML comment for 'WebsiteClient.SubmitContactAsync(ContactRequest, CancellationToken)' (but other parameters do) [/home/lysander/repos/bannou/Bannou.SDK/Bannou.SDK.csproj::TargetFramework=net9.0]
/home/lysander/repos/bannou/bannou-service/Generated/Clients/WebsiteClient.cs(949,129): warning CS1573: Parameter 'includeUnpublished' has no matching param tag in the XML comment for 'WebsiteClient.ListPagesAsync(bool?, CancellationToken)' (but other parameters do) [/home/lysander/repos/bannou/Bannou.SDK/Bannou.SDK.csproj::TargetFramework=net9.0]
/home/lysander/repos/bannou/bannou-service/Generated/Clients/WebsiteClient.cs(1027,95): warning CS1573: Parameter 'body' has no matching param tag in the XML comment for 'WebsiteClient.CreatePageAsync(PageContent, CancellationToken)' (but other parameters do) [/home/lysander/repos/bannou/Bannou.SDK/Bannou.SDK.csproj::TargetFramework=net9.0]
/home/lysander/repos/bannou/bannou-service/Generated/Clients/WebsiteClient.cs(1106,90): warning CS1573: Parameter 'slug' has no matching param tag in the XML comment for 'WebsiteClient.UpdatePageAsync(string, PageContent, CancellationToken)' (but other parameters do) [/home/lysander/repos/bannou/Bannou.SDK/Bannou.SDK.csproj::TargetFramework=net9.0]
/home/lysander/repos/bannou/bannou-service/Generated/Clients/WebsiteClient.cs(1106,108): warning CS1573: Parameter 'body' has no matching param tag in the XML comment for 'WebsiteClient.UpdatePageAsync(string, PageContent, CancellationToken)' (but other parameters do) [/home/lysander/repos/bannou/Bannou.SDK/Bannou.SDK.csproj::TargetFramework=net9.0]
/home/lysander/repos/bannou/bannou-service/Generated/Clients/WebsiteClient.cs(1189,77): warning CS1573: Parameter 'slug' has no matching param tag in the XML comment for 'WebsiteClient.DeletePageAsync(string, CancellationToken)' (but other parameters do) [/home/lysander/repos/bannou/Bannou.SDK/Bannou.SDK.csproj::TargetFramework=net9.0]
/home/lysander/repos/bannou/bannou-service/Generated/Clients/WebsiteClient.cs(1331,105): warning CS1573: Parameter 'body' has no matching param tag in the XML comment for 'WebsiteClient.UpdateSiteSettingsAsync(SiteSettings, CancellationToken)' (but other parameters do) [/home/lysander/repos/bannou/Bannou.SDK/Bannou.SDK.csproj::TargetFramework=net9.0]
/home/lysander/repos/bannou/bannou-service/Generated/Clients/WebsiteClient.cs(1482,83): warning CS1573: Parameter 'body' has no matching param tag in the XML comment for 'WebsiteClient.UpdateThemeAsync(ThemeConfig, CancellationToken)' (but other parameters do) [/home/lysander/repos/bannou/Bannou.SDK/Bannou.SDK.csproj::TargetFramework=net9.0]
/home/lysander/repos/bannou/bannou-service/Generated/Clients/WebsiteClient.cs(1631,22): warning CS1591: Missing XML comment for publicly visible type or member 'WebsiteClient.ObjectResponseResult<T>' [/home/lysander/repos/bannou/Bannou.SDK/Bannou.SDK.csproj::TargetFramework=net9.0]
/home/lysander/repos/bannou/bannou-service/Generated/Clients/WebsiteClient.cs(1633,16): warning CS1591: Missing XML comment for publicly visible type or member 'WebsiteClient.ObjectResponseResult<T>.ObjectResponseResult(T, string)' [/home/lysander/repos/bannou/Bannou.SDK/Bannou.SDK.csproj::TargetFramework=net9.0]
/home/lysander/repos/bannou/bannou-service/Generated/Clients/WebsiteClient.cs(1639,18): warning CS1591: Missing XML comment for publicly visible type or member 'WebsiteClient.ObjectResponseResult<T>.Object' [/home/lysander/repos/bannou/Bannou.SDK/Bannou.SDK.csproj::TargetFramework=net9.0]
/home/lysander/repos/bannou/bannou-service/Generated/Clients/WebsiteClient.cs(1641,23): warning CS1591: Missing XML comment for publicly visible type or member 'WebsiteClient.ObjectResponseResult<T>.Text' [/home/lysander/repos/bannou/Bannou.SDK/Bannou.SDK.csproj::TargetFramework=net9.0]
/home/lysander/repos/bannou/bannou-service/Generated/Clients/WebsiteClient.cs(1664,17): warning CS1591: Missing XML comment for publicly visible type or member 'WebsiteClient.ReadResponseAsString' [/home/lysander/repos/bannou/Bannou.SDK/Bannou.SDK.csproj::TargetFramework=net9.0]
/home/lysander/repos/bannou/bannou-service/Generated/Clients/WebsiteClient.cs(1666,86): warning CS1591: Missing XML comment for publicly visible type or member 'WebsiteClient.ReadObjectResponseAsync<T>(HttpResponseMessage, IReadOnlyDictionary<string, IEnumerable<string>>, CancellationToken)' [/home/lysander/repos/bannou/Bannou.SDK/Bannou.SDK.csproj::TargetFramework=net9.0]
/home/lysander/repos/bannou/bannou-service/Generated/Models/WebsiteModels.cs(18,22): warning CS1591: Missing XML comment for publicly visible type or member 'StatusResponse' [/home/lysander/repos/bannou/Bannou.SDK/Bannou.SDK.csproj::TargetFramework=net9.0]
/home/lysander/repos/bannou/bannou-service/Generated/Models/WebsiteModels.cs(25,33): warning CS1591: Missing XML comment for publicly visible type or member 'StatusResponse.Status' [/home/lysander/repos/bannou/Bannou.SDK/Bannou.SDK.csproj::TargetFramework=net9.0]
/home/lysander/repos/bannou/bannou-service/Generated/Models/WebsiteModels.cs(30,19): warning CS1591: Missing XML comment for publicly visible type or member 'StatusResponse.Version' [/home/lysander/repos/bannou/Bannou.SDK/Bannou.SDK.csproj::TargetFramework=net9.0]
/home/lysander/repos/bannou/bannou-service/Generated/Models/WebsiteModels.cs(39,20): warning CS1591: Missing XML comment for publicly visible type or member 'StatusResponse.MaintenanceMessage' [/home/lysander/repos/bannou/Bannou.SDK/Bannou.SDK.csproj::TargetFramework=net9.0]
/home/lysander/repos/bannou/bannou-service/Generated/Models/WebsiteModels.cs(44,68): warning CS1591: Missing XML comment for publicly visible type or member 'StatusResponse.AdditionalProperties' [/home/lysander/repos/bannou/Bannou.SDK/Bannou.SDK.csproj::TargetFramework=net9.0]
/home/lysander/repos/bannou/bannou-service/Generated/Models/WebsiteModels.cs(53,22): warning CS1591: Missing XML comment for publicly visible type or member 'PageContent' [/home/lysander/repos/bannou/Bannou.SDK/Bannou.SDK.csproj::TargetFramework=net9.0]
/home/lysander/repos/bannou/bannou-service/Generated/Models/WebsiteModels.cs(60,19): warning CS1591: Missing XML comment for publicly visible type or member 'PageContent.Slug' [/home/lysander/repos/bannou/Bannou.SDK/Bannou.SDK.csproj::TargetFramework=net9.0]
/home/lysander/repos/bannou/bannou-service/Generated/Models/WebsiteModels.cs(65,19): warning CS1591: Missing XML comment for publicly visible type or member 'PageContent.Title' [/home/lysander/repos/bannou/Bannou.SDK/Bannou.SDK.csproj::TargetFramework=net9.0]
/home/lysander/repos/bannou/bannou-service/Generated/Models/WebsiteModels.cs(79,35): warning CS1591: Missing XML comment for publicly visible type or member 'PageContent.ContentType' [/home/lysander/repos/bannou/Bannou.SDK/Bannou.SDK.csproj::TargetFramework=net9.0]
/home/lysander/repos/bannou/bannou-service/Generated/Models/WebsiteModels.cs(88,17): warning CS1591: Missing XML comment for publicly visible type or member 'PageContent.Published' [/home/lysander/repos/bannou/Bannou.SDK/Bannou.SDK.csproj::TargetFramework=net9.0]
/home/lysander/repos/bannou/bannou-service/Generated/Models/WebsiteModels.cs(91,35): warning CS1591: Missing XML comment for publicly visible type or member 'PageContent.PublishedAt' [/home/lysander/repos/bannou/Bannou.SDK/Bannou.SDK.csproj::TargetFramework=net9.0]
/home/lysander/repos/bannou/bannou-service/Generated/Models/WebsiteModels.cs(94,34): warning CS1591: Missing XML comment for publicly visible type or member 'PageContent.LastModified' [/home/lysander/repos/bannou/Bannou.SDK/Bannou.SDK.csproj::TargetFramework=net9.0]
/home/lysander/repos/bannou/bannou-service/Generated/Models/WebsiteModels.cs(97,20): warning CS1591: Missing XML comment for publicly visible type or member 'PageContent.Author' [/home/lysander/repos/bannou/Bannou.SDK/Bannou.SDK.csproj::TargetFramework=net9.0]
/home/lysander/repos/bannou/bannou-service/Generated/Models/WebsiteModels.cs(106,24): warning CS1591: Missing XML comment for publicly visible type or member 'PageContent.Seo' [/home/lysander/repos/bannou/Bannou.SDK/Bannou.SDK.csproj::TargetFramework=net9.0]
/home/lysander/repos/bannou/bannou-service/Generated/Models/WebsiteModels.cs(111,68): warning CS1591: Missing XML comment for publicly visible type or member 'PageContent.AdditionalProperties' [/home/lysander/repos/bannou/Bannou.SDK/Bannou.SDK.csproj::TargetFramework=net9.0]
/home/lysander/repos/bannou/bannou-service/Generated/Models/WebsiteModels.cs(120,22): warning CS1591: Missing XML comment for publicly visible type or member 'PageMetadata' [/home/lysander/repos/bannou/Bannou.SDK/Bannou.SDK.csproj::TargetFramework=net9.0]
/home/lysander/repos/bannou/bannou-service/Generated/Models/WebsiteModels.cs(126,19): warning CS1591: Missing XML comment for publicly visible type or member 'PageMetadata.Slug' [/home/lysander/repos/bannou/Bannou.SDK/Bannou.SDK.csproj::TargetFramework=net9.0]
/home/lysander/repos/bannou/bannou-service/Generated/Models/WebsiteModels.cs(131,19): warning CS1591: Missing XML comment for publicly visible type or member 'PageMetadata.Title' [/home/lysander/repos/bannou/Bannou.SDK/Bannou.SDK.csproj::TargetFramework=net9.0]
/home/lysander/repos/bannou/bannou-service/Generated/Models/WebsiteModels.cs(134,17): warning CS1591: Missing XML comment for publicly visible type or member 'PageMetadata.Published' [/home/lysander/repos/bannou/Bannou.SDK/Bannou.SDK.csproj::TargetFramework=net9.0]
/home/lysander/repos/bannou/bannou-service/Generated/Models/WebsiteModels.cs(137,35): warning CS1591: Missing XML comment for publicly visible type or member 'PageMetadata.PublishedAt' [/home/lysander/repos/bannou/Bannou.SDK/Bannou.SDK.csproj::TargetFramework=net9.0]
/home/lysander/repos/bannou/bannou-service/Generated/Models/WebsiteModels.cs(140,34): warning CS1591: Missing XML comment for publicly visible type or member 'PageMetadata.LastModified' [/home/lysander/repos/bannou/Bannou.SDK/Bannou.SDK.csproj::TargetFramework=net9.0]
/home/lysander/repos/bannou/bannou-service/Generated/Models/WebsiteModels.cs(143,20): warning CS1591: Missing XML comment for publicly visible type or member 'PageMetadata.Author' [/home/lysander/repos/bannou/Bannou.SDK/Bannou.SDK.csproj::TargetFramework=net9.0]
/home/lysander/repos/bannou/bannou-service/Generated/Models/WebsiteModels.cs(148,68): warning CS1591: Missing XML comment for publicly visible type or member 'PageMetadata.AdditionalProperties' [/home/lysander/repos/bannou/Bannou.SDK/Bannou.SDK.csproj::TargetFramework=net9.0]
/home/lysander/repos/bannou/bannou-service/Generated/Models/WebsiteModels.cs(157,22): warning CS1591: Missing XML comment for publicly visible type or member 'SEOMetadata' [/home/lysander/repos/bannou/Bannou.SDK/Bannou.SDK.csproj::TargetFramework=net9.0]
/home/lysander/repos/bannou/bannou-service/Generated/Models/WebsiteModels.cs(161,20): warning CS1591: Missing XML comment for publicly visible type or member 'SEOMetadata.Description' [/home/lysander/repos/bannou/Bannou.SDK/Bannou.SDK.csproj::TargetFramework=net9.0]
/home/lysander/repos/bannou/bannou-service/Generated/Models/WebsiteModels.cs(164,59): warning CS1591: Missing XML comment for publicly visible type or member 'SEOMetadata.Keywords' [/home/lysander/repos/bannou/Bannou.SDK/Bannou.SDK.csproj::TargetFramework=net9.0]
/home/lysander/repos/bannou/bannou-service/Generated/Models/WebsiteModels.cs(167,20): warning CS1591: Missing XML comment for publicly visible type or member 'SEOMetadata.OgTitle' [/home/lysander/repos/bannou/Bannou.SDK/Bannou.SDK.csproj::TargetFramework=net9.0]
/home/lysander/repos/bannou/bannou-service/Generated/Models/WebsiteModels.cs(170,20): warning CS1591: Missing XML comment for publicly visible type or member 'SEOMetadata.OgDescription' [/home/lysander/repos/bannou/Bannou.SDK/Bannou.SDK.csproj::TargetFramework=net9.0]
/home/lysander/repos/bannou/bannou-service/Generated/Models/WebsiteModels.cs(173,24): warning CS1591: Missing XML comment for publicly visible type or member 'SEOMetadata.OgImage' [/home/lysander/repos/bannou/Bannou.SDK/Bannou.SDK.csproj::TargetFramework=net9.0]
/home/lysander/repos/bannou/bannou-service/Generated/Models/WebsiteModels.cs(178,68): warning CS1591: Missing XML comment for publicly visible type or member 'SEOMetadata.AdditionalProperties' [/home/lysander/repos/bannou/Bannou.SDK/Bannou.SDK.csproj::TargetFramework=net9.0]
/home/lysander/repos/bannou/bannou-service/Generated/Models/WebsiteModels.cs(187,22): warning CS1591: Missing XML comment for publicly visible type or member 'SiteSettings' [/home/lysander/repos/bannou/Bannou.SDK/Bannou.SDK.csproj::TargetFramework=net9.0]
/home/lysander/repos/bannou/bannou-service/Generated/Models/WebsiteModels.cs(193,19): warning CS1591: Missing XML comment for publicly visible type or member 'SiteSettings.SiteName' [/home/lysander/repos/bannou/Bannou.SDK/Bannou.SDK.csproj::TargetFramework=net9.0]
/home/lysander/repos/bannou/bannou-service/Generated/Models/WebsiteModels.cs(198,23): warning CS1591: Missing XML comment for publicly visible type or member 'SiteSettings.SiteUrl' [/home/lysander/repos/bannou/Bannou.SDK/Bannou.SDK.csproj::TargetFramework=net9.0]
/home/lysander/repos/bannou/bannou-service/Generated/Models/WebsiteModels.cs(201,20): warning CS1591: Missing XML comment for publicly visible type or member 'SiteSettings.Tagline' [/home/lysander/repos/bannou/Bannou.SDK/Bannou.SDK.csproj::TargetFramework=net9.0]
/home/lysander/repos/bannou/bannou-service/Generated/Models/WebsiteModels.cs(206,19): warning CS1591: Missing XML comment for publicly visible type or member 'SiteSettings.DefaultLanguage' [/home/lysander/repos/bannou/Bannou.SDK/Bannou.SDK.csproj::TargetFramework=net9.0]
/home/lysander/repos/bannou/bannou-service/Generated/Models/WebsiteModels.cs(209,59): warning CS1591: Missing XML comment for publicly visible type or member 'SiteSettings.SupportedLanguages' [/home/lysander/repos/bannou/Bannou.SDK/Bannou.SDK.csproj::TargetFramework=net9.0]
/home/lysander/repos/bannou/bannou-service/Generated/Models/WebsiteModels.cs(212,17): warning CS1591: Missing XML comment for publicly visible type or member 'SiteSettings.MaintenanceMode' [/home/lysander/repos/bannou/Bannou.SDK/Bannou.SDK.csproj::TargetFramework=net9.0]
/home/lysander/repos/bannou/bannou-service/Generated/Models/WebsiteModels.cs(215,20): warning CS1591: Missing XML comment for publicly visible type or member 'SiteSettings.MaintenanceMessage' [/home/lysander/repos/bannou/Bannou.SDK/Bannou.SDK.csproj::TargetFramework=net9.0]
/home/lysander/repos/bannou/bannou-service/Generated/Models/WebsiteModels.cs(218,19): warning CS1591: Missing XML comment for publicly visible type or member 'SiteSettings.ContactEmail' [/home/lysander/repos/bannou/Bannou.SDK/Bannou.SDK.csproj::TargetFramework=net9.0]
/home/lysander/repos/bannou/bannou-service/Generated/Models/WebsiteModels.cs(221,71): warning CS1591: Missing XML comment for publicly visible type or member 'SiteSettings.SocialLinks' [/home/lysander/repos/bannou/Bannou.SDK/Bannou.SDK.csproj::TargetFramework=net9.0]
/home/lysander/repos/bannou/bannou-service/Generated/Models/WebsiteModels.cs(224,22): warning CS1591: Missing XML comment for publicly visible type or member 'SiteSettings.Analytics' [/home/lysander/repos/bannou/Bannou.SDK/Bannou.SDK.csproj::TargetFramework=net9.0]
/home/lysander/repos/bannou/bannou-service/Generated/Models/WebsiteModels.cs(227,26): warning CS1591: Missing XML comment for publicly visible type or member 'SiteSettings.CustomScripts' [/home/lysander/repos/bannou/Bannou.SDK/Bannou.SDK.csproj::TargetFramework=net9.0]
/home/lysander/repos/bannou/bannou-service/Generated/Models/WebsiteModels.cs(232,68): warning CS1591: Missing XML comment for publicly visible type or member 'SiteSettings.AdditionalProperties' [/home/lysander/repos/bannou/Bannou.SDK/Bannou.SDK.csproj::TargetFramework=net9.0]
/home/lysander/repos/bannou/bannou-service/Generated/Models/WebsiteModels.cs(241,22): warning CS1591: Missing XML comment for publicly visible type or member 'ThemeConfig' [/home/lysander/repos/bannou/Bannou.SDK/Bannou.SDK.csproj::TargetFramework=net9.0]
/home/lysander/repos/bannou/bannou-service/Generated/Models/WebsiteModels.cs(247,19): warning CS1591: Missing XML comment for publicly visible type or member 'ThemeConfig.ThemeName' [/home/lysander/repos/bannou/Bannou.SDK/Bannou.SDK.csproj::TargetFramework=net9.0]
/home/lysander/repos/bannou/bannou-service/Generated/Models/WebsiteModels.cs(253,19): warning CS1591: Missing XML comment for publicly visible type or member 'ThemeConfig.PrimaryColor' [/home/lysander/repos/bannou/Bannou.SDK/Bannou.SDK.csproj::TargetFramework=net9.0]
/home/lysander/repos/bannou/bannou-service/Generated/Models/WebsiteModels.cs(257,19): warning CS1591: Missing XML comment for publicly visible type or member 'ThemeConfig.SecondaryColor' [/home/lysander/repos/bannou/Bannou.SDK/Bannou.SDK.csproj::TargetFramework=net9.0]
/home/lysander/repos/bannou/bannou-service/Generated/Models/WebsiteModels.cs(261,19): warning CS1591: Missing XML comment for publicly visible type or member 'ThemeConfig.BackgroundColor' [/home/lysander/repos/bannou/Bannou.SDK/Bannou.SDK.csproj::TargetFramework=net9.0]
/home/lysander/repos/bannou/bannou-service/Generated/Models/WebsiteModels.cs(265,19): warning CS1591: Missing XML comment for publicly visible type or member 'ThemeConfig.TextColor' [/home/lysander/repos/bannou/Bannou.SDK/Bannou.SDK.csproj::TargetFramework=net9.0]
/home/lysander/repos/bannou/bannou-service/Generated/Models/WebsiteModels.cs(268,19): warning CS1591: Missing XML comment for publicly visible type or member 'ThemeConfig.FontFamily' [/home/lysander/repos/bannou/Bannou.SDK/Bannou.SDK.csproj::TargetFramework=net9.0]
/home/lysander/repos/bannou/bannou-service/Generated/Models/WebsiteModels.cs(271,20): warning CS1591: Missing XML comment for publicly visible type or member 'ThemeConfig.CustomCSS' [/home/lysander/repos/bannou/Bannou.SDK/Bannou.SDK.csproj::TargetFramework=net9.0]
/home/lysander/repos/bannou/bannou-service/Generated/Models/WebsiteModels.cs(274,17): warning CS1591: Missing XML comment for publicly visible type or member 'ThemeConfig.Logo' [/home/lysander/repos/bannou/Bannou.SDK/Bannou.SDK.csproj::TargetFramework=net9.0]
/home/lysander/repos/bannou/bannou-service/Generated/Models/WebsiteModels.cs(277,24): warning CS1591: Missing XML comment for publicly visible type or member 'ThemeConfig.Favicon' [/home/lysander/repos/bannou/Bannou.SDK/Bannou.SDK.csproj::TargetFramework=net9.0]
/home/lysander/repos/bannou/bannou-service/Generated/Models/WebsiteModels.cs(280,67): warning CS1591: Missing XML comment for publicly visible type or member 'ThemeConfig.Navigation' [/home/lysander/repos/bannou/Bannou.SDK/Bannou.SDK.csproj::TargetFramework=net9.0]
/home/lysander/repos/bannou/bannou-service/Generated/Models/WebsiteModels.cs(285,68): warning CS1591: Missing XML comment for publicly visible type or member 'ThemeConfig.AdditionalProperties' [/home/lysander/repos/bannou/Bannou.SDK/Bannou.SDK.csproj::TargetFramework=net9.0]
/home/lysander/repos/bannou/bannou-service/Generated/Models/WebsiteModels.cs(294,22): warning CS1591: Missing XML comment for publicly visible type or member 'NavigationItem' [/home/lysander/repos/bannou/Bannou.SDK/Bannou.SDK.csproj::TargetFramework=net9.0]
/home/lysander/repos/bannou/bannou-service/Generated/Models/WebsiteModels.cs(300,19): warning CS1591: Missing XML comment for publicly visible type or member 'NavigationItem.Label' [/home/lysander/repos/bannou/Bannou.SDK/Bannou.SDK.csproj::TargetFramework=net9.0]
/home/lysander/repos/bannou/bannou-service/Generated/Models/WebsiteModels.cs(305,19): warning CS1591: Missing XML comment for publicly visible type or member 'NavigationItem.Url' [/home/lysander/repos/bannou/Bannou.SDK/Bannou.SDK.csproj::TargetFramework=net9.0]
/home/lysander/repos/bannou/bannou-service/Generated/Models/WebsiteModels.cs(308,16): warning CS1591: Missing XML comment for publicly visible type or member 'NavigationItem.Order' [/home/lysander/repos/bannou/Bannou.SDK/Bannou.SDK.csproj::TargetFramework=net9.0]
/home/lysander/repos/bannou/bannou-service/Generated/Models/WebsiteModels.cs(312,33): warning CS1591: Missing XML comment for publicly visible type or member 'NavigationItem.Target' [/home/lysander/repos/bannou/Bannou.SDK/Bannou.SDK.csproj::TargetFramework=net9.0]
/home/lysander/repos/bannou/bannou-service/Generated/Models/WebsiteModels.cs(315,67): warning CS1591: Missing XML comment for publicly visible type or member 'NavigationItem.Children' [/home/lysander/repos/bannou/Bannou.SDK/Bannou.SDK.csproj::TargetFramework=net9.0]
/home/lysander/repos/bannou/bannou-service/Generated/Models/WebsiteModels.cs(320,68): warning CS1591: Missing XML comment for publicly visible type or member 'NavigationItem.AdditionalProperties' [/home/lysander/repos/bannou/Bannou.SDK/Bannou.SDK.csproj::TargetFramework=net9.0]
/home/lysander/repos/bannou/bannou-service/Generated/Models/WebsiteModels.cs(329,22): warning CS1591: Missing XML comment for publicly visible type or member 'NewsResponse' [/home/lysander/repos/bannou/Bannou.SDK/Bannou.SDK.csproj::TargetFramework=net9.0]
/home/lysander/repos/bannou/bannou-service/Generated/Models/WebsiteModels.cs(335,61): warning CS1591: Missing XML comment for publicly visible type or member 'NewsResponse.Items' [/home/lysander/repos/bannou/Bannou.SDK/Bannou.SDK.csproj::TargetFramework=net9.0]
/home/lysander/repos/bannou/bannou-service/Generated/Models/WebsiteModels.cs(338,16): warning CS1591: Missing XML comment for publicly visible type or member 'NewsResponse.Total' [/home/lysander/repos/bannou/Bannou.SDK/Bannou.SDK.csproj::TargetFramework=net9.0]
/home/lysander/repos/bannou/bannou-service/Generated/Models/WebsiteModels.cs(341,17): warning CS1591: Missing XML comment for publicly visible type or member 'NewsResponse.HasMore' [/home/lysander/repos/bannou/Bannou.SDK/Bannou.SDK.csproj::TargetFramework=net9.0]
/home/lysander/repos/bannou/bannou-service/Generated/Models/WebsiteModels.cs(346,68): warning CS1591: Missing XML comment for publicly visible type or member 'NewsResponse.AdditionalProperties' [/home/lysander/repos/bannou/Bannou.SDK/Bannou.SDK.csproj::TargetFramework=net9.0]
/home/lysander/repos/bannou/bannou-service/Generated/Models/WebsiteModels.cs(355,22): warning CS1591: Missing XML comment for publicly visible type or member 'NewsItem' [/home/lysander/repos/bannou/Bannou.SDK/Bannou.SDK.csproj::TargetFramework=net9.0]
/home/lysander/repos/bannou/bannou-service/Generated/Models/WebsiteModels.cs(361,24): warning CS1591: Missing XML comment for publicly visible type or member 'NewsItem.Id' [/home/lysander/repos/bannou/Bannou.SDK/Bannou.SDK.csproj::TargetFramework=net9.0]
/home/lysander/repos/bannou/bannou-service/Generated/Models/WebsiteModels.cs(366,19): warning CS1591: Missing XML comment for publicly visible type or member 'NewsItem.Title' [/home/lysander/repos/bannou/Bannou.SDK/Bannou.SDK.csproj::TargetFramework=net9.0]
/home/lysander/repos/bannou/bannou-service/Generated/Models/WebsiteModels.cs(371,19): warning CS1591: Missing XML comment for publicly visible type or member 'NewsItem.Summary' [/home/lysander/repos/bannou/Bannou.SDK/Bannou.SDK.csproj::TargetFramework=net9.0]
/home/lysander/repos/bannou/bannou-service/Generated/Models/WebsiteModels.cs(374,20): warning CS1591: Missing XML comment for publicly visible type or member 'NewsItem.Content' [/home/lysander/repos/bannou/Bannou.SDK/Bannou.SDK.csproj::TargetFramework=net9.0]
/home/lysander/repos/bannou/bannou-service/Generated/Models/WebsiteModels.cs(377,19): warning CS1591: Missing XML comment for publicly visible type or member 'NewsItem.Author' [/home/lysander/repos/bannou/Bannou.SDK/Bannou.SDK.csproj::TargetFramework=net9.0]
/home/lysander/repos/bannou/bannou-service/Generated/Models/WebsiteModels.cs(382,34): warning CS1591: Missing XML comment for publicly visible type or member 'NewsItem.PublishedAt' [/home/lysander/repos/bannou/Bannou.SDK/Bannou.SDK.csproj::TargetFramework=net9.0]
/home/lysander/repos/bannou/bannou-service/Generated/Models/WebsiteModels.cs(385,59): warning CS1591: Missing XML comment for publicly visible type or member 'NewsItem.Tags' [/home/lysander/repos/bannou/Bannou.SDK/Bannou.SDK.csproj::TargetFramework=net9.0]
/home/lysander/repos/bannou/bannou-service/Generated/Models/WebsiteModels.cs(388,24): warning CS1591: Missing XML comment for publicly visible type or member 'NewsItem.ImageUrl' [/home/lysander/repos/bannou/Bannou.SDK/Bannou.SDK.csproj::TargetFramework=net9.0]
/home/lysander/repos/bannou/bannou-service/Generated/Models/WebsiteModels.cs(393,68): warning CS1591: Missing XML comment for publicly visible type or member 'NewsItem.AdditionalProperties' [/home/lysander/repos/bannou/Bannou.SDK/Bannou.SDK.csproj::TargetFramework=net9.0]
/home/lysander/repos/bannou/bannou-service/Generated/Models/WebsiteModels.cs(402,22): warning CS1591: Missing XML comment for publicly visible type or member 'ServerStatusResponse' [/home/lysander/repos/bannou/Bannou.SDK/Bannou.SDK.csproj::TargetFramework=net9.0]
/home/lysander/repos/bannou/bannou-service/Generated/Models/WebsiteModels.cs(409,45): warning CS1591: Missing XML comment for publicly visible type or member 'ServerStatusResponse.GlobalStatus' [/home/lysander/repos/bannou/Bannou.SDK/Bannou.SDK.csproj::TargetFramework=net9.0]
/home/lysander/repos/bannou/bannou-service/Generated/Models/WebsiteModels.cs(414,64): warning CS1591: Missing XML comment for publicly visible type or member 'ServerStatusResponse.Realms' [/home/lysander/repos/bannou/Bannou.SDK/Bannou.SDK.csproj::TargetFramework=net9.0]
/home/lysander/repos/bannou/bannou-service/Generated/Models/WebsiteModels.cs(419,68): warning CS1591: Missing XML comment for publicly visible type or member 'ServerStatusResponse.AdditionalProperties' [/home/lysander/repos/bannou/Bannou.SDK/Bannou.SDK.csproj::TargetFramework=net9.0]
/home/lysander/repos/bannou/bannou-service/Generated/Models/WebsiteModels.cs(428,22): warning CS1591: Missing XML comment for publicly visible type or member 'RealmStatus' [/home/lysander/repos/bannou/Bannou.SDK/Bannou.SDK.csproj::TargetFramework=net9.0]
/home/lysander/repos/bannou/bannou-service/Generated/Models/WebsiteModels.cs(434,19): warning CS1591: Missing XML comment for publicly visible type or member 'RealmStatus.RealmId' [/home/lysander/repos/bannou/Bannou.SDK/Bannou.SDK.csproj::TargetFramework=net9.0]
/home/lysander/repos/bannou/bannou-service/Generated/Models/WebsiteModels.cs(439,19): warning CS1591: Missing XML comment for publicly visible type or member 'RealmStatus.Name' [/home/lysander/repos/bannou/Bannou.SDK/Bannou.SDK.csproj::TargetFramework=net9.0]
/home/lysander/repos/bannou/bannou-service/Generated/Models/WebsiteModels.cs(445,30): warning CS1591: Missing XML comment for publicly visible type or member 'RealmStatus.Status' [/home/lysander/repos/bannou/Bannou.SDK/Bannou.SDK.csproj::TargetFramework=net9.0]
/home/lysander/repos/bannou/bannou-service/Generated/Models/WebsiteModels.cs(451,34): warning CS1591: Missing XML comment for publicly visible type or member 'RealmStatus.Population' [/home/lysander/repos/bannou/Bannou.SDK/Bannou.SDK.csproj::TargetFramework=net9.0]
/home/lysander/repos/bannou/bannou-service/Generated/Models/WebsiteModels.cs(454,17): warning CS1591: Missing XML comment for publicly visible type or member 'RealmStatus.PlayerCount' [/home/lysander/repos/bannou/Bannou.SDK/Bannou.SDK.csproj::TargetFramework=net9.0]
/home/lysander/repos/bannou/bannou-service/Generated/Models/WebsiteModels.cs(465,68): warning CS1591: Missing XML comment for publicly visible type or member 'RealmStatus.AdditionalProperties' [/home/lysander/repos/bannou/Bannou.SDK/Bannou.SDK.csproj::TargetFramework=net9.0]
/home/lysander/repos/bannou/bannou-service/Generated/Models/WebsiteModels.cs(474,22): warning CS1591: Missing XML comment for publicly visible type or member 'DownloadsResponse' [/home/lysander/repos/bannou/Bannou.SDK/Bannou.SDK.csproj::TargetFramework=net9.0]
/home/lysander/repos/bannou/bannou-service/Generated/Models/WebsiteModels.cs(480,65): warning CS1591: Missing XML comment for publicly visible type or member 'DownloadsResponse.Clients' [/home/lysander/repos/bannou/Bannou.SDK/Bannou.SDK.csproj::TargetFramework=net9.0]
/home/lysander/repos/bannou/bannou-service/Generated/Models/WebsiteModels.cs(485,68): warning CS1591: Missing XML comment for publicly visible type or member 'DownloadsResponse.AdditionalProperties' [/home/lysander/repos/bannou/Bannou.SDK/Bannou.SDK.csproj::TargetFramework=net9.0]
/home/lysander/repos/bannou/bannou-service/Generated/Models/WebsiteModels.cs(494,22): warning CS1591: Missing XML comment for publicly visible type or member 'DownloadInfo' [/home/lysander/repos/bannou/Bannou.SDK/Bannou.SDK.csproj::TargetFramework=net9.0]
/home/lysander/repos/bannou/bannou-service/Generated/Models/WebsiteModels.cs(501,33): warning CS1591: Missing XML comment for publicly visible type or member 'DownloadInfo.Platform' [/home/lysander/repos/bannou/Bannou.SDK/Bannou.SDK.csproj::TargetFramework=net9.0]
/home/lysander/repos/bannou/bannou-service/Generated/Models/WebsiteModels.cs(506,19): warning CS1591: Missing XML comment for publicly visible type or member 'DownloadInfo.Version' [/home/lysander/repos/bannou/Bannou.SDK/Bannou.SDK.csproj::TargetFramework=net9.0]
/home/lysander/repos/bannou/bannou-service/Generated/Models/WebsiteModels.cs(511,23): warning CS1591: Missing XML comment for publicly visible type or member 'DownloadInfo.Url' [/home/lysander/repos/bannou/Bannou.SDK/Bannou.SDK.csproj::TargetFramework=net9.0]
/home/lysander/repos/bannou/bannou-service/Generated/Models/WebsiteModels.cs(528,20): warning CS1591: Missing XML comment for publicly visible type or member 'DownloadInfo.ReleaseNotes' [/home/lysander/repos/bannou/Bannou.SDK/Bannou.SDK.csproj::TargetFramework=net9.0]
/home/lysander/repos/bannou/bannou-service/Generated/Models/WebsiteModels.cs(531,19): warning CS1591: Missing XML comment for publicly visible type or member 'DownloadInfo.MinimumRequirements' [/home/lysander/repos/bannou/Bannou.SDK/Bannou.SDK.csproj::TargetFramework=net9.0]
/home/lysander/repos/bannou/bannou-service/Generated/Models/WebsiteModels.cs(536,68): warning CS1591: Missing XML comment for publicly visible type or member 'DownloadInfo.AdditionalProperties' [/home/lysander/repos/bannou/Bannou.SDK/Bannou.SDK.csproj::TargetFramework=net9.0]
/home/lysander/repos/bannou/bannou-service/Generated/Models/WebsiteModels.cs(545,22): warning CS1591: Missing XML comment for publicly visible type or member 'ContactRequest' [/home/lysander/repos/bannou/Bannou.SDK/Bannou.SDK.csproj::TargetFramework=net9.0]
/home/lysander/repos/bannou/bannou-service/Generated/Models/WebsiteModels.cs(551,19): warning CS1591: Missing XML comment for publicly visible type or member 'ContactRequest.Email' [/home/lysander/repos/bannou/Bannou.SDK/Bannou.SDK.csproj::TargetFramework=net9.0]
/home/lysander/repos/bannou/bannou-service/Generated/Models/WebsiteModels.cs(554,20): warning CS1591: Missing XML comment for publicly visible type or member 'ContactRequest.Name' [/home/lysander/repos/bannou/Bannou.SDK/Bannou.SDK.csproj::TargetFramework=net9.0]
/home/lysander/repos/bannou/bannou-service/Generated/Models/WebsiteModels.cs(560,19): warning CS1591: Missing XML comment for publicly visible type or member 'ContactRequest.Subject' [/home/lysander/repos/bannou/Bannou.SDK/Bannou.SDK.csproj::TargetFramework=net9.0]
/home/lysander/repos/bannou/bannou-service/Generated/Models/WebsiteModels.cs(566,19): warning CS1591: Missing XML comment for publicly visible type or member 'ContactRequest.Message' [/home/lysander/repos/bannou/Bannou.SDK/Bannou.SDK.csproj::TargetFramework=net9.0]
/home/lysander/repos/bannou/bannou-service/Generated/Models/WebsiteModels.cs(570,35): warning CS1591: Missing XML comment for publicly visible type or member 'ContactRequest.Category' [/home/lysander/repos/bannou/Bannou.SDK/Bannou.SDK.csproj::TargetFramework=net9.0]
/home/lysander/repos/bannou/bannou-service/Generated/Models/WebsiteModels.cs(575,68): warning CS1591: Missing XML comment for publicly visible type or member 'ContactRequest.AdditionalProperties' [/home/lysander/repos/bannou/Bannou.SDK/Bannou.SDK.csproj::TargetFramework=net9.0]
/home/lysander/repos/bannou/bannou-service/Generated/Models/WebsiteModels.cs(584,22): warning CS1591: Missing XML comment for publicly visible type or member 'ContactResponse' [/home/lysander/repos/bannou/Bannou.SDK/Bannou.SDK.csproj::TargetFramework=net9.0]
/home/lysander/repos/bannou/bannou-service/Generated/Models/WebsiteModels.cs(590,24): warning CS1591: Missing XML comment for publicly visible type or member 'ContactResponse.TicketId' [/home/lysander/repos/bannou/Bannou.SDK/Bannou.SDK.csproj::TargetFramework=net9.0]
/home/lysander/repos/bannou/bannou-service/Generated/Models/WebsiteModels.cs(595,19): warning CS1591: Missing XML comment for publicly visible type or member 'ContactResponse.Message' [/home/lysander/repos/bannou/Bannou.SDK/Bannou.SDK.csproj::TargetFramework=net9.0]
/home/lysander/repos/bannou/bannou-service/Generated/Models/WebsiteModels.cs(600,68): warning CS1591: Missing XML comment for publicly visible type or member 'ContactResponse.AdditionalProperties' [/home/lysander/repos/bannou/Bannou.SDK/Bannou.SDK.csproj::TargetFramework=net9.0]
/home/lysander/repos/bannou/bannou-service/Generated/Models/WebsiteModels.cs(609,22): warning CS1591: Missing XML comment for publicly visible type or member 'AccountProfile' [/home/lysander/repos/bannou/Bannou.SDK/Bannou.SDK.csproj::TargetFramework=net9.0]
/home/lysander/repos/bannou/bannou-service/Generated/Models/WebsiteModels.cs(615,24): warning CS1591: Missing XML comment for publicly visible type or member 'AccountProfile.AccountId' [/home/lysander/repos/bannou/Bannou.SDK/Bannou.SDK.csproj::TargetFramework=net9.0]
/home/lysander/repos/bannou/bannou-service/Generated/Models/WebsiteModels.cs(620,19): warning CS1591: Missing XML comment for publicly visible type or member 'AccountProfile.Email' [/home/lysander/repos/bannou/Bannou.SDK/Bannou.SDK.csproj::TargetFramework=net9.0]
/home/lysander/repos/bannou/bannou-service/Generated/Models/WebsiteModels.cs(623,20): warning CS1591: Missing XML comment for publicly visible type or member 'AccountProfile.DisplayName' [/home/lysander/repos/bannou/Bannou.SDK/Bannou.SDK.csproj::TargetFramework=net9.0]
/home/lysander/repos/bannou/bannou-service/Generated/Models/WebsiteModels.cs(628,34): warning CS1591: Missing XML comment for publicly visible type or member 'AccountProfile.CreatedAt' [/home/lysander/repos/bannou/Bannou.SDK/Bannou.SDK.csproj::TargetFramework=net9.0]
/home/lysander/repos/bannou/bannou-service/Generated/Models/WebsiteModels.cs(631,35): warning CS1591: Missing XML comment for publicly visible type or member 'AccountProfile.LastLogin' [/home/lysander/repos/bannou/Bannou.SDK/Bannou.SDK.csproj::TargetFramework=net9.0]
/home/lysander/repos/bannou/bannou-service/Generated/Models/WebsiteModels.cs(634,16): warning CS1591: Missing XML comment for publicly visible type or member 'AccountProfile.CharacterSlots' [/home/lysander/repos/bannou/Bannou.SDK/Bannou.SDK.csproj::TargetFramework=net9.0]
/home/lysander/repos/bannou/bannou-service/Generated/Models/WebsiteModels.cs(637,16): warning CS1591: Missing XML comment for publicly visible type or member 'AccountProfile.UsedSlots' [/home/lysander/repos/bannou/Bannou.SDK/Bannou.SDK.csproj::TargetFramework=net9.0]
/home/lysander/repos/bannou/bannou-service/Generated/Models/WebsiteModels.cs(642,68): warning CS1591: Missing XML comment for publicly visible type or member 'AccountProfile.AdditionalProperties' [/home/lysander/repos/bannou/Bannou.SDK/Bannou.SDK.csproj::TargetFramework=net9.0]
/home/lysander/repos/bannou/bannou-service/Generated/Models/WebsiteModels.cs(651,22): warning CS1591: Missing XML comment for publicly visible type or member 'CharacterListResponse' [/home/lysander/repos/bannou/Bannou.SDK/Bannou.SDK.csproj::TargetFramework=net9.0]
/home/lysander/repos/bannou/bannou-service/Generated/Models/WebsiteModels.cs(657,69): warning CS1591: Missing XML comment for publicly visible type or member 'CharacterListResponse.Characters' [/home/lysander/repos/bannou/Bannou.SDK/Bannou.SDK.csproj::TargetFramework=net9.0]
/home/lysander/repos/bannou/bannou-service/Generated/Models/WebsiteModels.cs(662,68): warning CS1591: Missing XML comment for publicly visible type or member 'CharacterListResponse.AdditionalProperties' [/home/lysander/repos/bannou/Bannou.SDK/Bannou.SDK.csproj::TargetFramework=net9.0]
/home/lysander/repos/bannou/bannou-service/Generated/Models/WebsiteModels.cs(671,22): warning CS1591: Missing XML comment for publicly visible type or member 'CharacterSummary' [/home/lysander/repos/bannou/Bannou.SDK/Bannou.SDK.csproj::TargetFramework=net9.0]
/home/lysander/repos/bannou/bannou-service/Generated/Models/WebsiteModels.cs(677,24): warning CS1591: Missing XML comment for publicly visible type or member 'CharacterSummary.CharacterId' [/home/lysander/repos/bannou/Bannou.SDK/Bannou.SDK.csproj::TargetFramework=net9.0]
/home/lysander/repos/bannou/bannou-service/Generated/Models/WebsiteModels.cs(682,19): warning CS1591: Missing XML comment for publicly visible type or member 'CharacterSummary.Name' [/home/lysander/repos/bannou/Bannou.SDK/Bannou.SDK.csproj::TargetFramework=net9.0]
/home/lysander/repos/bannou/bannou-service/Generated/Models/WebsiteModels.cs(687,19): warning CS1591: Missing XML comment for publicly visible type or member 'CharacterSummary.Realm' [/home/lysander/repos/bannou/Bannou.SDK/Bannou.SDK.csproj::TargetFramework=net9.0]
/home/lysander/repos/bannou/bannou-service/Generated/Models/WebsiteModels.cs(690,16): warning CS1591: Missing XML comment for publicly visible type or member 'CharacterSummary.Level' [/home/lysander/repos/bannou/Bannou.SDK/Bannou.SDK.csproj::TargetFramework=net9.0]
/home/lysander/repos/bannou/bannou-service/Generated/Models/WebsiteModels.cs(693,20): warning CS1591: Missing XML comment for publicly visible type or member 'CharacterSummary.Class' [/home/lysander/repos/bannou/Bannou.SDK/Bannou.SDK.csproj::TargetFramework=net9.0]
/home/lysander/repos/bannou/bannou-service/Generated/Models/WebsiteModels.cs(696,35): warning CS1591: Missing XML comment for publicly visible type or member 'CharacterSummary.LastPlayed' [/home/lysander/repos/bannou/Bannou.SDK/Bannou.SDK.csproj::TargetFramework=net9.0]
/home/lysander/repos/bannou/bannou-service/Generated/Models/WebsiteModels.cs(701,68): warning CS1591: Missing XML comment for publicly visible type or member 'CharacterSummary.AdditionalProperties' [/home/lysander/repos/bannou/Bannou.SDK/Bannou.SDK.csproj::TargetFramework=net9.0]
/home/lysander/repos/bannou/bannou-service/Generated/Models/WebsiteModels.cs(710,22): warning CS1591: Missing XML comment for publicly visible type or member 'SubscriptionResponse' [/home/lysander/repos/bannou/Bannou.SDK/Bannou.SDK.csproj::TargetFramework=net9.0]
/home/lysander/repos/bannou/bannou-service/Generated/Models/WebsiteModels.cs(717,39): warning CS1591: Missing XML comment for publicly visible type or member 'SubscriptionResponse.Status' [/home/lysander/repos/bannou/Bannou.SDK/Bannou.SDK.csproj::TargetFramework=net9.0]
/home/lysander/repos/bannou/bannou-service/Generated/Models/WebsiteModels.cs(723,37): warning CS1591: Missing XML comment for publicly visible type or member 'SubscriptionResponse.Type' [/home/lysander/repos/bannou/Bannou.SDK/Bannou.SDK.csproj::TargetFramework=net9.0]
/home/lysander/repos/bannou/bannou-service/Generated/Models/WebsiteModels.cs(726,35): warning CS1591: Missing XML comment for publicly visible type or member 'SubscriptionResponse.ExpiresAt' [/home/lysander/repos/bannou/Bannou.SDK/Bannou.SDK.csproj::TargetFramework=net9.0]
/home/lysander/repos/bannou/bannou-service/Generated/Models/WebsiteModels.cs(729,17): warning CS1591: Missing XML comment for publicly visible type or member 'SubscriptionResponse.AutoRenew' [/home/lysander/repos/bannou/Bannou.SDK/Bannou.SDK.csproj::TargetFramework=net9.0]
/home/lysander/repos/bannou/bannou-service/Generated/Models/WebsiteModels.cs(732,59): warning CS1591: Missing XML comment for publicly visible type or member 'SubscriptionResponse.Benefits' [/home/lysander/repos/bannou/Bannou.SDK/Bannou.SDK.csproj::TargetFramework=net9.0]
/home/lysander/repos/bannou/bannou-service/Generated/Models/WebsiteModels.cs(737,68): warning CS1591: Missing XML comment for publicly visible type or member 'SubscriptionResponse.AdditionalProperties' [/home/lysander/repos/bannou/Bannou.SDK/Bannou.SDK.csproj::TargetFramework=net9.0]
/home/lysander/repos/bannou/bannou-service/Generated/Models/WebsiteModels.cs(746,22): warning CS1591: Missing XML comment for publicly visible type or member 'ErrorResponse' [/home/lysander/repos/bannou/Bannou.SDK/Bannou.SDK.csproj::TargetFramework=net9.0]
/home/lysander/repos/bannou/bannou-service/Generated/Models/WebsiteModels.cs(752,19): warning CS1591: Missing XML comment for publicly visible type or member 'ErrorResponse.Error' [/home/lysander/repos/bannou/Bannou.SDK/Bannou.SDK.csproj::TargetFramework=net9.0]
/home/lysander/repos/bannou/bannou-service/Generated/Models/WebsiteModels.cs(757,19): warning CS1591: Missing XML comment for publicly visible type or member 'ErrorResponse.Message' [/home/lysander/repos/bannou/Bannou.SDK/Bannou.SDK.csproj::TargetFramework=net9.0]
/home/lysander/repos/bannou/bannou-service/Generated/Models/WebsiteModels.cs(760,20): warning CS1591: Missing XML comment for publicly visible type or member 'ErrorResponse.Details' [/home/lysander/repos/bannou/Bannou.SDK/Bannou.SDK.csproj::TargetFramework=net9.0]
/home/lysander/repos/bannou/bannou-service/Generated/Models/WebsiteModels.cs(765,68): warning CS1591: Missing XML comment for publicly visible type or member 'ErrorResponse.AdditionalProperties' [/home/lysander/repos/bannou/Bannou.SDK/Bannou.SDK.csproj::TargetFramework=net9.0]
/home/lysander/repos/bannou/bannou-service/Generated/Models/WebsiteModels.cs(774,13): warning CS1591: Missing XML comment for publicly visible type or member 'Platform' [/home/lysander/repos/bannou/Bannou.SDK/Bannou.SDK.csproj::TargetFramework=net9.0]
/home/lysander/repos/bannou/bannou-service/Generated/Models/WebsiteModels.cs(778,5): warning CS1591: Missing XML comment for publicly visible type or member 'Platform.Windows' [/home/lysander/repos/bannou/Bannou.SDK/Bannou.SDK.csproj::TargetFramework=net9.0]
/home/lysander/repos/bannou/bannou-service/Generated/Models/WebsiteModels.cs(781,5): warning CS1591: Missing XML comment for publicly visible type or member 'Platform.Macos' [/home/lysander/repos/bannou/Bannou.SDK/Bannou.SDK.csproj::TargetFramework=net9.0]
/home/lysander/repos/bannou/bannou-service/Generated/Models/WebsiteModels.cs(784,5): warning CS1591: Missing XML comment for publicly visible type or member 'Platform.Linux' [/home/lysander/repos/bannou/Bannou.SDK/Bannou.SDK.csproj::TargetFramework=net9.0]
/home/lysander/repos/bannou/bannou-service/Generated/Models/WebsiteModels.cs(789,13): warning CS1591: Missing XML comment for publicly visible type or member 'StatusResponseStatus' [/home/lysander/repos/bannou/Bannou.SDK/Bannou.SDK.csproj::TargetFramework=net9.0]
/home/lysander/repos/bannou/bannou-service/Generated/Models/WebsiteModels.cs(793,5): warning CS1591: Missing XML comment for publicly visible type or member 'StatusResponseStatus.Healthy' [/home/lysander/repos/bannou/Bannou.SDK/Bannou.SDK.csproj::TargetFramework=net9.0]
/home/lysander/repos/bannou/bannou-service/Generated/Models/WebsiteModels.cs(796,5): warning CS1591: Missing XML comment for publicly visible type or member 'StatusResponseStatus.Degraded' [/home/lysander/repos/bannou/Bannou.SDK/Bannou.SDK.csproj::TargetFramework=net9.0]
/home/lysander/repos/bannou/bannou-service/Generated/Models/WebsiteModels.cs(799,5): warning CS1591: Missing XML comment for publicly visible type or member 'StatusResponseStatus.Maintenance' [/home/lysander/repos/bannou/Bannou.SDK/Bannou.SDK.csproj::TargetFramework=net9.0]
/home/lysander/repos/bannou/bannou-service/Generated/Models/WebsiteModels.cs(804,13): warning CS1591: Missing XML comment for publicly visible type or member 'PageContentContentType' [/home/lysander/repos/bannou/Bannou.SDK/Bannou.SDK.csproj::TargetFramework=net9.0]
/home/lysander/repos/bannou/bannou-service/Generated/Models/WebsiteModels.cs(808,5): warning CS1591: Missing XML comment for publicly visible type or member 'PageContentContentType.Html' [/home/lysander/repos/bannou/Bannou.SDK/Bannou.SDK.csproj::TargetFramework=net9.0]
/home/lysander/repos/bannou/bannou-service/Generated/Models/WebsiteModels.cs(811,5): warning CS1591: Missing XML comment for publicly visible type or member 'PageContentContentType.Markdown' [/home/lysander/repos/bannou/Bannou.SDK/Bannou.SDK.csproj::TargetFramework=net9.0]
/home/lysander/repos/bannou/bannou-service/Generated/Models/WebsiteModels.cs(814,5): warning CS1591: Missing XML comment for publicly visible type or member 'PageContentContentType.Blazor' [/home/lysander/repos/bannou/Bannou.SDK/Bannou.SDK.csproj::TargetFramework=net9.0]
/home/lysander/repos/bannou/bannou-service/Generated/Models/WebsiteModels.cs(819,22): warning CS1591: Missing XML comment for publicly visible type or member 'Analytics' [/home/lysander/repos/bannou/Bannou.SDK/Bannou.SDK.csproj::TargetFramework=net9.0]
/home/lysander/repos/bannou/bannou-service/Generated/Models/WebsiteModels.cs(823,20): warning CS1591: Missing XML comment for publicly visible type or member 'Analytics.GoogleAnalyticsId' [/home/lysander/repos/bannou/Bannou.SDK/Bannou.SDK.csproj::TargetFramework=net9.0]
/home/lysander/repos/bannou/bannou-service/Generated/Models/WebsiteModels.cs(826,19): warning CS1591: Missing XML comment for publicly visible type or member 'Analytics.OtherTrackers' [/home/lysander/repos/bannou/Bannou.SDK/Bannou.SDK.csproj::TargetFramework=net9.0]
/home/lysander/repos/bannou/bannou-service/Generated/Models/WebsiteModels.cs(831,68): warning CS1591: Missing XML comment for publicly visible type or member 'Analytics.AdditionalProperties' [/home/lysander/repos/bannou/Bannou.SDK/Bannou.SDK.csproj::TargetFramework=net9.0]
/home/lysander/repos/bannou/bannou-service/Generated/Models/WebsiteModels.cs(840,22): warning CS1591: Missing XML comment for publicly visible type or member 'CustomScripts' [/home/lysander/repos/bannou/Bannou.SDK/Bannou.SDK.csproj::TargetFramework=net9.0]
/home/lysander/repos/bannou/bannou-service/Generated/Models/WebsiteModels.cs(844,20): warning CS1591: Missing XML comment for publicly visible type or member 'CustomScripts.Head' [/home/lysander/repos/bannou/Bannou.SDK/Bannou.SDK.csproj::TargetFramework=net9.0]
/home/lysander/repos/bannou/bannou-service/Generated/Models/WebsiteModels.cs(847,20): warning CS1591: Missing XML comment for publicly visible type or member 'CustomScripts.BodyStart' [/home/lysander/repos/bannou/Bannou.SDK/Bannou.SDK.csproj::TargetFramework=net9.0]
/home/lysander/repos/bannou/bannou-service/Generated/Models/WebsiteModels.cs(850,20): warning CS1591: Missing XML comment for publicly visible type or member 'CustomScripts.BodyEnd' [/home/lysander/repos/bannou/Bannou.SDK/Bannou.SDK.csproj::TargetFramework=net9.0]
/home/lysander/repos/bannou/bannou-service/Generated/Models/WebsiteModels.cs(855,68): warning CS1591: Missing XML comment for publicly visible type or member 'CustomScripts.AdditionalProperties' [/home/lysander/repos/bannou/Bannou.SDK/Bannou.SDK.csproj::TargetFramework=net9.0]
/home/lysander/repos/bannou/bannou-service/Generated/Models/WebsiteModels.cs(864,22): warning CS1591: Missing XML comment for publicly visible type or member 'Logo' [/home/lysander/repos/bannou/Bannou.SDK/Bannou.SDK.csproj::TargetFramework=net9.0]
/home/lysander/repos/bannou/bannou-service/Generated/Models/WebsiteModels.cs(868,23): warning CS1591: Missing XML comment for publicly visible type or member 'Logo.Url' [/home/lysander/repos/bannou/Bannou.SDK/Bannou.SDK.csproj::TargetFramework=net9.0]
/home/lysander/repos/bannou/bannou-service/Generated/Models/WebsiteModels.cs(871,19): warning CS1591: Missing XML comment for publicly visible type or member 'Logo.Alt' [/home/lysander/repos/bannou/Bannou.SDK/Bannou.SDK.csproj::TargetFramework=net9.0]
/home/lysander/repos/bannou/bannou-service/Generated/Models/WebsiteModels.cs(876,68): warning CS1591: Missing XML comment for publicly visible type or member 'Logo.AdditionalProperties' [/home/lysander/repos/bannou/Bannou.SDK/Bannou.SDK.csproj::TargetFramework=net9.0]
/home/lysander/repos/bannou/bannou-service/Generated/Models/WebsiteModels.cs(885,13): warning CS1591: Missing XML comment for publicly visible type or member 'NavigationItemTarget' [/home/lysander/repos/bannou/Bannou.SDK/Bannou.SDK.csproj::TargetFramework=net9.0]
/home/lysander/repos/bannou/bannou-service/Generated/Models/WebsiteModels.cs(889,5): warning CS1591: Missing XML comment for publicly visible type or member 'NavigationItemTarget._self' [/home/lysander/repos/bannou/Bannou.SDK/Bannou.SDK.csproj::TargetFramework=net9.0]
/home/lysander/repos/bannou/bannou-service/Generated/Models/WebsiteModels.cs(892,5): warning CS1591: Missing XML comment for publicly visible type or member 'NavigationItemTarget._blank' [/home/lysander/repos/bannou/Bannou.SDK/Bannou.SDK.csproj::TargetFramework=net9.0]
/home/lysander/repos/bannou/bannou-service/Generated/Models/WebsiteModels.cs(897,13): warning CS1591: Missing XML comment for publicly visible type or member 'ServerStatusResponseGlobalStatus' [/home/lysander/repos/bannou/Bannou.SDK/Bannou.SDK.csproj::TargetFramework=net9.0]
/home/lysander/repos/bannou/bannou-service/Generated/Models/WebsiteModels.cs(901,5): warning CS1591: Missing XML comment for publicly visible type or member 'ServerStatusResponseGlobalStatus.Online' [/home/lysander/repos/bannou/Bannou.SDK/Bannou.SDK.csproj::TargetFramework=net9.0]
/home/lysander/repos/bannou/bannou-service/Generated/Models/WebsiteModels.cs(904,5): warning CS1591: Missing XML comment for publicly visible type or member 'ServerStatusResponseGlobalStatus.Partial' [/home/lysander/repos/bannou/Bannou.SDK/Bannou.SDK.csproj::TargetFramework=net9.0]
/home/lysander/repos/bannou/bannou-service/Generated/Models/WebsiteModels.cs(907,5): warning CS1591: Missing XML comment for publicly visible type or member 'ServerStatusResponseGlobalStatus.Offline' [/home/lysander/repos/bannou/Bannou.SDK/Bannou.SDK.csproj::TargetFramework=net9.0]
/home/lysander/repos/bannou/bannou-service/Generated/Models/WebsiteModels.cs(910,5): warning CS1591: Missing XML comment for publicly visible type or member 'ServerStatusResponseGlobalStatus.Maintenance' [/home/lysander/repos/bannou/Bannou.SDK/Bannou.SDK.csproj::TargetFramework=net9.0]
/home/lysander/repos/bannou/bannou-service/Generated/Models/WebsiteModels.cs(915,13): warning CS1591: Missing XML comment for publicly visible type or member 'RealmStatusStatus' [/home/lysander/repos/bannou/Bannou.SDK/Bannou.SDK.csproj::TargetFramework=net9.0]
/home/lysander/repos/bannou/bannou-service/Generated/Models/WebsiteModels.cs(919,5): warning CS1591: Missing XML comment for publicly visible type or member 'RealmStatusStatus.Online' [/home/lysander/repos/bannou/Bannou.SDK/Bannou.SDK.csproj::TargetFramework=net9.0]
/home/lysander/repos/bannou/bannou-service/Generated/Models/WebsiteModels.cs(922,5): warning CS1591: Missing XML comment for publicly visible type or member 'RealmStatusStatus.Offline' [/home/lysander/repos/bannou/Bannou.SDK/Bannou.SDK.csproj::TargetFramework=net9.0]
/home/lysander/repos/bannou/bannou-service/Generated/Models/WebsiteModels.cs(925,5): warning CS1591: Missing XML comment for publicly visible type or member 'RealmStatusStatus.Maintenance' [/home/lysander/repos/bannou/Bannou.SDK/Bannou.SDK.csproj::TargetFramework=net9.0]
/home/lysander/repos/bannou/bannou-service/Generated/Models/WebsiteModels.cs(928,5): warning CS1591: Missing XML comment for publicly visible type or member 'RealmStatusStatus.Full' [/home/lysander/repos/bannou/Bannou.SDK/Bannou.SDK.csproj::TargetFramework=net9.0]
/home/lysander/repos/bannou/bannou-service/Generated/Models/WebsiteModels.cs(933,13): warning CS1591: Missing XML comment for publicly visible type or member 'RealmStatusPopulation' [/home/lysander/repos/bannou/Bannou.SDK/Bannou.SDK.csproj::TargetFramework=net9.0]
/home/lysander/repos/bannou/bannou-service/Generated/Models/WebsiteModels.cs(937,5): warning CS1591: Missing XML comment for publicly visible type or member 'RealmStatusPopulation.Low' [/home/lysander/repos/bannou/Bannou.SDK/Bannou.SDK.csproj::TargetFramework=net9.0]
/home/lysander/repos/bannou/bannou-service/Generated/Models/WebsiteModels.cs(940,5): warning CS1591: Missing XML comment for publicly visible type or member 'RealmStatusPopulation.Medium' [/home/lysander/repos/bannou/Bannou.SDK/Bannou.SDK.csproj::TargetFramework=net9.0]
/home/lysander/repos/bannou/bannou-service/Generated/Models/WebsiteModels.cs(943,5): warning CS1591: Missing XML comment for publicly visible type or member 'RealmStatusPopulation.High' [/home/lysander/repos/bannou/Bannou.SDK/Bannou.SDK.csproj::TargetFramework=net9.0]
/home/lysander/repos/bannou/bannou-service/Generated/Models/WebsiteModels.cs(946,5): warning CS1591: Missing XML comment for publicly visible type or member 'RealmStatusPopulation.Full' [/home/lysander/repos/bannou/Bannou.SDK/Bannou.SDK.csproj::TargetFramework=net9.0]
/home/lysander/repos/bannou/bannou-service/Generated/Models/WebsiteModels.cs(951,13): warning CS1591: Missing XML comment for publicly visible type or member 'DownloadInfoPlatform' [/home/lysander/repos/bannou/Bannou.SDK/Bannou.SDK.csproj::TargetFramework=net9.0]
/home/lysander/repos/bannou/bannou-service/Generated/Models/WebsiteModels.cs(955,5): warning CS1591: Missing XML comment for publicly visible type or member 'DownloadInfoPlatform.Windows' [/home/lysander/repos/bannou/Bannou.SDK/Bannou.SDK.csproj::TargetFramework=net9.0]
/home/lysander/repos/bannou/bannou-service/Generated/Models/WebsiteModels.cs(958,5): warning CS1591: Missing XML comment for publicly visible type or member 'DownloadInfoPlatform.Macos' [/home/lysander/repos/bannou/Bannou.SDK/Bannou.SDK.csproj::TargetFramework=net9.0]
/home/lysander/repos/bannou/bannou-service/Generated/Models/WebsiteModels.cs(961,5): warning CS1591: Missing XML comment for publicly visible type or member 'DownloadInfoPlatform.Linux' [/home/lysander/repos/bannou/Bannou.SDK/Bannou.SDK.csproj::TargetFramework=net9.0]
/home/lysander/repos/bannou/bannou-service/Generated/Models/WebsiteModels.cs(966,13): warning CS1591: Missing XML comment for publicly visible type or member 'ContactRequestCategory' [/home/lysander/repos/bannou/Bannou.SDK/Bannou.SDK.csproj::TargetFramework=net9.0]
/home/lysander/repos/bannou/bannou-service/Generated/Models/WebsiteModels.cs(970,5): warning CS1591: Missing XML comment for publicly visible type or member 'ContactRequestCategory.General' [/home/lysander/repos/bannou/Bannou.SDK/Bannou.SDK.csproj::TargetFramework=net9.0]
/home/lysander/repos/bannou/bannou-service/Generated/Models/WebsiteModels.cs(973,5): warning CS1591: Missing XML comment for publicly visible type or member 'ContactRequestCategory.Support' [/home/lysander/repos/bannou/Bannou.SDK/Bannou.SDK.csproj::TargetFramework=net9.0]
/home/lysander/repos/bannou/bannou-service/Generated/Models/WebsiteModels.cs(976,5): warning CS1591: Missing XML comment for publicly visible type or member 'ContactRequestCategory.Bug' [/home/lysander/repos/bannou/Bannou.SDK/Bannou.SDK.csproj::TargetFramework=net9.0]
/home/lysander/repos/bannou/bannou-service/Generated/Models/WebsiteModels.cs(979,5): warning CS1591: Missing XML comment for publicly visible type or member 'ContactRequestCategory.Feedback' [/home/lysander/repos/bannou/Bannou.SDK/Bannou.SDK.csproj::TargetFramework=net9.0]
/home/lysander/repos/bannou/bannou-service/Generated/Models/WebsiteModels.cs(982,5): warning CS1591: Missing XML comment for publicly visible type or member 'ContactRequestCategory.Business' [/home/lysander/repos/bannou/Bannou.SDK/Bannou.SDK.csproj::TargetFramework=net9.0]
/home/lysander/repos/bannou/bannou-service/Generated/Models/WebsiteModels.cs(987,13): warning CS1591: Missing XML comment for publicly visible type or member 'SubscriptionResponseStatus' [/home/lysander/repos/bannou/Bannou.SDK/Bannou.SDK.csproj::TargetFramework=net9.0]
/home/lysander/repos/bannou/bannou-service/Generated/Models/WebsiteModels.cs(991,5): warning CS1591: Missing XML comment for publicly visible type or member 'SubscriptionResponseStatus.Active' [/home/lysander/repos/bannou/Bannou.SDK/Bannou.SDK.csproj::TargetFramework=net9.0]
/home/lysander/repos/bannou/bannou-service/Generated/Models/WebsiteModels.cs(994,5): warning CS1591: Missing XML comment for publicly visible type or member 'SubscriptionResponseStatus.Inactive' [/home/lysander/repos/bannou/Bannou.SDK/Bannou.SDK.csproj::TargetFramework=net9.0]
/home/lysander/repos/bannou/bannou-service/Generated/Models/WebsiteModels.cs(997,5): warning CS1591: Missing XML comment for publicly visible type or member 'SubscriptionResponseStatus.Trial' [/home/lysander/repos/bannou/Bannou.SDK/Bannou.SDK.csproj::TargetFramework=net9.0]
/home/lysander/repos/bannou/bannou-service/Generated/Models/WebsiteModels.cs(1000,5): warning CS1591: Missing XML comment for publicly visible type or member 'SubscriptionResponseStatus.Expired' [/home/lysander/repos/bannou/Bannou.SDK/Bannou.SDK.csproj::TargetFramework=net9.0]
/home/lysander/repos/bannou/bannou-service/Generated/Models/WebsiteModels.cs(1005,13): warning CS1591: Missing XML comment for publicly visible type or member 'SubscriptionResponseType' [/home/lysander/repos/bannou/Bannou.SDK/Bannou.SDK.csproj::TargetFramework=net9.0]
/home/lysander/repos/bannou/bannou-service/Generated/Models/WebsiteModels.cs(1009,5): warning CS1591: Missing XML comment for publicly visible type or member 'SubscriptionResponseType.Free' [/home/lysander/repos/bannou/Bannou.SDK/Bannou.SDK.csproj::TargetFramework=net9.0]
/home/lysander/repos/bannou/bannou-service/Generated/Models/WebsiteModels.cs(1012,5): warning CS1591: Missing XML comment for publicly visible type or member 'SubscriptionResponseType.Basic' [/home/lysander/repos/bannou/Bannou.SDK/Bannou.SDK.csproj::TargetFramework=net9.0]
/home/lysander/repos/bannou/bannou-service/Generated/Models/WebsiteModels.cs(1015,5): warning CS1591: Missing XML comment for publicly visible type or member 'SubscriptionResponseType.Premium' [/home/lysander/repos/bannou/Bannou.SDK/Bannou.SDK.csproj::TargetFramework=net9.0]
/home/lysander/repos/bannou/bannou-service/Generated/Models/WebsiteModels.cs(1018,5): warning CS1591: Missing XML comment for publicly visible type or member 'SubscriptionResponseType.Lifetime' [/home/lysander/repos/bannou/Bannou.SDK/Bannou.SDK.csproj::TargetFramework=net9.0]
/home/lysander/repos/bannou/bannou-service/Generated/Clients/MeshClient.cs(19,26): warning CS1591: Missing XML comment for publicly visible type or member 'IMeshClient' [/home/lysander/repos/bannou/Bannou.SDK/Bannou.SDK.csproj::TargetFramework=net9.0]
/home/lysander/repos/bannou/bannou-service/Generated/Clients/MeshClient.cs(32,93): warning CS1573: Parameter 'body' has no matching param tag in the XML comment for 'IMeshClient.GetEndpointsAsync(GetEndpointsRequest, CancellationToken)' (but other parameters do) [/home/lysander/repos/bannou/Bannou.SDK/Bannou.SDK.csproj::TargetFramework=net9.0]
/home/lysander/repos/bannou/bannou-service/Generated/Clients/MeshClient.cs(44,96): warning CS1573: Parameter 'body' has no matching param tag in the XML comment for 'IMeshClient.ListEndpointsAsync(ListEndpointsRequest, CancellationToken)' (but other parameters do) [/home/lysander/repos/bannou/Bannou.SDK/Bannou.SDK.csproj::TargetFramework=net9.0]
/home/lysander/repos/bannou/bannou-service/Generated/Clients/MeshClient.cs(57,105): warning CS1573: Parameter 'body' has no matching param tag in the XML comment for 'IMeshClient.RegisterEndpointAsync(RegisterEndpointRequest, CancellationToken)' (but other parameters do) [/home/lysander/repos/bannou/Bannou.SDK/Bannou.SDK.csproj::TargetFramework=net9.0]
/home/lysander/repos/bannou/bannou-service/Generated/Clients/MeshClient.cs(69,83): warning CS1573: Parameter 'body' has no matching param tag in the XML comment for 'IMeshClient.DeregisterEndpointAsync(DeregisterEndpointRequest, CancellationToken)' (but other parameters do) [/home/lysander/repos/bannou/Bannou.SDK/Bannou.SDK.csproj::TargetFramework=net9.0]
/home/lysander/repos/bannou/bannou-service/Generated/Clients/MeshClient.cs(81,84): warning CS1573: Parameter 'body' has no matching param tag in the XML comment for 'IMeshClient.HeartbeatAsync(HeartbeatRequest, CancellationToken)' (but other parameters do) [/home/lysander/repos/bannou/Bannou.SDK/Bannou.SDK.csproj::TargetFramework=net9.0]
/home/lysander/repos/bannou/bannou-service/Generated/Clients/MeshClient.cs(93,81): warning CS1573: Parameter 'body' has no matching param tag in the XML comment for 'IMeshClient.GetRouteAsync(GetRouteRequest, CancellationToken)' (but other parameters do) [/home/lysander/repos/bannou/Bannou.SDK/Bannou.SDK.csproj::TargetFramework=net9.0]
/home/lysander/repos/bannou/bannou-service/Generated/Clients/MeshClient.cs(105,90): warning CS1573: Parameter 'body' has no matching param tag in the XML comment for 'IMeshClient.GetMappingsAsync(GetMappingsRequest, CancellationToken)' (but other parameters do) [/home/lysander/repos/bannou/Bannou.SDK/Bannou.SDK.csproj::TargetFramework=net9.0]
/home/lysander/repos/bannou/bannou-service/Generated/Clients/MeshClient.cs(119,85): warning CS1573: Parameter 'body' has no matching param tag in the XML comment for 'IMeshClient.GetHealthAsync(GetHealthRequest, CancellationToken)' (but other parameters do) [/home/lysander/repos/bannou/Bannou.SDK/Bannou.SDK.csproj::TargetFramework=net9.0]
/home/lysander/repos/bannou/bannou-service/Generated/Clients/MeshClient.cs(123,22): warning CS1591: Missing XML comment for publicly visible type or member 'MeshClient' [/home/lysander/repos/bannou/Bannou.SDK/Bannou.SDK.csproj::TargetFramework=net9.0]
/home/lysander/repos/bannou/bannou-service/Generated/Clients/MeshClient.cs(143,12): warning CS1591: Missing XML comment for publicly visible type or member 'MeshClient.MeshClient(IMeshInvocationClient, IServiceAppMappingResolver, ILogger<MeshClient>?)' [/home/lysander/repos/bannou/Bannou.SDK/Bannou.SDK.csproj::TargetFramework=net9.0]
/home/lysander/repos/bannou/bannou-service/Generated/Clients/MeshClient.cs(151,54): warning CS1591: Missing XML comment for publicly visible type or member 'MeshClient.JsonSerializerSettings' [/home/lysander/repos/bannou/Bannou.SDK/Bannou.SDK.csproj::TargetFramework=net9.0]
/home/lysander/repos/bannou/bannou-service/Generated/Clients/MeshClient.cs(255,114): warning CS1573: Parameter 'body' has no matching param tag in the XML comment for 'MeshClient.GetEndpointsAsync(GetEndpointsRequest, CancellationToken)' (but other parameters do) [/home/lysander/repos/bannou/Bannou.SDK/Bannou.SDK.csproj::TargetFramework=net9.0]
/home/lysander/repos/bannou/bannou-service/Generated/Clients/MeshClient.cs(344,117): warning CS1573: Parameter 'body' has no matching param tag in the XML comment for 'MeshClient.ListEndpointsAsync(ListEndpointsRequest, CancellationToken)' (but other parameters do) [/home/lysander/repos/bannou/Bannou.SDK/Bannou.SDK.csproj::TargetFramework=net9.0]
/home/lysander/repos/bannou/bannou-service/Generated/Clients/MeshClient.cs(428,126): warning CS1573: Parameter 'body' has no matching param tag in the XML comment for 'MeshClient.RegisterEndpointAsync(RegisterEndpointRequest, CancellationToken)' (but other parameters do) [/home/lysander/repos/bannou/Bannou.SDK/Bannou.SDK.csproj::TargetFramework=net9.0]
/home/lysander/repos/bannou/bannou-service/Generated/Clients/MeshClient.cs(517,104): warning CS1573: Parameter 'body' has no matching param tag in the XML comment for 'MeshClient.DeregisterEndpointAsync(DeregisterEndpointRequest, CancellationToken)' (but other parameters do) [/home/lysander/repos/bannou/Bannou.SDK/Bannou.SDK.csproj::TargetFramework=net9.0]
/home/lysander/repos/bannou/bannou-service/Generated/Clients/MeshClient.cs(600,105): warning CS1573: Parameter 'body' has no matching param tag in the XML comment for 'MeshClient.HeartbeatAsync(HeartbeatRequest, CancellationToken)' (but other parameters do) [/home/lysander/repos/bannou/Bannou.SDK/Bannou.SDK.csproj::TargetFramework=net9.0]
/home/lysander/repos/bannou/bannou-service/Generated/Clients/MeshClient.cs(689,102): warning CS1573: Parameter 'body' has no matching param tag in the XML comment for 'MeshClient.GetRouteAsync(GetRouteRequest, CancellationToken)' (but other parameters do) [/home/lysander/repos/bannou/Bannou.SDK/Bannou.SDK.csproj::TargetFramework=net9.0]
/home/lysander/repos/bannou/bannou-service/Generated/Clients/MeshClient.cs(778,111): warning CS1573: Parameter 'body' has no matching param tag in the XML comment for 'MeshClient.GetMappingsAsync(GetMappingsRequest, CancellationToken)' (but other parameters do) [/home/lysander/repos/bannou/Bannou.SDK/Bannou.SDK.csproj::TargetFramework=net9.0]
/home/lysander/repos/bannou/bannou-service/Generated/Clients/MeshClient.cs(863,106): warning CS1573: Parameter 'body' has no matching param tag in the XML comment for 'MeshClient.GetHealthAsync(GetHealthRequest, CancellationToken)' (but other parameters do) [/home/lysander/repos/bannou/Bannou.SDK/Bannou.SDK.csproj::TargetFramework=net9.0]
/home/lysander/repos/bannou/bannou-service/Generated/Clients/MeshClient.cs(936,22): warning CS1591: Missing XML comment for publicly visible type or member 'MeshClient.ObjectResponseResult<T>' [/home/lysander/repos/bannou/Bannou.SDK/Bannou.SDK.csproj::TargetFramework=net9.0]
/home/lysander/repos/bannou/bannou-service/Generated/Clients/MeshClient.cs(938,16): warning CS1591: Missing XML comment for publicly visible type or member 'MeshClient.ObjectResponseResult<T>.ObjectResponseResult(T, string)' [/home/lysander/repos/bannou/Bannou.SDK/Bannou.SDK.csproj::TargetFramework=net9.0]
/home/lysander/repos/bannou/bannou-service/Generated/Clients/MeshClient.cs(944,18): warning CS1591: Missing XML comment for publicly visible type or member 'MeshClient.ObjectResponseResult<T>.Object' [/home/lysander/repos/bannou/Bannou.SDK/Bannou.SDK.csproj::TargetFramework=net9.0]
/home/lysander/repos/bannou/bannou-service/Generated/Clients/MeshClient.cs(946,23): warning CS1591: Missing XML comment for publicly visible type or member 'MeshClient.ObjectResponseResult<T>.Text' [/home/lysander/repos/bannou/Bannou.SDK/Bannou.SDK.csproj::TargetFramework=net9.0]
/home/lysander/repos/bannou/bannou-service/Generated/Clients/MeshClient.cs(969,17): warning CS1591: Missing XML comment for publicly visible type or member 'MeshClient.ReadResponseAsString' [/home/lysander/repos/bannou/Bannou.SDK/Bannou.SDK.csproj::TargetFramework=net9.0]
/home/lysander/repos/bannou/bannou-service/Generated/Clients/MeshClient.cs(971,86): warning CS1591: Missing XML comment for publicly visible type or member 'MeshClient.ReadObjectResponseAsync<T>(HttpResponseMessage, IReadOnlyDictionary<string, IEnumerable<string>>, CancellationToken)' [/home/lysander/repos/bannou/Bannou.SDK/Bannou.SDK.csproj::TargetFramework=net9.0]
/home/lysander/repos/bannou/bannou-service/Generated/Models/MeshModels.cs(58,27): warning CS1591: Missing XML comment for publicly visible type or member 'MeshEndpoint.Status' [/home/lysander/repos/bannou/Bannou.SDK/Bannou.SDK.csproj::TargetFramework=net9.0]
/home/lysander/repos/bannou/bannou-service/Generated/Models/MeshModels.cs(99,68): warning CS1591: Missing XML comment for publicly visible type or member 'MeshEndpoint.AdditionalProperties' [/home/lysander/repos/bannou/Bannou.SDK/Bannou.SDK.csproj::TargetFramework=net9.0]
/home/lysander/repos/bannou/bannou-service/Generated/Models/MeshModels.cs(115,5): warning CS1591: Missing XML comment for publicly visible type or member 'EndpointStatus.Healthy' [/home/lysander/repos/bannou/Bannou.SDK/Bannou.SDK.csproj::TargetFramework=net9.0]
/home/lysander/repos/bannou/bannou-service/Generated/Models/MeshModels.cs(118,5): warning CS1591: Missing XML comment for publicly visible type or member 'EndpointStatus.Degraded' [/home/lysander/repos/bannou/Bannou.SDK/Bannou.SDK.csproj::TargetFramework=net9.0]
/home/lysander/repos/bannou/bannou-service/Generated/Models/MeshModels.cs(121,5): warning CS1591: Missing XML comment for publicly visible type or member 'EndpointStatus.Unavailable' [/home/lysander/repos/bannou/Bannou.SDK/Bannou.SDK.csproj::TargetFramework=net9.0]
/home/lysander/repos/bannou/bannou-service/Generated/Models/MeshModels.cs(124,5): warning CS1591: Missing XML comment for publicly visible type or member 'EndpointStatus.ShuttingDown' [/home/lysander/repos/bannou/Bannou.SDK/Bannou.SDK.csproj::TargetFramework=net9.0]
/home/lysander/repos/bannou/bannou-service/Generated/Models/MeshModels.cs(136,5): warning CS1591: Missing XML comment for publicly visible type or member 'LoadBalancerAlgorithm.RoundRobin' [/home/lysander/repos/bannou/Bannou.SDK/Bannou.SDK.csproj::TargetFramework=net9.0]
/home/lysander/repos/bannou/bannou-service/Generated/Models/MeshModels.cs(139,5): warning CS1591: Missing XML comment for publicly visible type or member 'LoadBalancerAlgorithm.LeastConnections' [/home/lysander/repos/bannou/Bannou.SDK/Bannou.SDK.csproj::TargetFramework=net9.0]
/home/lysander/repos/bannou/bannou-service/Generated/Models/MeshModels.cs(142,5): warning CS1591: Missing XML comment for publicly visible type or member 'LoadBalancerAlgorithm.Weighted' [/home/lysander/repos/bannou/Bannou.SDK/Bannou.SDK.csproj::TargetFramework=net9.0]
/home/lysander/repos/bannou/bannou-service/Generated/Models/MeshModels.cs(145,5): warning CS1591: Missing XML comment for publicly visible type or member 'LoadBalancerAlgorithm.Random' [/home/lysander/repos/bannou/Bannou.SDK/Bannou.SDK.csproj::TargetFramework=net9.0]
/home/lysander/repos/bannou/bannou-service/Generated/Models/MeshModels.cs(179,68): warning CS1591: Missing XML comment for publicly visible type or member 'GetEndpointsRequest.AdditionalProperties' [/home/lysander/repos/bannou/Bannou.SDK/Bannou.SDK.csproj::TargetFramework=net9.0]
/home/lysander/repos/bannou/bannou-service/Generated/Models/MeshModels.cs(197,19): warning CS1591: Missing XML comment for publicly visible type or member 'GetEndpointsResponse.AppId' [/home/lysander/repos/bannou/Bannou.SDK/Bannou.SDK.csproj::TargetFramework=net9.0]
/home/lysander/repos/bannou/bannou-service/Generated/Models/MeshModels.cs(202,65): warning CS1591: Missing XML comment for publicly visible type or member 'GetEndpointsResponse.Endpoints' [/home/lysander/repos/bannou/Bannou.SDK/Bannou.SDK.csproj::TargetFramework=net9.0]
/home/lysander/repos/bannou/bannou-service/Generated/Models/MeshModels.cs(219,68): warning CS1591: Missing XML comment for publicly visible type or member 'GetEndpointsResponse.AdditionalProperties' [/home/lysander/repos/bannou/Bannou.SDK/Bannou.SDK.csproj::TargetFramework=net9.0]
/home/lysander/repos/bannou/bannou-service/Generated/Models/MeshModels.cs(236,27): warning CS1591: Missing XML comment for publicly visible type or member 'ListEndpointsRequest.StatusFilter' [/home/lysander/repos/bannou/Bannou.SDK/Bannou.SDK.csproj::TargetFramework=net9.0]
/home/lysander/repos/bannou/bannou-service/Generated/Models/MeshModels.cs(247,68): warning CS1591: Missing XML comment for publicly visible type or member 'ListEndpointsRequest.AdditionalProperties' [/home/lysander/repos/bannou/Bannou.SDK/Bannou.SDK.csproj::TargetFramework=net9.0]
/home/lysander/repos/bannou/bannou-service/Generated/Models/MeshModels.cs(265,65): warning CS1591: Missing XML comment for publicly visible type or member 'ListEndpointsResponse.Endpoints' [/home/lysander/repos/bannou/Bannou.SDK/Bannou.SDK.csproj::TargetFramework=net9.0]
/home/lysander/repos/bannou/bannou-service/Generated/Models/MeshModels.cs(270,28): warning CS1591: Missing XML comment for publicly visible type or member 'ListEndpointsResponse.Summary' [/home/lysander/repos/bannou/Bannou.SDK/Bannou.SDK.csproj::TargetFramework=net9.0]
/home/lysander/repos/bannou/bannou-service/Generated/Models/MeshModels.cs(275,68): warning CS1591: Missing XML comment for publicly visible type or member 'ListEndpointsResponse.AdditionalProperties' [/home/lysander/repos/bannou/Bannou.SDK/Bannou.SDK.csproj::TargetFramework=net9.0]
/home/lysander/repos/bannou/bannou-service/Generated/Models/MeshModels.cs(291,16): warning CS1591: Missing XML comment for publicly visible type or member 'EndpointSummary.TotalEndpoints' [/home/lysander/repos/bannou/Bannou.SDK/Bannou.SDK.csproj::TargetFramework=net9.0]
/home/lysander/repos/bannou/bannou-service/Generated/Models/MeshModels.cs(294,16): warning CS1591: Missing XML comment for publicly visible type or member 'EndpointSummary.HealthyCount' [/home/lysander/repos/bannou/Bannou.SDK/Bannou.SDK.csproj::TargetFramework=net9.0]
/home/lysander/repos/bannou/bannou-service/Generated/Models/MeshModels.cs(297,16): warning CS1591: Missing XML comment for publicly visible type or member 'EndpointSummary.DegradedCount' [/home/lysander/repos/bannou/Bannou.SDK/Bannou.SDK.csproj::TargetFramework=net9.0]
/home/lysander/repos/bannou/bannou-service/Generated/Models/MeshModels.cs(300,16): warning CS1591: Missing XML comment for publicly visible type or member 'EndpointSummary.UnavailableCount' [/home/lysander/repos/bannou/Bannou.SDK/Bannou.SDK.csproj::TargetFramework=net9.0]
/home/lysander/repos/bannou/bannou-service/Generated/Models/MeshModels.cs(303,16): warning CS1591: Missing XML comment for publicly visible type or member 'EndpointSummary.UniqueAppIds' [/home/lysander/repos/bannou/Bannou.SDK/Bannou.SDK.csproj::TargetFramework=net9.0]
/home/lysander/repos/bannou/bannou-service/Generated/Models/MeshModels.cs(308,68): warning CS1591: Missing XML comment for publicly visible type or member 'EndpointSummary.AdditionalProperties' [/home/lysander/repos/bannou/Bannou.SDK/Bannou.SDK.csproj::TargetFramework=net9.0]
/home/lysander/repos/bannou/bannou-service/Generated/Models/MeshModels.cs(374,68): warning CS1591: Missing XML comment for publicly visible type or member 'RegisterEndpointRequest.AdditionalProperties' [/home/lysander/repos/bannou/Bannou.SDK/Bannou.SDK.csproj::TargetFramework=net9.0]
/home/lysander/repos/bannou/bannou-service/Generated/Models/MeshModels.cs(390,17): warning CS1591: Missing XML comment for publicly visible type or member 'RegisterEndpointResponse.Success' [/home/lysander/repos/bannou/Bannou.SDK/Bannou.SDK.csproj::TargetFramework=net9.0]
/home/lysander/repos/bannou/bannou-service/Generated/Models/MeshModels.cs(395,25): warning CS1591: Missing XML comment for publicly visible type or member 'RegisterEndpointResponse.Endpoint' [/home/lysander/repos/bannou/Bannou.SDK/Bannou.SDK.csproj::TargetFramework=net9.0]
/home/lysander/repos/bannou/bannou-service/Generated/Models/MeshModels.cs(406,68): warning CS1591: Missing XML comment for publicly visible type or member 'RegisterEndpointResponse.AdditionalProperties' [/home/lysander/repos/bannou/Bannou.SDK/Bannou.SDK.csproj::TargetFramework=net9.0]
/home/lysander/repos/bannou/bannou-service/Generated/Models/MeshModels.cs(432,68): warning CS1591: Missing XML comment for publicly visible type or member 'DeregisterEndpointRequest.AdditionalProperties' [/home/lysander/repos/bannou/Bannou.SDK/Bannou.SDK.csproj::TargetFramework=net9.0]
/home/lysander/repos/bannou/bannou-service/Generated/Models/MeshModels.cs(450,24): warning CS1591: Missing XML comment for publicly visible type or member 'HeartbeatRequest.InstanceId' [/home/lysander/repos/bannou/Bannou.SDK/Bannou.SDK.csproj::TargetFramework=net9.0]
/home/lysander/repos/bannou/bannou-service/Generated/Models/MeshModels.cs(454,27): warning CS1591: Missing XML comment for publicly visible type or member 'HeartbeatRequest.Status' [/home/lysander/repos/bannou/Bannou.SDK/Bannou.SDK.csproj::TargetFramework=net9.0]
/home/lysander/repos/bannou/bannou-service/Generated/Models/MeshModels.cs(477,68): warning CS1591: Missing XML comment for publicly visible type or member 'HeartbeatRequest.AdditionalProperties' [/home/lysander/repos/bannou/Bannou.SDK/Bannou.SDK.csproj::TargetFramework=net9.0]
/home/lysander/repos/bannou/bannou-service/Generated/Models/MeshModels.cs(493,17): warning CS1591: Missing XML comment for publicly visible type or member 'HeartbeatResponse.Success' [/home/lysander/repos/bannou/Bannou.SDK/Bannou.SDK.csproj::TargetFramework=net9.0]
/home/lysander/repos/bannou/bannou-service/Generated/Models/MeshModels.cs(510,68): warning CS1591: Missing XML comment for publicly visible type or member 'HeartbeatResponse.AdditionalProperties' [/home/lysander/repos/bannou/Bannou.SDK/Bannou.SDK.csproj::TargetFramework=net9.0]
/home/lysander/repos/bannou/bannou-service/Generated/Models/MeshModels.cs(541,34): warning CS1591: Missing XML comment for publicly visible type or member 'GetRouteRequest.Algorithm' [/home/lysander/repos/bannou/Bannou.SDK/Bannou.SDK.csproj::TargetFramework=net9.0]
/home/lysander/repos/bannou/bannou-service/Generated/Models/MeshModels.cs(546,68): warning CS1591: Missing XML comment for publicly visible type or member 'GetRouteRequest.AdditionalProperties' [/home/lysander/repos/bannou/Bannou.SDK/Bannou.SDK.csproj::TargetFramework=net9.0]
/home/lysander/repos/bannou/bannou-service/Generated/Models/MeshModels.cs(564,25): warning CS1591: Missing XML comment for publicly visible type or member 'GetRouteResponse.Endpoint' [/home/lysander/repos/bannou/Bannou.SDK/Bannou.SDK.csproj::TargetFramework=net9.0]
/home/lysander/repos/bannou/bannou-service/Generated/Models/MeshModels.cs(575,68): warning CS1591: Missing XML comment for publicly visible type or member 'GetRouteResponse.AdditionalProperties' [/home/lysander/repos/bannou/Bannou.SDK/Bannou.SDK.csproj::TargetFramework=net9.0]
/home/lysander/repos/bannou/bannou-service/Generated/Models/MeshModels.cs(599,68): warning CS1591: Missing XML comment for publicly visible type or member 'GetMappingsRequest.AdditionalProperties' [/home/lysander/repos/bannou/Bannou.SDK/Bannou.SDK.csproj::TargetFramework=net9.0]
/home/lysander/repos/bannou/bannou-service/Generated/Models/MeshModels.cs(637,68): warning CS1591: Missing XML comment for publicly visible type or member 'GetMappingsResponse.AdditionalProperties' [/home/lysander/repos/bannou/Bannou.SDK/Bannou.SDK.csproj::TargetFramework=net9.0]
/home/lysander/repos/bannou/bannou-service/Generated/Models/MeshModels.cs(661,68): warning CS1591: Missing XML comment for publicly visible type or member 'GetHealthRequest.AdditionalProperties' [/home/lysander/repos/bannou/Bannou.SDK/Bannou.SDK.csproj::TargetFramework=net9.0]
/home/lysander/repos/bannou/bannou-service/Generated/Models/MeshModels.cs(680,27): warning CS1591: Missing XML comment for publicly visible type or member 'MeshHealthResponse.Status' [/home/lysander/repos/bannou/Bannou.SDK/Bannou.SDK.csproj::TargetFramework=net9.0]
/home/lysander/repos/bannou/bannou-service/Generated/Models/MeshModels.cs(685,28): warning CS1591: Missing XML comment for publicly visible type or member 'MeshHealthResponse.Summary' [/home/lysander/repos/bannou/Bannou.SDK/Bannou.SDK.csproj::TargetFramework=net9.0]
/home/lysander/repos/bannou/bannou-service/Generated/Models/MeshModels.cs(694,34): warning CS1591: Missing XML comment for publicly visible type or member 'MeshHealthResponse.LastUpdateTime' [/home/lysander/repos/bannou/Bannou.SDK/Bannou.SDK.csproj::TargetFramework=net9.0]
/home/lysander/repos/bannou/bannou-service/Generated/Models/MeshModels.cs(711,68): warning CS1591: Missing XML comment for publicly visible type or member 'MeshHealthResponse.AdditionalProperties' [/home/lysander/repos/bannou/Bannou.SDK/Bannou.SDK.csproj::TargetFramework=net9.0]
/home/lysander/repos/bannou/bannou-service/Generated/Clients/StateClient.cs(19,26): warning CS1591: Missing XML comment for publicly visible type or member 'IStateClient' [/home/lysander/repos/bannou/Bannou.SDK/Bannou.SDK.csproj::TargetFramework=net9.0]
/home/lysander/repos/bannou/bannou-service/Generated/Clients/StateClient.cs(28,81): warning CS1573: Parameter 'body' has no matching param tag in the XML comment for 'IStateClient.GetStateAsync(GetStateRequest, CancellationToken)' (but other parameters do) [/home/lysander/repos/bannou/Bannou.SDK/Bannou.SDK.csproj::TargetFramework=net9.0]
/home/lysander/repos/bannou/bannou-service/Generated/Clients/StateClient.cs(36,84): warning CS1573: Parameter 'body' has no matching param tag in the XML comment for 'IStateClient.SaveStateAsync(SaveStateRequest, CancellationToken)' (but other parameters do) [/home/lysander/repos/bannou/Bannou.SDK/Bannou.SDK.csproj::TargetFramework=net9.0]
/home/lysander/repos/bannou/bannou-service/Generated/Clients/StateClient.cs(44,90): warning CS1573: Parameter 'body' has no matching param tag in the XML comment for 'IStateClient.DeleteStateAsync(DeleteStateRequest, CancellationToken)' (but other parameters do) [/home/lysander/repos/bannou/Bannou.SDK/Bannou.SDK.csproj::TargetFramework=net9.0]
/home/lysander/repos/bannou/bannou-service/Generated/Clients/StateClient.cs(52,87): warning CS1573: Parameter 'body' has no matching param tag in the XML comment for 'IStateClient.QueryStateAsync(QueryStateRequest, CancellationToken)' (but other parameters do) [/home/lysander/repos/bannou/Bannou.SDK/Bannou.SDK.csproj::TargetFramework=net9.0]
/home/lysander/repos/bannou/bannou-service/Generated/Clients/StateClient.cs(60,93): warning CS1573: Parameter 'body' has no matching param tag in the XML comment for 'IStateClient.BulkGetStateAsync(BulkGetStateRequest, CancellationToken)' (but other parameters do) [/home/lysander/repos/bannou/Bannou.SDK/Bannou.SDK.csproj::TargetFramework=net9.0]
/home/lysander/repos/bannou/bannou-service/Generated/Clients/StateClient.cs(68,88): warning CS1573: Parameter 'body' has no matching param tag in the XML comment for 'IStateClient.ListStoresAsync(ListStoresRequest?, CancellationToken)' (but other parameters do) [/home/lysander/repos/bannou/Bannou.SDK/Bannou.SDK.csproj::TargetFramework=net9.0]
/home/lysander/repos/bannou/bannou-service/Generated/Clients/StateClient.cs(72,22): warning CS1591: Missing XML comment for publicly visible type or member 'StateClient' [/home/lysander/repos/bannou/Bannou.SDK/Bannou.SDK.csproj::TargetFramework=net9.0]
/home/lysander/repos/bannou/bannou-service/Generated/Clients/StateClient.cs(92,12): warning CS1591: Missing XML comment for publicly visible type or member 'StateClient.StateClient(IMeshInvocationClient, IServiceAppMappingResolver, ILogger<StateClient>?)' [/home/lysander/repos/bannou/Bannou.SDK/Bannou.SDK.csproj::TargetFramework=net9.0]
/home/lysander/repos/bannou/bannou-service/Generated/Clients/StateClient.cs(100,54): warning CS1591: Missing XML comment for publicly visible type or member 'StateClient.JsonSerializerSettings' [/home/lysander/repos/bannou/Bannou.SDK/Bannou.SDK.csproj::TargetFramework=net9.0]
/home/lysander/repos/bannou/bannou-service/Generated/Clients/StateClient.cs(200,102): warning CS1573: Parameter 'body' has no matching param tag in the XML comment for 'StateClient.GetStateAsync(GetStateRequest, CancellationToken)' (but other parameters do) [/home/lysander/repos/bannou/Bannou.SDK/Bannou.SDK.csproj::TargetFramework=net9.0]
/home/lysander/repos/bannou/bannou-service/Generated/Clients/StateClient.cs(285,105): warning CS1573: Parameter 'body' has no matching param tag in the XML comment for 'StateClient.SaveStateAsync(SaveStateRequest, CancellationToken)' (but other parameters do) [/home/lysander/repos/bannou/Bannou.SDK/Bannou.SDK.csproj::TargetFramework=net9.0]
/home/lysander/repos/bannou/bannou-service/Generated/Clients/StateClient.cs(364,111): warning CS1573: Parameter 'body' has no matching param tag in the XML comment for 'StateClient.DeleteStateAsync(DeleteStateRequest, CancellationToken)' (but other parameters do) [/home/lysander/repos/bannou/Bannou.SDK/Bannou.SDK.csproj::TargetFramework=net9.0]
/home/lysander/repos/bannou/bannou-service/Generated/Clients/StateClient.cs(443,108): warning CS1573: Parameter 'body' has no matching param tag in the XML comment for 'StateClient.QueryStateAsync(QueryStateRequest, CancellationToken)' (but other parameters do) [/home/lysander/repos/bannou/Bannou.SDK/Bannou.SDK.csproj::TargetFramework=net9.0]
/home/lysander/repos/bannou/bannou-service/Generated/Clients/StateClient.cs(534,114): warning CS1573: Parameter 'body' has no matching param tag in the XML comment for 'StateClient.BulkGetStateAsync(BulkGetStateRequest, CancellationToken)' (but other parameters do) [/home/lysander/repos/bannou/Bannou.SDK/Bannou.SDK.csproj::TargetFramework=net9.0]
/home/lysander/repos/bannou/bannou-service/Generated/Clients/StateClient.cs(613,109): warning CS1573: Parameter 'body' has no matching param tag in the XML comment for 'StateClient.ListStoresAsync(ListStoresRequest?, CancellationToken)' (but other parameters do) [/home/lysander/repos/bannou/Bannou.SDK/Bannou.SDK.csproj::TargetFramework=net9.0]
/home/lysander/repos/bannou/bannou-service/Generated/Clients/StateClient.cs(683,22): warning CS1591: Missing XML comment for publicly visible type or member 'StateClient.ObjectResponseResult<T>' [/home/lysander/repos/bannou/Bannou.SDK/Bannou.SDK.csproj::TargetFramework=net9.0]
/home/lysander/repos/bannou/bannou-service/Generated/Clients/StateClient.cs(685,16): warning CS1591: Missing XML comment for publicly visible type or member 'StateClient.ObjectResponseResult<T>.ObjectResponseResult(T, string)' [/home/lysander/repos/bannou/Bannou.SDK/Bannou.SDK.csproj::TargetFramework=net9.0]
/home/lysander/repos/bannou/bannou-service/Generated/Clients/StateClient.cs(691,18): warning CS1591: Missing XML comment for publicly visible type or member 'StateClient.ObjectResponseResult<T>.Object' [/home/lysander/repos/bannou/Bannou.SDK/Bannou.SDK.csproj::TargetFramework=net9.0]
/home/lysander/repos/bannou/bannou-service/Generated/Clients/StateClient.cs(693,23): warning CS1591: Missing XML comment for publicly visible type or member 'StateClient.ObjectResponseResult<T>.Text' [/home/lysander/repos/bannou/Bannou.SDK/Bannou.SDK.csproj::TargetFramework=net9.0]
/home/lysander/repos/bannou/bannou-service/Generated/Clients/StateClient.cs(716,17): warning CS1591: Missing XML comment for publicly visible type or member 'StateClient.ReadResponseAsString' [/home/lysander/repos/bannou/Bannou.SDK/Bannou.SDK.csproj::TargetFramework=net9.0]
/home/lysander/repos/bannou/bannou-service/Generated/Clients/StateClient.cs(718,86): warning CS1591: Missing XML comment for publicly visible type or member 'StateClient.ReadObjectResponseAsync<T>(HttpResponseMessage, IReadOnlyDictionary<string, IEnumerable<string>>, CancellationToken)' [/home/lysander/repos/bannou/Bannou.SDK/Bannou.SDK.csproj::TargetFramework=net9.0]
/home/lysander/repos/bannou/bannou-service/Generated/Models/StateModels.cs(18,22): warning CS1591: Missing XML comment for publicly visible type or member 'GetStateRequest' [/home/lysander/repos/bannou/Bannou.SDK/Bannou.SDK.csproj::TargetFramework=net9.0]
/home/lysander/repos/bannou/bannou-service/Generated/Models/StateModels.cs(40,68): warning CS1591: Missing XML comment for publicly visible type or member 'GetStateRequest.AdditionalProperties' [/home/lysander/repos/bannou/Bannou.SDK/Bannou.SDK.csproj::TargetFramework=net9.0]
/home/lysander/repos/bannou/bannou-service/Generated/Models/StateModels.cs(49,22): warning CS1591: Missing XML comment for publicly visible type or member 'GetStateResponse' [/home/lysander/repos/bannou/Bannou.SDK/Bannou.SDK.csproj::TargetFramework=net9.0]
/home/lysander/repos/bannou/bannou-service/Generated/Models/StateModels.cs(65,26): warning CS1591: Missing XML comment for publicly visible type or member 'GetStateResponse.Metadata' [/home/lysander/repos/bannou/Bannou.SDK/Bannou.SDK.csproj::TargetFramework=net9.0]
/home/lysander/repos/bannou/bannou-service/Generated/Models/StateModels.cs(70,68): warning CS1591: Missing XML comment for publicly visible type or member 'GetStateResponse.AdditionalProperties' [/home/lysander/repos/bannou/Bannou.SDK/Bannou.SDK.csproj::TargetFramework=net9.0]
/home/lysander/repos/bannou/bannou-service/Generated/Models/StateModels.cs(79,22): warning CS1591: Missing XML comment for publicly visible type or member 'SaveStateRequest' [/home/lysander/repos/bannou/Bannou.SDK/Bannou.SDK.csproj::TargetFramework=net9.0]
/home/lysander/repos/bannou/bannou-service/Generated/Models/StateModels.cs(107,25): warning CS1591: Missing XML comment for publicly visible type or member 'SaveStateRequest.Options' [/home/lysander/repos/bannou/Bannou.SDK/Bannou.SDK.csproj::TargetFramework=net9.0]
/home/lysander/repos/bannou/bannou-service/Generated/Models/StateModels.cs(112,68): warning CS1591: Missing XML comment for publicly visible type or member 'SaveStateRequest.AdditionalProperties' [/home/lysander/repos/bannou/Bannou.SDK/Bannou.SDK.csproj::TargetFramework=net9.0]
/home/lysander/repos/bannou/bannou-service/Generated/Models/StateModels.cs(121,22): warning CS1591: Missing XML comment for publicly visible type or member 'SaveStateResponse' [/home/lysander/repos/bannou/Bannou.SDK/Bannou.SDK.csproj::TargetFramework=net9.0]
/home/lysander/repos/bannou/bannou-service/Generated/Models/StateModels.cs(139,68): warning CS1591: Missing XML comment for publicly visible type or member 'SaveStateResponse.AdditionalProperties' [/home/lysander/repos/bannou/Bannou.SDK/Bannou.SDK.csproj::TargetFramework=net9.0]
/home/lysander/repos/bannou/bannou-service/Generated/Models/StateModels.cs(148,22): warning CS1591: Missing XML comment for publicly visible type or member 'DeleteStateRequest' [/home/lysander/repos/bannou/Bannou.SDK/Bannou.SDK.csproj::TargetFramework=net9.0]
/home/lysander/repos/bannou/bannou-service/Generated/Models/StateModels.cs(170,68): warning CS1591: Missing XML comment for publicly visible type or member 'DeleteStateRequest.AdditionalProperties' [/home/lysander/repos/bannou/Bannou.SDK/Bannou.SDK.csproj::TargetFramework=net9.0]
/home/lysander/repos/bannou/bannou-service/Generated/Models/StateModels.cs(179,22): warning CS1591: Missing XML comment for publicly visible type or member 'DeleteStateResponse' [/home/lysander/repos/bannou/Bannou.SDK/Bannou.SDK.csproj::TargetFramework=net9.0]
/home/lysander/repos/bannou/bannou-service/Generated/Models/StateModels.cs(191,68): warning CS1591: Missing XML comment for publicly visible type or member 'DeleteStateResponse.AdditionalProperties' [/home/lysander/repos/bannou/Bannou.SDK/Bannou.SDK.csproj::TargetFramework=net9.0]
/home/lysander/repos/bannou/bannou-service/Generated/Models/StateModels.cs(200,22): warning CS1591: Missing XML comment for publicly visible type or member 'StateOptions' [/home/lysander/repos/bannou/Bannou.SDK/Bannou.SDK.csproj::TargetFramework=net9.0]
/home/lysander/repos/bannou/bannou-service/Generated/Models/StateModels.cs(225,68): warning CS1591: Missing XML comment for publicly visible type or member 'StateOptions.AdditionalProperties' [/home/lysander/repos/bannou/Bannou.SDK/Bannou.SDK.csproj::TargetFramework=net9.0]
/home/lysander/repos/bannou/bannou-service/Generated/Models/StateModels.cs(234,22): warning CS1591: Missing XML comment for publicly visible type or member 'StateMetadata' [/home/lysander/repos/bannou/Bannou.SDK/Bannou.SDK.csproj::TargetFramework=net9.0]
/home/lysander/repos/bannou/bannou-service/Generated/Models/StateModels.cs(258,68): warning CS1591: Missing XML comment for publicly visible type or member 'StateMetadata.AdditionalProperties' [/home/lysander/repos/bannou/Bannou.SDK/Bannou.SDK.csproj::TargetFramework=net9.0]
/home/lysander/repos/bannou/bannou-service/Generated/Models/StateModels.cs(267,22): warning CS1591: Missing XML comment for publicly visible type or member 'QueryStateRequest' [/home/lysander/repos/bannou/Bannou.SDK/Bannou.SDK.csproj::TargetFramework=net9.0]
/home/lysander/repos/bannou/bannou-service/Generated/Models/StateModels.cs(339,68): warning CS1591: Missing XML comment for publicly visible type or member 'QueryStateRequest.AdditionalProperties' [/home/lysander/repos/bannou/Bannou.SDK/Bannou.SDK.csproj::TargetFramework=net9.0]
/home/lysander/repos/bannou/bannou-service/Generated/Models/StateModels.cs(348,22): warning CS1591: Missing XML comment for publicly visible type or member 'SortField' [/home/lysander/repos/bannou/Bannou.SDK/Bannou.SDK.csproj::TargetFramework=net9.0]
/home/lysander/repos/bannou/bannou-service/Generated/Models/StateModels.cs(367,68): warning CS1591: Missing XML comment for publicly visible type or member 'SortField.AdditionalProperties' [/home/lysander/repos/bannou/Bannou.SDK/Bannou.SDK.csproj::TargetFramework=net9.0]
/home/lysander/repos/bannou/bannou-service/Generated/Models/StateModels.cs(392,26): warning CS1591: Missing XML comment for publicly visible type or member 'QueryCondition.Operator' [/home/lysander/repos/bannou/Bannou.SDK/Bannou.SDK.csproj::TargetFramework=net9.0]
/home/lysander/repos/bannou/bannou-service/Generated/Models/StateModels.cs(403,68): warning CS1591: Missing XML comment for publicly visible type or member 'QueryCondition.AdditionalProperties' [/home/lysander/repos/bannou/Bannou.SDK/Bannou.SDK.csproj::TargetFramework=net9.0]
/home/lysander/repos/bannou/bannou-service/Generated/Models/StateModels.cs(419,5): warning CS1591: Missing XML comment for publicly visible type or member 'QueryOperator.Equals' [/home/lysander/repos/bannou/Bannou.SDK/Bannou.SDK.csproj::TargetFramework=net9.0]
/home/lysander/repos/bannou/bannou-service/Generated/Models/StateModels.cs(422,5): warning CS1591: Missing XML comment for publicly visible type or member 'QueryOperator.NotEquals' [/home/lysander/repos/bannou/Bannou.SDK/Bannou.SDK.csproj::TargetFramework=net9.0]
/home/lysander/repos/bannou/bannou-service/Generated/Models/StateModels.cs(425,5): warning CS1591: Missing XML comment for publicly visible type or member 'QueryOperator.GreaterThan' [/home/lysander/repos/bannou/Bannou.SDK/Bannou.SDK.csproj::TargetFramework=net9.0]
/home/lysander/repos/bannou/bannou-service/Generated/Models/StateModels.cs(428,5): warning CS1591: Missing XML comment for publicly visible type or member 'QueryOperator.GreaterThanOrEqual' [/home/lysander/repos/bannou/Bannou.SDK/Bannou.SDK.csproj::TargetFramework=net9.0]
/home/lysander/repos/bannou/bannou-service/Generated/Models/StateModels.cs(431,5): warning CS1591: Missing XML comment for publicly visible type or member 'QueryOperator.LessThan' [/home/lysander/repos/bannou/Bannou.SDK/Bannou.SDK.csproj::TargetFramework=net9.0]
/home/lysander/repos/bannou/bannou-service/Generated/Models/StateModels.cs(434,5): warning CS1591: Missing XML comment for publicly visible type or member 'QueryOperator.LessThanOrEqual' [/home/lysander/repos/bannou/Bannou.SDK/Bannou.SDK.csproj::TargetFramework=net9.0]
/home/lysander/repos/bannou/bannou-service/Generated/Models/StateModels.cs(437,5): warning CS1591: Missing XML comment for publicly visible type or member 'QueryOperator.Contains' [/home/lysander/repos/bannou/Bannou.SDK/Bannou.SDK.csproj::TargetFramework=net9.0]
/home/lysander/repos/bannou/bannou-service/Generated/Models/StateModels.cs(440,5): warning CS1591: Missing XML comment for publicly visible type or member 'QueryOperator.StartsWith' [/home/lysander/repos/bannou/Bannou.SDK/Bannou.SDK.csproj::TargetFramework=net9.0]
/home/lysander/repos/bannou/bannou-service/Generated/Models/StateModels.cs(443,5): warning CS1591: Missing XML comment for publicly visible type or member 'QueryOperator.EndsWith' [/home/lysander/repos/bannou/Bannou.SDK/Bannou.SDK.csproj::TargetFramework=net9.0]
/home/lysander/repos/bannou/bannou-service/Generated/Models/StateModels.cs(446,5): warning CS1591: Missing XML comment for publicly visible type or member 'QueryOperator.In' [/home/lysander/repos/bannou/Bannou.SDK/Bannou.SDK.csproj::TargetFramework=net9.0]
/home/lysander/repos/bannou/bannou-service/Generated/Models/StateModels.cs(449,5): warning CS1591: Missing XML comment for publicly visible type or member 'QueryOperator.Exists' [/home/lysander/repos/bannou/Bannou.SDK/Bannou.SDK.csproj::TargetFramework=net9.0]
/home/lysander/repos/bannou/bannou-service/Generated/Models/StateModels.cs(452,5): warning CS1591: Missing XML comment for publicly visible type or member 'QueryOperator.NotExists' [/home/lysander/repos/bannou/Bannou.SDK/Bannou.SDK.csproj::TargetFramework=net9.0]
/home/lysander/repos/bannou/bannou-service/Generated/Models/StateModels.cs(455,5): warning CS1591: Missing XML comment for publicly visible type or member 'QueryOperator.FullText' [/home/lysander/repos/bannou/Bannou.SDK/Bannou.SDK.csproj::TargetFramework=net9.0]
/home/lysander/repos/bannou/bannou-service/Generated/Models/StateModels.cs(460,22): warning CS1591: Missing XML comment for publicly visible type or member 'QueryStateResponse' [/home/lysander/repos/bannou/Bannou.SDK/Bannou.SDK.csproj::TargetFramework=net9.0]
/home/lysander/repos/bannou/bannou-service/Generated/Models/StateModels.cs(490,68): warning CS1591: Missing XML comment for publicly visible type or member 'QueryStateResponse.AdditionalProperties' [/home/lysander/repos/bannou/Bannou.SDK/Bannou.SDK.csproj::TargetFramework=net9.0]
/home/lysander/repos/bannou/bannou-service/Generated/Models/StateModels.cs(499,22): warning CS1591: Missing XML comment for publicly visible type or member 'BulkGetStateRequest' [/home/lysander/repos/bannou/Bannou.SDK/Bannou.SDK.csproj::TargetFramework=net9.0]
/home/lysander/repos/bannou/bannou-service/Generated/Models/StateModels.cs(521,68): warning CS1591: Missing XML comment for publicly visible type or member 'BulkGetStateRequest.AdditionalProperties' [/home/lysander/repos/bannou/Bannou.SDK/Bannou.SDK.csproj::TargetFramework=net9.0]
/home/lysander/repos/bannou/bannou-service/Generated/Models/StateModels.cs(530,22): warning CS1591: Missing XML comment for publicly visible type or member 'BulkGetStateResponse' [/home/lysander/repos/bannou/Bannou.SDK/Bannou.SDK.csproj::TargetFramework=net9.0]
/home/lysander/repos/bannou/bannou-service/Generated/Models/StateModels.cs(542,68): warning CS1591: Missing XML comment for publicly visible type or member 'BulkGetStateResponse.AdditionalProperties' [/home/lysander/repos/bannou/Bannou.SDK/Bannou.SDK.csproj::TargetFramework=net9.0]
/home/lysander/repos/bannou/bannou-service/Generated/Models/StateModels.cs(551,22): warning CS1591: Missing XML comment for publicly visible type or member 'BulkStateItem' [/home/lysander/repos/bannou/Bannou.SDK/Bannou.SDK.csproj::TargetFramework=net9.0]
/home/lysander/repos/bannou/bannou-service/Generated/Models/StateModels.cs(581,68): warning CS1591: Missing XML comment for publicly visible type or member 'BulkStateItem.AdditionalProperties' [/home/lysander/repos/bannou/Bannou.SDK/Bannou.SDK.csproj::TargetFramework=net9.0]
/home/lysander/repos/bannou/bannou-service/Generated/Models/StateModels.cs(612,68): warning CS1591: Missing XML comment for publicly visible type or member 'ListStoresRequest.AdditionalProperties' [/home/lysander/repos/bannou/Bannou.SDK/Bannou.SDK.csproj::TargetFramework=net9.0]
/home/lysander/repos/bannou/bannou-service/Generated/Models/StateModels.cs(621,22): warning CS1591: Missing XML comment for publicly visible type or member 'ListStoresResponse' [/home/lysander/repos/bannou/Bannou.SDK/Bannou.SDK.csproj::TargetFramework=net9.0]
/home/lysander/repos/bannou/bannou-service/Generated/Models/StateModels.cs(633,68): warning CS1591: Missing XML comment for publicly visible type or member 'ListStoresResponse.AdditionalProperties' [/home/lysander/repos/bannou/Bannou.SDK/Bannou.SDK.csproj::TargetFramework=net9.0]
/home/lysander/repos/bannou/bannou-service/Generated/Models/StateModels.cs(642,22): warning CS1591: Missing XML comment for publicly visible type or member 'StoreInfo' [/home/lysander/repos/bannou/Bannou.SDK/Bannou.SDK.csproj::TargetFramework=net9.0]
/home/lysander/repos/bannou/bannou-service/Generated/Models/StateModels.cs(667,68): warning CS1591: Missing XML comment for publicly visible type or member 'StoreInfo.AdditionalProperties' [/home/lysander/repos/bannou/Bannou.SDK/Bannou.SDK.csproj::TargetFramework=net9.0]
/home/lysander/repos/bannou/bannou-service/Generated/Models/StateModels.cs(676,13): warning CS1591: Missing XML comment for publicly visible type or member 'StateOptionsConsistency' [/home/lysander/repos/bannou/Bannou.SDK/Bannou.SDK.csproj::TargetFramework=net9.0]
/home/lysander/repos/bannou/bannou-service/Generated/Models/StateModels.cs(680,5): warning CS1591: Missing XML comment for publicly visible type or member 'StateOptionsConsistency.Strong' [/home/lysander/repos/bannou/Bannou.SDK/Bannou.SDK.csproj::TargetFramework=net9.0]
/home/lysander/repos/bannou/bannou-service/Generated/Models/StateModels.cs(683,5): warning CS1591: Missing XML comment for publicly visible type or member 'StateOptionsConsistency.Eventual' [/home/lysander/repos/bannou/Bannou.SDK/Bannou.SDK.csproj::TargetFramework=net9.0]
/home/lysander/repos/bannou/bannou-service/Generated/Models/StateModels.cs(688,13): warning CS1591: Missing XML comment for publicly visible type or member 'SortFieldOrder' [/home/lysander/repos/bannou/Bannou.SDK/Bannou.SDK.csproj::TargetFramework=net9.0]
/home/lysander/repos/bannou/bannou-service/Generated/Models/StateModels.cs(692,5): warning CS1591: Missing XML comment for publicly visible type or member 'SortFieldOrder.Asc' [/home/lysander/repos/bannou/Bannou.SDK/Bannou.SDK.csproj::TargetFramework=net9.0]
/home/lysander/repos/bannou/bannou-service/Generated/Models/StateModels.cs(695,5): warning CS1591: Missing XML comment for publicly visible type or member 'SortFieldOrder.Desc' [/home/lysander/repos/bannou/Bannou.SDK/Bannou.SDK.csproj::TargetFramework=net9.0]
/home/lysander/repos/bannou/bannou-service/Generated/Models/StateModels.cs(700,13): warning CS1591: Missing XML comment for publicly visible type or member 'ListStoresRequestBackendFilter' [/home/lysander/repos/bannou/Bannou.SDK/Bannou.SDK.csproj::TargetFramework=net9.0]
/home/lysander/repos/bannou/bannou-service/Generated/Models/StateModels.cs(704,5): warning CS1591: Missing XML comment for publicly visible type or member 'ListStoresRequestBackendFilter.Redis' [/home/lysander/repos/bannou/Bannou.SDK/Bannou.SDK.csproj::TargetFramework=net9.0]
/home/lysander/repos/bannou/bannou-service/Generated/Models/StateModels.cs(707,5): warning CS1591: Missing XML comment for publicly visible type or member 'ListStoresRequestBackendFilter.Mysql' [/home/lysander/repos/bannou/Bannou.SDK/Bannou.SDK.csproj::TargetFramework=net9.0]
/home/lysander/repos/bannou/bannou-service/Generated/Models/StateModels.cs(712,13): warning CS1591: Missing XML comment for publicly visible type or member 'StoreInfoBackend' [/home/lysander/repos/bannou/Bannou.SDK/Bannou.SDK.csproj::TargetFramework=net9.0]
/home/lysander/repos/bannou/bannou-service/Generated/Models/StateModels.cs(716,5): warning CS1591: Missing XML comment for publicly visible type or member 'StoreInfoBackend.Redis' [/home/lysander/repos/bannou/Bannou.SDK/Bannou.SDK.csproj::TargetFramework=net9.0]
/home/lysander/repos/bannou/bannou-service/Generated/Models/StateModels.cs(719,5): warning CS1591: Missing XML comment for publicly visible type or member 'StoreInfoBackend.Mysql' [/home/lysander/repos/bannou/Bannou.SDK/Bannou.SDK.csproj::TargetFramework=net9.0]
/home/lysander/repos/bannou/bannou-service/Generated/Clients/AccountsClient.cs(19,26): warning CS1591: Missing XML comment for publicly visible type or member 'IAccountsClient' [/home/lysander/repos/bannou/Bannou.SDK/Bannou.SDK.csproj::TargetFramework=net9.0]
/home/lysander/repos/bannou/bannou-service/Generated/Clients/AccountsClient.cs(28,92): warning CS1573: Parameter 'body' has no matching param tag in the XML comment for 'IAccountsClient.ListAccountsAsync(ListAccountsRequest, CancellationToken)' (but other parameters do) [/home/lysander/repos/bannou/Bannou.SDK/Bannou.SDK.csproj::TargetFramework=net9.0]
/home/lysander/repos/bannou/bannou-service/Generated/Clients/AccountsClient.cs(36,90): warning CS1573: Parameter 'body' has no matching param tag in the XML comment for 'IAccountsClient.CreateAccountAsync(CreateAccountRequest, CancellationToken)' (but other parameters do) [/home/lysander/repos/bannou/Bannou.SDK/Bannou.SDK.csproj::TargetFramework=net9.0]
/home/lysander/repos/bannou/bannou-service/Generated/Clients/AccountsClient.cs(44,84): warning CS1573: Parameter 'body' has no matching param tag in the XML comment for 'IAccountsClient.GetAccountAsync(GetAccountRequest, CancellationToken)' (but other parameters do) [/home/lysander/repos/bannou/Bannou.SDK/Bannou.SDK.csproj::TargetFramework=net9.0]
/home/lysander/repos/bannou/bannou-service/Generated/Clients/AccountsClient.cs(52,90): warning CS1573: Parameter 'body' has no matching param tag in the XML comment for 'IAccountsClient.UpdateAccountAsync(UpdateAccountRequest, CancellationToken)' (but other parameters do) [/home/lysander/repos/bannou/Bannou.SDK/Bannou.SDK.csproj::TargetFramework=net9.0]
/home/lysander/repos/bannou/bannou-service/Generated/Clients/AccountsClient.cs(60,73): warning CS1573: Parameter 'body' has no matching param tag in the XML comment for 'IAccountsClient.DeleteAccountAsync(DeleteAccountRequest, CancellationToken)' (but other parameters do) [/home/lysander/repos/bannou/Bannou.SDK/Bannou.SDK.csproj::TargetFramework=net9.0]
/home/lysander/repos/bannou/bannou-service/Generated/Clients/AccountsClient.cs(68,98): warning CS1573: Parameter 'body' has no matching param tag in the XML comment for 'IAccountsClient.GetAccountByEmailAsync(GetAccountByEmailRequest, CancellationToken)' (but other parameters do) [/home/lysander/repos/bannou/Bannou.SDK/Bannou.SDK.csproj::TargetFramework=net9.0]
/home/lysander/repos/bannou/bannou-service/Generated/Clients/AccountsClient.cs(76,96): warning CS1573: Parameter 'body' has no matching param tag in the XML comment for 'IAccountsClient.GetAuthMethodsAsync(GetAuthMethodsRequest, CancellationToken)' (but other parameters do) [/home/lysander/repos/bannou/Bannou.SDK/Bannou.SDK.csproj::TargetFramework=net9.0]
/home/lysander/repos/bannou/bannou-service/Generated/Clients/AccountsClient.cs(84,93): warning CS1573: Parameter 'body' has no matching param tag in the XML comment for 'IAccountsClient.AddAuthMethodAsync(AddAuthMethodRequest, CancellationToken)' (but other parameters do) [/home/lysander/repos/bannou/Bannou.SDK/Bannou.SDK.csproj::TargetFramework=net9.0]
/home/lysander/repos/bannou/bannou-service/Generated/Clients/AccountsClient.cs(92,79): warning CS1573: Parameter 'body' has no matching param tag in the XML comment for 'IAccountsClient.RemoveAuthMethodAsync(RemoveAuthMethodRequest, CancellationToken)' (but other parameters do) [/home/lysander/repos/bannou/Bannou.SDK/Bannou.SDK.csproj::TargetFramework=net9.0]
/home/lysander/repos/bannou/bannou-service/Generated/Clients/AccountsClient.cs(100,104): warning CS1573: Parameter 'body' has no matching param tag in the XML comment for 'IAccountsClient.GetAccountByProviderAsync(GetAccountByProviderRequest, CancellationToken)' (but other parameters do) [/home/lysander/repos/bannou/Bannou.SDK/Bannou.SDK.csproj::TargetFramework=net9.0]
/home/lysander/repos/bannou/bannou-service/Generated/Clients/AccountsClient.cs(108,90): warning CS1573: Parameter 'body' has no matching param tag in the XML comment for 'IAccountsClient.UpdateProfileAsync(UpdateProfileRequest, CancellationToken)' (but other parameters do) [/home/lysander/repos/bannou/Bannou.SDK/Bannou.SDK.csproj::TargetFramework=net9.0]
/home/lysander/repos/bannou/bannou-service/Generated/Clients/AccountsClient.cs(116,79): warning CS1573: Parameter 'body' has no matching param tag in the XML comment for 'IAccountsClient.UpdatePasswordHashAsync(UpdatePasswordRequest, CancellationToken)' (but other parameters do) [/home/lysander/repos/bannou/Bannou.SDK/Bannou.SDK.csproj::TargetFramework=net9.0]
/home/lysander/repos/bannou/bannou-service/Generated/Clients/AccountsClient.cs(124,89): warning CS1573: Parameter 'body' has no matching param tag in the XML comment for 'IAccountsClient.UpdateVerificationStatusAsync(UpdateVerificationRequest, CancellationToken)' (but other parameters do) [/home/lysander/repos/bannou/Bannou.SDK/Bannou.SDK.csproj::TargetFramework=net9.0]
/home/lysander/repos/bannou/bannou-service/Generated/Clients/AccountsClient.cs(128,22): warning CS1591: Missing XML comment for publicly visible type or member 'AccountsClient' [/home/lysander/repos/bannou/Bannou.SDK/Bannou.SDK.csproj::TargetFramework=net9.0]
/home/lysander/repos/bannou/bannou-service/Generated/Clients/AccountsClient.cs(148,12): warning CS1591: Missing XML comment for publicly visible type or member 'AccountsClient.AccountsClient(IMeshInvocationClient, IServiceAppMappingResolver, ILogger<AccountsClient>?)' [/home/lysander/repos/bannou/Bannou.SDK/Bannou.SDK.csproj::TargetFramework=net9.0]
/home/lysander/repos/bannou/bannou-service/Generated/Clients/AccountsClient.cs(156,54): warning CS1591: Missing XML comment for publicly visible type or member 'AccountsClient.JsonSerializerSettings' [/home/lysander/repos/bannou/Bannou.SDK/Bannou.SDK.csproj::TargetFramework=net9.0]
/home/lysander/repos/bannou/bannou-service/Generated/Clients/AccountsClient.cs(256,113): warning CS1573: Parameter 'body' has no matching param tag in the XML comment for 'AccountsClient.ListAccountsAsync(ListAccountsRequest, CancellationToken)' (but other parameters do) [/home/lysander/repos/bannou/Bannou.SDK/Bannou.SDK.csproj::TargetFramework=net9.0]
/home/lysander/repos/bannou/bannou-service/Generated/Clients/AccountsClient.cs(335,111): warning CS1573: Parameter 'body' has no matching param tag in the XML comment for 'AccountsClient.CreateAccountAsync(CreateAccountRequest, CancellationToken)' (but other parameters do) [/home/lysander/repos/bannou/Bannou.SDK/Bannou.SDK.csproj::TargetFramework=net9.0]
/home/lysander/repos/bannou/bannou-service/Generated/Clients/AccountsClient.cs(426,105): warning CS1573: Parameter 'body' has no matching param tag in the XML comment for 'AccountsClient.GetAccountAsync(GetAccountRequest, CancellationToken)' (but other parameters do) [/home/lysander/repos/bannou/Bannou.SDK/Bannou.SDK.csproj::TargetFramework=net9.0]
/home/lysander/repos/bannou/bannou-service/Generated/Clients/AccountsClient.cs(511,111): warning CS1573: Parameter 'body' has no matching param tag in the XML comment for 'AccountsClient.UpdateAccountAsync(UpdateAccountRequest, CancellationToken)' (but other parameters do) [/home/lysander/repos/bannou/Bannou.SDK/Bannou.SDK.csproj::TargetFramework=net9.0]
/home/lysander/repos/bannou/bannou-service/Generated/Clients/AccountsClient.cs(602,94): warning CS1573: Parameter 'body' has no matching param tag in the XML comment for 'AccountsClient.DeleteAccountAsync(DeleteAccountRequest, CancellationToken)' (but other parameters do) [/home/lysander/repos/bannou/Bannou.SDK/Bannou.SDK.csproj::TargetFramework=net9.0]
/home/lysander/repos/bannou/bannou-service/Generated/Clients/AccountsClient.cs(687,119): warning CS1573: Parameter 'body' has no matching param tag in the XML comment for 'AccountsClient.GetAccountByEmailAsync(GetAccountByEmailRequest, CancellationToken)' (but other parameters do) [/home/lysander/repos/bannou/Bannou.SDK/Bannou.SDK.csproj::TargetFramework=net9.0]
/home/lysander/repos/bannou/bannou-service/Generated/Clients/AccountsClient.cs(772,117): warning CS1573: Parameter 'body' has no matching param tag in the XML comment for 'AccountsClient.GetAuthMethodsAsync(GetAuthMethodsRequest, CancellationToken)' (but other parameters do) [/home/lysander/repos/bannou/Bannou.SDK/Bannou.SDK.csproj::TargetFramework=net9.0]
/home/lysander/repos/bannou/bannou-service/Generated/Clients/AccountsClient.cs(857,114): warning CS1573: Parameter 'body' has no matching param tag in the XML comment for 'AccountsClient.AddAuthMethodAsync(AddAuthMethodRequest, CancellationToken)' (but other parameters do) [/home/lysander/repos/bannou/Bannou.SDK/Bannou.SDK.csproj::TargetFramework=net9.0]
/home/lysander/repos/bannou/bannou-service/Generated/Clients/AccountsClient.cs(948,100): warning CS1573: Parameter 'body' has no matching param tag in the XML comment for 'AccountsClient.RemoveAuthMethodAsync(RemoveAuthMethodRequest, CancellationToken)' (but other parameters do) [/home/lysander/repos/bannou/Bannou.SDK/Bannou.SDK.csproj::TargetFramework=net9.0]
/home/lysander/repos/bannou/bannou-service/Generated/Clients/AccountsClient.cs(1033,125): warning CS1573: Parameter 'body' has no matching param tag in the XML comment for 'AccountsClient.GetAccountByProviderAsync(GetAccountByProviderRequest, CancellationToken)' (but other parameters do) [/home/lysander/repos/bannou/Bannou.SDK/Bannou.SDK.csproj::TargetFramework=net9.0]
/home/lysander/repos/bannou/bannou-service/Generated/Clients/AccountsClient.cs(1118,111): warning CS1573: Parameter 'body' has no matching param tag in the XML comment for 'AccountsClient.UpdateProfileAsync(UpdateProfileRequest, CancellationToken)' (but other parameters do) [/home/lysander/repos/bannou/Bannou.SDK/Bannou.SDK.csproj::TargetFramework=net9.0]
/home/lysander/repos/bannou/bannou-service/Generated/Clients/AccountsClient.cs(1203,100): warning CS1573: Parameter 'body' has no matching param tag in the XML comment for 'AccountsClient.UpdatePasswordHashAsync(UpdatePasswordRequest, CancellationToken)' (but other parameters do) [/home/lysander/repos/bannou/Bannou.SDK/Bannou.SDK.csproj::TargetFramework=net9.0]
/home/lysander/repos/bannou/bannou-service/Generated/Clients/AccountsClient.cs(1282,110): warning CS1573: Parameter 'body' has no matching param tag in the XML comment for 'AccountsClient.UpdateVerificationStatusAsync(UpdateVerificationRequest, CancellationToken)' (but other parameters do) [/home/lysander/repos/bannou/Bannou.SDK/Bannou.SDK.csproj::TargetFramework=net9.0]
/home/lysander/repos/bannou/bannou-service/Generated/Clients/AccountsClient.cs(1355,22): warning CS1591: Missing XML comment for publicly visible type or member 'AccountsClient.ObjectResponseResult<T>' [/home/lysander/repos/bannou/Bannou.SDK/Bannou.SDK.csproj::TargetFramework=net9.0]
/home/lysander/repos/bannou/bannou-service/Generated/Clients/AccountsClient.cs(1357,16): warning CS1591: Missing XML comment for publicly visible type or member 'AccountsClient.ObjectResponseResult<T>.ObjectResponseResult(T, string)' [/home/lysander/repos/bannou/Bannou.SDK/Bannou.SDK.csproj::TargetFramework=net9.0]
/home/lysander/repos/bannou/bannou-service/Generated/Clients/AccountsClient.cs(1363,18): warning CS1591: Missing XML comment for publicly visible type or member 'AccountsClient.ObjectResponseResult<T>.Object' [/home/lysander/repos/bannou/Bannou.SDK/Bannou.SDK.csproj::TargetFramework=net9.0]
/home/lysander/repos/bannou/bannou-service/Generated/Clients/AccountsClient.cs(1365,23): warning CS1591: Missing XML comment for publicly visible type or member 'AccountsClient.ObjectResponseResult<T>.Text' [/home/lysander/repos/bannou/Bannou.SDK/Bannou.SDK.csproj::TargetFramework=net9.0]
/home/lysander/repos/bannou/bannou-service/Generated/Clients/AccountsClient.cs(1388,17): warning CS1591: Missing XML comment for publicly visible type or member 'AccountsClient.ReadResponseAsString' [/home/lysander/repos/bannou/Bannou.SDK/Bannou.SDK.csproj::TargetFramework=net9.0]
/home/lysander/repos/bannou/bannou-service/Generated/Clients/AccountsClient.cs(1390,86): warning CS1591: Missing XML comment for publicly visible type or member 'AccountsClient.ReadObjectResponseAsync<T>(HttpResponseMessage, IReadOnlyDictionary<string, IEnumerable<string>>, CancellationToken)' [/home/lysander/repos/bannou/Bannou.SDK/Bannou.SDK.csproj::TargetFramework=net9.0]
/home/lysander/repos/bannou/bannou-service/Generated/Models/AccountsModels.cs(25,5): warning CS1591: Missing XML comment for publicly visible type or member 'AuthProvider.Email' [/home/lysander/repos/bannou/Bannou.SDK/Bannou.SDK.csproj::TargetFramework=net9.0]
/home/lysander/repos/bannou/bannou-service/Generated/Models/AccountsModels.cs(28,5): warning CS1591: Missing XML comment for publicly visible type or member 'AuthProvider.Google' [/home/lysander/repos/bannou/Bannou.SDK/Bannou.SDK.csproj::TargetFramework=net9.0]
/home/lysander/repos/bannou/bannou-service/Generated/Models/AccountsModels.cs(31,5): warning CS1591: Missing XML comment for publicly visible type or member 'AuthProvider.Discord' [/home/lysander/repos/bannou/Bannou.SDK/Bannou.SDK.csproj::TargetFramework=net9.0]
/home/lysander/repos/bannou/bannou-service/Generated/Models/AccountsModels.cs(34,5): warning CS1591: Missing XML comment for publicly visible type or member 'AuthProvider.Twitch' [/home/lysander/repos/bannou/Bannou.SDK/Bannou.SDK.csproj::TargetFramework=net9.0]
/home/lysander/repos/bannou/bannou-service/Generated/Models/AccountsModels.cs(37,5): warning CS1591: Missing XML comment for publicly visible type or member 'AuthProvider.Steam' [/home/lysander/repos/bannou/Bannou.SDK/Bannou.SDK.csproj::TargetFramework=net9.0]
/home/lysander/repos/bannou/bannou-service/Generated/Models/AccountsModels.cs(49,5): warning CS1591: Missing XML comment for publicly visible type or member 'OAuthProvider.Google' [/home/lysander/repos/bannou/Bannou.SDK/Bannou.SDK.csproj::TargetFramework=net9.0]
/home/lysander/repos/bannou/bannou-service/Generated/Models/AccountsModels.cs(52,5): warning CS1591: Missing XML comment for publicly visible type or member 'OAuthProvider.Discord' [/home/lysander/repos/bannou/Bannou.SDK/Bannou.SDK.csproj::TargetFramework=net9.0]
/home/lysander/repos/bannou/bannou-service/Generated/Models/AccountsModels.cs(55,5): warning CS1591: Missing XML comment for publicly visible type or member 'OAuthProvider.Twitch' [/home/lysander/repos/bannou/Bannou.SDK/Bannou.SDK.csproj::TargetFramework=net9.0]
/home/lysander/repos/bannou/bannou-service/Generated/Models/AccountsModels.cs(58,5): warning CS1591: Missing XML comment for publicly visible type or member 'OAuthProvider.Steam' [/home/lysander/repos/bannou/Bannou.SDK/Bannou.SDK.csproj::TargetFramework=net9.0]
/home/lysander/repos/bannou/bannou-service/Generated/Models/AccountsModels.cs(70,20): warning CS1591: Missing XML comment for publicly visible type or member 'ListAccountsRequest.Email' [/home/lysander/repos/bannou/Bannou.SDK/Bannou.SDK.csproj::TargetFramework=net9.0]
/home/lysander/repos/bannou/bannou-service/Generated/Models/AccountsModels.cs(73,20): warning CS1591: Missing XML comment for publicly visible type or member 'ListAccountsRequest.DisplayName' [/home/lysander/repos/bannou/Bannou.SDK/Bannou.SDK.csproj::TargetFramework=net9.0]
/home/lysander/repos/bannou/bannou-service/Generated/Models/AccountsModels.cs(77,26): warning CS1591: Missing XML comment for publicly visible type or member 'ListAccountsRequest.Provider' [/home/lysander/repos/bannou/Bannou.SDK/Bannou.SDK.csproj::TargetFramework=net9.0]
/home/lysander/repos/bannou/bannou-service/Generated/Models/AccountsModels.cs(80,18): warning CS1591: Missing XML comment for publicly visible type or member 'ListAccountsRequest.Verified' [/home/lysander/repos/bannou/Bannou.SDK/Bannou.SDK.csproj::TargetFramework=net9.0]
/home/lysander/repos/bannou/bannou-service/Generated/Models/AccountsModels.cs(84,16): warning CS1591: Missing XML comment for publicly visible type or member 'ListAccountsRequest.Page' [/home/lysander/repos/bannou/Bannou.SDK/Bannou.SDK.csproj::TargetFramework=net9.0]
/home/lysander/repos/bannou/bannou-service/Generated/Models/AccountsModels.cs(88,16): warning CS1591: Missing XML comment for publicly visible type or member 'ListAccountsRequest.PageSize' [/home/lysander/repos/bannou/Bannou.SDK/Bannou.SDK.csproj::TargetFramework=net9.0]
/home/lysander/repos/bannou/bannou-service/Generated/Models/AccountsModels.cs(93,68): warning CS1591: Missing XML comment for publicly visible type or member 'ListAccountsRequest.AdditionalProperties' [/home/lysander/repos/bannou/Bannou.SDK/Bannou.SDK.csproj::TargetFramework=net9.0]
/home/lysander/repos/bannou/bannou-service/Generated/Models/AccountsModels.cs(119,68): warning CS1591: Missing XML comment for publicly visible type or member 'GetAccountRequest.AdditionalProperties' [/home/lysander/repos/bannou/Bannou.SDK/Bannou.SDK.csproj::TargetFramework=net9.0]
/home/lysander/repos/bannou/bannou-service/Generated/Models/AccountsModels.cs(145,68): warning CS1591: Missing XML comment for publicly visible type or member 'DeleteAccountRequest.AdditionalProperties' [/home/lysander/repos/bannou/Bannou.SDK/Bannou.SDK.csproj::TargetFramework=net9.0]
/home/lysander/repos/bannou/bannou-service/Generated/Models/AccountsModels.cs(171,68): warning CS1591: Missing XML comment for publicly visible type or member 'GetAccountByEmailRequest.AdditionalProperties' [/home/lysander/repos/bannou/Bannou.SDK/Bannou.SDK.csproj::TargetFramework=net9.0]
/home/lysander/repos/bannou/bannou-service/Generated/Models/AccountsModels.cs(197,68): warning CS1591: Missing XML comment for publicly visible type or member 'GetAuthMethodsRequest.AdditionalProperties' [/home/lysander/repos/bannou/Bannou.SDK/Bannou.SDK.csproj::TargetFramework=net9.0]
/home/lysander/repos/bannou/bannou-service/Generated/Models/AccountsModels.cs(231,68): warning CS1591: Missing XML comment for publicly visible type or member 'RemoveAuthMethodRequest.AdditionalProperties' [/home/lysander/repos/bannou/Bannou.SDK/Bannou.SDK.csproj::TargetFramework=net9.0]
/home/lysander/repos/bannou/bannou-service/Generated/Models/AccountsModels.cs(266,68): warning CS1591: Missing XML comment for publicly visible type or member 'GetAccountByProviderRequest.AdditionalProperties' [/home/lysander/repos/bannou/Bannou.SDK/Bannou.SDK.csproj::TargetFramework=net9.0]
/home/lysander/repos/bannou/bannou-service/Generated/Models/AccountsModels.cs(275,22): warning CS1591: Missing XML comment for publicly visible type or member 'CreateAccountRequest' [/home/lysander/repos/bannou/Bannou.SDK/Bannou.SDK.csproj::TargetFramework=net9.0]
/home/lysander/repos/bannou/bannou-service/Generated/Models/AccountsModels.cs(281,19): warning CS1591: Missing XML comment for publicly visible type or member 'CreateAccountRequest.Email' [/home/lysander/repos/bannou/Bannou.SDK/Bannou.SDK.csproj::TargetFramework=net9.0]
/home/lysander/repos/bannou/bannou-service/Generated/Models/AccountsModels.cs(291,20): warning CS1591: Missing XML comment for publicly visible type or member 'CreateAccountRequest.DisplayName' [/home/lysander/repos/bannou/Bannou.SDK/Bannou.SDK.csproj::TargetFramework=net9.0]
/home/lysander/repos/bannou/bannou-service/Generated/Models/AccountsModels.cs(294,17): warning CS1591: Missing XML comment for publicly visible type or member 'CreateAccountRequest.EmailVerified' [/home/lysander/repos/bannou/Bannou.SDK/Bannou.SDK.csproj::TargetFramework=net9.0]
/home/lysander/repos/bannou/bannou-service/Generated/Models/AccountsModels.cs(297,59): warning CS1591: Missing XML comment for publicly visible type or member 'CreateAccountRequest.Roles' [/home/lysander/repos/bannou/Bannou.SDK/Bannou.SDK.csproj::TargetFramework=net9.0]
/home/lysander/repos/bannou/bannou-service/Generated/Models/AccountsModels.cs(300,20): warning CS1591: Missing XML comment for publicly visible type or member 'CreateAccountRequest.Metadata' [/home/lysander/repos/bannou/Bannou.SDK/Bannou.SDK.csproj::TargetFramework=net9.0]
/home/lysander/repos/bannou/bannou-service/Generated/Models/AccountsModels.cs(305,68): warning CS1591: Missing XML comment for publicly visible type or member 'CreateAccountRequest.AdditionalProperties' [/home/lysander/repos/bannou/Bannou.SDK/Bannou.SDK.csproj::TargetFramework=net9.0]
/home/lysander/repos/bannou/bannou-service/Generated/Models/AccountsModels.cs(314,22): warning CS1591: Missing XML comment for publicly visible type or member 'UpdateAccountRequest' [/home/lysander/repos/bannou/Bannou.SDK/Bannou.SDK.csproj::TargetFramework=net9.0]
/home/lysander/repos/bannou/bannou-service/Generated/Models/AccountsModels.cs(327,20): warning CS1591: Missing XML comment for publicly visible type or member 'UpdateAccountRequest.DisplayName' [/home/lysander/repos/bannou/Bannou.SDK/Bannou.SDK.csproj::TargetFramework=net9.0]
/home/lysander/repos/bannou/bannou-service/Generated/Models/AccountsModels.cs(330,59): warning CS1591: Missing XML comment for publicly visible type or member 'UpdateAccountRequest.Roles' [/home/lysander/repos/bannou/Bannou.SDK/Bannou.SDK.csproj::TargetFramework=net9.0]
/home/lysander/repos/bannou/bannou-service/Generated/Models/AccountsModels.cs(333,20): warning CS1591: Missing XML comment for publicly visible type or member 'UpdateAccountRequest.Metadata' [/home/lysander/repos/bannou/Bannou.SDK/Bannou.SDK.csproj::TargetFramework=net9.0]
/home/lysander/repos/bannou/bannou-service/Generated/Models/AccountsModels.cs(338,68): warning CS1591: Missing XML comment for publicly visible type or member 'UpdateAccountRequest.AdditionalProperties' [/home/lysander/repos/bannou/Bannou.SDK/Bannou.SDK.csproj::TargetFramework=net9.0]
/home/lysander/repos/bannou/bannou-service/Generated/Models/AccountsModels.cs(347,22): warning CS1591: Missing XML comment for publicly visible type or member 'UpdateProfileRequest' [/home/lysander/repos/bannou/Bannou.SDK/Bannou.SDK.csproj::TargetFramework=net9.0]
/home/lysander/repos/bannou/bannou-service/Generated/Models/AccountsModels.cs(360,20): warning CS1591: Missing XML comment for publicly visible type or member 'UpdateProfileRequest.DisplayName' [/home/lysander/repos/bannou/Bannou.SDK/Bannou.SDK.csproj::TargetFramework=net9.0]
/home/lysander/repos/bannou/bannou-service/Generated/Models/AccountsModels.cs(363,20): warning CS1591: Missing XML comment for publicly visible type or member 'UpdateProfileRequest.Metadata' [/home/lysander/repos/bannou/Bannou.SDK/Bannou.SDK.csproj::TargetFramework=net9.0]
/home/lysander/repos/bannou/bannou-service/Generated/Models/AccountsModels.cs(368,68): warning CS1591: Missing XML comment for publicly visible type or member 'UpdateProfileRequest.AdditionalProperties' [/home/lysander/repos/bannou/Bannou.SDK/Bannou.SDK.csproj::TargetFramework=net9.0]
/home/lysander/repos/bannou/bannou-service/Generated/Models/AccountsModels.cs(377,22): warning CS1591: Missing XML comment for publicly visible type or member 'UpdatePasswordRequest' [/home/lysander/repos/bannou/Bannou.SDK/Bannou.SDK.csproj::TargetFramework=net9.0]
/home/lysander/repos/bannou/bannou-service/Generated/Models/AccountsModels.cs(399,68): warning CS1591: Missing XML comment for publicly visible type or member 'UpdatePasswordRequest.AdditionalProperties' [/home/lysander/repos/bannou/Bannou.SDK/Bannou.SDK.csproj::TargetFramework=net9.0]
/home/lysander/repos/bannou/bannou-service/Generated/Models/AccountsModels.cs(408,22): warning CS1591: Missing XML comment for publicly visible type or member 'UpdateVerificationRequest' [/home/lysander/repos/bannou/Bannou.SDK/Bannou.SDK.csproj::TargetFramework=net9.0]
/home/lysander/repos/bannou/bannou-service/Generated/Models/AccountsModels.cs(420,17): warning CS1591: Missing XML comment for publicly visible type or member 'UpdateVerificationRequest.EmailVerified' [/home/lysander/repos/bannou/Bannou.SDK/Bannou.SDK.csproj::TargetFramework=net9.0]
/home/lysander/repos/bannou/bannou-service/Generated/Models/AccountsModels.cs(425,68): warning CS1591: Missing XML comment for publicly visible type or member 'UpdateVerificationRequest.AdditionalProperties' [/home/lysander/repos/bannou/Bannou.SDK/Bannou.SDK.csproj::TargetFramework=net9.0]
/home/lysander/repos/bannou/bannou-service/Generated/Models/AccountsModels.cs(434,22): warning CS1591: Missing XML comment for publicly visible type or member 'AddAuthMethodRequest' [/home/lysander/repos/bannou/Bannou.SDK/Bannou.SDK.csproj::TargetFramework=net9.0]
/home/lysander/repos/bannou/bannou-service/Generated/Models/AccountsModels.cs(449,26): warning CS1591: Missing XML comment for publicly visible type or member 'AddAuthMethodRequest.Provider' [/home/lysander/repos/bannou/Bannou.SDK/Bannou.SDK.csproj::TargetFramework=net9.0]
/home/lysander/repos/bannou/bannou-service/Generated/Models/AccountsModels.cs(452,19): warning CS1591: Missing XML comment for publicly visible type or member 'AddAuthMethodRequest.ExternalId' [/home/lysander/repos/bannou/Bannou.SDK/Bannou.SDK.csproj::TargetFramework=net9.0]
/home/lysander/repos/bannou/bannou-service/Generated/Models/AccountsModels.cs(455,20): warning CS1591: Missing XML comment for publicly visible type or member 'AddAuthMethodRequest.DisplayName' [/home/lysander/repos/bannou/Bannou.SDK/Bannou.SDK.csproj::TargetFramework=net9.0]
/home/lysander/repos/bannou/bannou-service/Generated/Models/AccountsModels.cs(460,68): warning CS1591: Missing XML comment for publicly visible type or member 'AddAuthMethodRequest.AdditionalProperties' [/home/lysander/repos/bannou/Bannou.SDK/Bannou.SDK.csproj::TargetFramework=net9.0]
/home/lysander/repos/bannou/bannou-service/Generated/Models/AccountsModels.cs(469,22): warning CS1591: Missing XML comment for publicly visible type or member 'AccountResponse' [/home/lysander/repos/bannou/Bannou.SDK/Bannou.SDK.csproj::TargetFramework=net9.0]
/home/lysander/repos/bannou/bannou-service/Generated/Models/AccountsModels.cs(475,24): warning CS1591: Missing XML comment for publicly visible type or member 'AccountResponse.AccountId' [/home/lysander/repos/bannou/Bannou.SDK/Bannou.SDK.csproj::TargetFramework=net9.0]
/home/lysander/repos/bannou/bannou-service/Generated/Models/AccountsModels.cs(480,19): warning CS1591: Missing XML comment for publicly visible type or member 'AccountResponse.Email' [/home/lysander/repos/bannou/Bannou.SDK/Bannou.SDK.csproj::TargetFramework=net9.0]
/home/lysander/repos/bannou/bannou-service/Generated/Models/AccountsModels.cs(483,20): warning CS1591: Missing XML comment for publicly visible type or member 'AccountResponse.DisplayName' [/home/lysander/repos/bannou/Bannou.SDK/Bannou.SDK.csproj::TargetFramework=net9.0]
/home/lysander/repos/bannou/bannou-service/Generated/Models/AccountsModels.cs(494,34): warning CS1591: Missing XML comment for publicly visible type or member 'AccountResponse.CreatedAt' [/home/lysander/repos/bannou/Bannou.SDK/Bannou.SDK.csproj::TargetFramework=net9.0]
/home/lysander/repos/bannou/bannou-service/Generated/Models/AccountsModels.cs(497,35): warning CS1591: Missing XML comment for publicly visible type or member 'AccountResponse.UpdatedAt' [/home/lysander/repos/bannou/Bannou.SDK/Bannou.SDK.csproj::TargetFramework=net9.0]
/home/lysander/repos/bannou/bannou-service/Generated/Models/AccountsModels.cs(500,17): warning CS1591: Missing XML comment for publicly visible type or member 'AccountResponse.EmailVerified' [/home/lysander/repos/bannou/Bannou.SDK/Bannou.SDK.csproj::TargetFramework=net9.0]
/home/lysander/repos/bannou/bannou-service/Generated/Models/AccountsModels.cs(505,59): warning CS1591: Missing XML comment for publicly visible type or member 'AccountResponse.Roles' [/home/lysander/repos/bannou/Bannou.SDK/Bannou.SDK.csproj::TargetFramework=net9.0]
/home/lysander/repos/bannou/bannou-service/Generated/Models/AccountsModels.cs(508,67): warning CS1591: Missing XML comment for publicly visible type or member 'AccountResponse.AuthMethods' [/home/lysander/repos/bannou/Bannou.SDK/Bannou.SDK.csproj::TargetFramework=net9.0]
/home/lysander/repos/bannou/bannou-service/Generated/Models/AccountsModels.cs(511,20): warning CS1591: Missing XML comment for publicly visible type or member 'AccountResponse.Metadata' [/home/lysander/repos/bannou/Bannou.SDK/Bannou.SDK.csproj::TargetFramework=net9.0]
/home/lysander/repos/bannou/bannou-service/Generated/Models/AccountsModels.cs(516,68): warning CS1591: Missing XML comment for publicly visible type or member 'AccountResponse.AdditionalProperties' [/home/lysander/repos/bannou/Bannou.SDK/Bannou.SDK.csproj::TargetFramework=net9.0]
/home/lysander/repos/bannou/bannou-service/Generated/Models/AccountsModels.cs(525,22): warning CS1591: Missing XML comment for publicly visible type or member 'AuthMethodInfo' [/home/lysander/repos/bannou/Bannou.SDK/Bannou.SDK.csproj::TargetFramework=net9.0]
/home/lysander/repos/bannou/bannou-service/Generated/Models/AccountsModels.cs(529,24): warning CS1591: Missing XML comment for publicly visible type or member 'AuthMethodInfo.MethodId' [/home/lysander/repos/bannou/Bannou.SDK/Bannou.SDK.csproj::TargetFramework=net9.0]
/home/lysander/repos/bannou/bannou-service/Generated/Models/AccountsModels.cs(535,25): warning CS1591: Missing XML comment for publicly visible type or member 'AuthMethodInfo.Provider' [/home/lysander/repos/bannou/Bannou.SDK/Bannou.SDK.csproj::TargetFramework=net9.0]
/home/lysander/repos/bannou/bannou-service/Generated/Models/AccountsModels.cs(538,20): warning CS1591: Missing XML comment for publicly visible type or member 'AuthMethodInfo.ExternalId' [/home/lysander/repos/bannou/Bannou.SDK/Bannou.SDK.csproj::TargetFramework=net9.0]
/home/lysander/repos/bannou/bannou-service/Generated/Models/AccountsModels.cs(541,20): warning CS1591: Missing XML comment for publicly visible type or member 'AuthMethodInfo.DisplayName' [/home/lysander/repos/bannou/Bannou.SDK/Bannou.SDK.csproj::TargetFramework=net9.0]
/home/lysander/repos/bannou/bannou-service/Generated/Models/AccountsModels.cs(546,34): warning CS1591: Missing XML comment for publicly visible type or member 'AuthMethodInfo.LinkedAt' [/home/lysander/repos/bannou/Bannou.SDK/Bannou.SDK.csproj::TargetFramework=net9.0]
/home/lysander/repos/bannou/bannou-service/Generated/Models/AccountsModels.cs(551,68): warning CS1591: Missing XML comment for publicly visible type or member 'AuthMethodInfo.AdditionalProperties' [/home/lysander/repos/bannou/Bannou.SDK/Bannou.SDK.csproj::TargetFramework=net9.0]
/home/lysander/repos/bannou/bannou-service/Generated/Models/AccountsModels.cs(560,22): warning CS1591: Missing XML comment for publicly visible type or member 'AuthMethodResponse' [/home/lysander/repos/bannou/Bannou.SDK/Bannou.SDK.csproj::TargetFramework=net9.0]
/home/lysander/repos/bannou/bannou-service/Generated/Models/AccountsModels.cs(566,24): warning CS1591: Missing XML comment for publicly visible type or member 'AuthMethodResponse.MethodId' [/home/lysander/repos/bannou/Bannou.SDK/Bannou.SDK.csproj::TargetFramework=net9.0]
/home/lysander/repos/bannou/bannou-service/Generated/Models/AccountsModels.cs(572,26): warning CS1591: Missing XML comment for publicly visible type or member 'AuthMethodResponse.Provider' [/home/lysander/repos/bannou/Bannou.SDK/Bannou.SDK.csproj::TargetFramework=net9.0]
/home/lysander/repos/bannou/bannou-service/Generated/Models/AccountsModels.cs(575,19): warning CS1591: Missing XML comment for publicly visible type or member 'AuthMethodResponse.ExternalId' [/home/lysander/repos/bannou/Bannou.SDK/Bannou.SDK.csproj::TargetFramework=net9.0]
/home/lysander/repos/bannou/bannou-service/Generated/Models/AccountsModels.cs(578,20): warning CS1591: Missing XML comment for publicly visible type or member 'AuthMethodResponse.DisplayName' [/home/lysander/repos/bannou/Bannou.SDK/Bannou.SDK.csproj::TargetFramework=net9.0]
/home/lysander/repos/bannou/bannou-service/Generated/Models/AccountsModels.cs(583,34): warning CS1591: Missing XML comment for publicly visible type or member 'AuthMethodResponse.LinkedAt' [/home/lysander/repos/bannou/Bannou.SDK/Bannou.SDK.csproj::TargetFramework=net9.0]
/home/lysander/repos/bannou/bannou-service/Generated/Models/AccountsModels.cs(588,68): warning CS1591: Missing XML comment for publicly visible type or member 'AuthMethodResponse.AdditionalProperties' [/home/lysander/repos/bannou/Bannou.SDK/Bannou.SDK.csproj::TargetFramework=net9.0]
/home/lysander/repos/bannou/bannou-service/Generated/Models/AccountsModels.cs(597,22): warning CS1591: Missing XML comment for publicly visible type or member 'AuthMethodsResponse' [/home/lysander/repos/bannou/Bannou.SDK/Bannou.SDK.csproj::TargetFramework=net9.0]
/home/lysander/repos/bannou/bannou-service/Generated/Models/AccountsModels.cs(603,67): warning CS1591: Missing XML comment for publicly visible type or member 'AuthMethodsResponse.AuthMethods' [/home/lysander/repos/bannou/Bannou.SDK/Bannou.SDK.csproj::TargetFramework=net9.0]
/home/lysander/repos/bannou/bannou-service/Generated/Models/AccountsModels.cs(608,68): warning CS1591: Missing XML comment for publicly visible type or member 'AuthMethodsResponse.AdditionalProperties' [/home/lysander/repos/bannou/Bannou.SDK/Bannou.SDK.csproj::TargetFramework=net9.0]
/home/lysander/repos/bannou/bannou-service/Generated/Models/AccountsModels.cs(617,22): warning CS1591: Missing XML comment for publicly visible type or member 'AccountListResponse' [/home/lysander/repos/bannou/Bannou.SDK/Bannou.SDK.csproj::TargetFramework=net9.0]
/home/lysander/repos/bannou/bannou-service/Generated/Models/AccountsModels.cs(623,68): warning CS1591: Missing XML comment for publicly visible type or member 'AccountListResponse.Accounts' [/home/lysander/repos/bannou/Bannou.SDK/Bannou.SDK.csproj::TargetFramework=net9.0]
/home/lysander/repos/bannou/bannou-service/Generated/Models/AccountsModels.cs(626,16): warning CS1591: Missing XML comment for publicly visible type or member 'AccountListResponse.TotalCount' [/home/lysander/repos/bannou/Bannou.SDK/Bannou.SDK.csproj::TargetFramework=net9.0]
/home/lysander/repos/bannou/bannou-service/Generated/Models/AccountsModels.cs(629,16): warning CS1591: Missing XML comment for publicly visible type or member 'AccountListResponse.Page' [/home/lysander/repos/bannou/Bannou.SDK/Bannou.SDK.csproj::TargetFramework=net9.0]
/home/lysander/repos/bannou/bannou-service/Generated/Models/AccountsModels.cs(632,16): warning CS1591: Missing XML comment for publicly visible type or member 'AccountListResponse.PageSize' [/home/lysander/repos/bannou/Bannou.SDK/Bannou.SDK.csproj::TargetFramework=net9.0]
/home/lysander/repos/bannou/bannou-service/Generated/Models/AccountsModels.cs(635,17): warning CS1591: Missing XML comment for publicly visible type or member 'AccountListResponse.HasNextPage' [/home/lysander/repos/bannou/Bannou.SDK/Bannou.SDK.csproj::TargetFramework=net9.0]
/home/lysander/repos/bannou/bannou-service/Generated/Models/AccountsModels.cs(638,17): warning CS1591: Missing XML comment for publicly visible type or member 'AccountListResponse.HasPreviousPage' [/home/lysander/repos/bannou/Bannou.SDK/Bannou.SDK.csproj::TargetFramework=net9.0]
/home/lysander/repos/bannou/bannou-service/Generated/Models/AccountsModels.cs(643,68): warning CS1591: Missing XML comment for publicly visible type or member 'AccountListResponse.AdditionalProperties' [/home/lysander/repos/bannou/Bannou.SDK/Bannou.SDK.csproj::TargetFramework=net9.0]
/home/lysander/repos/bannou/bannou-service/Generated/Clients/SubscriptionsClient.cs(19,26): warning CS1591: Missing XML comment for publicly visible type or member 'ISubscriptionsClient' [/home/lysander/repos/bannou/Bannou.SDK/Bannou.SDK.csproj::TargetFramework=net9.0]
/home/lysander/repos/bannou/bannou-service/Generated/Clients/SubscriptionsClient.cs(31,119): warning CS1573: Parameter 'body' has no matching param tag in the XML comment for 'ISubscriptionsClient.GetAccountSubscriptionsAsync(GetAccountSubscriptionsRequest, CancellationToken)' (but other parameters do) [/home/lysander/repos/bannou/Bannou.SDK/Bannou.SDK.csproj::TargetFramework=net9.0]
/home/lysander/repos/bannou/bannou-service/Generated/Clients/SubscriptionsClient.cs(43,123): warning CS1573: Parameter 'body' has no matching param tag in the XML comment for 'ISubscriptionsClient.GetCurrentSubscriptionsAsync(GetCurrentSubscriptionsRequest, CancellationToken)' (but other parameters do) [/home/lysander/repos/bannou/Bannou.SDK/Bannou.SDK.csproj::TargetFramework=net9.0]
/home/lysander/repos/bannou/bannou-service/Generated/Clients/SubscriptionsClient.cs(51,95): warning CS1573: Parameter 'body' has no matching param tag in the XML comment for 'ISubscriptionsClient.GetSubscriptionAsync(GetSubscriptionRequest, CancellationToken)' (but other parameters do) [/home/lysander/repos/bannou/Bannou.SDK/Bannou.SDK.csproj::TargetFramework=net9.0]
/home/lysander/repos/bannou/bannou-service/Generated/Clients/SubscriptionsClient.cs(62,101): warning CS1573: Parameter 'body' has no matching param tag in the XML comment for 'ISubscriptionsClient.CreateSubscriptionAsync(CreateSubscriptionRequest, CancellationToken)' (but other parameters do) [/home/lysander/repos/bannou/Bannou.SDK/Bannou.SDK.csproj::TargetFramework=net9.0]
/home/lysander/repos/bannou/bannou-service/Generated/Clients/SubscriptionsClient.cs(73,101): warning CS1573: Parameter 'body' has no matching param tag in the XML comment for 'ISubscriptionsClient.UpdateSubscriptionAsync(UpdateSubscriptionRequest, CancellationToken)' (but other parameters do) [/home/lysander/repos/bannou/Bannou.SDK/Bannou.SDK.csproj::TargetFramework=net9.0]
/home/lysander/repos/bannou/bannou-service/Generated/Clients/SubscriptionsClient.cs(85,101): warning CS1573: Parameter 'body' has no matching param tag in the XML comment for 'ISubscriptionsClient.CancelSubscriptionAsync(CancelSubscriptionRequest, CancellationToken)' (but other parameters do) [/home/lysander/repos/bannou/Bannou.SDK/Bannou.SDK.csproj::TargetFramework=net9.0]
/home/lysander/repos/bannou/bannou-service/Generated/Clients/SubscriptionsClient.cs(96,99): warning CS1573: Parameter 'body' has no matching param tag in the XML comment for 'ISubscriptionsClient.RenewSubscriptionAsync(RenewSubscriptionRequest, CancellationToken)' (but other parameters do) [/home/lysander/repos/bannou/Bannou.SDK/Bannou.SDK.csproj::TargetFramework=net9.0]
/home/lysander/repos/bannou/bannou-service/Generated/Clients/SubscriptionsClient.cs(100,22): warning CS1591: Missing XML comment for publicly visible type or member 'SubscriptionsClient' [/home/lysander/repos/bannou/Bannou.SDK/Bannou.SDK.csproj::TargetFramework=net9.0]
/home/lysander/repos/bannou/bannou-service/Generated/Clients/SubscriptionsClient.cs(120,12): warning CS1591: Missing XML comment for publicly visible type or member 'SubscriptionsClient.SubscriptionsClient(IMeshInvocationClient, IServiceAppMappingResolver, ILogger<SubscriptionsClient>?)' [/home/lysander/repos/bannou/Bannou.SDK/Bannou.SDK.csproj::TargetFramework=net9.0]
/home/lysander/repos/bannou/bannou-service/Generated/Clients/SubscriptionsClient.cs(128,54): warning CS1591: Missing XML comment for publicly visible type or member 'SubscriptionsClient.JsonSerializerSettings' [/home/lysander/repos/bannou/Bannou.SDK/Bannou.SDK.csproj::TargetFramework=net9.0]
/home/lysander/repos/bannou/bannou-service/Generated/Clients/SubscriptionsClient.cs(231,140): warning CS1573: Parameter 'body' has no matching param tag in the XML comment for 'SubscriptionsClient.GetAccountSubscriptionsAsync(GetAccountSubscriptionsRequest, CancellationToken)' (but other parameters do) [/home/lysander/repos/bannou/Bannou.SDK/Bannou.SDK.csproj::TargetFramework=net9.0]
/home/lysander/repos/bannou/bannou-service/Generated/Clients/SubscriptionsClient.cs(314,144): warning CS1573: Parameter 'body' has no matching param tag in the XML comment for 'SubscriptionsClient.GetCurrentSubscriptionsAsync(GetCurrentSubscriptionsRequest, CancellationToken)' (but other parameters do) [/home/lysander/repos/bannou/Bannou.SDK/Bannou.SDK.csproj::TargetFramework=net9.0]
/home/lysander/repos/bannou/bannou-service/Generated/Clients/SubscriptionsClient.cs(393,116): warning CS1573: Parameter 'body' has no matching param tag in the XML comment for 'SubscriptionsClient.GetSubscriptionAsync(GetSubscriptionRequest, CancellationToken)' (but other parameters do) [/home/lysander/repos/bannou/Bannou.SDK/Bannou.SDK.csproj::TargetFramework=net9.0]
/home/lysander/repos/bannou/bannou-service/Generated/Clients/SubscriptionsClient.cs(481,122): warning CS1573: Parameter 'body' has no matching param tag in the XML comment for 'SubscriptionsClient.CreateSubscriptionAsync(CreateSubscriptionRequest, CancellationToken)' (but other parameters do) [/home/lysander/repos/bannou/Bannou.SDK/Bannou.SDK.csproj::TargetFramework=net9.0]
/home/lysander/repos/bannou/bannou-service/Generated/Clients/SubscriptionsClient.cs(581,122): warning CS1573: Parameter 'body' has no matching param tag in the XML comment for 'SubscriptionsClient.UpdateSubscriptionAsync(UpdateSubscriptionRequest, CancellationToken)' (but other parameters do) [/home/lysander/repos/bannou/Bannou.SDK/Bannou.SDK.csproj::TargetFramework=net9.0]
/home/lysander/repos/bannou/bannou-service/Generated/Clients/SubscriptionsClient.cs(670,122): warning CS1573: Parameter 'body' has no matching param tag in the XML comment for 'SubscriptionsClient.CancelSubscriptionAsync(CancelSubscriptionRequest, CancellationToken)' (but other parameters do) [/home/lysander/repos/bannou/Bannou.SDK/Bannou.SDK.csproj::TargetFramework=net9.0]
/home/lysander/repos/bannou/bannou-service/Generated/Clients/SubscriptionsClient.cs(764,120): warning CS1573: Parameter 'body' has no matching param tag in the XML comment for 'SubscriptionsClient.RenewSubscriptionAsync(RenewSubscriptionRequest, CancellationToken)' (but other parameters do) [/home/lysander/repos/bannou/Bannou.SDK/Bannou.SDK.csproj::TargetFramework=net9.0]
/home/lysander/repos/bannou/bannou-service/Generated/Clients/SubscriptionsClient.cs(843,22): warning CS1591: Missing XML comment for publicly visible type or member 'SubscriptionsClient.ObjectResponseResult<T>' [/home/lysander/repos/bannou/Bannou.SDK/Bannou.SDK.csproj::TargetFramework=net9.0]
/home/lysander/repos/bannou/bannou-service/Generated/Clients/SubscriptionsClient.cs(845,16): warning CS1591: Missing XML comment for publicly visible type or member 'SubscriptionsClient.ObjectResponseResult<T>.ObjectResponseResult(T, string)' [/home/lysander/repos/bannou/Bannou.SDK/Bannou.SDK.csproj::TargetFramework=net9.0]
/home/lysander/repos/bannou/bannou-service/Generated/Clients/SubscriptionsClient.cs(851,18): warning CS1591: Missing XML comment for publicly visible type or member 'SubscriptionsClient.ObjectResponseResult<T>.Object' [/home/lysander/repos/bannou/Bannou.SDK/Bannou.SDK.csproj::TargetFramework=net9.0]
/home/lysander/repos/bannou/bannou-service/Generated/Clients/SubscriptionsClient.cs(853,23): warning CS1591: Missing XML comment for publicly visible type or member 'SubscriptionsClient.ObjectResponseResult<T>.Text' [/home/lysander/repos/bannou/Bannou.SDK/Bannou.SDK.csproj::TargetFramework=net9.0]
/home/lysander/repos/bannou/bannou-service/Generated/Clients/SubscriptionsClient.cs(876,17): warning CS1591: Missing XML comment for publicly visible type or member 'SubscriptionsClient.ReadResponseAsString' [/home/lysander/repos/bannou/Bannou.SDK/Bannou.SDK.csproj::TargetFramework=net9.0]
/home/lysander/repos/bannou/bannou-service/Generated/Clients/SubscriptionsClient.cs(878,86): warning CS1591: Missing XML comment for publicly visible type or member 'SubscriptionsClient.ReadObjectResponseAsync<T>(HttpResponseMessage, IReadOnlyDictionary<string, IEnumerable<string>>, CancellationToken)' [/home/lysander/repos/bannou/Bannou.SDK/Bannou.SDK.csproj::TargetFramework=net9.0]
/home/lysander/repos/bannou/bannou-service/Generated/Models/SubscriptionsModels.cs(47,68): warning CS1591: Missing XML comment for publicly visible type or member 'GetAccountSubscriptionsRequest.AdditionalProperties' [/home/lysander/repos/bannou/Bannou.SDK/Bannou.SDK.csproj::TargetFramework=net9.0]
/home/lysander/repos/bannou/bannou-service/Generated/Models/SubscriptionsModels.cs(73,68): warning CS1591: Missing XML comment for publicly visible type or member 'GetCurrentSubscriptionsRequest.AdditionalProperties' [/home/lysander/repos/bannou/Bannou.SDK/Bannou.SDK.csproj::TargetFramework=net9.0]
/home/lysander/repos/bannou/bannou-service/Generated/Models/SubscriptionsModels.cs(99,68): warning CS1591: Missing XML comment for publicly visible type or member 'GetSubscriptionRequest.AdditionalProperties' [/home/lysander/repos/bannou/Bannou.SDK/Bannou.SDK.csproj::TargetFramework=net9.0]
/home/lysander/repos/bannou/bannou-service/Generated/Models/SubscriptionsModels.cs(151,68): warning CS1591: Missing XML comment for publicly visible type or member 'CreateSubscriptionRequest.AdditionalProperties' [/home/lysander/repos/bannou/Bannou.SDK/Bannou.SDK.csproj::TargetFramework=net9.0]
/home/lysander/repos/bannou/bannou-service/Generated/Models/SubscriptionsModels.cs(189,68): warning CS1591: Missing XML comment for publicly visible type or member 'UpdateSubscriptionRequest.AdditionalProperties' [/home/lysander/repos/bannou/Bannou.SDK/Bannou.SDK.csproj::TargetFramework=net9.0]
/home/lysander/repos/bannou/bannou-service/Generated/Models/SubscriptionsModels.cs(222,68): warning CS1591: Missing XML comment for publicly visible type or member 'CancelSubscriptionRequest.AdditionalProperties' [/home/lysander/repos/bannou/Bannou.SDK/Bannou.SDK.csproj::TargetFramework=net9.0]
/home/lysander/repos/bannou/bannou-service/Generated/Models/SubscriptionsModels.cs(260,68): warning CS1591: Missing XML comment for publicly visible type or member 'RenewSubscriptionRequest.AdditionalProperties' [/home/lysander/repos/bannou/Bannou.SDK/Bannou.SDK.csproj::TargetFramework=net9.0]
/home/lysander/repos/bannou/bannou-service/Generated/Models/SubscriptionsModels.cs(362,68): warning CS1591: Missing XML comment for publicly visible type or member 'SubscriptionInfo.AdditionalProperties' [/home/lysander/repos/bannou/Bannou.SDK/Bannou.SDK.csproj::TargetFramework=net9.0]
/home/lysander/repos/bannou/bannou-service/Generated/Models/SubscriptionsModels.cs(402,68): warning CS1591: Missing XML comment for publicly visible type or member 'CurrentSubscriptionsResponse.AdditionalProperties' [/home/lysander/repos/bannou/Bannou.SDK/Bannou.SDK.csproj::TargetFramework=net9.0]
/home/lysander/repos/bannou/bannou-service/Generated/Models/SubscriptionsModels.cs(420,69): warning CS1591: Missing XML comment for publicly visible type or member 'SubscriptionListResponse.Subscriptions' [/home/lysander/repos/bannou/Bannou.SDK/Bannou.SDK.csproj::TargetFramework=net9.0]
/home/lysander/repos/bannou/bannou-service/Generated/Models/SubscriptionsModels.cs(431,68): warning CS1591: Missing XML comment for publicly visible type or member 'SubscriptionListResponse.AdditionalProperties' [/home/lysander/repos/bannou/Bannou.SDK/Bannou.SDK.csproj::TargetFramework=net9.0]
/home/lysander/repos/bannou/bannou-service/Generated/Clients/PermissionsClient.cs(19,26): warning CS1591: Missing XML comment for publicly visible type or member 'IPermissionsClient' [/home/lysander/repos/bannou/Bannou.SDK/Bannou.SDK.csproj::TargetFramework=net9.0]
/home/lysander/repos/bannou/bannou-service/Generated/Clients/PermissionsClient.cs(31,92): warning CS1573: Parameter 'body' has no matching param tag in the XML comment for 'IPermissionsClient.GetCapabilitiesAsync(CapabilityRequest, CancellationToken)' (but other parameters do) [/home/lysander/repos/bannou/Bannou.SDK/Bannou.SDK.csproj::TargetFramework=net9.0]
/home/lysander/repos/bannou/bannou-service/Generated/Clients/PermissionsClient.cs(42,94): warning CS1573: Parameter 'body' has no matching param tag in the XML comment for 'IPermissionsClient.ValidateApiAccessAsync(ValidationRequest, CancellationToken)' (but other parameters do) [/home/lysander/repos/bannou/Bannou.SDK/Bannou.SDK.csproj::TargetFramework=net9.0]
/home/lysander/repos/bannou/bannou-service/Generated/Clients/PermissionsClient.cs(53,111): warning CS1573: Parameter 'body' has no matching param tag in the XML comment for 'IPermissionsClient.RegisterServicePermissionsAsync(ServicePermissionMatrix, CancellationToken)' (but other parameters do) [/home/lysander/repos/bannou/Bannou.SDK/Bannou.SDK.csproj::TargetFramework=net9.0]
/home/lysander/repos/bannou/bannou-service/Generated/Clients/PermissionsClient.cs(64,99): warning CS1573: Parameter 'body' has no matching param tag in the XML comment for 'IPermissionsClient.UpdateSessionStateAsync(SessionStateUpdate, CancellationToken)' (but other parameters do) [/home/lysander/repos/bannou/Bannou.SDK/Bannou.SDK.csproj::TargetFramework=net9.0]
/home/lysander/repos/bannou/bannou-service/Generated/Clients/PermissionsClient.cs(75,97): warning CS1573: Parameter 'body' has no matching param tag in the XML comment for 'IPermissionsClient.UpdateSessionRoleAsync(SessionRoleUpdate, CancellationToken)' (but other parameters do) [/home/lysander/repos/bannou/Bannou.SDK/Bannou.SDK.csproj::TargetFramework=net9.0]
/home/lysander/repos/bannou/bannou-service/Generated/Clients/PermissionsClient.cs(88,104): warning CS1573: Parameter 'body' has no matching param tag in the XML comment for 'IPermissionsClient.ClearSessionStateAsync(ClearSessionStateRequest, CancellationToken)' (but other parameters do) [/home/lysander/repos/bannou/Bannou.SDK/Bannou.SDK.csproj::TargetFramework=net9.0]
/home/lysander/repos/bannou/bannou-service/Generated/Clients/PermissionsClient.cs(99,85): warning CS1573: Parameter 'body' has no matching param tag in the XML comment for 'IPermissionsClient.GetSessionInfoAsync(SessionInfoRequest, CancellationToken)' (but other parameters do) [/home/lysander/repos/bannou/Bannou.SDK/Bannou.SDK.csproj::TargetFramework=net9.0]
/home/lysander/repos/bannou/bannou-service/Generated/Clients/PermissionsClient.cs(116,108): warning CS1573: Parameter 'body' has no matching param tag in the XML comment for 'IPermissionsClient.GetRegisteredServicesAsync(ListServicesRequest, CancellationToken)' (but other parameters do) [/home/lysander/repos/bannou/Bannou.SDK/Bannou.SDK.csproj::TargetFramework=net9.0]
/home/lysander/repos/bannou/bannou-service/Generated/Clients/PermissionsClient.cs(120,22): warning CS1591: Missing XML comment for publicly visible type or member 'PermissionsClient' [/home/lysander/repos/bannou/Bannou.SDK/Bannou.SDK.csproj::TargetFramework=net9.0]
/home/lysander/repos/bannou/bannou-service/Generated/Clients/PermissionsClient.cs(140,12): warning CS1591: Missing XML comment for publicly visible type or member 'PermissionsClient.PermissionsClient(IMeshInvocationClient, IServiceAppMappingResolver, ILogger<PermissionsClient>?)' [/home/lysander/repos/bannou/Bannou.SDK/Bannou.SDK.csproj::TargetFramework=net9.0]
/home/lysander/repos/bannou/bannou-service/Generated/Clients/PermissionsClient.cs(148,54): warning CS1591: Missing XML comment for publicly visible type or member 'PermissionsClient.JsonSerializerSettings' [/home/lysander/repos/bannou/Bannou.SDK/Bannou.SDK.csproj::TargetFramework=net9.0]
/home/lysander/repos/bannou/bannou-service/Generated/Clients/PermissionsClient.cs(251,113): warning CS1573: Parameter 'body' has no matching param tag in the XML comment for 'PermissionsClient.GetCapabilitiesAsync(CapabilityRequest, CancellationToken)' (but other parameters do) [/home/lysander/repos/bannou/Bannou.SDK/Bannou.SDK.csproj::TargetFramework=net9.0]
/home/lysander/repos/bannou/bannou-service/Generated/Clients/PermissionsClient.cs(333,115): warning CS1573: Parameter 'body' has no matching param tag in the XML comment for 'PermissionsClient.ValidateApiAccessAsync(ValidationRequest, CancellationToken)' (but other parameters do) [/home/lysander/repos/bannou/Bannou.SDK/Bannou.SDK.csproj::TargetFramework=net9.0]
/home/lysander/repos/bannou/bannou-service/Generated/Clients/PermissionsClient.cs(415,132): warning CS1573: Parameter 'body' has no matching param tag in the XML comment for 'PermissionsClient.RegisterServicePermissionsAsync(ServicePermissionMatrix, CancellationToken)' (but other parameters do) [/home/lysander/repos/bannou/Bannou.SDK/Bannou.SDK.csproj::TargetFramework=net9.0]
/home/lysander/repos/bannou/bannou-service/Generated/Clients/PermissionsClient.cs(497,120): warning CS1573: Parameter 'body' has no matching param tag in the XML comment for 'PermissionsClient.UpdateSessionStateAsync(SessionStateUpdate, CancellationToken)' (but other parameters do) [/home/lysander/repos/bannou/Bannou.SDK/Bannou.SDK.csproj::TargetFramework=net9.0]
/home/lysander/repos/bannou/bannou-service/Generated/Clients/PermissionsClient.cs(579,118): warning CS1573: Parameter 'body' has no matching param tag in the XML comment for 'PermissionsClient.UpdateSessionRoleAsync(SessionRoleUpdate, CancellationToken)' (but other parameters do) [/home/lysander/repos/bannou/Bannou.SDK/Bannou.SDK.csproj::TargetFramework=net9.0]
/home/lysander/repos/bannou/bannou-service/Generated/Clients/PermissionsClient.cs(663,125): warning CS1573: Parameter 'body' has no matching param tag in the XML comment for 'PermissionsClient.ClearSessionStateAsync(ClearSessionStateRequest, CancellationToken)' (but other parameters do) [/home/lysander/repos/bannou/Bannou.SDK/Bannou.SDK.csproj::TargetFramework=net9.0]
/home/lysander/repos/bannou/bannou-service/Generated/Clients/PermissionsClient.cs(745,106): warning CS1573: Parameter 'body' has no matching param tag in the XML comment for 'PermissionsClient.GetSessionInfoAsync(SessionInfoRequest, CancellationToken)' (but other parameters do) [/home/lysander/repos/bannou/Bannou.SDK/Bannou.SDK.csproj::TargetFramework=net9.0]
/home/lysander/repos/bannou/bannou-service/Generated/Clients/PermissionsClient.cs(833,129): warning CS1573: Parameter 'body' has no matching param tag in the XML comment for 'PermissionsClient.GetRegisteredServicesAsync(ListServicesRequest, CancellationToken)' (but other parameters do) [/home/lysander/repos/bannou/Bannou.SDK/Bannou.SDK.csproj::TargetFramework=net9.0]
/home/lysander/repos/bannou/bannou-service/Generated/Clients/PermissionsClient.cs(906,22): warning CS1591: Missing XML comment for publicly visible type or member 'PermissionsClient.ObjectResponseResult<T>' [/home/lysander/repos/bannou/Bannou.SDK/Bannou.SDK.csproj::TargetFramework=net9.0]
/home/lysander/repos/bannou/bannou-service/Generated/Clients/PermissionsClient.cs(908,16): warning CS1591: Missing XML comment for publicly visible type or member 'PermissionsClient.ObjectResponseResult<T>.ObjectResponseResult(T, string)' [/home/lysander/repos/bannou/Bannou.SDK/Bannou.SDK.csproj::TargetFramework=net9.0]
/home/lysander/repos/bannou/bannou-service/Generated/Clients/PermissionsClient.cs(914,18): warning CS1591: Missing XML comment for publicly visible type or member 'PermissionsClient.ObjectResponseResult<T>.Object' [/home/lysander/repos/bannou/Bannou.SDK/Bannou.SDK.csproj::TargetFramework=net9.0]
/home/lysander/repos/bannou/bannou-service/Generated/Clients/PermissionsClient.cs(916,23): warning CS1591: Missing XML comment for publicly visible type or member 'PermissionsClient.ObjectResponseResult<T>.Text' [/home/lysander/repos/bannou/Bannou.SDK/Bannou.SDK.csproj::TargetFramework=net9.0]
/home/lysander/repos/bannou/bannou-service/Generated/Clients/PermissionsClient.cs(939,17): warning CS1591: Missing XML comment for publicly visible type or member 'PermissionsClient.ReadResponseAsString' [/home/lysander/repos/bannou/Bannou.SDK/Bannou.SDK.csproj::TargetFramework=net9.0]
/home/lysander/repos/bannou/bannou-service/Generated/Clients/PermissionsClient.cs(941,86): warning CS1591: Missing XML comment for publicly visible type or member 'PermissionsClient.ReadObjectResponseAsync<T>(HttpResponseMessage, IReadOnlyDictionary<string, IEnumerable<string>>, CancellationToken)' [/home/lysander/repos/bannou/Bannou.SDK/Bannou.SDK.csproj::TargetFramework=net9.0]
/home/lysander/repos/bannou/bannou-service/Generated/Models/PermissionsModels.cs(33,68): warning CS1591: Missing XML comment for publicly visible type or member 'ListServicesRequest.AdditionalProperties' [/home/lysander/repos/bannou/Bannou.SDK/Bannou.SDK.csproj::TargetFramework=net9.0]
/home/lysander/repos/bannou/bannou-service/Generated/Models/PermissionsModels.cs(42,22): warning CS1591: Missing XML comment for publicly visible type or member 'CapabilityRequest' [/home/lysander/repos/bannou/Bannou.SDK/Bannou.SDK.csproj::TargetFramework=net9.0]
/home/lysander/repos/bannou/bannou-service/Generated/Models/PermissionsModels.cs(62,68): warning CS1591: Missing XML comment for publicly visible type or member 'CapabilityRequest.AdditionalProperties' [/home/lysander/repos/bannou/Bannou.SDK/Bannou.SDK.csproj::TargetFramework=net9.0]
/home/lysander/repos/bannou/bannou-service/Generated/Models/PermissionsModels.cs(71,22): warning CS1591: Missing XML comment for publicly visible type or member 'CapabilityResponse' [/home/lysander/repos/bannou/Bannou.SDK/Bannou.SDK.csproj::TargetFramework=net9.0]
/home/lysander/repos/bannou/bannou-service/Generated/Models/PermissionsModels.cs(77,24): warning CS1591: Missing XML comment for publicly visible type or member 'CapabilityResponse.SessionId' [/home/lysander/repos/bannou/Bannou.SDK/Bannou.SDK.csproj::TargetFramework=net9.0]
/home/lysander/repos/bannou/bannou-service/Generated/Models/PermissionsModels.cs(96,68): warning CS1591: Missing XML comment for publicly visible type or member 'CapabilityResponse.AdditionalProperties' [/home/lysander/repos/bannou/Bannou.SDK/Bannou.SDK.csproj::TargetFramework=net9.0]
/home/lysander/repos/bannou/bannou-service/Generated/Models/PermissionsModels.cs(105,22): warning CS1591: Missing XML comment for publicly visible type or member 'ValidationRequest' [/home/lysander/repos/bannou/Bannou.SDK/Bannou.SDK.csproj::TargetFramework=net9.0]
/home/lysander/repos/bannou/bannou-service/Generated/Models/PermissionsModels.cs(111,24): warning CS1591: Missing XML comment for publicly visible type or member 'ValidationRequest.SessionId' [/home/lysander/repos/bannou/Bannou.SDK/Bannou.SDK.csproj::TargetFramework=net9.0]
/home/lysander/repos/bannou/bannou-service/Generated/Models/PermissionsModels.cs(132,68): warning CS1591: Missing XML comment for publicly visible type or member 'ValidationRequest.AdditionalProperties' [/home/lysander/repos/bannou/Bannou.SDK/Bannou.SDK.csproj::TargetFramework=net9.0]
/home/lysander/repos/bannou/bannou-service/Generated/Models/PermissionsModels.cs(141,22): warning CS1591: Missing XML comment for publicly visible type or member 'ValidationResponse' [/home/lysander/repos/bannou/Bannou.SDK/Bannou.SDK.csproj::TargetFramework=net9.0]
/home/lysander/repos/bannou/bannou-service/Generated/Models/PermissionsModels.cs(153,24): warning CS1591: Missing XML comment for publicly visible type or member 'ValidationResponse.SessionId' [/home/lysander/repos/bannou/Bannou.SDK/Bannou.SDK.csproj::TargetFramework=net9.0]
/home/lysander/repos/bannou/bannou-service/Generated/Models/PermissionsModels.cs(164,68): warning CS1591: Missing XML comment for publicly visible type or member 'ValidationResponse.AdditionalProperties' [/home/lysander/repos/bannou/Bannou.SDK/Bannou.SDK.csproj::TargetFramework=net9.0]
/home/lysander/repos/bannou/bannou-service/Generated/Models/PermissionsModels.cs(173,22): warning CS1591: Missing XML comment for publicly visible type or member 'ServicePermissionMatrix' [/home/lysander/repos/bannou/Bannou.SDK/Bannou.SDK.csproj::TargetFramework=net9.0]
/home/lysander/repos/bannou/bannou-service/Generated/Models/PermissionsModels.cs(207,68): warning CS1591: Missing XML comment for publicly visible type or member 'ServicePermissionMatrix.AdditionalProperties' [/home/lysander/repos/bannou/Bannou.SDK/Bannou.SDK.csproj::TargetFramework=net9.0]
/home/lysander/repos/bannou/bannou-service/Generated/Models/PermissionsModels.cs(225,22): warning CS1591: Missing XML comment for publicly visible type or member 'RegistrationResponse' [/home/lysander/repos/bannou/Bannou.SDK/Bannou.SDK.csproj::TargetFramework=net9.0]
/home/lysander/repos/bannou/bannou-service/Generated/Models/PermissionsModels.cs(231,19): warning CS1591: Missing XML comment for publicly visible type or member 'RegistrationResponse.ServiceId' [/home/lysander/repos/bannou/Bannou.SDK/Bannou.SDK.csproj::TargetFramework=net9.0]
/home/lysander/repos/bannou/bannou-service/Generated/Models/PermissionsModels.cs(258,34): warning CS1591: Missing XML comment for publicly visible type or member 'RegistrationResponse.RecompiledAt' [/home/lysander/repos/bannou/Bannou.SDK/Bannou.SDK.csproj::TargetFramework=net9.0]
/home/lysander/repos/bannou/bannou-service/Generated/Models/PermissionsModels.cs(263,68): warning CS1591: Missing XML comment for publicly visible type or member 'RegistrationResponse.AdditionalProperties' [/home/lysander/repos/bannou/Bannou.SDK/Bannou.SDK.csproj::TargetFramework=net9.0]
/home/lysander/repos/bannou/bannou-service/Generated/Models/PermissionsModels.cs(272,22): warning CS1591: Missing XML comment for publicly visible type or member 'SessionStateUpdate' [/home/lysander/repos/bannou/Bannou.SDK/Bannou.SDK.csproj::TargetFramework=net9.0]
/home/lysander/repos/bannou/bannou-service/Generated/Models/PermissionsModels.cs(278,24): warning CS1591: Missing XML comment for publicly visible type or member 'SessionStateUpdate.SessionId' [/home/lysander/repos/bannou/Bannou.SDK/Bannou.SDK.csproj::TargetFramework=net9.0]
/home/lysander/repos/bannou/bannou-service/Generated/Models/PermissionsModels.cs(311,68): warning CS1591: Missing XML comment for publicly visible type or member 'SessionStateUpdate.AdditionalProperties' [/home/lysander/repos/bannou/Bannou.SDK/Bannou.SDK.csproj::TargetFramework=net9.0]
/home/lysander/repos/bannou/bannou-service/Generated/Models/PermissionsModels.cs(320,22): warning CS1591: Missing XML comment for publicly visible type or member 'SessionRoleUpdate' [/home/lysander/repos/bannou/Bannou.SDK/Bannou.SDK.csproj::TargetFramework=net9.0]
/home/lysander/repos/bannou/bannou-service/Generated/Models/PermissionsModels.cs(326,24): warning CS1591: Missing XML comment for publicly visible type or member 'SessionRoleUpdate.SessionId' [/home/lysander/repos/bannou/Bannou.SDK/Bannou.SDK.csproj::TargetFramework=net9.0]
/home/lysander/repos/bannou/bannou-service/Generated/Models/PermissionsModels.cs(345,68): warning CS1591: Missing XML comment for publicly visible type or member 'SessionRoleUpdate.AdditionalProperties' [/home/lysander/repos/bannou/Bannou.SDK/Bannou.SDK.csproj::TargetFramework=net9.0]
/home/lysander/repos/bannou/bannou-service/Generated/Models/PermissionsModels.cs(354,22): warning CS1591: Missing XML comment for publicly visible type or member 'ClearSessionStateRequest' [/home/lysander/repos/bannou/Bannou.SDK/Bannou.SDK.csproj::TargetFramework=net9.0]
/home/lysander/repos/bannou/bannou-service/Generated/Models/PermissionsModels.cs(385,68): warning CS1591: Missing XML comment for publicly visible type or member 'ClearSessionStateRequest.AdditionalProperties' [/home/lysander/repos/bannou/Bannou.SDK/Bannou.SDK.csproj::TargetFramework=net9.0]
/home/lysander/repos/bannou/bannou-service/Generated/Models/PermissionsModels.cs(394,22): warning CS1591: Missing XML comment for publicly visible type or member 'SessionUpdateResponse' [/home/lysander/repos/bannou/Bannou.SDK/Bannou.SDK.csproj::TargetFramework=net9.0]
/home/lysander/repos/bannou/bannou-service/Generated/Models/PermissionsModels.cs(400,24): warning CS1591: Missing XML comment for publicly visible type or member 'SessionUpdateResponse.SessionId' [/home/lysander/repos/bannou/Bannou.SDK/Bannou.SDK.csproj::TargetFramework=net9.0]
/home/lysander/repos/bannou/bannou-service/Generated/Models/PermissionsModels.cs(427,34): warning CS1591: Missing XML comment for publicly visible type or member 'SessionUpdateResponse.UpdatedAt' [/home/lysander/repos/bannou/Bannou.SDK/Bannou.SDK.csproj::TargetFramework=net9.0]
/home/lysander/repos/bannou/bannou-service/Generated/Models/PermissionsModels.cs(432,68): warning CS1591: Missing XML comment for publicly visible type or member 'SessionUpdateResponse.AdditionalProperties' [/home/lysander/repos/bannou/Bannou.SDK/Bannou.SDK.csproj::TargetFramework=net9.0]
/home/lysander/repos/bannou/bannou-service/Generated/Models/PermissionsModels.cs(441,22): warning CS1591: Missing XML comment for publicly visible type or member 'SessionInfoRequest' [/home/lysander/repos/bannou/Bannou.SDK/Bannou.SDK.csproj::TargetFramework=net9.0]
/home/lysander/repos/bannou/bannou-service/Generated/Models/PermissionsModels.cs(447,24): warning CS1591: Missing XML comment for publicly visible type or member 'SessionInfoRequest.SessionId' [/home/lysander/repos/bannou/Bannou.SDK/Bannou.SDK.csproj::TargetFramework=net9.0]
/home/lysander/repos/bannou/bannou-service/Generated/Models/PermissionsModels.cs(452,68): warning CS1591: Missing XML comment for publicly visible type or member 'SessionInfoRequest.AdditionalProperties' [/home/lysander/repos/bannou/Bannou.SDK/Bannou.SDK.csproj::TargetFramework=net9.0]
/home/lysander/repos/bannou/bannou-service/Generated/Models/PermissionsModels.cs(461,22): warning CS1591: Missing XML comment for publicly visible type or member 'SessionInfo' [/home/lysander/repos/bannou/Bannou.SDK/Bannou.SDK.csproj::TargetFramework=net9.0]
/home/lysander/repos/bannou/bannou-service/Generated/Models/PermissionsModels.cs(467,24): warning CS1591: Missing XML comment for publicly visible type or member 'SessionInfo.SessionId' [/home/lysander/repos/bannou/Bannou.SDK/Bannou.SDK.csproj::TargetFramework=net9.0]
/home/lysander/repos/bannou/bannou-service/Generated/Models/PermissionsModels.cs(514,68): warning CS1591: Missing XML comment for publicly visible type or member 'SessionInfo.AdditionalProperties' [/home/lysander/repos/bannou/Bannou.SDK/Bannou.SDK.csproj::TargetFramework=net9.0]
/home/lysander/repos/bannou/bannou-service/Generated/Models/PermissionsModels.cs(523,22): warning CS1591: Missing XML comment for publicly visible type or member 'RegisteredServicesResponse' [/home/lysander/repos/bannou/Bannou.SDK/Bannou.SDK.csproj::TargetFramework=net9.0]
/home/lysander/repos/bannou/bannou-service/Generated/Models/PermissionsModels.cs(545,68): warning CS1591: Missing XML comment for publicly visible type or member 'RegisteredServicesResponse.AdditionalProperties' [/home/lysander/repos/bannou/Bannou.SDK/Bannou.SDK.csproj::TargetFramework=net9.0]
/home/lysander/repos/bannou/bannou-service/Generated/Models/PermissionsModels.cs(554,22): warning CS1591: Missing XML comment for publicly visible type or member 'RegisteredServiceInfo' [/home/lysander/repos/bannou/Bannou.SDK/Bannou.SDK.csproj::TargetFramework=net9.0]
/home/lysander/repos/bannou/bannou-service/Generated/Models/PermissionsModels.cs(594,68): warning CS1591: Missing XML comment for publicly visible type or member 'RegisteredServiceInfo.AdditionalProperties' [/home/lysander/repos/bannou/Bannou.SDK/Bannou.SDK.csproj::TargetFramework=net9.0]
/home/lysander/repos/bannou/bannou-service/Generated/Clients/RelationshipClient.cs(19,26): warning CS1591: Missing XML comment for publicly visible type or member 'IRelationshipClient' [/home/lysander/repos/bannou/Bannou.SDK/Bannou.SDK.csproj::TargetFramework=net9.0]
/home/lysander/repos/bannou/bannou-service/Generated/Clients/RelationshipClient.cs(33,105): warning CS1573: Parameter 'body' has no matching param tag in the XML comment for 'IRelationshipClient.CreateRelationshipAsync(CreateRelationshipRequest, CancellationToken)' (but other parameters do) [/home/lysander/repos/bannou/Bannou.SDK/Bannou.SDK.csproj::TargetFramework=net9.0]
/home/lysander/repos/bannou/bannou-service/Generated/Clients/RelationshipClient.cs(41,99): warning CS1573: Parameter 'body' has no matching param tag in the XML comment for 'IRelationshipClient.GetRelationshipAsync(GetRelationshipRequest, CancellationToken)' (but other parameters do) [/home/lysander/repos/bannou/Bannou.SDK/Bannou.SDK.csproj::TargetFramework=net9.0]
/home/lysander/repos/bannou/bannou-service/Generated/Clients/RelationshipClient.cs(54,123): warning CS1573: Parameter 'body' has no matching param tag in the XML comment for 'IRelationshipClient.ListRelationshipsByEntityAsync(ListRelationshipsByEntityRequest, CancellationToken)' (but other parameters do) [/home/lysander/repos/bannou/Bannou.SDK/Bannou.SDK.csproj::TargetFramework=net9.0]
/home/lysander/repos/bannou/bannou-service/Generated/Clients/RelationshipClient.cs(66,119): warning CS1573: Parameter 'body' has no matching param tag in the XML comment for 'IRelationshipClient.GetRelationshipsBetweenAsync(GetRelationshipsBetweenRequest, CancellationToken)' (but other parameters do) [/home/lysander/repos/bannou/Bannou.SDK/Bannou.SDK.csproj::TargetFramework=net9.0]
/home/lysander/repos/bannou/bannou-service/Generated/Clients/RelationshipClient.cs(78,119): warning CS1573: Parameter 'body' has no matching param tag in the XML comment for 'IRelationshipClient.ListRelationshipsByTypeAsync(ListRelationshipsByTypeRequest, CancellationToken)' (but other parameters do) [/home/lysander/repos/bannou/Bannou.SDK/Bannou.SDK.csproj::TargetFramework=net9.0]
/home/lysander/repos/bannou/bannou-service/Generated/Clients/RelationshipClient.cs(89,105): warning CS1573: Parameter 'body' has no matching param tag in the XML comment for 'IRelationshipClient.UpdateRelationshipAsync(UpdateRelationshipRequest, CancellationToken)' (but other parameters do) [/home/lysander/repos/bannou/Bannou.SDK/Bannou.SDK.csproj::TargetFramework=net9.0]
/home/lysander/repos/bannou/bannou-service/Generated/Clients/RelationshipClient.cs(103,77): warning CS1573: Parameter 'body' has no matching param tag in the XML comment for 'IRelationshipClient.EndRelationshipAsync(EndRelationshipRequest, CancellationToken)' (but other parameters do) [/home/lysander/repos/bannou/Bannou.SDK/Bannou.SDK.csproj::TargetFramework=net9.0]
/home/lysander/repos/bannou/bannou-service/Generated/Clients/RelationshipClient.cs(107,22): warning CS1591: Missing XML comment for publicly visible type or member 'RelationshipClient' [/home/lysander/repos/bannou/Bannou.SDK/Bannou.SDK.csproj::TargetFramework=net9.0]
/home/lysander/repos/bannou/bannou-service/Generated/Clients/RelationshipClient.cs(127,12): warning CS1591: Missing XML comment for publicly visible type or member 'RelationshipClient.RelationshipClient(IMeshInvocationClient, IServiceAppMappingResolver, ILogger<RelationshipClient>?)' [/home/lysander/repos/bannou/Bannou.SDK/Bannou.SDK.csproj::TargetFramework=net9.0]
/home/lysander/repos/bannou/bannou-service/Generated/Clients/RelationshipClient.cs(135,54): warning CS1591: Missing XML comment for publicly visible type or member 'RelationshipClient.JsonSerializerSettings' [/home/lysander/repos/bannou/Bannou.SDK/Bannou.SDK.csproj::TargetFramework=net9.0]
/home/lysander/repos/bannou/bannou-service/Generated/Clients/RelationshipClient.cs(240,126): warning CS1573: Parameter 'body' has no matching param tag in the XML comment for 'RelationshipClient.CreateRelationshipAsync(CreateRelationshipRequest, CancellationToken)' (but other parameters do) [/home/lysander/repos/bannou/Bannou.SDK/Bannou.SDK.csproj::TargetFramework=net9.0]
/home/lysander/repos/bannou/bannou-service/Generated/Clients/RelationshipClient.cs(331,120): warning CS1573: Parameter 'body' has no matching param tag in the XML comment for 'RelationshipClient.GetRelationshipAsync(GetRelationshipRequest, CancellationToken)' (but other parameters do) [/home/lysander/repos/bannou/Bannou.SDK/Bannou.SDK.csproj::TargetFramework=net9.0]
/home/lysander/repos/bannou/bannou-service/Generated/Clients/RelationshipClient.cs(421,144): warning CS1573: Parameter 'body' has no matching param tag in the XML comment for 'RelationshipClient.ListRelationshipsByEntityAsync(ListRelationshipsByEntityRequest, CancellationToken)' (but other parameters do) [/home/lysander/repos/bannou/Bannou.SDK/Bannou.SDK.csproj::TargetFramework=net9.0]
/home/lysander/repos/bannou/bannou-service/Generated/Clients/RelationshipClient.cs(504,140): warning CS1573: Parameter 'body' has no matching param tag in the XML comment for 'RelationshipClient.GetRelationshipsBetweenAsync(GetRelationshipsBetweenRequest, CancellationToken)' (but other parameters do) [/home/lysander/repos/bannou/Bannou.SDK/Bannou.SDK.csproj::TargetFramework=net9.0]
/home/lysander/repos/bannou/bannou-service/Generated/Clients/RelationshipClient.cs(587,140): warning CS1573: Parameter 'body' has no matching param tag in the XML comment for 'RelationshipClient.ListRelationshipsByTypeAsync(ListRelationshipsByTypeRequest, CancellationToken)' (but other parameters do) [/home/lysander/repos/bannou/Bannou.SDK/Bannou.SDK.csproj::TargetFramework=net9.0]
/home/lysander/repos/bannou/bannou-service/Generated/Clients/RelationshipClient.cs(669,126): warning CS1573: Parameter 'body' has no matching param tag in the XML comment for 'RelationshipClient.UpdateRelationshipAsync(UpdateRelationshipRequest, CancellationToken)' (but other parameters do) [/home/lysander/repos/bannou/Bannou.SDK/Bannou.SDK.csproj::TargetFramework=net9.0]
/home/lysander/repos/bannou/bannou-service/Generated/Clients/RelationshipClient.cs(760,98): warning CS1573: Parameter 'body' has no matching param tag in the XML comment for 'RelationshipClient.EndRelationshipAsync(EndRelationshipRequest, CancellationToken)' (but other parameters do) [/home/lysander/repos/bannou/Bannou.SDK/Bannou.SDK.csproj::TargetFramework=net9.0]
/home/lysander/repos/bannou/bannou-service/Generated/Clients/RelationshipClient.cs(833,22): warning CS1591: Missing XML comment for publicly visible type or member 'RelationshipClient.ObjectResponseResult<T>' [/home/lysander/repos/bannou/Bannou.SDK/Bannou.SDK.csproj::TargetFramework=net9.0]
/home/lysander/repos/bannou/bannou-service/Generated/Clients/RelationshipClient.cs(835,16): warning CS1591: Missing XML comment for publicly visible type or member 'RelationshipClient.ObjectResponseResult<T>.ObjectResponseResult(T, string)' [/home/lysander/repos/bannou/Bannou.SDK/Bannou.SDK.csproj::TargetFramework=net9.0]
/home/lysander/repos/bannou/bannou-service/Generated/Clients/RelationshipClient.cs(841,18): warning CS1591: Missing XML comment for publicly visible type or member 'RelationshipClient.ObjectResponseResult<T>.Object' [/home/lysander/repos/bannou/Bannou.SDK/Bannou.SDK.csproj::TargetFramework=net9.0]
/home/lysander/repos/bannou/bannou-service/Generated/Clients/RelationshipClient.cs(843,23): warning CS1591: Missing XML comment for publicly visible type or member 'RelationshipClient.ObjectResponseResult<T>.Text' [/home/lysander/repos/bannou/Bannou.SDK/Bannou.SDK.csproj::TargetFramework=net9.0]
/home/lysander/repos/bannou/bannou-service/Generated/Clients/RelationshipClient.cs(866,17): warning CS1591: Missing XML comment for publicly visible type or member 'RelationshipClient.ReadResponseAsString' [/home/lysander/repos/bannou/Bannou.SDK/Bannou.SDK.csproj::TargetFramework=net9.0]
/home/lysander/repos/bannou/bannou-service/Generated/Clients/RelationshipClient.cs(868,86): warning CS1591: Missing XML comment for publicly visible type or member 'RelationshipClient.ReadObjectResponseAsync<T>(HttpResponseMessage, IReadOnlyDictionary<string, IEnumerable<string>>, CancellationToken)' [/home/lysander/repos/bannou/Bannou.SDK/Bannou.SDK.csproj::TargetFramework=net9.0]
/home/lysander/repos/bannou/bannou-service/Generated/Models/RelationshipModels.cs(35,5): warning CS1591: Missing XML comment for publicly visible type or member 'EntityType.CHARACTER' [/home/lysander/repos/bannou/Bannou.SDK/Bannou.SDK.csproj::TargetFramework=net9.0]
/home/lysander/repos/bannou/bannou-service/Generated/Models/RelationshipModels.cs(38,5): warning CS1591: Missing XML comment for publicly visible type or member 'EntityType.NPC' [/home/lysander/repos/bannou/Bannou.SDK/Bannou.SDK.csproj::TargetFramework=net9.0]
/home/lysander/repos/bannou/bannou-service/Generated/Models/RelationshipModels.cs(41,5): warning CS1591: Missing XML comment for publicly visible type or member 'EntityType.MONSTER' [/home/lysander/repos/bannou/Bannou.SDK/Bannou.SDK.csproj::TargetFramework=net9.0]
/home/lysander/repos/bannou/bannou-service/Generated/Models/RelationshipModels.cs(44,5): warning CS1591: Missing XML comment for publicly visible type or member 'EntityType.ITEM' [/home/lysander/repos/bannou/Bannou.SDK/Bannou.SDK.csproj::TargetFramework=net9.0]
/home/lysander/repos/bannou/bannou-service/Generated/Models/RelationshipModels.cs(47,5): warning CS1591: Missing XML comment for publicly visible type or member 'EntityType.LOCATION' [/home/lysander/repos/bannou/Bannou.SDK/Bannou.SDK.csproj::TargetFramework=net9.0]
/home/lysander/repos/bannou/bannou-service/Generated/Models/RelationshipModels.cs(50,5): warning CS1591: Missing XML comment for publicly visible type or member 'EntityType.ORGANIZATION' [/home/lysander/repos/bannou/Bannou.SDK/Bannou.SDK.csproj::TargetFramework=net9.0]
/home/lysander/repos/bannou/bannou-service/Generated/Models/RelationshipModels.cs(53,5): warning CS1591: Missing XML comment for publicly visible type or member 'EntityType.FACTION' [/home/lysander/repos/bannou/Bannou.SDK/Bannou.SDK.csproj::TargetFramework=net9.0]
/home/lysander/repos/bannou/bannou-service/Generated/Models/RelationshipModels.cs(56,5): warning CS1591: Missing XML comment for publicly visible type or member 'EntityType.REALM' [/home/lysander/repos/bannou/Bannou.SDK/Bannou.SDK.csproj::TargetFramework=net9.0]
/home/lysander/repos/bannou/bannou-service/Generated/Models/RelationshipModels.cs(59,5): warning CS1591: Missing XML comment for publicly visible type or member 'EntityType.OTHER' [/home/lysander/repos/bannou/Bannou.SDK/Bannou.SDK.csproj::TargetFramework=net9.0]
/home/lysander/repos/bannou/bannou-service/Generated/Models/RelationshipModels.cs(64,22): warning CS1591: Missing XML comment for publicly visible type or member 'CreateRelationshipRequest' [/home/lysander/repos/bannou/Bannou.SDK/Bannou.SDK.csproj::TargetFramework=net9.0]
/home/lysander/repos/bannou/bannou-service/Generated/Models/RelationshipModels.cs(79,23): warning CS1591: Missing XML comment for publicly visible type or member 'CreateRelationshipRequest.Entity1Type' [/home/lysander/repos/bannou/Bannou.SDK/Bannou.SDK.csproj::TargetFramework=net9.0]
/home/lysander/repos/bannou/bannou-service/Generated/Models/RelationshipModels.cs(93,23): warning CS1591: Missing XML comment for publicly visible type or member 'CreateRelationshipRequest.Entity2Type' [/home/lysander/repos/bannou/Bannou.SDK/Bannou.SDK.csproj::TargetFramework=net9.0]
/home/lysander/repos/bannou/bannou-service/Generated/Models/RelationshipModels.cs(120,68): warning CS1591: Missing XML comment for publicly visible type or member 'CreateRelationshipRequest.AdditionalProperties' [/home/lysander/repos/bannou/Bannou.SDK/Bannou.SDK.csproj::TargetFramework=net9.0]
/home/lysander/repos/bannou/bannou-service/Generated/Models/RelationshipModels.cs(129,22): warning CS1591: Missing XML comment for publicly visible type or member 'GetRelationshipRequest' [/home/lysander/repos/bannou/Bannou.SDK/Bannou.SDK.csproj::TargetFramework=net9.0]
/home/lysander/repos/bannou/bannou-service/Generated/Models/RelationshipModels.cs(143,68): warning CS1591: Missing XML comment for publicly visible type or member 'GetRelationshipRequest.AdditionalProperties' [/home/lysander/repos/bannou/Bannou.SDK/Bannou.SDK.csproj::TargetFramework=net9.0]
/home/lysander/repos/bannou/bannou-service/Generated/Models/RelationshipModels.cs(152,22): warning CS1591: Missing XML comment for publicly visible type or member 'ListRelationshipsByEntityRequest' [/home/lysander/repos/bannou/Bannou.SDK/Bannou.SDK.csproj::TargetFramework=net9.0]
/home/lysander/repos/bannou/bannou-service/Generated/Models/RelationshipModels.cs(167,23): warning CS1591: Missing XML comment for publicly visible type or member 'ListRelationshipsByEntityRequest.EntityType' [/home/lysander/repos/bannou/Bannou.SDK/Bannou.SDK.csproj::TargetFramework=net9.0]
/home/lysander/repos/bannou/bannou-service/Generated/Models/RelationshipModels.cs(190,16): warning CS1591: Missing XML comment for publicly visible type or member 'ListRelationshipsByEntityRequest.Page' [/home/lysander/repos/bannou/Bannou.SDK/Bannou.SDK.csproj::TargetFramework=net9.0]
/home/lysander/repos/bannou/bannou-service/Generated/Models/RelationshipModels.cs(194,16): warning CS1591: Missing XML comment for publicly visible type or member 'ListRelationshipsByEntityRequest.PageSize' [/home/lysander/repos/bannou/Bannou.SDK/Bannou.SDK.csproj::TargetFramework=net9.0]
/home/lysander/repos/bannou/bannou-service/Generated/Models/RelationshipModels.cs(199,68): warning CS1591: Missing XML comment for publicly visible type or member 'ListRelationshipsByEntityRequest.AdditionalProperties' [/home/lysander/repos/bannou/Bannou.SDK/Bannou.SDK.csproj::TargetFramework=net9.0]
/home/lysander/repos/bannou/bannou-service/Generated/Models/RelationshipModels.cs(208,22): warning CS1591: Missing XML comment for publicly visible type or member 'GetRelationshipsBetweenRequest' [/home/lysander/repos/bannou/Bannou.SDK/Bannou.SDK.csproj::TargetFramework=net9.0]
/home/lysander/repos/bannou/bannou-service/Generated/Models/RelationshipModels.cs(214,24): warning CS1591: Missing XML comment for publicly visible type or member 'GetRelationshipsBetweenRequest.Entity1Id' [/home/lysander/repos/bannou/Bannou.SDK/Bannou.SDK.csproj::TargetFramework=net9.0]
/home/lysander/repos/bannou/bannou-service/Generated/Models/RelationshipModels.cs(220,23): warning CS1591: Missing XML comment for publicly visible type or member 'GetRelationshipsBetweenRequest.Entity1Type' [/home/lysander/repos/bannou/Bannou.SDK/Bannou.SDK.csproj::TargetFramework=net9.0]
/home/lysander/repos/bannou/bannou-service/Generated/Models/RelationshipModels.cs(225,24): warning CS1591: Missing XML comment for publicly visible type or member 'GetRelationshipsBetweenRequest.Entity2Id' [/home/lysander/repos/bannou/Bannou.SDK/Bannou.SDK.csproj::TargetFramework=net9.0]
/home/lysander/repos/bannou/bannou-service/Generated/Models/RelationshipModels.cs(231,23): warning CS1591: Missing XML comment for publicly visible type or member 'GetRelationshipsBetweenRequest.Entity2Type' [/home/lysander/repos/bannou/Bannou.SDK/Bannou.SDK.csproj::TargetFramework=net9.0]
/home/lysander/repos/bannou/bannou-service/Generated/Models/RelationshipModels.cs(248,68): warning CS1591: Missing XML comment for publicly visible type or member 'GetRelationshipsBetweenRequest.AdditionalProperties' [/home/lysander/repos/bannou/Bannou.SDK/Bannou.SDK.csproj::TargetFramework=net9.0]
/home/lysander/repos/bannou/bannou-service/Generated/Models/RelationshipModels.cs(257,22): warning CS1591: Missing XML comment for publicly visible type or member 'ListRelationshipsByTypeRequest' [/home/lysander/repos/bannou/Bannou.SDK/Bannou.SDK.csproj::TargetFramework=net9.0]
/home/lysander/repos/bannou/bannou-service/Generated/Models/RelationshipModels.cs(283,17): warning CS1591: Missing XML comment for publicly visible type or member 'ListRelationshipsByTypeRequest.IncludeEnded' [/home/lysander/repos/bannou/Bannou.SDK/Bannou.SDK.csproj::TargetFramework=net9.0]
/home/lysander/repos/bannou/bannou-service/Generated/Models/RelationshipModels.cs(287,16): warning CS1591: Missing XML comment for publicly visible type or member 'ListRelationshipsByTypeRequest.Page' [/home/lysander/repos/bannou/Bannou.SDK/Bannou.SDK.csproj::TargetFramework=net9.0]
/home/lysander/repos/bannou/bannou-service/Generated/Models/RelationshipModels.cs(291,16): warning CS1591: Missing XML comment for publicly visible type or member 'ListRelationshipsByTypeRequest.PageSize' [/home/lysander/repos/bannou/Bannou.SDK/Bannou.SDK.csproj::TargetFramework=net9.0]
/home/lysander/repos/bannou/bannou-service/Generated/Models/RelationshipModels.cs(296,68): warning CS1591: Missing XML comment for publicly visible type or member 'ListRelationshipsByTypeRequest.AdditionalProperties' [/home/lysander/repos/bannou/Bannou.SDK/Bannou.SDK.csproj::TargetFramework=net9.0]
/home/lysander/repos/bannou/bannou-service/Generated/Models/RelationshipModels.cs(305,22): warning CS1591: Missing XML comment for publicly visible type or member 'UpdateRelationshipRequest' [/home/lysander/repos/bannou/Bannou.SDK/Bannou.SDK.csproj::TargetFramework=net9.0]
/home/lysander/repos/bannou/bannou-service/Generated/Models/RelationshipModels.cs(331,68): warning CS1591: Missing XML comment for publicly visible type or member 'UpdateRelationshipRequest.AdditionalProperties' [/home/lysander/repos/bannou/Bannou.SDK/Bannou.SDK.csproj::TargetFramework=net9.0]
/home/lysander/repos/bannou/bannou-service/Generated/Models/RelationshipModels.cs(340,22): warning CS1591: Missing XML comment for publicly visible type or member 'EndRelationshipRequest' [/home/lysander/repos/bannou/Bannou.SDK/Bannou.SDK.csproj::TargetFramework=net9.0]
/home/lysander/repos/bannou/bannou-service/Generated/Models/RelationshipModels.cs(367,68): warning CS1591: Missing XML comment for publicly visible type or member 'EndRelationshipRequest.AdditionalProperties' [/home/lysander/repos/bannou/Bannou.SDK/Bannou.SDK.csproj::TargetFramework=net9.0]
/home/lysander/repos/bannou/bannou-service/Generated/Models/RelationshipModels.cs(376,22): warning CS1591: Missing XML comment for publicly visible type or member 'RelationshipResponse' [/home/lysander/repos/bannou/Bannou.SDK/Bannou.SDK.csproj::TargetFramework=net9.0]
/home/lysander/repos/bannou/bannou-service/Generated/Models/RelationshipModels.cs(382,24): warning CS1591: Missing XML comment for publicly visible type or member 'RelationshipResponse.RelationshipId' [/home/lysander/repos/bannou/Bannou.SDK/Bannou.SDK.csproj::TargetFramework=net9.0]
/home/lysander/repos/bannou/bannou-service/Generated/Models/RelationshipModels.cs(387,24): warning CS1591: Missing XML comment for publicly visible type or member 'RelationshipResponse.Entity1Id' [/home/lysander/repos/bannou/Bannou.SDK/Bannou.SDK.csproj::TargetFramework=net9.0]
/home/lysander/repos/bannou/bannou-service/Generated/Models/RelationshipModels.cs(393,23): warning CS1591: Missing XML comment for publicly visible type or member 'RelationshipResponse.Entity1Type' [/home/lysander/repos/bannou/Bannou.SDK/Bannou.SDK.csproj::TargetFramework=net9.0]
/home/lysander/repos/bannou/bannou-service/Generated/Models/RelationshipModels.cs(398,24): warning CS1591: Missing XML comment for publicly visible type or member 'RelationshipResponse.Entity2Id' [/home/lysander/repos/bannou/Bannou.SDK/Bannou.SDK.csproj::TargetFramework=net9.0]
/home/lysander/repos/bannou/bannou-service/Generated/Models/RelationshipModels.cs(404,23): warning CS1591: Missing XML comment for publicly visible type or member 'RelationshipResponse.Entity2Type' [/home/lysander/repos/bannou/Bannou.SDK/Bannou.SDK.csproj::TargetFramework=net9.0]
/home/lysander/repos/bannou/bannou-service/Generated/Models/RelationshipModels.cs(409,24): warning CS1591: Missing XML comment for publicly visible type or member 'RelationshipResponse.RelationshipTypeId' [/home/lysander/repos/bannou/Bannou.SDK/Bannou.SDK.csproj::TargetFramework=net9.0]
/home/lysander/repos/bannou/bannou-service/Generated/Models/RelationshipModels.cs(414,34): warning CS1591: Missing XML comment for publicly visible type or member 'RelationshipResponse.StartedAt' [/home/lysander/repos/bannou/Bannou.SDK/Bannou.SDK.csproj::TargetFramework=net9.0]
/home/lysander/repos/bannou/bannou-service/Generated/Models/RelationshipModels.cs(417,35): warning CS1591: Missing XML comment for publicly visible type or member 'RelationshipResponse.EndedAt' [/home/lysander/repos/bannou/Bannou.SDK/Bannou.SDK.csproj::TargetFramework=net9.0]
/home/lysander/repos/bannou/bannou-service/Generated/Models/RelationshipModels.cs(428,34): warning CS1591: Missing XML comment for publicly visible type or member 'RelationshipResponse.CreatedAt' [/home/lysander/repos/bannou/Bannou.SDK/Bannou.SDK.csproj::TargetFramework=net9.0]
/home/lysander/repos/bannou/bannou-service/Generated/Models/RelationshipModels.cs(431,35): warning CS1591: Missing XML comment for publicly visible type or member 'RelationshipResponse.UpdatedAt' [/home/lysander/repos/bannou/Bannou.SDK/Bannou.SDK.csproj::TargetFramework=net9.0]
/home/lysander/repos/bannou/bannou-service/Generated/Models/RelationshipModels.cs(436,68): warning CS1591: Missing XML comment for publicly visible type or member 'RelationshipResponse.AdditionalProperties' [/home/lysander/repos/bannou/Bannou.SDK/Bannou.SDK.csproj::TargetFramework=net9.0]
/home/lysander/repos/bannou/bannou-service/Generated/Models/RelationshipModels.cs(445,22): warning CS1591: Missing XML comment for publicly visible type or member 'RelationshipListResponse' [/home/lysander/repos/bannou/Bannou.SDK/Bannou.SDK.csproj::TargetFramework=net9.0]
/home/lysander/repos/bannou/bannou-service/Generated/Models/RelationshipModels.cs(451,73): warning CS1591: Missing XML comment for publicly visible type or member 'RelationshipListResponse.Relationships' [/home/lysander/repos/bannou/Bannou.SDK/Bannou.SDK.csproj::TargetFramework=net9.0]
/home/lysander/repos/bannou/bannou-service/Generated/Models/RelationshipModels.cs(454,16): warning CS1591: Missing XML comment for publicly visible type or member 'RelationshipListResponse.TotalCount' [/home/lysander/repos/bannou/Bannou.SDK/Bannou.SDK.csproj::TargetFramework=net9.0]
/home/lysander/repos/bannou/bannou-service/Generated/Models/RelationshipModels.cs(457,16): warning CS1591: Missing XML comment for publicly visible type or member 'RelationshipListResponse.Page' [/home/lysander/repos/bannou/Bannou.SDK/Bannou.SDK.csproj::TargetFramework=net9.0]
/home/lysander/repos/bannou/bannou-service/Generated/Models/RelationshipModels.cs(460,16): warning CS1591: Missing XML comment for publicly visible type or member 'RelationshipListResponse.PageSize' [/home/lysander/repos/bannou/Bannou.SDK/Bannou.SDK.csproj::TargetFramework=net9.0]
/home/lysander/repos/bannou/bannou-service/Generated/Models/RelationshipModels.cs(463,17): warning CS1591: Missing XML comment for publicly visible type or member 'RelationshipListResponse.HasNextPage' [/home/lysander/repos/bannou/Bannou.SDK/Bannou.SDK.csproj::TargetFramework=net9.0]
/home/lysander/repos/bannou/bannou-service/Generated/Models/RelationshipModels.cs(466,17): warning CS1591: Missing XML comment for publicly visible type or member 'RelationshipListResponse.HasPreviousPage' [/home/lysander/repos/bannou/Bannou.SDK/Bannou.SDK.csproj::TargetFramework=net9.0]
/home/lysander/repos/bannou/bannou-service/Generated/Models/RelationshipModels.cs(471,68): warning CS1591: Missing XML comment for publicly visible type or member 'RelationshipListResponse.AdditionalProperties' [/home/lysander/repos/bannou/Bannou.SDK/Bannou.SDK.csproj::TargetFramework=net9.0]
/home/lysander/repos/bannou/bannou-service/Generated/Clients/OrchestratorClient.cs(19,26): warning CS1591: Missing XML comment for publicly visible type or member 'IOrchestratorClient' [/home/lysander/repos/bannou/Bannou.SDK/Bannou.SDK.csproj::TargetFramework=net9.0]
/home/lysander/repos/bannou/bannou-service/Generated/Clients/OrchestratorClient.cs(34,120): warning CS1573: Parameter 'body' has no matching param tag in the XML comment for 'IOrchestratorClient.GetInfrastructureHealthAsync(InfrastructureHealthRequest, CancellationToken)' (but other parameters do) [/home/lysander/repos/bannou/Bannou.SDK/Bannou.SDK.csproj::TargetFramework=net9.0]
/home/lysander/repos/bannou/bannou-service/Generated/Clients/OrchestratorClient.cs(46,98): warning CS1573: Parameter 'body' has no matching param tag in the XML comment for 'IOrchestratorClient.GetServicesHealthAsync(ServiceHealthRequest, CancellationToken)' (but other parameters do) [/home/lysander/repos/bannou/Bannou.SDK/Bannou.SDK.csproj::TargetFramework=net9.0]
/home/lysander/repos/bannou/bannou-service/Generated/Clients/OrchestratorClient.cs(60,97): warning CS1573: Parameter 'body' has no matching param tag in the XML comment for 'IOrchestratorClient.RestartServiceAsync(ServiceRestartRequest, CancellationToken)' (but other parameters do) [/home/lysander/repos/bannou/Bannou.SDK/Bannou.SDK.csproj::TargetFramework=net9.0]
/home/lysander/repos/bannou/bannou-service/Generated/Clients/OrchestratorClient.cs(77,110): warning CS1573: Parameter 'body' has no matching param tag in the XML comment for 'IOrchestratorClient.ShouldRestartServiceAsync(ShouldRestartServiceRequest, CancellationToken)' (but other parameters do) [/home/lysander/repos/bannou/Bannou.SDK/Bannou.SDK.csproj::TargetFramework=net9.0]
/home/lysander/repos/bannou/bannou-service/Generated/Clients/OrchestratorClient.cs(101,88): warning CS1573: Parameter 'body' has no matching param tag in the XML comment for 'IOrchestratorClient.GetBackendsAsync(ListBackendsRequest, CancellationToken)' (but other parameters do) [/home/lysander/repos/bannou/Bannou.SDK/Bannou.SDK.csproj::TargetFramework=net9.0]
/home/lysander/repos/bannou/bannou-service/Generated/Clients/OrchestratorClient.cs(121,85): warning CS1573: Parameter 'body' has no matching param tag in the XML comment for 'IOrchestratorClient.GetPresetsAsync(ListPresetsRequest, CancellationToken)' (but other parameters do) [/home/lysander/repos/bannou/Bannou.SDK/Bannou.SDK.csproj::TargetFramework=net9.0]
/home/lysander/repos/bannou/bannou-service/Generated/Clients/OrchestratorClient.cs(148,75): warning CS1573: Parameter 'body' has no matching param tag in the XML comment for 'IOrchestratorClient.DeployAsync(DeployRequest, CancellationToken)' (but other parameters do) [/home/lysander/repos/bannou/Bannou.SDK/Bannou.SDK.csproj::TargetFramework=net9.0]
/home/lysander/repos/bannou/bannou-service/Generated/Clients/OrchestratorClient.cs(168,105): warning CS1573: Parameter 'body' has no matching param tag in the XML comment for 'IOrchestratorClient.GetServiceRoutingAsync(GetServiceRoutingRequest, CancellationToken)' (but other parameters do) [/home/lysander/repos/bannou/Bannou.SDK/Bannou.SDK.csproj::TargetFramework=net9.0]
/home/lysander/repos/bannou/bannou-service/Generated/Clients/OrchestratorClient.cs(184,84): warning CS1573: Parameter 'body' has no matching param tag in the XML comment for 'IOrchestratorClient.GetStatusAsync(GetStatusRequest, CancellationToken)' (but other parameters do) [/home/lysander/repos/bannou/Bannou.SDK/Bannou.SDK.csproj::TargetFramework=net9.0]
/home/lysander/repos/bannou/bannou-service/Generated/Clients/OrchestratorClient.cs(201,81): warning CS1573: Parameter 'body' has no matching param tag in the XML comment for 'IOrchestratorClient.TeardownAsync(TeardownRequest, CancellationToken)' (but other parameters do) [/home/lysander/repos/bannou/Bannou.SDK/Bannou.SDK.csproj::TargetFramework=net9.0]
/home/lysander/repos/bannou/bannou-service/Generated/Clients/OrchestratorClient.cs(222,72): warning CS1573: Parameter 'body' has no matching param tag in the XML comment for 'IOrchestratorClient.CleanAsync(CleanRequest, CancellationToken)' (but other parameters do) [/home/lysander/repos/bannou/Bannou.SDK/Bannou.SDK.csproj::TargetFramework=net9.0]
/home/lysander/repos/bannou/bannou-service/Generated/Clients/OrchestratorClient.cs(234,75): warning CS1573: Parameter 'body' has no matching param tag in the XML comment for 'IOrchestratorClient.GetLogsAsync(GetLogsRequest, CancellationToken)' (but other parameters do) [/home/lysander/repos/bannou/Bannou.SDK/Bannou.SDK.csproj::TargetFramework=net9.0]
/home/lysander/repos/bannou/bannou-service/Generated/Clients/OrchestratorClient.cs(252,99): warning CS1573: Parameter 'body' has no matching param tag in the XML comment for 'IOrchestratorClient.UpdateTopologyAsync(TopologyUpdateRequest, CancellationToken)' (but other parameters do) [/home/lysander/repos/bannou/Bannou.SDK/Bannou.SDK.csproj::TargetFramework=net9.0]
/home/lysander/repos/bannou/bannou-service/Generated/Clients/OrchestratorClient.cs(276,116): warning CS1573: Parameter 'body' has no matching param tag in the XML comment for 'IOrchestratorClient.RequestContainerRestartAsync(ContainerRestartRequestBody, CancellationToken)' (but other parameters do) [/home/lysander/repos/bannou/Bannou.SDK/Bannou.SDK.csproj::TargetFramework=net9.0]
/home/lysander/repos/bannou/bannou-service/Generated/Clients/OrchestratorClient.cs(288,100): warning CS1573: Parameter 'body' has no matching param tag in the XML comment for 'IOrchestratorClient.GetContainerStatusAsync(GetContainerStatusRequest, CancellationToken)' (but other parameters do) [/home/lysander/repos/bannou/Bannou.SDK/Bannou.SDK.csproj::TargetFramework=net9.0]
/home/lysander/repos/bannou/bannou-service/Generated/Clients/OrchestratorClient.cs(304,106): warning CS1573: Parameter 'body' has no matching param tag in the XML comment for 'IOrchestratorClient.RollbackConfigurationAsync(ConfigRollbackRequest, CancellationToken)' (but other parameters do) [/home/lysander/repos/bannou/Bannou.SDK/Bannou.SDK.csproj::TargetFramework=net9.0]
/home/lysander/repos/bannou/bannou-service/Generated/Clients/OrchestratorClient.cs(316,102): warning CS1573: Parameter 'body' has no matching param tag in the XML comment for 'IOrchestratorClient.GetConfigVersionAsync(GetConfigVersionRequest, CancellationToken)' (but other parameters do) [/home/lysander/repos/bannou/Bannou.SDK/Bannou.SDK.csproj::TargetFramework=net9.0]
/home/lysander/repos/bannou/bannou-service/Generated/Clients/OrchestratorClient.cs(329,105): warning CS1573: Parameter 'body' has no matching param tag in the XML comment for 'IOrchestratorClient.AcquireProcessorAsync(AcquireProcessorRequest, CancellationToken)' (but other parameters do) [/home/lysander/repos/bannou/Bannou.SDK/Bannou.SDK.csproj::TargetFramework=net9.0]
/home/lysander/repos/bannou/bannou-service/Generated/Clients/OrchestratorClient.cs(341,105): warning CS1573: Parameter 'body' has no matching param tag in the XML comment for 'IOrchestratorClient.ReleaseProcessorAsync(ReleaseProcessorRequest, CancellationToken)' (but other parameters do) [/home/lysander/repos/bannou/Bannou.SDK/Bannou.SDK.csproj::TargetFramework=net9.0]
/home/lysander/repos/bannou/bannou-service/Generated/Clients/OrchestratorClient.cs(356,93): warning CS1573: Parameter 'body' has no matching param tag in the XML comment for 'IOrchestratorClient.GetPoolStatusAsync(GetPoolStatusRequest, CancellationToken)' (but other parameters do) [/home/lysander/repos/bannou/Bannou.SDK/Bannou.SDK.csproj::TargetFramework=net9.0]
/home/lysander/repos/bannou/bannou-service/Generated/Clients/OrchestratorClient.cs(369,84): warning CS1573: Parameter 'body' has no matching param tag in the XML comment for 'IOrchestratorClient.ScalePoolAsync(ScalePoolRequest, CancellationToken)' (but other parameters do) [/home/lysander/repos/bannou/Bannou.SDK/Bannou.SDK.csproj::TargetFramework=net9.0]
/home/lysander/repos/bannou/bannou-service/Generated/Clients/OrchestratorClient.cs(381,90): warning CS1573: Parameter 'body' has no matching param tag in the XML comment for 'IOrchestratorClient.CleanupPoolAsync(CleanupPoolRequest, CancellationToken)' (but other parameters do) [/home/lysander/repos/bannou/Bannou.SDK/Bannou.SDK.csproj::TargetFramework=net9.0]
/home/lysander/repos/bannou/bannou-service/Generated/Clients/OrchestratorClient.cs(385,22): warning CS1591: Missing XML comment for publicly visible type or member 'OrchestratorClient' [/home/lysander/repos/bannou/Bannou.SDK/Bannou.SDK.csproj::TargetFramework=net9.0]
/home/lysander/repos/bannou/bannou-service/Generated/Clients/OrchestratorClient.cs(405,12): warning CS1591: Missing XML comment for publicly visible type or member 'OrchestratorClient.OrchestratorClient(IMeshInvocationClient, IServiceAppMappingResolver, ILogger<OrchestratorClient>?)' [/home/lysander/repos/bannou/Bannou.SDK/Bannou.SDK.csproj::TargetFramework=net9.0]
/home/lysander/repos/bannou/bannou-service/Generated/Clients/OrchestratorClient.cs(413,54): warning CS1591: Missing XML comment for publicly visible type or member 'OrchestratorClient.JsonSerializerSettings' [/home/lysander/repos/bannou/Bannou.SDK/Bannou.SDK.csproj::TargetFramework=net9.0]
/home/lysander/repos/bannou/bannou-service/Generated/Clients/OrchestratorClient.cs(519,141): warning CS1573: Parameter 'body' has no matching param tag in the XML comment for 'OrchestratorClient.GetInfrastructureHealthAsync(InfrastructureHealthRequest, CancellationToken)' (but other parameters do) [/home/lysander/repos/bannou/Bannou.SDK/Bannou.SDK.csproj::TargetFramework=net9.0]
/home/lysander/repos/bannou/bannou-service/Generated/Clients/OrchestratorClient.cs(602,119): warning CS1573: Parameter 'body' has no matching param tag in the XML comment for 'OrchestratorClient.GetServicesHealthAsync(ServiceHealthRequest, CancellationToken)' (but other parameters do) [/home/lysander/repos/bannou/Bannou.SDK/Bannou.SDK.csproj::TargetFramework=net9.0]
/home/lysander/repos/bannou/bannou-service/Generated/Clients/OrchestratorClient.cs(687,118): warning CS1573: Parameter 'body' has no matching param tag in the XML comment for 'OrchestratorClient.RestartServiceAsync(ServiceRestartRequest, CancellationToken)' (but other parameters do) [/home/lysander/repos/bannou/Bannou.SDK/Bannou.SDK.csproj::TargetFramework=net9.0]
/home/lysander/repos/bannou/bannou-service/Generated/Clients/OrchestratorClient.cs(787,131): warning CS1573: Parameter 'body' has no matching param tag in the XML comment for 'OrchestratorClient.ShouldRestartServiceAsync(ShouldRestartServiceRequest, CancellationToken)' (but other parameters do) [/home/lysander/repos/bannou/Bannou.SDK/Bannou.SDK.csproj::TargetFramework=net9.0]
/home/lysander/repos/bannou/bannou-service/Generated/Clients/OrchestratorClient.cs(882,109): warning CS1573: Parameter 'body' has no matching param tag in the XML comment for 'OrchestratorClient.GetBackendsAsync(ListBackendsRequest, CancellationToken)' (but other parameters do) [/home/lysander/repos/bannou/Bannou.SDK/Bannou.SDK.csproj::TargetFramework=net9.0]
/home/lysander/repos/bannou/bannou-service/Generated/Clients/OrchestratorClient.cs(973,106): warning CS1573: Parameter 'body' has no matching param tag in the XML comment for 'OrchestratorClient.GetPresetsAsync(ListPresetsRequest, CancellationToken)' (but other parameters do) [/home/lysander/repos/bannou/Bannou.SDK/Bannou.SDK.csproj::TargetFramework=net9.0]
/home/lysander/repos/bannou/bannou-service/Generated/Clients/OrchestratorClient.cs(1071,96): warning CS1573: Parameter 'body' has no matching param tag in the XML comment for 'OrchestratorClient.DeployAsync(DeployRequest, CancellationToken)' (but other parameters do) [/home/lysander/repos/bannou/Bannou.SDK/Bannou.SDK.csproj::TargetFramework=net9.0]
/home/lysander/repos/bannou/bannou-service/Generated/Clients/OrchestratorClient.cs(1192,126): warning CS1573: Parameter 'body' has no matching param tag in the XML comment for 'OrchestratorClient.GetServiceRoutingAsync(GetServiceRoutingRequest, CancellationToken)' (but other parameters do) [/home/lysander/repos/bannou/Bannou.SDK/Bannou.SDK.csproj::TargetFramework=net9.0]
/home/lysander/repos/bannou/bannou-service/Generated/Clients/OrchestratorClient.cs(1279,105): warning CS1573: Parameter 'body' has no matching param tag in the XML comment for 'OrchestratorClient.GetStatusAsync(GetStatusRequest, CancellationToken)' (but other parameters do) [/home/lysander/repos/bannou/Bannou.SDK/Bannou.SDK.csproj::TargetFramework=net9.0]
/home/lysander/repos/bannou/bannou-service/Generated/Clients/OrchestratorClient.cs(1367,102): warning CS1573: Parameter 'body' has no matching param tag in the XML comment for 'OrchestratorClient.TeardownAsync(TeardownRequest, CancellationToken)' (but other parameters do) [/home/lysander/repos/bannou/Bannou.SDK/Bannou.SDK.csproj::TargetFramework=net9.0]
/home/lysander/repos/bannou/bannou-service/Generated/Clients/OrchestratorClient.cs(1469,93): warning CS1573: Parameter 'body' has no matching param tag in the XML comment for 'OrchestratorClient.CleanAsync(CleanRequest, CancellationToken)' (but other parameters do) [/home/lysander/repos/bannou/Bannou.SDK/Bannou.SDK.csproj::TargetFramework=net9.0]
/home/lysander/repos/bannou/bannou-service/Generated/Clients/OrchestratorClient.cs(1562,96): warning CS1573: Parameter 'body' has no matching param tag in the XML comment for 'OrchestratorClient.GetLogsAsync(GetLogsRequest, CancellationToken)' (but other parameters do) [/home/lysander/repos/bannou/Bannou.SDK/Bannou.SDK.csproj::TargetFramework=net9.0]
/home/lysander/repos/bannou/bannou-service/Generated/Clients/OrchestratorClient.cs(1663,120): warning CS1573: Parameter 'body' has no matching param tag in the XML comment for 'OrchestratorClient.UpdateTopologyAsync(TopologyUpdateRequest, CancellationToken)' (but other parameters do) [/home/lysander/repos/bannou/Bannou.SDK/Bannou.SDK.csproj::TargetFramework=net9.0]
/home/lysander/repos/bannou/bannou-service/Generated/Clients/OrchestratorClient.cs(1776,137): warning CS1573: Parameter 'body' has no matching param tag in the XML comment for 'OrchestratorClient.RequestContainerRestartAsync(ContainerRestartRequestBody, CancellationToken)' (but other parameters do) [/home/lysander/repos/bannou/Bannou.SDK/Bannou.SDK.csproj::TargetFramework=net9.0]
/home/lysander/repos/bannou/bannou-service/Generated/Clients/OrchestratorClient.cs(1871,121): warning CS1573: Parameter 'body' has no matching param tag in the XML comment for 'OrchestratorClient.GetContainerStatusAsync(GetContainerStatusRequest, CancellationToken)' (but other parameters do) [/home/lysander/repos/bannou/Bannou.SDK/Bannou.SDK.csproj::TargetFramework=net9.0]
/home/lysander/repos/bannou/bannou-service/Generated/Clients/OrchestratorClient.cs(1964,127): warning CS1573: Parameter 'body' has no matching param tag in the XML comment for 'OrchestratorClient.RollbackConfigurationAsync(ConfigRollbackRequest, CancellationToken)' (but other parameters do) [/home/lysander/repos/bannou/Bannou.SDK/Bannou.SDK.csproj::TargetFramework=net9.0]
/home/lysander/repos/bannou/bannou-service/Generated/Clients/OrchestratorClient.cs(2059,123): warning CS1573: Parameter 'body' has no matching param tag in the XML comment for 'OrchestratorClient.GetConfigVersionAsync(GetConfigVersionRequest, CancellationToken)' (but other parameters do) [/home/lysander/repos/bannou/Bannou.SDK/Bannou.SDK.csproj::TargetFramework=net9.0]
/home/lysander/repos/bannou/bannou-service/Generated/Clients/OrchestratorClient.cs(2143,126): warning CS1573: Parameter 'body' has no matching param tag in the XML comment for 'OrchestratorClient.AcquireProcessorAsync(AcquireProcessorRequest, CancellationToken)' (but other parameters do) [/home/lysander/repos/bannou/Bannou.SDK/Bannou.SDK.csproj::TargetFramework=net9.0]
/home/lysander/repos/bannou/bannou-service/Generated/Clients/OrchestratorClient.cs(2236,126): warning CS1573: Parameter 'body' has no matching param tag in the XML comment for 'OrchestratorClient.ReleaseProcessorAsync(ReleaseProcessorRequest, CancellationToken)' (but other parameters do) [/home/lysander/repos/bannou/Bannou.SDK/Bannou.SDK.csproj::TargetFramework=net9.0]
/home/lysander/repos/bannou/bannou-service/Generated/Clients/OrchestratorClient.cs(2328,114): warning CS1573: Parameter 'body' has no matching param tag in the XML comment for 'OrchestratorClient.GetPoolStatusAsync(GetPoolStatusRequest, CancellationToken)' (but other parameters do) [/home/lysander/repos/bannou/Bannou.SDK/Bannou.SDK.csproj::TargetFramework=net9.0]
/home/lysander/repos/bannou/bannou-service/Generated/Clients/OrchestratorClient.cs(2412,105): warning CS1573: Parameter 'body' has no matching param tag in the XML comment for 'OrchestratorClient.ScalePoolAsync(ScalePoolRequest, CancellationToken)' (but other parameters do) [/home/lysander/repos/bannou/Bannou.SDK/Bannou.SDK.csproj::TargetFramework=net9.0]
/home/lysander/repos/bannou/bannou-service/Generated/Clients/OrchestratorClient.cs(2501,111): warning CS1573: Parameter 'body' has no matching param tag in the XML comment for 'OrchestratorClient.CleanupPoolAsync(CleanupPoolRequest, CancellationToken)' (but other parameters do) [/home/lysander/repos/bannou/Bannou.SDK/Bannou.SDK.csproj::TargetFramework=net9.0]
/home/lysander/repos/bannou/bannou-service/Generated/Clients/OrchestratorClient.cs(2574,22): warning CS1591: Missing XML comment for publicly visible type or member 'OrchestratorClient.ObjectResponseResult<T>' [/home/lysander/repos/bannou/Bannou.SDK/Bannou.SDK.csproj::TargetFramework=net9.0]
/home/lysander/repos/bannou/bannou-service/Generated/Clients/OrchestratorClient.cs(2576,16): warning CS1591: Missing XML comment for publicly visible type or member 'OrchestratorClient.ObjectResponseResult<T>.ObjectResponseResult(T, string)' [/home/lysander/repos/bannou/Bannou.SDK/Bannou.SDK.csproj::TargetFramework=net9.0]
/home/lysander/repos/bannou/bannou-service/Generated/Clients/OrchestratorClient.cs(2582,18): warning CS1591: Missing XML comment for publicly visible type or member 'OrchestratorClient.ObjectResponseResult<T>.Object' [/home/lysander/repos/bannou/Bannou.SDK/Bannou.SDK.csproj::TargetFramework=net9.0]
/home/lysander/repos/bannou/bannou-service/Generated/Clients/OrchestratorClient.cs(2584,23): warning CS1591: Missing XML comment for publicly visible type or member 'OrchestratorClient.ObjectResponseResult<T>.Text' [/home/lysander/repos/bannou/Bannou.SDK/Bannou.SDK.csproj::TargetFramework=net9.0]
/home/lysander/repos/bannou/bannou-service/Generated/Clients/OrchestratorClient.cs(2607,17): warning CS1591: Missing XML comment for publicly visible type or member 'OrchestratorClient.ReadResponseAsString' [/home/lysander/repos/bannou/Bannou.SDK/Bannou.SDK.csproj::TargetFramework=net9.0]
/home/lysander/repos/bannou/bannou-service/Generated/Clients/OrchestratorClient.cs(2609,86): warning CS1591: Missing XML comment for publicly visible type or member 'OrchestratorClient.ReadObjectResponseAsync<T>(HttpResponseMessage, IReadOnlyDictionary<string, IEnumerable<string>>, CancellationToken)' [/home/lysander/repos/bannou/Bannou.SDK/Bannou.SDK.csproj::TargetFramework=net9.0]
/home/lysander/repos/bannou/bannou-service/Generated/Models/OrchestratorModels.cs(33,68): warning CS1591: Missing XML comment for publicly visible type or member 'InfrastructureHealthRequest.AdditionalProperties' [/home/lysander/repos/bannou/Bannou.SDK/Bannou.SDK.csproj::TargetFramework=net9.0]
/home/lysander/repos/bannou/bannou-service/Generated/Models/OrchestratorModels.cs(57,68): warning CS1591: Missing XML comment for publicly visible type or member 'ServiceHealthRequest.AdditionalProperties' [/home/lysander/repos/bannou/Bannou.SDK/Bannou.SDK.csproj::TargetFramework=net9.0]
/home/lysander/repos/bannou/bannou-service/Generated/Models/OrchestratorModels.cs(81,68): warning CS1591: Missing XML comment for publicly visible type or member 'GetServiceRoutingRequest.AdditionalProperties' [/home/lysander/repos/bannou/Bannou.SDK/Bannou.SDK.csproj::TargetFramework=net9.0]
/home/lysander/repos/bannou/bannou-service/Generated/Models/OrchestratorModels.cs(90,22): warning CS1591: Missing XML comment for publicly visible type or member 'ServiceRoutingResponse' [/home/lysander/repos/bannou/Bannou.SDK/Bannou.SDK.csproj::TargetFramework=net9.0]
/home/lysander/repos/bannou/bannou-service/Generated/Models/OrchestratorModels.cs(135,68): warning CS1591: Missing XML comment for publicly visible type or member 'ServiceRoutingResponse.AdditionalProperties' [/home/lysander/repos/bannou/Bannou.SDK/Bannou.SDK.csproj::TargetFramework=net9.0]
/home/lysander/repos/bannou/bannou-service/Generated/Models/OrchestratorModels.cs(159,68): warning CS1591: Missing XML comment for publicly visible type or member 'ListBackendsRequest.AdditionalProperties' [/home/lysander/repos/bannou/Bannou.SDK/Bannou.SDK.csproj::TargetFramework=net9.0]
/home/lysander/repos/bannou/bannou-service/Generated/Models/OrchestratorModels.cs(184,68): warning CS1591: Missing XML comment for publicly visible type or member 'ListPresetsRequest.AdditionalProperties' [/home/lysander/repos/bannou/Bannou.SDK/Bannou.SDK.csproj::TargetFramework=net9.0]
/home/lysander/repos/bannou/bannou-service/Generated/Models/OrchestratorModels.cs(208,68): warning CS1591: Missing XML comment for publicly visible type or member 'GetStatusRequest.AdditionalProperties' [/home/lysander/repos/bannou/Bannou.SDK/Bannou.SDK.csproj::TargetFramework=net9.0]
/home/lysander/repos/bannou/bannou-service/Generated/Models/OrchestratorModels.cs(262,68): warning CS1591: Missing XML comment for publicly visible type or member 'GetLogsRequest.AdditionalProperties' [/home/lysander/repos/bannou/Bannou.SDK/Bannou.SDK.csproj::TargetFramework=net9.0]
/home/lysander/repos/bannou/bannou-service/Generated/Models/OrchestratorModels.cs(271,22): warning CS1591: Missing XML comment for publicly visible type or member 'ContainerRestartRequestBody' [/home/lysander/repos/bannou/Bannou.SDK/Bannou.SDK.csproj::TargetFramework=net9.0]
/home/lysander/repos/bannou/bannou-service/Generated/Models/OrchestratorModels.cs(292,28): warning CS1591: Missing XML comment for publicly visible type or member 'ContainerRestartRequestBody.Priority' [/home/lysander/repos/bannou/Bannou.SDK/Bannou.SDK.csproj::TargetFramework=net9.0]
/home/lysander/repos/bannou/bannou-service/Generated/Models/OrchestratorModels.cs(303,68): warning CS1591: Missing XML comment for publicly visible type or member 'ContainerRestartRequestBody.AdditionalProperties' [/home/lysander/repos/bannou/Bannou.SDK/Bannou.SDK.csproj::TargetFramework=net9.0]
/home/lysander/repos/bannou/bannou-service/Generated/Models/OrchestratorModels.cs(312,22): warning CS1591: Missing XML comment for publicly visible type or member 'GetContainerStatusRequest' [/home/lysander/repos/bannou/Bannou.SDK/Bannou.SDK.csproj::TargetFramework=net9.0]
/home/lysander/repos/bannou/bannou-service/Generated/Models/OrchestratorModels.cs(326,68): warning CS1591: Missing XML comment for publicly visible type or member 'GetContainerStatusRequest.AdditionalProperties' [/home/lysander/repos/bannou/Bannou.SDK/Bannou.SDK.csproj::TargetFramework=net9.0]
/home/lysander/repos/bannou/bannou-service/Generated/Models/OrchestratorModels.cs(350,68): warning CS1591: Missing XML comment for publicly visible type or member 'GetConfigVersionRequest.AdditionalProperties' [/home/lysander/repos/bannou/Bannou.SDK/Bannou.SDK.csproj::TargetFramework=net9.0]
/home/lysander/repos/bannou/bannou-service/Generated/Models/OrchestratorModels.cs(359,22): warning CS1591: Missing XML comment for publicly visible type or member 'InfrastructureHealthResponse' [/home/lysander/repos/bannou/Bannou.SDK/Bannou.SDK.csproj::TargetFramework=net9.0]
/home/lysander/repos/bannou/bannou-service/Generated/Models/OrchestratorModels.cs(387,68): warning CS1591: Missing XML comment for publicly visible type or member 'InfrastructureHealthResponse.AdditionalProperties' [/home/lysander/repos/bannou/Bannou.SDK/Bannou.SDK.csproj::TargetFramework=net9.0]
/home/lysander/repos/bannou/bannou-service/Generated/Models/OrchestratorModels.cs(396,22): warning CS1591: Missing XML comment for publicly visible type or member 'ComponentHealth' [/home/lysander/repos/bannou/Bannou.SDK/Bannou.SDK.csproj::TargetFramework=net9.0]
/home/lysander/repos/bannou/bannou-service/Generated/Models/OrchestratorModels.cs(439,68): warning CS1591: Missing XML comment for publicly visible type or member 'ComponentHealth.AdditionalProperties' [/home/lysander/repos/bannou/Bannou.SDK/Bannou.SDK.csproj::TargetFramework=net9.0]
/home/lysander/repos/bannou/bannou-service/Generated/Models/OrchestratorModels.cs(448,22): warning CS1591: Missing XML comment for publicly visible type or member 'ServiceHealthReport' [/home/lysander/repos/bannou/Bannou.SDK/Bannou.SDK.csproj::TargetFramework=net9.0]
/home/lysander/repos/bannou/bannou-service/Generated/Models/OrchestratorModels.cs(490,68): warning CS1591: Missing XML comment for publicly visible type or member 'ServiceHealthReport.AdditionalProperties' [/home/lysander/repos/bannou/Bannou.SDK/Bannou.SDK.csproj::TargetFramework=net9.0]
/home/lysander/repos/bannou/bannou-service/Generated/Models/OrchestratorModels.cs(554,68): warning CS1591: Missing XML comment for publicly visible type or member 'ServiceHealthStatus.AdditionalProperties' [/home/lysander/repos/bannou/Bannou.SDK/Bannou.SDK.csproj::TargetFramework=net9.0]
/home/lysander/repos/bannou/bannou-service/Generated/Models/OrchestratorModels.cs(563,22): warning CS1591: Missing XML comment for publicly visible type or member 'TestExecutionRequest' [/home/lysander/repos/bannou/Bannou.SDK/Bannou.SDK.csproj::TargetFramework=net9.0]
/home/lysander/repos/bannou/bannou-service/Generated/Models/OrchestratorModels.cs(596,68): warning CS1591: Missing XML comment for publicly visible type or member 'TestExecutionRequest.AdditionalProperties' [/home/lysander/repos/bannou/Bannou.SDK/Bannou.SDK.csproj::TargetFramework=net9.0]
/home/lysander/repos/bannou/bannou-service/Generated/Models/OrchestratorModels.cs(605,22): warning CS1591: Missing XML comment for publicly visible type or member 'TestExecutionResult' [/home/lysander/repos/bannou/Bannou.SDK/Bannou.SDK.csproj::TargetFramework=net9.0]
/home/lysander/repos/bannou/bannou-service/Generated/Models/OrchestratorModels.cs(651,68): warning CS1591: Missing XML comment for publicly visible type or member 'TestExecutionResult.AdditionalProperties' [/home/lysander/repos/bannou/Bannou.SDK/Bannou.SDK.csproj::TargetFramework=net9.0]
/home/lysander/repos/bannou/bannou-service/Generated/Models/OrchestratorModels.cs(660,22): warning CS1591: Missing XML comment for publicly visible type or member 'TestResult' [/home/lysander/repos/bannou/Bannou.SDK/Bannou.SDK.csproj::TargetFramework=net9.0]
/home/lysander/repos/bannou/bannou-service/Generated/Models/OrchestratorModels.cs(698,68): warning CS1591: Missing XML comment for publicly visible type or member 'TestResult.AdditionalProperties' [/home/lysander/repos/bannou/Bannou.SDK/Bannou.SDK.csproj::TargetFramework=net9.0]
/home/lysander/repos/bannou/bannou-service/Generated/Models/OrchestratorModels.cs(707,22): warning CS1591: Missing XML comment for publicly visible type or member 'ServiceRestartRequest' [/home/lysander/repos/bannou/Bannou.SDK/Bannou.SDK.csproj::TargetFramework=net9.0]
/home/lysander/repos/bannou/bannou-service/Generated/Models/OrchestratorModels.cs(739,68): warning CS1591: Missing XML comment for publicly visible type or member 'ServiceRestartRequest.AdditionalProperties' [/home/lysander/repos/bannou/Bannou.SDK/Bannou.SDK.csproj::TargetFramework=net9.0]
/home/lysander/repos/bannou/bannou-service/Generated/Models/OrchestratorModels.cs(748,22): warning CS1591: Missing XML comment for publicly visible type or member 'ServiceRestartResult' [/home/lysander/repos/bannou/Bannou.SDK/Bannou.SDK.csproj::TargetFramework=net9.0]
/home/lysander/repos/bannou/bannou-service/Generated/Models/OrchestratorModels.cs(794,68): warning CS1591: Missing XML comment for publicly visible type or member 'ServiceRestartResult.AdditionalProperties' [/home/lysander/repos/bannou/Bannou.SDK/Bannou.SDK.csproj::TargetFramework=net9.0]
/home/lysander/repos/bannou/bannou-service/Generated/Models/OrchestratorModels.cs(803,22): warning CS1591: Missing XML comment for publicly visible type or member 'ShouldRestartServiceRequest' [/home/lysander/repos/bannou/Bannou.SDK/Bannou.SDK.csproj::TargetFramework=net9.0]
/home/lysander/repos/bannou/bannou-service/Generated/Models/OrchestratorModels.cs(817,68): warning CS1591: Missing XML comment for publicly visible type or member 'ShouldRestartServiceRequest.AdditionalProperties' [/home/lysander/repos/bannou/Bannou.SDK/Bannou.SDK.csproj::TargetFramework=net9.0]
/home/lysander/repos/bannou/bannou-service/Generated/Models/OrchestratorModels.cs(826,22): warning CS1591: Missing XML comment for publicly visible type or member 'RestartRecommendation' [/home/lysander/repos/bannou/Bannou.SDK/Bannou.SDK.csproj::TargetFramework=net9.0]
/home/lysander/repos/bannou/bannou-service/Generated/Models/OrchestratorModels.cs(874,68): warning CS1591: Missing XML comment for publicly visible type or member 'RestartRecommendation.AdditionalProperties' [/home/lysander/repos/bannou/Bannou.SDK/Bannou.SDK.csproj::TargetFramework=net9.0]
/home/lysander/repos/bannou/bannou-service/Generated/Models/OrchestratorModels.cs(892,5): warning CS1591: Missing XML comment for publicly visible type or member 'BackendType.Kubernetes' [/home/lysander/repos/bannou/Bannou.SDK/Bannou.SDK.csproj::TargetFramework=net9.0]
/home/lysander/repos/bannou/bannou-service/Generated/Models/OrchestratorModels.cs(895,5): warning CS1591: Missing XML comment for publicly visible type or member 'BackendType.Portainer' [/home/lysander/repos/bannou/Bannou.SDK/Bannou.SDK.csproj::TargetFramework=net9.0]
/home/lysander/repos/bannou/bannou-service/Generated/Models/OrchestratorModels.cs(898,5): warning CS1591: Missing XML comment for publicly visible type or member 'BackendType.Swarm' [/home/lysander/repos/bannou/Bannou.SDK/Bannou.SDK.csproj::TargetFramework=net9.0]
/home/lysander/repos/bannou/bannou-service/Generated/Models/OrchestratorModels.cs(901,5): warning CS1591: Missing XML comment for publicly visible type or member 'BackendType.Compose' [/home/lysander/repos/bannou/Bannou.SDK/Bannou.SDK.csproj::TargetFramework=net9.0]
/home/lysander/repos/bannou/bannou-service/Generated/Models/OrchestratorModels.cs(906,22): warning CS1591: Missing XML comment for publicly visible type or member 'BackendInfo' [/home/lysander/repos/bannou/Bannou.SDK/Bannou.SDK.csproj::TargetFramework=net9.0]
/home/lysander/repos/bannou/bannou-service/Generated/Models/OrchestratorModels.cs(913,24): warning CS1591: Missing XML comment for publicly visible type or member 'BackendInfo.Type' [/home/lysander/repos/bannou/Bannou.SDK/Bannou.SDK.csproj::TargetFramework=net9.0]
/home/lysander/repos/bannou/bannou-service/Generated/Models/OrchestratorModels.cs(961,68): warning CS1591: Missing XML comment for publicly visible type or member 'BackendInfo.AdditionalProperties' [/home/lysander/repos/bannou/Bannou.SDK/Bannou.SDK.csproj::TargetFramework=net9.0]
/home/lysander/repos/bannou/bannou-service/Generated/Models/OrchestratorModels.cs(970,22): warning CS1591: Missing XML comment for publicly visible type or member 'BackendsResponse' [/home/lysander/repos/bannou/Bannou.SDK/Bannou.SDK.csproj::TargetFramework=net9.0]
/home/lysander/repos/bannou/bannou-service/Generated/Models/OrchestratorModels.cs(993,24): warning CS1591: Missing XML comment for publicly visible type or member 'BackendsResponse.Recommended' [/home/lysander/repos/bannou/Bannou.SDK/Bannou.SDK.csproj::TargetFramework=net9.0]
/home/lysander/repos/bannou/bannou-service/Generated/Models/OrchestratorModels.cs(1005,68): warning CS1591: Missing XML comment for publicly visible type or member 'BackendsResponse.AdditionalProperties' [/home/lysander/repos/bannou/Bannou.SDK/Bannou.SDK.csproj::TargetFramework=net9.0]
/home/lysander/repos/bannou/bannou-service/Generated/Models/OrchestratorModels.cs(1014,22): warning CS1591: Missing XML comment for publicly visible type or member 'DeploymentPreset' [/home/lysander/repos/bannou/Bannou.SDK/Bannou.SDK.csproj::TargetFramework=net9.0]
/home/lysander/repos/bannou/bannou-service/Generated/Models/OrchestratorModels.cs(1043,28): warning CS1591: Missing XML comment for publicly visible type or member 'DeploymentPreset.Topology' [/home/lysander/repos/bannou/Bannou.SDK/Bannou.SDK.csproj::TargetFramework=net9.0]
/home/lysander/repos/bannou/bannou-service/Generated/Models/OrchestratorModels.cs(1073,68): warning CS1591: Missing XML comment for publicly visible type or member 'DeploymentPreset.AdditionalProperties' [/home/lysander/repos/bannou/Bannou.SDK/Bannou.SDK.csproj::TargetFramework=net9.0]
/home/lysander/repos/bannou/bannou-service/Generated/Models/OrchestratorModels.cs(1082,22): warning CS1591: Missing XML comment for publicly visible type or member 'PresetsResponse' [/home/lysander/repos/bannou/Bannou.SDK/Bannou.SDK.csproj::TargetFramework=net9.0]
/home/lysander/repos/bannou/bannou-service/Generated/Models/OrchestratorModels.cs(1102,68): warning CS1591: Missing XML comment for publicly visible type or member 'PresetsResponse.AdditionalProperties' [/home/lysander/repos/bannou/Bannou.SDK/Bannou.SDK.csproj::TargetFramework=net9.0]
/home/lysander/repos/bannou/bannou-service/Generated/Models/OrchestratorModels.cs(1111,22): warning CS1591: Missing XML comment for publicly visible type or member 'ServiceTopology' [/home/lysander/repos/bannou/Bannou.SDK/Bannou.SDK.csproj::TargetFramework=net9.0]
/home/lysander/repos/bannou/bannou-service/Generated/Models/OrchestratorModels.cs(1131,68): warning CS1591: Missing XML comment for publicly visible type or member 'ServiceTopology.AdditionalProperties' [/home/lysander/repos/bannou/Bannou.SDK/Bannou.SDK.csproj::TargetFramework=net9.0]
/home/lysander/repos/bannou/bannou-service/Generated/Models/OrchestratorModels.cs(1140,22): warning CS1591: Missing XML comment for publicly visible type or member 'TopologyNode' [/home/lysander/repos/bannou/Bannou.SDK/Bannou.SDK.csproj::TargetFramework=net9.0]
/home/lysander/repos/bannou/bannou-service/Generated/Models/OrchestratorModels.cs(1169,27): warning CS1591: Missing XML comment for publicly visible type or member 'TopologyNode.Resources' [/home/lysander/repos/bannou/Bannou.SDK/Bannou.SDK.csproj::TargetFramework=net9.0]
/home/lysander/repos/bannou/bannou-service/Generated/Models/OrchestratorModels.cs(1192,68): warning CS1591: Missing XML comment for publicly visible type or member 'TopologyNode.AdditionalProperties' [/home/lysander/repos/bannou/Bannou.SDK/Bannou.SDK.csproj::TargetFramework=net9.0]
/home/lysander/repos/bannou/bannou-service/Generated/Models/OrchestratorModels.cs(1201,22): warning CS1591: Missing XML comment for publicly visible type or member 'InfrastructureConfig' [/home/lysander/repos/bannou/Bannou.SDK/Bannou.SDK.csproj::TargetFramework=net9.0]
/home/lysander/repos/bannou/bannou-service/Generated/Models/OrchestratorModels.cs(1205,31): warning CS1591: Missing XML comment for publicly visible type or member 'InfrastructureConfig.Redis' [/home/lysander/repos/bannou/Bannou.SDK/Bannou.SDK.csproj::TargetFramework=net9.0]
/home/lysander/repos/bannou/bannou-service/Generated/Models/OrchestratorModels.cs(1208,31): warning CS1591: Missing XML comment for publicly visible type or member 'InfrastructureConfig.Rabbitmq' [/home/lysander/repos/bannou/Bannou.SDK/Bannou.SDK.csproj::TargetFramework=net9.0]
/home/lysander/repos/bannou/bannou-service/Generated/Models/OrchestratorModels.cs(1211,31): warning CS1591: Missing XML comment for publicly visible type or member 'InfrastructureConfig.Mysql' [/home/lysander/repos/bannou/Bannou.SDK/Bannou.SDK.csproj::TargetFramework=net9.0]
/home/lysander/repos/bannou/bannou-service/Generated/Models/OrchestratorModels.cs(1214,26): warning CS1591: Missing XML comment for publicly visible type or member 'InfrastructureConfig.Ingress' [/home/lysander/repos/bannou/Bannou.SDK/Bannou.SDK.csproj::TargetFramework=net9.0]
/home/lysander/repos/bannou/bannou-service/Generated/Models/OrchestratorModels.cs(1219,68): warning CS1591: Missing XML comment for publicly visible type or member 'InfrastructureConfig.AdditionalProperties' [/home/lysander/repos/bannou/Bannou.SDK/Bannou.SDK.csproj::TargetFramework=net9.0]
/home/lysander/repos/bannou/bannou-service/Generated/Models/OrchestratorModels.cs(1228,22): warning CS1591: Missing XML comment for publicly visible type or member 'InfraServiceConfig' [/home/lysander/repos/bannou/Bannou.SDK/Bannou.SDK.csproj::TargetFramework=net9.0]
/home/lysander/repos/bannou/bannou-service/Generated/Models/OrchestratorModels.cs(1232,17): warning CS1591: Missing XML comment for publicly visible type or member 'InfraServiceConfig.Enabled' [/home/lysander/repos/bannou/Bannou.SDK/Bannou.SDK.csproj::TargetFramework=net9.0]
/home/lysander/repos/bannou/bannou-service/Generated/Models/OrchestratorModels.cs(1241,27): warning CS1591: Missing XML comment for publicly visible type or member 'InfraServiceConfig.Resources' [/home/lysander/repos/bannou/Bannou.SDK/Bannou.SDK.csproj::TargetFramework=net9.0]
/home/lysander/repos/bannou/bannou-service/Generated/Models/OrchestratorModels.cs(1244,67): warning CS1591: Missing XML comment for publicly visible type or member 'InfraServiceConfig.Environment' [/home/lysander/repos/bannou/Bannou.SDK/Bannou.SDK.csproj::TargetFramework=net9.0]
/home/lysander/repos/bannou/bannou-service/Generated/Models/OrchestratorModels.cs(1255,68): warning CS1591: Missing XML comment for publicly visible type or member 'InfraServiceConfig.AdditionalProperties' [/home/lysander/repos/bannou/Bannou.SDK/Bannou.SDK.csproj::TargetFramework=net9.0]
/home/lysander/repos/bannou/bannou-service/Generated/Models/OrchestratorModels.cs(1264,22): warning CS1591: Missing XML comment for publicly visible type or member 'IngressConfig' [/home/lysander/repos/bannou/Bannou.SDK/Bannou.SDK.csproj::TargetFramework=net9.0]
/home/lysander/repos/bannou/bannou-service/Generated/Models/OrchestratorModels.cs(1268,17): warning CS1591: Missing XML comment for publicly visible type or member 'IngressConfig.Enabled' [/home/lysander/repos/bannou/Bannou.SDK/Bannou.SDK.csproj::TargetFramework=net9.0]
/home/lysander/repos/bannou/bannou-service/Generated/Models/OrchestratorModels.cs(1272,30): warning CS1591: Missing XML comment for publicly visible type or member 'IngressConfig.Type' [/home/lysander/repos/bannou/Bannou.SDK/Bannou.SDK.csproj::TargetFramework=net9.0]
/home/lysander/repos/bannou/bannou-service/Generated/Models/OrchestratorModels.cs(1275,18): warning CS1591: Missing XML comment for publicly visible type or member 'IngressConfig.Ports' [/home/lysander/repos/bannou/Bannou.SDK/Bannou.SDK.csproj::TargetFramework=net9.0]
/home/lysander/repos/bannou/bannou-service/Generated/Models/OrchestratorModels.cs(1278,17): warning CS1591: Missing XML comment for publicly visible type or member 'IngressConfig.Ssl' [/home/lysander/repos/bannou/Bannou.SDK/Bannou.SDK.csproj::TargetFramework=net9.0]
/home/lysander/repos/bannou/bannou-service/Generated/Models/OrchestratorModels.cs(1283,68): warning CS1591: Missing XML comment for publicly visible type or member 'IngressConfig.AdditionalProperties' [/home/lysander/repos/bannou/Bannou.SDK/Bannou.SDK.csproj::TargetFramework=net9.0]
/home/lysander/repos/bannou/bannou-service/Generated/Models/OrchestratorModels.cs(1292,22): warning CS1591: Missing XML comment for publicly visible type or member 'ResourceLimits' [/home/lysander/repos/bannou/Bannou.SDK/Bannou.SDK.csproj::TargetFramework=net9.0]
/home/lysander/repos/bannou/bannou-service/Generated/Models/OrchestratorModels.cs(1322,68): warning CS1591: Missing XML comment for publicly visible type or member 'ResourceLimits.AdditionalProperties' [/home/lysander/repos/bannou/Bannou.SDK/Bannou.SDK.csproj::TargetFramework=net9.0]
/home/lysander/repos/bannou/bannou-service/Generated/Models/OrchestratorModels.cs(1342,5): warning CS1591: Missing XML comment for publicly visible type or member 'DeploymentMode.Graceful' [/home/lysander/repos/bannou/Bannou.SDK/Bannou.SDK.csproj::TargetFramework=net9.0]
/home/lysander/repos/bannou/bannou-service/Generated/Models/OrchestratorModels.cs(1345,5): warning CS1591: Missing XML comment for publicly visible type or member 'DeploymentMode.Force' [/home/lysander/repos/bannou/Bannou.SDK/Bannou.SDK.csproj::TargetFramework=net9.0]
/home/lysander/repos/bannou/bannou-service/Generated/Models/OrchestratorModels.cs(1348,5): warning CS1591: Missing XML comment for publicly visible type or member 'DeploymentMode.Clean' [/home/lysander/repos/bannou/Bannou.SDK/Bannou.SDK.csproj::TargetFramework=net9.0]
/home/lysander/repos/bannou/bannou-service/Generated/Models/OrchestratorModels.cs(1353,22): warning CS1591: Missing XML comment for publicly visible type or member 'DeployRequest' [/home/lysander/repos/bannou/Bannou.SDK/Bannou.SDK.csproj::TargetFramework=net9.0]
/home/lysander/repos/bannou/bannou-service/Generated/Models/OrchestratorModels.cs(1377,27): warning CS1591: Missing XML comment for publicly visible type or member 'DeployRequest.Mode' [/home/lysander/repos/bannou/Bannou.SDK/Bannou.SDK.csproj::TargetFramework=net9.0]
/home/lysander/repos/bannou/bannou-service/Generated/Models/OrchestratorModels.cs(1400,68): warning CS1591: Missing XML comment for publicly visible type or member 'DeployRequest.AdditionalProperties' [/home/lysander/repos/bannou/Bannou.SDK/Bannou.SDK.csproj::TargetFramework=net9.0]
/home/lysander/repos/bannou/bannou-service/Generated/Models/OrchestratorModels.cs(1409,22): warning CS1591: Missing XML comment for publicly visible type or member 'DeployResponse' [/home/lysander/repos/bannou/Bannou.SDK/Bannou.SDK.csproj::TargetFramework=net9.0]
/home/lysander/repos/bannou/bannou-service/Generated/Models/OrchestratorModels.cs(1430,24): warning CS1591: Missing XML comment for publicly visible type or member 'DeployResponse.Backend' [/home/lysander/repos/bannou/Bannou.SDK/Bannou.SDK.csproj::TargetFramework=net9.0]
/home/lysander/repos/bannou/bannou-service/Generated/Models/OrchestratorModels.cs(1473,68): warning CS1591: Missing XML comment for publicly visible type or member 'DeployResponse.AdditionalProperties' [/home/lysander/repos/bannou/Bannou.SDK/Bannou.SDK.csproj::TargetFramework=net9.0]
/home/lysander/repos/bannou/bannou-service/Generated/Models/OrchestratorModels.cs(1482,22): warning CS1591: Missing XML comment for publicly visible type or member 'DeployedService' [/home/lysander/repos/bannou/Bannou.SDK/Bannou.SDK.csproj::TargetFramework=net9.0]
/home/lysander/repos/bannou/bannou-service/Generated/Models/OrchestratorModels.cs(1497,34): warning CS1591: Missing XML comment for publicly visible type or member 'DeployedService.Status' [/home/lysander/repos/bannou/Bannou.SDK/Bannou.SDK.csproj::TargetFramework=net9.0]
/home/lysander/repos/bannou/bannou-service/Generated/Models/OrchestratorModels.cs(1528,68): warning CS1591: Missing XML comment for publicly visible type or member 'DeployedService.AdditionalProperties' [/home/lysander/repos/bannou/Bannou.SDK/Bannou.SDK.csproj::TargetFramework=net9.0]
/home/lysander/repos/bannou/bannou-service/Generated/Models/OrchestratorModels.cs(1537,22): warning CS1591: Missing XML comment for publicly visible type or member 'EnvironmentStatus' [/home/lysander/repos/bannou/Bannou.SDK/Bannou.SDK.csproj::TargetFramework=net9.0]
/home/lysander/repos/bannou/bannou-service/Generated/Models/OrchestratorModels.cs(1549,34): warning CS1591: Missing XML comment for publicly visible type or member 'EnvironmentStatus.Timestamp' [/home/lysander/repos/bannou/Bannou.SDK/Bannou.SDK.csproj::TargetFramework=net9.0]
/home/lysander/repos/bannou/bannou-service/Generated/Models/OrchestratorModels.cs(1559,24): warning CS1591: Missing XML comment for publicly visible type or member 'EnvironmentStatus.Backend' [/home/lysander/repos/bannou/Bannou.SDK/Bannou.SDK.csproj::TargetFramework=net9.0]
/home/lysander/repos/bannou/bannou-service/Generated/Models/OrchestratorModels.cs(1600,68): warning CS1591: Missing XML comment for publicly visible type or member 'EnvironmentStatus.AdditionalProperties' [/home/lysander/repos/bannou/Bannou.SDK/Bannou.SDK.csproj::TargetFramework=net9.0]
/home/lysander/repos/bannou/bannou-service/Generated/Models/OrchestratorModels.cs(1609,22): warning CS1591: Missing XML comment for publicly visible type or member 'ResourceUsage' [/home/lysander/repos/bannou/Bannou.SDK/Bannou.SDK.csproj::TargetFramework=net9.0]
/home/lysander/repos/bannou/bannou-service/Generated/Models/OrchestratorModels.cs(1651,68): warning CS1591: Missing XML comment for publicly visible type or member 'ResourceUsage.AdditionalProperties' [/home/lysander/repos/bannou/Bannou.SDK/Bannou.SDK.csproj::TargetFramework=net9.0]
/home/lysander/repos/bannou/bannou-service/Generated/Models/OrchestratorModels.cs(1671,5): warning CS1591: Missing XML comment for publicly visible type or member 'TeardownMode.Graceful' [/home/lysander/repos/bannou/Bannou.SDK/Bannou.SDK.csproj::TargetFramework=net9.0]
/home/lysander/repos/bannou/bannou-service/Generated/Models/OrchestratorModels.cs(1674,5): warning CS1591: Missing XML comment for publicly visible type or member 'TeardownMode.Force' [/home/lysander/repos/bannou/Bannou.SDK/Bannou.SDK.csproj::TargetFramework=net9.0]
/home/lysander/repos/bannou/bannou-service/Generated/Models/OrchestratorModels.cs(1677,5): warning CS1591: Missing XML comment for publicly visible type or member 'TeardownMode.PreserveData' [/home/lysander/repos/bannou/Bannou.SDK/Bannou.SDK.csproj::TargetFramework=net9.0]
/home/lysander/repos/bannou/bannou-service/Generated/Models/OrchestratorModels.cs(1682,22): warning CS1591: Missing XML comment for publicly visible type or member 'TeardownRequest' [/home/lysander/repos/bannou/Bannou.SDK/Bannou.SDK.csproj::TargetFramework=net9.0]
/home/lysander/repos/bannou/bannou-service/Generated/Models/OrchestratorModels.cs(1695,25): warning CS1591: Missing XML comment for publicly visible type or member 'TeardownRequest.Mode' [/home/lysander/repos/bannou/Bannou.SDK/Bannou.SDK.csproj::TargetFramework=net9.0]
/home/lysander/repos/bannou/bannou-service/Generated/Models/OrchestratorModels.cs(1728,68): warning CS1591: Missing XML comment for publicly visible type or member 'TeardownRequest.AdditionalProperties' [/home/lysander/repos/bannou/Bannou.SDK/Bannou.SDK.csproj::TargetFramework=net9.0]
/home/lysander/repos/bannou/bannou-service/Generated/Models/OrchestratorModels.cs(1737,22): warning CS1591: Missing XML comment for publicly visible type or member 'TeardownResponse' [/home/lysander/repos/bannou/Bannou.SDK/Bannou.SDK.csproj::TargetFramework=net9.0]
/home/lysander/repos/bannou/bannou-service/Generated/Models/OrchestratorModels.cs(1741,17): warning CS1591: Missing XML comment for publicly visible type or member 'TeardownResponse.Success' [/home/lysander/repos/bannou/Bannou.SDK/Bannou.SDK.csproj::TargetFramework=net9.0]
/home/lysander/repos/bannou/bannou-service/Generated/Models/OrchestratorModels.cs(1746,19): warning CS1591: Missing XML comment for publicly visible type or member 'TeardownResponse.Duration' [/home/lysander/repos/bannou/Bannou.SDK/Bannou.SDK.csproj::TargetFramework=net9.0]
/home/lysander/repos/bannou/bannou-service/Generated/Models/OrchestratorModels.cs(1779,19): warning CS1591: Missing XML comment for publicly visible type or member 'TeardownResponse.Message' [/home/lysander/repos/bannou/Bannou.SDK/Bannou.SDK.csproj::TargetFramework=net9.0]
/home/lysander/repos/bannou/bannou-service/Generated/Models/OrchestratorModels.cs(1784,68): warning CS1591: Missing XML comment for publicly visible type or member 'TeardownResponse.AdditionalProperties' [/home/lysander/repos/bannou/Bannou.SDK/Bannou.SDK.csproj::TargetFramework=net9.0]
/home/lysander/repos/bannou/bannou-service/Generated/Models/OrchestratorModels.cs(1800,5): warning CS1591: Missing XML comment for publicly visible type or member 'CleanTarget.Containers' [/home/lysander/repos/bannou/Bannou.SDK/Bannou.SDK.csproj::TargetFramework=net9.0]
/home/lysander/repos/bannou/bannou-service/Generated/Models/OrchestratorModels.cs(1803,5): warning CS1591: Missing XML comment for publicly visible type or member 'CleanTarget.Networks' [/home/lysander/repos/bannou/Bannou.SDK/Bannou.SDK.csproj::TargetFramework=net9.0]
/home/lysander/repos/bannou/bannou-service/Generated/Models/OrchestratorModels.cs(1806,5): warning CS1591: Missing XML comment for publicly visible type or member 'CleanTarget.Volumes' [/home/lysander/repos/bannou/Bannou.SDK/Bannou.SDK.csproj::TargetFramework=net9.0]
/home/lysander/repos/bannou/bannou-service/Generated/Models/OrchestratorModels.cs(1809,5): warning CS1591: Missing XML comment for publicly visible type or member 'CleanTarget.Images' [/home/lysander/repos/bannou/Bannou.SDK/Bannou.SDK.csproj::TargetFramework=net9.0]
/home/lysander/repos/bannou/bannou-service/Generated/Models/OrchestratorModels.cs(1812,5): warning CS1591: Missing XML comment for publicly visible type or member 'CleanTarget.All' [/home/lysander/repos/bannou/Bannou.SDK/Bannou.SDK.csproj::TargetFramework=net9.0]
/home/lysander/repos/bannou/bannou-service/Generated/Models/OrchestratorModels.cs(1817,22): warning CS1591: Missing XML comment for publicly visible type or member 'CleanRequest' [/home/lysander/repos/bannou/Bannou.SDK/Bannou.SDK.csproj::TargetFramework=net9.0]
/home/lysander/repos/bannou/bannou-service/Generated/Models/OrchestratorModels.cs(1850,68): warning CS1591: Missing XML comment for publicly visible type or member 'CleanRequest.AdditionalProperties' [/home/lysander/repos/bannou/Bannou.SDK/Bannou.SDK.csproj::TargetFramework=net9.0]
/home/lysander/repos/bannou/bannou-service/Generated/Models/OrchestratorModels.cs(1859,22): warning CS1591: Missing XML comment for publicly visible type or member 'CleanResponse' [/home/lysander/repos/bannou/Bannou.SDK/Bannou.SDK.csproj::TargetFramework=net9.0]
/home/lysander/repos/bannou/bannou-service/Generated/Models/OrchestratorModels.cs(1863,17): warning CS1591: Missing XML comment for publicly visible type or member 'CleanResponse.Success' [/home/lysander/repos/bannou/Bannou.SDK/Bannou.SDK.csproj::TargetFramework=net9.0]
/home/lysander/repos/bannou/bannou-service/Generated/Models/OrchestratorModels.cs(1872,16): warning CS1591: Missing XML comment for publicly visible type or member 'CleanResponse.RemovedContainers' [/home/lysander/repos/bannou/Bannou.SDK/Bannou.SDK.csproj::TargetFramework=net9.0]
/home/lysander/repos/bannou/bannou-service/Generated/Models/OrchestratorModels.cs(1875,16): warning CS1591: Missing XML comment for publicly visible type or member 'CleanResponse.RemovedNetworks' [/home/lysander/repos/bannou/Bannou.SDK/Bannou.SDK.csproj::TargetFramework=net9.0]
/home/lysander/repos/bannou/bannou-service/Generated/Models/OrchestratorModels.cs(1878,16): warning CS1591: Missing XML comment for publicly visible type or member 'CleanResponse.RemovedVolumes' [/home/lysander/repos/bannou/Bannou.SDK/Bannou.SDK.csproj::TargetFramework=net9.0]
/home/lysander/repos/bannou/bannou-service/Generated/Models/OrchestratorModels.cs(1881,16): warning CS1591: Missing XML comment for publicly visible type or member 'CleanResponse.RemovedImages' [/home/lysander/repos/bannou/Bannou.SDK/Bannou.SDK.csproj::TargetFramework=net9.0]
/home/lysander/repos/bannou/bannou-service/Generated/Models/OrchestratorModels.cs(1884,59): warning CS1591: Missing XML comment for publicly visible type or member 'CleanResponse.Errors' [/home/lysander/repos/bannou/Bannou.SDK/Bannou.SDK.csproj::TargetFramework=net9.0]
/home/lysander/repos/bannou/bannou-service/Generated/Models/OrchestratorModels.cs(1887,19): warning CS1591: Missing XML comment for publicly visible type or member 'CleanResponse.Message' [/home/lysander/repos/bannou/Bannou.SDK/Bannou.SDK.csproj::TargetFramework=net9.0]
/home/lysander/repos/bannou/bannou-service/Generated/Models/OrchestratorModels.cs(1892,68): warning CS1591: Missing XML comment for publicly visible type or member 'CleanResponse.AdditionalProperties' [/home/lysander/repos/bannou/Bannou.SDK/Bannou.SDK.csproj::TargetFramework=net9.0]
/home/lysander/repos/bannou/bannou-service/Generated/Models/OrchestratorModels.cs(1901,22): warning CS1591: Missing XML comment for publicly visible type or member 'LogsResponse' [/home/lysander/repos/bannou/Bannou.SDK/Bannou.SDK.csproj::TargetFramework=net9.0]
/home/lysander/repos/bannou/bannou-service/Generated/Models/OrchestratorModels.cs(1919,61): warning CS1591: Missing XML comment for publicly visible type or member 'LogsResponse.Logs' [/home/lysander/repos/bannou/Bannou.SDK/Bannou.SDK.csproj::TargetFramework=net9.0]
/home/lysander/repos/bannou/bannou-service/Generated/Models/OrchestratorModels.cs(1930,68): warning CS1591: Missing XML comment for publicly visible type or member 'LogsResponse.AdditionalProperties' [/home/lysander/repos/bannou/Bannou.SDK/Bannou.SDK.csproj::TargetFramework=net9.0]
/home/lysander/repos/bannou/bannou-service/Generated/Models/OrchestratorModels.cs(1939,22): warning CS1591: Missing XML comment for publicly visible type or member 'LogEntry' [/home/lysander/repos/bannou/Bannou.SDK/Bannou.SDK.csproj::TargetFramework=net9.0]
/home/lysander/repos/bannou/bannou-service/Generated/Models/OrchestratorModels.cs(1945,34): warning CS1591: Missing XML comment for publicly visible type or member 'LogEntry.Timestamp' [/home/lysander/repos/bannou/Bannou.SDK/Bannou.SDK.csproj::TargetFramework=net9.0]
/home/lysander/repos/bannou/bannou-service/Generated/Models/OrchestratorModels.cs(1949,27): warning CS1591: Missing XML comment for publicly visible type or member 'LogEntry.Stream' [/home/lysander/repos/bannou/Bannou.SDK/Bannou.SDK.csproj::TargetFramework=net9.0]
/home/lysander/repos/bannou/bannou-service/Generated/Models/OrchestratorModels.cs(1954,19): warning CS1591: Missing XML comment for publicly visible type or member 'LogEntry.Message' [/home/lysander/repos/bannou/Bannou.SDK/Bannou.SDK.csproj::TargetFramework=net9.0]
/home/lysander/repos/bannou/bannou-service/Generated/Models/OrchestratorModels.cs(1959,68): warning CS1591: Missing XML comment for publicly visible type or member 'LogEntry.AdditionalProperties' [/home/lysander/repos/bannou/Bannou.SDK/Bannou.SDK.csproj::TargetFramework=net9.0]
/home/lysander/repos/bannou/bannou-service/Generated/Models/OrchestratorModels.cs(1968,22): warning CS1591: Missing XML comment for publicly visible type or member 'TopologyUpdateRequest' [/home/lysander/repos/bannou/Bannou.SDK/Bannou.SDK.csproj::TargetFramework=net9.0]
/home/lysander/repos/bannou/bannou-service/Generated/Models/OrchestratorModels.cs(1981,27): warning CS1591: Missing XML comment for publicly visible type or member 'TopologyUpdateRequest.Mode' [/home/lysander/repos/bannou/Bannou.SDK/Bannou.SDK.csproj::TargetFramework=net9.0]
/home/lysander/repos/bannou/bannou-service/Generated/Models/OrchestratorModels.cs(1992,68): warning CS1591: Missing XML comment for publicly visible type or member 'TopologyUpdateRequest.AdditionalProperties' [/home/lysander/repos/bannou/Bannou.SDK/Bannou.SDK.csproj::TargetFramework=net9.0]
/home/lysander/repos/bannou/bannou-service/Generated/Models/OrchestratorModels.cs(2001,22): warning CS1591: Missing XML comment for publicly visible type or member 'TopologyChange' [/home/lysander/repos/bannou/Bannou.SDK/Bannou.SDK.csproj::TargetFramework=net9.0]
/home/lysander/repos/bannou/bannou-service/Generated/Models/OrchestratorModels.cs(2046,68): warning CS1591: Missing XML comment for publicly visible type or member 'TopologyChange.AdditionalProperties' [/home/lysander/repos/bannou/Bannou.SDK/Bannou.SDK.csproj::TargetFramework=net9.0]
/home/lysander/repos/bannou/bannou-service/Generated/Models/OrchestratorModels.cs(2055,22): warning CS1591: Missing XML comment for publicly visible type or member 'TopologyUpdateResponse' [/home/lysander/repos/bannou/Bannou.SDK/Bannou.SDK.csproj::TargetFramework=net9.0]
/home/lysander/repos/bannou/bannou-service/Generated/Models/OrchestratorModels.cs(2059,17): warning CS1591: Missing XML comment for publicly visible type or member 'TopologyUpdateResponse.Success' [/home/lysander/repos/bannou/Bannou.SDK/Bannou.SDK.csproj::TargetFramework=net9.0]
/home/lysander/repos/bannou/bannou-service/Generated/Models/OrchestratorModels.cs(2064,66): warning CS1591: Missing XML comment for publicly visible type or member 'TopologyUpdateResponse.AppliedChanges' [/home/lysander/repos/bannou/Bannou.SDK/Bannou.SDK.csproj::TargetFramework=net9.0]
/home/lysander/repos/bannou/bannou-service/Generated/Models/OrchestratorModels.cs(2073,19): warning CS1591: Missing XML comment for publicly visible type or member 'TopologyUpdateResponse.Duration' [/home/lysander/repos/bannou/Bannou.SDK/Bannou.SDK.csproj::TargetFramework=net9.0]
/home/lysander/repos/bannou/bannou-service/Generated/Models/OrchestratorModels.cs(2076,59): warning CS1591: Missing XML comment for publicly visible type or member 'TopologyUpdateResponse.Warnings' [/home/lysander/repos/bannou/Bannou.SDK/Bannou.SDK.csproj::TargetFramework=net9.0]
/home/lysander/repos/bannou/bannou-service/Generated/Models/OrchestratorModels.cs(2079,19): warning CS1591: Missing XML comment for publicly visible type or member 'TopologyUpdateResponse.Message' [/home/lysander/repos/bannou/Bannou.SDK/Bannou.SDK.csproj::TargetFramework=net9.0]
/home/lysander/repos/bannou/bannou-service/Generated/Models/OrchestratorModels.cs(2084,68): warning CS1591: Missing XML comment for publicly visible type or member 'TopologyUpdateResponse.AdditionalProperties' [/home/lysander/repos/bannou/Bannou.SDK/Bannou.SDK.csproj::TargetFramework=net9.0]
/home/lysander/repos/bannou/bannou-service/Generated/Models/OrchestratorModels.cs(2093,22): warning CS1591: Missing XML comment for publicly visible type or member 'AppliedChange' [/home/lysander/repos/bannou/Bannou.SDK/Bannou.SDK.csproj::TargetFramework=net9.0]
/home/lysander/repos/bannou/bannou-service/Generated/Models/OrchestratorModels.cs(2099,19): warning CS1591: Missing XML comment for publicly visible type or member 'AppliedChange.Action' [/home/lysander/repos/bannou/Bannou.SDK/Bannou.SDK.csproj::TargetFramework=net9.0]
/home/lysander/repos/bannou/bannou-service/Generated/Models/OrchestratorModels.cs(2108,17): warning CS1591: Missing XML comment for publicly visible type or member 'AppliedChange.Success' [/home/lysander/repos/bannou/Bannou.SDK/Bannou.SDK.csproj::TargetFramework=net9.0]
/home/lysander/repos/bannou/bannou-service/Generated/Models/OrchestratorModels.cs(2119,68): warning CS1591: Missing XML comment for publicly visible type or member 'AppliedChange.AdditionalProperties' [/home/lysander/repos/bannou/Bannou.SDK/Bannou.SDK.csproj::TargetFramework=net9.0]
/home/lysander/repos/bannou/bannou-service/Generated/Models/OrchestratorModels.cs(2128,22): warning CS1591: Missing XML comment for publicly visible type or member 'ErrorResponse' [/home/lysander/repos/bannou/Bannou.SDK/Bannou.SDK.csproj::TargetFramework=net9.0]
/home/lysander/repos/bannou/bannou-service/Generated/Models/OrchestratorModels.cs(2156,68): warning CS1591: Missing XML comment for publicly visible type or member 'ErrorResponse.AdditionalProperties' [/home/lysander/repos/bannou/Bannou.SDK/Bannou.SDK.csproj::TargetFramework=net9.0]
/home/lysander/repos/bannou/bannou-service/Generated/Models/OrchestratorModels.cs(2176,19): warning CS1591: Missing XML comment for publicly visible type or member 'DeploymentEvent.EventId' [/home/lysander/repos/bannou/Bannou.SDK/Bannou.SDK.csproj::TargetFramework=net9.0]
/home/lysander/repos/bannou/bannou-service/Generated/Models/OrchestratorModels.cs(2181,34): warning CS1591: Missing XML comment for publicly visible type or member 'DeploymentEvent.Timestamp' [/home/lysander/repos/bannou/Bannou.SDK/Bannou.SDK.csproj::TargetFramework=net9.0]
/home/lysander/repos/bannou/bannou-service/Generated/Models/OrchestratorModels.cs(2187,34): warning CS1591: Missing XML comment for publicly visible type or member 'DeploymentEvent.Action' [/home/lysander/repos/bannou/Bannou.SDK/Bannou.SDK.csproj::TargetFramework=net9.0]
/home/lysander/repos/bannou/bannou-service/Generated/Models/OrchestratorModels.cs(2192,19): warning CS1591: Missing XML comment for publicly visible type or member 'DeploymentEvent.DeploymentId' [/home/lysander/repos/bannou/Bannou.SDK/Bannou.SDK.csproj::TargetFramework=net9.0]
/home/lysander/repos/bannou/bannou-service/Generated/Models/OrchestratorModels.cs(2195,19): warning CS1591: Missing XML comment for publicly visible type or member 'DeploymentEvent.Preset' [/home/lysander/repos/bannou/Bannou.SDK/Bannou.SDK.csproj::TargetFramework=net9.0]
/home/lysander/repos/bannou/bannou-service/Generated/Models/OrchestratorModels.cs(2199,24): warning CS1591: Missing XML comment for publicly visible type or member 'DeploymentEvent.Backend' [/home/lysander/repos/bannou/Bannou.SDK/Bannou.SDK.csproj::TargetFramework=net9.0]
/home/lysander/repos/bannou/bannou-service/Generated/Models/OrchestratorModels.cs(2216,68): warning CS1591: Missing XML comment for publicly visible type or member 'DeploymentEvent.AdditionalProperties' [/home/lysander/repos/bannou/Bannou.SDK/Bannou.SDK.csproj::TargetFramework=net9.0]
/home/lysander/repos/bannou/bannou-service/Generated/Models/OrchestratorModels.cs(2236,19): warning CS1591: Missing XML comment for publicly visible type or member 'ServiceRestartEvent.EventId' [/home/lysander/repos/bannou/Bannou.SDK/Bannou.SDK.csproj::TargetFramework=net9.0]
/home/lysander/repos/bannou/bannou-service/Generated/Models/OrchestratorModels.cs(2241,19): warning CS1591: Missing XML comment for publicly visible type or member 'ServiceRestartEvent.ServiceName' [/home/lysander/repos/bannou/Bannou.SDK/Bannou.SDK.csproj::TargetFramework=net9.0]
/home/lysander/repos/bannou/bannou-service/Generated/Models/OrchestratorModels.cs(2246,19): warning CS1591: Missing XML comment for publicly visible type or member 'ServiceRestartEvent.Reason' [/home/lysander/repos/bannou/Bannou.SDK/Bannou.SDK.csproj::TargetFramework=net9.0]
/home/lysander/repos/bannou/bannou-service/Generated/Models/OrchestratorModels.cs(2249,17): warning CS1591: Missing XML comment for publicly visible type or member 'ServiceRestartEvent.Forced' [/home/lysander/repos/bannou/Bannou.SDK/Bannou.SDK.csproj::TargetFramework=net9.0]
/home/lysander/repos/bannou/bannou-service/Generated/Models/OrchestratorModels.cs(2252,67): warning CS1591: Missing XML comment for publicly visible type or member 'ServiceRestartEvent.NewEnvironment' [/home/lysander/repos/bannou/Bannou.SDK/Bannou.SDK.csproj::TargetFramework=net9.0]
/home/lysander/repos/bannou/bannou-service/Generated/Models/OrchestratorModels.cs(2257,68): warning CS1591: Missing XML comment for publicly visible type or member 'ServiceRestartEvent.AdditionalProperties' [/home/lysander/repos/bannou/Bannou.SDK/Bannou.SDK.csproj::TargetFramework=net9.0]
/home/lysander/repos/bannou/bannou-service/Generated/Models/OrchestratorModels.cs(2287,34): warning CS1591: Missing XML comment for publicly visible type or member 'ConfigurationChangedEvent.Timestamp' [/home/lysander/repos/bannou/Bannou.SDK/Bannou.SDK.csproj::TargetFramework=net9.0]
/home/lysander/repos/bannou/bannou-service/Generated/Models/OrchestratorModels.cs(2312,68): warning CS1591: Missing XML comment for publicly visible type or member 'ConfigurationChangedEvent.AdditionalProperties' [/home/lysander/repos/bannou/Bannou.SDK/Bannou.SDK.csproj::TargetFramework=net9.0]
/home/lysander/repos/bannou/bannou-service/Generated/Models/OrchestratorModels.cs(2332,5): warning CS1591: Missing XML comment for publicly visible type or member 'RestartPriority.Graceful' [/home/lysander/repos/bannou/Bannou.SDK/Bannou.SDK.csproj::TargetFramework=net9.0]
/home/lysander/repos/bannou/bannou-service/Generated/Models/OrchestratorModels.cs(2335,5): warning CS1591: Missing XML comment for publicly visible type or member 'RestartPriority.Immediate' [/home/lysander/repos/bannou/Bannou.SDK/Bannou.SDK.csproj::TargetFramework=net9.0]
/home/lysander/repos/bannou/bannou-service/Generated/Models/OrchestratorModels.cs(2338,5): warning CS1591: Missing XML comment for publicly visible type or member 'RestartPriority.Force' [/home/lysander/repos/bannou/Bannou.SDK/Bannou.SDK.csproj::TargetFramework=net9.0]
/home/lysander/repos/bannou/bannou-service/Generated/Models/OrchestratorModels.cs(2343,22): warning CS1591: Missing XML comment for publicly visible type or member 'ContainerRestartRequest' [/home/lysander/repos/bannou/Bannou.SDK/Bannou.SDK.csproj::TargetFramework=net9.0]
/home/lysander/repos/bannou/bannou-service/Generated/Models/OrchestratorModels.cs(2356,28): warning CS1591: Missing XML comment for publicly visible type or member 'ContainerRestartRequest.Priority' [/home/lysander/repos/bannou/Bannou.SDK/Bannou.SDK.csproj::TargetFramework=net9.0]
/home/lysander/repos/bannou/bannou-service/Generated/Models/OrchestratorModels.cs(2367,68): warning CS1591: Missing XML comment for publicly visible type or member 'ContainerRestartRequest.AdditionalProperties' [/home/lysander/repos/bannou/Bannou.SDK/Bannou.SDK.csproj::TargetFramework=net9.0]
/home/lysander/repos/bannou/bannou-service/Generated/Models/OrchestratorModels.cs(2376,22): warning CS1591: Missing XML comment for publicly visible type or member 'ContainerRestartResponse' [/home/lysander/repos/bannou/Bannou.SDK/Bannou.SDK.csproj::TargetFramework=net9.0]
/home/lysander/repos/bannou/bannou-service/Generated/Models/OrchestratorModels.cs(2421,68): warning CS1591: Missing XML comment for publicly visible type or member 'ContainerRestartResponse.AdditionalProperties' [/home/lysander/repos/bannou/Bannou.SDK/Bannou.SDK.csproj::TargetFramework=net9.0]
/home/lysander/repos/bannou/bannou-service/Generated/Models/OrchestratorModels.cs(2430,22): warning CS1591: Missing XML comment for publicly visible type or member 'ContainerStatus' [/home/lysander/repos/bannou/Bannou.SDK/Bannou.SDK.csproj::TargetFramework=net9.0]
/home/lysander/repos/bannou/bannou-service/Generated/Models/OrchestratorModels.cs(2445,34): warning CS1591: Missing XML comment for publicly visible type or member 'ContainerStatus.Status' [/home/lysander/repos/bannou/Bannou.SDK/Bannou.SDK.csproj::TargetFramework=net9.0]
/home/lysander/repos/bannou/bannou-service/Generated/Models/OrchestratorModels.cs(2450,34): warning CS1591: Missing XML comment for publicly visible type or member 'ContainerStatus.Timestamp' [/home/lysander/repos/bannou/Bannou.SDK/Bannou.SDK.csproj::TargetFramework=net9.0]
/home/lysander/repos/bannou/bannou-service/Generated/Models/OrchestratorModels.cs(2483,25): warning CS1591: Missing XML comment for publicly visible type or member 'ContainerStatus.HealthChecks' [/home/lysander/repos/bannou/Bannou.SDK/Bannou.SDK.csproj::TargetFramework=net9.0]
/home/lysander/repos/bannou/bannou-service/Generated/Models/OrchestratorModels.cs(2494,68): warning CS1591: Missing XML comment for publicly visible type or member 'ContainerStatus.AdditionalProperties' [/home/lysander/repos/bannou/Bannou.SDK/Bannou.SDK.csproj::TargetFramework=net9.0]
/home/lysander/repos/bannou/bannou-service/Generated/Models/OrchestratorModels.cs(2503,22): warning CS1591: Missing XML comment for publicly visible type or member 'RestartHistoryEntry' [/home/lysander/repos/bannou/Bannou.SDK/Bannou.SDK.csproj::TargetFramework=net9.0]
/home/lysander/repos/bannou/bannou-service/Generated/Models/OrchestratorModels.cs(2509,34): warning CS1591: Missing XML comment for publicly visible type or member 'RestartHistoryEntry.Timestamp' [/home/lysander/repos/bannou/Bannou.SDK/Bannou.SDK.csproj::TargetFramework=net9.0]
/home/lysander/repos/bannou/bannou-service/Generated/Models/OrchestratorModels.cs(2514,19): warning CS1591: Missing XML comment for publicly visible type or member 'RestartHistoryEntry.Reason' [/home/lysander/repos/bannou/Bannou.SDK/Bannou.SDK.csproj::TargetFramework=net9.0]
/home/lysander/repos/bannou/bannou-service/Generated/Models/OrchestratorModels.cs(2518,28): warning CS1591: Missing XML comment for publicly visible type or member 'RestartHistoryEntry.Priority' [/home/lysander/repos/bannou/Bannou.SDK/Bannou.SDK.csproj::TargetFramework=net9.0]
/home/lysander/repos/bannou/bannou-service/Generated/Models/OrchestratorModels.cs(2527,17): warning CS1591: Missing XML comment for publicly visible type or member 'RestartHistoryEntry.Success' [/home/lysander/repos/bannou/Bannou.SDK/Bannou.SDK.csproj::TargetFramework=net9.0]
/home/lysander/repos/bannou/bannou-service/Generated/Models/OrchestratorModels.cs(2538,68): warning CS1591: Missing XML comment for publicly visible type or member 'RestartHistoryEntry.AdditionalProperties' [/home/lysander/repos/bannou/Bannou.SDK/Bannou.SDK.csproj::TargetFramework=net9.0]
/home/lysander/repos/bannou/bannou-service/Generated/Models/OrchestratorModels.cs(2547,22): warning CS1591: Missing XML comment for publicly visible type or member 'ConfigRollbackRequest' [/home/lysander/repos/bannou/Bannou.SDK/Bannou.SDK.csproj::TargetFramework=net9.0]
/home/lysander/repos/bannou/bannou-service/Generated/Models/OrchestratorModels.cs(2561,68): warning CS1591: Missing XML comment for publicly visible type or member 'ConfigRollbackRequest.AdditionalProperties' [/home/lysander/repos/bannou/Bannou.SDK/Bannou.SDK.csproj::TargetFramework=net9.0]
/home/lysander/repos/bannou/bannou-service/Generated/Models/OrchestratorModels.cs(2570,22): warning CS1591: Missing XML comment for publicly visible type or member 'ConfigRollbackResponse' [/home/lysander/repos/bannou/Bannou.SDK/Bannou.SDK.csproj::TargetFramework=net9.0]
/home/lysander/repos/bannou/bannou-service/Generated/Models/OrchestratorModels.cs(2574,17): warning CS1591: Missing XML comment for publicly visible type or member 'ConfigRollbackResponse.Success' [/home/lysander/repos/bannou/Bannou.SDK/Bannou.SDK.csproj::TargetFramework=net9.0]
/home/lysander/repos/bannou/bannou-service/Generated/Models/OrchestratorModels.cs(2595,19): warning CS1591: Missing XML comment for publicly visible type or member 'ConfigRollbackResponse.Message' [/home/lysander/repos/bannou/Bannou.SDK/Bannou.SDK.csproj::TargetFramework=net9.0]
/home/lysander/repos/bannou/bannou-service/Generated/Models/OrchestratorModels.cs(2600,68): warning CS1591: Missing XML comment for publicly visible type or member 'ConfigRollbackResponse.AdditionalProperties' [/home/lysander/repos/bannou/Bannou.SDK/Bannou.SDK.csproj::TargetFramework=net9.0]
/home/lysander/repos/bannou/bannou-service/Generated/Models/OrchestratorModels.cs(2609,22): warning CS1591: Missing XML comment for publicly visible type or member 'ConfigVersionResponse' [/home/lysander/repos/bannou/Bannou.SDK/Bannou.SDK.csproj::TargetFramework=net9.0]
/home/lysander/repos/bannou/bannou-service/Generated/Models/OrchestratorModels.cs(2647,68): warning CS1591: Missing XML comment for publicly visible type or member 'ConfigVersionResponse.AdditionalProperties' [/home/lysander/repos/bannou/Bannou.SDK/Bannou.SDK.csproj::TargetFramework=net9.0]
/home/lysander/repos/bannou/bannou-service/Generated/Models/OrchestratorModels.cs(2656,22): warning CS1591: Missing XML comment for publicly visible type or member 'AcquireProcessorRequest' [/home/lysander/repos/bannou/Bannou.SDK/Bannou.SDK.csproj::TargetFramework=net9.0]
/home/lysander/repos/bannou/bannou-service/Generated/Models/OrchestratorModels.cs(2688,68): warning CS1591: Missing XML comment for publicly visible type or member 'AcquireProcessorRequest.AdditionalProperties' [/home/lysander/repos/bannou/Bannou.SDK/Bannou.SDK.csproj::TargetFramework=net9.0]
/home/lysander/repos/bannou/bannou-service/Generated/Models/OrchestratorModels.cs(2697,22): warning CS1591: Missing XML comment for publicly visible type or member 'AcquireProcessorResponse' [/home/lysander/repos/bannou/Bannou.SDK/Bannou.SDK.csproj::TargetFramework=net9.0]
/home/lysander/repos/bannou/bannou-service/Generated/Models/OrchestratorModels.cs(2735,68): warning CS1591: Missing XML comment for publicly visible type or member 'AcquireProcessorResponse.AdditionalProperties' [/home/lysander/repos/bannou/Bannou.SDK/Bannou.SDK.csproj::TargetFramework=net9.0]
/home/lysander/repos/bannou/bannou-service/Generated/Models/OrchestratorModels.cs(2744,22): warning CS1591: Missing XML comment for publicly visible type or member 'PoolBusyResponse' [/home/lysander/repos/bannou/Bannou.SDK/Bannou.SDK.csproj::TargetFramework=net9.0]
/home/lysander/repos/bannou/bannou-service/Generated/Models/OrchestratorModels.cs(2776,68): warning CS1591: Missing XML comment for publicly visible type or member 'PoolBusyResponse.AdditionalProperties' [/home/lysander/repos/bannou/Bannou.SDK/Bannou.SDK.csproj::TargetFramework=net9.0]
/home/lysander/repos/bannou/bannou-service/Generated/Models/OrchestratorModels.cs(2785,22): warning CS1591: Missing XML comment for publicly visible type or member 'ReleaseProcessorRequest' [/home/lysander/repos/bannou/Bannou.SDK/Bannou.SDK.csproj::TargetFramework=net9.0]
/home/lysander/repos/bannou/bannou-service/Generated/Models/OrchestratorModels.cs(2811,68): warning CS1591: Missing XML comment for publicly visible type or member 'ReleaseProcessorRequest.AdditionalProperties' [/home/lysander/repos/bannou/Bannou.SDK/Bannou.SDK.csproj::TargetFramework=net9.0]
/home/lysander/repos/bannou/bannou-service/Generated/Models/OrchestratorModels.cs(2820,22): warning CS1591: Missing XML comment for publicly visible type or member 'ReleaseProcessorResponse' [/home/lysander/repos/bannou/Bannou.SDK/Bannou.SDK.csproj::TargetFramework=net9.0]
/home/lysander/repos/bannou/bannou-service/Generated/Models/OrchestratorModels.cs(2838,68): warning CS1591: Missing XML comment for publicly visible type or member 'ReleaseProcessorResponse.AdditionalProperties' [/home/lysander/repos/bannou/Bannou.SDK/Bannou.SDK.csproj::TargetFramework=net9.0]
/home/lysander/repos/bannou/bannou-service/Generated/Models/OrchestratorModels.cs(2847,22): warning CS1591: Missing XML comment for publicly visible type or member 'GetPoolStatusRequest' [/home/lysander/repos/bannou/Bannou.SDK/Bannou.SDK.csproj::TargetFramework=net9.0]
/home/lysander/repos/bannou/bannou-service/Generated/Models/OrchestratorModels.cs(2867,68): warning CS1591: Missing XML comment for publicly visible type or member 'GetPoolStatusRequest.AdditionalProperties' [/home/lysander/repos/bannou/Bannou.SDK/Bannou.SDK.csproj::TargetFramework=net9.0]
/home/lysander/repos/bannou/bannou-service/Generated/Models/OrchestratorModels.cs(2876,22): warning CS1591: Missing XML comment for publicly visible type or member 'PoolStatusResponse' [/home/lysander/repos/bannou/Bannou.SDK/Bannou.SDK.csproj::TargetFramework=net9.0]
/home/lysander/repos/bannou/bannou-service/Generated/Models/OrchestratorModels.cs(2936,24): warning CS1591: Missing XML comment for publicly visible type or member 'PoolStatusResponse.RecentMetrics' [/home/lysander/repos/bannou/Bannou.SDK/Bannou.SDK.csproj::TargetFramework=net9.0]
/home/lysander/repos/bannou/bannou-service/Generated/Models/OrchestratorModels.cs(2941,68): warning CS1591: Missing XML comment for publicly visible type or member 'PoolStatusResponse.AdditionalProperties' [/home/lysander/repos/bannou/Bannou.SDK/Bannou.SDK.csproj::TargetFramework=net9.0]
/home/lysander/repos/bannou/bannou-service/Generated/Models/OrchestratorModels.cs(2950,22): warning CS1591: Missing XML comment for publicly visible type or member 'PoolMetrics' [/home/lysander/repos/bannou/Bannou.SDK/Bannou.SDK.csproj::TargetFramework=net9.0]
/home/lysander/repos/bannou/bannou-service/Generated/Models/OrchestratorModels.cs(2980,68): warning CS1591: Missing XML comment for publicly visible type or member 'PoolMetrics.AdditionalProperties' [/home/lysander/repos/bannou/Bannou.SDK/Bannou.SDK.csproj::TargetFramework=net9.0]
/home/lysander/repos/bannou/bannou-service/Generated/Models/OrchestratorModels.cs(2989,22): warning CS1591: Missing XML comment for publicly visible type or member 'ScalePoolRequest' [/home/lysander/repos/bannou/Bannou.SDK/Bannou.SDK.csproj::TargetFramework=net9.0]
/home/lysander/repos/bannou/bannou-service/Generated/Models/OrchestratorModels.cs(3016,68): warning CS1591: Missing XML comment for publicly visible type or member 'ScalePoolRequest.AdditionalProperties' [/home/lysander/repos/bannou/Bannou.SDK/Bannou.SDK.csproj::TargetFramework=net9.0]
/home/lysander/repos/bannou/bannou-service/Generated/Models/OrchestratorModels.cs(3025,22): warning CS1591: Missing XML comment for publicly visible type or member 'ScalePoolResponse' [/home/lysander/repos/bannou/Bannou.SDK/Bannou.SDK.csproj::TargetFramework=net9.0]
/home/lysander/repos/bannou/bannou-service/Generated/Models/OrchestratorModels.cs(3069,68): warning CS1591: Missing XML comment for publicly visible type or member 'ScalePoolResponse.AdditionalProperties' [/home/lysander/repos/bannou/Bannou.SDK/Bannou.SDK.csproj::TargetFramework=net9.0]
/home/lysander/repos/bannou/bannou-service/Generated/Models/OrchestratorModels.cs(3078,22): warning CS1591: Missing XML comment for publicly visible type or member 'CleanupPoolRequest' [/home/lysander/repos/bannou/Bannou.SDK/Bannou.SDK.csproj::TargetFramework=net9.0]
/home/lysander/repos/bannou/bannou-service/Generated/Models/OrchestratorModels.cs(3098,68): warning CS1591: Missing XML comment for publicly visible type or member 'CleanupPoolRequest.AdditionalProperties' [/home/lysander/repos/bannou/Bannou.SDK/Bannou.SDK.csproj::TargetFramework=net9.0]
/home/lysander/repos/bannou/bannou-service/Generated/Models/OrchestratorModels.cs(3107,22): warning CS1591: Missing XML comment for publicly visible type or member 'CleanupPoolResponse' [/home/lysander/repos/bannou/Bannou.SDK/Bannou.SDK.csproj::TargetFramework=net9.0]
/home/lysander/repos/bannou/bannou-service/Generated/Models/OrchestratorModels.cs(3139,68): warning CS1591: Missing XML comment for publicly visible type or member 'CleanupPoolResponse.AdditionalProperties' [/home/lysander/repos/bannou/Bannou.SDK/Bannou.SDK.csproj::TargetFramework=net9.0]
/home/lysander/repos/bannou/bannou-service/Generated/Models/OrchestratorModels.cs(3148,13): warning CS1591: Missing XML comment for publicly visible type or member 'ListPresetsRequestCategory' [/home/lysander/repos/bannou/Bannou.SDK/Bannou.SDK.csproj::TargetFramework=net9.0]
/home/lysander/repos/bannou/bannou-service/Generated/Models/OrchestratorModels.cs(3152,5): warning CS1591: Missing XML comment for publicly visible type or member 'ListPresetsRequestCategory.Development' [/home/lysander/repos/bannou/Bannou.SDK/Bannou.SDK.csproj::TargetFramework=net9.0]
/home/lysander/repos/bannou/bannou-service/Generated/Models/OrchestratorModels.cs(3155,5): warning CS1591: Missing XML comment for publicly visible type or member 'ListPresetsRequestCategory.Testing' [/home/lysander/repos/bannou/Bannou.SDK/Bannou.SDK.csproj::TargetFramework=net9.0]
/home/lysander/repos/bannou/bannou-service/Generated/Models/OrchestratorModels.cs(3158,5): warning CS1591: Missing XML comment for publicly visible type or member 'ListPresetsRequestCategory.Production' [/home/lysander/repos/bannou/Bannou.SDK/Bannou.SDK.csproj::TargetFramework=net9.0]
/home/lysander/repos/bannou/bannou-service/Generated/Models/OrchestratorModels.cs(3161,5): warning CS1591: Missing XML comment for publicly visible type or member 'ListPresetsRequestCategory.Custom' [/home/lysander/repos/bannou/Bannou.SDK/Bannou.SDK.csproj::TargetFramework=net9.0]
/home/lysander/repos/bannou/bannou-service/Generated/Models/OrchestratorModels.cs(3166,13): warning CS1591: Missing XML comment for publicly visible type or member 'ComponentHealthStatus' [/home/lysander/repos/bannou/Bannou.SDK/Bannou.SDK.csproj::TargetFramework=net9.0]
/home/lysander/repos/bannou/bannou-service/Generated/Models/OrchestratorModels.cs(3170,5): warning CS1591: Missing XML comment for publicly visible type or member 'ComponentHealthStatus.Healthy' [/home/lysander/repos/bannou/Bannou.SDK/Bannou.SDK.csproj::TargetFramework=net9.0]
/home/lysander/repos/bannou/bannou-service/Generated/Models/OrchestratorModels.cs(3173,5): warning CS1591: Missing XML comment for publicly visible type or member 'ComponentHealthStatus.Degraded' [/home/lysander/repos/bannou/Bannou.SDK/Bannou.SDK.csproj::TargetFramework=net9.0]
/home/lysander/repos/bannou/bannou-service/Generated/Models/OrchestratorModels.cs(3176,5): warning CS1591: Missing XML comment for publicly visible type or member 'ComponentHealthStatus.Unavailable' [/home/lysander/repos/bannou/Bannou.SDK/Bannou.SDK.csproj::TargetFramework=net9.0]
/home/lysander/repos/bannou/bannou-service/Generated/Models/OrchestratorModels.cs(3181,22): warning CS1591: Missing XML comment for publicly visible type or member 'Capacity' [/home/lysander/repos/bannou/Bannou.SDK/Bannou.SDK.csproj::TargetFramework=net9.0]
/home/lysander/repos/bannou/bannou-service/Generated/Models/OrchestratorModels.cs(3185,16): warning CS1591: Missing XML comment for publicly visible type or member 'Capacity.MaxConnections' [/home/lysander/repos/bannou/Bannou.SDK/Bannou.SDK.csproj::TargetFramework=net9.0]
/home/lysander/repos/bannou/bannou-service/Generated/Models/OrchestratorModels.cs(3188,16): warning CS1591: Missing XML comment for publicly visible type or member 'Capacity.CurrentConnections' [/home/lysander/repos/bannou/Bannou.SDK/Bannou.SDK.csproj::TargetFramework=net9.0]
/home/lysander/repos/bannou/bannou-service/Generated/Models/OrchestratorModels.cs(3191,18): warning CS1591: Missing XML comment for publicly visible type or member 'Capacity.CpuUsage' [/home/lysander/repos/bannou/Bannou.SDK/Bannou.SDK.csproj::TargetFramework=net9.0]
/home/lysander/repos/bannou/bannou-service/Generated/Models/OrchestratorModels.cs(3194,18): warning CS1591: Missing XML comment for publicly visible type or member 'Capacity.MemoryUsage' [/home/lysander/repos/bannou/Bannou.SDK/Bannou.SDK.csproj::TargetFramework=net9.0]
/home/lysander/repos/bannou/bannou-service/Generated/Models/OrchestratorModels.cs(3199,68): warning CS1591: Missing XML comment for publicly visible type or member 'Capacity.AdditionalProperties' [/home/lysander/repos/bannou/Bannou.SDK/Bannou.SDK.csproj::TargetFramework=net9.0]
/home/lysander/repos/bannou/bannou-service/Generated/Models/OrchestratorModels.cs(3208,13): warning CS1591: Missing XML comment for publicly visible type or member 'TestExecutionRequestTestType' [/home/lysander/repos/bannou/Bannou.SDK/Bannou.SDK.csproj::TargetFramework=net9.0]
/home/lysander/repos/bannou/bannou-service/Generated/Models/OrchestratorModels.cs(3212,5): warning CS1591: Missing XML comment for publicly visible type or member 'TestExecutionRequestTestType.Infrastructure' [/home/lysander/repos/bannou/Bannou.SDK/Bannou.SDK.csproj::TargetFramework=net9.0]
/home/lysander/repos/bannou/bannou-service/Generated/Models/OrchestratorModels.cs(3215,5): warning CS1591: Missing XML comment for publicly visible type or member 'TestExecutionRequestTestType.Http' [/home/lysander/repos/bannou/Bannou.SDK/Bannou.SDK.csproj::TargetFramework=net9.0]
/home/lysander/repos/bannou/bannou-service/Generated/Models/OrchestratorModels.cs(3218,5): warning CS1591: Missing XML comment for publicly visible type or member 'TestExecutionRequestTestType.Edge' [/home/lysander/repos/bannou/Bannou.SDK/Bannou.SDK.csproj::TargetFramework=net9.0]
/home/lysander/repos/bannou/bannou-service/Generated/Models/OrchestratorModels.cs(3223,13): warning CS1591: Missing XML comment for publicly visible type or member 'DeploymentPresetCategory' [/home/lysander/repos/bannou/Bannou.SDK/Bannou.SDK.csproj::TargetFramework=net9.0]
/home/lysander/repos/bannou/bannou-service/Generated/Models/OrchestratorModels.cs(3227,5): warning CS1591: Missing XML comment for publicly visible type or member 'DeploymentPresetCategory.Development' [/home/lysander/repos/bannou/Bannou.SDK/Bannou.SDK.csproj::TargetFramework=net9.0]
/home/lysander/repos/bannou/bannou-service/Generated/Models/OrchestratorModels.cs(3230,5): warning CS1591: Missing XML comment for publicly visible type or member 'DeploymentPresetCategory.Testing' [/home/lysander/repos/bannou/Bannou.SDK/Bannou.SDK.csproj::TargetFramework=net9.0]
/home/lysander/repos/bannou/bannou-service/Generated/Models/OrchestratorModels.cs(3233,5): warning CS1591: Missing XML comment for publicly visible type or member 'DeploymentPresetCategory.Production' [/home/lysander/repos/bannou/Bannou.SDK/Bannou.SDK.csproj::TargetFramework=net9.0]
/home/lysander/repos/bannou/bannou-service/Generated/Models/OrchestratorModels.cs(3236,5): warning CS1591: Missing XML comment for publicly visible type or member 'DeploymentPresetCategory.Custom' [/home/lysander/repos/bannou/Bannou.SDK/Bannou.SDK.csproj::TargetFramework=net9.0]
/home/lysander/repos/bannou/bannou-service/Generated/Models/OrchestratorModels.cs(3241,13): warning CS1591: Missing XML comment for publicly visible type or member 'IngressConfigType' [/home/lysander/repos/bannou/Bannou.SDK/Bannou.SDK.csproj::TargetFramework=net9.0]
/home/lysander/repos/bannou/bannou-service/Generated/Models/OrchestratorModels.cs(3245,5): warning CS1591: Missing XML comment for publicly visible type or member 'IngressConfigType.Openresty' [/home/lysander/repos/bannou/Bannou.SDK/Bannou.SDK.csproj::TargetFramework=net9.0]
/home/lysander/repos/bannou/bannou-service/Generated/Models/OrchestratorModels.cs(3248,5): warning CS1591: Missing XML comment for publicly visible type or member 'IngressConfigType.Nginx' [/home/lysander/repos/bannou/Bannou.SDK/Bannou.SDK.csproj::TargetFramework=net9.0]
/home/lysander/repos/bannou/bannou-service/Generated/Models/OrchestratorModels.cs(3251,5): warning CS1591: Missing XML comment for publicly visible type or member 'IngressConfigType.Traefik' [/home/lysander/repos/bannou/Bannou.SDK/Bannou.SDK.csproj::TargetFramework=net9.0]
/home/lysander/repos/bannou/bannou-service/Generated/Models/OrchestratorModels.cs(3254,5): warning CS1591: Missing XML comment for publicly visible type or member 'IngressConfigType.None' [/home/lysander/repos/bannou/Bannou.SDK/Bannou.SDK.csproj::TargetFramework=net9.0]
/home/lysander/repos/bannou/bannou-service/Generated/Models/OrchestratorModels.cs(3259,22): warning CS1591: Missing XML comment for publicly visible type or member 'Ports' [/home/lysander/repos/bannou/Bannou.SDK/Bannou.SDK.csproj::TargetFramework=net9.0]
/home/lysander/repos/bannou/bannou-service/Generated/Models/OrchestratorModels.cs(3263,16): warning CS1591: Missing XML comment for publicly visible type or member 'Ports.Http' [/home/lysander/repos/bannou/Bannou.SDK/Bannou.SDK.csproj::TargetFramework=net9.0]
/home/lysander/repos/bannou/bannou-service/Generated/Models/OrchestratorModels.cs(3266,16): warning CS1591: Missing XML comment for publicly visible type or member 'Ports.Https' [/home/lysander/repos/bannou/Bannou.SDK/Bannou.SDK.csproj::TargetFramework=net9.0]
/home/lysander/repos/bannou/bannou-service/Generated/Models/OrchestratorModels.cs(3271,68): warning CS1591: Missing XML comment for publicly visible type or member 'Ports.AdditionalProperties' [/home/lysander/repos/bannou/Bannou.SDK/Bannou.SDK.csproj::TargetFramework=net9.0]
/home/lysander/repos/bannou/bannou-service/Generated/Models/OrchestratorModels.cs(3280,13): warning CS1591: Missing XML comment for publicly visible type or member 'DeployedServiceStatus' [/home/lysander/repos/bannou/Bannou.SDK/Bannou.SDK.csproj::TargetFramework=net9.0]
/home/lysander/repos/bannou/bannou-service/Generated/Models/OrchestratorModels.cs(3284,5): warning CS1591: Missing XML comment for publicly visible type or member 'DeployedServiceStatus.Starting' [/home/lysander/repos/bannou/Bannou.SDK/Bannou.SDK.csproj::TargetFramework=net9.0]
/home/lysander/repos/bannou/bannou-service/Generated/Models/OrchestratorModels.cs(3287,5): warning CS1591: Missing XML comment for publicly visible type or member 'DeployedServiceStatus.Running' [/home/lysander/repos/bannou/Bannou.SDK/Bannou.SDK.csproj::TargetFramework=net9.0]
/home/lysander/repos/bannou/bannou-service/Generated/Models/OrchestratorModels.cs(3290,5): warning CS1591: Missing XML comment for publicly visible type or member 'DeployedServiceStatus.Healthy' [/home/lysander/repos/bannou/Bannou.SDK/Bannou.SDK.csproj::TargetFramework=net9.0]
/home/lysander/repos/bannou/bannou-service/Generated/Models/OrchestratorModels.cs(3293,5): warning CS1591: Missing XML comment for publicly visible type or member 'DeployedServiceStatus.Unhealthy' [/home/lysander/repos/bannou/Bannou.SDK/Bannou.SDK.csproj::TargetFramework=net9.0]
/home/lysander/repos/bannou/bannou-service/Generated/Models/OrchestratorModels.cs(3296,5): warning CS1591: Missing XML comment for publicly visible type or member 'DeployedServiceStatus.Stopped' [/home/lysander/repos/bannou/Bannou.SDK/Bannou.SDK.csproj::TargetFramework=net9.0]
/home/lysander/repos/bannou/bannou-service/Generated/Models/OrchestratorModels.cs(3301,13): warning CS1591: Missing XML comment for publicly visible type or member 'LogEntryStream' [/home/lysander/repos/bannou/Bannou.SDK/Bannou.SDK.csproj::TargetFramework=net9.0]
/home/lysander/repos/bannou/bannou-service/Generated/Models/OrchestratorModels.cs(3305,5): warning CS1591: Missing XML comment for publicly visible type or member 'LogEntryStream.Stdout' [/home/lysander/repos/bannou/Bannou.SDK/Bannou.SDK.csproj::TargetFramework=net9.0]
/home/lysander/repos/bannou/bannou-service/Generated/Models/OrchestratorModels.cs(3308,5): warning CS1591: Missing XML comment for publicly visible type or member 'LogEntryStream.Stderr' [/home/lysander/repos/bannou/Bannou.SDK/Bannou.SDK.csproj::TargetFramework=net9.0]
/home/lysander/repos/bannou/bannou-service/Generated/Models/OrchestratorModels.cs(3313,13): warning CS1591: Missing XML comment for publicly visible type or member 'TopologyChangeAction' [/home/lysander/repos/bannou/Bannou.SDK/Bannou.SDK.csproj::TargetFramework=net9.0]
/home/lysander/repos/bannou/bannou-service/Generated/Models/OrchestratorModels.cs(3317,5): warning CS1591: Missing XML comment for publicly visible type or member 'TopologyChangeAction.AddNode' [/home/lysander/repos/bannou/Bannou.SDK/Bannou.SDK.csproj::TargetFramework=net9.0]
/home/lysander/repos/bannou/bannou-service/Generated/Models/OrchestratorModels.cs(3320,5): warning CS1591: Missing XML comment for publicly visible type or member 'TopologyChangeAction.RemoveNode' [/home/lysander/repos/bannou/Bannou.SDK/Bannou.SDK.csproj::TargetFramework=net9.0]
/home/lysander/repos/bannou/bannou-service/Generated/Models/OrchestratorModels.cs(3323,5): warning CS1591: Missing XML comment for publicly visible type or member 'TopologyChangeAction.MoveService' [/home/lysander/repos/bannou/Bannou.SDK/Bannou.SDK.csproj::TargetFramework=net9.0]
/home/lysander/repos/bannou/bannou-service/Generated/Models/OrchestratorModels.cs(3326,5): warning CS1591: Missing XML comment for publicly visible type or member 'TopologyChangeAction.Scale' [/home/lysander/repos/bannou/Bannou.SDK/Bannou.SDK.csproj::TargetFramework=net9.0]
/home/lysander/repos/bannou/bannou-service/Generated/Models/OrchestratorModels.cs(3329,5): warning CS1591: Missing XML comment for publicly visible type or member 'TopologyChangeAction.UpdateEnv' [/home/lysander/repos/bannou/Bannou.SDK/Bannou.SDK.csproj::TargetFramework=net9.0]
/home/lysander/repos/bannou/bannou-service/Generated/Models/OrchestratorModels.cs(3334,13): warning CS1591: Missing XML comment for publicly visible type or member 'DeploymentEventAction' [/home/lysander/repos/bannou/Bannou.SDK/Bannou.SDK.csproj::TargetFramework=net9.0]
/home/lysander/repos/bannou/bannou-service/Generated/Models/OrchestratorModels.cs(3338,5): warning CS1591: Missing XML comment for publicly visible type or member 'DeploymentEventAction.Started' [/home/lysander/repos/bannou/Bannou.SDK/Bannou.SDK.csproj::TargetFramework=net9.0]
/home/lysander/repos/bannou/bannou-service/Generated/Models/OrchestratorModels.cs(3341,5): warning CS1591: Missing XML comment for publicly visible type or member 'DeploymentEventAction.Completed' [/home/lysander/repos/bannou/Bannou.SDK/Bannou.SDK.csproj::TargetFramework=net9.0]
/home/lysander/repos/bannou/bannou-service/Generated/Models/OrchestratorModels.cs(3344,5): warning CS1591: Missing XML comment for publicly visible type or member 'DeploymentEventAction.Failed' [/home/lysander/repos/bannou/Bannou.SDK/Bannou.SDK.csproj::TargetFramework=net9.0]
/home/lysander/repos/bannou/bannou-service/Generated/Models/OrchestratorModels.cs(3347,5): warning CS1591: Missing XML comment for publicly visible type or member 'DeploymentEventAction.TopologyChanged' [/home/lysander/repos/bannou/Bannou.SDK/Bannou.SDK.csproj::TargetFramework=net9.0]
/home/lysander/repos/bannou/bannou-service/Generated/Models/OrchestratorModels.cs(3352,13): warning CS1591: Missing XML comment for publicly visible type or member 'ContainerRestartResponseRestartStrategy' [/home/lysander/repos/bannou/Bannou.SDK/Bannou.SDK.csproj::TargetFramework=net9.0]
/home/lysander/repos/bannou/bannou-service/Generated/Models/OrchestratorModels.cs(3356,5): warning CS1591: Missing XML comment for publicly visible type or member 'ContainerRestartResponseRestartStrategy.Rolling' [/home/lysander/repos/bannou/Bannou.SDK/Bannou.SDK.csproj::TargetFramework=net9.0]
/home/lysander/repos/bannou/bannou-service/Generated/Models/OrchestratorModels.cs(3359,5): warning CS1591: Missing XML comment for publicly visible type or member 'ContainerRestartResponseRestartStrategy.Simultaneous' [/home/lysander/repos/bannou/Bannou.SDK/Bannou.SDK.csproj::TargetFramework=net9.0]
/home/lysander/repos/bannou/bannou-service/Generated/Models/OrchestratorModels.cs(3364,13): warning CS1591: Missing XML comment for publicly visible type or member 'ContainerStatusStatus' [/home/lysander/repos/bannou/Bannou.SDK/Bannou.SDK.csproj::TargetFramework=net9.0]
/home/lysander/repos/bannou/bannou-service/Generated/Models/OrchestratorModels.cs(3368,5): warning CS1591: Missing XML comment for publicly visible type or member 'ContainerStatusStatus.Running' [/home/lysander/repos/bannou/Bannou.SDK/Bannou.SDK.csproj::TargetFramework=net9.0]
/home/lysander/repos/bannou/bannou-service/Generated/Models/OrchestratorModels.cs(3371,5): warning CS1591: Missing XML comment for publicly visible type or member 'ContainerStatusStatus.Starting' [/home/lysander/repos/bannou/Bannou.SDK/Bannou.SDK.csproj::TargetFramework=net9.0]
/home/lysander/repos/bannou/bannou-service/Generated/Models/OrchestratorModels.cs(3374,5): warning CS1591: Missing XML comment for publicly visible type or member 'ContainerStatusStatus.Stopping' [/home/lysander/repos/bannou/Bannou.SDK/Bannou.SDK.csproj::TargetFramework=net9.0]
/home/lysander/repos/bannou/bannou-service/Generated/Models/OrchestratorModels.cs(3377,5): warning CS1591: Missing XML comment for publicly visible type or member 'ContainerStatusStatus.Stopped' [/home/lysander/repos/bannou/Bannou.SDK/Bannou.SDK.csproj::TargetFramework=net9.0]
/home/lysander/repos/bannou/bannou-service/Generated/Models/OrchestratorModels.cs(3380,5): warning CS1591: Missing XML comment for publicly visible type or member 'ContainerStatusStatus.Unhealthy' [/home/lysander/repos/bannou/Bannou.SDK/Bannou.SDK.csproj::TargetFramework=net9.0]
/home/lysander/repos/bannou/bannou-service/Generated/Models/OrchestratorModels.cs(3385,22): warning CS1591: Missing XML comment for publicly visible type or member 'HealthChecks' [/home/lysander/repos/bannou/Bannou.SDK/Bannou.SDK.csproj::TargetFramework=net9.0]
/home/lysander/repos/bannou/bannou-service/Generated/Models/OrchestratorModels.cs(3389,34): warning CS1591: Missing XML comment for publicly visible type or member 'HealthChecks.LastCheck' [/home/lysander/repos/bannou/Bannou.SDK/Bannou.SDK.csproj::TargetFramework=net9.0]
/home/lysander/repos/bannou/bannou-service/Generated/Models/OrchestratorModels.cs(3392,19): warning CS1591: Missing XML comment for publicly visible type or member 'HealthChecks.Status' [/home/lysander/repos/bannou/Bannou.SDK/Bannou.SDK.csproj::TargetFramework=net9.0]
/home/lysander/repos/bannou/bannou-service/Generated/Models/OrchestratorModels.cs(3395,16): warning CS1591: Missing XML comment for publicly visible type or member 'HealthChecks.ConsecutiveFailures' [/home/lysander/repos/bannou/Bannou.SDK/Bannou.SDK.csproj::TargetFramework=net9.0]
/home/lysander/repos/bannou/bannou-service/Generated/Models/OrchestratorModels.cs(3400,68): warning CS1591: Missing XML comment for publicly visible type or member 'HealthChecks.AdditionalProperties' [/home/lysander/repos/bannou/Bannou.SDK/Bannou.SDK.csproj::TargetFramework=net9.0]
/home/lysander/repos/bannou/bannou-service/Generated/Clients/MessagingClient.cs(19,26): warning CS1591: Missing XML comment for publicly visible type or member 'IMessagingClient' [/home/lysander/repos/bannou/Bannou.SDK/Bannou.SDK.csproj::TargetFramework=net9.0]
/home/lysander/repos/bannou/bannou-service/Generated/Clients/MessagingClient.cs(28,93): warning CS1573: Parameter 'body' has no matching param tag in the XML comment for 'IMessagingClient.PublishEventAsync(PublishEventRequest, CancellationToken)' (but other parameters do) [/home/lysander/repos/bannou/Bannou.SDK/Bannou.SDK.csproj::TargetFramework=net9.0]
/home/lysander/repos/bannou/bannou-service/Generated/Clients/MessagingClient.cs(36,111): warning CS1573: Parameter 'body' has no matching param tag in the XML comment for 'IMessagingClient.CreateSubscriptionAsync(CreateSubscriptionRequest, CancellationToken)' (but other parameters do) [/home/lysander/repos/bannou/Bannou.SDK/Bannou.SDK.csproj::TargetFramework=net9.0]
/home/lysander/repos/bannou/bannou-service/Generated/Clients/MessagingClient.cs(44,111): warning CS1573: Parameter 'body' has no matching param tag in the XML comment for 'IMessagingClient.RemoveSubscriptionAsync(RemoveSubscriptionRequest, CancellationToken)' (but other parameters do) [/home/lysander/repos/bannou/Bannou.SDK/Bannou.SDK.csproj::TargetFramework=net9.0]
/home/lysander/repos/bannou/bannou-service/Generated/Clients/MessagingClient.cs(52,88): warning CS1573: Parameter 'body' has no matching param tag in the XML comment for 'IMessagingClient.ListTopicsAsync(ListTopicsRequest?, CancellationToken)' (but other parameters do) [/home/lysander/repos/bannou/Bannou.SDK/Bannou.SDK.csproj::TargetFramework=net9.0]
/home/lysander/repos/bannou/bannou-service/Generated/Clients/MessagingClient.cs(56,22): warning CS1591: Missing XML comment for publicly visible type or member 'MessagingClient' [/home/lysander/repos/bannou/Bannou.SDK/Bannou.SDK.csproj::TargetFramework=net9.0]
/home/lysander/repos/bannou/bannou-service/Generated/Clients/MessagingClient.cs(76,12): warning CS1591: Missing XML comment for publicly visible type or member 'MessagingClient.MessagingClient(IMeshInvocationClient, IServiceAppMappingResolver, ILogger<MessagingClient>?)' [/home/lysander/repos/bannou/Bannou.SDK/Bannou.SDK.csproj::TargetFramework=net9.0]
/home/lysander/repos/bannou/bannou-service/Generated/Clients/MessagingClient.cs(84,54): warning CS1591: Missing XML comment for publicly visible type or member 'MessagingClient.JsonSerializerSettings' [/home/lysander/repos/bannou/Bannou.SDK/Bannou.SDK.csproj::TargetFramework=net9.0]
/home/lysander/repos/bannou/bannou-service/Generated/Clients/MessagingClient.cs(184,114): warning CS1573: Parameter 'body' has no matching param tag in the XML comment for 'MessagingClient.PublishEventAsync(PublishEventRequest, CancellationToken)' (but other parameters do) [/home/lysander/repos/bannou/Bannou.SDK/Bannou.SDK.csproj::TargetFramework=net9.0]
/home/lysander/repos/bannou/bannou-service/Generated/Clients/MessagingClient.cs(263,132): warning CS1573: Parameter 'body' has no matching param tag in the XML comment for 'MessagingClient.CreateSubscriptionAsync(CreateSubscriptionRequest, CancellationToken)' (but other parameters do) [/home/lysander/repos/bannou/Bannou.SDK/Bannou.SDK.csproj::TargetFramework=net9.0]
/home/lysander/repos/bannou/bannou-service/Generated/Clients/MessagingClient.cs(342,132): warning CS1573: Parameter 'body' has no matching param tag in the XML comment for 'MessagingClient.RemoveSubscriptionAsync(RemoveSubscriptionRequest, CancellationToken)' (but other parameters do) [/home/lysander/repos/bannou/Bannou.SDK/Bannou.SDK.csproj::TargetFramework=net9.0]
/home/lysander/repos/bannou/bannou-service/Generated/Clients/MessagingClient.cs(421,109): warning CS1573: Parameter 'body' has no matching param tag in the XML comment for 'MessagingClient.ListTopicsAsync(ListTopicsRequest?, CancellationToken)' (but other parameters do) [/home/lysander/repos/bannou/Bannou.SDK/Bannou.SDK.csproj::TargetFramework=net9.0]
/home/lysander/repos/bannou/bannou-service/Generated/Clients/MessagingClient.cs(491,22): warning CS1591: Missing XML comment for publicly visible type or member 'MessagingClient.ObjectResponseResult<T>' [/home/lysander/repos/bannou/Bannou.SDK/Bannou.SDK.csproj::TargetFramework=net9.0]
/home/lysander/repos/bannou/bannou-service/Generated/Clients/MessagingClient.cs(493,16): warning CS1591: Missing XML comment for publicly visible type or member 'MessagingClient.ObjectResponseResult<T>.ObjectResponseResult(T, string)' [/home/lysander/repos/bannou/Bannou.SDK/Bannou.SDK.csproj::TargetFramework=net9.0]
/home/lysander/repos/bannou/bannou-service/Generated/Clients/MessagingClient.cs(499,18): warning CS1591: Missing XML comment for publicly visible type or member 'MessagingClient.ObjectResponseResult<T>.Object' [/home/lysander/repos/bannou/Bannou.SDK/Bannou.SDK.csproj::TargetFramework=net9.0]
/home/lysander/repos/bannou/bannou-service/Generated/Clients/MessagingClient.cs(501,23): warning CS1591: Missing XML comment for publicly visible type or member 'MessagingClient.ObjectResponseResult<T>.Text' [/home/lysander/repos/bannou/Bannou.SDK/Bannou.SDK.csproj::TargetFramework=net9.0]
/home/lysander/repos/bannou/bannou-service/Generated/Clients/MessagingClient.cs(524,17): warning CS1591: Missing XML comment for publicly visible type or member 'MessagingClient.ReadResponseAsString' [/home/lysander/repos/bannou/Bannou.SDK/Bannou.SDK.csproj::TargetFramework=net9.0]
/home/lysander/repos/bannou/bannou-service/Generated/Clients/MessagingClient.cs(526,86): warning CS1591: Missing XML comment for publicly visible type or member 'MessagingClient.ReadObjectResponseAsync<T>(HttpResponseMessage, IReadOnlyDictionary<string, IEnumerable<string>>, CancellationToken)' [/home/lysander/repos/bannou/Bannou.SDK/Bannou.SDK.csproj::TargetFramework=net9.0]
/home/lysander/repos/bannou/bannou-service/Generated/Models/MessagingModels.cs(18,22): warning CS1591: Missing XML comment for publicly visible type or member 'PublishEventRequest' [/home/lysander/repos/bannou/Bannou.SDK/Bannou.SDK.csproj::TargetFramework=net9.0]
/home/lysander/repos/bannou/bannou-service/Generated/Models/MessagingModels.cs(38,27): warning CS1591: Missing XML comment for publicly visible type or member 'PublishEventRequest.Options' [/home/lysander/repos/bannou/Bannou.SDK/Bannou.SDK.csproj::TargetFramework=net9.0]
/home/lysander/repos/bannou/bannou-service/Generated/Models/MessagingModels.cs(43,68): warning CS1591: Missing XML comment for publicly visible type or member 'PublishEventRequest.AdditionalProperties' [/home/lysander/repos/bannou/Bannou.SDK/Bannou.SDK.csproj::TargetFramework=net9.0]
/home/lysander/repos/bannou/bannou-service/Generated/Models/MessagingModels.cs(111,68): warning CS1591: Missing XML comment for publicly visible type or member 'PublishOptions.AdditionalProperties' [/home/lysander/repos/bannou/Bannou.SDK/Bannou.SDK.csproj::TargetFramework=net9.0]
/home/lysander/repos/bannou/bannou-service/Generated/Models/MessagingModels.cs(120,22): warning CS1591: Missing XML comment for publicly visible type or member 'PublishEventResponse' [/home/lysander/repos/bannou/Bannou.SDK/Bannou.SDK.csproj::TargetFramework=net9.0]
/home/lysander/repos/bannou/bannou-service/Generated/Models/MessagingModels.cs(124,17): warning CS1591: Missing XML comment for publicly visible type or member 'PublishEventResponse.Success' [/home/lysander/repos/bannou/Bannou.SDK/Bannou.SDK.csproj::TargetFramework=net9.0]
/home/lysander/repos/bannou/bannou-service/Generated/Models/MessagingModels.cs(127,24): warning CS1591: Missing XML comment for publicly visible type or member 'PublishEventResponse.MessageId' [/home/lysander/repos/bannou/Bannou.SDK/Bannou.SDK.csproj::TargetFramework=net9.0]
/home/lysander/repos/bannou/bannou-service/Generated/Models/MessagingModels.cs(132,68): warning CS1591: Missing XML comment for publicly visible type or member 'PublishEventResponse.AdditionalProperties' [/home/lysander/repos/bannou/Bannou.SDK/Bannou.SDK.csproj::TargetFramework=net9.0]
/home/lysander/repos/bannou/bannou-service/Generated/Models/MessagingModels.cs(141,22): warning CS1591: Missing XML comment for publicly visible type or member 'CreateSubscriptionRequest' [/home/lysander/repos/bannou/Bannou.SDK/Bannou.SDK.csproj::TargetFramework=net9.0]
/home/lysander/repos/bannou/bannou-service/Generated/Models/MessagingModels.cs(147,19): warning CS1591: Missing XML comment for publicly visible type or member 'CreateSubscriptionRequest.Topic' [/home/lysander/repos/bannou/Bannou.SDK/Bannou.SDK.csproj::TargetFramework=net9.0]
/home/lysander/repos/bannou/bannou-service/Generated/Models/MessagingModels.cs(158,32): warning CS1591: Missing XML comment for publicly visible type or member 'CreateSubscriptionRequest.Options' [/home/lysander/repos/bannou/Bannou.SDK/Bannou.SDK.csproj::TargetFramework=net9.0]
/home/lysander/repos/bannou/bannou-service/Generated/Models/MessagingModels.cs(163,68): warning CS1591: Missing XML comment for publicly visible type or member 'CreateSubscriptionRequest.AdditionalProperties' [/home/lysander/repos/bannou/Bannou.SDK/Bannou.SDK.csproj::TargetFramework=net9.0]
/home/lysander/repos/bannou/bannou-service/Generated/Models/MessagingModels.cs(217,68): warning CS1591: Missing XML comment for publicly visible type or member 'SubscriptionOptions.AdditionalProperties' [/home/lysander/repos/bannou/Bannou.SDK/Bannou.SDK.csproj::TargetFramework=net9.0]
/home/lysander/repos/bannou/bannou-service/Generated/Models/MessagingModels.cs(226,22): warning CS1591: Missing XML comment for publicly visible type or member 'CreateSubscriptionResponse' [/home/lysander/repos/bannou/Bannou.SDK/Bannou.SDK.csproj::TargetFramework=net9.0]
/home/lysander/repos/bannou/bannou-service/Generated/Models/MessagingModels.cs(230,24): warning CS1591: Missing XML comment for publicly visible type or member 'CreateSubscriptionResponse.SubscriptionId' [/home/lysander/repos/bannou/Bannou.SDK/Bannou.SDK.csproj::TargetFramework=net9.0]
/home/lysander/repos/bannou/bannou-service/Generated/Models/MessagingModels.cs(233,19): warning CS1591: Missing XML comment for publicly visible type or member 'CreateSubscriptionResponse.QueueName' [/home/lysander/repos/bannou/Bannou.SDK/Bannou.SDK.csproj::TargetFramework=net9.0]
/home/lysander/repos/bannou/bannou-service/Generated/Models/MessagingModels.cs(238,68): warning CS1591: Missing XML comment for publicly visible type or member 'CreateSubscriptionResponse.AdditionalProperties' [/home/lysander/repos/bannou/Bannou.SDK/Bannou.SDK.csproj::TargetFramework=net9.0]
/home/lysander/repos/bannou/bannou-service/Generated/Models/MessagingModels.cs(247,22): warning CS1591: Missing XML comment for publicly visible type or member 'RemoveSubscriptionRequest' [/home/lysander/repos/bannou/Bannou.SDK/Bannou.SDK.csproj::TargetFramework=net9.0]
/home/lysander/repos/bannou/bannou-service/Generated/Models/MessagingModels.cs(253,24): warning CS1591: Missing XML comment for publicly visible type or member 'RemoveSubscriptionRequest.SubscriptionId' [/home/lysander/repos/bannou/Bannou.SDK/Bannou.SDK.csproj::TargetFramework=net9.0]
/home/lysander/repos/bannou/bannou-service/Generated/Models/MessagingModels.cs(258,68): warning CS1591: Missing XML comment for publicly visible type or member 'RemoveSubscriptionRequest.AdditionalProperties' [/home/lysander/repos/bannou/Bannou.SDK/Bannou.SDK.csproj::TargetFramework=net9.0]
/home/lysander/repos/bannou/bannou-service/Generated/Models/MessagingModels.cs(267,22): warning CS1591: Missing XML comment for publicly visible type or member 'RemoveSubscriptionResponse' [/home/lysander/repos/bannou/Bannou.SDK/Bannou.SDK.csproj::TargetFramework=net9.0]
/home/lysander/repos/bannou/bannou-service/Generated/Models/MessagingModels.cs(271,17): warning CS1591: Missing XML comment for publicly visible type or member 'RemoveSubscriptionResponse.Success' [/home/lysander/repos/bannou/Bannou.SDK/Bannou.SDK.csproj::TargetFramework=net9.0]
/home/lysander/repos/bannou/bannou-service/Generated/Models/MessagingModels.cs(276,68): warning CS1591: Missing XML comment for publicly visible type or member 'RemoveSubscriptionResponse.AdditionalProperties' [/home/lysander/repos/bannou/Bannou.SDK/Bannou.SDK.csproj::TargetFramework=net9.0]
/home/lysander/repos/bannou/bannou-service/Generated/Models/MessagingModels.cs(306,68): warning CS1591: Missing XML comment for publicly visible type or member 'ListTopicsRequest.AdditionalProperties' [/home/lysander/repos/bannou/Bannou.SDK/Bannou.SDK.csproj::TargetFramework=net9.0]
/home/lysander/repos/bannou/bannou-service/Generated/Models/MessagingModels.cs(315,22): warning CS1591: Missing XML comment for publicly visible type or member 'ListTopicsResponse' [/home/lysander/repos/bannou/Bannou.SDK/Bannou.SDK.csproj::TargetFramework=net9.0]
/home/lysander/repos/bannou/bannou-service/Generated/Models/MessagingModels.cs(319,62): warning CS1591: Missing XML comment for publicly visible type or member 'ListTopicsResponse.Topics' [/home/lysander/repos/bannou/Bannou.SDK/Bannou.SDK.csproj::TargetFramework=net9.0]
/home/lysander/repos/bannou/bannou-service/Generated/Models/MessagingModels.cs(324,68): warning CS1591: Missing XML comment for publicly visible type or member 'ListTopicsResponse.AdditionalProperties' [/home/lysander/repos/bannou/Bannou.SDK/Bannou.SDK.csproj::TargetFramework=net9.0]
/home/lysander/repos/bannou/bannou-service/Generated/Models/MessagingModels.cs(333,22): warning CS1591: Missing XML comment for publicly visible type or member 'TopicInfo' [/home/lysander/repos/bannou/Bannou.SDK/Bannou.SDK.csproj::TargetFramework=net9.0]
/home/lysander/repos/bannou/bannou-service/Generated/Models/MessagingModels.cs(337,19): warning CS1591: Missing XML comment for publicly visible type or member 'TopicInfo.Name' [/home/lysander/repos/bannou/Bannou.SDK/Bannou.SDK.csproj::TargetFramework=net9.0]
/home/lysander/repos/bannou/bannou-service/Generated/Models/MessagingModels.cs(340,16): warning CS1591: Missing XML comment for publicly visible type or member 'TopicInfo.MessageCount' [/home/lysander/repos/bannou/Bannou.SDK/Bannou.SDK.csproj::TargetFramework=net9.0]
/home/lysander/repos/bannou/bannou-service/Generated/Models/MessagingModels.cs(343,16): warning CS1591: Missing XML comment for publicly visible type or member 'TopicInfo.ConsumerCount' [/home/lysander/repos/bannou/Bannou.SDK/Bannou.SDK.csproj::TargetFramework=net9.0]
/home/lysander/repos/bannou/bannou-service/Generated/Models/MessagingModels.cs(348,68): warning CS1591: Missing XML comment for publicly visible type or member 'TopicInfo.AdditionalProperties' [/home/lysander/repos/bannou/Bannou.SDK/Bannou.SDK.csproj::TargetFramework=net9.0]
/home/lysander/repos/bannou/bannou-service/Generated/Models/MessagingModels.cs(357,13): warning CS1591: Missing XML comment for publicly visible type or member 'PublishOptionsExchangeType' [/home/lysander/repos/bannou/Bannou.SDK/Bannou.SDK.csproj::TargetFramework=net9.0]
/home/lysander/repos/bannou/bannou-service/Generated/Models/MessagingModels.cs(361,5): warning CS1591: Missing XML comment for publicly visible type or member 'PublishOptionsExchangeType.Fanout' [/home/lysander/repos/bannou/Bannou.SDK/Bannou.SDK.csproj::TargetFramework=net9.0]
/home/lysander/repos/bannou/bannou-service/Generated/Models/MessagingModels.cs(364,5): warning CS1591: Missing XML comment for publicly visible type or member 'PublishOptionsExchangeType.Direct' [/home/lysander/repos/bannou/Bannou.SDK/Bannou.SDK.csproj::TargetFramework=net9.0]
/home/lysander/repos/bannou/bannou-service/Generated/Models/MessagingModels.cs(367,5): warning CS1591: Missing XML comment for publicly visible type or member 'PublishOptionsExchangeType.Topic' [/home/lysander/repos/bannou/Bannou.SDK/Bannou.SDK.csproj::TargetFramework=net9.0]
/home/lysander/repos/bannou/bannou-service/Generated/Clients/AuthClient.cs(19,26): warning CS1591: Missing XML comment for publicly visible type or member 'IAuthClient' [/home/lysander/repos/bannou/Bannou.SDK/Bannou.SDK.csproj::TargetFramework=net9.0]
/home/lysander/repos/bannou/bannou-service/Generated/Clients/AuthClient.cs(28,71): warning CS1573: Parameter 'body' has no matching param tag in the XML comment for 'IAuthClient.LoginAsync(LoginRequest, CancellationToken)' (but other parameters do) [/home/lysander/repos/bannou/Bannou.SDK/Bannou.SDK.csproj::TargetFramework=net9.0]
/home/lysander/repos/bannou/bannou-service/Generated/Clients/AuthClient.cs(36,81): warning CS1573: Parameter 'body' has no matching param tag in the XML comment for 'IAuthClient.RegisterAsync(RegisterRequest, CancellationToken)' (but other parameters do) [/home/lysander/repos/bannou/Bannou.SDK/Bannou.SDK.csproj::TargetFramework=net9.0]
/home/lysander/repos/bannou/bannou-service/Generated/Clients/AuthClient.cs(50,57): warning CS1573: Parameter 'provider' has no matching param tag in the XML comment for 'IAuthClient.InitOAuthAsync(Provider, Uri, string?, CancellationToken)' (but other parameters do) [/home/lysander/repos/bannou/Bannou.SDK/Bannou.SDK.csproj::TargetFramework=net9.0]
/home/lysander/repos/bannou/bannou-service/Generated/Clients/AuthClient.cs(50,78): warning CS1573: Parameter 'redirectUri' has no matching param tag in the XML comment for 'IAuthClient.InitOAuthAsync(Provider, Uri, string?, CancellationToken)' (but other parameters do) [/home/lysander/repos/bannou/Bannou.SDK/Bannou.SDK.csproj::TargetFramework=net9.0]
/home/lysander/repos/bannou/bannou-service/Generated/Clients/AuthClient.cs(50,99): warning CS1573: Parameter 'state' has no matching param tag in the XML comment for 'IAuthClient.InitOAuthAsync(Provider, Uri, string?, CancellationToken)' (but other parameters do) [/home/lysander/repos/bannou/Bannou.SDK/Bannou.SDK.csproj::TargetFramework=net9.0]
/home/lysander/repos/bannou/bannou-service/Generated/Clients/AuthClient.cs(65,75): warning CS1573: Parameter 'provider' has no matching param tag in the XML comment for 'IAuthClient.CompleteOAuthAsync(Provider, OAuthCallbackRequest, CancellationToken)' (but other parameters do) [/home/lysander/repos/bannou/Bannou.SDK/Bannou.SDK.csproj::TargetFramework=net9.0]
/home/lysander/repos/bannou/bannou-service/Generated/Clients/AuthClient.cs(65,106): warning CS1573: Parameter 'body' has no matching param tag in the XML comment for 'IAuthClient.CompleteOAuthAsync(Provider, OAuthCallbackRequest, CancellationToken)' (but other parameters do) [/home/lysander/repos/bannou/Bannou.SDK/Bannou.SDK.csproj::TargetFramework=net9.0]
/home/lysander/repos/bannou/bannou-service/Generated/Clients/AuthClient.cs(78,87): warning CS1573: Parameter 'body' has no matching param tag in the XML comment for 'IAuthClient.VerifySteamAuthAsync(SteamVerifyRequest, CancellationToken)' (but other parameters do) [/home/lysander/repos/bannou/Bannou.SDK/Bannou.SDK.csproj::TargetFramework=net9.0]
/home/lysander/repos/bannou/bannou-service/Generated/Clients/AuthClient.cs(86,80): warning CS1573: Parameter 'body' has no matching param tag in the XML comment for 'IAuthClient.RefreshTokenAsync(RefreshRequest, CancellationToken)' (but other parameters do) [/home/lysander/repos/bannou/Bannou.SDK/Bannou.SDK.csproj::TargetFramework=net9.0]
/home/lysander/repos/bannou/bannou-service/Generated/Clients/AuthClient.cs(102,60): warning CS1573: Parameter 'body' has no matching param tag in the XML comment for 'IAuthClient.LogoutAsync(LogoutRequest?, CancellationToken)' (but other parameters do) [/home/lysander/repos/bannou/Bannou.SDK/Bannou.SDK.csproj::TargetFramework=net9.0]
/home/lysander/repos/bannou/bannou-service/Generated/Clients/AuthClient.cs(118,79): warning CS1573: Parameter 'body' has no matching param tag in the XML comment for 'IAuthClient.TerminateSessionAsync(TerminateSessionRequest, CancellationToken)' (but other parameters do) [/home/lysander/repos/bannou/Bannou.SDK/Bannou.SDK.csproj::TargetFramework=net9.0]
/home/lysander/repos/bannou/bannou-service/Generated/Clients/AuthClient.cs(126,80): warning CS1573: Parameter 'body' has no matching param tag in the XML comment for 'IAuthClient.RequestPasswordResetAsync(PasswordResetRequest, CancellationToken)' (but other parameters do) [/home/lysander/repos/bannou/Bannou.SDK/Bannou.SDK.csproj::TargetFramework=net9.0]
/home/lysander/repos/bannou/bannou-service/Generated/Clients/AuthClient.cs(134,87): warning CS1573: Parameter 'body' has no matching param tag in the XML comment for 'IAuthClient.ConfirmPasswordResetAsync(PasswordResetConfirmRequest, CancellationToken)' (but other parameters do) [/home/lysander/repos/bannou/Bannou.SDK/Bannou.SDK.csproj::TargetFramework=net9.0]
/home/lysander/repos/bannou/bannou-service/Generated/Clients/AuthClient.cs(138,22): warning CS1591: Missing XML comment for publicly visible type or member 'AuthClient' [/home/lysander/repos/bannou/Bannou.SDK/Bannou.SDK.csproj::TargetFramework=net9.0]
/home/lysander/repos/bannou/bannou-service/Generated/Clients/AuthClient.cs(158,12): warning CS1591: Missing XML comment for publicly visible type or member 'AuthClient.AuthClient(IMeshInvocationClient, IServiceAppMappingResolver, ILogger<AuthClient>?)' [/home/lysander/repos/bannou/Bannou.SDK/Bannou.SDK.csproj::TargetFramework=net9.0]
/home/lysander/repos/bannou/bannou-service/Generated/Clients/AuthClient.cs(166,54): warning CS1591: Missing XML comment for publicly visible type or member 'AuthClient.JsonSerializerSettings' [/home/lysander/repos/bannou/Bannou.SDK/Bannou.SDK.csproj::TargetFramework=net9.0]
/home/lysander/repos/bannou/bannou-service/Generated/Clients/AuthClient.cs(266,92): warning CS1573: Parameter 'body' has no matching param tag in the XML comment for 'AuthClient.LoginAsync(LoginRequest, CancellationToken)' (but other parameters do) [/home/lysander/repos/bannou/Bannou.SDK/Bannou.SDK.csproj::TargetFramework=net9.0]
/home/lysander/repos/bannou/bannou-service/Generated/Clients/AuthClient.cs(357,102): warning CS1573: Parameter 'body' has no matching param tag in the XML comment for 'AuthClient.RegisterAsync(RegisterRequest, CancellationToken)' (but other parameters do) [/home/lysander/repos/bannou/Bannou.SDK/Bannou.SDK.csproj::TargetFramework=net9.0]
/home/lysander/repos/bannou/bannou-service/Generated/Clients/AuthClient.cs(454,78): warning CS1573: Parameter 'provider' has no matching param tag in the XML comment for 'AuthClient.InitOAuthAsync(Provider, Uri, string?, CancellationToken)' (but other parameters do) [/home/lysander/repos/bannou/Bannou.SDK/Bannou.SDK.csproj::TargetFramework=net9.0]
/home/lysander/repos/bannou/bannou-service/Generated/Clients/AuthClient.cs(454,99): warning CS1573: Parameter 'redirectUri' has no matching param tag in the XML comment for 'AuthClient.InitOAuthAsync(Provider, Uri, string?, CancellationToken)' (but other parameters do) [/home/lysander/repos/bannou/Bannou.SDK/Bannou.SDK.csproj::TargetFramework=net9.0]
/home/lysander/repos/bannou/bannou-service/Generated/Clients/AuthClient.cs(454,120): warning CS1573: Parameter 'state' has no matching param tag in the XML comment for 'AuthClient.InitOAuthAsync(Provider, Uri, string?, CancellationToken)' (but other parameters do) [/home/lysander/repos/bannou/Bannou.SDK/Bannou.SDK.csproj::TargetFramework=net9.0]
/home/lysander/repos/bannou/bannou-service/Generated/Clients/AuthClient.cs(550,96): warning CS1573: Parameter 'provider' has no matching param tag in the XML comment for 'AuthClient.CompleteOAuthAsync(Provider, OAuthCallbackRequest, CancellationToken)' (but other parameters do) [/home/lysander/repos/bannou/Bannou.SDK/Bannou.SDK.csproj::TargetFramework=net9.0]
/home/lysander/repos/bannou/bannou-service/Generated/Clients/AuthClient.cs(550,127): warning CS1573: Parameter 'body' has no matching param tag in the XML comment for 'AuthClient.CompleteOAuthAsync(Provider, OAuthCallbackRequest, CancellationToken)' (but other parameters do) [/home/lysander/repos/bannou/Bannou.SDK/Bannou.SDK.csproj::TargetFramework=net9.0]
/home/lysander/repos/bannou/bannou-service/Generated/Clients/AuthClient.cs(639,108): warning CS1573: Parameter 'body' has no matching param tag in the XML comment for 'AuthClient.VerifySteamAuthAsync(SteamVerifyRequest, CancellationToken)' (but other parameters do) [/home/lysander/repos/bannou/Bannou.SDK/Bannou.SDK.csproj::TargetFramework=net9.0]
/home/lysander/repos/bannou/bannou-service/Generated/Clients/AuthClient.cs(730,101): warning CS1573: Parameter 'body' has no matching param tag in the XML comment for 'AuthClient.RefreshTokenAsync(RefreshRequest, CancellationToken)' (but other parameters do) [/home/lysander/repos/bannou/Bannou.SDK/Bannou.SDK.csproj::TargetFramework=net9.0]
/home/lysander/repos/bannou/bannou-service/Generated/Clients/AuthClient.cs(894,81): warning CS1573: Parameter 'body' has no matching param tag in the XML comment for 'AuthClient.LogoutAsync(LogoutRequest?, CancellationToken)' (but other parameters do) [/home/lysander/repos/bannou/Bannou.SDK/Bannou.SDK.csproj::TargetFramework=net9.0]
/home/lysander/repos/bannou/bannou-service/Generated/Clients/AuthClient.cs(1037,100): warning CS1573: Parameter 'body' has no matching param tag in the XML comment for 'AuthClient.TerminateSessionAsync(TerminateSessionRequest, CancellationToken)' (but other parameters do) [/home/lysander/repos/bannou/Bannou.SDK/Bannou.SDK.csproj::TargetFramework=net9.0]
/home/lysander/repos/bannou/bannou-service/Generated/Clients/AuthClient.cs(1116,101): warning CS1573: Parameter 'body' has no matching param tag in the XML comment for 'AuthClient.RequestPasswordResetAsync(PasswordResetRequest, CancellationToken)' (but other parameters do) [/home/lysander/repos/bannou/Bannou.SDK/Bannou.SDK.csproj::TargetFramework=net9.0]
/home/lysander/repos/bannou/bannou-service/Generated/Clients/AuthClient.cs(1189,108): warning CS1573: Parameter 'body' has no matching param tag in the XML comment for 'AuthClient.ConfirmPasswordResetAsync(PasswordResetConfirmRequest, CancellationToken)' (but other parameters do) [/home/lysander/repos/bannou/Bannou.SDK/Bannou.SDK.csproj::TargetFramework=net9.0]
/home/lysander/repos/bannou/bannou-service/Generated/Clients/AuthClient.cs(1256,22): warning CS1591: Missing XML comment for publicly visible type or member 'AuthClient.ObjectResponseResult<T>' [/home/lysander/repos/bannou/Bannou.SDK/Bannou.SDK.csproj::TargetFramework=net9.0]
/home/lysander/repos/bannou/bannou-service/Generated/Clients/AuthClient.cs(1258,16): warning CS1591: Missing XML comment for publicly visible type or member 'AuthClient.ObjectResponseResult<T>.ObjectResponseResult(T, string)' [/home/lysander/repos/bannou/Bannou.SDK/Bannou.SDK.csproj::TargetFramework=net9.0]
/home/lysander/repos/bannou/bannou-service/Generated/Clients/AuthClient.cs(1264,18): warning CS1591: Missing XML comment for publicly visible type or member 'AuthClient.ObjectResponseResult<T>.Object' [/home/lysander/repos/bannou/Bannou.SDK/Bannou.SDK.csproj::TargetFramework=net9.0]
/home/lysander/repos/bannou/bannou-service/Generated/Clients/AuthClient.cs(1266,23): warning CS1591: Missing XML comment for publicly visible type or member 'AuthClient.ObjectResponseResult<T>.Text' [/home/lysander/repos/bannou/Bannou.SDK/Bannou.SDK.csproj::TargetFramework=net9.0]
/home/lysander/repos/bannou/bannou-service/Generated/Clients/AuthClient.cs(1289,17): warning CS1591: Missing XML comment for publicly visible type or member 'AuthClient.ReadResponseAsString' [/home/lysander/repos/bannou/Bannou.SDK/Bannou.SDK.csproj::TargetFramework=net9.0]
/home/lysander/repos/bannou/bannou-service/Generated/Clients/AuthClient.cs(1291,86): warning CS1591: Missing XML comment for publicly visible type or member 'AuthClient.ReadObjectResponseAsync<T>(HttpResponseMessage, IReadOnlyDictionary<string, IEnumerable<string>>, CancellationToken)' [/home/lysander/repos/bannou/Bannou.SDK/Bannou.SDK.csproj::TargetFramework=net9.0]
/home/lysander/repos/bannou/bannou-service/Generated/Models/AuthModels.cs(25,5): warning CS1591: Missing XML comment for publicly visible type or member 'Provider.Google' [/home/lysander/repos/bannou/Bannou.SDK/Bannou.SDK.csproj::TargetFramework=net9.0]
/home/lysander/repos/bannou/bannou-service/Generated/Models/AuthModels.cs(28,5): warning CS1591: Missing XML comment for publicly visible type or member 'Provider.Discord' [/home/lysander/repos/bannou/Bannou.SDK/Bannou.SDK.csproj::TargetFramework=net9.0]
/home/lysander/repos/bannou/bannou-service/Generated/Models/AuthModels.cs(31,5): warning CS1591: Missing XML comment for publicly visible type or member 'Provider.Twitch' [/home/lysander/repos/bannou/Bannou.SDK/Bannou.SDK.csproj::TargetFramework=net9.0]
/home/lysander/repos/bannou/bannou-service/Generated/Models/AuthModels.cs(53,68): warning CS1591: Missing XML comment for publicly visible type or member 'InitOAuthResponse.AdditionalProperties' [/home/lysander/repos/bannou/Bannou.SDK/Bannou.SDK.csproj::TargetFramework=net9.0]
/home/lysander/repos/bannou/bannou-service/Generated/Models/AuthModels.cs(79,68): warning CS1591: Missing XML comment for publicly visible type or member 'TerminateSessionRequest.AdditionalProperties' [/home/lysander/repos/bannou/Bannou.SDK/Bannou.SDK.csproj::TargetFramework=net9.0]
/home/lysander/repos/bannou/bannou-service/Generated/Models/AuthModels.cs(88,22): warning CS1591: Missing XML comment for publicly visible type or member 'LoginRequest' [/home/lysander/repos/bannou/Bannou.SDK/Bannou.SDK.csproj::TargetFramework=net9.0]
/home/lysander/repos/bannou/bannou-service/Generated/Models/AuthModels.cs(94,19): warning CS1591: Missing XML comment for publicly visible type or member 'LoginRequest.Email' [/home/lysander/repos/bannou/Bannou.SDK/Bannou.SDK.csproj::TargetFramework=net9.0]
/home/lysander/repos/bannou/bannou-service/Generated/Models/AuthModels.cs(99,19): warning CS1591: Missing XML comment for publicly visible type or member 'LoginRequest.Password' [/home/lysander/repos/bannou/Bannou.SDK/Bannou.SDK.csproj::TargetFramework=net9.0]
/home/lysander/repos/bannou/bannou-service/Generated/Models/AuthModels.cs(102,17): warning CS1591: Missing XML comment for publicly visible type or member 'LoginRequest.RememberMe' [/home/lysander/repos/bannou/Bannou.SDK/Bannou.SDK.csproj::TargetFramework=net9.0]
/home/lysander/repos/bannou/bannou-service/Generated/Models/AuthModels.cs(105,23): warning CS1591: Missing XML comment for publicly visible type or member 'LoginRequest.DeviceInfo' [/home/lysander/repos/bannou/Bannou.SDK/Bannou.SDK.csproj::TargetFramework=net9.0]
/home/lysander/repos/bannou/bannou-service/Generated/Models/AuthModels.cs(110,68): warning CS1591: Missing XML comment for publicly visible type or member 'LoginRequest.AdditionalProperties' [/home/lysander/repos/bannou/Bannou.SDK/Bannou.SDK.csproj::TargetFramework=net9.0]
/home/lysander/repos/bannou/bannou-service/Generated/Models/AuthModels.cs(153,68): warning CS1591: Missing XML comment for publicly visible type or member 'RegisterRequest.AdditionalProperties' [/home/lysander/repos/bannou/Bannou.SDK/Bannou.SDK.csproj::TargetFramework=net9.0]
/home/lysander/repos/bannou/bannou-service/Generated/Models/AuthModels.cs(193,68): warning CS1591: Missing XML comment for publicly visible type or member 'RegisterResponse.AdditionalProperties' [/home/lysander/repos/bannou/Bannou.SDK/Bannou.SDK.csproj::TargetFramework=net9.0]
/home/lysander/repos/bannou/bannou-service/Generated/Models/AuthModels.cs(225,68): warning CS1591: Missing XML comment for publicly visible type or member 'LoginResponse.AdditionalProperties' [/home/lysander/repos/bannou/Bannou.SDK/Bannou.SDK.csproj::TargetFramework=net9.0]
/home/lysander/repos/bannou/bannou-service/Generated/Models/AuthModels.cs(234,22): warning CS1591: Missing XML comment for publicly visible type or member 'AuthResponse' [/home/lysander/repos/bannou/Bannou.SDK/Bannou.SDK.csproj::TargetFramework=net9.0]
/home/lysander/repos/bannou/bannou-service/Generated/Models/AuthModels.cs(240,24): warning CS1591: Missing XML comment for publicly visible type or member 'AuthResponse.AccountId' [/home/lysander/repos/bannou/Bannou.SDK/Bannou.SDK.csproj::TargetFramework=net9.0]
/home/lysander/repos/bannou/bannou-service/Generated/Models/AuthModels.cs(245,19): warning CS1591: Missing XML comment for publicly visible type or member 'AuthResponse.AccessToken' [/home/lysander/repos/bannou/Bannou.SDK/Bannou.SDK.csproj::TargetFramework=net9.0]
/home/lysander/repos/bannou/bannou-service/Generated/Models/AuthModels.cs(250,19): warning CS1591: Missing XML comment for publicly visible type or member 'AuthResponse.RefreshToken' [/home/lysander/repos/bannou/Bannou.SDK/Bannou.SDK.csproj::TargetFramework=net9.0]
/home/lysander/repos/bannou/bannou-service/Generated/Models/AuthModels.cs(267,59): warning CS1591: Missing XML comment for publicly visible type or member 'AuthResponse.Roles' [/home/lysander/repos/bannou/Bannou.SDK/Bannou.SDK.csproj::TargetFramework=net9.0]
/home/lysander/repos/bannou/bannou-service/Generated/Models/AuthModels.cs(270,17): warning CS1591: Missing XML comment for publicly visible type or member 'AuthResponse.RequiresTwoFactor' [/home/lysander/repos/bannou/Bannou.SDK/Bannou.SDK.csproj::TargetFramework=net9.0]
/home/lysander/repos/bannou/bannou-service/Generated/Models/AuthModels.cs(275,68): warning CS1591: Missing XML comment for publicly visible type or member 'AuthResponse.AdditionalProperties' [/home/lysander/repos/bannou/Bannou.SDK/Bannou.SDK.csproj::TargetFramework=net9.0]
/home/lysander/repos/bannou/bannou-service/Generated/Models/AuthModels.cs(284,22): warning CS1591: Missing XML comment for publicly visible type or member 'OAuthCallbackRequest' [/home/lysander/repos/bannou/Bannou.SDK/Bannou.SDK.csproj::TargetFramework=net9.0]
/home/lysander/repos/bannou/bannou-service/Generated/Models/AuthModels.cs(290,19): warning CS1591: Missing XML comment for publicly visible type or member 'OAuthCallbackRequest.Code' [/home/lysander/repos/bannou/Bannou.SDK/Bannou.SDK.csproj::TargetFramework=net9.0]
/home/lysander/repos/bannou/bannou-service/Generated/Models/AuthModels.cs(293,20): warning CS1591: Missing XML comment for publicly visible type or member 'OAuthCallbackRequest.State' [/home/lysander/repos/bannou/Bannou.SDK/Bannou.SDK.csproj::TargetFramework=net9.0]
/home/lysander/repos/bannou/bannou-service/Generated/Models/AuthModels.cs(296,23): warning CS1591: Missing XML comment for publicly visible type or member 'OAuthCallbackRequest.DeviceInfo' [/home/lysander/repos/bannou/Bannou.SDK/Bannou.SDK.csproj::TargetFramework=net9.0]
/home/lysander/repos/bannou/bannou-service/Generated/Models/AuthModels.cs(301,68): warning CS1591: Missing XML comment for publicly visible type or member 'OAuthCallbackRequest.AdditionalProperties' [/home/lysander/repos/bannou/Bannou.SDK/Bannou.SDK.csproj::TargetFramework=net9.0]
/home/lysander/repos/bannou/bannou-service/Generated/Models/AuthModels.cs(330,23): warning CS1591: Missing XML comment for publicly visible type or member 'SteamVerifyRequest.DeviceInfo' [/home/lysander/repos/bannou/Bannou.SDK/Bannou.SDK.csproj::TargetFramework=net9.0]
/home/lysander/repos/bannou/bannou-service/Generated/Models/AuthModels.cs(335,68): warning CS1591: Missing XML comment for publicly visible type or member 'SteamVerifyRequest.AdditionalProperties' [/home/lysander/repos/bannou/Bannou.SDK/Bannou.SDK.csproj::TargetFramework=net9.0]
/home/lysander/repos/bannou/bannou-service/Generated/Models/AuthModels.cs(344,22): warning CS1591: Missing XML comment for publicly visible type or member 'RefreshRequest' [/home/lysander/repos/bannou/Bannou.SDK/Bannou.SDK.csproj::TargetFramework=net9.0]
/home/lysander/repos/bannou/bannou-service/Generated/Models/AuthModels.cs(350,19): warning CS1591: Missing XML comment for publicly visible type or member 'RefreshRequest.RefreshToken' [/home/lysander/repos/bannou/Bannou.SDK/Bannou.SDK.csproj::TargetFramework=net9.0]
/home/lysander/repos/bannou/bannou-service/Generated/Models/AuthModels.cs(355,68): warning CS1591: Missing XML comment for publicly visible type or member 'RefreshRequest.AdditionalProperties' [/home/lysander/repos/bannou/Bannou.SDK/Bannou.SDK.csproj::TargetFramework=net9.0]
/home/lysander/repos/bannou/bannou-service/Generated/Models/AuthModels.cs(364,22): warning CS1591: Missing XML comment for publicly visible type or member 'ValidateTokenResponse' [/home/lysander/repos/bannou/Bannou.SDK/Bannou.SDK.csproj::TargetFramework=net9.0]
/home/lysander/repos/bannou/bannou-service/Generated/Models/AuthModels.cs(368,17): warning CS1591: Missing XML comment for publicly visible type or member 'ValidateTokenResponse.Valid' [/home/lysander/repos/bannou/Bannou.SDK/Bannou.SDK.csproj::TargetFramework=net9.0]
/home/lysander/repos/bannou/bannou-service/Generated/Models/AuthModels.cs(373,24): warning CS1591: Missing XML comment for publicly visible type or member 'ValidateTokenResponse.AccountId' [/home/lysander/repos/bannou/Bannou.SDK/Bannou.SDK.csproj::TargetFramework=net9.0]
/home/lysander/repos/bannou/bannou-service/Generated/Models/AuthModels.cs(384,59): warning CS1591: Missing XML comment for publicly visible type or member 'ValidateTokenResponse.Roles' [/home/lysander/repos/bannou/Bannou.SDK/Bannou.SDK.csproj::TargetFramework=net9.0]
/home/lysander/repos/bannou/bannou-service/Generated/Models/AuthModels.cs(403,68): warning CS1591: Missing XML comment for publicly visible type or member 'ValidateTokenResponse.AdditionalProperties' [/home/lysander/repos/bannou/Bannou.SDK/Bannou.SDK.csproj::TargetFramework=net9.0]
/home/lysander/repos/bannou/bannou-service/Generated/Models/AuthModels.cs(412,22): warning CS1591: Missing XML comment for publicly visible type or member 'LogoutRequest' [/home/lysander/repos/bannou/Bannou.SDK/Bannou.SDK.csproj::TargetFramework=net9.0]
/home/lysander/repos/bannou/bannou-service/Generated/Models/AuthModels.cs(424,68): warning CS1591: Missing XML comment for publicly visible type or member 'LogoutRequest.AdditionalProperties' [/home/lysander/repos/bannou/Bannou.SDK/Bannou.SDK.csproj::TargetFramework=net9.0]
/home/lysander/repos/bannou/bannou-service/Generated/Models/AuthModels.cs(433,22): warning CS1591: Missing XML comment for publicly visible type or member 'SessionsResponse' [/home/lysander/repos/bannou/Bannou.SDK/Bannou.SDK.csproj::TargetFramework=net9.0]
/home/lysander/repos/bannou/bannou-service/Generated/Models/AuthModels.cs(439,64): warning CS1591: Missing XML comment for publicly visible type or member 'SessionsResponse.Sessions' [/home/lysander/repos/bannou/Bannou.SDK/Bannou.SDK.csproj::TargetFramework=net9.0]
/home/lysander/repos/bannou/bannou-service/Generated/Models/AuthModels.cs(444,68): warning CS1591: Missing XML comment for publicly visible type or member 'SessionsResponse.AdditionalProperties' [/home/lysander/repos/bannou/Bannou.SDK/Bannou.SDK.csproj::TargetFramework=net9.0]
/home/lysander/repos/bannou/bannou-service/Generated/Models/AuthModels.cs(453,22): warning CS1591: Missing XML comment for publicly visible type or member 'SessionInfo' [/home/lysander/repos/bannou/Bannou.SDK/Bannou.SDK.csproj::TargetFramework=net9.0]
/home/lysander/repos/bannou/bannou-service/Generated/Models/AuthModels.cs(459,24): warning CS1591: Missing XML comment for publicly visible type or member 'SessionInfo.SessionId' [/home/lysander/repos/bannou/Bannou.SDK/Bannou.SDK.csproj::TargetFramework=net9.0]
/home/lysander/repos/bannou/bannou-service/Generated/Models/AuthModels.cs(462,23): warning CS1591: Missing XML comment for publicly visible type or member 'SessionInfo.DeviceInfo' [/home/lysander/repos/bannou/Bannou.SDK/Bannou.SDK.csproj::TargetFramework=net9.0]
/home/lysander/repos/bannou/bannou-service/Generated/Models/AuthModels.cs(467,34): warning CS1591: Missing XML comment for publicly visible type or member 'SessionInfo.CreatedAt' [/home/lysander/repos/bannou/Bannou.SDK/Bannou.SDK.csproj::TargetFramework=net9.0]
/home/lysander/repos/bannou/bannou-service/Generated/Models/AuthModels.cs(472,34): warning CS1591: Missing XML comment for publicly visible type or member 'SessionInfo.LastActive' [/home/lysander/repos/bannou/Bannou.SDK/Bannou.SDK.csproj::TargetFramework=net9.0]
/home/lysander/repos/bannou/bannou-service/Generated/Models/AuthModels.cs(475,19): warning CS1591: Missing XML comment for publicly visible type or member 'SessionInfo.IpAddress' [/home/lysander/repos/bannou/Bannou.SDK/Bannou.SDK.csproj::TargetFramework=net9.0]
/home/lysander/repos/bannou/bannou-service/Generated/Models/AuthModels.cs(478,20): warning CS1591: Missing XML comment for publicly visible type or member 'SessionInfo.Location' [/home/lysander/repos/bannou/Bannou.SDK/Bannou.SDK.csproj::TargetFramework=net9.0]
/home/lysander/repos/bannou/bannou-service/Generated/Models/AuthModels.cs(483,68): warning CS1591: Missing XML comment for publicly visible type or member 'SessionInfo.AdditionalProperties' [/home/lysander/repos/bannou/Bannou.SDK/Bannou.SDK.csproj::TargetFramework=net9.0]
/home/lysander/repos/bannou/bannou-service/Generated/Models/AuthModels.cs(492,22): warning CS1591: Missing XML comment for publicly visible type or member 'DeviceInfo' [/home/lysander/repos/bannou/Bannou.SDK/Bannou.SDK.csproj::TargetFramework=net9.0]
/home/lysander/repos/bannou/bannou-service/Generated/Models/AuthModels.cs(497,33): warning CS1591: Missing XML comment for publicly visible type or member 'DeviceInfo.DeviceType' [/home/lysander/repos/bannou/Bannou.SDK/Bannou.SDK.csproj::TargetFramework=net9.0]
/home/lysander/repos/bannou/bannou-service/Generated/Models/AuthModels.cs(500,19): warning CS1591: Missing XML comment for publicly visible type or member 'DeviceInfo.Platform' [/home/lysander/repos/bannou/Bannou.SDK/Bannou.SDK.csproj::TargetFramework=net9.0]
/home/lysander/repos/bannou/bannou-service/Generated/Models/AuthModels.cs(503,20): warning CS1591: Missing XML comment for publicly visible type or member 'DeviceInfo.Browser' [/home/lysander/repos/bannou/Bannou.SDK/Bannou.SDK.csproj::TargetFramework=net9.0]
/home/lysander/repos/bannou/bannou-service/Generated/Models/AuthModels.cs(506,20): warning CS1591: Missing XML comment for publicly visible type or member 'DeviceInfo.AppVersion' [/home/lysander/repos/bannou/Bannou.SDK/Bannou.SDK.csproj::TargetFramework=net9.0]
/home/lysander/repos/bannou/bannou-service/Generated/Models/AuthModels.cs(511,68): warning CS1591: Missing XML comment for publicly visible type or member 'DeviceInfo.AdditionalProperties' [/home/lysander/repos/bannou/Bannou.SDK/Bannou.SDK.csproj::TargetFramework=net9.0]
/home/lysander/repos/bannou/bannou-service/Generated/Models/AuthModels.cs(520,22): warning CS1591: Missing XML comment for publicly visible type or member 'PasswordResetRequest' [/home/lysander/repos/bannou/Bannou.SDK/Bannou.SDK.csproj::TargetFramework=net9.0]
/home/lysander/repos/bannou/bannou-service/Generated/Models/AuthModels.cs(526,19): warning CS1591: Missing XML comment for publicly visible type or member 'PasswordResetRequest.Email' [/home/lysander/repos/bannou/Bannou.SDK/Bannou.SDK.csproj::TargetFramework=net9.0]
/home/lysander/repos/bannou/bannou-service/Generated/Models/AuthModels.cs(531,68): warning CS1591: Missing XML comment for publicly visible type or member 'PasswordResetRequest.AdditionalProperties' [/home/lysander/repos/bannou/Bannou.SDK/Bannou.SDK.csproj::TargetFramework=net9.0]
/home/lysander/repos/bannou/bannou-service/Generated/Models/AuthModels.cs(540,22): warning CS1591: Missing XML comment for publicly visible type or member 'PasswordResetConfirmRequest' [/home/lysander/repos/bannou/Bannou.SDK/Bannou.SDK.csproj::TargetFramework=net9.0]
/home/lysander/repos/bannou/bannou-service/Generated/Models/AuthModels.cs(546,19): warning CS1591: Missing XML comment for publicly visible type or member 'PasswordResetConfirmRequest.Token' [/home/lysander/repos/bannou/Bannou.SDK/Bannou.SDK.csproj::TargetFramework=net9.0]
/home/lysander/repos/bannou/bannou-service/Generated/Models/AuthModels.cs(552,19): warning CS1591: Missing XML comment for publicly visible type or member 'PasswordResetConfirmRequest.NewPassword' [/home/lysander/repos/bannou/Bannou.SDK/Bannou.SDK.csproj::TargetFramework=net9.0]
/home/lysander/repos/bannou/bannou-service/Generated/Models/AuthModels.cs(557,68): warning CS1591: Missing XML comment for publicly visible type or member 'PasswordResetConfirmRequest.AdditionalProperties' [/home/lysander/repos/bannou/Bannou.SDK/Bannou.SDK.csproj::TargetFramework=net9.0]
/home/lysander/repos/bannou/bannou-service/Generated/Models/AuthModels.cs(575,62): warning CS1591: Missing XML comment for publicly visible type or member 'OAuthProvidersResponse.Providers' [/home/lysander/repos/bannou/Bannou.SDK/Bannou.SDK.csproj::TargetFramework=net9.0]
/home/lysander/repos/bannou/bannou-service/Generated/Models/AuthModels.cs(580,68): warning CS1591: Missing XML comment for publicly visible type or member 'OAuthProvidersResponse.AdditionalProperties' [/home/lysander/repos/bannou/Bannou.SDK/Bannou.SDK.csproj::TargetFramework=net9.0]
/home/lysander/repos/bannou/bannou-service/Generated/Models/AuthModels.cs(610,68): warning CS1591: Missing XML comment for publicly visible type or member 'RoutingPreferenceResponse.AdditionalProperties' [/home/lysander/repos/bannou/Bannou.SDK/Bannou.SDK.csproj::TargetFramework=net9.0]
/home/lysander/repos/bannou/bannou-service/Generated/Models/AuthModels.cs(619,13): warning CS1591: Missing XML comment for publicly visible type or member 'DeviceInfoDeviceType' [/home/lysander/repos/bannou/Bannou.SDK/Bannou.SDK.csproj::TargetFramework=net9.0]
/home/lysander/repos/bannou/bannou-service/Generated/Models/AuthModels.cs(623,5): warning CS1591: Missing XML comment for publicly visible type or member 'DeviceInfoDeviceType.Desktop' [/home/lysander/repos/bannou/Bannou.SDK/Bannou.SDK.csproj::TargetFramework=net9.0]
/home/lysander/repos/bannou/bannou-service/Generated/Models/AuthModels.cs(626,5): warning CS1591: Missing XML comment for publicly visible type or member 'DeviceInfoDeviceType.Mobile' [/home/lysander/repos/bannou/Bannou.SDK/Bannou.SDK.csproj::TargetFramework=net9.0]
/home/lysander/repos/bannou/bannou-service/Generated/Models/AuthModels.cs(629,5): warning CS1591: Missing XML comment for publicly visible type or member 'DeviceInfoDeviceType.Tablet' [/home/lysander/repos/bannou/Bannou.SDK/Bannou.SDK.csproj::TargetFramework=net9.0]
/home/lysander/repos/bannou/bannou-service/Generated/Models/AuthModels.cs(632,5): warning CS1591: Missing XML comment for publicly visible type or member 'DeviceInfoDeviceType.Console' [/home/lysander/repos/bannou/Bannou.SDK/Bannou.SDK.csproj::TargetFramework=net9.0]
/home/lysander/repos/bannou/bannou-service/Generated/Models/AuthModels.cs(637,22): warning CS1591: Missing XML comment for publicly visible type or member 'Providers' [/home/lysander/repos/bannou/Bannou.SDK/Bannou.SDK.csproj::TargetFramework=net9.0]
/home/lysander/repos/bannou/bannou-service/Generated/Models/AuthModels.cs(641,19): warning CS1591: Missing XML comment for publicly visible type or member 'Providers.Name' [/home/lysander/repos/bannou/Bannou.SDK/Bannou.SDK.csproj::TargetFramework=net9.0]
/home/lysander/repos/bannou/bannou-service/Generated/Models/AuthModels.cs(644,19): warning CS1591: Missing XML comment for publicly visible type or member 'Providers.DisplayName' [/home/lysander/repos/bannou/Bannou.SDK/Bannou.SDK.csproj::TargetFramework=net9.0]
/home/lysander/repos/bannou/bannou-service/Generated/Models/AuthModels.cs(647,23): warning CS1591: Missing XML comment for publicly visible type or member 'Providers.AuthUrl' [/home/lysander/repos/bannou/Bannou.SDK/Bannou.SDK.csproj::TargetFramework=net9.0]
/home/lysander/repos/bannou/bannou-service/Generated/Models/AuthModels.cs(652,68): warning CS1591: Missing XML comment for publicly visible type or member 'Providers.AdditionalProperties' [/home/lysander/repos/bannou/Bannou.SDK/Bannou.SDK.csproj::TargetFramework=net9.0]
/home/lysander/repos/bannou/bannou-service/Generated/Clients/CharacterClient.cs(19,26): warning CS1591: Missing XML comment for publicly visible type or member 'ICharacterClient' [/home/lysander/repos/bannou/Bannou.SDK/Bannou.SDK.csproj::TargetFramework=net9.0]
/home/lysander/repos/bannou/bannou-service/Generated/Clients/CharacterClient.cs(28,96): warning CS1573: Parameter 'body' has no matching param tag in the XML comment for 'ICharacterClient.CreateCharacterAsync(CreateCharacterRequest, CancellationToken)' (but other parameters do) [/home/lysander/repos/bannou/Bannou.SDK/Bannou.SDK.csproj::TargetFramework=net9.0]
/home/lysander/repos/bannou/bannou-service/Generated/Clients/CharacterClient.cs(36,90): warning CS1573: Parameter 'body' has no matching param tag in the XML comment for 'ICharacterClient.GetCharacterAsync(GetCharacterRequest, CancellationToken)' (but other parameters do) [/home/lysander/repos/bannou/Bannou.SDK/Bannou.SDK.csproj::TargetFramework=net9.0]
/home/lysander/repos/bannou/bannou-service/Generated/Clients/CharacterClient.cs(44,96): warning CS1573: Parameter 'body' has no matching param tag in the XML comment for 'ICharacterClient.UpdateCharacterAsync(UpdateCharacterRequest, CancellationToken)' (but other parameters do) [/home/lysander/repos/bannou/Bannou.SDK/Bannou.SDK.csproj::TargetFramework=net9.0]
/home/lysander/repos/bannou/bannou-service/Generated/Clients/CharacterClient.cs(52,77): warning CS1573: Parameter 'body' has no matching param tag in the XML comment for 'ICharacterClient.DeleteCharacterAsync(DeleteCharacterRequest, CancellationToken)' (but other parameters do) [/home/lysander/repos/bannou/Bannou.SDK/Bannou.SDK.csproj::TargetFramework=net9.0]
/home/lysander/repos/bannou/bannou-service/Generated/Clients/CharacterClient.cs(60,98): warning CS1573: Parameter 'body' has no matching param tag in the XML comment for 'ICharacterClient.ListCharactersAsync(ListCharactersRequest, CancellationToken)' (but other parameters do) [/home/lysander/repos/bannou/Bannou.SDK/Bannou.SDK.csproj::TargetFramework=net9.0]
/home/lysander/repos/bannou/bannou-service/Generated/Clients/CharacterClient.cs(68,110): warning CS1573: Parameter 'body' has no matching param tag in the XML comment for 'ICharacterClient.GetCharactersByRealmAsync(GetCharactersByRealmRequest, CancellationToken)' (but other parameters do) [/home/lysander/repos/bannou/Bannou.SDK/Bannou.SDK.csproj::TargetFramework=net9.0]
/home/lysander/repos/bannou/bannou-service/Generated/Clients/CharacterClient.cs(72,22): warning CS1591: Missing XML comment for publicly visible type or member 'CharacterClient' [/home/lysander/repos/bannou/Bannou.SDK/Bannou.SDK.csproj::TargetFramework=net9.0]
/home/lysander/repos/bannou/bannou-service/Generated/Clients/CharacterClient.cs(92,12): warning CS1591: Missing XML comment for publicly visible type or member 'CharacterClient.CharacterClient(IMeshInvocationClient, IServiceAppMappingResolver, ILogger<CharacterClient>?)' [/home/lysander/repos/bannou/Bannou.SDK/Bannou.SDK.csproj::TargetFramework=net9.0]
/home/lysander/repos/bannou/bannou-service/Generated/Clients/CharacterClient.cs(100,54): warning CS1591: Missing XML comment for publicly visible type or member 'CharacterClient.JsonSerializerSettings' [/home/lysander/repos/bannou/Bannou.SDK/Bannou.SDK.csproj::TargetFramework=net9.0]
/home/lysander/repos/bannou/bannou-service/Generated/Clients/CharacterClient.cs(200,117): warning CS1573: Parameter 'body' has no matching param tag in the XML comment for 'CharacterClient.CreateCharacterAsync(CreateCharacterRequest, CancellationToken)' (but other parameters do) [/home/lysander/repos/bannou/Bannou.SDK/Bannou.SDK.csproj::TargetFramework=net9.0]
/home/lysander/repos/bannou/bannou-service/Generated/Clients/CharacterClient.cs(291,111): warning CS1573: Parameter 'body' has no matching param tag in the XML comment for 'CharacterClient.GetCharacterAsync(GetCharacterRequest, CancellationToken)' (but other parameters do) [/home/lysander/repos/bannou/Bannou.SDK/Bannou.SDK.csproj::TargetFramework=net9.0]
/home/lysander/repos/bannou/bannou-service/Generated/Clients/CharacterClient.cs(376,117): warning CS1573: Parameter 'body' has no matching param tag in the XML comment for 'CharacterClient.UpdateCharacterAsync(UpdateCharacterRequest, CancellationToken)' (but other parameters do) [/home/lysander/repos/bannou/Bannou.SDK/Bannou.SDK.csproj::TargetFramework=net9.0]
/home/lysander/repos/bannou/bannou-service/Generated/Clients/CharacterClient.cs(467,98): warning CS1573: Parameter 'body' has no matching param tag in the XML comment for 'CharacterClient.DeleteCharacterAsync(DeleteCharacterRequest, CancellationToken)' (but other parameters do) [/home/lysander/repos/bannou/Bannou.SDK/Bannou.SDK.csproj::TargetFramework=net9.0]
/home/lysander/repos/bannou/bannou-service/Generated/Clients/CharacterClient.cs(546,119): warning CS1573: Parameter 'body' has no matching param tag in the XML comment for 'CharacterClient.ListCharactersAsync(ListCharactersRequest, CancellationToken)' (but other parameters do) [/home/lysander/repos/bannou/Bannou.SDK/Bannou.SDK.csproj::TargetFramework=net9.0]
/home/lysander/repos/bannou/bannou-service/Generated/Clients/CharacterClient.cs(625,131): warning CS1573: Parameter 'body' has no matching param tag in the XML comment for 'CharacterClient.GetCharactersByRealmAsync(GetCharactersByRealmRequest, CancellationToken)' (but other parameters do) [/home/lysander/repos/bannou/Bannou.SDK/Bannou.SDK.csproj::TargetFramework=net9.0]
/home/lysander/repos/bannou/bannou-service/Generated/Clients/CharacterClient.cs(698,22): warning CS1591: Missing XML comment for publicly visible type or member 'CharacterClient.ObjectResponseResult<T>' [/home/lysander/repos/bannou/Bannou.SDK/Bannou.SDK.csproj::TargetFramework=net9.0]
/home/lysander/repos/bannou/bannou-service/Generated/Clients/CharacterClient.cs(700,16): warning CS1591: Missing XML comment for publicly visible type or member 'CharacterClient.ObjectResponseResult<T>.ObjectResponseResult(T, string)' [/home/lysander/repos/bannou/Bannou.SDK/Bannou.SDK.csproj::TargetFramework=net9.0]
/home/lysander/repos/bannou/bannou-service/Generated/Clients/CharacterClient.cs(706,18): warning CS1591: Missing XML comment for publicly visible type or member 'CharacterClient.ObjectResponseResult<T>.Object' [/home/lysander/repos/bannou/Bannou.SDK/Bannou.SDK.csproj::TargetFramework=net9.0]
/home/lysander/repos/bannou/bannou-service/Generated/Clients/CharacterClient.cs(708,23): warning CS1591: Missing XML comment for publicly visible type or member 'CharacterClient.ObjectResponseResult<T>.Text' [/home/lysander/repos/bannou/Bannou.SDK/Bannou.SDK.csproj::TargetFramework=net9.0]
/home/lysander/repos/bannou/bannou-service/Generated/Clients/CharacterClient.cs(731,17): warning CS1591: Missing XML comment for publicly visible type or member 'CharacterClient.ReadResponseAsString' [/home/lysander/repos/bannou/Bannou.SDK/Bannou.SDK.csproj::TargetFramework=net9.0]
/home/lysander/repos/bannou/bannou-service/Generated/Clients/CharacterClient.cs(733,86): warning CS1591: Missing XML comment for publicly visible type or member 'CharacterClient.ReadObjectResponseAsync<T>(HttpResponseMessage, IReadOnlyDictionary<string, IEnumerable<string>>, CancellationToken)' [/home/lysander/repos/bannou/Bannou.SDK/Bannou.SDK.csproj::TargetFramework=net9.0]
/home/lysander/repos/bannou/bannou-service/Generated/Models/CharacterModels.cs(25,5): warning CS1591: Missing XML comment for publicly visible type or member 'CharacterStatus.Alive' [/home/lysander/repos/bannou/Bannou.SDK/Bannou.SDK.csproj::TargetFramework=net9.0]
/home/lysander/repos/bannou/bannou-service/Generated/Models/CharacterModels.cs(28,5): warning CS1591: Missing XML comment for publicly visible type or member 'CharacterStatus.Dead' [/home/lysander/repos/bannou/Bannou.SDK/Bannou.SDK.csproj::TargetFramework=net9.0]
/home/lysander/repos/bannou/bannou-service/Generated/Models/CharacterModels.cs(31,5): warning CS1591: Missing XML comment for publicly visible type or member 'CharacterStatus.Dormant' [/home/lysander/repos/bannou/Bannou.SDK/Bannou.SDK.csproj::TargetFramework=net9.0]
/home/lysander/repos/bannou/bannou-service/Generated/Models/CharacterModels.cs(36,22): warning CS1591: Missing XML comment for publicly visible type or member 'CreateCharacterRequest' [/home/lysander/repos/bannou/Bannou.SDK/Bannou.SDK.csproj::TargetFramework=net9.0]
/home/lysander/repos/bannou/bannou-service/Generated/Models/CharacterModels.cs(74,28): warning CS1591: Missing XML comment for publicly visible type or member 'CreateCharacterRequest.Status' [/home/lysander/repos/bannou/Bannou.SDK/Bannou.SDK.csproj::TargetFramework=net9.0]
/home/lysander/repos/bannou/bannou-service/Generated/Models/CharacterModels.cs(79,68): warning CS1591: Missing XML comment for publicly visible type or member 'CreateCharacterRequest.AdditionalProperties' [/home/lysander/repos/bannou/Bannou.SDK/Bannou.SDK.csproj::TargetFramework=net9.0]
/home/lysander/repos/bannou/bannou-service/Generated/Models/CharacterModels.cs(88,22): warning CS1591: Missing XML comment for publicly visible type or member 'GetCharacterRequest' [/home/lysander/repos/bannou/Bannou.SDK/Bannou.SDK.csproj::TargetFramework=net9.0]
/home/lysander/repos/bannou/bannou-service/Generated/Models/CharacterModels.cs(102,68): warning CS1591: Missing XML comment for publicly visible type or member 'GetCharacterRequest.AdditionalProperties' [/home/lysander/repos/bannou/Bannou.SDK/Bannou.SDK.csproj::TargetFramework=net9.0]
/home/lysander/repos/bannou/bannou-service/Generated/Models/CharacterModels.cs(111,22): warning CS1591: Missing XML comment for publicly visible type or member 'UpdateCharacterRequest' [/home/lysander/repos/bannou/Bannou.SDK/Bannou.SDK.csproj::TargetFramework=net9.0]
/home/lysander/repos/bannou/bannou-service/Generated/Models/CharacterModels.cs(124,20): warning CS1591: Missing XML comment for publicly visible type or member 'UpdateCharacterRequest.Name' [/home/lysander/repos/bannou/Bannou.SDK/Bannou.SDK.csproj::TargetFramework=net9.0]
/home/lysander/repos/bannou/bannou-service/Generated/Models/CharacterModels.cs(134,29): warning CS1591: Missing XML comment for publicly visible type or member 'UpdateCharacterRequest.Status' [/home/lysander/repos/bannou/Bannou.SDK/Bannou.SDK.csproj::TargetFramework=net9.0]
/home/lysander/repos/bannou/bannou-service/Generated/Models/CharacterModels.cs(145,68): warning CS1591: Missing XML comment for publicly visible type or member 'UpdateCharacterRequest.AdditionalProperties' [/home/lysander/repos/bannou/Bannou.SDK/Bannou.SDK.csproj::TargetFramework=net9.0]
/home/lysander/repos/bannou/bannou-service/Generated/Models/CharacterModels.cs(154,22): warning CS1591: Missing XML comment for publicly visible type or member 'DeleteCharacterRequest' [/home/lysander/repos/bannou/Bannou.SDK/Bannou.SDK.csproj::TargetFramework=net9.0]
/home/lysander/repos/bannou/bannou-service/Generated/Models/CharacterModels.cs(168,68): warning CS1591: Missing XML comment for publicly visible type or member 'DeleteCharacterRequest.AdditionalProperties' [/home/lysander/repos/bannou/Bannou.SDK/Bannou.SDK.csproj::TargetFramework=net9.0]
/home/lysander/repos/bannou/bannou-service/Generated/Models/CharacterModels.cs(177,22): warning CS1591: Missing XML comment for publicly visible type or member 'ListCharactersRequest' [/home/lysander/repos/bannou/Bannou.SDK/Bannou.SDK.csproj::TargetFramework=net9.0]
/home/lysander/repos/bannou/bannou-service/Generated/Models/CharacterModels.cs(201,16): warning CS1591: Missing XML comment for publicly visible type or member 'ListCharactersRequest.Page' [/home/lysander/repos/bannou/Bannou.SDK/Bannou.SDK.csproj::TargetFramework=net9.0]
/home/lysander/repos/bannou/bannou-service/Generated/Models/CharacterModels.cs(205,16): warning CS1591: Missing XML comment for publicly visible type or member 'ListCharactersRequest.PageSize' [/home/lysander/repos/bannou/Bannou.SDK/Bannou.SDK.csproj::TargetFramework=net9.0]
/home/lysander/repos/bannou/bannou-service/Generated/Models/CharacterModels.cs(210,68): warning CS1591: Missing XML comment for publicly visible type or member 'ListCharactersRequest.AdditionalProperties' [/home/lysander/repos/bannou/Bannou.SDK/Bannou.SDK.csproj::TargetFramework=net9.0]
/home/lysander/repos/bannou/bannou-service/Generated/Models/CharacterModels.cs(219,22): warning CS1591: Missing XML comment for publicly visible type or member 'GetCharactersByRealmRequest' [/home/lysander/repos/bannou/Bannou.SDK/Bannou.SDK.csproj::TargetFramework=net9.0]
/home/lysander/repos/bannou/bannou-service/Generated/Models/CharacterModels.cs(245,16): warning CS1591: Missing XML comment for publicly visible type or member 'GetCharactersByRealmRequest.Page' [/home/lysander/repos/bannou/Bannou.SDK/Bannou.SDK.csproj::TargetFramework=net9.0]
/home/lysander/repos/bannou/bannou-service/Generated/Models/CharacterModels.cs(249,16): warning CS1591: Missing XML comment for publicly visible type or member 'GetCharactersByRealmRequest.PageSize' [/home/lysander/repos/bannou/Bannou.SDK/Bannou.SDK.csproj::TargetFramework=net9.0]
/home/lysander/repos/bannou/bannou-service/Generated/Models/CharacterModels.cs(254,68): warning CS1591: Missing XML comment for publicly visible type or member 'GetCharactersByRealmRequest.AdditionalProperties' [/home/lysander/repos/bannou/Bannou.SDK/Bannou.SDK.csproj::TargetFramework=net9.0]
/home/lysander/repos/bannou/bannou-service/Generated/Models/CharacterModels.cs(263,22): warning CS1591: Missing XML comment for publicly visible type or member 'CharacterResponse' [/home/lysander/repos/bannou/Bannou.SDK/Bannou.SDK.csproj::TargetFramework=net9.0]
/home/lysander/repos/bannou/bannou-service/Generated/Models/CharacterModels.cs(269,24): warning CS1591: Missing XML comment for publicly visible type or member 'CharacterResponse.CharacterId' [/home/lysander/repos/bannou/Bannou.SDK/Bannou.SDK.csproj::TargetFramework=net9.0]
/home/lysander/repos/bannou/bannou-service/Generated/Models/CharacterModels.cs(274,19): warning CS1591: Missing XML comment for publicly visible type or member 'CharacterResponse.Name' [/home/lysander/repos/bannou/Bannou.SDK/Bannou.SDK.csproj::TargetFramework=net9.0]
/home/lysander/repos/bannou/bannou-service/Generated/Models/CharacterModels.cs(287,24): warning CS1591: Missing XML comment for publicly visible type or member 'CharacterResponse.SpeciesId' [/home/lysander/repos/bannou/Bannou.SDK/Bannou.SDK.csproj::TargetFramework=net9.0]
/home/lysander/repos/bannou/bannou-service/Generated/Models/CharacterModels.cs(307,28): warning CS1591: Missing XML comment for publicly visible type or member 'CharacterResponse.Status' [/home/lysander/repos/bannou/Bannou.SDK/Bannou.SDK.csproj::TargetFramework=net9.0]
/home/lysander/repos/bannou/bannou-service/Generated/Models/CharacterModels.cs(326,68): warning CS1591: Missing XML comment for publicly visible type or member 'CharacterResponse.AdditionalProperties' [/home/lysander/repos/bannou/Bannou.SDK/Bannou.SDK.csproj::TargetFramework=net9.0]
/home/lysander/repos/bannou/bannou-service/Generated/Models/CharacterModels.cs(335,22): warning CS1591: Missing XML comment for publicly visible type or member 'CharacterListResponse' [/home/lysander/repos/bannou/Bannou.SDK/Bannou.SDK.csproj::TargetFramework=net9.0]
/home/lysander/repos/bannou/bannou-service/Generated/Models/CharacterModels.cs(341,70): warning CS1591: Missing XML comment for publicly visible type or member 'CharacterListResponse.Characters' [/home/lysander/repos/bannou/Bannou.SDK/Bannou.SDK.csproj::TargetFramework=net9.0]
/home/lysander/repos/bannou/bannou-service/Generated/Models/CharacterModels.cs(344,16): warning CS1591: Missing XML comment for publicly visible type or member 'CharacterListResponse.TotalCount' [/home/lysander/repos/bannou/Bannou.SDK/Bannou.SDK.csproj::TargetFramework=net9.0]
/home/lysander/repos/bannou/bannou-service/Generated/Models/CharacterModels.cs(347,16): warning CS1591: Missing XML comment for publicly visible type or member 'CharacterListResponse.Page' [/home/lysander/repos/bannou/Bannou.SDK/Bannou.SDK.csproj::TargetFramework=net9.0]
/home/lysander/repos/bannou/bannou-service/Generated/Models/CharacterModels.cs(350,16): warning CS1591: Missing XML comment for publicly visible type or member 'CharacterListResponse.PageSize' [/home/lysander/repos/bannou/Bannou.SDK/Bannou.SDK.csproj::TargetFramework=net9.0]
/home/lysander/repos/bannou/bannou-service/Generated/Models/CharacterModels.cs(353,17): warning CS1591: Missing XML comment for publicly visible type or member 'CharacterListResponse.HasNextPage' [/home/lysander/repos/bannou/Bannou.SDK/Bannou.SDK.csproj::TargetFramework=net9.0]
/home/lysander/repos/bannou/bannou-service/Generated/Models/CharacterModels.cs(356,17): warning CS1591: Missing XML comment for publicly visible type or member 'CharacterListResponse.HasPreviousPage' [/home/lysander/repos/bannou/Bannou.SDK/Bannou.SDK.csproj::TargetFramework=net9.0]
/home/lysander/repos/bannou/bannou-service/Generated/Models/CharacterModels.cs(361,68): warning CS1591: Missing XML comment for publicly visible type or member 'CharacterListResponse.AdditionalProperties' [/home/lysander/repos/bannou/Bannou.SDK/Bannou.SDK.csproj::TargetFramework=net9.0]
/home/lysander/repos/bannou/bannou-service/Generated/Models/CharacterModels.cs(387,34): warning CS1591: Missing XML comment for publicly visible type or member 'CharacterRealmJoinedEvent.Timestamp' [/home/lysander/repos/bannou/Bannou.SDK/Bannou.SDK.csproj::TargetFramework=net9.0]
/home/lysander/repos/bannou/bannou-service/Generated/Models/CharacterModels.cs(414,68): warning CS1591: Missing XML comment for publicly visible type or member 'CharacterRealmJoinedEvent.AdditionalProperties' [/home/lysander/repos/bannou/Bannou.SDK/Bannou.SDK.csproj::TargetFramework=net9.0]
/home/lysander/repos/bannou/bannou-service/Generated/Models/CharacterModels.cs(440,34): warning CS1591: Missing XML comment for publicly visible type or member 'CharacterRealmLeftEvent.Timestamp' [/home/lysander/repos/bannou/Bannou.SDK/Bannou.SDK.csproj::TargetFramework=net9.0]
/home/lysander/repos/bannou/bannou-service/Generated/Models/CharacterModels.cs(467,68): warning CS1591: Missing XML comment for publicly visible type or member 'CharacterRealmLeftEvent.AdditionalProperties' [/home/lysander/repos/bannou/Bannou.SDK/Bannou.SDK.csproj::TargetFramework=net9.0]
/home/lysander/repos/bannou/bannou-service/Generated/Clients/ServicedataClient.cs(19,26): warning CS1591: Missing XML comment for publicly visible type or member 'IServicedataClient' [/home/lysander/repos/bannou/Bannou.SDK/Bannou.SDK.csproj::TargetFramework=net9.0]
/home/lysander/repos/bannou/bannou-service/Generated/Clients/ServicedataClient.cs(31,93): warning CS1573: Parameter 'body' has no matching param tag in the XML comment for 'IServicedataClient.ListServicesAsync(ListServicesRequest, CancellationToken)' (but other parameters do) [/home/lysander/repos/bannou/Bannou.SDK/Bannou.SDK.csproj::TargetFramework=net9.0]
/home/lysander/repos/bannou/bannou-service/Generated/Clients/ServicedataClient.cs(42,80): warning CS1573: Parameter 'body' has no matching param tag in the XML comment for 'IServicedataClient.GetServiceAsync(GetServiceRequest, CancellationToken)' (but other parameters do) [/home/lysander/repos/bannou/Bannou.SDK/Bannou.SDK.csproj::TargetFramework=net9.0]
/home/lysander/repos/bannou/bannou-service/Generated/Clients/ServicedataClient.cs(53,86): warning CS1573: Parameter 'body' has no matching param tag in the XML comment for 'IServicedataClient.CreateServiceAsync(CreateServiceRequest, CancellationToken)' (but other parameters do) [/home/lysander/repos/bannou/Bannou.SDK/Bannou.SDK.csproj::TargetFramework=net9.0]
/home/lysander/repos/bannou/bannou-service/Generated/Clients/ServicedataClient.cs(64,86): warning CS1573: Parameter 'body' has no matching param tag in the XML comment for 'IServicedataClient.UpdateServiceAsync(UpdateServiceRequest, CancellationToken)' (but other parameters do) [/home/lysander/repos/bannou/Bannou.SDK/Bannou.SDK.csproj::TargetFramework=net9.0]
/home/lysander/repos/bannou/bannou-service/Generated/Clients/ServicedataClient.cs(75,73): warning CS1573: Parameter 'body' has no matching param tag in the XML comment for 'IServicedataClient.DeleteServiceAsync(DeleteServiceRequest, CancellationToken)' (but other parameters do) [/home/lysander/repos/bannou/Bannou.SDK/Bannou.SDK.csproj::TargetFramework=net9.0]
/home/lysander/repos/bannou/bannou-service/Generated/Clients/ServicedataClient.cs(79,22): warning CS1591: Missing XML comment for publicly visible type or member 'ServicedataClient' [/home/lysander/repos/bannou/Bannou.SDK/Bannou.SDK.csproj::TargetFramework=net9.0]
/home/lysander/repos/bannou/bannou-service/Generated/Clients/ServicedataClient.cs(99,12): warning CS1591: Missing XML comment for publicly visible type or member 'ServicedataClient.ServicedataClient(IMeshInvocationClient, IServiceAppMappingResolver, ILogger<ServicedataClient>?)' [/home/lysander/repos/bannou/Bannou.SDK/Bannou.SDK.csproj::TargetFramework=net9.0]
/home/lysander/repos/bannou/bannou-service/Generated/Clients/ServicedataClient.cs(107,54): warning CS1591: Missing XML comment for publicly visible type or member 'ServicedataClient.JsonSerializerSettings' [/home/lysander/repos/bannou/Bannou.SDK/Bannou.SDK.csproj::TargetFramework=net9.0]
/home/lysander/repos/bannou/bannou-service/Generated/Clients/ServicedataClient.cs(210,114): warning CS1573: Parameter 'body' has no matching param tag in the XML comment for 'ServicedataClient.ListServicesAsync(ListServicesRequest, CancellationToken)' (but other parameters do) [/home/lysander/repos/bannou/Bannou.SDK/Bannou.SDK.csproj::TargetFramework=net9.0]
/home/lysander/repos/bannou/bannou-service/Generated/Clients/ServicedataClient.cs(292,101): warning CS1573: Parameter 'body' has no matching param tag in the XML comment for 'ServicedataClient.GetServiceAsync(GetServiceRequest, CancellationToken)' (but other parameters do) [/home/lysander/repos/bannou/Bannou.SDK/Bannou.SDK.csproj::TargetFramework=net9.0]
/home/lysander/repos/bannou/bannou-service/Generated/Clients/ServicedataClient.cs(380,107): warning CS1573: Parameter 'body' has no matching param tag in the XML comment for 'ServicedataClient.CreateServiceAsync(CreateServiceRequest, CancellationToken)' (but other parameters do) [/home/lysander/repos/bannou/Bannou.SDK/Bannou.SDK.csproj::TargetFramework=net9.0]
/home/lysander/repos/bannou/bannou-service/Generated/Clients/ServicedataClient.cs(474,107): warning CS1573: Parameter 'body' has no matching param tag in the XML comment for 'ServicedataClient.UpdateServiceAsync(UpdateServiceRequest, CancellationToken)' (but other parameters do) [/home/lysander/repos/bannou/Bannou.SDK/Bannou.SDK.csproj::TargetFramework=net9.0]
/home/lysander/repos/bannou/bannou-service/Generated/Clients/ServicedataClient.cs(568,94): warning CS1573: Parameter 'body' has no matching param tag in the XML comment for 'ServicedataClient.DeleteServiceAsync(DeleteServiceRequest, CancellationToken)' (but other parameters do) [/home/lysander/repos/bannou/Bannou.SDK/Bannou.SDK.csproj::TargetFramework=net9.0]
/home/lysander/repos/bannou/bannou-service/Generated/Clients/ServicedataClient.cs(647,22): warning CS1591: Missing XML comment for publicly visible type or member 'ServicedataClient.ObjectResponseResult<T>' [/home/lysander/repos/bannou/Bannou.SDK/Bannou.SDK.csproj::TargetFramework=net9.0]
/home/lysander/repos/bannou/bannou-service/Generated/Clients/ServicedataClient.cs(649,16): warning CS1591: Missing XML comment for publicly visible type or member 'ServicedataClient.ObjectResponseResult<T>.ObjectResponseResult(T, string)' [/home/lysander/repos/bannou/Bannou.SDK/Bannou.SDK.csproj::TargetFramework=net9.0]
/home/lysander/repos/bannou/bannou-service/Generated/Clients/ServicedataClient.cs(655,18): warning CS1591: Missing XML comment for publicly visible type or member 'ServicedataClient.ObjectResponseResult<T>.Object' [/home/lysander/repos/bannou/Bannou.SDK/Bannou.SDK.csproj::TargetFramework=net9.0]
/home/lysander/repos/bannou/bannou-service/Generated/Clients/ServicedataClient.cs(657,23): warning CS1591: Missing XML comment for publicly visible type or member 'ServicedataClient.ObjectResponseResult<T>.Text' [/home/lysander/repos/bannou/Bannou.SDK/Bannou.SDK.csproj::TargetFramework=net9.0]
/home/lysander/repos/bannou/bannou-service/Generated/Clients/ServicedataClient.cs(680,17): warning CS1591: Missing XML comment for publicly visible type or member 'ServicedataClient.ReadResponseAsString' [/home/lysander/repos/bannou/Bannou.SDK/Bannou.SDK.csproj::TargetFramework=net9.0]
/home/lysander/repos/bannou/bannou-service/Generated/Clients/ServicedataClient.cs(682,86): warning CS1591: Missing XML comment for publicly visible type or member 'ServicedataClient.ReadObjectResponseAsync<T>(HttpResponseMessage, IReadOnlyDictionary<string, IEnumerable<string>>, CancellationToken)' [/home/lysander/repos/bannou/Bannou.SDK/Bannou.SDK.csproj::TargetFramework=net9.0]
/home/lysander/repos/bannou/bannou-service/Generated/Models/ServicedataModels.cs(33,68): warning CS1591: Missing XML comment for publicly visible type or member 'ListServicesRequest.AdditionalProperties' [/home/lysander/repos/bannou/Bannou.SDK/Bannou.SDK.csproj::TargetFramework=net9.0]
/home/lysander/repos/bannou/bannou-service/Generated/Models/ServicedataModels.cs(63,68): warning CS1591: Missing XML comment for publicly visible type or member 'GetServiceRequest.AdditionalProperties' [/home/lysander/repos/bannou/Bannou.SDK/Bannou.SDK.csproj::TargetFramework=net9.0]
/home/lysander/repos/bannou/bannou-service/Generated/Models/ServicedataModels.cs(113,68): warning CS1591: Missing XML comment for publicly visible type or member 'CreateServiceRequest.AdditionalProperties' [/home/lysander/repos/bannou/Bannou.SDK/Bannou.SDK.csproj::TargetFramework=net9.0]
/home/lysander/repos/bannou/bannou-service/Generated/Models/ServicedataModels.cs(159,68): warning CS1591: Missing XML comment for publicly visible type or member 'UpdateServiceRequest.AdditionalProperties' [/home/lysander/repos/bannou/Bannou.SDK/Bannou.SDK.csproj::TargetFramework=net9.0]
/home/lysander/repos/bannou/bannou-service/Generated/Models/ServicedataModels.cs(185,68): warning CS1591: Missing XML comment for publicly visible type or member 'DeleteServiceRequest.AdditionalProperties' [/home/lysander/repos/bannou/Bannou.SDK/Bannou.SDK.csproj::TargetFramework=net9.0]
/home/lysander/repos/bannou/bannou-service/Generated/Models/ServicedataModels.cs(253,68): warning CS1591: Missing XML comment for publicly visible type or member 'ServiceInfo.AdditionalProperties' [/home/lysander/repos/bannou/Bannou.SDK/Bannou.SDK.csproj::TargetFramework=net9.0]
/home/lysander/repos/bannou/bannou-service/Generated/Models/ServicedataModels.cs(271,64): warning CS1591: Missing XML comment for publicly visible type or member 'ListServicesResponse.Services' [/home/lysander/repos/bannou/Bannou.SDK/Bannou.SDK.csproj::TargetFramework=net9.0]
/home/lysander/repos/bannou/bannou-service/Generated/Models/ServicedataModels.cs(282,68): warning CS1591: Missing XML comment for publicly visible type or member 'ListServicesResponse.AdditionalProperties' [/home/lysander/repos/bannou/Bannou.SDK/Bannou.SDK.csproj::TargetFramework=net9.0]
/home/lysander/repos/bannou/bannou-service/Generated/Clients/AssetClient.cs(19,26): warning CS1591: Missing XML comment for publicly visible type or member 'IAssetClient' [/home/lysander/repos/bannou/Bannou.SDK/Bannou.SDK.csproj::TargetFramework=net9.0]
/home/lysander/repos/bannou/bannou-service/Generated/Clients/AssetClient.cs(32,82): warning CS1573: Parameter 'body' has no matching param tag in the XML comment for 'IAssetClient.RequestUploadAsync(UploadRequest, CancellationToken)' (but other parameters do) [/home/lysander/repos/bannou/Bannou.SDK/Bannou.SDK.csproj::TargetFramework=net9.0]
/home/lysander/repos/bannou/bannou-service/Generated/Clients/AssetClient.cs(45,90): warning CS1573: Parameter 'body' has no matching param tag in the XML comment for 'IAssetClient.CompleteUploadAsync(CompleteUploadRequest, CancellationToken)' (but other parameters do) [/home/lysander/repos/bannou/Bannou.SDK/Bannou.SDK.csproj::TargetFramework=net9.0]
/home/lysander/repos/bannou/bannou-service/Generated/Clients/AssetClient.cs(57,85): warning CS1573: Parameter 'body' has no matching param tag in the XML comment for 'IAssetClient.GetAssetAsync(GetAssetRequest, CancellationToken)' (but other parameters do) [/home/lysander/repos/bannou/Bannou.SDK/Bannou.SDK.csproj::TargetFramework=net9.0]
/home/lysander/repos/bannou/bannou-service/Generated/Clients/AssetClient.cs(69,94): warning CS1573: Parameter 'body' has no matching param tag in the XML comment for 'IAssetClient.ListAssetVersionsAsync(ListVersionsRequest, CancellationToken)' (but other parameters do) [/home/lysander/repos/bannou/Bannou.SDK/Bannou.SDK.csproj::TargetFramework=net9.0]
/home/lysander/repos/bannou/bannou-service/Generated/Clients/AssetClient.cs(81,89): warning CS1573: Parameter 'body' has no matching param tag in the XML comment for 'IAssetClient.SearchAssetsAsync(AssetSearchRequest, CancellationToken)' (but other parameters do) [/home/lysander/repos/bannou/Bannou.SDK/Bannou.SDK.csproj::TargetFramework=net9.0]
/home/lysander/repos/bannou/bannou-service/Generated/Clients/AssetClient.cs(94,93): warning CS1573: Parameter 'body' has no matching param tag in the XML comment for 'IAssetClient.CreateBundleAsync(CreateBundleRequest, CancellationToken)' (but other parameters do) [/home/lysander/repos/bannou/Bannou.SDK/Bannou.SDK.csproj::TargetFramework=net9.0]
/home/lysander/repos/bannou/bannou-service/Generated/Clients/AssetClient.cs(106,88): warning CS1573: Parameter 'body' has no matching param tag in the XML comment for 'IAssetClient.GetBundleAsync(GetBundleRequest, CancellationToken)' (but other parameters do) [/home/lysander/repos/bannou/Bannou.SDK/Bannou.SDK.csproj::TargetFramework=net9.0]
/home/lysander/repos/bannou/bannou-service/Generated/Clients/AssetClient.cs(118,94): warning CS1573: Parameter 'body' has no matching param tag in the XML comment for 'IAssetClient.RequestBundleUploadAsync(BundleUploadRequest, CancellationToken)' (but other parameters do) [/home/lysander/repos/bannou/Bannou.SDK/Bannou.SDK.csproj::TargetFramework=net9.0]
/home/lysander/repos/bannou/bannou-service/Generated/Clients/AssetClient.cs(122,22): warning CS1591: Missing XML comment for publicly visible type or member 'AssetClient' [/home/lysander/repos/bannou/Bannou.SDK/Bannou.SDK.csproj::TargetFramework=net9.0]
/home/lysander/repos/bannou/bannou-service/Generated/Clients/AssetClient.cs(142,12): warning CS1591: Missing XML comment for publicly visible type or member 'AssetClient.AssetClient(IMeshInvocationClient, IServiceAppMappingResolver, ILogger<AssetClient>?)' [/home/lysander/repos/bannou/Bannou.SDK/Bannou.SDK.csproj::TargetFramework=net9.0]
/home/lysander/repos/bannou/bannou-service/Generated/Clients/AssetClient.cs(150,54): warning CS1591: Missing XML comment for publicly visible type or member 'AssetClient.JsonSerializerSettings' [/home/lysander/repos/bannou/Bannou.SDK/Bannou.SDK.csproj::TargetFramework=net9.0]
/home/lysander/repos/bannou/bannou-service/Generated/Clients/AssetClient.cs(254,103): warning CS1573: Parameter 'body' has no matching param tag in the XML comment for 'AssetClient.RequestUploadAsync(UploadRequest, CancellationToken)' (but other parameters do) [/home/lysander/repos/bannou/Bannou.SDK/Bannou.SDK.csproj::TargetFramework=net9.0]
/home/lysander/repos/bannou/bannou-service/Generated/Clients/AssetClient.cs(356,111): warning CS1573: Parameter 'body' has no matching param tag in the XML comment for 'AssetClient.CompleteUploadAsync(CompleteUploadRequest, CancellationToken)' (but other parameters do) [/home/lysander/repos/bannou/Bannou.SDK/Bannou.SDK.csproj::TargetFramework=net9.0]
/home/lysander/repos/bannou/bannou-service/Generated/Clients/AssetClient.cs(451,106): warning CS1573: Parameter 'body' has no matching param tag in the XML comment for 'AssetClient.GetAssetAsync(GetAssetRequest, CancellationToken)' (but other parameters do) [/home/lysander/repos/bannou/Bannou.SDK/Bannou.SDK.csproj::TargetFramework=net9.0]
/home/lysander/repos/bannou/bannou-service/Generated/Clients/AssetClient.cs(540,115): warning CS1573: Parameter 'body' has no matching param tag in the XML comment for 'AssetClient.ListAssetVersionsAsync(ListVersionsRequest, CancellationToken)' (but other parameters do) [/home/lysander/repos/bannou/Bannou.SDK/Bannou.SDK.csproj::TargetFramework=net9.0]
/home/lysander/repos/bannou/bannou-service/Generated/Clients/AssetClient.cs(629,110): warning CS1573: Parameter 'body' has no matching param tag in the XML comment for 'AssetClient.SearchAssetsAsync(AssetSearchRequest, CancellationToken)' (but other parameters do) [/home/lysander/repos/bannou/Bannou.SDK/Bannou.SDK.csproj::TargetFramework=net9.0]
/home/lysander/repos/bannou/bannou-service/Generated/Clients/AssetClient.cs(713,114): warning CS1573: Parameter 'body' has no matching param tag in the XML comment for 'AssetClient.CreateBundleAsync(CreateBundleRequest, CancellationToken)' (but other parameters do) [/home/lysander/repos/bannou/Bannou.SDK/Bannou.SDK.csproj::TargetFramework=net9.0]
/home/lysander/repos/bannou/bannou-service/Generated/Clients/AssetClient.cs(802,109): warning CS1573: Parameter 'body' has no matching param tag in the XML comment for 'AssetClient.GetBundleAsync(GetBundleRequest, CancellationToken)' (but other parameters do) [/home/lysander/repos/bannou/Bannou.SDK/Bannou.SDK.csproj::TargetFramework=net9.0]
/home/lysander/repos/bannou/bannou-service/Generated/Clients/AssetClient.cs(891,115): warning CS1573: Parameter 'body' has no matching param tag in the XML comment for 'AssetClient.RequestBundleUploadAsync(BundleUploadRequest, CancellationToken)' (but other parameters do) [/home/lysander/repos/bannou/Bannou.SDK/Bannou.SDK.csproj::TargetFramework=net9.0]
/home/lysander/repos/bannou/bannou-service/Generated/Clients/AssetClient.cs(970,22): warning CS1591: Missing XML comment for publicly visible type or member 'AssetClient.ObjectResponseResult<T>' [/home/lysander/repos/bannou/Bannou.SDK/Bannou.SDK.csproj::TargetFramework=net9.0]
/home/lysander/repos/bannou/bannou-service/Generated/Clients/AssetClient.cs(972,16): warning CS1591: Missing XML comment for publicly visible type or member 'AssetClient.ObjectResponseResult<T>.ObjectResponseResult(T, string)' [/home/lysander/repos/bannou/Bannou.SDK/Bannou.SDK.csproj::TargetFramework=net9.0]
/home/lysander/repos/bannou/bannou-service/Generated/Clients/AssetClient.cs(978,18): warning CS1591: Missing XML comment for publicly visible type or member 'AssetClient.ObjectResponseResult<T>.Object' [/home/lysander/repos/bannou/Bannou.SDK/Bannou.SDK.csproj::TargetFramework=net9.0]
/home/lysander/repos/bannou/bannou-service/Generated/Clients/AssetClient.cs(980,23): warning CS1591: Missing XML comment for publicly visible type or member 'AssetClient.ObjectResponseResult<T>.Text' [/home/lysander/repos/bannou/Bannou.SDK/Bannou.SDK.csproj::TargetFramework=net9.0]
/home/lysander/repos/bannou/bannou-service/Generated/Clients/AssetClient.cs(1003,17): warning CS1591: Missing XML comment for publicly visible type or member 'AssetClient.ReadResponseAsString' [/home/lysander/repos/bannou/Bannou.SDK/Bannou.SDK.csproj::TargetFramework=net9.0]
/home/lysander/repos/bannou/bannou-service/Generated/Clients/AssetClient.cs(1005,86): warning CS1591: Missing XML comment for publicly visible type or member 'AssetClient.ReadObjectResponseAsync<T>(HttpResponseMessage, IReadOnlyDictionary<string, IEnumerable<string>>, CancellationToken)' [/home/lysander/repos/bannou/Bannou.SDK/Bannou.SDK.csproj::TargetFramework=net9.0]
/home/lysander/repos/bannou/bannou-service/Generated/Models/AssetModels.cs(25,5): warning CS1591: Missing XML comment for publicly visible type or member 'AssetType.Texture' [/home/lysander/repos/bannou/Bannou.SDK/Bannou.SDK.csproj::TargetFramework=net9.0]
/home/lysander/repos/bannou/bannou-service/Generated/Models/AssetModels.cs(28,5): warning CS1591: Missing XML comment for publicly visible type or member 'AssetType.Model' [/home/lysander/repos/bannou/Bannou.SDK/Bannou.SDK.csproj::TargetFramework=net9.0]
/home/lysander/repos/bannou/bannou-service/Generated/Models/AssetModels.cs(31,5): warning CS1591: Missing XML comment for publicly visible type or member 'AssetType.Audio' [/home/lysander/repos/bannou/Bannou.SDK/Bannou.SDK.csproj::TargetFramework=net9.0]
/home/lysander/repos/bannou/bannou-service/Generated/Models/AssetModels.cs(34,5): warning CS1591: Missing XML comment for publicly visible type or member 'AssetType.Behavior' [/home/lysander/repos/bannou/Bannou.SDK/Bannou.SDK.csproj::TargetFramework=net9.0]
/home/lysander/repos/bannou/bannou-service/Generated/Models/AssetModels.cs(37,5): warning CS1591: Missing XML comment for publicly visible type or member 'AssetType.Bundle' [/home/lysander/repos/bannou/Bannou.SDK/Bannou.SDK.csproj::TargetFramework=net9.0]
/home/lysander/repos/bannou/bannou-service/Generated/Models/AssetModels.cs(40,5): warning CS1591: Missing XML comment for publicly visible type or member 'AssetType.Prefab' [/home/lysander/repos/bannou/Bannou.SDK/Bannou.SDK.csproj::TargetFramework=net9.0]
/home/lysander/repos/bannou/bannou-service/Generated/Models/AssetModels.cs(43,5): warning CS1591: Missing XML comment for publicly visible type or member 'AssetType.Other' [/home/lysander/repos/bannou/Bannou.SDK/Bannou.SDK.csproj::TargetFramework=net9.0]
/home/lysander/repos/bannou/bannou-service/Generated/Models/AssetModels.cs(55,5): warning CS1591: Missing XML comment for publicly visible type or member 'Realm.Omega' [/home/lysander/repos/bannou/Bannou.SDK/Bannou.SDK.csproj::TargetFramework=net9.0]
/home/lysander/repos/bannou/bannou-service/Generated/Models/AssetModels.cs(58,5): warning CS1591: Missing XML comment for publicly visible type or member 'Realm.Arcadia' [/home/lysander/repos/bannou/Bannou.SDK/Bannou.SDK.csproj::TargetFramework=net9.0]
/home/lysander/repos/bannou/bannou-service/Generated/Models/AssetModels.cs(61,5): warning CS1591: Missing XML comment for publicly visible type or member 'Realm.Fantasia' [/home/lysander/repos/bannou/Bannou.SDK/Bannou.SDK.csproj::TargetFramework=net9.0]
/home/lysander/repos/bannou/bannou-service/Generated/Models/AssetModels.cs(64,5): warning CS1591: Missing XML comment for publicly visible type or member 'Realm.Shared' [/home/lysander/repos/bannou/Bannou.SDK/Bannou.SDK.csproj::TargetFramework=net9.0]
/home/lysander/repos/bannou/bannou-service/Generated/Models/AssetModels.cs(76,5): warning CS1591: Missing XML comment for publicly visible type or member 'ProcessingStatus.Pending' [/home/lysander/repos/bannou/Bannou.SDK/Bannou.SDK.csproj::TargetFramework=net9.0]
/home/lysander/repos/bannou/bannou-service/Generated/Models/AssetModels.cs(79,5): warning CS1591: Missing XML comment for publicly visible type or member 'ProcessingStatus.Processing' [/home/lysander/repos/bannou/Bannou.SDK/Bannou.SDK.csproj::TargetFramework=net9.0]
/home/lysander/repos/bannou/bannou-service/Generated/Models/AssetModels.cs(82,5): warning CS1591: Missing XML comment for publicly visible type or member 'ProcessingStatus.Complete' [/home/lysander/repos/bannou/Bannou.SDK/Bannou.SDK.csproj::TargetFramework=net9.0]
/home/lysander/repos/bannou/bannou-service/Generated/Models/AssetModels.cs(85,5): warning CS1591: Missing XML comment for publicly visible type or member 'ProcessingStatus.Failed' [/home/lysander/repos/bannou/Bannou.SDK/Bannou.SDK.csproj::TargetFramework=net9.0]
/home/lysander/repos/bannou/bannou-service/Generated/Models/AssetModels.cs(97,5): warning CS1591: Missing XML comment for publicly visible type or member 'CompressionType.Lz4' [/home/lysander/repos/bannou/Bannou.SDK/Bannou.SDK.csproj::TargetFramework=net9.0]
/home/lysander/repos/bannou/bannou-service/Generated/Models/AssetModels.cs(100,5): warning CS1591: Missing XML comment for publicly visible type or member 'CompressionType.Lzma' [/home/lysander/repos/bannou/Bannou.SDK/Bannou.SDK.csproj::TargetFramework=net9.0]
/home/lysander/repos/bannou/bannou-service/Generated/Models/AssetModels.cs(103,5): warning CS1591: Missing XML comment for publicly visible type or member 'CompressionType.None' [/home/lysander/repos/bannou/Bannou.SDK/Bannou.SDK.csproj::TargetFramework=net9.0]
/home/lysander/repos/bannou/bannou-service/Generated/Models/AssetModels.cs(115,5): warning CS1591: Missing XML comment for publicly visible type or member 'BundleFormat.Bannou' [/home/lysander/repos/bannou/Bannou.SDK/Bannou.SDK.csproj::TargetFramework=net9.0]
/home/lysander/repos/bannou/bannou-service/Generated/Models/AssetModels.cs(118,5): warning CS1591: Missing XML comment for publicly visible type or member 'BundleFormat.Zip' [/home/lysander/repos/bannou/Bannou.SDK/Bannou.SDK.csproj::TargetFramework=net9.0]
/home/lysander/repos/bannou/bannou-service/Generated/Models/AssetModels.cs(123,22): warning CS1591: Missing XML comment for publicly visible type or member 'UploadRequest' [/home/lysander/repos/bannou/Bannou.SDK/Bannou.SDK.csproj::TargetFramework=net9.0]
/home/lysander/repos/bannou/bannou-service/Generated/Models/AssetModels.cs(149,31): warning CS1591: Missing XML comment for publicly visible type or member 'UploadRequest.Metadata' [/home/lysander/repos/bannou/Bannou.SDK/Bannou.SDK.csproj::TargetFramework=net9.0]
/home/lysander/repos/bannou/bannou-service/Generated/Models/AssetModels.cs(154,68): warning CS1591: Missing XML comment for publicly visible type or member 'UploadRequest.AdditionalProperties' [/home/lysander/repos/bannou/Bannou.SDK/Bannou.SDK.csproj::TargetFramework=net9.0]
/home/lysander/repos/bannou/bannou-service/Generated/Models/AssetModels.cs(163,22): warning CS1591: Missing XML comment for publicly visible type or member 'UploadResponse' [/home/lysander/repos/bannou/Bannou.SDK/Bannou.SDK.csproj::TargetFramework=net9.0]
/home/lysander/repos/bannou/bannou-service/Generated/Models/AssetModels.cs(191,28): warning CS1591: Missing XML comment for publicly visible type or member 'UploadResponse.Multipart' [/home/lysander/repos/bannou/Bannou.SDK/Bannou.SDK.csproj::TargetFramework=net9.0]
/home/lysander/repos/bannou/bannou-service/Generated/Models/AssetModels.cs(196,68): warning CS1591: Missing XML comment for publicly visible type or member 'UploadResponse.AdditionalProperties' [/home/lysander/repos/bannou/Bannou.SDK/Bannou.SDK.csproj::TargetFramework=net9.0]
/home/lysander/repos/bannou/bannou-service/Generated/Models/AssetModels.cs(205,22): warning CS1591: Missing XML comment for publicly visible type or member 'CompleteUploadRequest' [/home/lysander/repos/bannou/Bannou.SDK/Bannou.SDK.csproj::TargetFramework=net9.0]
/home/lysander/repos/bannou/bannou-service/Generated/Models/AssetModels.cs(225,68): warning CS1591: Missing XML comment for publicly visible type or member 'CompleteUploadRequest.AdditionalProperties' [/home/lysander/repos/bannou/Bannou.SDK/Bannou.SDK.csproj::TargetFramework=net9.0]
/home/lysander/repos/bannou/bannou-service/Generated/Models/AssetModels.cs(234,22): warning CS1591: Missing XML comment for publicly visible type or member 'CompletedPart' [/home/lysander/repos/bannou/Bannou.SDK/Bannou.SDK.csproj::TargetFramework=net9.0]
/home/lysander/repos/bannou/bannou-service/Generated/Models/AssetModels.cs(254,68): warning CS1591: Missing XML comment for publicly visible type or member 'CompletedPart.AdditionalProperties' [/home/lysander/repos/bannou/Bannou.SDK/Bannou.SDK.csproj::TargetFramework=net9.0]
/home/lysander/repos/bannou/bannou-service/Generated/Models/AssetModels.cs(263,22): warning CS1591: Missing XML comment for publicly visible type or member 'MultipartConfig' [/home/lysander/repos/bannou/Bannou.SDK/Bannou.SDK.csproj::TargetFramework=net9.0]
/home/lysander/repos/bannou/bannou-service/Generated/Models/AssetModels.cs(285,67): warning CS1591: Missing XML comment for publicly visible type or member 'MultipartConfig.UploadUrls' [/home/lysander/repos/bannou/Bannou.SDK/Bannou.SDK.csproj::TargetFramework=net9.0]
/home/lysander/repos/bannou/bannou-service/Generated/Models/AssetModels.cs(290,68): warning CS1591: Missing XML comment for publicly visible type or member 'MultipartConfig.AdditionalProperties' [/home/lysander/repos/bannou/Bannou.SDK/Bannou.SDK.csproj::TargetFramework=net9.0]
/home/lysander/repos/bannou/bannou-service/Generated/Models/AssetModels.cs(299,22): warning CS1591: Missing XML comment for publicly visible type or member 'PartUploadInfo' [/home/lysander/repos/bannou/Bannou.SDK/Bannou.SDK.csproj::TargetFramework=net9.0]
/home/lysander/repos/bannou/bannou-service/Generated/Models/AssetModels.cs(331,68): warning CS1591: Missing XML comment for publicly visible type or member 'PartUploadInfo.AdditionalProperties' [/home/lysander/repos/bannou/Bannou.SDK/Bannou.SDK.csproj::TargetFramework=net9.0]
/home/lysander/repos/bannou/bannou-service/Generated/Models/AssetModels.cs(348,22): warning CS1591: Missing XML comment for publicly visible type or member 'AssetMetadataInput.AssetType' [/home/lysander/repos/bannou/Bannou.SDK/Bannou.SDK.csproj::TargetFramework=net9.0]
/home/lysander/repos/bannou/bannou-service/Generated/Models/AssetModels.cs(352,18): warning CS1591: Missing XML comment for publicly visible type or member 'AssetMetadataInput.Realm' [/home/lysander/repos/bannou/Bannou.SDK/Bannou.SDK.csproj::TargetFramework=net9.0]
/home/lysander/repos/bannou/bannou-service/Generated/Models/AssetModels.cs(363,68): warning CS1591: Missing XML comment for publicly visible type or member 'AssetMetadataInput.AdditionalProperties' [/home/lysander/repos/bannou/Bannou.SDK/Bannou.SDK.csproj::TargetFramework=net9.0]
/home/lysander/repos/bannou/bannou-service/Generated/Models/AssetModels.cs(410,22): warning CS1591: Missing XML comment for publicly visible type or member 'AssetMetadata.AssetType' [/home/lysander/repos/bannou/Bannou.SDK/Bannou.SDK.csproj::TargetFramework=net9.0]
/home/lysander/repos/bannou/bannou-service/Generated/Models/AssetModels.cs(414,18): warning CS1591: Missing XML comment for publicly visible type or member 'AssetMetadata.Realm' [/home/lysander/repos/bannou/Bannou.SDK/Bannou.SDK.csproj::TargetFramework=net9.0]
/home/lysander/repos/bannou/bannou-service/Generated/Models/AssetModels.cs(417,59): warning CS1591: Missing XML comment for publicly visible type or member 'AssetMetadata.Tags' [/home/lysander/repos/bannou/Bannou.SDK/Bannou.SDK.csproj::TargetFramework=net9.0]
/home/lysander/repos/bannou/bannou-service/Generated/Models/AssetModels.cs(421,29): warning CS1591: Missing XML comment for publicly visible type or member 'AssetMetadata.ProcessingStatus' [/home/lysander/repos/bannou/Bannou.SDK/Bannou.SDK.csproj::TargetFramework=net9.0]
/home/lysander/repos/bannou/bannou-service/Generated/Models/AssetModels.cs(430,34): warning CS1591: Missing XML comment for publicly visible type or member 'AssetMetadata.CreatedAt' [/home/lysander/repos/bannou/Bannou.SDK/Bannou.SDK.csproj::TargetFramework=net9.0]
/home/lysander/repos/bannou/bannou-service/Generated/Models/AssetModels.cs(433,34): warning CS1591: Missing XML comment for publicly visible type or member 'AssetMetadata.UpdatedAt' [/home/lysander/repos/bannou/Bannou.SDK/Bannou.SDK.csproj::TargetFramework=net9.0]
/home/lysander/repos/bannou/bannou-service/Generated/Models/AssetModels.cs(438,68): warning CS1591: Missing XML comment for publicly visible type or member 'AssetMetadata.AdditionalProperties' [/home/lysander/repos/bannou/Bannou.SDK/Bannou.SDK.csproj::TargetFramework=net9.0]
/home/lysander/repos/bannou/bannou-service/Generated/Models/AssetModels.cs(447,22): warning CS1591: Missing XML comment for publicly visible type or member 'GetAssetRequest' [/home/lysander/repos/bannou/Bannou.SDK/Bannou.SDK.csproj::TargetFramework=net9.0]
/home/lysander/repos/bannou/bannou-service/Generated/Models/AssetModels.cs(467,68): warning CS1591: Missing XML comment for publicly visible type or member 'GetAssetRequest.AdditionalProperties' [/home/lysander/repos/bannou/Bannou.SDK/Bannou.SDK.csproj::TargetFramework=net9.0]
/home/lysander/repos/bannou/bannou-service/Generated/Models/AssetModels.cs(476,22): warning CS1591: Missing XML comment for publicly visible type or member 'AssetWithDownloadUrl' [/home/lysander/repos/bannou/Bannou.SDK/Bannou.SDK.csproj::TargetFramework=net9.0]
/home/lysander/repos/bannou/bannou-service/Generated/Models/AssetModels.cs(480,19): warning CS1591: Missing XML comment for publicly visible type or member 'AssetWithDownloadUrl.AssetId' [/home/lysander/repos/bannou/Bannou.SDK/Bannou.SDK.csproj::TargetFramework=net9.0]
/home/lysander/repos/bannou/bannou-service/Generated/Models/AssetModels.cs(483,19): warning CS1591: Missing XML comment for publicly visible type or member 'AssetWithDownloadUrl.VersionId' [/home/lysander/repos/bannou/Bannou.SDK/Bannou.SDK.csproj::TargetFramework=net9.0]
/home/lysander/repos/bannou/bannou-service/Generated/Models/AssetModels.cs(498,17): warning CS1591: Missing XML comment for publicly visible type or member 'AssetWithDownloadUrl.Size' [/home/lysander/repos/bannou/Bannou.SDK/Bannou.SDK.csproj::TargetFramework=net9.0]
/home/lysander/repos/bannou/bannou-service/Generated/Models/AssetModels.cs(501,19): warning CS1591: Missing XML comment for publicly visible type or member 'AssetWithDownloadUrl.ContentHash' [/home/lysander/repos/bannou/Bannou.SDK/Bannou.SDK.csproj::TargetFramework=net9.0]
/home/lysander/repos/bannou/bannou-service/Generated/Models/AssetModels.cs(504,19): warning CS1591: Missing XML comment for publicly visible type or member 'AssetWithDownloadUrl.ContentType' [/home/lysander/repos/bannou/Bannou.SDK/Bannou.SDK.csproj::TargetFramework=net9.0]
/home/lysander/repos/bannou/bannou-service/Generated/Models/AssetModels.cs(507,26): warning CS1591: Missing XML comment for publicly visible type or member 'AssetWithDownloadUrl.Metadata' [/home/lysander/repos/bannou/Bannou.SDK/Bannou.SDK.csproj::TargetFramework=net9.0]
/home/lysander/repos/bannou/bannou-service/Generated/Models/AssetModels.cs(512,68): warning CS1591: Missing XML comment for publicly visible type or member 'AssetWithDownloadUrl.AdditionalProperties' [/home/lysander/repos/bannou/Bannou.SDK/Bannou.SDK.csproj::TargetFramework=net9.0]
/home/lysander/repos/bannou/bannou-service/Generated/Models/AssetModels.cs(521,22): warning CS1591: Missing XML comment for publicly visible type or member 'ListVersionsRequest' [/home/lysander/repos/bannou/Bannou.SDK/Bannou.SDK.csproj::TargetFramework=net9.0]
/home/lysander/repos/bannou/bannou-service/Generated/Models/AssetModels.cs(527,19): warning CS1591: Missing XML comment for publicly visible type or member 'ListVersionsRequest.AssetId' [/home/lysander/repos/bannou/Bannou.SDK/Bannou.SDK.csproj::TargetFramework=net9.0]
/home/lysander/repos/bannou/bannou-service/Generated/Models/AssetModels.cs(530,16): warning CS1591: Missing XML comment for publicly visible type or member 'ListVersionsRequest.Limit' [/home/lysander/repos/bannou/Bannou.SDK/Bannou.SDK.csproj::TargetFramework=net9.0]
/home/lysander/repos/bannou/bannou-service/Generated/Models/AssetModels.cs(533,16): warning CS1591: Missing XML comment for publicly visible type or member 'ListVersionsRequest.Offset' [/home/lysander/repos/bannou/Bannou.SDK/Bannou.SDK.csproj::TargetFramework=net9.0]
/home/lysander/repos/bannou/bannou-service/Generated/Models/AssetModels.cs(538,68): warning CS1591: Missing XML comment for publicly visible type or member 'ListVersionsRequest.AdditionalProperties' [/home/lysander/repos/bannou/Bannou.SDK/Bannou.SDK.csproj::TargetFramework=net9.0]
/home/lysander/repos/bannou/bannou-service/Generated/Models/AssetModels.cs(547,22): warning CS1591: Missing XML comment for publicly visible type or member 'AssetVersionList' [/home/lysander/repos/bannou/Bannou.SDK/Bannou.SDK.csproj::TargetFramework=net9.0]
/home/lysander/repos/bannou/bannou-service/Generated/Models/AssetModels.cs(551,19): warning CS1591: Missing XML comment for publicly visible type or member 'AssetVersionList.AssetId' [/home/lysander/repos/bannou/Bannou.SDK/Bannou.SDK.csproj::TargetFramework=net9.0]
/home/lysander/repos/bannou/bannou-service/Generated/Models/AssetModels.cs(554,65): warning CS1591: Missing XML comment for publicly visible type or member 'AssetVersionList.Versions' [/home/lysander/repos/bannou/Bannou.SDK/Bannou.SDK.csproj::TargetFramework=net9.0]
/home/lysander/repos/bannou/bannou-service/Generated/Models/AssetModels.cs(557,16): warning CS1591: Missing XML comment for publicly visible type or member 'AssetVersionList.Total' [/home/lysander/repos/bannou/Bannou.SDK/Bannou.SDK.csproj::TargetFramework=net9.0]
/home/lysander/repos/bannou/bannou-service/Generated/Models/AssetModels.cs(560,16): warning CS1591: Missing XML comment for publicly visible type or member 'AssetVersionList.Limit' [/home/lysander/repos/bannou/Bannou.SDK/Bannou.SDK.csproj::TargetFramework=net9.0]
/home/lysander/repos/bannou/bannou-service/Generated/Models/AssetModels.cs(563,16): warning CS1591: Missing XML comment for publicly visible type or member 'AssetVersionList.Offset' [/home/lysander/repos/bannou/Bannou.SDK/Bannou.SDK.csproj::TargetFramework=net9.0]
/home/lysander/repos/bannou/bannou-service/Generated/Models/AssetModels.cs(568,68): warning CS1591: Missing XML comment for publicly visible type or member 'AssetVersionList.AdditionalProperties' [/home/lysander/repos/bannou/Bannou.SDK/Bannou.SDK.csproj::TargetFramework=net9.0]
/home/lysander/repos/bannou/bannou-service/Generated/Models/AssetModels.cs(577,22): warning CS1591: Missing XML comment for publicly visible type or member 'AssetVersion' [/home/lysander/repos/bannou/Bannou.SDK/Bannou.SDK.csproj::TargetFramework=net9.0]
/home/lysander/repos/bannou/bannou-service/Generated/Models/AssetModels.cs(581,19): warning CS1591: Missing XML comment for publicly visible type or member 'AssetVersion.VersionId' [/home/lysander/repos/bannou/Bannou.SDK/Bannou.SDK.csproj::TargetFramework=net9.0]
/home/lysander/repos/bannou/bannou-service/Generated/Models/AssetModels.cs(584,34): warning CS1591: Missing XML comment for publicly visible type or member 'AssetVersion.CreatedAt' [/home/lysander/repos/bannou/Bannou.SDK/Bannou.SDK.csproj::TargetFramework=net9.0]
/home/lysander/repos/bannou/bannou-service/Generated/Models/AssetModels.cs(587,17): warning CS1591: Missing XML comment for publicly visible type or member 'AssetVersion.Size' [/home/lysander/repos/bannou/Bannou.SDK/Bannou.SDK.csproj::TargetFramework=net9.0]
/home/lysander/repos/bannou/bannou-service/Generated/Models/AssetModels.cs(598,68): warning CS1591: Missing XML comment for publicly visible type or member 'AssetVersion.AdditionalProperties' [/home/lysander/repos/bannou/Bannou.SDK/Bannou.SDK.csproj::TargetFramework=net9.0]
/home/lysander/repos/bannou/bannou-service/Generated/Models/AssetModels.cs(607,22): warning CS1591: Missing XML comment for publicly visible type or member 'AssetSearchRequest' [/home/lysander/repos/bannou/Bannou.SDK/Bannou.SDK.csproj::TargetFramework=net9.0]
/home/lysander/repos/bannou/bannou-service/Generated/Models/AssetModels.cs(611,59): warning CS1591: Missing XML comment for publicly visible type or member 'AssetSearchRequest.Tags' [/home/lysander/repos/bannou/Bannou.SDK/Bannou.SDK.csproj::TargetFramework=net9.0]
/home/lysander/repos/bannou/bannou-service/Generated/Models/AssetModels.cs(617,22): warning CS1591: Missing XML comment for publicly visible type or member 'AssetSearchRequest.AssetType' [/home/lysander/repos/bannou/Bannou.SDK/Bannou.SDK.csproj::TargetFramework=net9.0]
/home/lysander/repos/bannou/bannou-service/Generated/Models/AssetModels.cs(623,18): warning CS1591: Missing XML comment for publicly visible type or member 'AssetSearchRequest.Realm' [/home/lysander/repos/bannou/Bannou.SDK/Bannou.SDK.csproj::TargetFramework=net9.0]
/home/lysander/repos/bannou/bannou-service/Generated/Models/AssetModels.cs(632,16): warning CS1591: Missing XML comment for publicly visible type or member 'AssetSearchRequest.Limit' [/home/lysander/repos/bannou/Bannou.SDK/Bannou.SDK.csproj::TargetFramework=net9.0]
/home/lysander/repos/bannou/bannou-service/Generated/Models/AssetModels.cs(635,16): warning CS1591: Missing XML comment for publicly visible type or member 'AssetSearchRequest.Offset' [/home/lysander/repos/bannou/Bannou.SDK/Bannou.SDK.csproj::TargetFramework=net9.0]
/home/lysander/repos/bannou/bannou-service/Generated/Models/AssetModels.cs(640,68): warning CS1591: Missing XML comment for publicly visible type or member 'AssetSearchRequest.AdditionalProperties' [/home/lysander/repos/bannou/Bannou.SDK/Bannou.SDK.csproj::TargetFramework=net9.0]
/home/lysander/repos/bannou/bannou-service/Generated/Models/AssetModels.cs(649,22): warning CS1591: Missing XML comment for publicly visible type or member 'AssetSearchResult' [/home/lysander/repos/bannou/Bannou.SDK/Bannou.SDK.csproj::TargetFramework=net9.0]
/home/lysander/repos/bannou/bannou-service/Generated/Models/AssetModels.cs(653,66): warning CS1591: Missing XML comment for publicly visible type or member 'AssetSearchResult.Assets' [/home/lysander/repos/bannou/Bannou.SDK/Bannou.SDK.csproj::TargetFramework=net9.0]
/home/lysander/repos/bannou/bannou-service/Generated/Models/AssetModels.cs(656,16): warning CS1591: Missing XML comment for publicly visible type or member 'AssetSearchResult.Total' [/home/lysander/repos/bannou/Bannou.SDK/Bannou.SDK.csproj::TargetFramework=net9.0]
/home/lysander/repos/bannou/bannou-service/Generated/Models/AssetModels.cs(659,16): warning CS1591: Missing XML comment for publicly visible type or member 'AssetSearchResult.Limit' [/home/lysander/repos/bannou/Bannou.SDK/Bannou.SDK.csproj::TargetFramework=net9.0]
/home/lysander/repos/bannou/bannou-service/Generated/Models/AssetModels.cs(662,16): warning CS1591: Missing XML comment for publicly visible type or member 'AssetSearchResult.Offset' [/home/lysander/repos/bannou/Bannou.SDK/Bannou.SDK.csproj::TargetFramework=net9.0]
/home/lysander/repos/bannou/bannou-service/Generated/Models/AssetModels.cs(667,68): warning CS1591: Missing XML comment for publicly visible type or member 'AssetSearchResult.AdditionalProperties' [/home/lysander/repos/bannou/Bannou.SDK/Bannou.SDK.csproj::TargetFramework=net9.0]
/home/lysander/repos/bannou/bannou-service/Generated/Models/AssetModels.cs(676,22): warning CS1591: Missing XML comment for publicly visible type or member 'CreateBundleRequest' [/home/lysander/repos/bannou/Bannou.SDK/Bannou.SDK.csproj::TargetFramework=net9.0]
/home/lysander/repos/bannou/bannou-service/Generated/Models/AssetModels.cs(703,28): warning CS1591: Missing XML comment for publicly visible type or member 'CreateBundleRequest.Compression' [/home/lysander/repos/bannou/Bannou.SDK/Bannou.SDK.csproj::TargetFramework=net9.0]
/home/lysander/repos/bannou/bannou-service/Generated/Models/AssetModels.cs(714,68): warning CS1591: Missing XML comment for publicly visible type or member 'CreateBundleRequest.AdditionalProperties' [/home/lysander/repos/bannou/Bannou.SDK/Bannou.SDK.csproj::TargetFramework=net9.0]
/home/lysander/repos/bannou/bannou-service/Generated/Models/AssetModels.cs(723,22): warning CS1591: Missing XML comment for publicly visible type or member 'CreateBundleResponse' [/home/lysander/repos/bannou/Bannou.SDK/Bannou.SDK.csproj::TargetFramework=net9.0]
/home/lysander/repos/bannou/bannou-service/Generated/Models/AssetModels.cs(727,19): warning CS1591: Missing XML comment for publicly visible type or member 'CreateBundleResponse.BundleId' [/home/lysander/repos/bannou/Bannou.SDK/Bannou.SDK.csproj::TargetFramework=net9.0]
/home/lysander/repos/bannou/bannou-service/Generated/Models/AssetModels.cs(745,68): warning CS1591: Missing XML comment for publicly visible type or member 'CreateBundleResponse.AdditionalProperties' [/home/lysander/repos/bannou/Bannou.SDK/Bannou.SDK.csproj::TargetFramework=net9.0]
/home/lysander/repos/bannou/bannou-service/Generated/Models/AssetModels.cs(754,22): warning CS1591: Missing XML comment for publicly visible type or member 'GetBundleRequest' [/home/lysander/repos/bannou/Bannou.SDK/Bannou.SDK.csproj::TargetFramework=net9.0]
/home/lysander/repos/bannou/bannou-service/Generated/Models/AssetModels.cs(760,19): warning CS1591: Missing XML comment for publicly visible type or member 'GetBundleRequest.BundleId' [/home/lysander/repos/bannou/Bannou.SDK/Bannou.SDK.csproj::TargetFramework=net9.0]
/home/lysander/repos/bannou/bannou-service/Generated/Models/AssetModels.cs(764,25): warning CS1591: Missing XML comment for publicly visible type or member 'GetBundleRequest.Format' [/home/lysander/repos/bannou/Bannou.SDK/Bannou.SDK.csproj::TargetFramework=net9.0]
/home/lysander/repos/bannou/bannou-service/Generated/Models/AssetModels.cs(769,68): warning CS1591: Missing XML comment for publicly visible type or member 'GetBundleRequest.AdditionalProperties' [/home/lysander/repos/bannou/Bannou.SDK/Bannou.SDK.csproj::TargetFramework=net9.0]
/home/lysander/repos/bannou/bannou-service/Generated/Models/AssetModels.cs(778,22): warning CS1591: Missing XML comment for publicly visible type or member 'BundleWithDownloadUrl' [/home/lysander/repos/bannou/Bannou.SDK/Bannou.SDK.csproj::TargetFramework=net9.0]
/home/lysander/repos/bannou/bannou-service/Generated/Models/AssetModels.cs(782,19): warning CS1591: Missing XML comment for publicly visible type or member 'BundleWithDownloadUrl.BundleId' [/home/lysander/repos/bannou/Bannou.SDK/Bannou.SDK.csproj::TargetFramework=net9.0]
/home/lysander/repos/bannou/bannou-service/Generated/Models/AssetModels.cs(785,19): warning CS1591: Missing XML comment for publicly visible type or member 'BundleWithDownloadUrl.Version' [/home/lysander/repos/bannou/Bannou.SDK/Bannou.SDK.csproj::TargetFramework=net9.0]
/home/lysander/repos/bannou/bannou-service/Generated/Models/AssetModels.cs(788,23): warning CS1591: Missing XML comment for publicly visible type or member 'BundleWithDownloadUrl.DownloadUrl' [/home/lysander/repos/bannou/Bannou.SDK/Bannou.SDK.csproj::TargetFramework=net9.0]
/home/lysander/repos/bannou/bannou-service/Generated/Models/AssetModels.cs(792,25): warning CS1591: Missing XML comment for publicly visible type or member 'BundleWithDownloadUrl.Format' [/home/lysander/repos/bannou/Bannou.SDK/Bannou.SDK.csproj::TargetFramework=net9.0]
/home/lysander/repos/bannou/bannou-service/Generated/Models/AssetModels.cs(795,34): warning CS1591: Missing XML comment for publicly visible type or member 'BundleWithDownloadUrl.ExpiresAt' [/home/lysander/repos/bannou/Bannou.SDK/Bannou.SDK.csproj::TargetFramework=net9.0]
/home/lysander/repos/bannou/bannou-service/Generated/Models/AssetModels.cs(798,17): warning CS1591: Missing XML comment for publicly visible type or member 'BundleWithDownloadUrl.Size' [/home/lysander/repos/bannou/Bannou.SDK/Bannou.SDK.csproj::TargetFramework=net9.0]
/home/lysander/repos/bannou/bannou-service/Generated/Models/AssetModels.cs(801,16): warning CS1591: Missing XML comment for publicly visible type or member 'BundleWithDownloadUrl.AssetCount' [/home/lysander/repos/bannou/Bannou.SDK/Bannou.SDK.csproj::TargetFramework=net9.0]
/home/lysander/repos/bannou/bannou-service/Generated/Models/AssetModels.cs(812,68): warning CS1591: Missing XML comment for publicly visible type or member 'BundleWithDownloadUrl.AdditionalProperties' [/home/lysander/repos/bannou/Bannou.SDK/Bannou.SDK.csproj::TargetFramework=net9.0]
/home/lysander/repos/bannou/bannou-service/Generated/Models/AssetModels.cs(821,22): warning CS1591: Missing XML comment for publicly visible type or member 'BundleUploadRequest' [/home/lysander/repos/bannou/Bannou.SDK/Bannou.SDK.csproj::TargetFramework=net9.0]
/home/lysander/repos/bannou/bannou-service/Generated/Models/AssetModels.cs(833,17): warning CS1591: Missing XML comment for publicly visible type or member 'BundleUploadRequest.Size' [/home/lysander/repos/bannou/Bannou.SDK/Bannou.SDK.csproj::TargetFramework=net9.0]
/home/lysander/repos/bannou/bannou-service/Generated/Models/AssetModels.cs(836,34): warning CS1591: Missing XML comment for publicly visible type or member 'BundleUploadRequest.ManifestPreview' [/home/lysander/repos/bannou/Bannou.SDK/Bannou.SDK.csproj::TargetFramework=net9.0]
/home/lysander/repos/bannou/bannou-service/Generated/Models/AssetModels.cs(841,68): warning CS1591: Missing XML comment for publicly visible type or member 'BundleUploadRequest.AdditionalProperties' [/home/lysander/repos/bannou/Bannou.SDK/Bannou.SDK.csproj::TargetFramework=net9.0]
/home/lysander/repos/bannou/bannou-service/Generated/Models/AssetModels.cs(857,19): warning CS1591: Missing XML comment for publicly visible type or member 'BundleManifestPreview.BundleId' [/home/lysander/repos/bannou/Bannou.SDK/Bannou.SDK.csproj::TargetFramework=net9.0]
/home/lysander/repos/bannou/bannou-service/Generated/Models/AssetModels.cs(860,19): warning CS1591: Missing XML comment for publicly visible type or member 'BundleManifestPreview.Version' [/home/lysander/repos/bannou/Bannou.SDK/Bannou.SDK.csproj::TargetFramework=net9.0]
/home/lysander/repos/bannou/bannou-service/Generated/Models/AssetModels.cs(863,16): warning CS1591: Missing XML comment for publicly visible type or member 'BundleManifestPreview.AssetCount' [/home/lysander/repos/bannou/Bannou.SDK/Bannou.SDK.csproj::TargetFramework=net9.0]
/home/lysander/repos/bannou/bannou-service/Generated/Models/AssetModels.cs(868,68): warning CS1591: Missing XML comment for publicly visible type or member 'BundleManifestPreview.AdditionalProperties' [/home/lysander/repos/bannou/Bannou.SDK/Bannou.SDK.csproj::TargetFramework=net9.0]
/home/lysander/repos/bannou/bannou-service/Generated/Models/AssetModels.cs(877,13): warning CS1591: Missing XML comment for publicly visible type or member 'CreateBundleResponseStatus' [/home/lysander/repos/bannou/Bannou.SDK/Bannou.SDK.csproj::TargetFramework=net9.0]
/home/lysander/repos/bannou/bannou-service/Generated/Models/AssetModels.cs(881,5): warning CS1591: Missing XML comment for publicly visible type or member 'CreateBundleResponseStatus.Queued' [/home/lysander/repos/bannou/Bannou.SDK/Bannou.SDK.csproj::TargetFramework=net9.0]
/home/lysander/repos/bannou/bannou-service/Generated/Models/AssetModels.cs(884,5): warning CS1591: Missing XML comment for publicly visible type or member 'CreateBundleResponseStatus.Processing' [/home/lysander/repos/bannou/Bannou.SDK/Bannou.SDK.csproj::TargetFramework=net9.0]
/home/lysander/repos/bannou/bannou-service/Generated/Models/AssetModels.cs(887,5): warning CS1591: Missing XML comment for publicly visible type or member 'CreateBundleResponseStatus.Ready' [/home/lysander/repos/bannou/Bannou.SDK/Bannou.SDK.csproj::TargetFramework=net9.0]
/home/lysander/repos/bannou/bannou-service/Generated/Models/AssetModels.cs(890,5): warning CS1591: Missing XML comment for publicly visible type or member 'CreateBundleResponseStatus.Failed' [/home/lysander/repos/bannou/Bannou.SDK/Bannou.SDK.csproj::TargetFramework=net9.0]
/home/lysander/repos/bannou/bannou-service/Generated/Clients/VoiceClient.cs(19,26): warning CS1591: Missing XML comment for publicly visible type or member 'IVoiceClient' [/home/lysander/repos/bannou/Bannou.SDK/Bannou.SDK.csproj::TargetFramework=net9.0]
/home/lysander/repos/bannou/bannou-service/Generated/Clients/VoiceClient.cs(33,96): warning CS1573: Parameter 'body' has no matching param tag in the XML comment for 'IVoiceClient.CreateVoiceRoomAsync(CreateVoiceRoomRequest, CancellationToken)' (but other parameters do) [/home/lysander/repos/bannou/Bannou.SDK/Bannou.SDK.csproj::TargetFramework=net9.0]
/home/lysander/repos/bannou/bannou-service/Generated/Clients/VoiceClient.cs(45,90): warning CS1573: Parameter 'body' has no matching param tag in the XML comment for 'IVoiceClient.GetVoiceRoomAsync(GetVoiceRoomRequest, CancellationToken)' (but other parameters do) [/home/lysander/repos/bannou/Bannou.SDK/Bannou.SDK.csproj::TargetFramework=net9.0]
/home/lysander/repos/bannou/bannou-service/Generated/Clients/VoiceClient.cs(59,96): warning CS1573: Parameter 'body' has no matching param tag in the XML comment for 'IVoiceClient.JoinVoiceRoomAsync(JoinVoiceRoomRequest, CancellationToken)' (but other parameters do) [/home/lysander/repos/bannou/Bannou.SDK/Bannou.SDK.csproj::TargetFramework=net9.0]
/home/lysander/repos/bannou/bannou-service/Generated/Clients/VoiceClient.cs(71,75): warning CS1573: Parameter 'body' has no matching param tag in the XML comment for 'IVoiceClient.LeaveVoiceRoomAsync(LeaveVoiceRoomRequest, CancellationToken)' (but other parameters do) [/home/lysander/repos/bannou/Bannou.SDK/Bannou.SDK.csproj::TargetFramework=net9.0]
/home/lysander/repos/bannou/bannou-service/Generated/Clients/VoiceClient.cs(83,77): warning CS1573: Parameter 'body' has no matching param tag in the XML comment for 'IVoiceClient.DeleteVoiceRoomAsync(DeleteVoiceRoomRequest, CancellationToken)' (but other parameters do) [/home/lysander/repos/bannou/Bannou.SDK/Bannou.SDK.csproj::TargetFramework=net9.0]
/home/lysander/repos/bannou/bannou-service/Generated/Clients/VoiceClient.cs(95,73): warning CS1573: Parameter 'body' has no matching param tag in the XML comment for 'IVoiceClient.PeerHeartbeatAsync(PeerHeartbeatRequest, CancellationToken)' (but other parameters do) [/home/lysander/repos/bannou/Bannou.SDK/Bannou.SDK.csproj::TargetFramework=net9.0]
/home/lysander/repos/bannou/bannou-service/Generated/Clients/VoiceClient.cs(112,67): warning CS1573: Parameter 'body' has no matching param tag in the XML comment for 'IVoiceClient.AnswerPeerAsync(AnswerPeerRequest, CancellationToken)' (but other parameters do) [/home/lysander/repos/bannou/Bannou.SDK/Bannou.SDK.csproj::TargetFramework=net9.0]
/home/lysander/repos/bannou/bannou-service/Generated/Clients/VoiceClient.cs(116,22): warning CS1591: Missing XML comment for publicly visible type or member 'VoiceClient' [/home/lysander/repos/bannou/Bannou.SDK/Bannou.SDK.csproj::TargetFramework=net9.0]
/home/lysander/repos/bannou/bannou-service/Generated/Clients/VoiceClient.cs(136,12): warning CS1591: Missing XML comment for publicly visible type or member 'VoiceClient.VoiceClient(IMeshInvocationClient, IServiceAppMappingResolver, ILogger<VoiceClient>?)' [/home/lysander/repos/bannou/Bannou.SDK/Bannou.SDK.csproj::TargetFramework=net9.0]
/home/lysander/repos/bannou/bannou-service/Generated/Clients/VoiceClient.cs(144,54): warning CS1591: Missing XML comment for publicly visible type or member 'VoiceClient.JsonSerializerSettings' [/home/lysander/repos/bannou/Bannou.SDK/Bannou.SDK.csproj::TargetFramework=net9.0]
/home/lysander/repos/bannou/bannou-service/Generated/Clients/VoiceClient.cs(249,117): warning CS1573: Parameter 'body' has no matching param tag in the XML comment for 'VoiceClient.CreateVoiceRoomAsync(CreateVoiceRoomRequest, CancellationToken)' (but other parameters do) [/home/lysander/repos/bannou/Bannou.SDK/Bannou.SDK.csproj::TargetFramework=net9.0]
/home/lysander/repos/bannou/bannou-service/Generated/Clients/VoiceClient.cs(344,111): warning CS1573: Parameter 'body' has no matching param tag in the XML comment for 'VoiceClient.GetVoiceRoomAsync(GetVoiceRoomRequest, CancellationToken)' (but other parameters do) [/home/lysander/repos/bannou/Bannou.SDK/Bannou.SDK.csproj::TargetFramework=net9.0]
/home/lysander/repos/bannou/bannou-service/Generated/Clients/VoiceClient.cs(435,117): warning CS1573: Parameter 'body' has no matching param tag in the XML comment for 'VoiceClient.JoinVoiceRoomAsync(JoinVoiceRoomRequest, CancellationToken)' (but other parameters do) [/home/lysander/repos/bannou/Bannou.SDK/Bannou.SDK.csproj::TargetFramework=net9.0]
/home/lysander/repos/bannou/bannou-service/Generated/Clients/VoiceClient.cs(536,96): warning CS1573: Parameter 'body' has no matching param tag in the XML comment for 'VoiceClient.LeaveVoiceRoomAsync(LeaveVoiceRoomRequest, CancellationToken)' (but other parameters do) [/home/lysander/repos/bannou/Bannou.SDK/Bannou.SDK.csproj::TargetFramework=net9.0]
/home/lysander/repos/bannou/bannou-service/Generated/Clients/VoiceClient.cs(619,98): warning CS1573: Parameter 'body' has no matching param tag in the XML comment for 'VoiceClient.DeleteVoiceRoomAsync(DeleteVoiceRoomRequest, CancellationToken)' (but other parameters do) [/home/lysander/repos/bannou/Bannou.SDK/Bannou.SDK.csproj::TargetFramework=net9.0]
/home/lysander/repos/bannou/bannou-service/Generated/Clients/VoiceClient.cs(702,94): warning CS1573: Parameter 'body' has no matching param tag in the XML comment for 'VoiceClient.PeerHeartbeatAsync(PeerHeartbeatRequest, CancellationToken)' (but other parameters do) [/home/lysander/repos/bannou/Bannou.SDK/Bannou.SDK.csproj::TargetFramework=net9.0]
/home/lysander/repos/bannou/bannou-service/Generated/Clients/VoiceClient.cs(790,88): warning CS1573: Parameter 'body' has no matching param tag in the XML comment for 'VoiceClient.AnswerPeerAsync(AnswerPeerRequest, CancellationToken)' (but other parameters do) [/home/lysander/repos/bannou/Bannou.SDK/Bannou.SDK.csproj::TargetFramework=net9.0]
/home/lysander/repos/bannou/bannou-service/Generated/Clients/VoiceClient.cs(869,22): warning CS1591: Missing XML comment for publicly visible type or member 'VoiceClient.ObjectResponseResult<T>' [/home/lysander/repos/bannou/Bannou.SDK/Bannou.SDK.csproj::TargetFramework=net9.0]
/home/lysander/repos/bannou/bannou-service/Generated/Clients/VoiceClient.cs(871,16): warning CS1591: Missing XML comment for publicly visible type or member 'VoiceClient.ObjectResponseResult<T>.ObjectResponseResult(T, string)' [/home/lysander/repos/bannou/Bannou.SDK/Bannou.SDK.csproj::TargetFramework=net9.0]
/home/lysander/repos/bannou/bannou-service/Generated/Clients/VoiceClient.cs(877,18): warning CS1591: Missing XML comment for publicly visible type or member 'VoiceClient.ObjectResponseResult<T>.Object' [/home/lysander/repos/bannou/Bannou.SDK/Bannou.SDK.csproj::TargetFramework=net9.0]
/home/lysander/repos/bannou/bannou-service/Generated/Clients/VoiceClient.cs(879,23): warning CS1591: Missing XML comment for publicly visible type or member 'VoiceClient.ObjectResponseResult<T>.Text' [/home/lysander/repos/bannou/Bannou.SDK/Bannou.SDK.csproj::TargetFramework=net9.0]
/home/lysander/repos/bannou/bannou-service/Generated/Clients/VoiceClient.cs(902,17): warning CS1591: Missing XML comment for publicly visible type or member 'VoiceClient.ReadResponseAsString' [/home/lysander/repos/bannou/Bannou.SDK/Bannou.SDK.csproj::TargetFramework=net9.0]
/home/lysander/repos/bannou/bannou-service/Generated/Clients/VoiceClient.cs(904,86): warning CS1591: Missing XML comment for publicly visible type or member 'VoiceClient.ReadObjectResponseAsync<T>(HttpResponseMessage, IReadOnlyDictionary<string, IEnumerable<string>>, CancellationToken)' [/home/lysander/repos/bannou/Bannou.SDK/Bannou.SDK.csproj::TargetFramework=net9.0]
/home/lysander/repos/bannou/bannou-service/Generated/Models/VoiceModels.cs(28,5): warning CS1591: Missing XML comment for publicly visible type or member 'VoiceTier.P2p' [/home/lysander/repos/bannou/Bannou.SDK/Bannou.SDK.csproj::TargetFramework=net9.0]
/home/lysander/repos/bannou/bannou-service/Generated/Models/VoiceModels.cs(31,5): warning CS1591: Missing XML comment for publicly visible type or member 'VoiceTier.Scaled' [/home/lysander/repos/bannou/Bannou.SDK/Bannou.SDK.csproj::TargetFramework=net9.0]
/home/lysander/repos/bannou/bannou-service/Generated/Models/VoiceModels.cs(43,5): warning CS1591: Missing XML comment for publicly visible type or member 'VoiceCodec.Opus' [/home/lysander/repos/bannou/Bannou.SDK/Bannou.SDK.csproj::TargetFramework=net9.0]
/home/lysander/repos/bannou/bannou-service/Generated/Models/VoiceModels.cs(46,5): warning CS1591: Missing XML comment for publicly visible type or member 'VoiceCodec.G711' [/home/lysander/repos/bannou/Bannou.SDK/Bannou.SDK.csproj::TargetFramework=net9.0]
/home/lysander/repos/bannou/bannou-service/Generated/Models/VoiceModels.cs(49,5): warning CS1591: Missing XML comment for publicly visible type or member 'VoiceCodec.G722' [/home/lysander/repos/bannou/Bannou.SDK/Bannou.SDK.csproj::TargetFramework=net9.0]
/home/lysander/repos/bannou/bannou-service/Generated/Models/VoiceModels.cs(92,68): warning CS1591: Missing XML comment for publicly visible type or member 'CreateVoiceRoomRequest.AdditionalProperties' [/home/lysander/repos/bannou/Bannou.SDK/Bannou.SDK.csproj::TargetFramework=net9.0]
/home/lysander/repos/bannou/bannou-service/Generated/Models/VoiceModels.cs(118,68): warning CS1591: Missing XML comment for publicly visible type or member 'GetVoiceRoomRequest.AdditionalProperties' [/home/lysander/repos/bannou/Bannou.SDK/Bannou.SDK.csproj::TargetFramework=net9.0]
/home/lysander/repos/bannou/bannou-service/Generated/Models/VoiceModels.cs(167,68): warning CS1591: Missing XML comment for publicly visible type or member 'JoinVoiceRoomRequest.AdditionalProperties' [/home/lysander/repos/bannou/Bannou.SDK/Bannou.SDK.csproj::TargetFramework=net9.0]
/home/lysander/repos/bannou/bannou-service/Generated/Models/VoiceModels.cs(201,68): warning CS1591: Missing XML comment for publicly visible type or member 'LeaveVoiceRoomRequest.AdditionalProperties' [/home/lysander/repos/bannou/Bannou.SDK/Bannou.SDK.csproj::TargetFramework=net9.0]
/home/lysander/repos/bannou/bannou-service/Generated/Models/VoiceModels.cs(233,68): warning CS1591: Missing XML comment for publicly visible type or member 'DeleteVoiceRoomRequest.AdditionalProperties' [/home/lysander/repos/bannou/Bannou.SDK/Bannou.SDK.csproj::TargetFramework=net9.0]
/home/lysander/repos/bannou/bannou-service/Generated/Models/VoiceModels.cs(267,68): warning CS1591: Missing XML comment for publicly visible type or member 'PeerHeartbeatRequest.AdditionalProperties' [/home/lysander/repos/bannou/Bannou.SDK/Bannou.SDK.csproj::TargetFramework=net9.0]
/home/lysander/repos/bannou/bannou-service/Generated/Models/VoiceModels.cs(325,68): warning CS1591: Missing XML comment for publicly visible type or member 'AnswerPeerRequest.AdditionalProperties' [/home/lysander/repos/bannou/Bannou.SDK/Bannou.SDK.csproj::TargetFramework=net9.0]
/home/lysander/repos/bannou/bannou-service/Generated/Models/VoiceModels.cs(407,68): warning CS1591: Missing XML comment for publicly visible type or member 'VoiceRoomResponse.AdditionalProperties' [/home/lysander/repos/bannou/Bannou.SDK/Bannou.SDK.csproj::TargetFramework=net9.0]
/home/lysander/repos/bannou/bannou-service/Generated/Models/VoiceModels.cs(479,68): warning CS1591: Missing XML comment for publicly visible type or member 'JoinVoiceRoomResponse.AdditionalProperties' [/home/lysander/repos/bannou/Bannou.SDK/Bannou.SDK.csproj::TargetFramework=net9.0]
/home/lysander/repos/bannou/bannou-service/Generated/Models/VoiceModels.cs(523,68): warning CS1591: Missing XML comment for publicly visible type or member 'SipEndpoint.AdditionalProperties' [/home/lysander/repos/bannou/Bannou.SDK/Bannou.SDK.csproj::TargetFramework=net9.0]
/home/lysander/repos/bannou/bannou-service/Generated/Models/VoiceModels.cs(569,68): warning CS1591: Missing XML comment for publicly visible type or member 'VoiceParticipant.AdditionalProperties' [/home/lysander/repos/bannou/Bannou.SDK/Bannou.SDK.csproj::TargetFramework=net9.0]
/home/lysander/repos/bannou/bannou-service/Generated/Models/VoiceModels.cs(609,68): warning CS1591: Missing XML comment for publicly visible type or member 'VoicePeer.AdditionalProperties' [/home/lysander/repos/bannou/Bannou.SDK/Bannou.SDK.csproj::TargetFramework=net9.0]
/home/lysander/repos/bannou/bannou-service/Generated/Clients/LocationClient.cs(19,26): warning CS1591: Missing XML comment for publicly visible type or member 'ILocationClient' [/home/lysander/repos/bannou/Bannou.SDK/Bannou.SDK.csproj::TargetFramework=net9.0]
/home/lysander/repos/bannou/bannou-service/Generated/Clients/LocationClient.cs(28,87): warning CS1573: Parameter 'body' has no matching param tag in the XML comment for 'ILocationClient.GetLocationAsync(GetLocationRequest, CancellationToken)' (but other parameters do) [/home/lysander/repos/bannou/Bannou.SDK/Bannou.SDK.csproj::TargetFramework=net9.0]
/home/lysander/repos/bannou/bannou-service/Generated/Clients/LocationClient.cs(39,99): warning CS1573: Parameter 'body' has no matching param tag in the XML comment for 'ILocationClient.GetLocationByCodeAsync(GetLocationByCodeRequest, CancellationToken)' (but other parameters do) [/home/lysander/repos/bannou/Bannou.SDK/Bannou.SDK.csproj::TargetFramework=net9.0]
/home/lysander/repos/bannou/bannou-service/Generated/Clients/LocationClient.cs(50,95): warning CS1573: Parameter 'body' has no matching param tag in the XML comment for 'ILocationClient.ListLocationsAsync(ListLocationsRequest, CancellationToken)' (but other parameters do) [/home/lysander/repos/bannou/Bannou.SDK/Bannou.SDK.csproj::TargetFramework=net9.0]
/home/lysander/repos/bannou/bannou-service/Generated/Clients/LocationClient.cs(63,109): warning CS1573: Parameter 'body' has no matching param tag in the XML comment for 'ILocationClient.ListLocationsByRealmAsync(ListLocationsByRealmRequest, CancellationToken)' (but other parameters do) [/home/lysander/repos/bannou/Bannou.SDK/Bannou.SDK.csproj::TargetFramework=net9.0]
/home/lysander/repos/bannou/bannou-service/Generated/Clients/LocationClient.cs(75,111): warning CS1573: Parameter 'body' has no matching param tag in the XML comment for 'ILocationClient.ListLocationsByParentAsync(ListLocationsByParentRequest, CancellationToken)' (but other parameters do) [/home/lysander/repos/bannou/Bannou.SDK/Bannou.SDK.csproj::TargetFramework=net9.0]
/home/lysander/repos/bannou/bannou-service/Generated/Clients/LocationClient.cs(87,103): warning CS1573: Parameter 'body' has no matching param tag in the XML comment for 'ILocationClient.ListRootLocationsAsync(ListRootLocationsRequest, CancellationToken)' (but other parameters do) [/home/lysander/repos/bannou/Bannou.SDK/Bannou.SDK.csproj::TargetFramework=net9.0]
/home/lysander/repos/bannou/bannou-service/Generated/Clients/LocationClient.cs(100,109): warning CS1573: Parameter 'body' has no matching param tag in the XML comment for 'ILocationClient.GetLocationAncestorsAsync(GetLocationAncestorsRequest, CancellationToken)' (but other parameters do) [/home/lysander/repos/bannou/Bannou.SDK/Bannou.SDK.csproj::TargetFramework=net9.0]
/home/lysander/repos/bannou/bannou-service/Generated/Clients/LocationClient.cs(113,113): warning CS1573: Parameter 'body' has no matching param tag in the XML comment for 'ILocationClient.GetLocationDescendantsAsync(GetLocationDescendantsRequest, CancellationToken)' (but other parameters do) [/home/lysander/repos/bannou/Bannou.SDK/Bannou.SDK.csproj::TargetFramework=net9.0]
/home/lysander/repos/bannou/bannou-service/Generated/Clients/LocationClient.cs(121,93): warning CS1573: Parameter 'body' has no matching param tag in the XML comment for 'ILocationClient.CreateLocationAsync(CreateLocationRequest, CancellationToken)' (but other parameters do) [/home/lysander/repos/bannou/Bannou.SDK/Bannou.SDK.csproj::TargetFramework=net9.0]
/home/lysander/repos/bannou/bannou-service/Generated/Clients/LocationClient.cs(129,93): warning CS1573: Parameter 'body' has no matching param tag in the XML comment for 'ILocationClient.UpdateLocationAsync(UpdateLocationRequest, CancellationToken)' (but other parameters do) [/home/lysander/repos/bannou/Bannou.SDK/Bannou.SDK.csproj::TargetFramework=net9.0]
/home/lysander/repos/bannou/bannou-service/Generated/Clients/LocationClient.cs(144,99): warning CS1573: Parameter 'body' has no matching param tag in the XML comment for 'ILocationClient.SetLocationParentAsync(SetLocationParentRequest, CancellationToken)' (but other parameters do) [/home/lysander/repos/bannou/Bannou.SDK/Bannou.SDK.csproj::TargetFramework=net9.0]
/home/lysander/repos/bannou/bannou-service/Generated/Clients/LocationClient.cs(156,105): warning CS1573: Parameter 'body' has no matching param tag in the XML comment for 'ILocationClient.RemoveLocationParentAsync(RemoveLocationParentRequest, CancellationToken)' (but other parameters do) [/home/lysander/repos/bannou/Bannou.SDK/Bannou.SDK.csproj::TargetFramework=net9.0]
/home/lysander/repos/bannou/bannou-service/Generated/Clients/LocationClient.cs(171,75): warning CS1573: Parameter 'body' has no matching param tag in the XML comment for 'ILocationClient.DeleteLocationAsync(DeleteLocationRequest, CancellationToken)' (but other parameters do) [/home/lysander/repos/bannou/Bannou.SDK/Bannou.SDK.csproj::TargetFramework=net9.0]
/home/lysander/repos/bannou/bannou-service/Generated/Clients/LocationClient.cs(186,99): warning CS1573: Parameter 'body' has no matching param tag in the XML comment for 'ILocationClient.DeprecateLocationAsync(DeprecateLocationRequest, CancellationToken)' (but other parameters do) [/home/lysander/repos/bannou/Bannou.SDK/Bannou.SDK.csproj::TargetFramework=net9.0]
/home/lysander/repos/bannou/bannou-service/Generated/Clients/LocationClient.cs(198,103): warning CS1573: Parameter 'body' has no matching param tag in the XML comment for 'ILocationClient.UndeprecateLocationAsync(UndeprecateLocationRequest, CancellationToken)' (but other parameters do) [/home/lysander/repos/bannou/Bannou.SDK/Bannou.SDK.csproj::TargetFramework=net9.0]
/home/lysander/repos/bannou/bannou-service/Generated/Clients/LocationClient.cs(210,99): warning CS1573: Parameter 'body' has no matching param tag in the XML comment for 'ILocationClient.LocationExistsAsync(LocationExistsRequest, CancellationToken)' (but other parameters do) [/home/lysander/repos/bannou/Bannou.SDK/Bannou.SDK.csproj::TargetFramework=net9.0]
/home/lysander/repos/bannou/bannou-service/Generated/Clients/LocationClient.cs(224,96): warning CS1573: Parameter 'body' has no matching param tag in the XML comment for 'ILocationClient.SeedLocationsAsync(SeedLocationsRequest, CancellationToken)' (but other parameters do) [/home/lysander/repos/bannou/Bannou.SDK/Bannou.SDK.csproj::TargetFramework=net9.0]
/home/lysander/repos/bannou/bannou-service/Generated/Clients/LocationClient.cs(228,22): warning CS1591: Missing XML comment for publicly visible type or member 'LocationClient' [/home/lysander/repos/bannou/Bannou.SDK/Bannou.SDK.csproj::TargetFramework=net9.0]
/home/lysander/repos/bannou/bannou-service/Generated/Clients/LocationClient.cs(248,12): warning CS1591: Missing XML comment for publicly visible type or member 'LocationClient.LocationClient(IMeshInvocationClient, IServiceAppMappingResolver, ILogger<LocationClient>?)' [/home/lysander/repos/bannou/Bannou.SDK/Bannou.SDK.csproj::TargetFramework=net9.0]
/home/lysander/repos/bannou/bannou-service/Generated/Clients/LocationClient.cs(256,54): warning CS1591: Missing XML comment for publicly visible type or member 'LocationClient.JsonSerializerSettings' [/home/lysander/repos/bannou/Bannou.SDK/Bannou.SDK.csproj::TargetFramework=net9.0]
/home/lysander/repos/bannou/bannou-service/Generated/Clients/LocationClient.cs(356,108): warning CS1573: Parameter 'body' has no matching param tag in the XML comment for 'LocationClient.GetLocationAsync(GetLocationRequest, CancellationToken)' (but other parameters do) [/home/lysander/repos/bannou/Bannou.SDK/Bannou.SDK.csproj::TargetFramework=net9.0]
/home/lysander/repos/bannou/bannou-service/Generated/Clients/LocationClient.cs(444,120): warning CS1573: Parameter 'body' has no matching param tag in the XML comment for 'LocationClient.GetLocationByCodeAsync(GetLocationByCodeRequest, CancellationToken)' (but other parameters do) [/home/lysander/repos/bannou/Bannou.SDK/Bannou.SDK.csproj::TargetFramework=net9.0]
/home/lysander/repos/bannou/bannou-service/Generated/Clients/LocationClient.cs(532,116): warning CS1573: Parameter 'body' has no matching param tag in the XML comment for 'LocationClient.ListLocationsAsync(ListLocationsRequest, CancellationToken)' (but other parameters do) [/home/lysander/repos/bannou/Bannou.SDK/Bannou.SDK.csproj::TargetFramework=net9.0]
/home/lysander/repos/bannou/bannou-service/Generated/Clients/LocationClient.cs(616,130): warning CS1573: Parameter 'body' has no matching param tag in the XML comment for 'LocationClient.ListLocationsByRealmAsync(ListLocationsByRealmRequest, CancellationToken)' (but other parameters do) [/home/lysander/repos/bannou/Bannou.SDK/Bannou.SDK.csproj::TargetFramework=net9.0]
/home/lysander/repos/bannou/bannou-service/Generated/Clients/LocationClient.cs(699,132): warning CS1573: Parameter 'body' has no matching param tag in the XML comment for 'LocationClient.ListLocationsByParentAsync(ListLocationsByParentRequest, CancellationToken)' (but other parameters do) [/home/lysander/repos/bannou/Bannou.SDK/Bannou.SDK.csproj::TargetFramework=net9.0]
/home/lysander/repos/bannou/bannou-service/Generated/Clients/LocationClient.cs(788,124): warning CS1573: Parameter 'body' has no matching param tag in the XML comment for 'LocationClient.ListRootLocationsAsync(ListRootLocationsRequest, CancellationToken)' (but other parameters do) [/home/lysander/repos/bannou/Bannou.SDK/Bannou.SDK.csproj::TargetFramework=net9.0]
/home/lysander/repos/bannou/bannou-service/Generated/Clients/LocationClient.cs(872,130): warning CS1573: Parameter 'body' has no matching param tag in the XML comment for 'LocationClient.GetLocationAncestorsAsync(GetLocationAncestorsRequest, CancellationToken)' (but other parameters do) [/home/lysander/repos/bannou/Bannou.SDK/Bannou.SDK.csproj::TargetFramework=net9.0]
/home/lysander/repos/bannou/bannou-service/Generated/Clients/LocationClient.cs(962,134): warning CS1573: Parameter 'body' has no matching param tag in the XML comment for 'LocationClient.GetLocationDescendantsAsync(GetLocationDescendantsRequest, CancellationToken)' (but other parameters do) [/home/lysander/repos/bannou/Bannou.SDK/Bannou.SDK.csproj::TargetFramework=net9.0]
/home/lysander/repos/bannou/bannou-service/Generated/Clients/LocationClient.cs(1047,114): warning CS1573: Parameter 'body' has no matching param tag in the XML comment for 'LocationClient.CreateLocationAsync(CreateLocationRequest, CancellationToken)' (but other parameters do) [/home/lysander/repos/bannou/Bannou.SDK/Bannou.SDK.csproj::TargetFramework=net9.0]
/home/lysander/repos/bannou/bannou-service/Generated/Clients/LocationClient.cs(1138,114): warning CS1573: Parameter 'body' has no matching param tag in the XML comment for 'LocationClient.UpdateLocationAsync(UpdateLocationRequest, CancellationToken)' (but other parameters do) [/home/lysander/repos/bannou/Bannou.SDK/Bannou.SDK.csproj::TargetFramework=net9.0]
/home/lysander/repos/bannou/bannou-service/Generated/Clients/LocationClient.cs(1236,120): warning CS1573: Parameter 'body' has no matching param tag in the XML comment for 'LocationClient.SetLocationParentAsync(SetLocationParentRequest, CancellationToken)' (but other parameters do) [/home/lysander/repos/bannou/Bannou.SDK/Bannou.SDK.csproj::TargetFramework=net9.0]
/home/lysander/repos/bannou/bannou-service/Generated/Clients/LocationClient.cs(1331,126): warning CS1573: Parameter 'body' has no matching param tag in the XML comment for 'LocationClient.RemoveLocationParentAsync(RemoveLocationParentRequest, CancellationToken)' (but other parameters do) [/home/lysander/repos/bannou/Bannou.SDK/Bannou.SDK.csproj::TargetFramework=net9.0]
/home/lysander/repos/bannou/bannou-service/Generated/Clients/LocationClient.cs(1423,96): warning CS1573: Parameter 'body' has no matching param tag in the XML comment for 'LocationClient.DeleteLocationAsync(DeleteLocationRequest, CancellationToken)' (but other parameters do) [/home/lysander/repos/bannou/Bannou.SDK/Bannou.SDK.csproj::TargetFramework=net9.0]
/home/lysander/repos/bannou/bannou-service/Generated/Clients/LocationClient.cs(1515,120): warning CS1573: Parameter 'body' has no matching param tag in the XML comment for 'LocationClient.DeprecateLocationAsync(DeprecateLocationRequest, CancellationToken)' (but other parameters do) [/home/lysander/repos/bannou/Bannou.SDK/Bannou.SDK.csproj::TargetFramework=net9.0]
/home/lysander/repos/bannou/bannou-service/Generated/Clients/LocationClient.cs(1610,124): warning CS1573: Parameter 'body' has no matching param tag in the XML comment for 'LocationClient.UndeprecateLocationAsync(UndeprecateLocationRequest, CancellationToken)' (but other parameters do) [/home/lysander/repos/bannou/Bannou.SDK/Bannou.SDK.csproj::TargetFramework=net9.0]
/home/lysander/repos/bannou/bannou-service/Generated/Clients/LocationClient.cs(1705,120): warning CS1573: Parameter 'body' has no matching param tag in the XML comment for 'LocationClient.LocationExistsAsync(LocationExistsRequest, CancellationToken)' (but other parameters do) [/home/lysander/repos/bannou/Bannou.SDK/Bannou.SDK.csproj::TargetFramework=net9.0]
/home/lysander/repos/bannou/bannou-service/Generated/Clients/LocationClient.cs(1790,117): warning CS1573: Parameter 'body' has no matching param tag in the XML comment for 'LocationClient.SeedLocationsAsync(SeedLocationsRequest, CancellationToken)' (but other parameters do) [/home/lysander/repos/bannou/Bannou.SDK/Bannou.SDK.csproj::TargetFramework=net9.0]
/home/lysander/repos/bannou/bannou-service/Generated/Clients/LocationClient.cs(1869,22): warning CS1591: Missing XML comment for publicly visible type or member 'LocationClient.ObjectResponseResult<T>' [/home/lysander/repos/bannou/Bannou.SDK/Bannou.SDK.csproj::TargetFramework=net9.0]
/home/lysander/repos/bannou/bannou-service/Generated/Clients/LocationClient.cs(1871,16): warning CS1591: Missing XML comment for publicly visible type or member 'LocationClient.ObjectResponseResult<T>.ObjectResponseResult(T, string)' [/home/lysander/repos/bannou/Bannou.SDK/Bannou.SDK.csproj::TargetFramework=net9.0]
/home/lysander/repos/bannou/bannou-service/Generated/Clients/LocationClient.cs(1877,18): warning CS1591: Missing XML comment for publicly visible type or member 'LocationClient.ObjectResponseResult<T>.Object' [/home/lysander/repos/bannou/Bannou.SDK/Bannou.SDK.csproj::TargetFramework=net9.0]
/home/lysander/repos/bannou/bannou-service/Generated/Clients/LocationClient.cs(1879,23): warning CS1591: Missing XML comment for publicly visible type or member 'LocationClient.ObjectResponseResult<T>.Text' [/home/lysander/repos/bannou/Bannou.SDK/Bannou.SDK.csproj::TargetFramework=net9.0]
/home/lysander/repos/bannou/bannou-service/Generated/Clients/LocationClient.cs(1902,17): warning CS1591: Missing XML comment for publicly visible type or member 'LocationClient.ReadResponseAsString' [/home/lysander/repos/bannou/Bannou.SDK/Bannou.SDK.csproj::TargetFramework=net9.0]
/home/lysander/repos/bannou/bannou-service/Generated/Clients/LocationClient.cs(1904,86): warning CS1591: Missing XML comment for publicly visible type or member 'LocationClient.ReadObjectResponseAsync<T>(HttpResponseMessage, IReadOnlyDictionary<string, IEnumerable<string>>, CancellationToken)' [/home/lysander/repos/bannou/Bannou.SDK/Bannou.SDK.csproj::TargetFramework=net9.0]
/home/lysander/repos/bannou/bannou-service/Generated/Models/LocationModels.cs(25,5): warning CS1591: Missing XML comment for publicly visible type or member 'LocationType.CONTINENT' [/home/lysander/repos/bannou/Bannou.SDK/Bannou.SDK.csproj::TargetFramework=net9.0]
/home/lysander/repos/bannou/bannou-service/Generated/Models/LocationModels.cs(28,5): warning CS1591: Missing XML comment for publicly visible type or member 'LocationType.REGION' [/home/lysander/repos/bannou/Bannou.SDK/Bannou.SDK.csproj::TargetFramework=net9.0]
/home/lysander/repos/bannou/bannou-service/Generated/Models/LocationModels.cs(31,5): warning CS1591: Missing XML comment for publicly visible type or member 'LocationType.CITY' [/home/lysander/repos/bannou/Bannou.SDK/Bannou.SDK.csproj::TargetFramework=net9.0]
/home/lysander/repos/bannou/bannou-service/Generated/Models/LocationModels.cs(34,5): warning CS1591: Missing XML comment for publicly visible type or member 'LocationType.DISTRICT' [/home/lysander/repos/bannou/Bannou.SDK/Bannou.SDK.csproj::TargetFramework=net9.0]
/home/lysander/repos/bannou/bannou-service/Generated/Models/LocationModels.cs(37,5): warning CS1591: Missing XML comment for publicly visible type or member 'LocationType.BUILDING' [/home/lysander/repos/bannou/Bannou.SDK/Bannou.SDK.csproj::TargetFramework=net9.0]
/home/lysander/repos/bannou/bannou-service/Generated/Models/LocationModels.cs(40,5): warning CS1591: Missing XML comment for publicly visible type or member 'LocationType.ROOM' [/home/lysander/repos/bannou/Bannou.SDK/Bannou.SDK.csproj::TargetFramework=net9.0]
/home/lysander/repos/bannou/bannou-service/Generated/Models/LocationModels.cs(43,5): warning CS1591: Missing XML comment for publicly visible type or member 'LocationType.LANDMARK' [/home/lysander/repos/bannou/Bannou.SDK/Bannou.SDK.csproj::TargetFramework=net9.0]
/home/lysander/repos/bannou/bannou-service/Generated/Models/LocationModels.cs(46,5): warning CS1591: Missing XML comment for publicly visible type or member 'LocationType.WILDERNESS' [/home/lysander/repos/bannou/Bannou.SDK/Bannou.SDK.csproj::TargetFramework=net9.0]
/home/lysander/repos/bannou/bannou-service/Generated/Models/LocationModels.cs(49,5): warning CS1591: Missing XML comment for publicly visible type or member 'LocationType.DUNGEON' [/home/lysander/repos/bannou/Bannou.SDK/Bannou.SDK.csproj::TargetFramework=net9.0]
/home/lysander/repos/bannou/bannou-service/Generated/Models/LocationModels.cs(52,5): warning CS1591: Missing XML comment for publicly visible type or member 'LocationType.OTHER' [/home/lysander/repos/bannou/Bannou.SDK/Bannou.SDK.csproj::TargetFramework=net9.0]
/home/lysander/repos/bannou/bannou-service/Generated/Models/LocationModels.cs(57,22): warning CS1591: Missing XML comment for publicly visible type or member 'GetLocationRequest' [/home/lysander/repos/bannou/Bannou.SDK/Bannou.SDK.csproj::TargetFramework=net9.0]
/home/lysander/repos/bannou/bannou-service/Generated/Models/LocationModels.cs(71,68): warning CS1591: Missing XML comment for publicly visible type or member 'GetLocationRequest.AdditionalProperties' [/home/lysander/repos/bannou/Bannou.SDK/Bannou.SDK.csproj::TargetFramework=net9.0]
/home/lysander/repos/bannou/bannou-service/Generated/Models/LocationModels.cs(80,22): warning CS1591: Missing XML comment for publicly visible type or member 'GetLocationByCodeRequest' [/home/lysander/repos/bannou/Bannou.SDK/Bannou.SDK.csproj::TargetFramework=net9.0]
/home/lysander/repos/bannou/bannou-service/Generated/Models/LocationModels.cs(104,68): warning CS1591: Missing XML comment for publicly visible type or member 'GetLocationByCodeRequest.AdditionalProperties' [/home/lysander/repos/bannou/Bannou.SDK/Bannou.SDK.csproj::TargetFramework=net9.0]
/home/lysander/repos/bannou/bannou-service/Generated/Models/LocationModels.cs(113,22): warning CS1591: Missing XML comment for publicly visible type or member 'ListLocationsRequest' [/home/lysander/repos/bannou/Bannou.SDK/Bannou.SDK.csproj::TargetFramework=net9.0]
/home/lysander/repos/bannou/bannou-service/Generated/Models/LocationModels.cs(137,16): warning CS1591: Missing XML comment for publicly visible type or member 'ListLocationsRequest.Page' [/home/lysander/repos/bannou/Bannou.SDK/Bannou.SDK.csproj::TargetFramework=net9.0]
/home/lysander/repos/bannou/bannou-service/Generated/Models/LocationModels.cs(141,16): warning CS1591: Missing XML comment for publicly visible type or member 'ListLocationsRequest.PageSize' [/home/lysander/repos/bannou/Bannou.SDK/Bannou.SDK.csproj::TargetFramework=net9.0]
/home/lysander/repos/bannou/bannou-service/Generated/Models/LocationModels.cs(146,68): warning CS1591: Missing XML comment for publicly visible type or member 'ListLocationsRequest.AdditionalProperties' [/home/lysander/repos/bannou/Bannou.SDK/Bannou.SDK.csproj::TargetFramework=net9.0]
/home/lysander/repos/bannou/bannou-service/Generated/Models/LocationModels.cs(155,22): warning CS1591: Missing XML comment for publicly visible type or member 'ListLocationsByRealmRequest' [/home/lysander/repos/bannou/Bannou.SDK/Bannou.SDK.csproj::TargetFramework=net9.0]
/home/lysander/repos/bannou/bannou-service/Generated/Models/LocationModels.cs(174,17): warning CS1591: Missing XML comment for publicly visible type or member 'ListLocationsByRealmRequest.IncludeDeprecated' [/home/lysander/repos/bannou/Bannou.SDK/Bannou.SDK.csproj::TargetFramework=net9.0]
/home/lysander/repos/bannou/bannou-service/Generated/Models/LocationModels.cs(178,16): warning CS1591: Missing XML comment for publicly visible type or member 'ListLocationsByRealmRequest.Page' [/home/lysander/repos/bannou/Bannou.SDK/Bannou.SDK.csproj::TargetFramework=net9.0]
/home/lysander/repos/bannou/bannou-service/Generated/Models/LocationModels.cs(182,16): warning CS1591: Missing XML comment for publicly visible type or member 'ListLocationsByRealmRequest.PageSize' [/home/lysander/repos/bannou/Bannou.SDK/Bannou.SDK.csproj::TargetFramework=net9.0]
/home/lysander/repos/bannou/bannou-service/Generated/Models/LocationModels.cs(187,68): warning CS1591: Missing XML comment for publicly visible type or member 'ListLocationsByRealmRequest.AdditionalProperties' [/home/lysander/repos/bannou/Bannou.SDK/Bannou.SDK.csproj::TargetFramework=net9.0]
/home/lysander/repos/bannou/bannou-service/Generated/Models/LocationModels.cs(196,22): warning CS1591: Missing XML comment for publicly visible type or member 'ListLocationsByParentRequest' [/home/lysander/repos/bannou/Bannou.SDK/Bannou.SDK.csproj::TargetFramework=net9.0]
/home/lysander/repos/bannou/bannou-service/Generated/Models/LocationModels.cs(215,17): warning CS1591: Missing XML comment for publicly visible type or member 'ListLocationsByParentRequest.IncludeDeprecated' [/home/lysander/repos/bannou/Bannou.SDK/Bannou.SDK.csproj::TargetFramework=net9.0]
/home/lysander/repos/bannou/bannou-service/Generated/Models/LocationModels.cs(219,16): warning CS1591: Missing XML comment for publicly visible type or member 'ListLocationsByParentRequest.Page' [/home/lysander/repos/bannou/Bannou.SDK/Bannou.SDK.csproj::TargetFramework=net9.0]
/home/lysander/repos/bannou/bannou-service/Generated/Models/LocationModels.cs(223,16): warning CS1591: Missing XML comment for publicly visible type or member 'ListLocationsByParentRequest.PageSize' [/home/lysander/repos/bannou/Bannou.SDK/Bannou.SDK.csproj::TargetFramework=net9.0]
/home/lysander/repos/bannou/bannou-service/Generated/Models/LocationModels.cs(228,68): warning CS1591: Missing XML comment for publicly visible type or member 'ListLocationsByParentRequest.AdditionalProperties' [/home/lysander/repos/bannou/Bannou.SDK/Bannou.SDK.csproj::TargetFramework=net9.0]
/home/lysander/repos/bannou/bannou-service/Generated/Models/LocationModels.cs(237,22): warning CS1591: Missing XML comment for publicly visible type or member 'ListRootLocationsRequest' [/home/lysander/repos/bannou/Bannou.SDK/Bannou.SDK.csproj::TargetFramework=net9.0]
/home/lysander/repos/bannou/bannou-service/Generated/Models/LocationModels.cs(256,17): warning CS1591: Missing XML comment for publicly visible type or member 'ListRootLocationsRequest.IncludeDeprecated' [/home/lysander/repos/bannou/Bannou.SDK/Bannou.SDK.csproj::TargetFramework=net9.0]
/home/lysander/repos/bannou/bannou-service/Generated/Models/LocationModels.cs(260,16): warning CS1591: Missing XML comment for publicly visible type or member 'ListRootLocationsRequest.Page' [/home/lysander/repos/bannou/Bannou.SDK/Bannou.SDK.csproj::TargetFramework=net9.0]
/home/lysander/repos/bannou/bannou-service/Generated/Models/LocationModels.cs(264,16): warning CS1591: Missing XML comment for publicly visible type or member 'ListRootLocationsRequest.PageSize' [/home/lysander/repos/bannou/Bannou.SDK/Bannou.SDK.csproj::TargetFramework=net9.0]
/home/lysander/repos/bannou/bannou-service/Generated/Models/LocationModels.cs(269,68): warning CS1591: Missing XML comment for publicly visible type or member 'ListRootLocationsRequest.AdditionalProperties' [/home/lysander/repos/bannou/Bannou.SDK/Bannou.SDK.csproj::TargetFramework=net9.0]
/home/lysander/repos/bannou/bannou-service/Generated/Models/LocationModels.cs(278,22): warning CS1591: Missing XML comment for publicly visible type or member 'GetLocationAncestorsRequest' [/home/lysander/repos/bannou/Bannou.SDK/Bannou.SDK.csproj::TargetFramework=net9.0]
/home/lysander/repos/bannou/bannou-service/Generated/Models/LocationModels.cs(292,68): warning CS1591: Missing XML comment for publicly visible type or member 'GetLocationAncestorsRequest.AdditionalProperties' [/home/lysander/repos/bannou/Bannou.SDK/Bannou.SDK.csproj::TargetFramework=net9.0]
/home/lysander/repos/bannou/bannou-service/Generated/Models/LocationModels.cs(301,22): warning CS1591: Missing XML comment for publicly visible type or member 'GetLocationDescendantsRequest' [/home/lysander/repos/bannou/Bannou.SDK/Bannou.SDK.csproj::TargetFramework=net9.0]
/home/lysander/repos/bannou/bannou-service/Generated/Models/LocationModels.cs(327,17): warning CS1591: Missing XML comment for publicly visible type or member 'GetLocationDescendantsRequest.IncludeDeprecated' [/home/lysander/repos/bannou/Bannou.SDK/Bannou.SDK.csproj::TargetFramework=net9.0]
/home/lysander/repos/bannou/bannou-service/Generated/Models/LocationModels.cs(331,16): warning CS1591: Missing XML comment for publicly visible type or member 'GetLocationDescendantsRequest.Page' [/home/lysander/repos/bannou/Bannou.SDK/Bannou.SDK.csproj::TargetFramework=net9.0]
/home/lysander/repos/bannou/bannou-service/Generated/Models/LocationModels.cs(335,16): warning CS1591: Missing XML comment for publicly visible type or member 'GetLocationDescendantsRequest.PageSize' [/home/lysander/repos/bannou/Bannou.SDK/Bannou.SDK.csproj::TargetFramework=net9.0]
/home/lysander/repos/bannou/bannou-service/Generated/Models/LocationModels.cs(340,68): warning CS1591: Missing XML comment for publicly visible type or member 'GetLocationDescendantsRequest.AdditionalProperties' [/home/lysander/repos/bannou/Bannou.SDK/Bannou.SDK.csproj::TargetFramework=net9.0]
/home/lysander/repos/bannou/bannou-service/Generated/Models/LocationModels.cs(349,22): warning CS1591: Missing XML comment for publicly visible type or member 'CreateLocationRequest' [/home/lysander/repos/bannou/Bannou.SDK/Bannou.SDK.csproj::TargetFramework=net9.0]
/home/lysander/repos/bannou/bannou-service/Generated/Models/LocationModels.cs(390,25): warning CS1591: Missing XML comment for publicly visible type or member 'CreateLocationRequest.LocationType' [/home/lysander/repos/bannou/Bannou.SDK/Bannou.SDK.csproj::TargetFramework=net9.0]
/home/lysander/repos/bannou/bannou-service/Generated/Models/LocationModels.cs(407,68): warning CS1591: Missing XML comment for publicly visible type or member 'CreateLocationRequest.AdditionalProperties' [/home/lysander/repos/bannou/Bannou.SDK/Bannou.SDK.csproj::TargetFramework=net9.0]
/home/lysander/repos/bannou/bannou-service/Generated/Models/LocationModels.cs(416,22): warning CS1591: Missing XML comment for publicly visible type or member 'UpdateLocationRequest' [/home/lysander/repos/bannou/Bannou.SDK/Bannou.SDK.csproj::TargetFramework=net9.0]
/home/lysander/repos/bannou/bannou-service/Generated/Models/LocationModels.cs(457,68): warning CS1591: Missing XML comment for publicly visible type or member 'UpdateLocationRequest.AdditionalProperties' [/home/lysander/repos/bannou/Bannou.SDK/Bannou.SDK.csproj::TargetFramework=net9.0]
/home/lysander/repos/bannou/bannou-service/Generated/Models/LocationModels.cs(466,22): warning CS1591: Missing XML comment for publicly visible type or member 'SetLocationParentRequest' [/home/lysander/repos/bannou/Bannou.SDK/Bannou.SDK.csproj::TargetFramework=net9.0]
/home/lysander/repos/bannou/bannou-service/Generated/Models/LocationModels.cs(488,68): warning CS1591: Missing XML comment for publicly visible type or member 'SetLocationParentRequest.AdditionalProperties' [/home/lysander/repos/bannou/Bannou.SDK/Bannou.SDK.csproj::TargetFramework=net9.0]
/home/lysander/repos/bannou/bannou-service/Generated/Models/LocationModels.cs(497,22): warning CS1591: Missing XML comment for publicly visible type or member 'RemoveLocationParentRequest' [/home/lysander/repos/bannou/Bannou.SDK/Bannou.SDK.csproj::TargetFramework=net9.0]
/home/lysander/repos/bannou/bannou-service/Generated/Models/LocationModels.cs(511,68): warning CS1591: Missing XML comment for publicly visible type or member 'RemoveLocationParentRequest.AdditionalProperties' [/home/lysander/repos/bannou/Bannou.SDK/Bannou.SDK.csproj::TargetFramework=net9.0]
/home/lysander/repos/bannou/bannou-service/Generated/Models/LocationModels.cs(520,22): warning CS1591: Missing XML comment for publicly visible type or member 'DeleteLocationRequest' [/home/lysander/repos/bannou/Bannou.SDK/Bannou.SDK.csproj::TargetFramework=net9.0]
/home/lysander/repos/bannou/bannou-service/Generated/Models/LocationModels.cs(534,68): warning CS1591: Missing XML comment for publicly visible type or member 'DeleteLocationRequest.AdditionalProperties' [/home/lysander/repos/bannou/Bannou.SDK/Bannou.SDK.csproj::TargetFramework=net9.0]
/home/lysander/repos/bannou/bannou-service/Generated/Models/LocationModels.cs(543,22): warning CS1591: Missing XML comment for publicly visible type or member 'DeprecateLocationRequest' [/home/lysander/repos/bannou/Bannou.SDK/Bannou.SDK.csproj::TargetFramework=net9.0]
/home/lysander/repos/bannou/bannou-service/Generated/Models/LocationModels.cs(564,68): warning CS1591: Missing XML comment for publicly visible type or member 'DeprecateLocationRequest.AdditionalProperties' [/home/lysander/repos/bannou/Bannou.SDK/Bannou.SDK.csproj::TargetFramework=net9.0]
/home/lysander/repos/bannou/bannou-service/Generated/Models/LocationModels.cs(573,22): warning CS1591: Missing XML comment for publicly visible type or member 'UndeprecateLocationRequest' [/home/lysander/repos/bannou/Bannou.SDK/Bannou.SDK.csproj::TargetFramework=net9.0]
/home/lysander/repos/bannou/bannou-service/Generated/Models/LocationModels.cs(587,68): warning CS1591: Missing XML comment for publicly visible type or member 'UndeprecateLocationRequest.AdditionalProperties' [/home/lysander/repos/bannou/Bannou.SDK/Bannou.SDK.csproj::TargetFramework=net9.0]
/home/lysander/repos/bannou/bannou-service/Generated/Models/LocationModels.cs(596,22): warning CS1591: Missing XML comment for publicly visible type or member 'LocationExistsRequest' [/home/lysander/repos/bannou/Bannou.SDK/Bannou.SDK.csproj::TargetFramework=net9.0]
/home/lysander/repos/bannou/bannou-service/Generated/Models/LocationModels.cs(610,68): warning CS1591: Missing XML comment for publicly visible type or member 'LocationExistsRequest.AdditionalProperties' [/home/lysander/repos/bannou/Bannou.SDK/Bannou.SDK.csproj::TargetFramework=net9.0]
/home/lysander/repos/bannou/bannou-service/Generated/Models/LocationModels.cs(619,22): warning CS1591: Missing XML comment for publicly visible type or member 'LocationExistsResponse' [/home/lysander/repos/bannou/Bannou.SDK/Bannou.SDK.csproj::TargetFramework=net9.0]
/home/lysander/repos/bannou/bannou-service/Generated/Models/LocationModels.cs(649,68): warning CS1591: Missing XML comment for publicly visible type or member 'LocationExistsResponse.AdditionalProperties' [/home/lysander/repos/bannou/Bannou.SDK/Bannou.SDK.csproj::TargetFramework=net9.0]
/home/lysander/repos/bannou/bannou-service/Generated/Models/LocationModels.cs(658,22): warning CS1591: Missing XML comment for publicly visible type or member 'SeedLocationsRequest' [/home/lysander/repos/bannou/Bannou.SDK/Bannou.SDK.csproj::TargetFramework=net9.0]
/home/lysander/repos/bannou/bannou-service/Generated/Models/LocationModels.cs(678,68): warning CS1591: Missing XML comment for publicly visible type or member 'SeedLocationsRequest.AdditionalProperties' [/home/lysander/repos/bannou/Bannou.SDK/Bannou.SDK.csproj::TargetFramework=net9.0]
/home/lysander/repos/bannou/bannou-service/Generated/Models/LocationModels.cs(687,22): warning CS1591: Missing XML comment for publicly visible type or member 'SeedLocation' [/home/lysander/repos/bannou/Bannou.SDK/Bannou.SDK.csproj::TargetFramework=net9.0]
/home/lysander/repos/bannou/bannou-service/Generated/Models/LocationModels.cs(724,25): warning CS1591: Missing XML comment for publicly visible type or member 'SeedLocation.LocationType' [/home/lysander/repos/bannou/Bannou.SDK/Bannou.SDK.csproj::TargetFramework=net9.0]
/home/lysander/repos/bannou/bannou-service/Generated/Models/LocationModels.cs(733,20): warning CS1591: Missing XML comment for publicly visible type or member 'SeedLocation.Metadata' [/home/lysander/repos/bannou/Bannou.SDK/Bannou.SDK.csproj::TargetFramework=net9.0]
/home/lysander/repos/bannou/bannou-service/Generated/Models/LocationModels.cs(738,68): warning CS1591: Missing XML comment for publicly visible type or member 'SeedLocation.AdditionalProperties' [/home/lysander/repos/bannou/Bannou.SDK/Bannou.SDK.csproj::TargetFramework=net9.0]
/home/lysander/repos/bannou/bannou-service/Generated/Models/LocationModels.cs(747,22): warning CS1591: Missing XML comment for publicly visible type or member 'LocationResponse' [/home/lysander/repos/bannou/Bannou.SDK/Bannou.SDK.csproj::TargetFramework=net9.0]
/home/lysander/repos/bannou/bannou-service/Generated/Models/LocationModels.cs(753,24): warning CS1591: Missing XML comment for publicly visible type or member 'LocationResponse.LocationId' [/home/lysander/repos/bannou/Bannou.SDK/Bannou.SDK.csproj::TargetFramework=net9.0]
/home/lysander/repos/bannou/bannou-service/Generated/Models/LocationModels.cs(766,19): warning CS1591: Missing XML comment for publicly visible type or member 'LocationResponse.Code' [/home/lysander/repos/bannou/Bannou.SDK/Bannou.SDK.csproj::TargetFramework=net9.0]
/home/lysander/repos/bannou/bannou-service/Generated/Models/LocationModels.cs(771,19): warning CS1591: Missing XML comment for publicly visible type or member 'LocationResponse.Name' [/home/lysander/repos/bannou/Bannou.SDK/Bannou.SDK.csproj::TargetFramework=net9.0]
/home/lysander/repos/bannou/bannou-service/Generated/Models/LocationModels.cs(774,20): warning CS1591: Missing XML comment for publicly visible type or member 'LocationResponse.Description' [/home/lysander/repos/bannou/Bannou.SDK/Bannou.SDK.csproj::TargetFramework=net9.0]
/home/lysander/repos/bannou/bannou-service/Generated/Models/LocationModels.cs(780,25): warning CS1591: Missing XML comment for publicly visible type or member 'LocationResponse.LocationType' [/home/lysander/repos/bannou/Bannou.SDK/Bannou.SDK.csproj::TargetFramework=net9.0]
/home/lysander/repos/bannou/bannou-service/Generated/Models/LocationModels.cs(813,20): warning CS1591: Missing XML comment for publicly visible type or member 'LocationResponse.Metadata' [/home/lysander/repos/bannou/Bannou.SDK/Bannou.SDK.csproj::TargetFramework=net9.0]
/home/lysander/repos/bannou/bannou-service/Generated/Models/LocationModels.cs(818,34): warning CS1591: Missing XML comment for publicly visible type or member 'LocationResponse.CreatedAt' [/home/lysander/repos/bannou/Bannou.SDK/Bannou.SDK.csproj::TargetFramework=net9.0]
/home/lysander/repos/bannou/bannou-service/Generated/Models/LocationModels.cs(823,34): warning CS1591: Missing XML comment for publicly visible type or member 'LocationResponse.UpdatedAt' [/home/lysander/repos/bannou/Bannou.SDK/Bannou.SDK.csproj::TargetFramework=net9.0]
/home/lysander/repos/bannou/bannou-service/Generated/Models/LocationModels.cs(828,68): warning CS1591: Missing XML comment for publicly visible type or member 'LocationResponse.AdditionalProperties' [/home/lysander/repos/bannou/Bannou.SDK/Bannou.SDK.csproj::TargetFramework=net9.0]
/home/lysander/repos/bannou/bannou-service/Generated/Models/LocationModels.cs(837,22): warning CS1591: Missing XML comment for publicly visible type or member 'LocationListResponse' [/home/lysander/repos/bannou/Bannou.SDK/Bannou.SDK.csproj::TargetFramework=net9.0]
/home/lysander/repos/bannou/bannou-service/Generated/Models/LocationModels.cs(843,69): warning CS1591: Missing XML comment for publicly visible type or member 'LocationListResponse.Locations' [/home/lysander/repos/bannou/Bannou.SDK/Bannou.SDK.csproj::TargetFramework=net9.0]
/home/lysander/repos/bannou/bannou-service/Generated/Models/LocationModels.cs(846,16): warning CS1591: Missing XML comment for publicly visible type or member 'LocationListResponse.TotalCount' [/home/lysander/repos/bannou/Bannou.SDK/Bannou.SDK.csproj::TargetFramework=net9.0]
/home/lysander/repos/bannou/bannou-service/Generated/Models/LocationModels.cs(849,16): warning CS1591: Missing XML comment for publicly visible type or member 'LocationListResponse.Page' [/home/lysander/repos/bannou/Bannou.SDK/Bannou.SDK.csproj::TargetFramework=net9.0]
/home/lysander/repos/bannou/bannou-service/Generated/Models/LocationModels.cs(852,16): warning CS1591: Missing XML comment for publicly visible type or member 'LocationListResponse.PageSize' [/home/lysander/repos/bannou/Bannou.SDK/Bannou.SDK.csproj::TargetFramework=net9.0]
/home/lysander/repos/bannou/bannou-service/Generated/Models/LocationModels.cs(855,17): warning CS1591: Missing XML comment for publicly visible type or member 'LocationListResponse.HasNextPage' [/home/lysander/repos/bannou/Bannou.SDK/Bannou.SDK.csproj::TargetFramework=net9.0]
/home/lysander/repos/bannou/bannou-service/Generated/Models/LocationModels.cs(858,17): warning CS1591: Missing XML comment for publicly visible type or member 'LocationListResponse.HasPreviousPage' [/home/lysander/repos/bannou/Bannou.SDK/Bannou.SDK.csproj::TargetFramework=net9.0]
/home/lysander/repos/bannou/bannou-service/Generated/Models/LocationModels.cs(863,68): warning CS1591: Missing XML comment for publicly visible type or member 'LocationListResponse.AdditionalProperties' [/home/lysander/repos/bannou/Bannou.SDK/Bannou.SDK.csproj::TargetFramework=net9.0]
/home/lysander/repos/bannou/bannou-service/Generated/Models/LocationModels.cs(872,22): warning CS1591: Missing XML comment for publicly visible type or member 'SeedLocationsResponse' [/home/lysander/repos/bannou/Bannou.SDK/Bannou.SDK.csproj::TargetFramework=net9.0]
/home/lysander/repos/bannou/bannou-service/Generated/Models/LocationModels.cs(904,68): warning CS1591: Missing XML comment for publicly visible type or member 'SeedLocationsResponse.AdditionalProperties' [/home/lysander/repos/bannou/Bannou.SDK/Bannou.SDK.csproj::TargetFramework=net9.0]
/home/lysander/repos/bannou/bannou-service/Generated/Clients/SpeciesClient.cs(19,26): warning CS1591: Missing XML comment for publicly visible type or member 'ISpeciesClient' [/home/lysander/repos/bannou/Bannou.SDK/Bannou.SDK.csproj::TargetFramework=net9.0]
/home/lysander/repos/bannou/bannou-service/Generated/Clients/SpeciesClient.cs(28,84): warning CS1573: Parameter 'body' has no matching param tag in the XML comment for 'ISpeciesClient.GetSpeciesAsync(GetSpeciesRequest, CancellationToken)' (but other parameters do) [/home/lysander/repos/bannou/Bannou.SDK/Bannou.SDK.csproj::TargetFramework=net9.0]
/home/lysander/repos/bannou/bannou-service/Generated/Clients/SpeciesClient.cs(39,96): warning CS1573: Parameter 'body' has no matching param tag in the XML comment for 'ISpeciesClient.GetSpeciesByCodeAsync(GetSpeciesByCodeRequest, CancellationToken)' (but other parameters do) [/home/lysander/repos/bannou/Bannou.SDK/Bannou.SDK.csproj::TargetFramework=net9.0]
/home/lysander/repos/bannou/bannou-service/Generated/Clients/SpeciesClient.cs(50,90): warning CS1573: Parameter 'body' has no matching param tag in the XML comment for 'ISpeciesClient.ListSpeciesAsync(ListSpeciesRequest, CancellationToken)' (but other parameters do) [/home/lysander/repos/bannou/Bannou.SDK/Bannou.SDK.csproj::TargetFramework=net9.0]
/home/lysander/repos/bannou/bannou-service/Generated/Clients/SpeciesClient.cs(61,104): warning CS1573: Parameter 'body' has no matching param tag in the XML comment for 'ISpeciesClient.ListSpeciesByRealmAsync(ListSpeciesByRealmRequest, CancellationToken)' (but other parameters do) [/home/lysander/repos/bannou/Bannou.SDK/Bannou.SDK.csproj::TargetFramework=net9.0]
/home/lysander/repos/bannou/bannou-service/Generated/Clients/SpeciesClient.cs(69,90): warning CS1573: Parameter 'body' has no matching param tag in the XML comment for 'ISpeciesClient.CreateSpeciesAsync(CreateSpeciesRequest, CancellationToken)' (but other parameters do) [/home/lysander/repos/bannou/Bannou.SDK/Bannou.SDK.csproj::TargetFramework=net9.0]
/home/lysander/repos/bannou/bannou-service/Generated/Clients/SpeciesClient.cs(77,90): warning CS1573: Parameter 'body' has no matching param tag in the XML comment for 'ISpeciesClient.UpdateSpeciesAsync(UpdateSpeciesRequest, CancellationToken)' (but other parameters do) [/home/lysander/repos/bannou/Bannou.SDK/Bannou.SDK.csproj::TargetFramework=net9.0]
/home/lysander/repos/bannou/bannou-service/Generated/Clients/SpeciesClient.cs(90,73): warning CS1573: Parameter 'body' has no matching param tag in the XML comment for 'ISpeciesClient.DeleteSpeciesAsync(DeleteSpeciesRequest, CancellationToken)' (but other parameters do) [/home/lysander/repos/bannou/Bannou.SDK/Bannou.SDK.csproj::TargetFramework=net9.0]
/home/lysander/repos/bannou/bannou-service/Generated/Clients/SpeciesClient.cs(106,96): warning CS1573: Parameter 'body' has no matching param tag in the XML comment for 'ISpeciesClient.DeprecateSpeciesAsync(DeprecateSpeciesRequest, CancellationToken)' (but other parameters do) [/home/lysander/repos/bannou/Bannou.SDK/Bannou.SDK.csproj::TargetFramework=net9.0]
/home/lysander/repos/bannou/bannou-service/Generated/Clients/SpeciesClient.cs(118,100): warning CS1573: Parameter 'body' has no matching param tag in the XML comment for 'ISpeciesClient.UndeprecateSpeciesAsync(UndeprecateSpeciesRequest, CancellationToken)' (but other parameters do) [/home/lysander/repos/bannou/Bannou.SDK/Bannou.SDK.csproj::TargetFramework=net9.0]
/home/lysander/repos/bannou/bannou-service/Generated/Clients/SpeciesClient.cs(139,93): warning CS1573: Parameter 'body' has no matching param tag in the XML comment for 'ISpeciesClient.MergeSpeciesAsync(MergeSpeciesRequest, CancellationToken)' (but other parameters do) [/home/lysander/repos/bannou/Bannou.SDK/Bannou.SDK.csproj::TargetFramework=net9.0]
/home/lysander/repos/bannou/bannou-service/Generated/Clients/SpeciesClient.cs(150,98): warning CS1573: Parameter 'body' has no matching param tag in the XML comment for 'ISpeciesClient.AddSpeciesToRealmAsync(AddSpeciesToRealmRequest, CancellationToken)' (but other parameters do) [/home/lysander/repos/bannou/Bannou.SDK/Bannou.SDK.csproj::TargetFramework=net9.0]
/home/lysander/repos/bannou/bannou-service/Generated/Clients/SpeciesClient.cs(161,108): warning CS1573: Parameter 'body' has no matching param tag in the XML comment for 'ISpeciesClient.RemoveSpeciesFromRealmAsync(RemoveSpeciesFromRealmRequest, CancellationToken)' (but other parameters do) [/home/lysander/repos/bannou/Bannou.SDK/Bannou.SDK.csproj::TargetFramework=net9.0]
/home/lysander/repos/bannou/bannou-service/Generated/Clients/SpeciesClient.cs(174,90): warning CS1573: Parameter 'body' has no matching param tag in the XML comment for 'ISpeciesClient.SeedSpeciesAsync(SeedSpeciesRequest, CancellationToken)' (but other parameters do) [/home/lysander/repos/bannou/Bannou.SDK/Bannou.SDK.csproj::TargetFramework=net9.0]
/home/lysander/repos/bannou/bannou-service/Generated/Clients/SpeciesClient.cs(178,22): warning CS1591: Missing XML comment for publicly visible type or member 'SpeciesClient' [/home/lysander/repos/bannou/Bannou.SDK/Bannou.SDK.csproj::TargetFramework=net9.0]
/home/lysander/repos/bannou/bannou-service/Generated/Clients/SpeciesClient.cs(198,12): warning CS1591: Missing XML comment for publicly visible type or member 'SpeciesClient.SpeciesClient(IMeshInvocationClient, IServiceAppMappingResolver, ILogger<SpeciesClient>?)' [/home/lysander/repos/bannou/Bannou.SDK/Bannou.SDK.csproj::TargetFramework=net9.0]
/home/lysander/repos/bannou/bannou-service/Generated/Clients/SpeciesClient.cs(206,54): warning CS1591: Missing XML comment for publicly visible type or member 'SpeciesClient.JsonSerializerSettings' [/home/lysander/repos/bannou/Bannou.SDK/Bannou.SDK.csproj::TargetFramework=net9.0]
/home/lysander/repos/bannou/bannou-service/Generated/Clients/SpeciesClient.cs(306,105): warning CS1573: Parameter 'body' has no matching param tag in the XML comment for 'SpeciesClient.GetSpeciesAsync(GetSpeciesRequest, CancellationToken)' (but other parameters do) [/home/lysander/repos/bannou/Bannou.SDK/Bannou.SDK.csproj::TargetFramework=net9.0]
/home/lysander/repos/bannou/bannou-service/Generated/Clients/SpeciesClient.cs(394,117): warning CS1573: Parameter 'body' has no matching param tag in the XML comment for 'SpeciesClient.GetSpeciesByCodeAsync(GetSpeciesByCodeRequest, CancellationToken)' (but other parameters do) [/home/lysander/repos/bannou/Bannou.SDK/Bannou.SDK.csproj::TargetFramework=net9.0]
/home/lysander/repos/bannou/bannou-service/Generated/Clients/SpeciesClient.cs(482,111): warning CS1573: Parameter 'body' has no matching param tag in the XML comment for 'SpeciesClient.ListSpeciesAsync(ListSpeciesRequest, CancellationToken)' (but other parameters do) [/home/lysander/repos/bannou/Bannou.SDK/Bannou.SDK.csproj::TargetFramework=net9.0]
/home/lysander/repos/bannou/bannou-service/Generated/Clients/SpeciesClient.cs(564,125): warning CS1573: Parameter 'body' has no matching param tag in the XML comment for 'SpeciesClient.ListSpeciesByRealmAsync(ListSpeciesByRealmRequest, CancellationToken)' (but other parameters do) [/home/lysander/repos/bannou/Bannou.SDK/Bannou.SDK.csproj::TargetFramework=net9.0]
/home/lysander/repos/bannou/bannou-service/Generated/Clients/SpeciesClient.cs(649,111): warning CS1573: Parameter 'body' has no matching param tag in the XML comment for 'SpeciesClient.CreateSpeciesAsync(CreateSpeciesRequest, CancellationToken)' (but other parameters do) [/home/lysander/repos/bannou/Bannou.SDK/Bannou.SDK.csproj::TargetFramework=net9.0]
/home/lysander/repos/bannou/bannou-service/Generated/Clients/SpeciesClient.cs(740,111): warning CS1573: Parameter 'body' has no matching param tag in the XML comment for 'SpeciesClient.UpdateSpeciesAsync(UpdateSpeciesRequest, CancellationToken)' (but other parameters do) [/home/lysander/repos/bannou/Bannou.SDK/Bannou.SDK.csproj::TargetFramework=net9.0]
/home/lysander/repos/bannou/bannou-service/Generated/Clients/SpeciesClient.cs(836,94): warning CS1573: Parameter 'body' has no matching param tag in the XML comment for 'SpeciesClient.DeleteSpeciesAsync(DeleteSpeciesRequest, CancellationToken)' (but other parameters do) [/home/lysander/repos/bannou/Bannou.SDK/Bannou.SDK.csproj::TargetFramework=net9.0]
/home/lysander/repos/bannou/bannou-service/Generated/Clients/SpeciesClient.cs(929,117): warning CS1573: Parameter 'body' has no matching param tag in the XML comment for 'SpeciesClient.DeprecateSpeciesAsync(DeprecateSpeciesRequest, CancellationToken)' (but other parameters do) [/home/lysander/repos/bannou/Bannou.SDK/Bannou.SDK.csproj::TargetFramework=net9.0]
/home/lysander/repos/bannou/bannou-service/Generated/Clients/SpeciesClient.cs(1024,121): warning CS1573: Parameter 'body' has no matching param tag in the XML comment for 'SpeciesClient.UndeprecateSpeciesAsync(UndeprecateSpeciesRequest, CancellationToken)' (but other parameters do) [/home/lysander/repos/bannou/Bannou.SDK/Bannou.SDK.csproj::TargetFramework=net9.0]
/home/lysander/repos/bannou/bannou-service/Generated/Clients/SpeciesClient.cs(1128,114): warning CS1573: Parameter 'body' has no matching param tag in the XML comment for 'SpeciesClient.MergeSpeciesAsync(MergeSpeciesRequest, CancellationToken)' (but other parameters do) [/home/lysander/repos/bannou/Bannou.SDK/Bannou.SDK.csproj::TargetFramework=net9.0]
/home/lysander/repos/bannou/bannou-service/Generated/Clients/SpeciesClient.cs(1228,119): warning CS1573: Parameter 'body' has no matching param tag in the XML comment for 'SpeciesClient.AddSpeciesToRealmAsync(AddSpeciesToRealmRequest, CancellationToken)' (but other parameters do) [/home/lysander/repos/bannou/Bannou.SDK/Bannou.SDK.csproj::TargetFramework=net9.0]
/home/lysander/repos/bannou/bannou-service/Generated/Clients/SpeciesClient.cs(1322,129): warning CS1573: Parameter 'body' has no matching param tag in the XML comment for 'SpeciesClient.RemoveSpeciesFromRealmAsync(RemoveSpeciesFromRealmRequest, CancellationToken)' (but other parameters do) [/home/lysander/repos/bannou/Bannou.SDK/Bannou.SDK.csproj::TargetFramework=net9.0]
/home/lysander/repos/bannou/bannou-service/Generated/Clients/SpeciesClient.cs(1418,111): warning CS1573: Parameter 'body' has no matching param tag in the XML comment for 'SpeciesClient.SeedSpeciesAsync(SeedSpeciesRequest, CancellationToken)' (but other parameters do) [/home/lysander/repos/bannou/Bannou.SDK/Bannou.SDK.csproj::TargetFramework=net9.0]
/home/lysander/repos/bannou/bannou-service/Generated/Clients/SpeciesClient.cs(1497,22): warning CS1591: Missing XML comment for publicly visible type or member 'SpeciesClient.ObjectResponseResult<T>' [/home/lysander/repos/bannou/Bannou.SDK/Bannou.SDK.csproj::TargetFramework=net9.0]
/home/lysander/repos/bannou/bannou-service/Generated/Clients/SpeciesClient.cs(1499,16): warning CS1591: Missing XML comment for publicly visible type or member 'SpeciesClient.ObjectResponseResult<T>.ObjectResponseResult(T, string)' [/home/lysander/repos/bannou/Bannou.SDK/Bannou.SDK.csproj::TargetFramework=net9.0]
/home/lysander/repos/bannou/bannou-service/Generated/Clients/SpeciesClient.cs(1505,18): warning CS1591: Missing XML comment for publicly visible type or member 'SpeciesClient.ObjectResponseResult<T>.Object' [/home/lysander/repos/bannou/Bannou.SDK/Bannou.SDK.csproj::TargetFramework=net9.0]
/home/lysander/repos/bannou/bannou-service/Generated/Clients/SpeciesClient.cs(1507,23): warning CS1591: Missing XML comment for publicly visible type or member 'SpeciesClient.ObjectResponseResult<T>.Text' [/home/lysander/repos/bannou/Bannou.SDK/Bannou.SDK.csproj::TargetFramework=net9.0]
/home/lysander/repos/bannou/bannou-service/Generated/Clients/SpeciesClient.cs(1530,17): warning CS1591: Missing XML comment for publicly visible type or member 'SpeciesClient.ReadResponseAsString' [/home/lysander/repos/bannou/Bannou.SDK/Bannou.SDK.csproj::TargetFramework=net9.0]
/home/lysander/repos/bannou/bannou-service/Generated/Clients/SpeciesClient.cs(1532,86): warning CS1591: Missing XML comment for publicly visible type or member 'SpeciesClient.ReadObjectResponseAsync<T>(HttpResponseMessage, IReadOnlyDictionary<string, IEnumerable<string>>, CancellationToken)' [/home/lysander/repos/bannou/Bannou.SDK/Bannou.SDK.csproj::TargetFramework=net9.0]
/home/lysander/repos/bannou/bannou-service/Generated/Models/SpeciesModels.cs(18,22): warning CS1591: Missing XML comment for publicly visible type or member 'GetSpeciesRequest' [/home/lysander/repos/bannou/Bannou.SDK/Bannou.SDK.csproj::TargetFramework=net9.0]
/home/lysander/repos/bannou/bannou-service/Generated/Models/SpeciesModels.cs(32,68): warning CS1591: Missing XML comment for publicly visible type or member 'GetSpeciesRequest.AdditionalProperties' [/home/lysander/repos/bannou/Bannou.SDK/Bannou.SDK.csproj::TargetFramework=net9.0]
/home/lysander/repos/bannou/bannou-service/Generated/Models/SpeciesModels.cs(41,22): warning CS1591: Missing XML comment for publicly visible type or member 'GetSpeciesByCodeRequest' [/home/lysander/repos/bannou/Bannou.SDK/Bannou.SDK.csproj::TargetFramework=net9.0]
/home/lysander/repos/bannou/bannou-service/Generated/Models/SpeciesModels.cs(57,68): warning CS1591: Missing XML comment for publicly visible type or member 'GetSpeciesByCodeRequest.AdditionalProperties' [/home/lysander/repos/bannou/Bannou.SDK/Bannou.SDK.csproj::TargetFramework=net9.0]
/home/lysander/repos/bannou/bannou-service/Generated/Models/SpeciesModels.cs(66,22): warning CS1591: Missing XML comment for publicly visible type or member 'ListSpeciesRequest' [/home/lysander/repos/bannou/Bannou.SDK/Bannou.SDK.csproj::TargetFramework=net9.0]
/home/lysander/repos/bannou/bannou-service/Generated/Models/SpeciesModels.cs(89,16): warning CS1591: Missing XML comment for publicly visible type or member 'ListSpeciesRequest.Page' [/home/lysander/repos/bannou/Bannou.SDK/Bannou.SDK.csproj::TargetFramework=net9.0]
/home/lysander/repos/bannou/bannou-service/Generated/Models/SpeciesModels.cs(93,16): warning CS1591: Missing XML comment for publicly visible type or member 'ListSpeciesRequest.PageSize' [/home/lysander/repos/bannou/Bannou.SDK/Bannou.SDK.csproj::TargetFramework=net9.0]
/home/lysander/repos/bannou/bannou-service/Generated/Models/SpeciesModels.cs(98,68): warning CS1591: Missing XML comment for publicly visible type or member 'ListSpeciesRequest.AdditionalProperties' [/home/lysander/repos/bannou/Bannou.SDK/Bannou.SDK.csproj::TargetFramework=net9.0]
/home/lysander/repos/bannou/bannou-service/Generated/Models/SpeciesModels.cs(107,22): warning CS1591: Missing XML comment for publicly visible type or member 'ListSpeciesByRealmRequest' [/home/lysander/repos/bannou/Bannou.SDK/Bannou.SDK.csproj::TargetFramework=net9.0]
/home/lysander/repos/bannou/bannou-service/Generated/Models/SpeciesModels.cs(126,16): warning CS1591: Missing XML comment for publicly visible type or member 'ListSpeciesByRealmRequest.Page' [/home/lysander/repos/bannou/Bannou.SDK/Bannou.SDK.csproj::TargetFramework=net9.0]
/home/lysander/repos/bannou/bannou-service/Generated/Models/SpeciesModels.cs(130,16): warning CS1591: Missing XML comment for publicly visible type or member 'ListSpeciesByRealmRequest.PageSize' [/home/lysander/repos/bannou/Bannou.SDK/Bannou.SDK.csproj::TargetFramework=net9.0]
/home/lysander/repos/bannou/bannou-service/Generated/Models/SpeciesModels.cs(135,68): warning CS1591: Missing XML comment for publicly visible type or member 'ListSpeciesByRealmRequest.AdditionalProperties' [/home/lysander/repos/bannou/Bannou.SDK/Bannou.SDK.csproj::TargetFramework=net9.0]
/home/lysander/repos/bannou/bannou-service/Generated/Models/SpeciesModels.cs(144,22): warning CS1591: Missing XML comment for publicly visible type or member 'CreateSpeciesRequest' [/home/lysander/repos/bannou/Bannou.SDK/Bannou.SDK.csproj::TargetFramework=net9.0]
/home/lysander/repos/bannou/bannou-service/Generated/Models/SpeciesModels.cs(221,68): warning CS1591: Missing XML comment for publicly visible type or member 'CreateSpeciesRequest.AdditionalProperties' [/home/lysander/repos/bannou/Bannou.SDK/Bannou.SDK.csproj::TargetFramework=net9.0]
/home/lysander/repos/bannou/bannou-service/Generated/Models/SpeciesModels.cs(230,22): warning CS1591: Missing XML comment for publicly visible type or member 'UpdateSpeciesRequest' [/home/lysander/repos/bannou/Bannou.SDK/Bannou.SDK.csproj::TargetFramework=net9.0]
/home/lysander/repos/bannou/bannou-service/Generated/Models/SpeciesModels.cs(297,68): warning CS1591: Missing XML comment for publicly visible type or member 'UpdateSpeciesRequest.AdditionalProperties' [/home/lysander/repos/bannou/Bannou.SDK/Bannou.SDK.csproj::TargetFramework=net9.0]
/home/lysander/repos/bannou/bannou-service/Generated/Models/SpeciesModels.cs(306,22): warning CS1591: Missing XML comment for publicly visible type or member 'DeleteSpeciesRequest' [/home/lysander/repos/bannou/Bannou.SDK/Bannou.SDK.csproj::TargetFramework=net9.0]
/home/lysander/repos/bannou/bannou-service/Generated/Models/SpeciesModels.cs(320,68): warning CS1591: Missing XML comment for publicly visible type or member 'DeleteSpeciesRequest.AdditionalProperties' [/home/lysander/repos/bannou/Bannou.SDK/Bannou.SDK.csproj::TargetFramework=net9.0]
/home/lysander/repos/bannou/bannou-service/Generated/Models/SpeciesModels.cs(329,22): warning CS1591: Missing XML comment for publicly visible type or member 'DeprecateSpeciesRequest' [/home/lysander/repos/bannou/Bannou.SDK/Bannou.SDK.csproj::TargetFramework=net9.0]
/home/lysander/repos/bannou/bannou-service/Generated/Models/SpeciesModels.cs(350,68): warning CS1591: Missing XML comment for publicly visible type or member 'DeprecateSpeciesRequest.AdditionalProperties' [/home/lysander/repos/bannou/Bannou.SDK/Bannou.SDK.csproj::TargetFramework=net9.0]
/home/lysander/repos/bannou/bannou-service/Generated/Models/SpeciesModels.cs(359,22): warning CS1591: Missing XML comment for publicly visible type or member 'UndeprecateSpeciesRequest' [/home/lysander/repos/bannou/Bannou.SDK/Bannou.SDK.csproj::TargetFramework=net9.0]
/home/lysander/repos/bannou/bannou-service/Generated/Models/SpeciesModels.cs(373,68): warning CS1591: Missing XML comment for publicly visible type or member 'UndeprecateSpeciesRequest.AdditionalProperties' [/home/lysander/repos/bannou/Bannou.SDK/Bannou.SDK.csproj::TargetFramework=net9.0]
/home/lysander/repos/bannou/bannou-service/Generated/Models/SpeciesModels.cs(382,22): warning CS1591: Missing XML comment for publicly visible type or member 'MergeSpeciesRequest' [/home/lysander/repos/bannou/Bannou.SDK/Bannou.SDK.csproj::TargetFramework=net9.0]
/home/lysander/repos/bannou/bannou-service/Generated/Models/SpeciesModels.cs(410,68): warning CS1591: Missing XML comment for publicly visible type or member 'MergeSpeciesRequest.AdditionalProperties' [/home/lysander/repos/bannou/Bannou.SDK/Bannou.SDK.csproj::TargetFramework=net9.0]
/home/lysander/repos/bannou/bannou-service/Generated/Models/SpeciesModels.cs(419,22): warning CS1591: Missing XML comment for publicly visible type or member 'AddSpeciesToRealmRequest' [/home/lysander/repos/bannou/Bannou.SDK/Bannou.SDK.csproj::TargetFramework=net9.0]
/home/lysander/repos/bannou/bannou-service/Generated/Models/SpeciesModels.cs(441,68): warning CS1591: Missing XML comment for publicly visible type or member 'AddSpeciesToRealmRequest.AdditionalProperties' [/home/lysander/repos/bannou/Bannou.SDK/Bannou.SDK.csproj::TargetFramework=net9.0]
/home/lysander/repos/bannou/bannou-service/Generated/Models/SpeciesModels.cs(450,22): warning CS1591: Missing XML comment for publicly visible type or member 'RemoveSpeciesFromRealmRequest' [/home/lysander/repos/bannou/Bannou.SDK/Bannou.SDK.csproj::TargetFramework=net9.0]
/home/lysander/repos/bannou/bannou-service/Generated/Models/SpeciesModels.cs(472,68): warning CS1591: Missing XML comment for publicly visible type or member 'RemoveSpeciesFromRealmRequest.AdditionalProperties' [/home/lysander/repos/bannou/Bannou.SDK/Bannou.SDK.csproj::TargetFramework=net9.0]
/home/lysander/repos/bannou/bannou-service/Generated/Models/SpeciesModels.cs(481,22): warning CS1591: Missing XML comment for publicly visible type or member 'SeedSpeciesRequest' [/home/lysander/repos/bannou/Bannou.SDK/Bannou.SDK.csproj::TargetFramework=net9.0]
/home/lysander/repos/bannou/bannou-service/Generated/Models/SpeciesModels.cs(501,68): warning CS1591: Missing XML comment for publicly visible type or member 'SeedSpeciesRequest.AdditionalProperties' [/home/lysander/repos/bannou/Bannou.SDK/Bannou.SDK.csproj::TargetFramework=net9.0]
/home/lysander/repos/bannou/bannou-service/Generated/Models/SpeciesModels.cs(510,22): warning CS1591: Missing XML comment for publicly visible type or member 'SeedSpecies' [/home/lysander/repos/bannou/Bannou.SDK/Bannou.SDK.csproj::TargetFramework=net9.0]
/home/lysander/repos/bannou/bannou-service/Generated/Models/SpeciesModels.cs(542,17): warning CS1591: Missing XML comment for publicly visible type or member 'SeedSpecies.IsPlayable' [/home/lysander/repos/bannou/Bannou.SDK/Bannou.SDK.csproj::TargetFramework=net9.0]
/home/lysander/repos/bannou/bannou-service/Generated/Models/SpeciesModels.cs(557,19): warning CS1591: Missing XML comment for publicly visible type or member 'SeedSpecies.TraitModifiers' [/home/lysander/repos/bannou/Bannou.SDK/Bannou.SDK.csproj::TargetFramework=net9.0]
/home/lysander/repos/bannou/bannou-service/Generated/Models/SpeciesModels.cs(566,19): warning CS1591: Missing XML comment for publicly visible type or member 'SeedSpecies.Metadata' [/home/lysander/repos/bannou/Bannou.SDK/Bannou.SDK.csproj::TargetFramework=net9.0]
/home/lysander/repos/bannou/bannou-service/Generated/Models/SpeciesModels.cs(571,68): warning CS1591: Missing XML comment for publicly visible type or member 'SeedSpecies.AdditionalProperties' [/home/lysander/repos/bannou/Bannou.SDK/Bannou.SDK.csproj::TargetFramework=net9.0]
/home/lysander/repos/bannou/bannou-service/Generated/Models/SpeciesModels.cs(580,22): warning CS1591: Missing XML comment for publicly visible type or member 'SpeciesResponse' [/home/lysander/repos/bannou/Bannou.SDK/Bannou.SDK.csproj::TargetFramework=net9.0]
/home/lysander/repos/bannou/bannou-service/Generated/Models/SpeciesModels.cs(586,24): warning CS1591: Missing XML comment for publicly visible type or member 'SpeciesResponse.SpeciesId' [/home/lysander/repos/bannou/Bannou.SDK/Bannou.SDK.csproj::TargetFramework=net9.0]
/home/lysander/repos/bannou/bannou-service/Generated/Models/SpeciesModels.cs(591,19): warning CS1591: Missing XML comment for publicly visible type or member 'SpeciesResponse.Code' [/home/lysander/repos/bannou/Bannou.SDK/Bannou.SDK.csproj::TargetFramework=net9.0]
/home/lysander/repos/bannou/bannou-service/Generated/Models/SpeciesModels.cs(596,19): warning CS1591: Missing XML comment for publicly visible type or member 'SpeciesResponse.Name' [/home/lysander/repos/bannou/Bannou.SDK/Bannou.SDK.csproj::TargetFramework=net9.0]
/home/lysander/repos/bannou/bannou-service/Generated/Models/SpeciesModels.cs(599,20): warning CS1591: Missing XML comment for publicly visible type or member 'SpeciesResponse.Description' [/home/lysander/repos/bannou/Bannou.SDK/Bannou.SDK.csproj::TargetFramework=net9.0]
/home/lysander/repos/bannou/bannou-service/Generated/Models/SpeciesModels.cs(602,20): warning CS1591: Missing XML comment for publicly visible type or member 'SpeciesResponse.Category' [/home/lysander/repos/bannou/Bannou.SDK/Bannou.SDK.csproj::TargetFramework=net9.0]
/home/lysander/repos/bannou/bannou-service/Generated/Models/SpeciesModels.cs(605,17): warning CS1591: Missing XML comment for publicly visible type or member 'SpeciesResponse.IsPlayable' [/home/lysander/repos/bannou/Bannou.SDK/Bannou.SDK.csproj::TargetFramework=net9.0]
/home/lysander/repos/bannou/bannou-service/Generated/Models/SpeciesModels.cs(626,17): warning CS1591: Missing XML comment for publicly visible type or member 'SpeciesResponse.BaseLifespan' [/home/lysander/repos/bannou/Bannou.SDK/Bannou.SDK.csproj::TargetFramework=net9.0]
/home/lysander/repos/bannou/bannou-service/Generated/Models/SpeciesModels.cs(629,17): warning CS1591: Missing XML comment for publicly visible type or member 'SpeciesResponse.MaturityAge' [/home/lysander/repos/bannou/Bannou.SDK/Bannou.SDK.csproj::TargetFramework=net9.0]
/home/lysander/repos/bannou/bannou-service/Generated/Models/SpeciesModels.cs(632,20): warning CS1591: Missing XML comment for publicly visible type or member 'SpeciesResponse.TraitModifiers' [/home/lysander/repos/bannou/Bannou.SDK/Bannou.SDK.csproj::TargetFramework=net9.0]
/home/lysander/repos/bannou/bannou-service/Generated/Models/SpeciesModels.cs(641,20): warning CS1591: Missing XML comment for publicly visible type or member 'SpeciesResponse.Metadata' [/home/lysander/repos/bannou/Bannou.SDK/Bannou.SDK.csproj::TargetFramework=net9.0]
/home/lysander/repos/bannou/bannou-service/Generated/Models/SpeciesModels.cs(646,34): warning CS1591: Missing XML comment for publicly visible type or member 'SpeciesResponse.CreatedAt' [/home/lysander/repos/bannou/Bannou.SDK/Bannou.SDK.csproj::TargetFramework=net9.0]
/home/lysander/repos/bannou/bannou-service/Generated/Models/SpeciesModels.cs(651,34): warning CS1591: Missing XML comment for publicly visible type or member 'SpeciesResponse.UpdatedAt' [/home/lysander/repos/bannou/Bannou.SDK/Bannou.SDK.csproj::TargetFramework=net9.0]
/home/lysander/repos/bannou/bannou-service/Generated/Models/SpeciesModels.cs(656,68): warning CS1591: Missing XML comment for publicly visible type or member 'SpeciesResponse.AdditionalProperties' [/home/lysander/repos/bannou/Bannou.SDK/Bannou.SDK.csproj::TargetFramework=net9.0]
/home/lysander/repos/bannou/bannou-service/Generated/Models/SpeciesModels.cs(665,22): warning CS1591: Missing XML comment for publicly visible type or member 'SpeciesListResponse' [/home/lysander/repos/bannou/Bannou.SDK/Bannou.SDK.csproj::TargetFramework=net9.0]
/home/lysander/repos/bannou/bannou-service/Generated/Models/SpeciesModels.cs(671,68): warning CS1591: Missing XML comment for publicly visible type or member 'SpeciesListResponse.Species' [/home/lysander/repos/bannou/Bannou.SDK/Bannou.SDK.csproj::TargetFramework=net9.0]
/home/lysander/repos/bannou/bannou-service/Generated/Models/SpeciesModels.cs(674,16): warning CS1591: Missing XML comment for publicly visible type or member 'SpeciesListResponse.TotalCount' [/home/lysander/repos/bannou/Bannou.SDK/Bannou.SDK.csproj::TargetFramework=net9.0]
/home/lysander/repos/bannou/bannou-service/Generated/Models/SpeciesModels.cs(677,16): warning CS1591: Missing XML comment for publicly visible type or member 'SpeciesListResponse.Page' [/home/lysander/repos/bannou/Bannou.SDK/Bannou.SDK.csproj::TargetFramework=net9.0]
/home/lysander/repos/bannou/bannou-service/Generated/Models/SpeciesModels.cs(680,16): warning CS1591: Missing XML comment for publicly visible type or member 'SpeciesListResponse.PageSize' [/home/lysander/repos/bannou/Bannou.SDK/Bannou.SDK.csproj::TargetFramework=net9.0]
/home/lysander/repos/bannou/bannou-service/Generated/Models/SpeciesModels.cs(685,68): warning CS1591: Missing XML comment for publicly visible type or member 'SpeciesListResponse.AdditionalProperties' [/home/lysander/repos/bannou/Bannou.SDK/Bannou.SDK.csproj::TargetFramework=net9.0]
/home/lysander/repos/bannou/bannou-service/Generated/Models/SpeciesModels.cs(694,22): warning CS1591: Missing XML comment for publicly visible type or member 'SeedSpeciesResponse' [/home/lysander/repos/bannou/Bannou.SDK/Bannou.SDK.csproj::TargetFramework=net9.0]
/home/lysander/repos/bannou/bannou-service/Generated/Models/SpeciesModels.cs(726,68): warning CS1591: Missing XML comment for publicly visible type or member 'SeedSpeciesResponse.AdditionalProperties' [/home/lysander/repos/bannou/Bannou.SDK/Bannou.SDK.csproj::TargetFramework=net9.0]
/home/lysander/repos/bannou/bannou-service/Generated/Models/SpeciesModels.cs(735,22): warning CS1591: Missing XML comment for publicly visible type or member 'MergeSpeciesResponse' [/home/lysander/repos/bannou/Bannou.SDK/Bannou.SDK.csproj::TargetFramework=net9.0]
/home/lysander/repos/bannou/bannou-service/Generated/Models/SpeciesModels.cs(769,68): warning CS1591: Missing XML comment for publicly visible type or member 'MergeSpeciesResponse.AdditionalProperties' [/home/lysander/repos/bannou/Bannou.SDK/Bannou.SDK.csproj::TargetFramework=net9.0]
/home/lysander/repos/bannou/bannou-service/Generated/Clients/RealmClient.cs(19,26): warning CS1591: Missing XML comment for publicly visible type or member 'IRealmClient' [/home/lysander/repos/bannou/Bannou.SDK/Bannou.SDK.csproj::TargetFramework=net9.0]
/home/lysander/repos/bannou/bannou-service/Generated/Clients/RealmClient.cs(28,78): warning CS1573: Parameter 'body' has no matching param tag in the XML comment for 'IRealmClient.GetRealmAsync(GetRealmRequest, CancellationToken)' (but other parameters do) [/home/lysander/repos/bannou/Bannou.SDK/Bannou.SDK.csproj::TargetFramework=net9.0]
/home/lysander/repos/bannou/bannou-service/Generated/Clients/RealmClient.cs(39,90): warning CS1573: Parameter 'body' has no matching param tag in the XML comment for 'IRealmClient.GetRealmByCodeAsync(GetRealmByCodeRequest, CancellationToken)' (but other parameters do) [/home/lysander/repos/bannou/Bannou.SDK/Bannou.SDK.csproj::TargetFramework=net9.0]
/home/lysander/repos/bannou/bannou-service/Generated/Clients/RealmClient.cs(50,86): warning CS1573: Parameter 'body' has no matching param tag in the XML comment for 'IRealmClient.ListRealmsAsync(ListRealmsRequest, CancellationToken)' (but other parameters do) [/home/lysander/repos/bannou/Bannou.SDK/Bannou.SDK.csproj::TargetFramework=net9.0]
/home/lysander/repos/bannou/bannou-service/Generated/Clients/RealmClient.cs(58,84): warning CS1573: Parameter 'body' has no matching param tag in the XML comment for 'IRealmClient.CreateRealmAsync(CreateRealmRequest, CancellationToken)' (but other parameters do) [/home/lysander/repos/bannou/Bannou.SDK/Bannou.SDK.csproj::TargetFramework=net9.0]
/home/lysander/repos/bannou/bannou-service/Generated/Clients/RealmClient.cs(66,84): warning CS1573: Parameter 'body' has no matching param tag in the XML comment for 'IRealmClient.UpdateRealmAsync(UpdateRealmRequest, CancellationToken)' (but other parameters do) [/home/lysander/repos/bannou/Bannou.SDK/Bannou.SDK.csproj::TargetFramework=net9.0]
/home/lysander/repos/bannou/bannou-service/Generated/Clients/RealmClient.cs(80,69): warning CS1573: Parameter 'body' has no matching param tag in the XML comment for 'IRealmClient.DeleteRealmAsync(DeleteRealmRequest, CancellationToken)' (but other parameters do) [/home/lysander/repos/bannou/Bannou.SDK/Bannou.SDK.csproj::TargetFramework=net9.0]
/home/lysander/repos/bannou/bannou-service/Generated/Clients/RealmClient.cs(95,90): warning CS1573: Parameter 'body' has no matching param tag in the XML comment for 'IRealmClient.DeprecateRealmAsync(DeprecateRealmRequest, CancellationToken)' (but other parameters do) [/home/lysander/repos/bannou/Bannou.SDK/Bannou.SDK.csproj::TargetFramework=net9.0]
/home/lysander/repos/bannou/bannou-service/Generated/Clients/RealmClient.cs(107,94): warning CS1573: Parameter 'body' has no matching param tag in the XML comment for 'IRealmClient.UndeprecateRealmAsync(UndeprecateRealmRequest, CancellationToken)' (but other parameters do) [/home/lysander/repos/bannou/Bannou.SDK/Bannou.SDK.csproj::TargetFramework=net9.0]
/home/lysander/repos/bannou/bannou-service/Generated/Clients/RealmClient.cs(119,90): warning CS1573: Parameter 'body' has no matching param tag in the XML comment for 'IRealmClient.RealmExistsAsync(RealmExistsRequest, CancellationToken)' (but other parameters do) [/home/lysander/repos/bannou/Bannou.SDK/Bannou.SDK.csproj::TargetFramework=net9.0]
/home/lysander/repos/bannou/bannou-service/Generated/Clients/RealmClient.cs(132,87): warning CS1573: Parameter 'body' has no matching param tag in the XML comment for 'IRealmClient.SeedRealmsAsync(SeedRealmsRequest, CancellationToken)' (but other parameters do) [/home/lysander/repos/bannou/Bannou.SDK/Bannou.SDK.csproj::TargetFramework=net9.0]
/home/lysander/repos/bannou/bannou-service/Generated/Clients/RealmClient.cs(136,22): warning CS1591: Missing XML comment for publicly visible type or member 'RealmClient' [/home/lysander/repos/bannou/Bannou.SDK/Bannou.SDK.csproj::TargetFramework=net9.0]
/home/lysander/repos/bannou/bannou-service/Generated/Clients/RealmClient.cs(156,12): warning CS1591: Missing XML comment for publicly visible type or member 'RealmClient.RealmClient(IMeshInvocationClient, IServiceAppMappingResolver, ILogger<RealmClient>?)' [/home/lysander/repos/bannou/Bannou.SDK/Bannou.SDK.csproj::TargetFramework=net9.0]
/home/lysander/repos/bannou/bannou-service/Generated/Clients/RealmClient.cs(164,54): warning CS1591: Missing XML comment for publicly visible type or member 'RealmClient.JsonSerializerSettings' [/home/lysander/repos/bannou/Bannou.SDK/Bannou.SDK.csproj::TargetFramework=net9.0]
/home/lysander/repos/bannou/bannou-service/Generated/Clients/RealmClient.cs(264,99): warning CS1573: Parameter 'body' has no matching param tag in the XML comment for 'RealmClient.GetRealmAsync(GetRealmRequest, CancellationToken)' (but other parameters do) [/home/lysander/repos/bannou/Bannou.SDK/Bannou.SDK.csproj::TargetFramework=net9.0]
/home/lysander/repos/bannou/bannou-service/Generated/Clients/RealmClient.cs(352,111): warning CS1573: Parameter 'body' has no matching param tag in the XML comment for 'RealmClient.GetRealmByCodeAsync(GetRealmByCodeRequest, CancellationToken)' (but other parameters do) [/home/lysander/repos/bannou/Bannou.SDK/Bannou.SDK.csproj::TargetFramework=net9.0]
/home/lysander/repos/bannou/bannou-service/Generated/Clients/RealmClient.cs(440,107): warning CS1573: Parameter 'body' has no matching param tag in the XML comment for 'RealmClient.ListRealmsAsync(ListRealmsRequest, CancellationToken)' (but other parameters do) [/home/lysander/repos/bannou/Bannou.SDK/Bannou.SDK.csproj::TargetFramework=net9.0]
/home/lysander/repos/bannou/bannou-service/Generated/Clients/RealmClient.cs(519,105): warning CS1573: Parameter 'body' has no matching param tag in the XML comment for 'RealmClient.CreateRealmAsync(CreateRealmRequest, CancellationToken)' (but other parameters do) [/home/lysander/repos/bannou/Bannou.SDK/Bannou.SDK.csproj::TargetFramework=net9.0]
/home/lysander/repos/bannou/bannou-service/Generated/Clients/RealmClient.cs(610,105): warning CS1573: Parameter 'body' has no matching param tag in the XML comment for 'RealmClient.UpdateRealmAsync(UpdateRealmRequest, CancellationToken)' (but other parameters do) [/home/lysander/repos/bannou/Bannou.SDK/Bannou.SDK.csproj::TargetFramework=net9.0]
/home/lysander/repos/bannou/bannou-service/Generated/Clients/RealmClient.cs(707,90): warning CS1573: Parameter 'body' has no matching param tag in the XML comment for 'RealmClient.DeleteRealmAsync(DeleteRealmRequest, CancellationToken)' (but other parameters do) [/home/lysander/repos/bannou/Bannou.SDK/Bannou.SDK.csproj::TargetFramework=net9.0]
/home/lysander/repos/bannou/bannou-service/Generated/Clients/RealmClient.cs(799,111): warning CS1573: Parameter 'body' has no matching param tag in the XML comment for 'RealmClient.DeprecateRealmAsync(DeprecateRealmRequest, CancellationToken)' (but other parameters do) [/home/lysander/repos/bannou/Bannou.SDK/Bannou.SDK.csproj::TargetFramework=net9.0]
/home/lysander/repos/bannou/bannou-service/Generated/Clients/RealmClient.cs(894,115): warning CS1573: Parameter 'body' has no matching param tag in the XML comment for 'RealmClient.UndeprecateRealmAsync(UndeprecateRealmRequest, CancellationToken)' (but other parameters do) [/home/lysander/repos/bannou/Bannou.SDK/Bannou.SDK.csproj::TargetFramework=net9.0]
/home/lysander/repos/bannou/bannou-service/Generated/Clients/RealmClient.cs(989,111): warning CS1573: Parameter 'body' has no matching param tag in the XML comment for 'RealmClient.RealmExistsAsync(RealmExistsRequest, CancellationToken)' (but other parameters do) [/home/lysander/repos/bannou/Bannou.SDK/Bannou.SDK.csproj::TargetFramework=net9.0]
/home/lysander/repos/bannou/bannou-service/Generated/Clients/RealmClient.cs(1073,108): warning CS1573: Parameter 'body' has no matching param tag in the XML comment for 'RealmClient.SeedRealmsAsync(SeedRealmsRequest, CancellationToken)' (but other parameters do) [/home/lysander/repos/bannou/Bannou.SDK/Bannou.SDK.csproj::TargetFramework=net9.0]
/home/lysander/repos/bannou/bannou-service/Generated/Clients/RealmClient.cs(1152,22): warning CS1591: Missing XML comment for publicly visible type or member 'RealmClient.ObjectResponseResult<T>' [/home/lysander/repos/bannou/Bannou.SDK/Bannou.SDK.csproj::TargetFramework=net9.0]
/home/lysander/repos/bannou/bannou-service/Generated/Clients/RealmClient.cs(1154,16): warning CS1591: Missing XML comment for publicly visible type or member 'RealmClient.ObjectResponseResult<T>.ObjectResponseResult(T, string)' [/home/lysander/repos/bannou/Bannou.SDK/Bannou.SDK.csproj::TargetFramework=net9.0]
/home/lysander/repos/bannou/bannou-service/Generated/Clients/RealmClient.cs(1160,18): warning CS1591: Missing XML comment for publicly visible type or member 'RealmClient.ObjectResponseResult<T>.Object' [/home/lysander/repos/bannou/Bannou.SDK/Bannou.SDK.csproj::TargetFramework=net9.0]
/home/lysander/repos/bannou/bannou-service/Generated/Clients/RealmClient.cs(1162,23): warning CS1591: Missing XML comment for publicly visible type or member 'RealmClient.ObjectResponseResult<T>.Text' [/home/lysander/repos/bannou/Bannou.SDK/Bannou.SDK.csproj::TargetFramework=net9.0]
/home/lysander/repos/bannou/bannou-service/Generated/Clients/RealmClient.cs(1185,17): warning CS1591: Missing XML comment for publicly visible type or member 'RealmClient.ReadResponseAsString' [/home/lysander/repos/bannou/Bannou.SDK/Bannou.SDK.csproj::TargetFramework=net9.0]
/home/lysander/repos/bannou/bannou-service/Generated/Clients/RealmClient.cs(1187,86): warning CS1591: Missing XML comment for publicly visible type or member 'RealmClient.ReadObjectResponseAsync<T>(HttpResponseMessage, IReadOnlyDictionary<string, IEnumerable<string>>, CancellationToken)' [/home/lysander/repos/bannou/Bannou.SDK/Bannou.SDK.csproj::TargetFramework=net9.0]
/home/lysander/repos/bannou/bannou-service/Generated/Models/RealmModels.cs(18,22): warning CS1591: Missing XML comment for publicly visible type or member 'GetRealmRequest' [/home/lysander/repos/bannou/Bannou.SDK/Bannou.SDK.csproj::TargetFramework=net9.0]
/home/lysander/repos/bannou/bannou-service/Generated/Models/RealmModels.cs(32,68): warning CS1591: Missing XML comment for publicly visible type or member 'GetRealmRequest.AdditionalProperties' [/home/lysander/repos/bannou/Bannou.SDK/Bannou.SDK.csproj::TargetFramework=net9.0]
/home/lysander/repos/bannou/bannou-service/Generated/Models/RealmModels.cs(41,22): warning CS1591: Missing XML comment for publicly visible type or member 'GetRealmByCodeRequest' [/home/lysander/repos/bannou/Bannou.SDK/Bannou.SDK.csproj::TargetFramework=net9.0]
/home/lysander/repos/bannou/bannou-service/Generated/Models/RealmModels.cs(57,68): warning CS1591: Missing XML comment for publicly visible type or member 'GetRealmByCodeRequest.AdditionalProperties' [/home/lysander/repos/bannou/Bannou.SDK/Bannou.SDK.csproj::TargetFramework=net9.0]
/home/lysander/repos/bannou/bannou-service/Generated/Models/RealmModels.cs(66,22): warning CS1591: Missing XML comment for publicly visible type or member 'ListRealmsRequest' [/home/lysander/repos/bannou/Bannou.SDK/Bannou.SDK.csproj::TargetFramework=net9.0]
/home/lysander/repos/bannou/bannou-service/Generated/Models/RealmModels.cs(89,16): warning CS1591: Missing XML comment for publicly visible type or member 'ListRealmsRequest.Page' [/home/lysander/repos/bannou/Bannou.SDK/Bannou.SDK.csproj::TargetFramework=net9.0]
/home/lysander/repos/bannou/bannou-service/Generated/Models/RealmModels.cs(93,16): warning CS1591: Missing XML comment for publicly visible type or member 'ListRealmsRequest.PageSize' [/home/lysander/repos/bannou/Bannou.SDK/Bannou.SDK.csproj::TargetFramework=net9.0]
/home/lysander/repos/bannou/bannou-service/Generated/Models/RealmModels.cs(98,68): warning CS1591: Missing XML comment for publicly visible type or member 'ListRealmsRequest.AdditionalProperties' [/home/lysander/repos/bannou/Bannou.SDK/Bannou.SDK.csproj::TargetFramework=net9.0]
/home/lysander/repos/bannou/bannou-service/Generated/Models/RealmModels.cs(107,22): warning CS1591: Missing XML comment for publicly visible type or member 'CreateRealmRequest' [/home/lysander/repos/bannou/Bannou.SDK/Bannou.SDK.csproj::TargetFramework=net9.0]
/home/lysander/repos/bannou/bannou-service/Generated/Models/RealmModels.cs(158,68): warning CS1591: Missing XML comment for publicly visible type or member 'CreateRealmRequest.AdditionalProperties' [/home/lysander/repos/bannou/Bannou.SDK/Bannou.SDK.csproj::TargetFramework=net9.0]
/home/lysander/repos/bannou/bannou-service/Generated/Models/RealmModels.cs(167,22): warning CS1591: Missing XML comment for publicly visible type or member 'UpdateRealmRequest' [/home/lysander/repos/bannou/Bannou.SDK/Bannou.SDK.csproj::TargetFramework=net9.0]
/home/lysander/repos/bannou/bannou-service/Generated/Models/RealmModels.cs(214,68): warning CS1591: Missing XML comment for publicly visible type or member 'UpdateRealmRequest.AdditionalProperties' [/home/lysander/repos/bannou/Bannou.SDK/Bannou.SDK.csproj::TargetFramework=net9.0]
/home/lysander/repos/bannou/bannou-service/Generated/Models/RealmModels.cs(223,22): warning CS1591: Missing XML comment for publicly visible type or member 'DeleteRealmRequest' [/home/lysander/repos/bannou/Bannou.SDK/Bannou.SDK.csproj::TargetFramework=net9.0]
/home/lysander/repos/bannou/bannou-service/Generated/Models/RealmModels.cs(237,68): warning CS1591: Missing XML comment for publicly visible type or member 'DeleteRealmRequest.AdditionalProperties' [/home/lysander/repos/bannou/Bannou.SDK/Bannou.SDK.csproj::TargetFramework=net9.0]
/home/lysander/repos/bannou/bannou-service/Generated/Models/RealmModels.cs(246,22): warning CS1591: Missing XML comment for publicly visible type or member 'DeprecateRealmRequest' [/home/lysander/repos/bannou/Bannou.SDK/Bannou.SDK.csproj::TargetFramework=net9.0]
/home/lysander/repos/bannou/bannou-service/Generated/Models/RealmModels.cs(267,68): warning CS1591: Missing XML comment for publicly visible type or member 'DeprecateRealmRequest.AdditionalProperties' [/home/lysander/repos/bannou/Bannou.SDK/Bannou.SDK.csproj::TargetFramework=net9.0]
/home/lysander/repos/bannou/bannou-service/Generated/Models/RealmModels.cs(276,22): warning CS1591: Missing XML comment for publicly visible type or member 'UndeprecateRealmRequest' [/home/lysander/repos/bannou/Bannou.SDK/Bannou.SDK.csproj::TargetFramework=net9.0]
/home/lysander/repos/bannou/bannou-service/Generated/Models/RealmModels.cs(290,68): warning CS1591: Missing XML comment for publicly visible type or member 'UndeprecateRealmRequest.AdditionalProperties' [/home/lysander/repos/bannou/Bannou.SDK/Bannou.SDK.csproj::TargetFramework=net9.0]
/home/lysander/repos/bannou/bannou-service/Generated/Models/RealmModels.cs(299,22): warning CS1591: Missing XML comment for publicly visible type or member 'RealmExistsRequest' [/home/lysander/repos/bannou/Bannou.SDK/Bannou.SDK.csproj::TargetFramework=net9.0]
/home/lysander/repos/bannou/bannou-service/Generated/Models/RealmModels.cs(313,68): warning CS1591: Missing XML comment for publicly visible type or member 'RealmExistsRequest.AdditionalProperties' [/home/lysander/repos/bannou/Bannou.SDK/Bannou.SDK.csproj::TargetFramework=net9.0]
/home/lysander/repos/bannou/bannou-service/Generated/Models/RealmModels.cs(322,22): warning CS1591: Missing XML comment for publicly visible type or member 'RealmExistsResponse' [/home/lysander/repos/bannou/Bannou.SDK/Bannou.SDK.csproj::TargetFramework=net9.0]
/home/lysander/repos/bannou/bannou-service/Generated/Models/RealmModels.cs(346,68): warning CS1591: Missing XML comment for publicly visible type or member 'RealmExistsResponse.AdditionalProperties' [/home/lysander/repos/bannou/Bannou.SDK/Bannou.SDK.csproj::TargetFramework=net9.0]
/home/lysander/repos/bannou/bannou-service/Generated/Models/RealmModels.cs(355,22): warning CS1591: Missing XML comment for publicly visible type or member 'SeedRealmsRequest' [/home/lysander/repos/bannou/Bannou.SDK/Bannou.SDK.csproj::TargetFramework=net9.0]
/home/lysander/repos/bannou/bannou-service/Generated/Models/RealmModels.cs(375,68): warning CS1591: Missing XML comment for publicly visible type or member 'SeedRealmsRequest.AdditionalProperties' [/home/lysander/repos/bannou/Bannou.SDK/Bannou.SDK.csproj::TargetFramework=net9.0]
/home/lysander/repos/bannou/bannou-service/Generated/Models/RealmModels.cs(384,22): warning CS1591: Missing XML comment for publicly visible type or member 'SeedRealm' [/home/lysander/repos/bannou/Bannou.SDK/Bannou.SDK.csproj::TargetFramework=net9.0]
/home/lysander/repos/bannou/bannou-service/Generated/Models/RealmModels.cs(416,17): warning CS1591: Missing XML comment for publicly visible type or member 'SeedRealm.IsActive' [/home/lysander/repos/bannou/Bannou.SDK/Bannou.SDK.csproj::TargetFramework=net9.0]
/home/lysander/repos/bannou/bannou-service/Generated/Models/RealmModels.cs(419,20): warning CS1591: Missing XML comment for publicly visible type or member 'SeedRealm.Metadata' [/home/lysander/repos/bannou/Bannou.SDK/Bannou.SDK.csproj::TargetFramework=net9.0]
/home/lysander/repos/bannou/bannou-service/Generated/Models/RealmModels.cs(424,68): warning CS1591: Missing XML comment for publicly visible type or member 'SeedRealm.AdditionalProperties' [/home/lysander/repos/bannou/Bannou.SDK/Bannou.SDK.csproj::TargetFramework=net9.0]
/home/lysander/repos/bannou/bannou-service/Generated/Models/RealmModels.cs(433,22): warning CS1591: Missing XML comment for publicly visible type or member 'RealmResponse' [/home/lysander/repos/bannou/Bannou.SDK/Bannou.SDK.csproj::TargetFramework=net9.0]
/home/lysander/repos/bannou/bannou-service/Generated/Models/RealmModels.cs(439,24): warning CS1591: Missing XML comment for publicly visible type or member 'RealmResponse.RealmId' [/home/lysander/repos/bannou/Bannou.SDK/Bannou.SDK.csproj::TargetFramework=net9.0]
/home/lysander/repos/bannou/bannou-service/Generated/Models/RealmModels.cs(444,19): warning CS1591: Missing XML comment for publicly visible type or member 'RealmResponse.Code' [/home/lysander/repos/bannou/Bannou.SDK/Bannou.SDK.csproj::TargetFramework=net9.0]
/home/lysander/repos/bannou/bannou-service/Generated/Models/RealmModels.cs(449,19): warning CS1591: Missing XML comment for publicly visible type or member 'RealmResponse.Name' [/home/lysander/repos/bannou/Bannou.SDK/Bannou.SDK.csproj::TargetFramework=net9.0]
/home/lysander/repos/bannou/bannou-service/Generated/Models/RealmModels.cs(452,20): warning CS1591: Missing XML comment for publicly visible type or member 'RealmResponse.Description' [/home/lysander/repos/bannou/Bannou.SDK/Bannou.SDK.csproj::TargetFramework=net9.0]
/home/lysander/repos/bannou/bannou-service/Generated/Models/RealmModels.cs(455,20): warning CS1591: Missing XML comment for publicly visible type or member 'RealmResponse.Category' [/home/lysander/repos/bannou/Bannou.SDK/Bannou.SDK.csproj::TargetFramework=net9.0]
/home/lysander/repos/bannou/bannou-service/Generated/Models/RealmModels.cs(458,17): warning CS1591: Missing XML comment for publicly visible type or member 'RealmResponse.IsActive' [/home/lysander/repos/bannou/Bannou.SDK/Bannou.SDK.csproj::TargetFramework=net9.0]
/home/lysander/repos/bannou/bannou-service/Generated/Models/RealmModels.cs(479,20): warning CS1591: Missing XML comment for publicly visible type or member 'RealmResponse.Metadata' [/home/lysander/repos/bannou/Bannou.SDK/Bannou.SDK.csproj::TargetFramework=net9.0]
/home/lysander/repos/bannou/bannou-service/Generated/Models/RealmModels.cs(484,34): warning CS1591: Missing XML comment for publicly visible type or member 'RealmResponse.CreatedAt' [/home/lysander/repos/bannou/Bannou.SDK/Bannou.SDK.csproj::TargetFramework=net9.0]
/home/lysander/repos/bannou/bannou-service/Generated/Models/RealmModels.cs(489,34): warning CS1591: Missing XML comment for publicly visible type or member 'RealmResponse.UpdatedAt' [/home/lysander/repos/bannou/Bannou.SDK/Bannou.SDK.csproj::TargetFramework=net9.0]
/home/lysander/repos/bannou/bannou-service/Generated/Models/RealmModels.cs(494,68): warning CS1591: Missing XML comment for publicly visible type or member 'RealmResponse.AdditionalProperties' [/home/lysander/repos/bannou/Bannou.SDK/Bannou.SDK.csproj::TargetFramework=net9.0]
/home/lysander/repos/bannou/bannou-service/Generated/Models/RealmModels.cs(503,22): warning CS1591: Missing XML comment for publicly visible type or member 'RealmListResponse' [/home/lysander/repos/bannou/Bannou.SDK/Bannou.SDK.csproj::TargetFramework=net9.0]
/home/lysander/repos/bannou/bannou-service/Generated/Models/RealmModels.cs(509,66): warning CS1591: Missing XML comment for publicly visible type or member 'RealmListResponse.Realms' [/home/lysander/repos/bannou/Bannou.SDK/Bannou.SDK.csproj::TargetFramework=net9.0]
/home/lysander/repos/bannou/bannou-service/Generated/Models/RealmModels.cs(512,16): warning CS1591: Missing XML comment for publicly visible type or member 'RealmListResponse.TotalCount' [/home/lysander/repos/bannou/Bannou.SDK/Bannou.SDK.csproj::TargetFramework=net9.0]
/home/lysander/repos/bannou/bannou-service/Generated/Models/RealmModels.cs(515,16): warning CS1591: Missing XML comment for publicly visible type or member 'RealmListResponse.Page' [/home/lysander/repos/bannou/Bannou.SDK/Bannou.SDK.csproj::TargetFramework=net9.0]
/home/lysander/repos/bannou/bannou-service/Generated/Models/RealmModels.cs(518,16): warning CS1591: Missing XML comment for publicly visible type or member 'RealmListResponse.PageSize' [/home/lysander/repos/bannou/Bannou.SDK/Bannou.SDK.csproj::TargetFramework=net9.0]
/home/lysander/repos/bannou/bannou-service/Generated/Models/RealmModels.cs(521,17): warning CS1591: Missing XML comment for publicly visible type or member 'RealmListResponse.HasNextPage' [/home/lysander/repos/bannou/Bannou.SDK/Bannou.SDK.csproj::TargetFramework=net9.0]
/home/lysander/repos/bannou/bannou-service/Generated/Models/RealmModels.cs(524,17): warning CS1591: Missing XML comment for publicly visible type or member 'RealmListResponse.HasPreviousPage' [/home/lysander/repos/bannou/Bannou.SDK/Bannou.SDK.csproj::TargetFramework=net9.0]
/home/lysander/repos/bannou/bannou-service/Generated/Models/RealmModels.cs(529,68): warning CS1591: Missing XML comment for publicly visible type or member 'RealmListResponse.AdditionalProperties' [/home/lysander/repos/bannou/Bannou.SDK/Bannou.SDK.csproj::TargetFramework=net9.0]
/home/lysander/repos/bannou/bannou-service/Generated/Models/RealmModels.cs(538,22): warning CS1591: Missing XML comment for publicly visible type or member 'SeedRealmsResponse' [/home/lysander/repos/bannou/Bannou.SDK/Bannou.SDK.csproj::TargetFramework=net9.0]
/home/lysander/repos/bannou/bannou-service/Generated/Models/RealmModels.cs(570,68): warning CS1591: Missing XML comment for publicly visible type or member 'SeedRealmsResponse.AdditionalProperties' [/home/lysander/repos/bannou/Bannou.SDK/Bannou.SDK.csproj::TargetFramework=net9.0]
/home/lysander/repos/bannou/bannou-service/Generated/Clients/AuthClient.cs(456,13): warning CS0472: The result of the expression is always 'false' since a value of type 'Provider' is never equal to 'null' of type 'Provider?' [/home/lysander/repos/bannou/bannou-service/bannou-service.csproj]
/home/lysander/repos/bannou/bannou-service/Generated/Clients/AuthClient.cs(552,13): warning CS0472: The result of the expression is always 'false' since a value of type 'Provider' is never equal to 'null' of type 'Provider?' [/home/lysander/repos/bannou/bannou-service/bannou-service.csproj]
/home/lysander/repos/bannou/bannou-service/Generated/Clients/ConnectClient.cs(468,17): warning CS0472: The result of the expression is always 'false' since a value of type 'Connection' is never equal to 'null' of type 'Connection?' [/home/lysander/repos/bannou/bannou-service/bannou-service.csproj]
/home/lysander/repos/bannou/bannou-service/Generated/Clients/ConnectClient.cs(472,17): warning CS0472: The result of the expression is always 'false' since a value of type 'Upgrade' is never equal to 'null' of type 'Upgrade?' [/home/lysander/repos/bannou/bannou-service/bannou-service.csproj]
/home/lysander/repos/bannou/bannou-service/Generated/Clients/ConnectClient.cs(589,17): warning CS0472: The result of the expression is always 'false' since a value of type 'Connection2' is never equal to 'null' of type 'Connection2?' [/home/lysander/repos/bannou/bannou-service/bannou-service.csproj]
/home/lysander/repos/bannou/bannou-service/Generated/Clients/ConnectClient.cs(593,17): warning CS0472: The result of the expression is always 'false' since a value of type 'Upgrade2' is never equal to 'null' of type 'Upgrade2?' [/home/lysander/repos/bannou/bannou-service/bannou-service.csproj]
/home/lysander/repos/bannou/bannou-service/Generated/Events/AccountsLifecycleEvents.cs(32,24): warning CS1591: Missing XML comment for publicly visible type or member 'AccountCreatedEvent.AccountId' [/home/lysander/repos/bannou/bannou-service/bannou-service.csproj]
/home/lysander/repos/bannou/bannou-service/Generated/Events/AccountsLifecycleEvents.cs(37,19): warning CS1591: Missing XML comment for publicly visible type or member 'AccountCreatedEvent.Email' [/home/lysander/repos/bannou/bannou-service/bannou-service.csproj]
/home/lysander/repos/bannou/bannou-service/Generated/Events/AccountsLifecycleEvents.cs(40,19): warning CS1591: Missing XML comment for publicly visible type or member 'AccountCreatedEvent.DisplayName' [/home/lysander/repos/bannou/bannou-service/bannou-service.csproj]
/home/lysander/repos/bannou/bannou-service/Generated/Events/AccountsLifecycleEvents.cs(43,17): warning CS1591: Missing XML comment for publicly visible type or member 'AccountCreatedEvent.EmailVerified' [/home/lysander/repos/bannou/bannou-service/bannou-service.csproj]
/home/lysander/repos/bannou/bannou-service/Generated/Events/AccountsLifecycleEvents.cs(46,59): warning CS1591: Missing XML comment for publicly visible type or member 'AccountCreatedEvent.Roles' [/home/lysander/repos/bannou/bannou-service/bannou-service.csproj]
/home/lysander/repos/bannou/bannou-service/Generated/Events/AccountsLifecycleEvents.cs(51,34): warning CS1591: Missing XML comment for publicly visible type or member 'AccountCreatedEvent.CreatedAt' [/home/lysander/repos/bannou/bannou-service/bannou-service.csproj]
/home/lysander/repos/bannou/bannou-service/Generated/Events/AccountsLifecycleEvents.cs(54,34): warning CS1591: Missing XML comment for publicly visible type or member 'AccountCreatedEvent.UpdatedAt' [/home/lysander/repos/bannou/bannou-service/bannou-service.csproj]
/home/lysander/repos/bannou/bannou-service/Generated/Events/AccountsLifecycleEvents.cs(57,19): warning CS1591: Missing XML comment for publicly visible type or member 'AccountCreatedEvent.Metadata' [/home/lysander/repos/bannou/bannou-service/bannou-service.csproj]
/home/lysander/repos/bannou/bannou-service/Generated/Events/AccountsLifecycleEvents.cs(79,24): warning CS1591: Missing XML comment for publicly visible type or member 'AccountUpdatedEvent.AccountId' [/home/lysander/repos/bannou/bannou-service/bannou-service.csproj]
/home/lysander/repos/bannou/bannou-service/Generated/Events/AccountsLifecycleEvents.cs(84,19): warning CS1591: Missing XML comment for publicly visible type or member 'AccountUpdatedEvent.Email' [/home/lysander/repos/bannou/bannou-service/bannou-service.csproj]
/home/lysander/repos/bannou/bannou-service/Generated/Events/AccountsLifecycleEvents.cs(87,19): warning CS1591: Missing XML comment for publicly visible type or member 'AccountUpdatedEvent.DisplayName' [/home/lysander/repos/bannou/bannou-service/bannou-service.csproj]
/home/lysander/repos/bannou/bannou-service/Generated/Events/AccountsLifecycleEvents.cs(90,17): warning CS1591: Missing XML comment for publicly visible type or member 'AccountUpdatedEvent.EmailVerified' [/home/lysander/repos/bannou/bannou-service/bannou-service.csproj]
/home/lysander/repos/bannou/bannou-service/Generated/Events/AccountsLifecycleEvents.cs(93,59): warning CS1591: Missing XML comment for publicly visible type or member 'AccountUpdatedEvent.Roles' [/home/lysander/repos/bannou/bannou-service/bannou-service.csproj]
/home/lysander/repos/bannou/bannou-service/Generated/Events/AccountsLifecycleEvents.cs(98,34): warning CS1591: Missing XML comment for publicly visible type or member 'AccountUpdatedEvent.CreatedAt' [/home/lysander/repos/bannou/bannou-service/bannou-service.csproj]
/home/lysander/repos/bannou/bannou-service/Generated/Events/AccountsLifecycleEvents.cs(101,34): warning CS1591: Missing XML comment for publicly visible type or member 'AccountUpdatedEvent.UpdatedAt' [/home/lysander/repos/bannou/bannou-service/bannou-service.csproj]
/home/lysander/repos/bannou/bannou-service/Generated/Events/AccountsLifecycleEvents.cs(104,19): warning CS1591: Missing XML comment for publicly visible type or member 'AccountUpdatedEvent.Metadata' [/home/lysander/repos/bannou/bannou-service/bannou-service.csproj]
/home/lysander/repos/bannou/bannou-service/Generated/Events/AccountsLifecycleEvents.cs(134,24): warning CS1591: Missing XML comment for publicly visible type or member 'AccountDeletedEvent.AccountId' [/home/lysander/repos/bannou/bannou-service/bannou-service.csproj]
/home/lysander/repos/bannou/bannou-service/Generated/Events/AccountsLifecycleEvents.cs(139,19): warning CS1591: Missing XML comment for publicly visible type or member 'AccountDeletedEvent.Email' [/home/lysander/repos/bannou/bannou-service/bannou-service.csproj]
/home/lysander/repos/bannou/bannou-service/Generated/Events/AccountsLifecycleEvents.cs(142,19): warning CS1591: Missing XML comment for publicly visible type or member 'AccountDeletedEvent.DisplayName' [/home/lysander/repos/bannou/bannou-service/bannou-service.csproj]
/home/lysander/repos/bannou/bannou-service/Generated/Events/AccountsLifecycleEvents.cs(145,17): warning CS1591: Missing XML comment for publicly visible type or member 'AccountDeletedEvent.EmailVerified' [/home/lysander/repos/bannou/bannou-service/bannou-service.csproj]
/home/lysander/repos/bannou/bannou-service/Generated/Events/AccountsLifecycleEvents.cs(148,59): warning CS1591: Missing XML comment for publicly visible type or member 'AccountDeletedEvent.Roles' [/home/lysander/repos/bannou/bannou-service/bannou-service.csproj]
/home/lysander/repos/bannou/bannou-service/Generated/Events/AccountsLifecycleEvents.cs(153,34): warning CS1591: Missing XML comment for publicly visible type or member 'AccountDeletedEvent.CreatedAt' [/home/lysander/repos/bannou/bannou-service/bannou-service.csproj]
/home/lysander/repos/bannou/bannou-service/Generated/Events/AccountsLifecycleEvents.cs(156,34): warning CS1591: Missing XML comment for publicly visible type or member 'AccountDeletedEvent.UpdatedAt' [/home/lysander/repos/bannou/bannou-service/bannou-service.csproj]
/home/lysander/repos/bannou/bannou-service/Generated/Events/AccountsLifecycleEvents.cs(159,19): warning CS1591: Missing XML comment for publicly visible type or member 'AccountDeletedEvent.Metadata' [/home/lysander/repos/bannou/bannou-service/bannou-service.csproj]
/home/lysander/repos/bannou/bannou-service/Generated/Events/AssetEventsModels.cs(67,27): warning CS1591: Missing XML comment for publicly visible type or member 'AssetUploadRequestedEvent.AssetType' [/home/lysander/repos/bannou/bannou-service/bannou-service.csproj]
/home/lysander/repos/bannou/bannou-service/Generated/Events/AssetEventsModels.cs(71,23): warning CS1591: Missing XML comment for publicly visible type or member 'AssetUploadRequestedEvent.Realm' [/home/lysander/repos/bannou/bannou-service/bannou-service.csproj]
/home/lysander/repos/bannou/bannou-service/Generated/Events/AssetEventsModels.cs(175,31): warning CS1591: Missing XML comment for publicly visible type or member 'AssetProcessingQueuedEvent.ProcessingType' [/home/lysander/repos/bannou/bannou-service/bannou-service.csproj]
/home/lysander/repos/bannou/bannou-service/Generated/Events/AssetEventsModels.cs(216,31): warning CS1591: Missing XML comment for publicly visible type or member 'AssetProcessingCompletedEvent.ProcessingType' [/home/lysander/repos/bannou/bannou-service/bannou-service.csproj]
/home/lysander/repos/bannou/bannou-service/Generated/Events/AssetEventsModels.cs(231,70): warning CS1591: Missing XML comment for publicly visible type or member 'AssetProcessingCompletedEvent.Outputs' [/home/lysander/repos/bannou/bannou-service/bannou-service.csproj]
/home/lysander/repos/bannou/bannou-service/Generated/Events/AssetEventsModels.cs(300,27): warning CS1591: Missing XML comment for publicly visible type or member 'AssetReadyEvent.AssetType' [/home/lysander/repos/bannou/bannou-service/bannou-service.csproj]
/home/lysander/repos/bannou/bannou-service/Generated/Events/AssetEventsModels.cs(304,23): warning CS1591: Missing XML comment for publicly visible type or member 'AssetReadyEvent.Realm' [/home/lysander/repos/bannou/bannou-service/bannou-service.csproj]
/home/lysander/repos/bannou/bannou-service/Generated/Events/AssetEventsModels.cs(361,33): warning CS1591: Missing XML comment for publicly visible type or member 'BundleCreatedEvent.Compression' [/home/lysander/repos/bannou/bannou-service/bannou-service.csproj]
/home/lysander/repos/bannou/bannou-service/Generated/Events/AssetEventsModels.cs(372,13): warning CS1591: Missing XML comment for publicly visible type or member 'AssetTypeEnum' [/home/lysander/repos/bannou/bannou-service/bannou-service.csproj]
/home/lysander/repos/bannou/bannou-service/Generated/Events/AssetEventsModels.cs(376,5): warning CS1591: Missing XML comment for publicly visible type or member 'AssetTypeEnum.Texture' [/home/lysander/repos/bannou/bannou-service/bannou-service.csproj]
/home/lysander/repos/bannou/bannou-service/Generated/Events/AssetEventsModels.cs(379,5): warning CS1591: Missing XML comment for publicly visible type or member 'AssetTypeEnum.Model' [/home/lysander/repos/bannou/bannou-service/bannou-service.csproj]
/home/lysander/repos/bannou/bannou-service/Generated/Events/AssetEventsModels.cs(382,5): warning CS1591: Missing XML comment for publicly visible type or member 'AssetTypeEnum.Audio' [/home/lysander/repos/bannou/bannou-service/bannou-service.csproj]
/home/lysander/repos/bannou/bannou-service/Generated/Events/AssetEventsModels.cs(385,5): warning CS1591: Missing XML comment for publicly visible type or member 'AssetTypeEnum.Behavior' [/home/lysander/repos/bannou/bannou-service/bannou-service.csproj]
/home/lysander/repos/bannou/bannou-service/Generated/Events/AssetEventsModels.cs(388,5): warning CS1591: Missing XML comment for publicly visible type or member 'AssetTypeEnum.Bundle' [/home/lysander/repos/bannou/bannou-service/bannou-service.csproj]
/home/lysander/repos/bannou/bannou-service/Generated/Events/AssetEventsModels.cs(391,5): warning CS1591: Missing XML comment for publicly visible type or member 'AssetTypeEnum.Prefab' [/home/lysander/repos/bannou/bannou-service/bannou-service.csproj]
/home/lysander/repos/bannou/bannou-service/Generated/Events/AssetEventsModels.cs(394,5): warning CS1591: Missing XML comment for publicly visible type or member 'AssetTypeEnum.Other' [/home/lysander/repos/bannou/bannou-service/bannou-service.csproj]
/home/lysander/repos/bannou/bannou-service/Generated/Events/AssetEventsModels.cs(399,13): warning CS1591: Missing XML comment for publicly visible type or member 'RealmEnum' [/home/lysander/repos/bannou/bannou-service/bannou-service.csproj]
/home/lysander/repos/bannou/bannou-service/Generated/Events/AssetEventsModels.cs(403,5): warning CS1591: Missing XML comment for publicly visible type or member 'RealmEnum.Omega' [/home/lysander/repos/bannou/bannou-service/bannou-service.csproj]
/home/lysander/repos/bannou/bannou-service/Generated/Events/AssetEventsModels.cs(406,5): warning CS1591: Missing XML comment for publicly visible type or member 'RealmEnum.Arcadia' [/home/lysander/repos/bannou/bannou-service/bannou-service.csproj]
/home/lysander/repos/bannou/bannou-service/Generated/Events/AssetEventsModels.cs(409,5): warning CS1591: Missing XML comment for publicly visible type or member 'RealmEnum.Fantasia' [/home/lysander/repos/bannou/bannou-service/bannou-service.csproj]
/home/lysander/repos/bannou/bannou-service/Generated/Events/AssetEventsModels.cs(412,5): warning CS1591: Missing XML comment for publicly visible type or member 'RealmEnum.Shared' [/home/lysander/repos/bannou/bannou-service/bannou-service.csproj]
/home/lysander/repos/bannou/bannou-service/Generated/Events/AssetEventsModels.cs(424,5): warning CS1591: Missing XML comment for publicly visible type or member 'ProcessingTypeEnum.Mipmaps' [/home/lysander/repos/bannou/bannou-service/bannou-service.csproj]
/home/lysander/repos/bannou/bannou-service/Generated/Events/AssetEventsModels.cs(427,5): warning CS1591: Missing XML comment for publicly visible type or member 'ProcessingTypeEnum.Lod_generation' [/home/lysander/repos/bannou/bannou-service/bannou-service.csproj]
/home/lysander/repos/bannou/bannou-service/Generated/Events/AssetEventsModels.cs(430,5): warning CS1591: Missing XML comment for publicly visible type or member 'ProcessingTypeEnum.Transcode' [/home/lysander/repos/bannou/bannou-service/bannou-service.csproj]
/home/lysander/repos/bannou/bannou-service/Generated/Events/AssetEventsModels.cs(433,5): warning CS1591: Missing XML comment for publicly visible type or member 'ProcessingTypeEnum.Compression' [/home/lysander/repos/bannou/bannou-service/bannou-service.csproj]
/home/lysander/repos/bannou/bannou-service/Generated/Events/AssetEventsModels.cs(436,5): warning CS1591: Missing XML comment for publicly visible type or member 'ProcessingTypeEnum.Validation' [/home/lysander/repos/bannou/bannou-service/bannou-service.csproj]
/home/lysander/repos/bannou/bannou-service/Generated/Events/AssetEventsModels.cs(439,5): warning CS1591: Missing XML comment for publicly visible type or member 'ProcessingTypeEnum.Behavior_compile' [/home/lysander/repos/bannou/bannou-service/bannou-service.csproj]
/home/lysander/repos/bannou/bannou-service/Generated/Events/AssetEventsModels.cs(444,13): warning CS1591: Missing XML comment for publicly visible type or member 'CompressionTypeEnum' [/home/lysander/repos/bannou/bannou-service/bannou-service.csproj]
/home/lysander/repos/bannou/bannou-service/Generated/Events/AssetEventsModels.cs(448,5): warning CS1591: Missing XML comment for publicly visible type or member 'CompressionTypeEnum.Lz4' [/home/lysander/repos/bannou/bannou-service/bannou-service.csproj]
/home/lysander/repos/bannou/bannou-service/Generated/Events/AssetEventsModels.cs(451,5): warning CS1591: Missing XML comment for publicly visible type or member 'CompressionTypeEnum.Lzma' [/home/lysander/repos/bannou/bannou-service/bannou-service.csproj]
/home/lysander/repos/bannou/bannou-service/Generated/Events/AssetEventsModels.cs(454,5): warning CS1591: Missing XML comment for publicly visible type or member 'CompressionTypeEnum.None' [/home/lysander/repos/bannou/bannou-service/bannou-service.csproj]
/home/lysander/repos/bannou/bannou-service/Generated/Events/AssetEventsModels.cs(486,68): warning CS1591: Missing XML comment for publicly visible type or member 'ProcessingOutput.AdditionalProperties' [/home/lysander/repos/bannou/bannou-service/bannou-service.csproj]
/home/lysander/repos/bannou/bannou-service/Generated/Events/AuthEventsModels.cs(39,42): warning CS1591: Missing XML comment for publicly visible type or member 'SessionInvalidatedEvent.Reason' [/home/lysander/repos/bannou/bannou-service/bannou-service.csproj]
/home/lysander/repos/bannou/bannou-service/Generated/Events/AuthEventsModels.cs(57,5): warning CS1591: Missing XML comment for publicly visible type or member 'SessionInvalidatedEventReason.Logout' [/home/lysander/repos/bannou/bannou-service/bannou-service.csproj]
/home/lysander/repos/bannou/bannou-service/Generated/Events/AuthEventsModels.cs(60,5): warning CS1591: Missing XML comment for publicly visible type or member 'SessionInvalidatedEventReason.Account_deleted' [/home/lysander/repos/bannou/bannou-service/bannou-service.csproj]
/home/lysander/repos/bannou/bannou-service/Generated/Events/AuthEventsModels.cs(63,5): warning CS1591: Missing XML comment for publicly visible type or member 'SessionInvalidatedEventReason.Security_revocation' [/home/lysander/repos/bannou/bannou-service/bannou-service.csproj]
/home/lysander/repos/bannou/bannou-service/Generated/Events/AuthEventsModels.cs(66,5): warning CS1591: Missing XML comment for publicly visible type or member 'SessionInvalidatedEventReason.Admin_action' [/home/lysander/repos/bannou/bannou-service/bannou-service.csproj]
/home/lysander/repos/bannou/bannou-service/Generated/Events/AuthEventsModels.cs(69,5): warning CS1591: Missing XML comment for publicly visible type or member 'SessionInvalidatedEventReason.Session_expired' [/home/lysander/repos/bannou/bannou-service/bannou-service.csproj]
/home/lysander/repos/bannou/bannou-service/Generated/Events/AuthEventsModels.cs(118,38): warning CS1591: Missing XML comment for publicly visible type or member 'SessionUpdatedEvent.Reason' [/home/lysander/repos/bannou/bannou-service/bannou-service.csproj]
/home/lysander/repos/bannou/bannou-service/Generated/Events/AuthEventsModels.cs(130,5): warning CS1591: Missing XML comment for publicly visible type or member 'SessionUpdatedEventReason.Role_changed' [/home/lysander/repos/bannou/bannou-service/bannou-service.csproj]
/home/lysander/repos/bannou/bannou-service/Generated/Events/AuthEventsModels.cs(133,5): warning CS1591: Missing XML comment for publicly visible type or member 'SessionUpdatedEventReason.Authorization_changed' [/home/lysander/repos/bannou/bannou-service/bannou-service.csproj]
/home/lysander/repos/bannou/bannou-service/Generated/Events/AuthEventsModels.cs(136,5): warning CS1591: Missing XML comment for publicly visible type or member 'SessionUpdatedEventReason.Subscription_changed' [/home/lysander/repos/bannou/bannou-service/bannou-service.csproj]
/home/lysander/repos/bannou/bannou-service/Generated/Events/BehaviorLifecycleEvents.cs(32,19): warning CS1591: Missing XML comment for publicly visible type or member 'BehaviorCreatedEvent.BehaviorId' [/home/lysander/repos/bannou/bannou-service/bannou-service.csproj]
/home/lysander/repos/bannou/bannou-service/Generated/Events/BehaviorLifecycleEvents.cs(37,19): warning CS1591: Missing XML comment for publicly visible type or member 'BehaviorCreatedEvent.Name' [/home/lysander/repos/bannou/bannou-service/bannou-service.csproj]
/home/lysander/repos/bannou/bannou-service/Generated/Events/BehaviorLifecycleEvents.cs(40,19): warning CS1591: Missing XML comment for publicly visible type or member 'BehaviorCreatedEvent.Category' [/home/lysander/repos/bannou/bannou-service/bannou-service.csproj]
/home/lysander/repos/bannou/bannou-service/Generated/Events/BehaviorLifecycleEvents.cs(43,19): warning CS1591: Missing XML comment for publicly visible type or member 'BehaviorCreatedEvent.BundleId' [/home/lysander/repos/bannou/bannou-service/bannou-service.csproj]
/home/lysander/repos/bannou/bannou-service/Generated/Events/BehaviorLifecycleEvents.cs(46,19): warning CS1591: Missing XML comment for publicly visible type or member 'BehaviorCreatedEvent.AssetId' [/home/lysander/repos/bannou/bannou-service/bannou-service.csproj]
/home/lysander/repos/bannou/bannou-service/Generated/Events/BehaviorLifecycleEvents.cs(49,16): warning CS1591: Missing XML comment for publicly visible type or member 'BehaviorCreatedEvent.BytecodeSize' [/home/lysander/repos/bannou/bannou-service/bannou-service.csproj]
/home/lysander/repos/bannou/bannou-service/Generated/Events/BehaviorLifecycleEvents.cs(52,19): warning CS1591: Missing XML comment for publicly visible type or member 'BehaviorCreatedEvent.SchemaVersion' [/home/lysander/repos/bannou/bannou-service/bannou-service.csproj]
/home/lysander/repos/bannou/bannou-service/Generated/Events/BehaviorLifecycleEvents.cs(57,34): warning CS1591: Missing XML comment for publicly visible type or member 'BehaviorCreatedEvent.CreatedAt' [/home/lysander/repos/bannou/bannou-service/bannou-service.csproj]
/home/lysander/repos/bannou/bannou-service/Generated/Events/BehaviorLifecycleEvents.cs(60,34): warning CS1591: Missing XML comment for publicly visible type or member 'BehaviorCreatedEvent.UpdatedAt' [/home/lysander/repos/bannou/bannou-service/bannou-service.csproj]
/home/lysander/repos/bannou/bannou-service/Generated/Events/BehaviorLifecycleEvents.cs(82,19): warning CS1591: Missing XML comment for publicly visible type or member 'BehaviorUpdatedEvent.BehaviorId' [/home/lysander/repos/bannou/bannou-service/bannou-service.csproj]
/home/lysander/repos/bannou/bannou-service/Generated/Events/BehaviorLifecycleEvents.cs(87,19): warning CS1591: Missing XML comment for publicly visible type or member 'BehaviorUpdatedEvent.Name' [/home/lysander/repos/bannou/bannou-service/bannou-service.csproj]
/home/lysander/repos/bannou/bannou-service/Generated/Events/BehaviorLifecycleEvents.cs(90,19): warning CS1591: Missing XML comment for publicly visible type or member 'BehaviorUpdatedEvent.Category' [/home/lysander/repos/bannou/bannou-service/bannou-service.csproj]
/home/lysander/repos/bannou/bannou-service/Generated/Events/BehaviorLifecycleEvents.cs(93,19): warning CS1591: Missing XML comment for publicly visible type or member 'BehaviorUpdatedEvent.BundleId' [/home/lysander/repos/bannou/bannou-service/bannou-service.csproj]
/home/lysander/repos/bannou/bannou-service/Generated/Events/BehaviorLifecycleEvents.cs(96,19): warning CS1591: Missing XML comment for publicly visible type or member 'BehaviorUpdatedEvent.AssetId' [/home/lysander/repos/bannou/bannou-service/bannou-service.csproj]
/home/lysander/repos/bannou/bannou-service/Generated/Events/BehaviorLifecycleEvents.cs(99,16): warning CS1591: Missing XML comment for publicly visible type or member 'BehaviorUpdatedEvent.BytecodeSize' [/home/lysander/repos/bannou/bannou-service/bannou-service.csproj]
/home/lysander/repos/bannou/bannou-service/Generated/Events/BehaviorLifecycleEvents.cs(102,19): warning CS1591: Missing XML comment for publicly visible type or member 'BehaviorUpdatedEvent.SchemaVersion' [/home/lysander/repos/bannou/bannou-service/bannou-service.csproj]
/home/lysander/repos/bannou/bannou-service/Generated/Events/BehaviorLifecycleEvents.cs(107,34): warning CS1591: Missing XML comment for publicly visible type or member 'BehaviorUpdatedEvent.CreatedAt' [/home/lysander/repos/bannou/bannou-service/bannou-service.csproj]
/home/lysander/repos/bannou/bannou-service/Generated/Events/BehaviorLifecycleEvents.cs(110,34): warning CS1591: Missing XML comment for publicly visible type or member 'BehaviorUpdatedEvent.UpdatedAt' [/home/lysander/repos/bannou/bannou-service/bannou-service.csproj]
/home/lysander/repos/bannou/bannou-service/Generated/Events/BehaviorLifecycleEvents.cs(140,19): warning CS1591: Missing XML comment for publicly visible type or member 'BehaviorDeletedEvent.BehaviorId' [/home/lysander/repos/bannou/bannou-service/bannou-service.csproj]
/home/lysander/repos/bannou/bannou-service/Generated/Events/BehaviorLifecycleEvents.cs(145,19): warning CS1591: Missing XML comment for publicly visible type or member 'BehaviorDeletedEvent.Name' [/home/lysander/repos/bannou/bannou-service/bannou-service.csproj]
/home/lysander/repos/bannou/bannou-service/Generated/Events/BehaviorLifecycleEvents.cs(148,19): warning CS1591: Missing XML comment for publicly visible type or member 'BehaviorDeletedEvent.Category' [/home/lysander/repos/bannou/bannou-service/bannou-service.csproj]
/home/lysander/repos/bannou/bannou-service/Generated/Events/BehaviorLifecycleEvents.cs(151,19): warning CS1591: Missing XML comment for publicly visible type or member 'BehaviorDeletedEvent.BundleId' [/home/lysander/repos/bannou/bannou-service/bannou-service.csproj]
/home/lysander/repos/bannou/bannou-service/Generated/Events/BehaviorLifecycleEvents.cs(154,19): warning CS1591: Missing XML comment for publicly visible type or member 'BehaviorDeletedEvent.AssetId' [/home/lysander/repos/bannou/bannou-service/bannou-service.csproj]
/home/lysander/repos/bannou/bannou-service/Generated/Events/BehaviorLifecycleEvents.cs(157,16): warning CS1591: Missing XML comment for publicly visible type or member 'BehaviorDeletedEvent.BytecodeSize' [/home/lysander/repos/bannou/bannou-service/bannou-service.csproj]
/home/lysander/repos/bannou/bannou-service/Generated/Events/BehaviorLifecycleEvents.cs(160,19): warning CS1591: Missing XML comment for publicly visible type or member 'BehaviorDeletedEvent.SchemaVersion' [/home/lysander/repos/bannou/bannou-service/bannou-service.csproj]
/home/lysander/repos/bannou/bannou-service/Generated/Events/BehaviorLifecycleEvents.cs(165,34): warning CS1591: Missing XML comment for publicly visible type or member 'BehaviorDeletedEvent.CreatedAt' [/home/lysander/repos/bannou/bannou-service/bannou-service.csproj]
/home/lysander/repos/bannou/bannou-service/Generated/Events/BehaviorLifecycleEvents.cs(168,34): warning CS1591: Missing XML comment for publicly visible type or member 'BehaviorDeletedEvent.UpdatedAt' [/home/lysander/repos/bannou/bannou-service/bannou-service.csproj]
/home/lysander/repos/bannou/bannou-service/Generated/Events/CharacterLifecycleEvents.cs(32,24): warning CS1591: Missing XML comment for publicly visible type or member 'CharacterCreatedEvent.CharacterId' [/home/lysander/repos/bannou/bannou-service/bannou-service.csproj]
/home/lysander/repos/bannou/bannou-service/Generated/Events/CharacterLifecycleEvents.cs(37,19): warning CS1591: Missing XML comment for publicly visible type or member 'CharacterCreatedEvent.Name' [/home/lysander/repos/bannou/bannou-service/bannou-service.csproj]
/home/lysander/repos/bannou/bannou-service/Generated/Events/CharacterLifecycleEvents.cs(42,24): warning CS1591: Missing XML comment for publicly visible type or member 'CharacterCreatedEvent.RealmId' [/home/lysander/repos/bannou/bannou-service/bannou-service.csproj]
/home/lysander/repos/bannou/bannou-service/Generated/Events/CharacterLifecycleEvents.cs(47,24): warning CS1591: Missing XML comment for publicly visible type or member 'CharacterCreatedEvent.SpeciesId' [/home/lysander/repos/bannou/bannou-service/bannou-service.csproj]
/home/lysander/repos/bannou/bannou-service/Generated/Events/CharacterLifecycleEvents.cs(50,34): warning CS1591: Missing XML comment for publicly visible type or member 'CharacterCreatedEvent.BirthDate' [/home/lysander/repos/bannou/bannou-service/bannou-service.csproj]
/home/lysander/repos/bannou/bannou-service/Generated/Events/CharacterLifecycleEvents.cs(53,19): warning CS1591: Missing XML comment for publicly visible type or member 'CharacterCreatedEvent.Status' [/home/lysander/repos/bannou/bannou-service/bannou-service.csproj]
/home/lysander/repos/bannou/bannou-service/Generated/Events/CharacterLifecycleEvents.cs(58,34): warning CS1591: Missing XML comment for publicly visible type or member 'CharacterCreatedEvent.CreatedAt' [/home/lysander/repos/bannou/bannou-service/bannou-service.csproj]
/home/lysander/repos/bannou/bannou-service/Generated/Events/CharacterLifecycleEvents.cs(61,34): warning CS1591: Missing XML comment for publicly visible type or member 'CharacterCreatedEvent.UpdatedAt' [/home/lysander/repos/bannou/bannou-service/bannou-service.csproj]
/home/lysander/repos/bannou/bannou-service/Generated/Events/CharacterLifecycleEvents.cs(83,24): warning CS1591: Missing XML comment for publicly visible type or member 'CharacterUpdatedEvent.CharacterId' [/home/lysander/repos/bannou/bannou-service/bannou-service.csproj]
/home/lysander/repos/bannou/bannou-service/Generated/Events/CharacterLifecycleEvents.cs(88,19): warning CS1591: Missing XML comment for publicly visible type or member 'CharacterUpdatedEvent.Name' [/home/lysander/repos/bannou/bannou-service/bannou-service.csproj]
/home/lysander/repos/bannou/bannou-service/Generated/Events/CharacterLifecycleEvents.cs(93,24): warning CS1591: Missing XML comment for publicly visible type or member 'CharacterUpdatedEvent.RealmId' [/home/lysander/repos/bannou/bannou-service/bannou-service.csproj]
/home/lysander/repos/bannou/bannou-service/Generated/Events/CharacterLifecycleEvents.cs(98,24): warning CS1591: Missing XML comment for publicly visible type or member 'CharacterUpdatedEvent.SpeciesId' [/home/lysander/repos/bannou/bannou-service/bannou-service.csproj]
/home/lysander/repos/bannou/bannou-service/Generated/Events/CharacterLifecycleEvents.cs(101,34): warning CS1591: Missing XML comment for publicly visible type or member 'CharacterUpdatedEvent.BirthDate' [/home/lysander/repos/bannou/bannou-service/bannou-service.csproj]
/home/lysander/repos/bannou/bannou-service/Generated/Events/CharacterLifecycleEvents.cs(104,19): warning CS1591: Missing XML comment for publicly visible type or member 'CharacterUpdatedEvent.Status' [/home/lysander/repos/bannou/bannou-service/bannou-service.csproj]
/home/lysander/repos/bannou/bannou-service/Generated/Events/CharacterLifecycleEvents.cs(109,34): warning CS1591: Missing XML comment for publicly visible type or member 'CharacterUpdatedEvent.CreatedAt' [/home/lysander/repos/bannou/bannou-service/bannou-service.csproj]
/home/lysander/repos/bannou/bannou-service/Generated/Events/CharacterLifecycleEvents.cs(112,34): warning CS1591: Missing XML comment for publicly visible type or member 'CharacterUpdatedEvent.UpdatedAt' [/home/lysander/repos/bannou/bannou-service/bannou-service.csproj]
/home/lysander/repos/bannou/bannou-service/Generated/Events/CharacterLifecycleEvents.cs(142,24): warning CS1591: Missing XML comment for publicly visible type or member 'CharacterDeletedEvent.CharacterId' [/home/lysander/repos/bannou/bannou-service/bannou-service.csproj]
/home/lysander/repos/bannou/bannou-service/Generated/Events/CharacterLifecycleEvents.cs(147,19): warning CS1591: Missing XML comment for publicly visible type or member 'CharacterDeletedEvent.Name' [/home/lysander/repos/bannou/bannou-service/bannou-service.csproj]
/home/lysander/repos/bannou/bannou-service/Generated/Events/CharacterLifecycleEvents.cs(152,24): warning CS1591: Missing XML comment for publicly visible type or member 'CharacterDeletedEvent.RealmId' [/home/lysander/repos/bannou/bannou-service/bannou-service.csproj]
/home/lysander/repos/bannou/bannou-service/Generated/Events/CharacterLifecycleEvents.cs(157,24): warning CS1591: Missing XML comment for publicly visible type or member 'CharacterDeletedEvent.SpeciesId' [/home/lysander/repos/bannou/bannou-service/bannou-service.csproj]
/home/lysander/repos/bannou/bannou-service/Generated/Events/CharacterLifecycleEvents.cs(160,34): warning CS1591: Missing XML comment for publicly visible type or member 'CharacterDeletedEvent.BirthDate' [/home/lysander/repos/bannou/bannou-service/bannou-service.csproj]
/home/lysander/repos/bannou/bannou-service/Generated/Events/CharacterLifecycleEvents.cs(163,19): warning CS1591: Missing XML comment for publicly visible type or member 'CharacterDeletedEvent.Status' [/home/lysander/repos/bannou/bannou-service/bannou-service.csproj]
/home/lysander/repos/bannou/bannou-service/Generated/Events/CharacterLifecycleEvents.cs(168,34): warning CS1591: Missing XML comment for publicly visible type or member 'CharacterDeletedEvent.CreatedAt' [/home/lysander/repos/bannou/bannou-service/bannou-service.csproj]
/home/lysander/repos/bannou/bannou-service/Generated/Events/CharacterLifecycleEvents.cs(171,34): warning CS1591: Missing XML comment for publicly visible type or member 'CharacterDeletedEvent.UpdatedAt' [/home/lysander/repos/bannou/bannou-service/bannou-service.csproj]
/home/lysander/repos/bannou/bannou-service/Generated/Events/DocumentationEventsModels.cs(32,34): warning CS1591: Missing XML comment for publicly visible type or member 'DocumentationQueriedEvent.Timestamp' [/home/lysander/repos/bannou/bannou-service/bannou-service.csproj]
/home/lysander/repos/bannou/bannou-service/Generated/Events/DocumentationEventsModels.cs(37,19): warning CS1591: Missing XML comment for publicly visible type or member 'DocumentationQueriedEvent.Namespace' [/home/lysander/repos/bannou/bannou-service/bannou-service.csproj]
/home/lysander/repos/bannou/bannou-service/Generated/Events/DocumentationEventsModels.cs(42,19): warning CS1591: Missing XML comment for publicly visible type or member 'DocumentationQueriedEvent.Query' [/home/lysander/repos/bannou/bannou-service/bannou-service.csproj]
/home/lysander/repos/bannou/bannou-service/Generated/Events/DocumentationEventsModels.cs(45,25): warning CS1591: Missing XML comment for publicly visible type or member 'DocumentationQueriedEvent.SessionId' [/home/lysander/repos/bannou/bannou-service/bannou-service.csproj]
/home/lysander/repos/bannou/bannou-service/Generated/Events/DocumentationEventsModels.cs(48,16): warning CS1591: Missing XML comment for publicly visible type or member 'DocumentationQueriedEvent.ResultCount' [/home/lysander/repos/bannou/bannou-service/bannou-service.csproj]
/home/lysander/repos/bannou/bannou-service/Generated/Events/DocumentationEventsModels.cs(51,25): warning CS1591: Missing XML comment for publicly visible type or member 'DocumentationQueriedEvent.TopResultId' [/home/lysander/repos/bannou/bannou-service/bannou-service.csproj]
/home/lysander/repos/bannou/bannou-service/Generated/Events/DocumentationEventsModels.cs(54,20): warning CS1591: Missing XML comment for publicly visible type or member 'DocumentationQueriedEvent.RelevanceScore' [/home/lysander/repos/bannou/bannou-service/bannou-service.csproj]
/home/lysander/repos/bannou/bannou-service/Generated/Events/DocumentationEventsModels.cs(59,68): warning CS1591: Missing XML comment for publicly visible type or member 'DocumentationQueriedEvent.AdditionalProperties' [/home/lysander/repos/bannou/bannou-service/bannou-service.csproj]
/home/lysander/repos/bannou/bannou-service/Generated/Events/DocumentationEventsModels.cs(85,34): warning CS1591: Missing XML comment for publicly visible type or member 'DocumentationSearchedEvent.Timestamp' [/home/lysander/repos/bannou/bannou-service/bannou-service.csproj]
/home/lysander/repos/bannou/bannou-service/Generated/Events/DocumentationEventsModels.cs(90,19): warning CS1591: Missing XML comment for publicly visible type or member 'DocumentationSearchedEvent.Namespace' [/home/lysander/repos/bannou/bannou-service/bannou-service.csproj]
/home/lysander/repos/bannou/bannou-service/Generated/Events/DocumentationEventsModels.cs(95,19): warning CS1591: Missing XML comment for publicly visible type or member 'DocumentationSearchedEvent.SearchTerm' [/home/lysander/repos/bannou/bannou-service/bannou-service.csproj]
/home/lysander/repos/bannou/bannou-service/Generated/Events/DocumentationEventsModels.cs(98,25): warning CS1591: Missing XML comment for publicly visible type or member 'DocumentationSearchedEvent.SessionId' [/home/lysander/repos/bannou/bannou-service/bannou-service.csproj]
/home/lysander/repos/bannou/bannou-service/Generated/Events/DocumentationEventsModels.cs(101,16): warning CS1591: Missing XML comment for publicly visible type or member 'DocumentationSearchedEvent.ResultCount' [/home/lysander/repos/bannou/bannou-service/bannou-service.csproj]
/home/lysander/repos/bannou/bannou-service/Generated/Events/DocumentationEventsModels.cs(106,68): warning CS1591: Missing XML comment for publicly visible type or member 'DocumentationSearchedEvent.AdditionalProperties' [/home/lysander/repos/bannou/bannou-service/bannou-service.csproj]
/home/lysander/repos/bannou/bannou-service/Generated/Events/DocumentationEventsModels.cs(132,34): warning CS1591: Missing XML comment for publicly visible type or member 'DocumentationBindingCreatedEvent.Timestamp' [/home/lysander/repos/bannou/bannou-service/bannou-service.csproj]
/home/lysander/repos/bannou/bannou-service/Generated/Events/DocumentationEventsModels.cs(137,19): warning CS1591: Missing XML comment for publicly visible type or member 'DocumentationBindingCreatedEvent.Namespace' [/home/lysander/repos/bannou/bannou-service/bannou-service.csproj]
/home/lysander/repos/bannou/bannou-service/Generated/Events/DocumentationEventsModels.cs(142,24): warning CS1591: Missing XML comment for publicly visible type or member 'DocumentationBindingCreatedEvent.BindingId' [/home/lysander/repos/bannou/bannou-service/bannou-service.csproj]
/home/lysander/repos/bannou/bannou-service/Generated/Events/DocumentationEventsModels.cs(147,19): warning CS1591: Missing XML comment for publicly visible type or member 'DocumentationBindingCreatedEvent.RepositoryUrl' [/home/lysander/repos/bannou/bannou-service/bannou-service.csproj]
/home/lysander/repos/bannou/bannou-service/Generated/Events/DocumentationEventsModels.cs(150,19): warning CS1591: Missing XML comment for publicly visible type or member 'DocumentationBindingCreatedEvent.Branch' [/home/lysander/repos/bannou/bannou-service/bannou-service.csproj]
/home/lysander/repos/bannou/bannou-service/Generated/Events/DocumentationEventsModels.cs(155,68): warning CS1591: Missing XML comment for publicly visible type or member 'DocumentationBindingCreatedEvent.AdditionalProperties' [/home/lysander/repos/bannou/bannou-service/bannou-service.csproj]
/home/lysander/repos/bannou/bannou-service/Generated/Events/DocumentationEventsModels.cs(181,34): warning CS1591: Missing XML comment for publicly visible type or member 'DocumentationBindingRemovedEvent.Timestamp' [/home/lysander/repos/bannou/bannou-service/bannou-service.csproj]
/home/lysander/repos/bannou/bannou-service/Generated/Events/DocumentationEventsModels.cs(186,19): warning CS1591: Missing XML comment for publicly visible type or member 'DocumentationBindingRemovedEvent.Namespace' [/home/lysander/repos/bannou/bannou-service/bannou-service.csproj]
/home/lysander/repos/bannou/bannou-service/Generated/Events/DocumentationEventsModels.cs(191,24): warning CS1591: Missing XML comment for publicly visible type or member 'DocumentationBindingRemovedEvent.BindingId' [/home/lysander/repos/bannou/bannou-service/bannou-service.csproj]
/home/lysander/repos/bannou/bannou-service/Generated/Events/DocumentationEventsModels.cs(194,16): warning CS1591: Missing XML comment for publicly visible type or member 'DocumentationBindingRemovedEvent.DocumentsDeleted' [/home/lysander/repos/bannou/bannou-service/bannou-service.csproj]
/home/lysander/repos/bannou/bannou-service/Generated/Events/DocumentationEventsModels.cs(199,68): warning CS1591: Missing XML comment for publicly visible type or member 'DocumentationBindingRemovedEvent.AdditionalProperties' [/home/lysander/repos/bannou/bannou-service/bannou-service.csproj]
/home/lysander/repos/bannou/bannou-service/Generated/Events/DocumentationEventsModels.cs(225,34): warning CS1591: Missing XML comment for publicly visible type or member 'DocumentationSyncStartedEvent.Timestamp' [/home/lysander/repos/bannou/bannou-service/bannou-service.csproj]
/home/lysander/repos/bannou/bannou-service/Generated/Events/DocumentationEventsModels.cs(230,19): warning CS1591: Missing XML comment for publicly visible type or member 'DocumentationSyncStartedEvent.Namespace' [/home/lysander/repos/bannou/bannou-service/bannou-service.csproj]
/home/lysander/repos/bannou/bannou-service/Generated/Events/DocumentationEventsModels.cs(235,24): warning CS1591: Missing XML comment for publicly visible type or member 'DocumentationSyncStartedEvent.BindingId' [/home/lysander/repos/bannou/bannou-service/bannou-service.csproj]
/home/lysander/repos/bannou/bannou-service/Generated/Events/DocumentationEventsModels.cs(240,24): warning CS1591: Missing XML comment for publicly visible type or member 'DocumentationSyncStartedEvent.SyncId' [/home/lysander/repos/bannou/bannou-service/bannou-service.csproj]
/home/lysander/repos/bannou/bannou-service/Generated/Events/DocumentationEventsModels.cs(246,53): warning CS1591: Missing XML comment for publicly visible type or member 'DocumentationSyncStartedEvent.TriggeredBy' [/home/lysander/repos/bannou/bannou-service/bannou-service.csproj]
/home/lysander/repos/bannou/bannou-service/Generated/Events/DocumentationEventsModels.cs(251,68): warning CS1591: Missing XML comment for publicly visible type or member 'DocumentationSyncStartedEvent.AdditionalProperties' [/home/lysander/repos/bannou/bannou-service/bannou-service.csproj]
/home/lysander/repos/bannou/bannou-service/Generated/Events/DocumentationEventsModels.cs(277,34): warning CS1591: Missing XML comment for publicly visible type or member 'DocumentationSyncCompletedEvent.Timestamp' [/home/lysander/repos/bannou/bannou-service/bannou-service.csproj]
/home/lysander/repos/bannou/bannou-service/Generated/Events/DocumentationEventsModels.cs(282,19): warning CS1591: Missing XML comment for publicly visible type or member 'DocumentationSyncCompletedEvent.Namespace' [/home/lysander/repos/bannou/bannou-service/bannou-service.csproj]
/home/lysander/repos/bannou/bannou-service/Generated/Events/DocumentationEventsModels.cs(287,24): warning CS1591: Missing XML comment for publicly visible type or member 'DocumentationSyncCompletedEvent.BindingId' [/home/lysander/repos/bannou/bannou-service/bannou-service.csproj]
/home/lysander/repos/bannou/bannou-service/Generated/Events/DocumentationEventsModels.cs(292,24): warning CS1591: Missing XML comment for publicly visible type or member 'DocumentationSyncCompletedEvent.SyncId' [/home/lysander/repos/bannou/bannou-service/bannou-service.csproj]
/home/lysander/repos/bannou/bannou-service/Generated/Events/DocumentationEventsModels.cs(298,50): warning CS1591: Missing XML comment for publicly visible type or member 'DocumentationSyncCompletedEvent.Status' [/home/lysander/repos/bannou/bannou-service/bannou-service.csproj]
/home/lysander/repos/bannou/bannou-service/Generated/Events/DocumentationEventsModels.cs(301,19): warning CS1591: Missing XML comment for publicly visible type or member 'DocumentationSyncCompletedEvent.CommitHash' [/home/lysander/repos/bannou/bannou-service/bannou-service.csproj]
/home/lysander/repos/bannou/bannou-service/Generated/Events/DocumentationEventsModels.cs(304,16): warning CS1591: Missing XML comment for publicly visible type or member 'DocumentationSyncCompletedEvent.DocumentsCreated' [/home/lysander/repos/bannou/bannou-service/bannou-service.csproj]
/home/lysander/repos/bannou/bannou-service/Generated/Events/DocumentationEventsModels.cs(307,16): warning CS1591: Missing XML comment for publicly visible type or member 'DocumentationSyncCompletedEvent.DocumentsUpdated' [/home/lysander/repos/bannou/bannou-service/bannou-service.csproj]
/home/lysander/repos/bannou/bannou-service/Generated/Events/DocumentationEventsModels.cs(310,16): warning CS1591: Missing XML comment for publicly visible type or member 'DocumentationSyncCompletedEvent.DocumentsDeleted' [/home/lysander/repos/bannou/bannou-service/bannou-service.csproj]
/home/lysander/repos/bannou/bannou-service/Generated/Events/DocumentationEventsModels.cs(313,16): warning CS1591: Missing XML comment for publicly visible type or member 'DocumentationSyncCompletedEvent.DurationMs' [/home/lysander/repos/bannou/bannou-service/bannou-service.csproj]
/home/lysander/repos/bannou/bannou-service/Generated/Events/DocumentationEventsModels.cs(316,20): warning CS1591: Missing XML comment for publicly visible type or member 'DocumentationSyncCompletedEvent.ErrorMessage' [/home/lysander/repos/bannou/bannou-service/bannou-service.csproj]
/home/lysander/repos/bannou/bannou-service/Generated/Events/DocumentationEventsModels.cs(321,68): warning CS1591: Missing XML comment for publicly visible type or member 'DocumentationSyncCompletedEvent.AdditionalProperties' [/home/lysander/repos/bannou/bannou-service/bannou-service.csproj]
/home/lysander/repos/bannou/bannou-service/Generated/Events/DocumentationEventsModels.cs(347,34): warning CS1591: Missing XML comment for publicly visible type or member 'DocumentationArchiveCreatedEvent.Timestamp' [/home/lysander/repos/bannou/bannou-service/bannou-service.csproj]
/home/lysander/repos/bannou/bannou-service/Generated/Events/DocumentationEventsModels.cs(352,19): warning CS1591: Missing XML comment for publicly visible type or member 'DocumentationArchiveCreatedEvent.Namespace' [/home/lysander/repos/bannou/bannou-service/bannou-service.csproj]
/home/lysander/repos/bannou/bannou-service/Generated/Events/DocumentationEventsModels.cs(357,24): warning CS1591: Missing XML comment for publicly visible type or member 'DocumentationArchiveCreatedEvent.ArchiveId' [/home/lysander/repos/bannou/bannou-service/bannou-service.csproj]
/home/lysander/repos/bannou/bannou-service/Generated/Events/DocumentationEventsModels.cs(360,24): warning CS1591: Missing XML comment for publicly visible type or member 'DocumentationArchiveCreatedEvent.BundleAssetId' [/home/lysander/repos/bannou/bannou-service/bannou-service.csproj]
/home/lysander/repos/bannou/bannou-service/Generated/Events/DocumentationEventsModels.cs(363,16): warning CS1591: Missing XML comment for publicly visible type or member 'DocumentationArchiveCreatedEvent.DocumentCount' [/home/lysander/repos/bannou/bannou-service/bannou-service.csproj]
/home/lysander/repos/bannou/bannou-service/Generated/Events/DocumentationEventsModels.cs(366,16): warning CS1591: Missing XML comment for publicly visible type or member 'DocumentationArchiveCreatedEvent.SizeBytes' [/home/lysander/repos/bannou/bannou-service/bannou-service.csproj]
/home/lysander/repos/bannou/bannou-service/Generated/Events/DocumentationEventsModels.cs(369,20): warning CS1591: Missing XML comment for publicly visible type or member 'DocumentationArchiveCreatedEvent.CommitHash' [/home/lysander/repos/bannou/bannou-service/bannou-service.csproj]
/home/lysander/repos/bannou/bannou-service/Generated/Events/DocumentationEventsModels.cs(374,68): warning CS1591: Missing XML comment for publicly visible type or member 'DocumentationArchiveCreatedEvent.AdditionalProperties' [/home/lysander/repos/bannou/bannou-service/bannou-service.csproj]
/home/lysander/repos/bannou/bannou-service/Generated/Events/DocumentationEventsModels.cs(383,13): warning CS1591: Missing XML comment for publicly visible type or member 'DocumentationSyncStartedEventTriggeredBy' [/home/lysander/repos/bannou/bannou-service/bannou-service.csproj]
/home/lysander/repos/bannou/bannou-service/Generated/Events/DocumentationEventsModels.cs(387,5): warning CS1591: Missing XML comment for publicly visible type or member 'DocumentationSyncStartedEventTriggeredBy.Manual' [/home/lysander/repos/bannou/bannou-service/bannou-service.csproj]
/home/lysander/repos/bannou/bannou-service/Generated/Events/DocumentationEventsModels.cs(390,5): warning CS1591: Missing XML comment for publicly visible type or member 'DocumentationSyncStartedEventTriggeredBy.Scheduled' [/home/lysander/repos/bannou/bannou-service/bannou-service.csproj]
/home/lysander/repos/bannou/bannou-service/Generated/Events/DocumentationEventsModels.cs(395,13): warning CS1591: Missing XML comment for publicly visible type or member 'DocumentationSyncCompletedEventStatus' [/home/lysander/repos/bannou/bannou-service/bannou-service.csproj]
/home/lysander/repos/bannou/bannou-service/Generated/Events/DocumentationEventsModels.cs(399,5): warning CS1591: Missing XML comment for publicly visible type or member 'DocumentationSyncCompletedEventStatus.Success' [/home/lysander/repos/bannou/bannou-service/bannou-service.csproj]
/home/lysander/repos/bannou/bannou-service/Generated/Events/DocumentationEventsModels.cs(402,5): warning CS1591: Missing XML comment for publicly visible type or member 'DocumentationSyncCompletedEventStatus.Partial' [/home/lysander/repos/bannou/bannou-service/bannou-service.csproj]
/home/lysander/repos/bannou/bannou-service/Generated/Events/DocumentationEventsModels.cs(405,5): warning CS1591: Missing XML comment for publicly visible type or member 'DocumentationSyncCompletedEventStatus.Failed' [/home/lysander/repos/bannou/bannou-service/bannou-service.csproj]
/home/lysander/repos/bannou/bannou-service/Generated/Events/DocumentationLifecycleEvents.cs(32,24): warning CS1591: Missing XML comment for publicly visible type or member 'DocumentCreatedEvent.DocumentId' [/home/lysander/repos/bannou/bannou-service/bannou-service.csproj]
/home/lysander/repos/bannou/bannou-service/Generated/Events/DocumentationLifecycleEvents.cs(37,19): warning CS1591: Missing XML comment for publicly visible type or member 'DocumentCreatedEvent.Namespace' [/home/lysander/repos/bannou/bannou-service/bannou-service.csproj]
/home/lysander/repos/bannou/bannou-service/Generated/Events/DocumentationLifecycleEvents.cs(42,19): warning CS1591: Missing XML comment for publicly visible type or member 'DocumentCreatedEvent.Slug' [/home/lysander/repos/bannou/bannou-service/bannou-service.csproj]
/home/lysander/repos/bannou/bannou-service/Generated/Events/DocumentationLifecycleEvents.cs(47,19): warning CS1591: Missing XML comment for publicly visible type or member 'DocumentCreatedEvent.Title' [/home/lysander/repos/bannou/bannou-service/bannou-service.csproj]
/home/lysander/repos/bannou/bannou-service/Generated/Events/DocumentationLifecycleEvents.cs(52,19): warning CS1591: Missing XML comment for publicly visible type or member 'DocumentCreatedEvent.Category' [/home/lysander/repos/bannou/bannou-service/bannou-service.csproj]
/home/lysander/repos/bannou/bannou-service/Generated/Events/DocumentationLifecycleEvents.cs(55,59): warning CS1591: Missing XML comment for publicly visible type or member 'DocumentCreatedEvent.Tags' [/home/lysander/repos/bannou/bannou-service/bannou-service.csproj]
/home/lysander/repos/bannou/bannou-service/Generated/Events/DocumentationLifecycleEvents.cs(60,34): warning CS1591: Missing XML comment for publicly visible type or member 'DocumentCreatedEvent.CreatedAt' [/home/lysander/repos/bannou/bannou-service/bannou-service.csproj]
/home/lysander/repos/bannou/bannou-service/Generated/Events/DocumentationLifecycleEvents.cs(65,34): warning CS1591: Missing XML comment for publicly visible type or member 'DocumentCreatedEvent.UpdatedAt' [/home/lysander/repos/bannou/bannou-service/bannou-service.csproj]
/home/lysander/repos/bannou/bannou-service/Generated/Events/DocumentationLifecycleEvents.cs(87,24): warning CS1591: Missing XML comment for publicly visible type or member 'DocumentUpdatedEvent.DocumentId' [/home/lysander/repos/bannou/bannou-service/bannou-service.csproj]
/home/lysander/repos/bannou/bannou-service/Generated/Events/DocumentationLifecycleEvents.cs(92,19): warning CS1591: Missing XML comment for publicly visible type or member 'DocumentUpdatedEvent.Namespace' [/home/lysander/repos/bannou/bannou-service/bannou-service.csproj]
/home/lysander/repos/bannou/bannou-service/Generated/Events/DocumentationLifecycleEvents.cs(97,19): warning CS1591: Missing XML comment for publicly visible type or member 'DocumentUpdatedEvent.Slug' [/home/lysander/repos/bannou/bannou-service/bannou-service.csproj]
/home/lysander/repos/bannou/bannou-service/Generated/Events/DocumentationLifecycleEvents.cs(102,19): warning CS1591: Missing XML comment for publicly visible type or member 'DocumentUpdatedEvent.Title' [/home/lysander/repos/bannou/bannou-service/bannou-service.csproj]
/home/lysander/repos/bannou/bannou-service/Generated/Events/DocumentationLifecycleEvents.cs(107,19): warning CS1591: Missing XML comment for publicly visible type or member 'DocumentUpdatedEvent.Category' [/home/lysander/repos/bannou/bannou-service/bannou-service.csproj]
/home/lysander/repos/bannou/bannou-service/Generated/Events/DocumentationLifecycleEvents.cs(110,59): warning CS1591: Missing XML comment for publicly visible type or member 'DocumentUpdatedEvent.Tags' [/home/lysander/repos/bannou/bannou-service/bannou-service.csproj]
/home/lysander/repos/bannou/bannou-service/Generated/Events/DocumentationLifecycleEvents.cs(115,34): warning CS1591: Missing XML comment for publicly visible type or member 'DocumentUpdatedEvent.CreatedAt' [/home/lysander/repos/bannou/bannou-service/bannou-service.csproj]
/home/lysander/repos/bannou/bannou-service/Generated/Events/DocumentationLifecycleEvents.cs(120,34): warning CS1591: Missing XML comment for publicly visible type or member 'DocumentUpdatedEvent.UpdatedAt' [/home/lysander/repos/bannou/bannou-service/bannou-service.csproj]
/home/lysander/repos/bannou/bannou-service/Generated/Events/DocumentationLifecycleEvents.cs(150,24): warning CS1591: Missing XML comment for publicly visible type or member 'DocumentDeletedEvent.DocumentId' [/home/lysander/repos/bannou/bannou-service/bannou-service.csproj]
/home/lysander/repos/bannou/bannou-service/Generated/Events/DocumentationLifecycleEvents.cs(155,19): warning CS1591: Missing XML comment for publicly visible type or member 'DocumentDeletedEvent.Namespace' [/home/lysander/repos/bannou/bannou-service/bannou-service.csproj]
/home/lysander/repos/bannou/bannou-service/Generated/Events/DocumentationLifecycleEvents.cs(160,19): warning CS1591: Missing XML comment for publicly visible type or member 'DocumentDeletedEvent.Slug' [/home/lysander/repos/bannou/bannou-service/bannou-service.csproj]
/home/lysander/repos/bannou/bannou-service/Generated/Events/DocumentationLifecycleEvents.cs(165,19): warning CS1591: Missing XML comment for publicly visible type or member 'DocumentDeletedEvent.Title' [/home/lysander/repos/bannou/bannou-service/bannou-service.csproj]
/home/lysander/repos/bannou/bannou-service/Generated/Events/DocumentationLifecycleEvents.cs(170,19): warning CS1591: Missing XML comment for publicly visible type or member 'DocumentDeletedEvent.Category' [/home/lysander/repos/bannou/bannou-service/bannou-service.csproj]
/home/lysander/repos/bannou/bannou-service/Generated/Events/DocumentationLifecycleEvents.cs(173,59): warning CS1591: Missing XML comment for publicly visible type or member 'DocumentDeletedEvent.Tags' [/home/lysander/repos/bannou/bannou-service/bannou-service.csproj]
/home/lysander/repos/bannou/bannou-service/Generated/Events/DocumentationLifecycleEvents.cs(178,34): warning CS1591: Missing XML comment for publicly visible type or member 'DocumentDeletedEvent.CreatedAt' [/home/lysander/repos/bannou/bannou-service/bannou-service.csproj]
/home/lysander/repos/bannou/bannou-service/Generated/Events/DocumentationLifecycleEvents.cs(183,34): warning CS1591: Missing XML comment for publicly visible type or member 'DocumentDeletedEvent.UpdatedAt' [/home/lysander/repos/bannou/bannou-service/bannou-service.csproj]
/home/lysander/repos/bannou/bannou-service/Generated/Events/GameSessionEventsModels.cs(56,68): warning CS1591: Missing XML comment for publicly visible type or member 'GameSessionPlayerJoinedEvent.AdditionalProperties' [/home/lysander/repos/bannou/bannou-service/bannou-service.csproj]
/home/lysander/repos/bannou/bannou-service/Generated/Events/GameSessionEventsModels.cs(118,68): warning CS1591: Missing XML comment for publicly visible type or member 'GameSessionPlayerLeftEvent.AdditionalProperties' [/home/lysander/repos/bannou/bannou-service/bannou-service.csproj]
/home/lysander/repos/bannou/bannou-service/Generated/Events/GameSessionLifecycleEvents.cs(32,24): warning CS1591: Missing XML comment for publicly visible type or member 'GameSessionCreatedEvent.SessionId' [/home/lysander/repos/bannou/bannou-service/bannou-service.csproj]
/home/lysander/repos/bannou/bannou-service/Generated/Events/GameSessionLifecycleEvents.cs(37,19): warning CS1591: Missing XML comment for publicly visible type or member 'GameSessionCreatedEvent.GameType' [/home/lysander/repos/bannou/bannou-service/bannou-service.csproj]
/home/lysander/repos/bannou/bannou-service/Generated/Events/GameSessionLifecycleEvents.cs(40,19): warning CS1591: Missing XML comment for publicly visible type or member 'GameSessionCreatedEvent.SessionName' [/home/lysander/repos/bannou/bannou-service/bannou-service.csproj]
/home/lysander/repos/bannou/bannou-service/Generated/Events/GameSessionLifecycleEvents.cs(45,19): warning CS1591: Missing XML comment for publicly visible type or member 'GameSessionCreatedEvent.Status' [/home/lysander/repos/bannou/bannou-service/bannou-service.csproj]
/home/lysander/repos/bannou/bannou-service/Generated/Events/GameSessionLifecycleEvents.cs(48,16): warning CS1591: Missing XML comment for publicly visible type or member 'GameSessionCreatedEvent.MaxPlayers' [/home/lysander/repos/bannou/bannou-service/bannou-service.csproj]
/home/lysander/repos/bannou/bannou-service/Generated/Events/GameSessionLifecycleEvents.cs(51,16): warning CS1591: Missing XML comment for publicly visible type or member 'GameSessionCreatedEvent.CurrentPlayers' [/home/lysander/repos/bannou/bannou-service/bannou-service.csproj]
/home/lysander/repos/bannou/bannou-service/Generated/Events/GameSessionLifecycleEvents.cs(54,17): warning CS1591: Missing XML comment for publicly visible type or member 'GameSessionCreatedEvent.IsPrivate' [/home/lysander/repos/bannou/bannou-service/bannou-service.csproj]
/home/lysander/repos/bannou/bannou-service/Generated/Events/GameSessionLifecycleEvents.cs(57,24): warning CS1591: Missing XML comment for publicly visible type or member 'GameSessionCreatedEvent.Owner' [/home/lysander/repos/bannou/bannou-service/bannou-service.csproj]
/home/lysander/repos/bannou/bannou-service/Generated/Events/GameSessionLifecycleEvents.cs(62,34): warning CS1591: Missing XML comment for publicly visible type or member 'GameSessionCreatedEvent.CreatedAt' [/home/lysander/repos/bannou/bannou-service/bannou-service.csproj]
/home/lysander/repos/bannou/bannou-service/Generated/Events/GameSessionLifecycleEvents.cs(84,24): warning CS1591: Missing XML comment for publicly visible type or member 'GameSessionUpdatedEvent.SessionId' [/home/lysander/repos/bannou/bannou-service/bannou-service.csproj]
/home/lysander/repos/bannou/bannou-service/Generated/Events/GameSessionLifecycleEvents.cs(89,19): warning CS1591: Missing XML comment for publicly visible type or member 'GameSessionUpdatedEvent.GameType' [/home/lysander/repos/bannou/bannou-service/bannou-service.csproj]
/home/lysander/repos/bannou/bannou-service/Generated/Events/GameSessionLifecycleEvents.cs(92,19): warning CS1591: Missing XML comment for publicly visible type or member 'GameSessionUpdatedEvent.SessionName' [/home/lysander/repos/bannou/bannou-service/bannou-service.csproj]
/home/lysander/repos/bannou/bannou-service/Generated/Events/GameSessionLifecycleEvents.cs(97,19): warning CS1591: Missing XML comment for publicly visible type or member 'GameSessionUpdatedEvent.Status' [/home/lysander/repos/bannou/bannou-service/bannou-service.csproj]
/home/lysander/repos/bannou/bannou-service/Generated/Events/GameSessionLifecycleEvents.cs(100,16): warning CS1591: Missing XML comment for publicly visible type or member 'GameSessionUpdatedEvent.MaxPlayers' [/home/lysander/repos/bannou/bannou-service/bannou-service.csproj]
/home/lysander/repos/bannou/bannou-service/Generated/Events/GameSessionLifecycleEvents.cs(103,16): warning CS1591: Missing XML comment for publicly visible type or member 'GameSessionUpdatedEvent.CurrentPlayers' [/home/lysander/repos/bannou/bannou-service/bannou-service.csproj]
/home/lysander/repos/bannou/bannou-service/Generated/Events/GameSessionLifecycleEvents.cs(106,17): warning CS1591: Missing XML comment for publicly visible type or member 'GameSessionUpdatedEvent.IsPrivate' [/home/lysander/repos/bannou/bannou-service/bannou-service.csproj]
/home/lysander/repos/bannou/bannou-service/Generated/Events/GameSessionLifecycleEvents.cs(109,24): warning CS1591: Missing XML comment for publicly visible type or member 'GameSessionUpdatedEvent.Owner' [/home/lysander/repos/bannou/bannou-service/bannou-service.csproj]
/home/lysander/repos/bannou/bannou-service/Generated/Events/GameSessionLifecycleEvents.cs(114,34): warning CS1591: Missing XML comment for publicly visible type or member 'GameSessionUpdatedEvent.CreatedAt' [/home/lysander/repos/bannou/bannou-service/bannou-service.csproj]
/home/lysander/repos/bannou/bannou-service/Generated/Events/GameSessionLifecycleEvents.cs(144,24): warning CS1591: Missing XML comment for publicly visible type or member 'GameSessionDeletedEvent.SessionId' [/home/lysander/repos/bannou/bannou-service/bannou-service.csproj]
/home/lysander/repos/bannou/bannou-service/Generated/Events/GameSessionLifecycleEvents.cs(149,19): warning CS1591: Missing XML comment for publicly visible type or member 'GameSessionDeletedEvent.GameType' [/home/lysander/repos/bannou/bannou-service/bannou-service.csproj]
/home/lysander/repos/bannou/bannou-service/Generated/Events/GameSessionLifecycleEvents.cs(152,19): warning CS1591: Missing XML comment for publicly visible type or member 'GameSessionDeletedEvent.SessionName' [/home/lysander/repos/bannou/bannou-service/bannou-service.csproj]
/home/lysander/repos/bannou/bannou-service/Generated/Events/GameSessionLifecycleEvents.cs(157,19): warning CS1591: Missing XML comment for publicly visible type or member 'GameSessionDeletedEvent.Status' [/home/lysander/repos/bannou/bannou-service/bannou-service.csproj]
/home/lysander/repos/bannou/bannou-service/Generated/Events/GameSessionLifecycleEvents.cs(160,16): warning CS1591: Missing XML comment for publicly visible type or member 'GameSessionDeletedEvent.MaxPlayers' [/home/lysander/repos/bannou/bannou-service/bannou-service.csproj]
/home/lysander/repos/bannou/bannou-service/Generated/Events/GameSessionLifecycleEvents.cs(163,16): warning CS1591: Missing XML comment for publicly visible type or member 'GameSessionDeletedEvent.CurrentPlayers' [/home/lysander/repos/bannou/bannou-service/bannou-service.csproj]
/home/lysander/repos/bannou/bannou-service/Generated/Events/GameSessionLifecycleEvents.cs(166,17): warning CS1591: Missing XML comment for publicly visible type or member 'GameSessionDeletedEvent.IsPrivate' [/home/lysander/repos/bannou/bannou-service/bannou-service.csproj]
/home/lysander/repos/bannou/bannou-service/Generated/Events/GameSessionLifecycleEvents.cs(169,24): warning CS1591: Missing XML comment for publicly visible type or member 'GameSessionDeletedEvent.Owner' [/home/lysander/repos/bannou/bannou-service/bannou-service.csproj]
/home/lysander/repos/bannou/bannou-service/Generated/Events/GameSessionLifecycleEvents.cs(174,34): warning CS1591: Missing XML comment for publicly visible type or member 'GameSessionDeletedEvent.CreatedAt' [/home/lysander/repos/bannou/bannou-service/bannou-service.csproj]
/home/lysander/repos/bannou/bannou-service/Generated/Events/LocationLifecycleEvents.cs(32,24): warning CS1591: Missing XML comment for publicly visible type or member 'LocationCreatedEvent.LocationId' [/home/lysander/repos/bannou/bannou-service/bannou-service.csproj]
/home/lysander/repos/bannou/bannou-service/Generated/Events/LocationLifecycleEvents.cs(37,24): warning CS1591: Missing XML comment for publicly visible type or member 'LocationCreatedEvent.RealmId' [/home/lysander/repos/bannou/bannou-service/bannou-service.csproj]
/home/lysander/repos/bannou/bannou-service/Generated/Events/LocationLifecycleEvents.cs(42,19): warning CS1591: Missing XML comment for publicly visible type or member 'LocationCreatedEvent.Code' [/home/lysander/repos/bannou/bannou-service/bannou-service.csproj]
/home/lysander/repos/bannou/bannou-service/Generated/Events/LocationLifecycleEvents.cs(47,19): warning CS1591: Missing XML comment for publicly visible type or member 'LocationCreatedEvent.Name' [/home/lysander/repos/bannou/bannou-service/bannou-service.csproj]
/home/lysander/repos/bannou/bannou-service/Generated/Events/LocationLifecycleEvents.cs(50,19): warning CS1591: Missing XML comment for publicly visible type or member 'LocationCreatedEvent.Description' [/home/lysander/repos/bannou/bannou-service/bannou-service.csproj]
/home/lysander/repos/bannou/bannou-service/Generated/Events/LocationLifecycleEvents.cs(55,19): warning CS1591: Missing XML comment for publicly visible type or member 'LocationCreatedEvent.LocationType' [/home/lysander/repos/bannou/bannou-service/bannou-service.csproj]
/home/lysander/repos/bannou/bannou-service/Generated/Events/LocationLifecycleEvents.cs(58,24): warning CS1591: Missing XML comment for publicly visible type or member 'LocationCreatedEvent.ParentLocationId' [/home/lysander/repos/bannou/bannou-service/bannou-service.csproj]
/home/lysander/repos/bannou/bannou-service/Generated/Events/LocationLifecycleEvents.cs(61,16): warning CS1591: Missing XML comment for publicly visible type or member 'LocationCreatedEvent.Depth' [/home/lysander/repos/bannou/bannou-service/bannou-service.csproj]
/home/lysander/repos/bannou/bannou-service/Generated/Events/LocationLifecycleEvents.cs(64,17): warning CS1591: Missing XML comment for publicly visible type or member 'LocationCreatedEvent.IsDeprecated' [/home/lysander/repos/bannou/bannou-service/bannou-service.csproj]
/home/lysander/repos/bannou/bannou-service/Generated/Events/LocationLifecycleEvents.cs(67,34): warning CS1591: Missing XML comment for publicly visible type or member 'LocationCreatedEvent.DeprecatedAt' [/home/lysander/repos/bannou/bannou-service/bannou-service.csproj]
/home/lysander/repos/bannou/bannou-service/Generated/Events/LocationLifecycleEvents.cs(70,19): warning CS1591: Missing XML comment for publicly visible type or member 'LocationCreatedEvent.DeprecationReason' [/home/lysander/repos/bannou/bannou-service/bannou-service.csproj]
/home/lysander/repos/bannou/bannou-service/Generated/Events/LocationLifecycleEvents.cs(73,19): warning CS1591: Missing XML comment for publicly visible type or member 'LocationCreatedEvent.Metadata' [/home/lysander/repos/bannou/bannou-service/bannou-service.csproj]
/home/lysander/repos/bannou/bannou-service/Generated/Events/LocationLifecycleEvents.cs(78,34): warning CS1591: Missing XML comment for publicly visible type or member 'LocationCreatedEvent.CreatedAt' [/home/lysander/repos/bannou/bannou-service/bannou-service.csproj]
/home/lysander/repos/bannou/bannou-service/Generated/Events/LocationLifecycleEvents.cs(83,34): warning CS1591: Missing XML comment for publicly visible type or member 'LocationCreatedEvent.UpdatedAt' [/home/lysander/repos/bannou/bannou-service/bannou-service.csproj]
/home/lysander/repos/bannou/bannou-service/Generated/Events/LocationLifecycleEvents.cs(105,24): warning CS1591: Missing XML comment for publicly visible type or member 'LocationUpdatedEvent.LocationId' [/home/lysander/repos/bannou/bannou-service/bannou-service.csproj]
/home/lysander/repos/bannou/bannou-service/Generated/Events/LocationLifecycleEvents.cs(110,24): warning CS1591: Missing XML comment for publicly visible type or member 'LocationUpdatedEvent.RealmId' [/home/lysander/repos/bannou/bannou-service/bannou-service.csproj]
/home/lysander/repos/bannou/bannou-service/Generated/Events/LocationLifecycleEvents.cs(115,19): warning CS1591: Missing XML comment for publicly visible type or member 'LocationUpdatedEvent.Code' [/home/lysander/repos/bannou/bannou-service/bannou-service.csproj]
/home/lysander/repos/bannou/bannou-service/Generated/Events/LocationLifecycleEvents.cs(120,19): warning CS1591: Missing XML comment for publicly visible type or member 'LocationUpdatedEvent.Name' [/home/lysander/repos/bannou/bannou-service/bannou-service.csproj]
/home/lysander/repos/bannou/bannou-service/Generated/Events/LocationLifecycleEvents.cs(123,19): warning CS1591: Missing XML comment for publicly visible type or member 'LocationUpdatedEvent.Description' [/home/lysander/repos/bannou/bannou-service/bannou-service.csproj]
/home/lysander/repos/bannou/bannou-service/Generated/Events/LocationLifecycleEvents.cs(128,19): warning CS1591: Missing XML comment for publicly visible type or member 'LocationUpdatedEvent.LocationType' [/home/lysander/repos/bannou/bannou-service/bannou-service.csproj]
/home/lysander/repos/bannou/bannou-service/Generated/Events/LocationLifecycleEvents.cs(131,24): warning CS1591: Missing XML comment for publicly visible type or member 'LocationUpdatedEvent.ParentLocationId' [/home/lysander/repos/bannou/bannou-service/bannou-service.csproj]
/home/lysander/repos/bannou/bannou-service/Generated/Events/LocationLifecycleEvents.cs(134,16): warning CS1591: Missing XML comment for publicly visible type or member 'LocationUpdatedEvent.Depth' [/home/lysander/repos/bannou/bannou-service/bannou-service.csproj]
/home/lysander/repos/bannou/bannou-service/Generated/Events/LocationLifecycleEvents.cs(137,17): warning CS1591: Missing XML comment for publicly visible type or member 'LocationUpdatedEvent.IsDeprecated' [/home/lysander/repos/bannou/bannou-service/bannou-service.csproj]
/home/lysander/repos/bannou/bannou-service/Generated/Events/LocationLifecycleEvents.cs(140,34): warning CS1591: Missing XML comment for publicly visible type or member 'LocationUpdatedEvent.DeprecatedAt' [/home/lysander/repos/bannou/bannou-service/bannou-service.csproj]
/home/lysander/repos/bannou/bannou-service/Generated/Events/LocationLifecycleEvents.cs(143,19): warning CS1591: Missing XML comment for publicly visible type or member 'LocationUpdatedEvent.DeprecationReason' [/home/lysander/repos/bannou/bannou-service/bannou-service.csproj]
/home/lysander/repos/bannou/bannou-service/Generated/Events/LocationLifecycleEvents.cs(146,19): warning CS1591: Missing XML comment for publicly visible type or member 'LocationUpdatedEvent.Metadata' [/home/lysander/repos/bannou/bannou-service/bannou-service.csproj]
/home/lysander/repos/bannou/bannou-service/Generated/Events/LocationLifecycleEvents.cs(151,34): warning CS1591: Missing XML comment for publicly visible type or member 'LocationUpdatedEvent.CreatedAt' [/home/lysander/repos/bannou/bannou-service/bannou-service.csproj]
/home/lysander/repos/bannou/bannou-service/Generated/Events/LocationLifecycleEvents.cs(156,34): warning CS1591: Missing XML comment for publicly visible type or member 'LocationUpdatedEvent.UpdatedAt' [/home/lysander/repos/bannou/bannou-service/bannou-service.csproj]
/home/lysander/repos/bannou/bannou-service/Generated/Events/LocationLifecycleEvents.cs(186,24): warning CS1591: Missing XML comment for publicly visible type or member 'LocationDeletedEvent.LocationId' [/home/lysander/repos/bannou/bannou-service/bannou-service.csproj]
/home/lysander/repos/bannou/bannou-service/Generated/Events/LocationLifecycleEvents.cs(191,24): warning CS1591: Missing XML comment for publicly visible type or member 'LocationDeletedEvent.RealmId' [/home/lysander/repos/bannou/bannou-service/bannou-service.csproj]
/home/lysander/repos/bannou/bannou-service/Generated/Events/LocationLifecycleEvents.cs(196,19): warning CS1591: Missing XML comment for publicly visible type or member 'LocationDeletedEvent.Code' [/home/lysander/repos/bannou/bannou-service/bannou-service.csproj]
/home/lysander/repos/bannou/bannou-service/Generated/Events/LocationLifecycleEvents.cs(201,19): warning CS1591: Missing XML comment for publicly visible type or member 'LocationDeletedEvent.Name' [/home/lysander/repos/bannou/bannou-service/bannou-service.csproj]
/home/lysander/repos/bannou/bannou-service/Generated/Events/LocationLifecycleEvents.cs(204,19): warning CS1591: Missing XML comment for publicly visible type or member 'LocationDeletedEvent.Description' [/home/lysander/repos/bannou/bannou-service/bannou-service.csproj]
/home/lysander/repos/bannou/bannou-service/Generated/Events/LocationLifecycleEvents.cs(209,19): warning CS1591: Missing XML comment for publicly visible type or member 'LocationDeletedEvent.LocationType' [/home/lysander/repos/bannou/bannou-service/bannou-service.csproj]
/home/lysander/repos/bannou/bannou-service/Generated/Events/LocationLifecycleEvents.cs(212,24): warning CS1591: Missing XML comment for publicly visible type or member 'LocationDeletedEvent.ParentLocationId' [/home/lysander/repos/bannou/bannou-service/bannou-service.csproj]
/home/lysander/repos/bannou/bannou-service/Generated/Events/LocationLifecycleEvents.cs(215,16): warning CS1591: Missing XML comment for publicly visible type or member 'LocationDeletedEvent.Depth' [/home/lysander/repos/bannou/bannou-service/bannou-service.csproj]
/home/lysander/repos/bannou/bannou-service/Generated/Events/LocationLifecycleEvents.cs(218,17): warning CS1591: Missing XML comment for publicly visible type or member 'LocationDeletedEvent.IsDeprecated' [/home/lysander/repos/bannou/bannou-service/bannou-service.csproj]
/home/lysander/repos/bannou/bannou-service/Generated/Events/LocationLifecycleEvents.cs(221,34): warning CS1591: Missing XML comment for publicly visible type or member 'LocationDeletedEvent.DeprecatedAt' [/home/lysander/repos/bannou/bannou-service/bannou-service.csproj]
/home/lysander/repos/bannou/bannou-service/Generated/Events/LocationLifecycleEvents.cs(224,19): warning CS1591: Missing XML comment for publicly visible type or member 'LocationDeletedEvent.DeprecationReason' [/home/lysander/repos/bannou/bannou-service/bannou-service.csproj]
/home/lysander/repos/bannou/bannou-service/Generated/Events/LocationLifecycleEvents.cs(227,19): warning CS1591: Missing XML comment for publicly visible type or member 'LocationDeletedEvent.Metadata' [/home/lysander/repos/bannou/bannou-service/bannou-service.csproj]
/home/lysander/repos/bannou/bannou-service/Generated/Events/LocationLifecycleEvents.cs(232,34): warning CS1591: Missing XML comment for publicly visible type or member 'LocationDeletedEvent.CreatedAt' [/home/lysander/repos/bannou/bannou-service/bannou-service.csproj]
/home/lysander/repos/bannou/bannou-service/Generated/Events/LocationLifecycleEvents.cs(237,34): warning CS1591: Missing XML comment for publicly visible type or member 'LocationDeletedEvent.UpdatedAt' [/home/lysander/repos/bannou/bannou-service/bannou-service.csproj]
/home/lysander/repos/bannou/bannou-service/Generated/Events/MeshEventsModels.cs(98,13): warning CS1591: Missing XML comment for publicly visible type or member 'MeshEndpointDeregisteredEventReason' [/home/lysander/repos/bannou/bannou-service/bannou-service.csproj]
/home/lysander/repos/bannou/bannou-service/Generated/Events/MeshEventsModels.cs(102,5): warning CS1591: Missing XML comment for publicly visible type or member 'MeshEndpointDeregisteredEventReason.Graceful' [/home/lysander/repos/bannou/bannou-service/bannou-service.csproj]
/home/lysander/repos/bannou/bannou-service/Generated/Events/MeshEventsModels.cs(105,5): warning CS1591: Missing XML comment for publicly visible type or member 'MeshEndpointDeregisteredEventReason.TtlExpired' [/home/lysander/repos/bannou/bannou-service/bannou-service.csproj]
/home/lysander/repos/bannou/bannou-service/Generated/Events/MeshEventsModels.cs(108,5): warning CS1591: Missing XML comment for publicly visible type or member 'MeshEndpointDeregisteredEventReason.HealthCheckFailed' [/home/lysander/repos/bannou/bannou-service/bannou-service.csproj]
/home/lysander/repos/bannou/bannou-service/Generated/Events/MeshEventsModels.cs(111,5): warning CS1591: Missing XML comment for publicly visible type or member 'MeshEndpointDeregisteredEventReason.CircuitBreakerTripped' [/home/lysander/repos/bannou/bannou-service/bannou-service.csproj]
/home/lysander/repos/bannou/bannou-service/Generated/Events/OrchestratorEventsModels.cs(35,13): warning CS1591: Missing XML comment for publicly visible type or member 'OrchestratorHealthPingEventStatus' [/home/lysander/repos/bannou/bannou-service/bannou-service.csproj]
/home/lysander/repos/bannou/bannou-service/Generated/Events/OrchestratorEventsModels.cs(39,5): warning CS1591: Missing XML comment for publicly visible type or member 'OrchestratorHealthPingEventStatus.Ok' [/home/lysander/repos/bannou/bannou-service/bannou-service.csproj]
/home/lysander/repos/bannou/bannou-service/Generated/Events/OrchestratorEventsModels.cs(42,5): warning CS1591: Missing XML comment for publicly visible type or member 'OrchestratorHealthPingEventStatus.Degraded' [/home/lysander/repos/bannou/bannou-service/bannou-service.csproj]
/home/lysander/repos/bannou/bannou-service/Generated/Events/OrchestratorEventsModels.cs(45,5): warning CS1591: Missing XML comment for publicly visible type or member 'OrchestratorHealthPingEventStatus.Checking' [/home/lysander/repos/bannou/bannou-service/bannou-service.csproj]
/home/lysander/repos/bannou/bannou-service/Generated/Events/PermissionsEventsModels.cs(93,68): warning CS1591: Missing XML comment for publicly visible type or member 'PermissionCapabilityUpdate.AdditionalProperties' [/home/lysander/repos/bannou/bannou-service/bannou-service.csproj]
/home/lysander/repos/bannou/bannou-service/Generated/Events/PermissionsEventsModels.cs(149,13): warning CS1591: Missing XML comment for publicly visible type or member 'PermissionCapabilityUpdateUpdateType' [/home/lysander/repos/bannou/bannou-service/bannou-service.csproj]
/home/lysander/repos/bannou/bannou-service/Generated/Events/PermissionsEventsModels.cs(153,5): warning CS1591: Missing XML comment for publicly visible type or member 'PermissionCapabilityUpdateUpdateType.Full' [/home/lysander/repos/bannou/bannou-service/bannou-service.csproj]
/home/lysander/repos/bannou/bannou-service/Generated/Events/PermissionsEventsModels.cs(156,5): warning CS1591: Missing XML comment for publicly visible type or member 'PermissionCapabilityUpdateUpdateType.Delta' [/home/lysander/repos/bannou/bannou-service/bannou-service.csproj]
/home/lysander/repos/bannou/bannou-service/Generated/Events/PermissionsEventsModels.cs(161,13): warning CS1591: Missing XML comment for publicly visible type or member 'PermissionCapabilityUpdateReason' [/home/lysander/repos/bannou/bannou-service/bannou-service.csproj]
/home/lysander/repos/bannou/bannou-service/Generated/Events/PermissionsEventsModels.cs(165,5): warning CS1591: Missing XML comment for publicly visible type or member 'PermissionCapabilityUpdateReason.Session_created' [/home/lysander/repos/bannou/bannou-service/bannou-service.csproj]
/home/lysander/repos/bannou/bannou-service/Generated/Events/PermissionsEventsModels.cs(168,5): warning CS1591: Missing XML comment for publicly visible type or member 'PermissionCapabilityUpdateReason.Session_state_changed' [/home/lysander/repos/bannou/bannou-service/bannou-service.csproj]
/home/lysander/repos/bannou/bannou-service/Generated/Events/PermissionsEventsModels.cs(171,5): warning CS1591: Missing XML comment for publicly visible type or member 'PermissionCapabilityUpdateReason.Role_changed' [/home/lysander/repos/bannou/bannou-service/bannou-service.csproj]
/home/lysander/repos/bannou/bannou-service/Generated/Events/PermissionsEventsModels.cs(174,5): warning CS1591: Missing XML comment for publicly visible type or member 'PermissionCapabilityUpdateReason.Service_registered' [/home/lysander/repos/bannou/bannou-service/bannou-service.csproj]
/home/lysander/repos/bannou/bannou-service/Generated/Events/PermissionsEventsModels.cs(177,5): warning CS1591: Missing XML comment for publicly visible type or member 'PermissionCapabilityUpdateReason.Manual_refresh' [/home/lysander/repos/bannou/bannou-service/bannou-service.csproj]
/home/lysander/repos/bannou/bannou-service/Generated/Events/RealmLifecycleEvents.cs(32,24): warning CS1591: Missing XML comment for publicly visible type or member 'RealmCreatedEvent.RealmId' [/home/lysander/repos/bannou/bannou-service/bannou-service.csproj]
/home/lysander/repos/bannou/bannou-service/Generated/Events/RealmLifecycleEvents.cs(37,19): warning CS1591: Missing XML comment for publicly visible type or member 'RealmCreatedEvent.Code' [/home/lysander/repos/bannou/bannou-service/bannou-service.csproj]
/home/lysander/repos/bannou/bannou-service/Generated/Events/RealmLifecycleEvents.cs(42,19): warning CS1591: Missing XML comment for publicly visible type or member 'RealmCreatedEvent.Name' [/home/lysander/repos/bannou/bannou-service/bannou-service.csproj]
/home/lysander/repos/bannou/bannou-service/Generated/Events/RealmLifecycleEvents.cs(45,19): warning CS1591: Missing XML comment for publicly visible type or member 'RealmCreatedEvent.Description' [/home/lysander/repos/bannou/bannou-service/bannou-service.csproj]
/home/lysander/repos/bannou/bannou-service/Generated/Events/RealmLifecycleEvents.cs(48,19): warning CS1591: Missing XML comment for publicly visible type or member 'RealmCreatedEvent.Category' [/home/lysander/repos/bannou/bannou-service/bannou-service.csproj]
/home/lysander/repos/bannou/bannou-service/Generated/Events/RealmLifecycleEvents.cs(51,17): warning CS1591: Missing XML comment for publicly visible type or member 'RealmCreatedEvent.IsActive' [/home/lysander/repos/bannou/bannou-service/bannou-service.csproj]
/home/lysander/repos/bannou/bannou-service/Generated/Events/RealmLifecycleEvents.cs(54,17): warning CS1591: Missing XML comment for publicly visible type or member 'RealmCreatedEvent.IsDeprecated' [/home/lysander/repos/bannou/bannou-service/bannou-service.csproj]
/home/lysander/repos/bannou/bannou-service/Generated/Events/RealmLifecycleEvents.cs(57,34): warning CS1591: Missing XML comment for publicly visible type or member 'RealmCreatedEvent.DeprecatedAt' [/home/lysander/repos/bannou/bannou-service/bannou-service.csproj]
/home/lysander/repos/bannou/bannou-service/Generated/Events/RealmLifecycleEvents.cs(60,19): warning CS1591: Missing XML comment for publicly visible type or member 'RealmCreatedEvent.DeprecationReason' [/home/lysander/repos/bannou/bannou-service/bannou-service.csproj]
/home/lysander/repos/bannou/bannou-service/Generated/Events/RealmLifecycleEvents.cs(63,19): warning CS1591: Missing XML comment for publicly visible type or member 'RealmCreatedEvent.Metadata' [/home/lysander/repos/bannou/bannou-service/bannou-service.csproj]
/home/lysander/repos/bannou/bannou-service/Generated/Events/RealmLifecycleEvents.cs(68,34): warning CS1591: Missing XML comment for publicly visible type or member 'RealmCreatedEvent.CreatedAt' [/home/lysander/repos/bannou/bannou-service/bannou-service.csproj]
/home/lysander/repos/bannou/bannou-service/Generated/Events/RealmLifecycleEvents.cs(73,34): warning CS1591: Missing XML comment for publicly visible type or member 'RealmCreatedEvent.UpdatedAt' [/home/lysander/repos/bannou/bannou-service/bannou-service.csproj]
/home/lysander/repos/bannou/bannou-service/Generated/Events/RealmLifecycleEvents.cs(95,24): warning CS1591: Missing XML comment for publicly visible type or member 'RealmUpdatedEvent.RealmId' [/home/lysander/repos/bannou/bannou-service/bannou-service.csproj]
/home/lysander/repos/bannou/bannou-service/Generated/Events/RealmLifecycleEvents.cs(100,19): warning CS1591: Missing XML comment for publicly visible type or member 'RealmUpdatedEvent.Code' [/home/lysander/repos/bannou/bannou-service/bannou-service.csproj]
/home/lysander/repos/bannou/bannou-service/Generated/Events/RealmLifecycleEvents.cs(105,19): warning CS1591: Missing XML comment for publicly visible type or member 'RealmUpdatedEvent.Name' [/home/lysander/repos/bannou/bannou-service/bannou-service.csproj]
/home/lysander/repos/bannou/bannou-service/Generated/Events/RealmLifecycleEvents.cs(108,19): warning CS1591: Missing XML comment for publicly visible type or member 'RealmUpdatedEvent.Description' [/home/lysander/repos/bannou/bannou-service/bannou-service.csproj]
/home/lysander/repos/bannou/bannou-service/Generated/Events/RealmLifecycleEvents.cs(111,19): warning CS1591: Missing XML comment for publicly visible type or member 'RealmUpdatedEvent.Category' [/home/lysander/repos/bannou/bannou-service/bannou-service.csproj]
/home/lysander/repos/bannou/bannou-service/Generated/Events/RealmLifecycleEvents.cs(114,17): warning CS1591: Missing XML comment for publicly visible type or member 'RealmUpdatedEvent.IsActive' [/home/lysander/repos/bannou/bannou-service/bannou-service.csproj]
/home/lysander/repos/bannou/bannou-service/Generated/Events/RealmLifecycleEvents.cs(117,17): warning CS1591: Missing XML comment for publicly visible type or member 'RealmUpdatedEvent.IsDeprecated' [/home/lysander/repos/bannou/bannou-service/bannou-service.csproj]
/home/lysander/repos/bannou/bannou-service/Generated/Events/RealmLifecycleEvents.cs(120,34): warning CS1591: Missing XML comment for publicly visible type or member 'RealmUpdatedEvent.DeprecatedAt' [/home/lysander/repos/bannou/bannou-service/bannou-service.csproj]
/home/lysander/repos/bannou/bannou-service/Generated/Events/RealmLifecycleEvents.cs(123,19): warning CS1591: Missing XML comment for publicly visible type or member 'RealmUpdatedEvent.DeprecationReason' [/home/lysander/repos/bannou/bannou-service/bannou-service.csproj]
/home/lysander/repos/bannou/bannou-service/Generated/Events/RealmLifecycleEvents.cs(126,19): warning CS1591: Missing XML comment for publicly visible type or member 'RealmUpdatedEvent.Metadata' [/home/lysander/repos/bannou/bannou-service/bannou-service.csproj]
/home/lysander/repos/bannou/bannou-service/Generated/Events/RealmLifecycleEvents.cs(131,34): warning CS1591: Missing XML comment for publicly visible type or member 'RealmUpdatedEvent.CreatedAt' [/home/lysander/repos/bannou/bannou-service/bannou-service.csproj]
/home/lysander/repos/bannou/bannou-service/Generated/Events/RealmLifecycleEvents.cs(136,34): warning CS1591: Missing XML comment for publicly visible type or member 'RealmUpdatedEvent.UpdatedAt' [/home/lysander/repos/bannou/bannou-service/bannou-service.csproj]
/home/lysander/repos/bannou/bannou-service/Generated/Events/RealmLifecycleEvents.cs(166,24): warning CS1591: Missing XML comment for publicly visible type or member 'RealmDeletedEvent.RealmId' [/home/lysander/repos/bannou/bannou-service/bannou-service.csproj]
/home/lysander/repos/bannou/bannou-service/Generated/Events/RealmLifecycleEvents.cs(171,19): warning CS1591: Missing XML comment for publicly visible type or member 'RealmDeletedEvent.Code' [/home/lysander/repos/bannou/bannou-service/bannou-service.csproj]
/home/lysander/repos/bannou/bannou-service/Generated/Events/RealmLifecycleEvents.cs(176,19): warning CS1591: Missing XML comment for publicly visible type or member 'RealmDeletedEvent.Name' [/home/lysander/repos/bannou/bannou-service/bannou-service.csproj]
/home/lysander/repos/bannou/bannou-service/Generated/Events/RealmLifecycleEvents.cs(179,19): warning CS1591: Missing XML comment for publicly visible type or member 'RealmDeletedEvent.Description' [/home/lysander/repos/bannou/bannou-service/bannou-service.csproj]
/home/lysander/repos/bannou/bannou-service/Generated/Events/RealmLifecycleEvents.cs(182,19): warning CS1591: Missing XML comment for publicly visible type or member 'RealmDeletedEvent.Category' [/home/lysander/repos/bannou/bannou-service/bannou-service.csproj]
/home/lysander/repos/bannou/bannou-service/Generated/Events/RealmLifecycleEvents.cs(185,17): warning CS1591: Missing XML comment for publicly visible type or member 'RealmDeletedEvent.IsActive' [/home/lysander/repos/bannou/bannou-service/bannou-service.csproj]
/home/lysander/repos/bannou/bannou-service/Generated/Events/RealmLifecycleEvents.cs(188,17): warning CS1591: Missing XML comment for publicly visible type or member 'RealmDeletedEvent.IsDeprecated' [/home/lysander/repos/bannou/bannou-service/bannou-service.csproj]
/home/lysander/repos/bannou/bannou-service/Generated/Events/RealmLifecycleEvents.cs(191,34): warning CS1591: Missing XML comment for publicly visible type or member 'RealmDeletedEvent.DeprecatedAt' [/home/lysander/repos/bannou/bannou-service/bannou-service.csproj]
/home/lysander/repos/bannou/bannou-service/Generated/Events/RealmLifecycleEvents.cs(194,19): warning CS1591: Missing XML comment for publicly visible type or member 'RealmDeletedEvent.DeprecationReason' [/home/lysander/repos/bannou/bannou-service/bannou-service.csproj]
/home/lysander/repos/bannou/bannou-service/Generated/Events/RealmLifecycleEvents.cs(197,19): warning CS1591: Missing XML comment for publicly visible type or member 'RealmDeletedEvent.Metadata' [/home/lysander/repos/bannou/bannou-service/bannou-service.csproj]
/home/lysander/repos/bannou/bannou-service/Generated/Events/RealmLifecycleEvents.cs(202,34): warning CS1591: Missing XML comment for publicly visible type or member 'RealmDeletedEvent.CreatedAt' [/home/lysander/repos/bannou/bannou-service/bannou-service.csproj]
/home/lysander/repos/bannou/bannou-service/Generated/Events/RealmLifecycleEvents.cs(207,34): warning CS1591: Missing XML comment for publicly visible type or member 'RealmDeletedEvent.UpdatedAt' [/home/lysander/repos/bannou/bannou-service/bannou-service.csproj]
/home/lysander/repos/bannou/bannou-service/Generated/Events/RelationshipLifecycleEvents.cs(32,24): warning CS1591: Missing XML comment for publicly visible type or member 'RelationshipCreatedEvent.RelationshipId' [/home/lysander/repos/bannou/bannou-service/bannou-service.csproj]
/home/lysander/repos/bannou/bannou-service/Generated/Events/RelationshipLifecycleEvents.cs(37,24): warning CS1591: Missing XML comment for publicly visible type or member 'RelationshipCreatedEvent.Entity1Id' [/home/lysander/repos/bannou/bannou-service/bannou-service.csproj]
/home/lysander/repos/bannou/bannou-service/Generated/Events/RelationshipLifecycleEvents.cs(42,19): warning CS1591: Missing XML comment for publicly visible type or member 'RelationshipCreatedEvent.Entity1Type' [/home/lysander/repos/bannou/bannou-service/bannou-service.csproj]
/home/lysander/repos/bannou/bannou-service/Generated/Events/RelationshipLifecycleEvents.cs(47,24): warning CS1591: Missing XML comment for publicly visible type or member 'RelationshipCreatedEvent.Entity2Id' [/home/lysander/repos/bannou/bannou-service/bannou-service.csproj]
/home/lysander/repos/bannou/bannou-service/Generated/Events/RelationshipLifecycleEvents.cs(52,19): warning CS1591: Missing XML comment for publicly visible type or member 'RelationshipCreatedEvent.Entity2Type' [/home/lysander/repos/bannou/bannou-service/bannou-service.csproj]
/home/lysander/repos/bannou/bannou-service/Generated/Events/RelationshipLifecycleEvents.cs(57,24): warning CS1591: Missing XML comment for publicly visible type or member 'RelationshipCreatedEvent.RelationshipTypeId' [/home/lysander/repos/bannou/bannou-service/bannou-service.csproj]
/home/lysander/repos/bannou/bannou-service/Generated/Events/RelationshipLifecycleEvents.cs(62,34): warning CS1591: Missing XML comment for publicly visible type or member 'RelationshipCreatedEvent.StartedAt' [/home/lysander/repos/bannou/bannou-service/bannou-service.csproj]
/home/lysander/repos/bannou/bannou-service/Generated/Events/RelationshipLifecycleEvents.cs(65,34): warning CS1591: Missing XML comment for publicly visible type or member 'RelationshipCreatedEvent.EndedAt' [/home/lysander/repos/bannou/bannou-service/bannou-service.csproj]
/home/lysander/repos/bannou/bannou-service/Generated/Events/RelationshipLifecycleEvents.cs(68,19): warning CS1591: Missing XML comment for publicly visible type or member 'RelationshipCreatedEvent.Metadata' [/home/lysander/repos/bannou/bannou-service/bannou-service.csproj]
/home/lysander/repos/bannou/bannou-service/Generated/Events/RelationshipLifecycleEvents.cs(73,34): warning CS1591: Missing XML comment for publicly visible type or member 'RelationshipCreatedEvent.CreatedAt' [/home/lysander/repos/bannou/bannou-service/bannou-service.csproj]
/home/lysander/repos/bannou/bannou-service/Generated/Events/RelationshipLifecycleEvents.cs(76,34): warning CS1591: Missing XML comment for publicly visible type or member 'RelationshipCreatedEvent.UpdatedAt' [/home/lysander/repos/bannou/bannou-service/bannou-service.csproj]
/home/lysander/repos/bannou/bannou-service/Generated/Events/RelationshipLifecycleEvents.cs(98,24): warning CS1591: Missing XML comment for publicly visible type or member 'RelationshipUpdatedEvent.RelationshipId' [/home/lysander/repos/bannou/bannou-service/bannou-service.csproj]
/home/lysander/repos/bannou/bannou-service/Generated/Events/RelationshipLifecycleEvents.cs(103,24): warning CS1591: Missing XML comment for publicly visible type or member 'RelationshipUpdatedEvent.Entity1Id' [/home/lysander/repos/bannou/bannou-service/bannou-service.csproj]
/home/lysander/repos/bannou/bannou-service/Generated/Events/RelationshipLifecycleEvents.cs(108,19): warning CS1591: Missing XML comment for publicly visible type or member 'RelationshipUpdatedEvent.Entity1Type' [/home/lysander/repos/bannou/bannou-service/bannou-service.csproj]
/home/lysander/repos/bannou/bannou-service/Generated/Events/RelationshipLifecycleEvents.cs(113,24): warning CS1591: Missing XML comment for publicly visible type or member 'RelationshipUpdatedEvent.Entity2Id' [/home/lysander/repos/bannou/bannou-service/bannou-service.csproj]
/home/lysander/repos/bannou/bannou-service/Generated/Events/RelationshipLifecycleEvents.cs(118,19): warning CS1591: Missing XML comment for publicly visible type or member 'RelationshipUpdatedEvent.Entity2Type' [/home/lysander/repos/bannou/bannou-service/bannou-service.csproj]
/home/lysander/repos/bannou/bannou-service/Generated/Events/RelationshipLifecycleEvents.cs(123,24): warning CS1591: Missing XML comment for publicly visible type or member 'RelationshipUpdatedEvent.RelationshipTypeId' [/home/lysander/repos/bannou/bannou-service/bannou-service.csproj]
/home/lysander/repos/bannou/bannou-service/Generated/Events/RelationshipLifecycleEvents.cs(128,34): warning CS1591: Missing XML comment for publicly visible type or member 'RelationshipUpdatedEvent.StartedAt' [/home/lysander/repos/bannou/bannou-service/bannou-service.csproj]
/home/lysander/repos/bannou/bannou-service/Generated/Events/RelationshipLifecycleEvents.cs(131,34): warning CS1591: Missing XML comment for publicly visible type or member 'RelationshipUpdatedEvent.EndedAt' [/home/lysander/repos/bannou/bannou-service/bannou-service.csproj]
/home/lysander/repos/bannou/bannou-service/Generated/Events/RelationshipLifecycleEvents.cs(134,19): warning CS1591: Missing XML comment for publicly visible type or member 'RelationshipUpdatedEvent.Metadata' [/home/lysander/repos/bannou/bannou-service/bannou-service.csproj]
/home/lysander/repos/bannou/bannou-service/Generated/Events/RelationshipLifecycleEvents.cs(139,34): warning CS1591: Missing XML comment for publicly visible type or member 'RelationshipUpdatedEvent.CreatedAt' [/home/lysander/repos/bannou/bannou-service/bannou-service.csproj]
/home/lysander/repos/bannou/bannou-service/Generated/Events/RelationshipLifecycleEvents.cs(142,34): warning CS1591: Missing XML comment for publicly visible type or member 'RelationshipUpdatedEvent.UpdatedAt' [/home/lysander/repos/bannou/bannou-service/bannou-service.csproj]
/home/lysander/repos/bannou/bannou-service/Generated/Events/RelationshipLifecycleEvents.cs(172,24): warning CS1591: Missing XML comment for publicly visible type or member 'RelationshipDeletedEvent.RelationshipId' [/home/lysander/repos/bannou/bannou-service/bannou-service.csproj]
/home/lysander/repos/bannou/bannou-service/Generated/Events/RelationshipLifecycleEvents.cs(177,24): warning CS1591: Missing XML comment for publicly visible type or member 'RelationshipDeletedEvent.Entity1Id' [/home/lysander/repos/bannou/bannou-service/bannou-service.csproj]
/home/lysander/repos/bannou/bannou-service/Generated/Events/RelationshipLifecycleEvents.cs(182,19): warning CS1591: Missing XML comment for publicly visible type or member 'RelationshipDeletedEvent.Entity1Type' [/home/lysander/repos/bannou/bannou-service/bannou-service.csproj]
/home/lysander/repos/bannou/bannou-service/Generated/Events/RelationshipLifecycleEvents.cs(187,24): warning CS1591: Missing XML comment for publicly visible type or member 'RelationshipDeletedEvent.Entity2Id' [/home/lysander/repos/bannou/bannou-service/bannou-service.csproj]
/home/lysander/repos/bannou/bannou-service/Generated/Events/RelationshipLifecycleEvents.cs(192,19): warning CS1591: Missing XML comment for publicly visible type or member 'RelationshipDeletedEvent.Entity2Type' [/home/lysander/repos/bannou/bannou-service/bannou-service.csproj]
/home/lysander/repos/bannou/bannou-service/Generated/Events/RelationshipLifecycleEvents.cs(197,24): warning CS1591: Missing XML comment for publicly visible type or member 'RelationshipDeletedEvent.RelationshipTypeId' [/home/lysander/repos/bannou/bannou-service/bannou-service.csproj]
/home/lysander/repos/bannou/bannou-service/Generated/Events/RelationshipLifecycleEvents.cs(202,34): warning CS1591: Missing XML comment for publicly visible type or member 'RelationshipDeletedEvent.StartedAt' [/home/lysander/repos/bannou/bannou-service/bannou-service.csproj]
/home/lysander/repos/bannou/bannou-service/Generated/Events/RelationshipLifecycleEvents.cs(205,34): warning CS1591: Missing XML comment for publicly visible type or member 'RelationshipDeletedEvent.EndedAt' [/home/lysander/repos/bannou/bannou-service/bannou-service.csproj]
/home/lysander/repos/bannou/bannou-service/Generated/Events/RelationshipLifecycleEvents.cs(208,19): warning CS1591: Missing XML comment for publicly visible type or member 'RelationshipDeletedEvent.Metadata' [/home/lysander/repos/bannou/bannou-service/bannou-service.csproj]
/home/lysander/repos/bannou/bannou-service/Generated/Events/RelationshipLifecycleEvents.cs(213,34): warning CS1591: Missing XML comment for publicly visible type or member 'RelationshipDeletedEvent.CreatedAt' [/home/lysander/repos/bannou/bannou-service/bannou-service.csproj]
/home/lysander/repos/bannou/bannou-service/Generated/Events/RelationshipLifecycleEvents.cs(216,34): warning CS1591: Missing XML comment for publicly visible type or member 'RelationshipDeletedEvent.UpdatedAt' [/home/lysander/repos/bannou/bannou-service/bannou-service.csproj]
/home/lysander/repos/bannou/bannou-service/Generated/Events/RelationshipTypeLifecycleEvents.cs(32,24): warning CS1591: Missing XML comment for publicly visible type or member 'RelationshipTypeCreatedEvent.RelationshipTypeId' [/home/lysander/repos/bannou/bannou-service/bannou-service.csproj]
/home/lysander/repos/bannou/bannou-service/Generated/Events/RelationshipTypeLifecycleEvents.cs(37,19): warning CS1591: Missing XML comment for publicly visible type or member 'RelationshipTypeCreatedEvent.Code' [/home/lysander/repos/bannou/bannou-service/bannou-service.csproj]
/home/lysander/repos/bannou/bannou-service/Generated/Events/RelationshipTypeLifecycleEvents.cs(42,19): warning CS1591: Missing XML comment for publicly visible type or member 'RelationshipTypeCreatedEvent.Name' [/home/lysander/repos/bannou/bannou-service/bannou-service.csproj]
/home/lysander/repos/bannou/bannou-service/Generated/Events/RelationshipTypeLifecycleEvents.cs(45,19): warning CS1591: Missing XML comment for publicly visible type or member 'RelationshipTypeCreatedEvent.Description' [/home/lysander/repos/bannou/bannou-service/bannou-service.csproj]
/home/lysander/repos/bannou/bannou-service/Generated/Events/RelationshipTypeLifecycleEvents.cs(48,19): warning CS1591: Missing XML comment for publicly visible type or member 'RelationshipTypeCreatedEvent.Category' [/home/lysander/repos/bannou/bannou-service/bannou-service.csproj]
/home/lysander/repos/bannou/bannou-service/Generated/Events/RelationshipTypeLifecycleEvents.cs(51,24): warning CS1591: Missing XML comment for publicly visible type or member 'RelationshipTypeCreatedEvent.ParentTypeId' [/home/lysander/repos/bannou/bannou-service/bannou-service.csproj]
/home/lysander/repos/bannou/bannou-service/Generated/Events/RelationshipTypeLifecycleEvents.cs(54,19): warning CS1591: Missing XML comment for publicly visible type or member 'RelationshipTypeCreatedEvent.ParentTypeCode' [/home/lysander/repos/bannou/bannou-service/bannou-service.csproj]
/home/lysander/repos/bannou/bannou-service/Generated/Events/RelationshipTypeLifecycleEvents.cs(57,24): warning CS1591: Missing XML comment for publicly visible type or member 'RelationshipTypeCreatedEvent.InverseTypeId' [/home/lysander/repos/bannou/bannou-service/bannou-service.csproj]
/home/lysander/repos/bannou/bannou-service/Generated/Events/RelationshipTypeLifecycleEvents.cs(60,19): warning CS1591: Missing XML comment for publicly visible type or member 'RelationshipTypeCreatedEvent.InverseTypeCode' [/home/lysander/repos/bannou/bannou-service/bannou-service.csproj]
/home/lysander/repos/bannou/bannou-service/Generated/Events/RelationshipTypeLifecycleEvents.cs(63,17): warning CS1591: Missing XML comment for publicly visible type or member 'RelationshipTypeCreatedEvent.IsBidirectional' [/home/lysander/repos/bannou/bannou-service/bannou-service.csproj]
/home/lysander/repos/bannou/bannou-service/Generated/Events/RelationshipTypeLifecycleEvents.cs(66,17): warning CS1591: Missing XML comment for publicly visible type or member 'RelationshipTypeCreatedEvent.IsDeprecated' [/home/lysander/repos/bannou/bannou-service/bannou-service.csproj]
/home/lysander/repos/bannou/bannou-service/Generated/Events/RelationshipTypeLifecycleEvents.cs(69,34): warning CS1591: Missing XML comment for publicly visible type or member 'RelationshipTypeCreatedEvent.DeprecatedAt' [/home/lysander/repos/bannou/bannou-service/bannou-service.csproj]
/home/lysander/repos/bannou/bannou-service/Generated/Events/RelationshipTypeLifecycleEvents.cs(72,19): warning CS1591: Missing XML comment for publicly visible type or member 'RelationshipTypeCreatedEvent.DeprecationReason' [/home/lysander/repos/bannou/bannou-service/bannou-service.csproj]
/home/lysander/repos/bannou/bannou-service/Generated/Events/RelationshipTypeLifecycleEvents.cs(75,16): warning CS1591: Missing XML comment for publicly visible type or member 'RelationshipTypeCreatedEvent.Depth' [/home/lysander/repos/bannou/bannou-service/bannou-service.csproj]
/home/lysander/repos/bannou/bannou-service/Generated/Events/RelationshipTypeLifecycleEvents.cs(78,19): warning CS1591: Missing XML comment for publicly visible type or member 'RelationshipTypeCreatedEvent.Metadata' [/home/lysander/repos/bannou/bannou-service/bannou-service.csproj]
/home/lysander/repos/bannou/bannou-service/Generated/Events/RelationshipTypeLifecycleEvents.cs(83,34): warning CS1591: Missing XML comment for publicly visible type or member 'RelationshipTypeCreatedEvent.CreatedAt' [/home/lysander/repos/bannou/bannou-service/bannou-service.csproj]
/home/lysander/repos/bannou/bannou-service/Generated/Events/RelationshipTypeLifecycleEvents.cs(88,34): warning CS1591: Missing XML comment for publicly visible type or member 'RelationshipTypeCreatedEvent.UpdatedAt' [/home/lysander/repos/bannou/bannou-service/bannou-service.csproj]
/home/lysander/repos/bannou/bannou-service/Generated/Events/RelationshipTypeLifecycleEvents.cs(110,24): warning CS1591: Missing XML comment for publicly visible type or member 'RelationshipTypeUpdatedEvent.RelationshipTypeId' [/home/lysander/repos/bannou/bannou-service/bannou-service.csproj]
/home/lysander/repos/bannou/bannou-service/Generated/Events/RelationshipTypeLifecycleEvents.cs(115,19): warning CS1591: Missing XML comment for publicly visible type or member 'RelationshipTypeUpdatedEvent.Code' [/home/lysander/repos/bannou/bannou-service/bannou-service.csproj]
/home/lysander/repos/bannou/bannou-service/Generated/Events/RelationshipTypeLifecycleEvents.cs(120,19): warning CS1591: Missing XML comment for publicly visible type or member 'RelationshipTypeUpdatedEvent.Name' [/home/lysander/repos/bannou/bannou-service/bannou-service.csproj]
/home/lysander/repos/bannou/bannou-service/Generated/Events/RelationshipTypeLifecycleEvents.cs(123,19): warning CS1591: Missing XML comment for publicly visible type or member 'RelationshipTypeUpdatedEvent.Description' [/home/lysander/repos/bannou/bannou-service/bannou-service.csproj]
/home/lysander/repos/bannou/bannou-service/Generated/Events/RelationshipTypeLifecycleEvents.cs(126,19): warning CS1591: Missing XML comment for publicly visible type or member 'RelationshipTypeUpdatedEvent.Category' [/home/lysander/repos/bannou/bannou-service/bannou-service.csproj]
/home/lysander/repos/bannou/bannou-service/Generated/Events/RelationshipTypeLifecycleEvents.cs(129,24): warning CS1591: Missing XML comment for publicly visible type or member 'RelationshipTypeUpdatedEvent.ParentTypeId' [/home/lysander/repos/bannou/bannou-service/bannou-service.csproj]
/home/lysander/repos/bannou/bannou-service/Generated/Events/RelationshipTypeLifecycleEvents.cs(132,19): warning CS1591: Missing XML comment for publicly visible type or member 'RelationshipTypeUpdatedEvent.ParentTypeCode' [/home/lysander/repos/bannou/bannou-service/bannou-service.csproj]
/home/lysander/repos/bannou/bannou-service/Generated/Events/RelationshipTypeLifecycleEvents.cs(135,24): warning CS1591: Missing XML comment for publicly visible type or member 'RelationshipTypeUpdatedEvent.InverseTypeId' [/home/lysander/repos/bannou/bannou-service/bannou-service.csproj]
/home/lysander/repos/bannou/bannou-service/Generated/Events/RelationshipTypeLifecycleEvents.cs(138,19): warning CS1591: Missing XML comment for publicly visible type or member 'RelationshipTypeUpdatedEvent.InverseTypeCode' [/home/lysander/repos/bannou/bannou-service/bannou-service.csproj]
/home/lysander/repos/bannou/bannou-service/Generated/Events/RelationshipTypeLifecycleEvents.cs(141,17): warning CS1591: Missing XML comment for publicly visible type or member 'RelationshipTypeUpdatedEvent.IsBidirectional' [/home/lysander/repos/bannou/bannou-service/bannou-service.csproj]
/home/lysander/repos/bannou/bannou-service/Generated/Events/RelationshipTypeLifecycleEvents.cs(144,17): warning CS1591: Missing XML comment for publicly visible type or member 'RelationshipTypeUpdatedEvent.IsDeprecated' [/home/lysander/repos/bannou/bannou-service/bannou-service.csproj]
/home/lysander/repos/bannou/bannou-service/Generated/Events/RelationshipTypeLifecycleEvents.cs(147,34): warning CS1591: Missing XML comment for publicly visible type or member 'RelationshipTypeUpdatedEvent.DeprecatedAt' [/home/lysander/repos/bannou/bannou-service/bannou-service.csproj]
/home/lysander/repos/bannou/bannou-service/Generated/Events/RelationshipTypeLifecycleEvents.cs(150,19): warning CS1591: Missing XML comment for publicly visible type or member 'RelationshipTypeUpdatedEvent.DeprecationReason' [/home/lysander/repos/bannou/bannou-service/bannou-service.csproj]
/home/lysander/repos/bannou/bannou-service/Generated/Events/RelationshipTypeLifecycleEvents.cs(153,16): warning CS1591: Missing XML comment for publicly visible type or member 'RelationshipTypeUpdatedEvent.Depth' [/home/lysander/repos/bannou/bannou-service/bannou-service.csproj]
/home/lysander/repos/bannou/bannou-service/Generated/Events/RelationshipTypeLifecycleEvents.cs(156,19): warning CS1591: Missing XML comment for publicly visible type or member 'RelationshipTypeUpdatedEvent.Metadata' [/home/lysander/repos/bannou/bannou-service/bannou-service.csproj]
/home/lysander/repos/bannou/bannou-service/Generated/Events/RelationshipTypeLifecycleEvents.cs(161,34): warning CS1591: Missing XML comment for publicly visible type or member 'RelationshipTypeUpdatedEvent.CreatedAt' [/home/lysander/repos/bannou/bannou-service/bannou-service.csproj]
/home/lysander/repos/bannou/bannou-service/Generated/Events/RelationshipTypeLifecycleEvents.cs(166,34): warning CS1591: Missing XML comment for publicly visible type or member 'RelationshipTypeUpdatedEvent.UpdatedAt' [/home/lysander/repos/bannou/bannou-service/bannou-service.csproj]
/home/lysander/repos/bannou/bannou-service/Generated/Events/RelationshipTypeLifecycleEvents.cs(196,24): warning CS1591: Missing XML comment for publicly visible type or member 'RelationshipTypeDeletedEvent.RelationshipTypeId' [/home/lysander/repos/bannou/bannou-service/bannou-service.csproj]
/home/lysander/repos/bannou/bannou-service/Generated/Events/RelationshipTypeLifecycleEvents.cs(201,19): warning CS1591: Missing XML comment for publicly visible type or member 'RelationshipTypeDeletedEvent.Code' [/home/lysander/repos/bannou/bannou-service/bannou-service.csproj]
/home/lysander/repos/bannou/bannou-service/Generated/Events/RelationshipTypeLifecycleEvents.cs(206,19): warning CS1591: Missing XML comment for publicly visible type or member 'RelationshipTypeDeletedEvent.Name' [/home/lysander/repos/bannou/bannou-service/bannou-service.csproj]
/home/lysander/repos/bannou/bannou-service/Generated/Events/RelationshipTypeLifecycleEvents.cs(209,19): warning CS1591: Missing XML comment for publicly visible type or member 'RelationshipTypeDeletedEvent.Description' [/home/lysander/repos/bannou/bannou-service/bannou-service.csproj]
/home/lysander/repos/bannou/bannou-service/Generated/Events/RelationshipTypeLifecycleEvents.cs(212,19): warning CS1591: Missing XML comment for publicly visible type or member 'RelationshipTypeDeletedEvent.Category' [/home/lysander/repos/bannou/bannou-service/bannou-service.csproj]
/home/lysander/repos/bannou/bannou-service/Generated/Events/RelationshipTypeLifecycleEvents.cs(215,24): warning CS1591: Missing XML comment for publicly visible type or member 'RelationshipTypeDeletedEvent.ParentTypeId' [/home/lysander/repos/bannou/bannou-service/bannou-service.csproj]
/home/lysander/repos/bannou/bannou-service/Generated/Events/RelationshipTypeLifecycleEvents.cs(218,19): warning CS1591: Missing XML comment for publicly visible type or member 'RelationshipTypeDeletedEvent.ParentTypeCode' [/home/lysander/repos/bannou/bannou-service/bannou-service.csproj]
/home/lysander/repos/bannou/bannou-service/Generated/Events/RelationshipTypeLifecycleEvents.cs(221,24): warning CS1591: Missing XML comment for publicly visible type or member 'RelationshipTypeDeletedEvent.InverseTypeId' [/home/lysander/repos/bannou/bannou-service/bannou-service.csproj]
/home/lysander/repos/bannou/bannou-service/Generated/Events/RelationshipTypeLifecycleEvents.cs(224,19): warning CS1591: Missing XML comment for publicly visible type or member 'RelationshipTypeDeletedEvent.InverseTypeCode' [/home/lysander/repos/bannou/bannou-service/bannou-service.csproj]
/home/lysander/repos/bannou/bannou-service/Generated/Events/RelationshipTypeLifecycleEvents.cs(227,17): warning CS1591: Missing XML comment for publicly visible type or member 'RelationshipTypeDeletedEvent.IsBidirectional' [/home/lysander/repos/bannou/bannou-service/bannou-service.csproj]
/home/lysander/repos/bannou/bannou-service/Generated/Events/RelationshipTypeLifecycleEvents.cs(230,17): warning CS1591: Missing XML comment for publicly visible type or member 'RelationshipTypeDeletedEvent.IsDeprecated' [/home/lysander/repos/bannou/bannou-service/bannou-service.csproj]
/home/lysander/repos/bannou/bannou-service/Generated/Events/RelationshipTypeLifecycleEvents.cs(233,34): warning CS1591: Missing XML comment for publicly visible type or member 'RelationshipTypeDeletedEvent.DeprecatedAt' [/home/lysander/repos/bannou/bannou-service/bannou-service.csproj]
/home/lysander/repos/bannou/bannou-service/Generated/Events/RelationshipTypeLifecycleEvents.cs(236,19): warning CS1591: Missing XML comment for publicly visible type or member 'RelationshipTypeDeletedEvent.DeprecationReason' [/home/lysander/repos/bannou/bannou-service/bannou-service.csproj]
/home/lysander/repos/bannou/bannou-service/Generated/Events/RelationshipTypeLifecycleEvents.cs(239,16): warning CS1591: Missing XML comment for publicly visible type or member 'RelationshipTypeDeletedEvent.Depth' [/home/lysander/repos/bannou/bannou-service/bannou-service.csproj]
/home/lysander/repos/bannou/bannou-service/Generated/Events/RelationshipTypeLifecycleEvents.cs(242,19): warning CS1591: Missing XML comment for publicly visible type or member 'RelationshipTypeDeletedEvent.Metadata' [/home/lysander/repos/bannou/bannou-service/bannou-service.csproj]
/home/lysander/repos/bannou/bannou-service/Generated/Events/RelationshipTypeLifecycleEvents.cs(247,34): warning CS1591: Missing XML comment for publicly visible type or member 'RelationshipTypeDeletedEvent.CreatedAt' [/home/lysander/repos/bannou/bannou-service/bannou-service.csproj]
/home/lysander/repos/bannou/bannou-service/Generated/Events/RelationshipTypeLifecycleEvents.cs(252,34): warning CS1591: Missing XML comment for publicly visible type or member 'RelationshipTypeDeletedEvent.UpdatedAt' [/home/lysander/repos/bannou/bannou-service/bannou-service.csproj]
/home/lysander/repos/bannou/bannou-service/Generated/Events/SpeciesLifecycleEvents.cs(32,24): warning CS1591: Missing XML comment for publicly visible type or member 'SpeciesCreatedEvent.SpeciesId' [/home/lysander/repos/bannou/bannou-service/bannou-service.csproj]
/home/lysander/repos/bannou/bannou-service/Generated/Events/SpeciesLifecycleEvents.cs(37,19): warning CS1591: Missing XML comment for publicly visible type or member 'SpeciesCreatedEvent.Code' [/home/lysander/repos/bannou/bannou-service/bannou-service.csproj]
/home/lysander/repos/bannou/bannou-service/Generated/Events/SpeciesLifecycleEvents.cs(42,19): warning CS1591: Missing XML comment for publicly visible type or member 'SpeciesCreatedEvent.Name' [/home/lysander/repos/bannou/bannou-service/bannou-service.csproj]
/home/lysander/repos/bannou/bannou-service/Generated/Events/SpeciesLifecycleEvents.cs(45,19): warning CS1591: Missing XML comment for publicly visible type or member 'SpeciesCreatedEvent.Description' [/home/lysander/repos/bannou/bannou-service/bannou-service.csproj]
/home/lysander/repos/bannou/bannou-service/Generated/Events/SpeciesLifecycleEvents.cs(48,19): warning CS1591: Missing XML comment for publicly visible type or member 'SpeciesCreatedEvent.Category' [/home/lysander/repos/bannou/bannou-service/bannou-service.csproj]
/home/lysander/repos/bannou/bannou-service/Generated/Events/SpeciesLifecycleEvents.cs(51,17): warning CS1591: Missing XML comment for publicly visible type or member 'SpeciesCreatedEvent.IsPlayable' [/home/lysander/repos/bannou/bannou-service/bannou-service.csproj]
/home/lysander/repos/bannou/bannou-service/Generated/Events/SpeciesLifecycleEvents.cs(54,17): warning CS1591: Missing XML comment for publicly visible type or member 'SpeciesCreatedEvent.IsDeprecated' [/home/lysander/repos/bannou/bannou-service/bannou-service.csproj]
/home/lysander/repos/bannou/bannou-service/Generated/Events/SpeciesLifecycleEvents.cs(57,34): warning CS1591: Missing XML comment for publicly visible type or member 'SpeciesCreatedEvent.DeprecatedAt' [/home/lysander/repos/bannou/bannou-service/bannou-service.csproj]
/home/lysander/repos/bannou/bannou-service/Generated/Events/SpeciesLifecycleEvents.cs(60,19): warning CS1591: Missing XML comment for publicly visible type or member 'SpeciesCreatedEvent.DeprecationReason' [/home/lysander/repos/bannou/bannou-service/bannou-service.csproj]
/home/lysander/repos/bannou/bannou-service/Generated/Events/SpeciesLifecycleEvents.cs(63,16): warning CS1591: Missing XML comment for publicly visible type or member 'SpeciesCreatedEvent.BaseLifespan' [/home/lysander/repos/bannou/bannou-service/bannou-service.csproj]
/home/lysander/repos/bannou/bannou-service/Generated/Events/SpeciesLifecycleEvents.cs(66,16): warning CS1591: Missing XML comment for publicly visible type or member 'SpeciesCreatedEvent.MaturityAge' [/home/lysander/repos/bannou/bannou-service/bannou-service.csproj]
/home/lysander/repos/bannou/bannou-service/Generated/Events/SpeciesLifecycleEvents.cs(69,19): warning CS1591: Missing XML comment for publicly visible type or member 'SpeciesCreatedEvent.TraitModifiers' [/home/lysander/repos/bannou/bannou-service/bannou-service.csproj]
/home/lysander/repos/bannou/bannou-service/Generated/Events/SpeciesLifecycleEvents.cs(72,64): warning CS1591: Missing XML comment for publicly visible type or member 'SpeciesCreatedEvent.RealmIds' [/home/lysander/repos/bannou/bannou-service/bannou-service.csproj]
/home/lysander/repos/bannou/bannou-service/Generated/Events/SpeciesLifecycleEvents.cs(75,19): warning CS1591: Missing XML comment for publicly visible type or member 'SpeciesCreatedEvent.Metadata' [/home/lysander/repos/bannou/bannou-service/bannou-service.csproj]
/home/lysander/repos/bannou/bannou-service/Generated/Events/SpeciesLifecycleEvents.cs(80,34): warning CS1591: Missing XML comment for publicly visible type or member 'SpeciesCreatedEvent.CreatedAt' [/home/lysander/repos/bannou/bannou-service/bannou-service.csproj]
/home/lysander/repos/bannou/bannou-service/Generated/Events/SpeciesLifecycleEvents.cs(85,34): warning CS1591: Missing XML comment for publicly visible type or member 'SpeciesCreatedEvent.UpdatedAt' [/home/lysander/repos/bannou/bannou-service/bannou-service.csproj]
/home/lysander/repos/bannou/bannou-service/Generated/Events/SpeciesLifecycleEvents.cs(107,24): warning CS1591: Missing XML comment for publicly visible type or member 'SpeciesUpdatedEvent.SpeciesId' [/home/lysander/repos/bannou/bannou-service/bannou-service.csproj]
/home/lysander/repos/bannou/bannou-service/Generated/Events/SpeciesLifecycleEvents.cs(112,19): warning CS1591: Missing XML comment for publicly visible type or member 'SpeciesUpdatedEvent.Code' [/home/lysander/repos/bannou/bannou-service/bannou-service.csproj]
/home/lysander/repos/bannou/bannou-service/Generated/Events/SpeciesLifecycleEvents.cs(117,19): warning CS1591: Missing XML comment for publicly visible type or member 'SpeciesUpdatedEvent.Name' [/home/lysander/repos/bannou/bannou-service/bannou-service.csproj]
/home/lysander/repos/bannou/bannou-service/Generated/Events/SpeciesLifecycleEvents.cs(120,19): warning CS1591: Missing XML comment for publicly visible type or member 'SpeciesUpdatedEvent.Description' [/home/lysander/repos/bannou/bannou-service/bannou-service.csproj]
/home/lysander/repos/bannou/bannou-service/Generated/Events/SpeciesLifecycleEvents.cs(123,19): warning CS1591: Missing XML comment for publicly visible type or member 'SpeciesUpdatedEvent.Category' [/home/lysander/repos/bannou/bannou-service/bannou-service.csproj]
/home/lysander/repos/bannou/bannou-service/Generated/Events/SpeciesLifecycleEvents.cs(126,17): warning CS1591: Missing XML comment for publicly visible type or member 'SpeciesUpdatedEvent.IsPlayable' [/home/lysander/repos/bannou/bannou-service/bannou-service.csproj]
/home/lysander/repos/bannou/bannou-service/Generated/Events/SpeciesLifecycleEvents.cs(129,17): warning CS1591: Missing XML comment for publicly visible type or member 'SpeciesUpdatedEvent.IsDeprecated' [/home/lysander/repos/bannou/bannou-service/bannou-service.csproj]
/home/lysander/repos/bannou/bannou-service/Generated/Events/SpeciesLifecycleEvents.cs(132,34): warning CS1591: Missing XML comment for publicly visible type or member 'SpeciesUpdatedEvent.DeprecatedAt' [/home/lysander/repos/bannou/bannou-service/bannou-service.csproj]
/home/lysander/repos/bannou/bannou-service/Generated/Events/SpeciesLifecycleEvents.cs(135,19): warning CS1591: Missing XML comment for publicly visible type or member 'SpeciesUpdatedEvent.DeprecationReason' [/home/lysander/repos/bannou/bannou-service/bannou-service.csproj]
/home/lysander/repos/bannou/bannou-service/Generated/Events/SpeciesLifecycleEvents.cs(138,16): warning CS1591: Missing XML comment for publicly visible type or member 'SpeciesUpdatedEvent.BaseLifespan' [/home/lysander/repos/bannou/bannou-service/bannou-service.csproj]
/home/lysander/repos/bannou/bannou-service/Generated/Events/SpeciesLifecycleEvents.cs(141,16): warning CS1591: Missing XML comment for publicly visible type or member 'SpeciesUpdatedEvent.MaturityAge' [/home/lysander/repos/bannou/bannou-service/bannou-service.csproj]
/home/lysander/repos/bannou/bannou-service/Generated/Events/SpeciesLifecycleEvents.cs(144,19): warning CS1591: Missing XML comment for publicly visible type or member 'SpeciesUpdatedEvent.TraitModifiers' [/home/lysander/repos/bannou/bannou-service/bannou-service.csproj]
/home/lysander/repos/bannou/bannou-service/Generated/Events/SpeciesLifecycleEvents.cs(147,64): warning CS1591: Missing XML comment for publicly visible type or member 'SpeciesUpdatedEvent.RealmIds' [/home/lysander/repos/bannou/bannou-service/bannou-service.csproj]
/home/lysander/repos/bannou/bannou-service/Generated/Events/SpeciesLifecycleEvents.cs(150,19): warning CS1591: Missing XML comment for publicly visible type or member 'SpeciesUpdatedEvent.Metadata' [/home/lysander/repos/bannou/bannou-service/bannou-service.csproj]
/home/lysander/repos/bannou/bannou-service/Generated/Events/SpeciesLifecycleEvents.cs(155,34): warning CS1591: Missing XML comment for publicly visible type or member 'SpeciesUpdatedEvent.CreatedAt' [/home/lysander/repos/bannou/bannou-service/bannou-service.csproj]
/home/lysander/repos/bannou/bannou-service/Generated/Events/SpeciesLifecycleEvents.cs(160,34): warning CS1591: Missing XML comment for publicly visible type or member 'SpeciesUpdatedEvent.UpdatedAt' [/home/lysander/repos/bannou/bannou-service/bannou-service.csproj]
/home/lysander/repos/bannou/bannou-service/Generated/Events/SpeciesLifecycleEvents.cs(190,24): warning CS1591: Missing XML comment for publicly visible type or member 'SpeciesDeletedEvent.SpeciesId' [/home/lysander/repos/bannou/bannou-service/bannou-service.csproj]
/home/lysander/repos/bannou/bannou-service/Generated/Events/SpeciesLifecycleEvents.cs(195,19): warning CS1591: Missing XML comment for publicly visible type or member 'SpeciesDeletedEvent.Code' [/home/lysander/repos/bannou/bannou-service/bannou-service.csproj]
/home/lysander/repos/bannou/bannou-service/Generated/Events/SpeciesLifecycleEvents.cs(200,19): warning CS1591: Missing XML comment for publicly visible type or member 'SpeciesDeletedEvent.Name' [/home/lysander/repos/bannou/bannou-service/bannou-service.csproj]
/home/lysander/repos/bannou/bannou-service/Generated/Events/SpeciesLifecycleEvents.cs(203,19): warning CS1591: Missing XML comment for publicly visible type or member 'SpeciesDeletedEvent.Description' [/home/lysander/repos/bannou/bannou-service/bannou-service.csproj]
/home/lysander/repos/bannou/bannou-service/Generated/Events/SpeciesLifecycleEvents.cs(206,19): warning CS1591: Missing XML comment for publicly visible type or member 'SpeciesDeletedEvent.Category' [/home/lysander/repos/bannou/bannou-service/bannou-service.csproj]
/home/lysander/repos/bannou/bannou-service/Generated/Events/SpeciesLifecycleEvents.cs(209,17): warning CS1591: Missing XML comment for publicly visible type or member 'SpeciesDeletedEvent.IsPlayable' [/home/lysander/repos/bannou/bannou-service/bannou-service.csproj]
/home/lysander/repos/bannou/bannou-service/Generated/Events/SpeciesLifecycleEvents.cs(212,17): warning CS1591: Missing XML comment for publicly visible type or member 'SpeciesDeletedEvent.IsDeprecated' [/home/lysander/repos/bannou/bannou-service/bannou-service.csproj]
/home/lysander/repos/bannou/bannou-service/Generated/Events/SpeciesLifecycleEvents.cs(215,34): warning CS1591: Missing XML comment for publicly visible type or member 'SpeciesDeletedEvent.DeprecatedAt' [/home/lysander/repos/bannou/bannou-service/bannou-service.csproj]
/home/lysander/repos/bannou/bannou-service/Generated/Events/SpeciesLifecycleEvents.cs(218,19): warning CS1591: Missing XML comment for publicly visible type or member 'SpeciesDeletedEvent.DeprecationReason' [/home/lysander/repos/bannou/bannou-service/bannou-service.csproj]
/home/lysander/repos/bannou/bannou-service/Generated/Events/SpeciesLifecycleEvents.cs(221,16): warning CS1591: Missing XML comment for publicly visible type or member 'SpeciesDeletedEvent.BaseLifespan' [/home/lysander/repos/bannou/bannou-service/bannou-service.csproj]
/home/lysander/repos/bannou/bannou-service/Generated/Events/SpeciesLifecycleEvents.cs(224,16): warning CS1591: Missing XML comment for publicly visible type or member 'SpeciesDeletedEvent.MaturityAge' [/home/lysander/repos/bannou/bannou-service/bannou-service.csproj]
/home/lysander/repos/bannou/bannou-service/Generated/Events/SpeciesLifecycleEvents.cs(227,19): warning CS1591: Missing XML comment for publicly visible type or member 'SpeciesDeletedEvent.TraitModifiers' [/home/lysander/repos/bannou/bannou-service/bannou-service.csproj]
/home/lysander/repos/bannou/bannou-service/Generated/Events/SpeciesLifecycleEvents.cs(230,64): warning CS1591: Missing XML comment for publicly visible type or member 'SpeciesDeletedEvent.RealmIds' [/home/lysander/repos/bannou/bannou-service/bannou-service.csproj]
/home/lysander/repos/bannou/bannou-service/Generated/Events/SpeciesLifecycleEvents.cs(233,19): warning CS1591: Missing XML comment for publicly visible type or member 'SpeciesDeletedEvent.Metadata' [/home/lysander/repos/bannou/bannou-service/bannou-service.csproj]
/home/lysander/repos/bannou/bannou-service/Generated/Events/SpeciesLifecycleEvents.cs(238,34): warning CS1591: Missing XML comment for publicly visible type or member 'SpeciesDeletedEvent.CreatedAt' [/home/lysander/repos/bannou/bannou-service/bannou-service.csproj]
/home/lysander/repos/bannou/bannou-service/Generated/Events/SpeciesLifecycleEvents.cs(243,34): warning CS1591: Missing XML comment for publicly visible type or member 'SpeciesDeletedEvent.UpdatedAt' [/home/lysander/repos/bannou/bannou-service/bannou-service.csproj]
/home/lysander/repos/bannou/bannou-service/Generated/Events/SubscriptionsEventsModels.cs(97,13): warning CS1591: Missing XML comment for publicly visible type or member 'SubscriptionUpdatedEventAction' [/home/lysander/repos/bannou/bannou-service/bannou-service.csproj]
/home/lysander/repos/bannou/bannou-service/Generated/Events/SubscriptionsEventsModels.cs(101,5): warning CS1591: Missing XML comment for publicly visible type or member 'SubscriptionUpdatedEventAction.Created' [/home/lysander/repos/bannou/bannou-service/bannou-service.csproj]
/home/lysander/repos/bannou/bannou-service/Generated/Events/SubscriptionsEventsModels.cs(104,5): warning CS1591: Missing XML comment for publicly visible type or member 'SubscriptionUpdatedEventAction.Updated' [/home/lysander/repos/bannou/bannou-service/bannou-service.csproj]
/home/lysander/repos/bannou/bannou-service/Generated/Events/SubscriptionsEventsModels.cs(107,5): warning CS1591: Missing XML comment for publicly visible type or member 'SubscriptionUpdatedEventAction.Cancelled' [/home/lysander/repos/bannou/bannou-service/bannou-service.csproj]
/home/lysander/repos/bannou/bannou-service/Generated/Events/SubscriptionsEventsModels.cs(110,5): warning CS1591: Missing XML comment for publicly visible type or member 'SubscriptionUpdatedEventAction.Expired' [/home/lysander/repos/bannou/bannou-service/bannou-service.csproj]
/home/lysander/repos/bannou/bannou-service/Generated/Events/SubscriptionsEventsModels.cs(113,5): warning CS1591: Missing XML comment for publicly visible type or member 'SubscriptionUpdatedEventAction.Renewed' [/home/lysander/repos/bannou/bannou-service/bannou-service.csproj]
/home/lysander/repos/bannou/bannou-service/Generated/Clients/AccountsClient.cs(19,26): warning CS1591: Missing XML comment for publicly visible type or member 'IAccountsClient' [/home/lysander/repos/bannou/bannou-service/bannou-service.csproj]
/home/lysander/repos/bannou/bannou-service/Generated/Clients/AccountsClient.cs(28,92): warning CS1573: Parameter 'body' has no matching param tag in the XML comment for 'IAccountsClient.ListAccountsAsync(ListAccountsRequest, CancellationToken)' (but other parameters do) [/home/lysander/repos/bannou/bannou-service/bannou-service.csproj]
/home/lysander/repos/bannou/bannou-service/Generated/Clients/AccountsClient.cs(36,90): warning CS1573: Parameter 'body' has no matching param tag in the XML comment for 'IAccountsClient.CreateAccountAsync(CreateAccountRequest, CancellationToken)' (but other parameters do) [/home/lysander/repos/bannou/bannou-service/bannou-service.csproj]
/home/lysander/repos/bannou/bannou-service/Generated/Clients/AccountsClient.cs(44,84): warning CS1573: Parameter 'body' has no matching param tag in the XML comment for 'IAccountsClient.GetAccountAsync(GetAccountRequest, CancellationToken)' (but other parameters do) [/home/lysander/repos/bannou/bannou-service/bannou-service.csproj]
/home/lysander/repos/bannou/bannou-service/Generated/Clients/AccountsClient.cs(52,90): warning CS1573: Parameter 'body' has no matching param tag in the XML comment for 'IAccountsClient.UpdateAccountAsync(UpdateAccountRequest, CancellationToken)' (but other parameters do) [/home/lysander/repos/bannou/bannou-service/bannou-service.csproj]
/home/lysander/repos/bannou/bannou-service/Generated/Clients/AccountsClient.cs(60,73): warning CS1573: Parameter 'body' has no matching param tag in the XML comment for 'IAccountsClient.DeleteAccountAsync(DeleteAccountRequest, CancellationToken)' (but other parameters do) [/home/lysander/repos/bannou/bannou-service/bannou-service.csproj]
/home/lysander/repos/bannou/bannou-service/Generated/Clients/AccountsClient.cs(68,98): warning CS1573: Parameter 'body' has no matching param tag in the XML comment for 'IAccountsClient.GetAccountByEmailAsync(GetAccountByEmailRequest, CancellationToken)' (but other parameters do) [/home/lysander/repos/bannou/bannou-service/bannou-service.csproj]
/home/lysander/repos/bannou/bannou-service/Generated/Clients/AccountsClient.cs(76,96): warning CS1573: Parameter 'body' has no matching param tag in the XML comment for 'IAccountsClient.GetAuthMethodsAsync(GetAuthMethodsRequest, CancellationToken)' (but other parameters do) [/home/lysander/repos/bannou/bannou-service/bannou-service.csproj]
/home/lysander/repos/bannou/bannou-service/Generated/Clients/AccountsClient.cs(84,93): warning CS1573: Parameter 'body' has no matching param tag in the XML comment for 'IAccountsClient.AddAuthMethodAsync(AddAuthMethodRequest, CancellationToken)' (but other parameters do) [/home/lysander/repos/bannou/bannou-service/bannou-service.csproj]
/home/lysander/repos/bannou/bannou-service/Generated/Clients/AccountsClient.cs(92,79): warning CS1573: Parameter 'body' has no matching param tag in the XML comment for 'IAccountsClient.RemoveAuthMethodAsync(RemoveAuthMethodRequest, CancellationToken)' (but other parameters do) [/home/lysander/repos/bannou/bannou-service/bannou-service.csproj]
/home/lysander/repos/bannou/bannou-service/Generated/Clients/AccountsClient.cs(100,104): warning CS1573: Parameter 'body' has no matching param tag in the XML comment for 'IAccountsClient.GetAccountByProviderAsync(GetAccountByProviderRequest, CancellationToken)' (but other parameters do) [/home/lysander/repos/bannou/bannou-service/bannou-service.csproj]
/home/lysander/repos/bannou/bannou-service/Generated/Clients/AccountsClient.cs(108,90): warning CS1573: Parameter 'body' has no matching param tag in the XML comment for 'IAccountsClient.UpdateProfileAsync(UpdateProfileRequest, CancellationToken)' (but other parameters do) [/home/lysander/repos/bannou/bannou-service/bannou-service.csproj]
/home/lysander/repos/bannou/bannou-service/Generated/Clients/AccountsClient.cs(116,79): warning CS1573: Parameter 'body' has no matching param tag in the XML comment for 'IAccountsClient.UpdatePasswordHashAsync(UpdatePasswordRequest, CancellationToken)' (but other parameters do) [/home/lysander/repos/bannou/bannou-service/bannou-service.csproj]
/home/lysander/repos/bannou/bannou-service/Generated/Clients/AccountsClient.cs(124,89): warning CS1573: Parameter 'body' has no matching param tag in the XML comment for 'IAccountsClient.UpdateVerificationStatusAsync(UpdateVerificationRequest, CancellationToken)' (but other parameters do) [/home/lysander/repos/bannou/bannou-service/bannou-service.csproj]
/home/lysander/repos/bannou/bannou-service/Generated/Clients/AccountsClient.cs(128,22): warning CS1591: Missing XML comment for publicly visible type or member 'AccountsClient' [/home/lysander/repos/bannou/bannou-service/bannou-service.csproj]
/home/lysander/repos/bannou/bannou-service/Generated/Clients/AccountsClient.cs(148,12): warning CS1591: Missing XML comment for publicly visible type or member 'AccountsClient.AccountsClient(IMeshInvocationClient, IServiceAppMappingResolver, ILogger<AccountsClient>?)' [/home/lysander/repos/bannou/bannou-service/bannou-service.csproj]
/home/lysander/repos/bannou/bannou-service/Generated/Clients/AccountsClient.cs(156,54): warning CS1591: Missing XML comment for publicly visible type or member 'AccountsClient.JsonSerializerSettings' [/home/lysander/repos/bannou/bannou-service/bannou-service.csproj]
/home/lysander/repos/bannou/bannou-service/Generated/Clients/AccountsClient.cs(256,113): warning CS1573: Parameter 'body' has no matching param tag in the XML comment for 'AccountsClient.ListAccountsAsync(ListAccountsRequest, CancellationToken)' (but other parameters do) [/home/lysander/repos/bannou/bannou-service/bannou-service.csproj]
/home/lysander/repos/bannou/bannou-service/Generated/Clients/AccountsClient.cs(335,111): warning CS1573: Parameter 'body' has no matching param tag in the XML comment for 'AccountsClient.CreateAccountAsync(CreateAccountRequest, CancellationToken)' (but other parameters do) [/home/lysander/repos/bannou/bannou-service/bannou-service.csproj]
/home/lysander/repos/bannou/bannou-service/Generated/Clients/AccountsClient.cs(426,105): warning CS1573: Parameter 'body' has no matching param tag in the XML comment for 'AccountsClient.GetAccountAsync(GetAccountRequest, CancellationToken)' (but other parameters do) [/home/lysander/repos/bannou/bannou-service/bannou-service.csproj]
/home/lysander/repos/bannou/bannou-service/Generated/Clients/AccountsClient.cs(511,111): warning CS1573: Parameter 'body' has no matching param tag in the XML comment for 'AccountsClient.UpdateAccountAsync(UpdateAccountRequest, CancellationToken)' (but other parameters do) [/home/lysander/repos/bannou/bannou-service/bannou-service.csproj]
/home/lysander/repos/bannou/bannou-service/Generated/Clients/AccountsClient.cs(602,94): warning CS1573: Parameter 'body' has no matching param tag in the XML comment for 'AccountsClient.DeleteAccountAsync(DeleteAccountRequest, CancellationToken)' (but other parameters do) [/home/lysander/repos/bannou/bannou-service/bannou-service.csproj]
/home/lysander/repos/bannou/bannou-service/Generated/Clients/AccountsClient.cs(687,119): warning CS1573: Parameter 'body' has no matching param tag in the XML comment for 'AccountsClient.GetAccountByEmailAsync(GetAccountByEmailRequest, CancellationToken)' (but other parameters do) [/home/lysander/repos/bannou/bannou-service/bannou-service.csproj]
/home/lysander/repos/bannou/bannou-service/Generated/Clients/AccountsClient.cs(772,117): warning CS1573: Parameter 'body' has no matching param tag in the XML comment for 'AccountsClient.GetAuthMethodsAsync(GetAuthMethodsRequest, CancellationToken)' (but other parameters do) [/home/lysander/repos/bannou/bannou-service/bannou-service.csproj]
/home/lysander/repos/bannou/bannou-service/Generated/Clients/AccountsClient.cs(857,114): warning CS1573: Parameter 'body' has no matching param tag in the XML comment for 'AccountsClient.AddAuthMethodAsync(AddAuthMethodRequest, CancellationToken)' (but other parameters do) [/home/lysander/repos/bannou/bannou-service/bannou-service.csproj]
/home/lysander/repos/bannou/bannou-service/Generated/Clients/AccountsClient.cs(948,100): warning CS1573: Parameter 'body' has no matching param tag in the XML comment for 'AccountsClient.RemoveAuthMethodAsync(RemoveAuthMethodRequest, CancellationToken)' (but other parameters do) [/home/lysander/repos/bannou/bannou-service/bannou-service.csproj]
/home/lysander/repos/bannou/bannou-service/Generated/Clients/AccountsClient.cs(1033,125): warning CS1573: Parameter 'body' has no matching param tag in the XML comment for 'AccountsClient.GetAccountByProviderAsync(GetAccountByProviderRequest, CancellationToken)' (but other parameters do) [/home/lysander/repos/bannou/bannou-service/bannou-service.csproj]
/home/lysander/repos/bannou/bannou-service/Generated/Clients/AccountsClient.cs(1118,111): warning CS1573: Parameter 'body' has no matching param tag in the XML comment for 'AccountsClient.UpdateProfileAsync(UpdateProfileRequest, CancellationToken)' (but other parameters do) [/home/lysander/repos/bannou/bannou-service/bannou-service.csproj]
/home/lysander/repos/bannou/bannou-service/Generated/Clients/AccountsClient.cs(1203,100): warning CS1573: Parameter 'body' has no matching param tag in the XML comment for 'AccountsClient.UpdatePasswordHashAsync(UpdatePasswordRequest, CancellationToken)' (but other parameters do) [/home/lysander/repos/bannou/bannou-service/bannou-service.csproj]
/home/lysander/repos/bannou/bannou-service/Generated/Clients/AccountsClient.cs(1282,110): warning CS1573: Parameter 'body' has no matching param tag in the XML comment for 'AccountsClient.UpdateVerificationStatusAsync(UpdateVerificationRequest, CancellationToken)' (but other parameters do) [/home/lysander/repos/bannou/bannou-service/bannou-service.csproj]
/home/lysander/repos/bannou/bannou-service/Generated/Clients/AccountsClient.cs(1355,22): warning CS1591: Missing XML comment for publicly visible type or member 'AccountsClient.ObjectResponseResult<T>' [/home/lysander/repos/bannou/bannou-service/bannou-service.csproj]
/home/lysander/repos/bannou/bannou-service/Generated/Clients/AccountsClient.cs(1357,16): warning CS1591: Missing XML comment for publicly visible type or member 'AccountsClient.ObjectResponseResult<T>.ObjectResponseResult(T, string)' [/home/lysander/repos/bannou/bannou-service/bannou-service.csproj]
/home/lysander/repos/bannou/bannou-service/Generated/Clients/AccountsClient.cs(1363,18): warning CS1591: Missing XML comment for publicly visible type or member 'AccountsClient.ObjectResponseResult<T>.Object' [/home/lysander/repos/bannou/bannou-service/bannou-service.csproj]
/home/lysander/repos/bannou/bannou-service/Generated/Clients/AccountsClient.cs(1365,23): warning CS1591: Missing XML comment for publicly visible type or member 'AccountsClient.ObjectResponseResult<T>.Text' [/home/lysander/repos/bannou/bannou-service/bannou-service.csproj]
/home/lysander/repos/bannou/bannou-service/Generated/Clients/AccountsClient.cs(1388,17): warning CS1591: Missing XML comment for publicly visible type or member 'AccountsClient.ReadResponseAsString' [/home/lysander/repos/bannou/bannou-service/bannou-service.csproj]
/home/lysander/repos/bannou/bannou-service/Generated/Clients/AccountsClient.cs(1390,86): warning CS1591: Missing XML comment for publicly visible type or member 'AccountsClient.ReadObjectResponseAsync<T>(HttpResponseMessage, IReadOnlyDictionary<string, IEnumerable<string>>, CancellationToken)' [/home/lysander/repos/bannou/bannou-service/bannou-service.csproj]
/home/lysander/repos/bannou/bannou-service/Generated/Models/AccountsModels.cs(25,5): warning CS1591: Missing XML comment for publicly visible type or member 'AuthProvider.Email' [/home/lysander/repos/bannou/bannou-service/bannou-service.csproj]
/home/lysander/repos/bannou/bannou-service/Generated/Models/AccountsModels.cs(28,5): warning CS1591: Missing XML comment for publicly visible type or member 'AuthProvider.Google' [/home/lysander/repos/bannou/bannou-service/bannou-service.csproj]
/home/lysander/repos/bannou/bannou-service/Generated/Models/AccountsModels.cs(31,5): warning CS1591: Missing XML comment for publicly visible type or member 'AuthProvider.Discord' [/home/lysander/repos/bannou/bannou-service/bannou-service.csproj]
/home/lysander/repos/bannou/bannou-service/Generated/Models/AccountsModels.cs(34,5): warning CS1591: Missing XML comment for publicly visible type or member 'AuthProvider.Twitch' [/home/lysander/repos/bannou/bannou-service/bannou-service.csproj]
/home/lysander/repos/bannou/bannou-service/Generated/Models/AccountsModels.cs(37,5): warning CS1591: Missing XML comment for publicly visible type or member 'AuthProvider.Steam' [/home/lysander/repos/bannou/bannou-service/bannou-service.csproj]
/home/lysander/repos/bannou/bannou-service/Generated/Models/AccountsModels.cs(49,5): warning CS1591: Missing XML comment for publicly visible type or member 'OAuthProvider.Google' [/home/lysander/repos/bannou/bannou-service/bannou-service.csproj]
/home/lysander/repos/bannou/bannou-service/Generated/Models/AccountsModels.cs(52,5): warning CS1591: Missing XML comment for publicly visible type or member 'OAuthProvider.Discord' [/home/lysander/repos/bannou/bannou-service/bannou-service.csproj]
/home/lysander/repos/bannou/bannou-service/Generated/Models/AccountsModels.cs(55,5): warning CS1591: Missing XML comment for publicly visible type or member 'OAuthProvider.Twitch' [/home/lysander/repos/bannou/bannou-service/bannou-service.csproj]
/home/lysander/repos/bannou/bannou-service/Generated/Models/AccountsModels.cs(58,5): warning CS1591: Missing XML comment for publicly visible type or member 'OAuthProvider.Steam' [/home/lysander/repos/bannou/bannou-service/bannou-service.csproj]
/home/lysander/repos/bannou/bannou-service/Generated/Models/AccountsModels.cs(70,20): warning CS1591: Missing XML comment for publicly visible type or member 'ListAccountsRequest.Email' [/home/lysander/repos/bannou/bannou-service/bannou-service.csproj]
/home/lysander/repos/bannou/bannou-service/Generated/Models/AccountsModels.cs(73,20): warning CS1591: Missing XML comment for publicly visible type or member 'ListAccountsRequest.DisplayName' [/home/lysander/repos/bannou/bannou-service/bannou-service.csproj]
/home/lysander/repos/bannou/bannou-service/Generated/Models/AccountsModels.cs(77,26): warning CS1591: Missing XML comment for publicly visible type or member 'ListAccountsRequest.Provider' [/home/lysander/repos/bannou/bannou-service/bannou-service.csproj]
/home/lysander/repos/bannou/bannou-service/Generated/Models/AccountsModels.cs(80,18): warning CS1591: Missing XML comment for publicly visible type or member 'ListAccountsRequest.Verified' [/home/lysander/repos/bannou/bannou-service/bannou-service.csproj]
/home/lysander/repos/bannou/bannou-service/Generated/Models/AccountsModels.cs(84,16): warning CS1591: Missing XML comment for publicly visible type or member 'ListAccountsRequest.Page' [/home/lysander/repos/bannou/bannou-service/bannou-service.csproj]
/home/lysander/repos/bannou/bannou-service/Generated/Models/AccountsModels.cs(88,16): warning CS1591: Missing XML comment for publicly visible type or member 'ListAccountsRequest.PageSize' [/home/lysander/repos/bannou/bannou-service/bannou-service.csproj]
/home/lysander/repos/bannou/bannou-service/Generated/Models/AccountsModels.cs(93,68): warning CS1591: Missing XML comment for publicly visible type or member 'ListAccountsRequest.AdditionalProperties' [/home/lysander/repos/bannou/bannou-service/bannou-service.csproj]
/home/lysander/repos/bannou/bannou-service/Generated/Models/AccountsModels.cs(119,68): warning CS1591: Missing XML comment for publicly visible type or member 'GetAccountRequest.AdditionalProperties' [/home/lysander/repos/bannou/bannou-service/bannou-service.csproj]
/home/lysander/repos/bannou/bannou-service/Generated/Models/AccountsModels.cs(145,68): warning CS1591: Missing XML comment for publicly visible type or member 'DeleteAccountRequest.AdditionalProperties' [/home/lysander/repos/bannou/bannou-service/bannou-service.csproj]
/home/lysander/repos/bannou/bannou-service/Generated/Models/AccountsModels.cs(171,68): warning CS1591: Missing XML comment for publicly visible type or member 'GetAccountByEmailRequest.AdditionalProperties' [/home/lysander/repos/bannou/bannou-service/bannou-service.csproj]
/home/lysander/repos/bannou/bannou-service/Generated/Models/AccountsModels.cs(197,68): warning CS1591: Missing XML comment for publicly visible type or member 'GetAuthMethodsRequest.AdditionalProperties' [/home/lysander/repos/bannou/bannou-service/bannou-service.csproj]
/home/lysander/repos/bannou/bannou-service/Generated/Models/AccountsModels.cs(231,68): warning CS1591: Missing XML comment for publicly visible type or member 'RemoveAuthMethodRequest.AdditionalProperties' [/home/lysander/repos/bannou/bannou-service/bannou-service.csproj]
/home/lysander/repos/bannou/bannou-service/Generated/Models/AccountsModels.cs(266,68): warning CS1591: Missing XML comment for publicly visible type or member 'GetAccountByProviderRequest.AdditionalProperties' [/home/lysander/repos/bannou/bannou-service/bannou-service.csproj]
/home/lysander/repos/bannou/bannou-service/Generated/Models/AccountsModels.cs(275,22): warning CS1591: Missing XML comment for publicly visible type or member 'CreateAccountRequest' [/home/lysander/repos/bannou/bannou-service/bannou-service.csproj]
/home/lysander/repos/bannou/bannou-service/Generated/Models/AccountsModels.cs(281,19): warning CS1591: Missing XML comment for publicly visible type or member 'CreateAccountRequest.Email' [/home/lysander/repos/bannou/bannou-service/bannou-service.csproj]
/home/lysander/repos/bannou/bannou-service/Generated/Models/AccountsModels.cs(291,20): warning CS1591: Missing XML comment for publicly visible type or member 'CreateAccountRequest.DisplayName' [/home/lysander/repos/bannou/bannou-service/bannou-service.csproj]
/home/lysander/repos/bannou/bannou-service/Generated/Models/AccountsModels.cs(294,17): warning CS1591: Missing XML comment for publicly visible type or member 'CreateAccountRequest.EmailVerified' [/home/lysander/repos/bannou/bannou-service/bannou-service.csproj]
/home/lysander/repos/bannou/bannou-service/Generated/Models/AccountsModels.cs(297,59): warning CS1591: Missing XML comment for publicly visible type or member 'CreateAccountRequest.Roles' [/home/lysander/repos/bannou/bannou-service/bannou-service.csproj]
/home/lysander/repos/bannou/bannou-service/Generated/Models/AccountsModels.cs(300,20): warning CS1591: Missing XML comment for publicly visible type or member 'CreateAccountRequest.Metadata' [/home/lysander/repos/bannou/bannou-service/bannou-service.csproj]
/home/lysander/repos/bannou/bannou-service/Generated/Models/AccountsModels.cs(305,68): warning CS1591: Missing XML comment for publicly visible type or member 'CreateAccountRequest.AdditionalProperties' [/home/lysander/repos/bannou/bannou-service/bannou-service.csproj]
/home/lysander/repos/bannou/bannou-service/Generated/Models/AccountsModels.cs(314,22): warning CS1591: Missing XML comment for publicly visible type or member 'UpdateAccountRequest' [/home/lysander/repos/bannou/bannou-service/bannou-service.csproj]
/home/lysander/repos/bannou/bannou-service/Generated/Models/AccountsModels.cs(327,20): warning CS1591: Missing XML comment for publicly visible type or member 'UpdateAccountRequest.DisplayName' [/home/lysander/repos/bannou/bannou-service/bannou-service.csproj]
/home/lysander/repos/bannou/bannou-service/Generated/Models/AccountsModels.cs(330,59): warning CS1591: Missing XML comment for publicly visible type or member 'UpdateAccountRequest.Roles' [/home/lysander/repos/bannou/bannou-service/bannou-service.csproj]
/home/lysander/repos/bannou/bannou-service/Generated/Models/AccountsModels.cs(333,20): warning CS1591: Missing XML comment for publicly visible type or member 'UpdateAccountRequest.Metadata' [/home/lysander/repos/bannou/bannou-service/bannou-service.csproj]
/home/lysander/repos/bannou/bannou-service/Generated/Models/AccountsModels.cs(338,68): warning CS1591: Missing XML comment for publicly visible type or member 'UpdateAccountRequest.AdditionalProperties' [/home/lysander/repos/bannou/bannou-service/bannou-service.csproj]
/home/lysander/repos/bannou/bannou-service/Generated/Models/AccountsModels.cs(347,22): warning CS1591: Missing XML comment for publicly visible type or member 'UpdateProfileRequest' [/home/lysander/repos/bannou/bannou-service/bannou-service.csproj]
/home/lysander/repos/bannou/bannou-service/Generated/Models/AccountsModels.cs(360,20): warning CS1591: Missing XML comment for publicly visible type or member 'UpdateProfileRequest.DisplayName' [/home/lysander/repos/bannou/bannou-service/bannou-service.csproj]
/home/lysander/repos/bannou/bannou-service/Generated/Models/AccountsModels.cs(363,20): warning CS1591: Missing XML comment for publicly visible type or member 'UpdateProfileRequest.Metadata' [/home/lysander/repos/bannou/bannou-service/bannou-service.csproj]
/home/lysander/repos/bannou/bannou-service/Generated/Models/AccountsModels.cs(368,68): warning CS1591: Missing XML comment for publicly visible type or member 'UpdateProfileRequest.AdditionalProperties' [/home/lysander/repos/bannou/bannou-service/bannou-service.csproj]
/home/lysander/repos/bannou/bannou-service/Generated/Models/AccountsModels.cs(377,22): warning CS1591: Missing XML comment for publicly visible type or member 'UpdatePasswordRequest' [/home/lysander/repos/bannou/bannou-service/bannou-service.csproj]
/home/lysander/repos/bannou/bannou-service/Generated/Models/AccountsModels.cs(399,68): warning CS1591: Missing XML comment for publicly visible type or member 'UpdatePasswordRequest.AdditionalProperties' [/home/lysander/repos/bannou/bannou-service/bannou-service.csproj]
/home/lysander/repos/bannou/bannou-service/Generated/Models/AccountsModels.cs(408,22): warning CS1591: Missing XML comment for publicly visible type or member 'UpdateVerificationRequest' [/home/lysander/repos/bannou/bannou-service/bannou-service.csproj]
/home/lysander/repos/bannou/bannou-service/Generated/Models/AccountsModels.cs(420,17): warning CS1591: Missing XML comment for publicly visible type or member 'UpdateVerificationRequest.EmailVerified' [/home/lysander/repos/bannou/bannou-service/bannou-service.csproj]
/home/lysander/repos/bannou/bannou-service/Generated/Models/AccountsModels.cs(425,68): warning CS1591: Missing XML comment for publicly visible type or member 'UpdateVerificationRequest.AdditionalProperties' [/home/lysander/repos/bannou/bannou-service/bannou-service.csproj]
/home/lysander/repos/bannou/bannou-service/Generated/Models/AccountsModels.cs(434,22): warning CS1591: Missing XML comment for publicly visible type or member 'AddAuthMethodRequest' [/home/lysander/repos/bannou/bannou-service/bannou-service.csproj]
/home/lysander/repos/bannou/bannou-service/Generated/Models/AccountsModels.cs(449,26): warning CS1591: Missing XML comment for publicly visible type or member 'AddAuthMethodRequest.Provider' [/home/lysander/repos/bannou/bannou-service/bannou-service.csproj]
/home/lysander/repos/bannou/bannou-service/Generated/Models/AccountsModels.cs(452,19): warning CS1591: Missing XML comment for publicly visible type or member 'AddAuthMethodRequest.ExternalId' [/home/lysander/repos/bannou/bannou-service/bannou-service.csproj]
/home/lysander/repos/bannou/bannou-service/Generated/Models/AccountsModels.cs(455,20): warning CS1591: Missing XML comment for publicly visible type or member 'AddAuthMethodRequest.DisplayName' [/home/lysander/repos/bannou/bannou-service/bannou-service.csproj]
/home/lysander/repos/bannou/bannou-service/Generated/Models/AccountsModels.cs(460,68): warning CS1591: Missing XML comment for publicly visible type or member 'AddAuthMethodRequest.AdditionalProperties' [/home/lysander/repos/bannou/bannou-service/bannou-service.csproj]
/home/lysander/repos/bannou/bannou-service/Generated/Models/AccountsModels.cs(469,22): warning CS1591: Missing XML comment for publicly visible type or member 'AccountResponse' [/home/lysander/repos/bannou/bannou-service/bannou-service.csproj]
/home/lysander/repos/bannou/bannou-service/Generated/Models/AccountsModels.cs(475,24): warning CS1591: Missing XML comment for publicly visible type or member 'AccountResponse.AccountId' [/home/lysander/repos/bannou/bannou-service/bannou-service.csproj]
/home/lysander/repos/bannou/bannou-service/Generated/Models/AccountsModels.cs(480,19): warning CS1591: Missing XML comment for publicly visible type or member 'AccountResponse.Email' [/home/lysander/repos/bannou/bannou-service/bannou-service.csproj]
/home/lysander/repos/bannou/bannou-service/Generated/Models/AccountsModels.cs(483,20): warning CS1591: Missing XML comment for publicly visible type or member 'AccountResponse.DisplayName' [/home/lysander/repos/bannou/bannou-service/bannou-service.csproj]
/home/lysander/repos/bannou/bannou-service/Generated/Models/AccountsModels.cs(494,34): warning CS1591: Missing XML comment for publicly visible type or member 'AccountResponse.CreatedAt' [/home/lysander/repos/bannou/bannou-service/bannou-service.csproj]
/home/lysander/repos/bannou/bannou-service/Generated/Models/AccountsModels.cs(497,35): warning CS1591: Missing XML comment for publicly visible type or member 'AccountResponse.UpdatedAt' [/home/lysander/repos/bannou/bannou-service/bannou-service.csproj]
/home/lysander/repos/bannou/bannou-service/Generated/Models/AccountsModels.cs(500,17): warning CS1591: Missing XML comment for publicly visible type or member 'AccountResponse.EmailVerified' [/home/lysander/repos/bannou/bannou-service/bannou-service.csproj]
/home/lysander/repos/bannou/bannou-service/Generated/Models/AccountsModels.cs(505,59): warning CS1591: Missing XML comment for publicly visible type or member 'AccountResponse.Roles' [/home/lysander/repos/bannou/bannou-service/bannou-service.csproj]
/home/lysander/repos/bannou/bannou-service/Generated/Models/AccountsModels.cs(508,67): warning CS1591: Missing XML comment for publicly visible type or member 'AccountResponse.AuthMethods' [/home/lysander/repos/bannou/bannou-service/bannou-service.csproj]
/home/lysander/repos/bannou/bannou-service/Generated/Models/AccountsModels.cs(511,20): warning CS1591: Missing XML comment for publicly visible type or member 'AccountResponse.Metadata' [/home/lysander/repos/bannou/bannou-service/bannou-service.csproj]
/home/lysander/repos/bannou/bannou-service/Generated/Models/AccountsModels.cs(516,68): warning CS1591: Missing XML comment for publicly visible type or member 'AccountResponse.AdditionalProperties' [/home/lysander/repos/bannou/bannou-service/bannou-service.csproj]
/home/lysander/repos/bannou/bannou-service/Generated/Models/AccountsModels.cs(525,22): warning CS1591: Missing XML comment for publicly visible type or member 'AuthMethodInfo' [/home/lysander/repos/bannou/bannou-service/bannou-service.csproj]
/home/lysander/repos/bannou/bannou-service/Generated/Models/AccountsModels.cs(529,24): warning CS1591: Missing XML comment for publicly visible type or member 'AuthMethodInfo.MethodId' [/home/lysander/repos/bannou/bannou-service/bannou-service.csproj]
/home/lysander/repos/bannou/bannou-service/Generated/Models/AccountsModels.cs(535,25): warning CS1591: Missing XML comment for publicly visible type or member 'AuthMethodInfo.Provider' [/home/lysander/repos/bannou/bannou-service/bannou-service.csproj]
/home/lysander/repos/bannou/bannou-service/Generated/Models/AccountsModels.cs(538,20): warning CS1591: Missing XML comment for publicly visible type or member 'AuthMethodInfo.ExternalId' [/home/lysander/repos/bannou/bannou-service/bannou-service.csproj]
/home/lysander/repos/bannou/bannou-service/Generated/Models/AccountsModels.cs(541,20): warning CS1591: Missing XML comment for publicly visible type or member 'AuthMethodInfo.DisplayName' [/home/lysander/repos/bannou/bannou-service/bannou-service.csproj]
/home/lysander/repos/bannou/bannou-service/Generated/Models/AccountsModels.cs(546,34): warning CS1591: Missing XML comment for publicly visible type or member 'AuthMethodInfo.LinkedAt' [/home/lysander/repos/bannou/bannou-service/bannou-service.csproj]
/home/lysander/repos/bannou/bannou-service/Generated/Models/AccountsModels.cs(551,68): warning CS1591: Missing XML comment for publicly visible type or member 'AuthMethodInfo.AdditionalProperties' [/home/lysander/repos/bannou/bannou-service/bannou-service.csproj]
/home/lysander/repos/bannou/bannou-service/Generated/Models/AccountsModels.cs(560,22): warning CS1591: Missing XML comment for publicly visible type or member 'AuthMethodResponse' [/home/lysander/repos/bannou/bannou-service/bannou-service.csproj]
/home/lysander/repos/bannou/bannou-service/Generated/Models/AccountsModels.cs(566,24): warning CS1591: Missing XML comment for publicly visible type or member 'AuthMethodResponse.MethodId' [/home/lysander/repos/bannou/bannou-service/bannou-service.csproj]
/home/lysander/repos/bannou/bannou-service/Generated/Models/AccountsModels.cs(572,26): warning CS1591: Missing XML comment for publicly visible type or member 'AuthMethodResponse.Provider' [/home/lysander/repos/bannou/bannou-service/bannou-service.csproj]
/home/lysander/repos/bannou/bannou-service/Generated/Models/AccountsModels.cs(575,19): warning CS1591: Missing XML comment for publicly visible type or member 'AuthMethodResponse.ExternalId' [/home/lysander/repos/bannou/bannou-service/bannou-service.csproj]
/home/lysander/repos/bannou/bannou-service/Generated/Models/AccountsModels.cs(578,20): warning CS1591: Missing XML comment for publicly visible type or member 'AuthMethodResponse.DisplayName' [/home/lysander/repos/bannou/bannou-service/bannou-service.csproj]
/home/lysander/repos/bannou/bannou-service/Generated/Models/AccountsModels.cs(583,34): warning CS1591: Missing XML comment for publicly visible type or member 'AuthMethodResponse.LinkedAt' [/home/lysander/repos/bannou/bannou-service/bannou-service.csproj]
/home/lysander/repos/bannou/bannou-service/Generated/Models/AccountsModels.cs(588,68): warning CS1591: Missing XML comment for publicly visible type or member 'AuthMethodResponse.AdditionalProperties' [/home/lysander/repos/bannou/bannou-service/bannou-service.csproj]
/home/lysander/repos/bannou/bannou-service/Generated/Models/AccountsModels.cs(597,22): warning CS1591: Missing XML comment for publicly visible type or member 'AuthMethodsResponse' [/home/lysander/repos/bannou/bannou-service/bannou-service.csproj]
/home/lysander/repos/bannou/bannou-service/Generated/Models/AccountsModels.cs(603,67): warning CS1591: Missing XML comment for publicly visible type or member 'AuthMethodsResponse.AuthMethods' [/home/lysander/repos/bannou/bannou-service/bannou-service.csproj]
/home/lysander/repos/bannou/bannou-service/Generated/Models/AccountsModels.cs(608,68): warning CS1591: Missing XML comment for publicly visible type or member 'AuthMethodsResponse.AdditionalProperties' [/home/lysander/repos/bannou/bannou-service/bannou-service.csproj]
/home/lysander/repos/bannou/bannou-service/Generated/Models/AccountsModels.cs(617,22): warning CS1591: Missing XML comment for publicly visible type or member 'AccountListResponse' [/home/lysander/repos/bannou/bannou-service/bannou-service.csproj]
/home/lysander/repos/bannou/bannou-service/Generated/Models/AccountsModels.cs(623,68): warning CS1591: Missing XML comment for publicly visible type or member 'AccountListResponse.Accounts' [/home/lysander/repos/bannou/bannou-service/bannou-service.csproj]
/home/lysander/repos/bannou/bannou-service/Generated/Models/AccountsModels.cs(626,16): warning CS1591: Missing XML comment for publicly visible type or member 'AccountListResponse.TotalCount' [/home/lysander/repos/bannou/bannou-service/bannou-service.csproj]
/home/lysander/repos/bannou/bannou-service/Generated/Models/AccountsModels.cs(629,16): warning CS1591: Missing XML comment for publicly visible type or member 'AccountListResponse.Page' [/home/lysander/repos/bannou/bannou-service/bannou-service.csproj]
/home/lysander/repos/bannou/bannou-service/Generated/Models/AccountsModels.cs(632,16): warning CS1591: Missing XML comment for publicly visible type or member 'AccountListResponse.PageSize' [/home/lysander/repos/bannou/bannou-service/bannou-service.csproj]
/home/lysander/repos/bannou/bannou-service/Generated/Models/AccountsModels.cs(635,17): warning CS1591: Missing XML comment for publicly visible type or member 'AccountListResponse.HasNextPage' [/home/lysander/repos/bannou/bannou-service/bannou-service.csproj]
/home/lysander/repos/bannou/bannou-service/Generated/Models/AccountsModels.cs(638,17): warning CS1591: Missing XML comment for publicly visible type or member 'AccountListResponse.HasPreviousPage' [/home/lysander/repos/bannou/bannou-service/bannou-service.csproj]
/home/lysander/repos/bannou/bannou-service/Generated/Models/AccountsModels.cs(643,68): warning CS1591: Missing XML comment for publicly visible type or member 'AccountListResponse.AdditionalProperties' [/home/lysander/repos/bannou/bannou-service/bannou-service.csproj]
/home/lysander/repos/bannou/bannou-service/Generated/Clients/AssetClient.cs(19,26): warning CS1591: Missing XML comment for publicly visible type or member 'IAssetClient' [/home/lysander/repos/bannou/bannou-service/bannou-service.csproj]
/home/lysander/repos/bannou/bannou-service/Generated/Clients/AssetClient.cs(32,82): warning CS1573: Parameter 'body' has no matching param tag in the XML comment for 'IAssetClient.RequestUploadAsync(UploadRequest, CancellationToken)' (but other parameters do) [/home/lysander/repos/bannou/bannou-service/bannou-service.csproj]
/home/lysander/repos/bannou/bannou-service/Generated/Clients/AssetClient.cs(45,90): warning CS1573: Parameter 'body' has no matching param tag in the XML comment for 'IAssetClient.CompleteUploadAsync(CompleteUploadRequest, CancellationToken)' (but other parameters do) [/home/lysander/repos/bannou/bannou-service/bannou-service.csproj]
/home/lysander/repos/bannou/bannou-service/Generated/Clients/AssetClient.cs(57,85): warning CS1573: Parameter 'body' has no matching param tag in the XML comment for 'IAssetClient.GetAssetAsync(GetAssetRequest, CancellationToken)' (but other parameters do) [/home/lysander/repos/bannou/bannou-service/bannou-service.csproj]
/home/lysander/repos/bannou/bannou-service/Generated/Clients/AssetClient.cs(69,94): warning CS1573: Parameter 'body' has no matching param tag in the XML comment for 'IAssetClient.ListAssetVersionsAsync(ListVersionsRequest, CancellationToken)' (but other parameters do) [/home/lysander/repos/bannou/bannou-service/bannou-service.csproj]
/home/lysander/repos/bannou/bannou-service/Generated/Clients/AssetClient.cs(81,89): warning CS1573: Parameter 'body' has no matching param tag in the XML comment for 'IAssetClient.SearchAssetsAsync(AssetSearchRequest, CancellationToken)' (but other parameters do) [/home/lysander/repos/bannou/bannou-service/bannou-service.csproj]
/home/lysander/repos/bannou/bannou-service/Generated/Clients/AssetClient.cs(94,93): warning CS1573: Parameter 'body' has no matching param tag in the XML comment for 'IAssetClient.CreateBundleAsync(CreateBundleRequest, CancellationToken)' (but other parameters do) [/home/lysander/repos/bannou/bannou-service/bannou-service.csproj]
/home/lysander/repos/bannou/bannou-service/Generated/Clients/AssetClient.cs(106,88): warning CS1573: Parameter 'body' has no matching param tag in the XML comment for 'IAssetClient.GetBundleAsync(GetBundleRequest, CancellationToken)' (but other parameters do) [/home/lysander/repos/bannou/bannou-service/bannou-service.csproj]
/home/lysander/repos/bannou/bannou-service/Generated/Clients/AssetClient.cs(118,94): warning CS1573: Parameter 'body' has no matching param tag in the XML comment for 'IAssetClient.RequestBundleUploadAsync(BundleUploadRequest, CancellationToken)' (but other parameters do) [/home/lysander/repos/bannou/bannou-service/bannou-service.csproj]
/home/lysander/repos/bannou/bannou-service/Generated/Clients/AssetClient.cs(122,22): warning CS1591: Missing XML comment for publicly visible type or member 'AssetClient' [/home/lysander/repos/bannou/bannou-service/bannou-service.csproj]
/home/lysander/repos/bannou/bannou-service/Generated/Clients/AssetClient.cs(142,12): warning CS1591: Missing XML comment for publicly visible type or member 'AssetClient.AssetClient(IMeshInvocationClient, IServiceAppMappingResolver, ILogger<AssetClient>?)' [/home/lysander/repos/bannou/bannou-service/bannou-service.csproj]
/home/lysander/repos/bannou/bannou-service/Generated/Clients/AssetClient.cs(150,54): warning CS1591: Missing XML comment for publicly visible type or member 'AssetClient.JsonSerializerSettings' [/home/lysander/repos/bannou/bannou-service/bannou-service.csproj]
/home/lysander/repos/bannou/bannou-service/Generated/Clients/AssetClient.cs(254,103): warning CS1573: Parameter 'body' has no matching param tag in the XML comment for 'AssetClient.RequestUploadAsync(UploadRequest, CancellationToken)' (but other parameters do) [/home/lysander/repos/bannou/bannou-service/bannou-service.csproj]
/home/lysander/repos/bannou/bannou-service/Generated/Clients/AssetClient.cs(356,111): warning CS1573: Parameter 'body' has no matching param tag in the XML comment for 'AssetClient.CompleteUploadAsync(CompleteUploadRequest, CancellationToken)' (but other parameters do) [/home/lysander/repos/bannou/bannou-service/bannou-service.csproj]
/home/lysander/repos/bannou/bannou-service/Generated/Clients/AssetClient.cs(451,106): warning CS1573: Parameter 'body' has no matching param tag in the XML comment for 'AssetClient.GetAssetAsync(GetAssetRequest, CancellationToken)' (but other parameters do) [/home/lysander/repos/bannou/bannou-service/bannou-service.csproj]
/home/lysander/repos/bannou/bannou-service/Generated/Clients/AssetClient.cs(540,115): warning CS1573: Parameter 'body' has no matching param tag in the XML comment for 'AssetClient.ListAssetVersionsAsync(ListVersionsRequest, CancellationToken)' (but other parameters do) [/home/lysander/repos/bannou/bannou-service/bannou-service.csproj]
/home/lysander/repos/bannou/bannou-service/Generated/Clients/AssetClient.cs(629,110): warning CS1573: Parameter 'body' has no matching param tag in the XML comment for 'AssetClient.SearchAssetsAsync(AssetSearchRequest, CancellationToken)' (but other parameters do) [/home/lysander/repos/bannou/bannou-service/bannou-service.csproj]
/home/lysander/repos/bannou/bannou-service/Generated/Clients/AssetClient.cs(713,114): warning CS1573: Parameter 'body' has no matching param tag in the XML comment for 'AssetClient.CreateBundleAsync(CreateBundleRequest, CancellationToken)' (but other parameters do) [/home/lysander/repos/bannou/bannou-service/bannou-service.csproj]
/home/lysander/repos/bannou/bannou-service/Generated/Clients/AssetClient.cs(802,109): warning CS1573: Parameter 'body' has no matching param tag in the XML comment for 'AssetClient.GetBundleAsync(GetBundleRequest, CancellationToken)' (but other parameters do) [/home/lysander/repos/bannou/bannou-service/bannou-service.csproj]
/home/lysander/repos/bannou/bannou-service/Generated/Clients/AssetClient.cs(891,115): warning CS1573: Parameter 'body' has no matching param tag in the XML comment for 'AssetClient.RequestBundleUploadAsync(BundleUploadRequest, CancellationToken)' (but other parameters do) [/home/lysander/repos/bannou/bannou-service/bannou-service.csproj]
/home/lysander/repos/bannou/bannou-service/Generated/Clients/AssetClient.cs(970,22): warning CS1591: Missing XML comment for publicly visible type or member 'AssetClient.ObjectResponseResult<T>' [/home/lysander/repos/bannou/bannou-service/bannou-service.csproj]
/home/lysander/repos/bannou/bannou-service/Generated/Clients/AssetClient.cs(972,16): warning CS1591: Missing XML comment for publicly visible type or member 'AssetClient.ObjectResponseResult<T>.ObjectResponseResult(T, string)' [/home/lysander/repos/bannou/bannou-service/bannou-service.csproj]
/home/lysander/repos/bannou/bannou-service/Generated/Clients/AssetClient.cs(978,18): warning CS1591: Missing XML comment for publicly visible type or member 'AssetClient.ObjectResponseResult<T>.Object' [/home/lysander/repos/bannou/bannou-service/bannou-service.csproj]
/home/lysander/repos/bannou/bannou-service/Generated/Clients/AssetClient.cs(980,23): warning CS1591: Missing XML comment for publicly visible type or member 'AssetClient.ObjectResponseResult<T>.Text' [/home/lysander/repos/bannou/bannou-service/bannou-service.csproj]
/home/lysander/repos/bannou/bannou-service/Generated/Clients/AssetClient.cs(1003,17): warning CS1591: Missing XML comment for publicly visible type or member 'AssetClient.ReadResponseAsString' [/home/lysander/repos/bannou/bannou-service/bannou-service.csproj]
/home/lysander/repos/bannou/bannou-service/Generated/Clients/AssetClient.cs(1005,86): warning CS1591: Missing XML comment for publicly visible type or member 'AssetClient.ReadObjectResponseAsync<T>(HttpResponseMessage, IReadOnlyDictionary<string, IEnumerable<string>>, CancellationToken)' [/home/lysander/repos/bannou/bannou-service/bannou-service.csproj]
/home/lysander/repos/bannou/bannou-service/Generated/Models/AssetModels.cs(25,5): warning CS1591: Missing XML comment for publicly visible type or member 'AssetType.Texture' [/home/lysander/repos/bannou/bannou-service/bannou-service.csproj]
/home/lysander/repos/bannou/bannou-service/Generated/Models/AssetModels.cs(28,5): warning CS1591: Missing XML comment for publicly visible type or member 'AssetType.Model' [/home/lysander/repos/bannou/bannou-service/bannou-service.csproj]
/home/lysander/repos/bannou/bannou-service/Generated/Models/AssetModels.cs(31,5): warning CS1591: Missing XML comment for publicly visible type or member 'AssetType.Audio' [/home/lysander/repos/bannou/bannou-service/bannou-service.csproj]
/home/lysander/repos/bannou/bannou-service/Generated/Models/AssetModels.cs(34,5): warning CS1591: Missing XML comment for publicly visible type or member 'AssetType.Behavior' [/home/lysander/repos/bannou/bannou-service/bannou-service.csproj]
/home/lysander/repos/bannou/bannou-service/Generated/Models/AssetModels.cs(37,5): warning CS1591: Missing XML comment for publicly visible type or member 'AssetType.Bundle' [/home/lysander/repos/bannou/bannou-service/bannou-service.csproj]
/home/lysander/repos/bannou/bannou-service/Generated/Models/AssetModels.cs(40,5): warning CS1591: Missing XML comment for publicly visible type or member 'AssetType.Prefab' [/home/lysander/repos/bannou/bannou-service/bannou-service.csproj]
/home/lysander/repos/bannou/bannou-service/Generated/Models/AssetModels.cs(43,5): warning CS1591: Missing XML comment for publicly visible type or member 'AssetType.Other' [/home/lysander/repos/bannou/bannou-service/bannou-service.csproj]
/home/lysander/repos/bannou/bannou-service/Generated/Models/AssetModels.cs(55,5): warning CS1591: Missing XML comment for publicly visible type or member 'Realm.Omega' [/home/lysander/repos/bannou/bannou-service/bannou-service.csproj]
/home/lysander/repos/bannou/bannou-service/Generated/Models/AssetModels.cs(58,5): warning CS1591: Missing XML comment for publicly visible type or member 'Realm.Arcadia' [/home/lysander/repos/bannou/bannou-service/bannou-service.csproj]
/home/lysander/repos/bannou/bannou-service/Generated/Models/AssetModels.cs(61,5): warning CS1591: Missing XML comment for publicly visible type or member 'Realm.Fantasia' [/home/lysander/repos/bannou/bannou-service/bannou-service.csproj]
/home/lysander/repos/bannou/bannou-service/Generated/Models/AssetModels.cs(64,5): warning CS1591: Missing XML comment for publicly visible type or member 'Realm.Shared' [/home/lysander/repos/bannou/bannou-service/bannou-service.csproj]
/home/lysander/repos/bannou/bannou-service/Generated/Models/AssetModels.cs(76,5): warning CS1591: Missing XML comment for publicly visible type or member 'ProcessingStatus.Pending' [/home/lysander/repos/bannou/bannou-service/bannou-service.csproj]
/home/lysander/repos/bannou/bannou-service/Generated/Models/AssetModels.cs(79,5): warning CS1591: Missing XML comment for publicly visible type or member 'ProcessingStatus.Processing' [/home/lysander/repos/bannou/bannou-service/bannou-service.csproj]
/home/lysander/repos/bannou/bannou-service/Generated/Models/AssetModels.cs(82,5): warning CS1591: Missing XML comment for publicly visible type or member 'ProcessingStatus.Complete' [/home/lysander/repos/bannou/bannou-service/bannou-service.csproj]
/home/lysander/repos/bannou/bannou-service/Generated/Models/AssetModels.cs(85,5): warning CS1591: Missing XML comment for publicly visible type or member 'ProcessingStatus.Failed' [/home/lysander/repos/bannou/bannou-service/bannou-service.csproj]
/home/lysander/repos/bannou/bannou-service/Generated/Models/AssetModels.cs(97,5): warning CS1591: Missing XML comment for publicly visible type or member 'CompressionType.Lz4' [/home/lysander/repos/bannou/bannou-service/bannou-service.csproj]
/home/lysander/repos/bannou/bannou-service/Generated/Models/AssetModels.cs(100,5): warning CS1591: Missing XML comment for publicly visible type or member 'CompressionType.Lzma' [/home/lysander/repos/bannou/bannou-service/bannou-service.csproj]
/home/lysander/repos/bannou/bannou-service/Generated/Models/AssetModels.cs(103,5): warning CS1591: Missing XML comment for publicly visible type or member 'CompressionType.None' [/home/lysander/repos/bannou/bannou-service/bannou-service.csproj]
/home/lysander/repos/bannou/bannou-service/Generated/Models/AssetModels.cs(115,5): warning CS1591: Missing XML comment for publicly visible type or member 'BundleFormat.Bannou' [/home/lysander/repos/bannou/bannou-service/bannou-service.csproj]
/home/lysander/repos/bannou/bannou-service/Generated/Models/AssetModels.cs(118,5): warning CS1591: Missing XML comment for publicly visible type or member 'BundleFormat.Zip' [/home/lysander/repos/bannou/bannou-service/bannou-service.csproj]
/home/lysander/repos/bannou/bannou-service/Generated/Models/AssetModels.cs(123,22): warning CS1591: Missing XML comment for publicly visible type or member 'UploadRequest' [/home/lysander/repos/bannou/bannou-service/bannou-service.csproj]
/home/lysander/repos/bannou/bannou-service/Generated/Models/AssetModels.cs(149,31): warning CS1591: Missing XML comment for publicly visible type or member 'UploadRequest.Metadata' [/home/lysander/repos/bannou/bannou-service/bannou-service.csproj]
/home/lysander/repos/bannou/bannou-service/Generated/Models/AssetModels.cs(154,68): warning CS1591: Missing XML comment for publicly visible type or member 'UploadRequest.AdditionalProperties' [/home/lysander/repos/bannou/bannou-service/bannou-service.csproj]
/home/lysander/repos/bannou/bannou-service/Generated/Models/AssetModels.cs(163,22): warning CS1591: Missing XML comment for publicly visible type or member 'UploadResponse' [/home/lysander/repos/bannou/bannou-service/bannou-service.csproj]
/home/lysander/repos/bannou/bannou-service/Generated/Models/AssetModels.cs(191,28): warning CS1591: Missing XML comment for publicly visible type or member 'UploadResponse.Multipart' [/home/lysander/repos/bannou/bannou-service/bannou-service.csproj]
/home/lysander/repos/bannou/bannou-service/Generated/Models/AssetModels.cs(196,68): warning CS1591: Missing XML comment for publicly visible type or member 'UploadResponse.AdditionalProperties' [/home/lysander/repos/bannou/bannou-service/bannou-service.csproj]
/home/lysander/repos/bannou/bannou-service/Generated/Models/AssetModels.cs(205,22): warning CS1591: Missing XML comment for publicly visible type or member 'CompleteUploadRequest' [/home/lysander/repos/bannou/bannou-service/bannou-service.csproj]
/home/lysander/repos/bannou/bannou-service/Generated/Models/AssetModels.cs(225,68): warning CS1591: Missing XML comment for publicly visible type or member 'CompleteUploadRequest.AdditionalProperties' [/home/lysander/repos/bannou/bannou-service/bannou-service.csproj]
/home/lysander/repos/bannou/bannou-service/Generated/Models/AssetModels.cs(234,22): warning CS1591: Missing XML comment for publicly visible type or member 'CompletedPart' [/home/lysander/repos/bannou/bannou-service/bannou-service.csproj]
/home/lysander/repos/bannou/bannou-service/Generated/Models/AssetModels.cs(254,68): warning CS1591: Missing XML comment for publicly visible type or member 'CompletedPart.AdditionalProperties' [/home/lysander/repos/bannou/bannou-service/bannou-service.csproj]
/home/lysander/repos/bannou/bannou-service/Generated/Models/AssetModels.cs(263,22): warning CS1591: Missing XML comment for publicly visible type or member 'MultipartConfig' [/home/lysander/repos/bannou/bannou-service/bannou-service.csproj]
/home/lysander/repos/bannou/bannou-service/Generated/Models/AssetModels.cs(285,67): warning CS1591: Missing XML comment for publicly visible type or member 'MultipartConfig.UploadUrls' [/home/lysander/repos/bannou/bannou-service/bannou-service.csproj]
/home/lysander/repos/bannou/bannou-service/Generated/Models/AssetModels.cs(290,68): warning CS1591: Missing XML comment for publicly visible type or member 'MultipartConfig.AdditionalProperties' [/home/lysander/repos/bannou/bannou-service/bannou-service.csproj]
/home/lysander/repos/bannou/bannou-service/Generated/Models/AssetModels.cs(299,22): warning CS1591: Missing XML comment for publicly visible type or member 'PartUploadInfo' [/home/lysander/repos/bannou/bannou-service/bannou-service.csproj]
/home/lysander/repos/bannou/bannou-service/Generated/Models/AssetModels.cs(331,68): warning CS1591: Missing XML comment for publicly visible type or member 'PartUploadInfo.AdditionalProperties' [/home/lysander/repos/bannou/bannou-service/bannou-service.csproj]
/home/lysander/repos/bannou/bannou-service/Generated/Models/AssetModels.cs(348,22): warning CS1591: Missing XML comment for publicly visible type or member 'AssetMetadataInput.AssetType' [/home/lysander/repos/bannou/bannou-service/bannou-service.csproj]
/home/lysander/repos/bannou/bannou-service/Generated/Models/AssetModels.cs(352,18): warning CS1591: Missing XML comment for publicly visible type or member 'AssetMetadataInput.Realm' [/home/lysander/repos/bannou/bannou-service/bannou-service.csproj]
/home/lysander/repos/bannou/bannou-service/Generated/Models/AssetModels.cs(363,68): warning CS1591: Missing XML comment for publicly visible type or member 'AssetMetadataInput.AdditionalProperties' [/home/lysander/repos/bannou/bannou-service/bannou-service.csproj]
/home/lysander/repos/bannou/bannou-service/Generated/Models/AssetModels.cs(410,22): warning CS1591: Missing XML comment for publicly visible type or member 'AssetMetadata.AssetType' [/home/lysander/repos/bannou/bannou-service/bannou-service.csproj]
/home/lysander/repos/bannou/bannou-service/Generated/Models/AssetModels.cs(414,18): warning CS1591: Missing XML comment for publicly visible type or member 'AssetMetadata.Realm' [/home/lysander/repos/bannou/bannou-service/bannou-service.csproj]
/home/lysander/repos/bannou/bannou-service/Generated/Models/AssetModels.cs(417,59): warning CS1591: Missing XML comment for publicly visible type or member 'AssetMetadata.Tags' [/home/lysander/repos/bannou/bannou-service/bannou-service.csproj]
/home/lysander/repos/bannou/bannou-service/Generated/Models/AssetModels.cs(421,29): warning CS1591: Missing XML comment for publicly visible type or member 'AssetMetadata.ProcessingStatus' [/home/lysander/repos/bannou/bannou-service/bannou-service.csproj]
/home/lysander/repos/bannou/bannou-service/Generated/Models/AssetModels.cs(430,34): warning CS1591: Missing XML comment for publicly visible type or member 'AssetMetadata.CreatedAt' [/home/lysander/repos/bannou/bannou-service/bannou-service.csproj]
/home/lysander/repos/bannou/bannou-service/Generated/Models/AssetModels.cs(433,34): warning CS1591: Missing XML comment for publicly visible type or member 'AssetMetadata.UpdatedAt' [/home/lysander/repos/bannou/bannou-service/bannou-service.csproj]
/home/lysander/repos/bannou/bannou-service/Generated/Models/AssetModels.cs(438,68): warning CS1591: Missing XML comment for publicly visible type or member 'AssetMetadata.AdditionalProperties' [/home/lysander/repos/bannou/bannou-service/bannou-service.csproj]
/home/lysander/repos/bannou/bannou-service/Generated/Models/AssetModels.cs(447,22): warning CS1591: Missing XML comment for publicly visible type or member 'GetAssetRequest' [/home/lysander/repos/bannou/bannou-service/bannou-service.csproj]
/home/lysander/repos/bannou/bannou-service/Generated/Models/AssetModels.cs(467,68): warning CS1591: Missing XML comment for publicly visible type or member 'GetAssetRequest.AdditionalProperties' [/home/lysander/repos/bannou/bannou-service/bannou-service.csproj]
/home/lysander/repos/bannou/bannou-service/Generated/Models/AssetModels.cs(476,22): warning CS1591: Missing XML comment for publicly visible type or member 'AssetWithDownloadUrl' [/home/lysander/repos/bannou/bannou-service/bannou-service.csproj]
/home/lysander/repos/bannou/bannou-service/Generated/Models/AssetModels.cs(480,19): warning CS1591: Missing XML comment for publicly visible type or member 'AssetWithDownloadUrl.AssetId' [/home/lysander/repos/bannou/bannou-service/bannou-service.csproj]
/home/lysander/repos/bannou/bannou-service/Generated/Models/AssetModels.cs(483,19): warning CS1591: Missing XML comment for publicly visible type or member 'AssetWithDownloadUrl.VersionId' [/home/lysander/repos/bannou/bannou-service/bannou-service.csproj]
/home/lysander/repos/bannou/bannou-service/Generated/Models/AssetModels.cs(498,17): warning CS1591: Missing XML comment for publicly visible type or member 'AssetWithDownloadUrl.Size' [/home/lysander/repos/bannou/bannou-service/bannou-service.csproj]
/home/lysander/repos/bannou/bannou-service/Generated/Models/AssetModels.cs(501,19): warning CS1591: Missing XML comment for publicly visible type or member 'AssetWithDownloadUrl.ContentHash' [/home/lysander/repos/bannou/bannou-service/bannou-service.csproj]
/home/lysander/repos/bannou/bannou-service/Generated/Models/AssetModels.cs(504,19): warning CS1591: Missing XML comment for publicly visible type or member 'AssetWithDownloadUrl.ContentType' [/home/lysander/repos/bannou/bannou-service/bannou-service.csproj]
/home/lysander/repos/bannou/bannou-service/Generated/Models/AssetModels.cs(507,26): warning CS1591: Missing XML comment for publicly visible type or member 'AssetWithDownloadUrl.Metadata' [/home/lysander/repos/bannou/bannou-service/bannou-service.csproj]
/home/lysander/repos/bannou/bannou-service/Generated/Models/AssetModels.cs(512,68): warning CS1591: Missing XML comment for publicly visible type or member 'AssetWithDownloadUrl.AdditionalProperties' [/home/lysander/repos/bannou/bannou-service/bannou-service.csproj]
/home/lysander/repos/bannou/bannou-service/Generated/Models/AssetModels.cs(521,22): warning CS1591: Missing XML comment for publicly visible type or member 'ListVersionsRequest' [/home/lysander/repos/bannou/bannou-service/bannou-service.csproj]
/home/lysander/repos/bannou/bannou-service/Generated/Models/AssetModels.cs(527,19): warning CS1591: Missing XML comment for publicly visible type or member 'ListVersionsRequest.AssetId' [/home/lysander/repos/bannou/bannou-service/bannou-service.csproj]
/home/lysander/repos/bannou/bannou-service/Generated/Models/AssetModels.cs(530,16): warning CS1591: Missing XML comment for publicly visible type or member 'ListVersionsRequest.Limit' [/home/lysander/repos/bannou/bannou-service/bannou-service.csproj]
/home/lysander/repos/bannou/bannou-service/Generated/Models/AssetModels.cs(533,16): warning CS1591: Missing XML comment for publicly visible type or member 'ListVersionsRequest.Offset' [/home/lysander/repos/bannou/bannou-service/bannou-service.csproj]
/home/lysander/repos/bannou/bannou-service/Generated/Models/AssetModels.cs(538,68): warning CS1591: Missing XML comment for publicly visible type or member 'ListVersionsRequest.AdditionalProperties' [/home/lysander/repos/bannou/bannou-service/bannou-service.csproj]
/home/lysander/repos/bannou/bannou-service/Generated/Models/AssetModels.cs(547,22): warning CS1591: Missing XML comment for publicly visible type or member 'AssetVersionList' [/home/lysander/repos/bannou/bannou-service/bannou-service.csproj]
/home/lysander/repos/bannou/bannou-service/Generated/Models/AssetModels.cs(551,19): warning CS1591: Missing XML comment for publicly visible type or member 'AssetVersionList.AssetId' [/home/lysander/repos/bannou/bannou-service/bannou-service.csproj]
/home/lysander/repos/bannou/bannou-service/Generated/Models/AssetModels.cs(554,65): warning CS1591: Missing XML comment for publicly visible type or member 'AssetVersionList.Versions' [/home/lysander/repos/bannou/bannou-service/bannou-service.csproj]
/home/lysander/repos/bannou/bannou-service/Generated/Models/AssetModels.cs(557,16): warning CS1591: Missing XML comment for publicly visible type or member 'AssetVersionList.Total' [/home/lysander/repos/bannou/bannou-service/bannou-service.csproj]
/home/lysander/repos/bannou/bannou-service/Generated/Models/AssetModels.cs(560,16): warning CS1591: Missing XML comment for publicly visible type or member 'AssetVersionList.Limit' [/home/lysander/repos/bannou/bannou-service/bannou-service.csproj]
/home/lysander/repos/bannou/bannou-service/Generated/Models/AssetModels.cs(563,16): warning CS1591: Missing XML comment for publicly visible type or member 'AssetVersionList.Offset' [/home/lysander/repos/bannou/bannou-service/bannou-service.csproj]
/home/lysander/repos/bannou/bannou-service/Generated/Models/AssetModels.cs(568,68): warning CS1591: Missing XML comment for publicly visible type or member 'AssetVersionList.AdditionalProperties' [/home/lysander/repos/bannou/bannou-service/bannou-service.csproj]
/home/lysander/repos/bannou/bannou-service/Generated/Models/AssetModels.cs(577,22): warning CS1591: Missing XML comment for publicly visible type or member 'AssetVersion' [/home/lysander/repos/bannou/bannou-service/bannou-service.csproj]
/home/lysander/repos/bannou/bannou-service/Generated/Models/AssetModels.cs(581,19): warning CS1591: Missing XML comment for publicly visible type or member 'AssetVersion.VersionId' [/home/lysander/repos/bannou/bannou-service/bannou-service.csproj]
/home/lysander/repos/bannou/bannou-service/Generated/Models/AssetModels.cs(584,34): warning CS1591: Missing XML comment for publicly visible type or member 'AssetVersion.CreatedAt' [/home/lysander/repos/bannou/bannou-service/bannou-service.csproj]
/home/lysander/repos/bannou/bannou-service/Generated/Models/AssetModels.cs(587,17): warning CS1591: Missing XML comment for publicly visible type or member 'AssetVersion.Size' [/home/lysander/repos/bannou/bannou-service/bannou-service.csproj]
/home/lysander/repos/bannou/bannou-service/Generated/Models/AssetModels.cs(598,68): warning CS1591: Missing XML comment for publicly visible type or member 'AssetVersion.AdditionalProperties' [/home/lysander/repos/bannou/bannou-service/bannou-service.csproj]
/home/lysander/repos/bannou/bannou-service/Generated/Models/AssetModels.cs(607,22): warning CS1591: Missing XML comment for publicly visible type or member 'AssetSearchRequest' [/home/lysander/repos/bannou/bannou-service/bannou-service.csproj]
/home/lysander/repos/bannou/bannou-service/Generated/Models/AssetModels.cs(611,59): warning CS1591: Missing XML comment for publicly visible type or member 'AssetSearchRequest.Tags' [/home/lysander/repos/bannou/bannou-service/bannou-service.csproj]
/home/lysander/repos/bannou/bannou-service/Generated/Models/AssetModels.cs(617,22): warning CS1591: Missing XML comment for publicly visible type or member 'AssetSearchRequest.AssetType' [/home/lysander/repos/bannou/bannou-service/bannou-service.csproj]
/home/lysander/repos/bannou/bannou-service/Generated/Models/AssetModels.cs(623,18): warning CS1591: Missing XML comment for publicly visible type or member 'AssetSearchRequest.Realm' [/home/lysander/repos/bannou/bannou-service/bannou-service.csproj]
/home/lysander/repos/bannou/bannou-service/Generated/Models/AssetModels.cs(632,16): warning CS1591: Missing XML comment for publicly visible type or member 'AssetSearchRequest.Limit' [/home/lysander/repos/bannou/bannou-service/bannou-service.csproj]
/home/lysander/repos/bannou/bannou-service/Generated/Models/AssetModels.cs(635,16): warning CS1591: Missing XML comment for publicly visible type or member 'AssetSearchRequest.Offset' [/home/lysander/repos/bannou/bannou-service/bannou-service.csproj]
/home/lysander/repos/bannou/bannou-service/Generated/Models/AssetModels.cs(640,68): warning CS1591: Missing XML comment for publicly visible type or member 'AssetSearchRequest.AdditionalProperties' [/home/lysander/repos/bannou/bannou-service/bannou-service.csproj]
/home/lysander/repos/bannou/bannou-service/Generated/Models/AssetModels.cs(649,22): warning CS1591: Missing XML comment for publicly visible type or member 'AssetSearchResult' [/home/lysander/repos/bannou/bannou-service/bannou-service.csproj]
/home/lysander/repos/bannou/bannou-service/Generated/Models/AssetModels.cs(653,66): warning CS1591: Missing XML comment for publicly visible type or member 'AssetSearchResult.Assets' [/home/lysander/repos/bannou/bannou-service/bannou-service.csproj]
/home/lysander/repos/bannou/bannou-service/Generated/Models/AssetModels.cs(656,16): warning CS1591: Missing XML comment for publicly visible type or member 'AssetSearchResult.Total' [/home/lysander/repos/bannou/bannou-service/bannou-service.csproj]
/home/lysander/repos/bannou/bannou-service/Generated/Models/AssetModels.cs(659,16): warning CS1591: Missing XML comment for publicly visible type or member 'AssetSearchResult.Limit' [/home/lysander/repos/bannou/bannou-service/bannou-service.csproj]
/home/lysander/repos/bannou/bannou-service/Generated/Models/AssetModels.cs(662,16): warning CS1591: Missing XML comment for publicly visible type or member 'AssetSearchResult.Offset' [/home/lysander/repos/bannou/bannou-service/bannou-service.csproj]
/home/lysander/repos/bannou/bannou-service/Generated/Models/AssetModels.cs(667,68): warning CS1591: Missing XML comment for publicly visible type or member 'AssetSearchResult.AdditionalProperties' [/home/lysander/repos/bannou/bannou-service/bannou-service.csproj]
/home/lysander/repos/bannou/bannou-service/Generated/Models/AssetModels.cs(676,22): warning CS1591: Missing XML comment for publicly visible type or member 'CreateBundleRequest' [/home/lysander/repos/bannou/bannou-service/bannou-service.csproj]
/home/lysander/repos/bannou/bannou-service/Generated/Models/AssetModels.cs(703,28): warning CS1591: Missing XML comment for publicly visible type or member 'CreateBundleRequest.Compression' [/home/lysander/repos/bannou/bannou-service/bannou-service.csproj]
/home/lysander/repos/bannou/bannou-service/Generated/Models/AssetModels.cs(714,68): warning CS1591: Missing XML comment for publicly visible type or member 'CreateBundleRequest.AdditionalProperties' [/home/lysander/repos/bannou/bannou-service/bannou-service.csproj]
/home/lysander/repos/bannou/bannou-service/Generated/Models/AssetModels.cs(723,22): warning CS1591: Missing XML comment for publicly visible type or member 'CreateBundleResponse' [/home/lysander/repos/bannou/bannou-service/bannou-service.csproj]
/home/lysander/repos/bannou/bannou-service/Generated/Models/AssetModels.cs(727,19): warning CS1591: Missing XML comment for publicly visible type or member 'CreateBundleResponse.BundleId' [/home/lysander/repos/bannou/bannou-service/bannou-service.csproj]
/home/lysander/repos/bannou/bannou-service/Generated/Models/AssetModels.cs(745,68): warning CS1591: Missing XML comment for publicly visible type or member 'CreateBundleResponse.AdditionalProperties' [/home/lysander/repos/bannou/bannou-service/bannou-service.csproj]
/home/lysander/repos/bannou/bannou-service/Generated/Models/AssetModels.cs(754,22): warning CS1591: Missing XML comment for publicly visible type or member 'GetBundleRequest' [/home/lysander/repos/bannou/bannou-service/bannou-service.csproj]
/home/lysander/repos/bannou/bannou-service/Generated/Models/AssetModels.cs(760,19): warning CS1591: Missing XML comment for publicly visible type or member 'GetBundleRequest.BundleId' [/home/lysander/repos/bannou/bannou-service/bannou-service.csproj]
/home/lysander/repos/bannou/bannou-service/Generated/Models/AssetModels.cs(764,25): warning CS1591: Missing XML comment for publicly visible type or member 'GetBundleRequest.Format' [/home/lysander/repos/bannou/bannou-service/bannou-service.csproj]
/home/lysander/repos/bannou/bannou-service/Generated/Models/AssetModels.cs(769,68): warning CS1591: Missing XML comment for publicly visible type or member 'GetBundleRequest.AdditionalProperties' [/home/lysander/repos/bannou/bannou-service/bannou-service.csproj]
/home/lysander/repos/bannou/bannou-service/Generated/Models/AssetModels.cs(778,22): warning CS1591: Missing XML comment for publicly visible type or member 'BundleWithDownloadUrl' [/home/lysander/repos/bannou/bannou-service/bannou-service.csproj]
/home/lysander/repos/bannou/bannou-service/Generated/Models/AssetModels.cs(782,19): warning CS1591: Missing XML comment for publicly visible type or member 'BundleWithDownloadUrl.BundleId' [/home/lysander/repos/bannou/bannou-service/bannou-service.csproj]
/home/lysander/repos/bannou/bannou-service/Generated/Models/AssetModels.cs(785,19): warning CS1591: Missing XML comment for publicly visible type or member 'BundleWithDownloadUrl.Version' [/home/lysander/repos/bannou/bannou-service/bannou-service.csproj]
/home/lysander/repos/bannou/bannou-service/Generated/Models/AssetModels.cs(788,23): warning CS1591: Missing XML comment for publicly visible type or member 'BundleWithDownloadUrl.DownloadUrl' [/home/lysander/repos/bannou/bannou-service/bannou-service.csproj]
/home/lysander/repos/bannou/bannou-service/Generated/Models/AssetModels.cs(792,25): warning CS1591: Missing XML comment for publicly visible type or member 'BundleWithDownloadUrl.Format' [/home/lysander/repos/bannou/bannou-service/bannou-service.csproj]
/home/lysander/repos/bannou/bannou-service/Generated/Models/AssetModels.cs(795,34): warning CS1591: Missing XML comment for publicly visible type or member 'BundleWithDownloadUrl.ExpiresAt' [/home/lysander/repos/bannou/bannou-service/bannou-service.csproj]
/home/lysander/repos/bannou/bannou-service/Generated/Models/AssetModels.cs(798,17): warning CS1591: Missing XML comment for publicly visible type or member 'BundleWithDownloadUrl.Size' [/home/lysander/repos/bannou/bannou-service/bannou-service.csproj]
/home/lysander/repos/bannou/bannou-service/Generated/Models/AssetModels.cs(801,16): warning CS1591: Missing XML comment for publicly visible type or member 'BundleWithDownloadUrl.AssetCount' [/home/lysander/repos/bannou/bannou-service/bannou-service.csproj]
/home/lysander/repos/bannou/bannou-service/Generated/Models/AssetModels.cs(812,68): warning CS1591: Missing XML comment for publicly visible type or member 'BundleWithDownloadUrl.AdditionalProperties' [/home/lysander/repos/bannou/bannou-service/bannou-service.csproj]
/home/lysander/repos/bannou/bannou-service/Generated/Models/AssetModels.cs(821,22): warning CS1591: Missing XML comment for publicly visible type or member 'BundleUploadRequest' [/home/lysander/repos/bannou/bannou-service/bannou-service.csproj]
/home/lysander/repos/bannou/bannou-service/Generated/Models/AssetModels.cs(833,17): warning CS1591: Missing XML comment for publicly visible type or member 'BundleUploadRequest.Size' [/home/lysander/repos/bannou/bannou-service/bannou-service.csproj]
/home/lysander/repos/bannou/bannou-service/Generated/Models/AssetModels.cs(836,34): warning CS1591: Missing XML comment for publicly visible type or member 'BundleUploadRequest.ManifestPreview' [/home/lysander/repos/bannou/bannou-service/bannou-service.csproj]
/home/lysander/repos/bannou/bannou-service/Generated/Models/AssetModels.cs(841,68): warning CS1591: Missing XML comment for publicly visible type or member 'BundleUploadRequest.AdditionalProperties' [/home/lysander/repos/bannou/bannou-service/bannou-service.csproj]
/home/lysander/repos/bannou/bannou-service/Generated/Models/AssetModels.cs(857,19): warning CS1591: Missing XML comment for publicly visible type or member 'BundleManifestPreview.BundleId' [/home/lysander/repos/bannou/bannou-service/bannou-service.csproj]
/home/lysander/repos/bannou/bannou-service/Generated/Models/AssetModels.cs(860,19): warning CS1591: Missing XML comment for publicly visible type or member 'BundleManifestPreview.Version' [/home/lysander/repos/bannou/bannou-service/bannou-service.csproj]
/home/lysander/repos/bannou/bannou-service/Generated/Models/AssetModels.cs(863,16): warning CS1591: Missing XML comment for publicly visible type or member 'BundleManifestPreview.AssetCount' [/home/lysander/repos/bannou/bannou-service/bannou-service.csproj]
/home/lysander/repos/bannou/bannou-service/Generated/Models/AssetModels.cs(868,68): warning CS1591: Missing XML comment for publicly visible type or member 'BundleManifestPreview.AdditionalProperties' [/home/lysander/repos/bannou/bannou-service/bannou-service.csproj]
/home/lysander/repos/bannou/bannou-service/Generated/Models/AssetModels.cs(877,13): warning CS1591: Missing XML comment for publicly visible type or member 'CreateBundleResponseStatus' [/home/lysander/repos/bannou/bannou-service/bannou-service.csproj]
/home/lysander/repos/bannou/bannou-service/Generated/Models/AssetModels.cs(881,5): warning CS1591: Missing XML comment for publicly visible type or member 'CreateBundleResponseStatus.Queued' [/home/lysander/repos/bannou/bannou-service/bannou-service.csproj]
/home/lysander/repos/bannou/bannou-service/Generated/Models/AssetModels.cs(884,5): warning CS1591: Missing XML comment for publicly visible type or member 'CreateBundleResponseStatus.Processing' [/home/lysander/repos/bannou/bannou-service/bannou-service.csproj]
/home/lysander/repos/bannou/bannou-service/Generated/Models/AssetModels.cs(887,5): warning CS1591: Missing XML comment for publicly visible type or member 'CreateBundleResponseStatus.Ready' [/home/lysander/repos/bannou/bannou-service/bannou-service.csproj]
/home/lysander/repos/bannou/bannou-service/Generated/Models/AssetModels.cs(890,5): warning CS1591: Missing XML comment for publicly visible type or member 'CreateBundleResponseStatus.Failed' [/home/lysander/repos/bannou/bannou-service/bannou-service.csproj]
/home/lysander/repos/bannou/bannou-service/Generated/Clients/AuthClient.cs(19,26): warning CS1591: Missing XML comment for publicly visible type or member 'IAuthClient' [/home/lysander/repos/bannou/bannou-service/bannou-service.csproj]
/home/lysander/repos/bannou/bannou-service/Generated/Clients/AuthClient.cs(28,71): warning CS1573: Parameter 'body' has no matching param tag in the XML comment for 'IAuthClient.LoginAsync(LoginRequest, CancellationToken)' (but other parameters do) [/home/lysander/repos/bannou/bannou-service/bannou-service.csproj]
/home/lysander/repos/bannou/bannou-service/Generated/Clients/AuthClient.cs(36,81): warning CS1573: Parameter 'body' has no matching param tag in the XML comment for 'IAuthClient.RegisterAsync(RegisterRequest, CancellationToken)' (but other parameters do) [/home/lysander/repos/bannou/bannou-service/bannou-service.csproj]
/home/lysander/repos/bannou/bannou-service/Generated/Clients/AuthClient.cs(50,57): warning CS1573: Parameter 'provider' has no matching param tag in the XML comment for 'IAuthClient.InitOAuthAsync(Provider, Uri, string?, CancellationToken)' (but other parameters do) [/home/lysander/repos/bannou/bannou-service/bannou-service.csproj]
/home/lysander/repos/bannou/bannou-service/Generated/Clients/AuthClient.cs(50,78): warning CS1573: Parameter 'redirectUri' has no matching param tag in the XML comment for 'IAuthClient.InitOAuthAsync(Provider, Uri, string?, CancellationToken)' (but other parameters do) [/home/lysander/repos/bannou/bannou-service/bannou-service.csproj]
/home/lysander/repos/bannou/bannou-service/Generated/Clients/AuthClient.cs(50,99): warning CS1573: Parameter 'state' has no matching param tag in the XML comment for 'IAuthClient.InitOAuthAsync(Provider, Uri, string?, CancellationToken)' (but other parameters do) [/home/lysander/repos/bannou/bannou-service/bannou-service.csproj]
/home/lysander/repos/bannou/bannou-service/Generated/Clients/AuthClient.cs(65,75): warning CS1573: Parameter 'provider' has no matching param tag in the XML comment for 'IAuthClient.CompleteOAuthAsync(Provider, OAuthCallbackRequest, CancellationToken)' (but other parameters do) [/home/lysander/repos/bannou/bannou-service/bannou-service.csproj]
/home/lysander/repos/bannou/bannou-service/Generated/Clients/AuthClient.cs(65,106): warning CS1573: Parameter 'body' has no matching param tag in the XML comment for 'IAuthClient.CompleteOAuthAsync(Provider, OAuthCallbackRequest, CancellationToken)' (but other parameters do) [/home/lysander/repos/bannou/bannou-service/bannou-service.csproj]
/home/lysander/repos/bannou/bannou-service/Generated/Clients/AuthClient.cs(78,87): warning CS1573: Parameter 'body' has no matching param tag in the XML comment for 'IAuthClient.VerifySteamAuthAsync(SteamVerifyRequest, CancellationToken)' (but other parameters do) [/home/lysander/repos/bannou/bannou-service/bannou-service.csproj]
/home/lysander/repos/bannou/bannou-service/Generated/Clients/AuthClient.cs(86,80): warning CS1573: Parameter 'body' has no matching param tag in the XML comment for 'IAuthClient.RefreshTokenAsync(RefreshRequest, CancellationToken)' (but other parameters do) [/home/lysander/repos/bannou/bannou-service/bannou-service.csproj]
/home/lysander/repos/bannou/bannou-service/Generated/Clients/AuthClient.cs(102,60): warning CS1573: Parameter 'body' has no matching param tag in the XML comment for 'IAuthClient.LogoutAsync(LogoutRequest?, CancellationToken)' (but other parameters do) [/home/lysander/repos/bannou/bannou-service/bannou-service.csproj]
/home/lysander/repos/bannou/bannou-service/Generated/Clients/AuthClient.cs(118,79): warning CS1573: Parameter 'body' has no matching param tag in the XML comment for 'IAuthClient.TerminateSessionAsync(TerminateSessionRequest, CancellationToken)' (but other parameters do) [/home/lysander/repos/bannou/bannou-service/bannou-service.csproj]
/home/lysander/repos/bannou/bannou-service/Generated/Clients/AuthClient.cs(126,80): warning CS1573: Parameter 'body' has no matching param tag in the XML comment for 'IAuthClient.RequestPasswordResetAsync(PasswordResetRequest, CancellationToken)' (but other parameters do) [/home/lysander/repos/bannou/bannou-service/bannou-service.csproj]
/home/lysander/repos/bannou/bannou-service/Generated/Clients/AuthClient.cs(134,87): warning CS1573: Parameter 'body' has no matching param tag in the XML comment for 'IAuthClient.ConfirmPasswordResetAsync(PasswordResetConfirmRequest, CancellationToken)' (but other parameters do) [/home/lysander/repos/bannou/bannou-service/bannou-service.csproj]
/home/lysander/repos/bannou/bannou-service/Generated/Clients/AuthClient.cs(138,22): warning CS1591: Missing XML comment for publicly visible type or member 'AuthClient' [/home/lysander/repos/bannou/bannou-service/bannou-service.csproj]
/home/lysander/repos/bannou/bannou-service/Generated/Clients/AuthClient.cs(158,12): warning CS1591: Missing XML comment for publicly visible type or member 'AuthClient.AuthClient(IMeshInvocationClient, IServiceAppMappingResolver, ILogger<AuthClient>?)' [/home/lysander/repos/bannou/bannou-service/bannou-service.csproj]
/home/lysander/repos/bannou/bannou-service/Generated/Clients/AuthClient.cs(166,54): warning CS1591: Missing XML comment for publicly visible type or member 'AuthClient.JsonSerializerSettings' [/home/lysander/repos/bannou/bannou-service/bannou-service.csproj]
/home/lysander/repos/bannou/bannou-service/Generated/Clients/AuthClient.cs(266,92): warning CS1573: Parameter 'body' has no matching param tag in the XML comment for 'AuthClient.LoginAsync(LoginRequest, CancellationToken)' (but other parameters do) [/home/lysander/repos/bannou/bannou-service/bannou-service.csproj]
/home/lysander/repos/bannou/bannou-service/Generated/Clients/AuthClient.cs(357,102): warning CS1573: Parameter 'body' has no matching param tag in the XML comment for 'AuthClient.RegisterAsync(RegisterRequest, CancellationToken)' (but other parameters do) [/home/lysander/repos/bannou/bannou-service/bannou-service.csproj]
/home/lysander/repos/bannou/bannou-service/Generated/Clients/AuthClient.cs(454,78): warning CS1573: Parameter 'provider' has no matching param tag in the XML comment for 'AuthClient.InitOAuthAsync(Provider, Uri, string?, CancellationToken)' (but other parameters do) [/home/lysander/repos/bannou/bannou-service/bannou-service.csproj]
/home/lysander/repos/bannou/bannou-service/Generated/Clients/AuthClient.cs(454,99): warning CS1573: Parameter 'redirectUri' has no matching param tag in the XML comment for 'AuthClient.InitOAuthAsync(Provider, Uri, string?, CancellationToken)' (but other parameters do) [/home/lysander/repos/bannou/bannou-service/bannou-service.csproj]
/home/lysander/repos/bannou/bannou-service/Generated/Clients/AuthClient.cs(454,120): warning CS1573: Parameter 'state' has no matching param tag in the XML comment for 'AuthClient.InitOAuthAsync(Provider, Uri, string?, CancellationToken)' (but other parameters do) [/home/lysander/repos/bannou/bannou-service/bannou-service.csproj]
/home/lysander/repos/bannou/bannou-service/Generated/Clients/AuthClient.cs(550,96): warning CS1573: Parameter 'provider' has no matching param tag in the XML comment for 'AuthClient.CompleteOAuthAsync(Provider, OAuthCallbackRequest, CancellationToken)' (but other parameters do) [/home/lysander/repos/bannou/bannou-service/bannou-service.csproj]
/home/lysander/repos/bannou/bannou-service/Generated/Clients/AuthClient.cs(550,127): warning CS1573: Parameter 'body' has no matching param tag in the XML comment for 'AuthClient.CompleteOAuthAsync(Provider, OAuthCallbackRequest, CancellationToken)' (but other parameters do) [/home/lysander/repos/bannou/bannou-service/bannou-service.csproj]
/home/lysander/repos/bannou/bannou-service/Generated/Clients/AuthClient.cs(639,108): warning CS1573: Parameter 'body' has no matching param tag in the XML comment for 'AuthClient.VerifySteamAuthAsync(SteamVerifyRequest, CancellationToken)' (but other parameters do) [/home/lysander/repos/bannou/bannou-service/bannou-service.csproj]
/home/lysander/repos/bannou/bannou-service/Generated/Clients/AuthClient.cs(730,101): warning CS1573: Parameter 'body' has no matching param tag in the XML comment for 'AuthClient.RefreshTokenAsync(RefreshRequest, CancellationToken)' (but other parameters do) [/home/lysander/repos/bannou/bannou-service/bannou-service.csproj]
/home/lysander/repos/bannou/bannou-service/Generated/Clients/AuthClient.cs(894,81): warning CS1573: Parameter 'body' has no matching param tag in the XML comment for 'AuthClient.LogoutAsync(LogoutRequest?, CancellationToken)' (but other parameters do) [/home/lysander/repos/bannou/bannou-service/bannou-service.csproj]
/home/lysander/repos/bannou/bannou-service/Generated/Clients/AuthClient.cs(1037,100): warning CS1573: Parameter 'body' has no matching param tag in the XML comment for 'AuthClient.TerminateSessionAsync(TerminateSessionRequest, CancellationToken)' (but other parameters do) [/home/lysander/repos/bannou/bannou-service/bannou-service.csproj]
/home/lysander/repos/bannou/bannou-service/Generated/Clients/AuthClient.cs(1116,101): warning CS1573: Parameter 'body' has no matching param tag in the XML comment for 'AuthClient.RequestPasswordResetAsync(PasswordResetRequest, CancellationToken)' (but other parameters do) [/home/lysander/repos/bannou/bannou-service/bannou-service.csproj]
/home/lysander/repos/bannou/bannou-service/Generated/Clients/AuthClient.cs(1189,108): warning CS1573: Parameter 'body' has no matching param tag in the XML comment for 'AuthClient.ConfirmPasswordResetAsync(PasswordResetConfirmRequest, CancellationToken)' (but other parameters do) [/home/lysander/repos/bannou/bannou-service/bannou-service.csproj]
/home/lysander/repos/bannou/bannou-service/Generated/Clients/AuthClient.cs(1256,22): warning CS1591: Missing XML comment for publicly visible type or member 'AuthClient.ObjectResponseResult<T>' [/home/lysander/repos/bannou/bannou-service/bannou-service.csproj]
/home/lysander/repos/bannou/bannou-service/Generated/Clients/AuthClient.cs(1258,16): warning CS1591: Missing XML comment for publicly visible type or member 'AuthClient.ObjectResponseResult<T>.ObjectResponseResult(T, string)' [/home/lysander/repos/bannou/bannou-service/bannou-service.csproj]
/home/lysander/repos/bannou/bannou-service/Generated/Clients/AuthClient.cs(1264,18): warning CS1591: Missing XML comment for publicly visible type or member 'AuthClient.ObjectResponseResult<T>.Object' [/home/lysander/repos/bannou/bannou-service/bannou-service.csproj]
/home/lysander/repos/bannou/bannou-service/Generated/Clients/AuthClient.cs(1266,23): warning CS1591: Missing XML comment for publicly visible type or member 'AuthClient.ObjectResponseResult<T>.Text' [/home/lysander/repos/bannou/bannou-service/bannou-service.csproj]
/home/lysander/repos/bannou/bannou-service/Generated/Clients/AuthClient.cs(1289,17): warning CS1591: Missing XML comment for publicly visible type or member 'AuthClient.ReadResponseAsString' [/home/lysander/repos/bannou/bannou-service/bannou-service.csproj]
/home/lysander/repos/bannou/bannou-service/Generated/Clients/AuthClient.cs(1291,86): warning CS1591: Missing XML comment for publicly visible type or member 'AuthClient.ReadObjectResponseAsync<T>(HttpResponseMessage, IReadOnlyDictionary<string, IEnumerable<string>>, CancellationToken)' [/home/lysander/repos/bannou/bannou-service/bannou-service.csproj]
/home/lysander/repos/bannou/bannou-service/Generated/Models/AuthModels.cs(25,5): warning CS1591: Missing XML comment for publicly visible type or member 'Provider.Google' [/home/lysander/repos/bannou/bannou-service/bannou-service.csproj]
/home/lysander/repos/bannou/bannou-service/Generated/Models/AuthModels.cs(28,5): warning CS1591: Missing XML comment for publicly visible type or member 'Provider.Discord' [/home/lysander/repos/bannou/bannou-service/bannou-service.csproj]
/home/lysander/repos/bannou/bannou-service/Generated/Models/AuthModels.cs(31,5): warning CS1591: Missing XML comment for publicly visible type or member 'Provider.Twitch' [/home/lysander/repos/bannou/bannou-service/bannou-service.csproj]
/home/lysander/repos/bannou/bannou-service/Generated/Models/AuthModels.cs(53,68): warning CS1591: Missing XML comment for publicly visible type or member 'InitOAuthResponse.AdditionalProperties' [/home/lysander/repos/bannou/bannou-service/bannou-service.csproj]
/home/lysander/repos/bannou/bannou-service/Generated/Models/AuthModels.cs(79,68): warning CS1591: Missing XML comment for publicly visible type or member 'TerminateSessionRequest.AdditionalProperties' [/home/lysander/repos/bannou/bannou-service/bannou-service.csproj]
/home/lysander/repos/bannou/bannou-service/Generated/Models/AuthModels.cs(88,22): warning CS1591: Missing XML comment for publicly visible type or member 'LoginRequest' [/home/lysander/repos/bannou/bannou-service/bannou-service.csproj]
/home/lysander/repos/bannou/bannou-service/Generated/Models/AuthModels.cs(94,19): warning CS1591: Missing XML comment for publicly visible type or member 'LoginRequest.Email' [/home/lysander/repos/bannou/bannou-service/bannou-service.csproj]
/home/lysander/repos/bannou/bannou-service/Generated/Models/AuthModels.cs(99,19): warning CS1591: Missing XML comment for publicly visible type or member 'LoginRequest.Password' [/home/lysander/repos/bannou/bannou-service/bannou-service.csproj]
/home/lysander/repos/bannou/bannou-service/Generated/Models/AuthModels.cs(102,17): warning CS1591: Missing XML comment for publicly visible type or member 'LoginRequest.RememberMe' [/home/lysander/repos/bannou/bannou-service/bannou-service.csproj]
/home/lysander/repos/bannou/bannou-service/Generated/Models/AuthModels.cs(105,23): warning CS1591: Missing XML comment for publicly visible type or member 'LoginRequest.DeviceInfo' [/home/lysander/repos/bannou/bannou-service/bannou-service.csproj]
/home/lysander/repos/bannou/bannou-service/Generated/Models/AuthModels.cs(110,68): warning CS1591: Missing XML comment for publicly visible type or member 'LoginRequest.AdditionalProperties' [/home/lysander/repos/bannou/bannou-service/bannou-service.csproj]
/home/lysander/repos/bannou/bannou-service/Generated/Models/AuthModels.cs(153,68): warning CS1591: Missing XML comment for publicly visible type or member 'RegisterRequest.AdditionalProperties' [/home/lysander/repos/bannou/bannou-service/bannou-service.csproj]
/home/lysander/repos/bannou/bannou-service/Generated/Models/AuthModels.cs(193,68): warning CS1591: Missing XML comment for publicly visible type or member 'RegisterResponse.AdditionalProperties' [/home/lysander/repos/bannou/bannou-service/bannou-service.csproj]
/home/lysander/repos/bannou/bannou-service/Generated/Models/AuthModels.cs(225,68): warning CS1591: Missing XML comment for publicly visible type or member 'LoginResponse.AdditionalProperties' [/home/lysander/repos/bannou/bannou-service/bannou-service.csproj]
/home/lysander/repos/bannou/bannou-service/Generated/Models/AuthModels.cs(234,22): warning CS1591: Missing XML comment for publicly visible type or member 'AuthResponse' [/home/lysander/repos/bannou/bannou-service/bannou-service.csproj]
/home/lysander/repos/bannou/bannou-service/Generated/Models/AuthModels.cs(240,24): warning CS1591: Missing XML comment for publicly visible type or member 'AuthResponse.AccountId' [/home/lysander/repos/bannou/bannou-service/bannou-service.csproj]
/home/lysander/repos/bannou/bannou-service/Generated/Models/AuthModels.cs(245,19): warning CS1591: Missing XML comment for publicly visible type or member 'AuthResponse.AccessToken' [/home/lysander/repos/bannou/bannou-service/bannou-service.csproj]
/home/lysander/repos/bannou/bannou-service/Generated/Models/AuthModels.cs(250,19): warning CS1591: Missing XML comment for publicly visible type or member 'AuthResponse.RefreshToken' [/home/lysander/repos/bannou/bannou-service/bannou-service.csproj]
/home/lysander/repos/bannou/bannou-service/Generated/Models/AuthModels.cs(267,59): warning CS1591: Missing XML comment for publicly visible type or member 'AuthResponse.Roles' [/home/lysander/repos/bannou/bannou-service/bannou-service.csproj]
/home/lysander/repos/bannou/bannou-service/Generated/Models/AuthModels.cs(270,17): warning CS1591: Missing XML comment for publicly visible type or member 'AuthResponse.RequiresTwoFactor' [/home/lysander/repos/bannou/bannou-service/bannou-service.csproj]
/home/lysander/repos/bannou/bannou-service/Generated/Models/AuthModels.cs(275,68): warning CS1591: Missing XML comment for publicly visible type or member 'AuthResponse.AdditionalProperties' [/home/lysander/repos/bannou/bannou-service/bannou-service.csproj]
/home/lysander/repos/bannou/bannou-service/Generated/Models/AuthModels.cs(284,22): warning CS1591: Missing XML comment for publicly visible type or member 'OAuthCallbackRequest' [/home/lysander/repos/bannou/bannou-service/bannou-service.csproj]
/home/lysander/repos/bannou/bannou-service/Generated/Models/AuthModels.cs(290,19): warning CS1591: Missing XML comment for publicly visible type or member 'OAuthCallbackRequest.Code' [/home/lysander/repos/bannou/bannou-service/bannou-service.csproj]
/home/lysander/repos/bannou/bannou-service/Generated/Models/AuthModels.cs(293,20): warning CS1591: Missing XML comment for publicly visible type or member 'OAuthCallbackRequest.State' [/home/lysander/repos/bannou/bannou-service/bannou-service.csproj]
/home/lysander/repos/bannou/bannou-service/Generated/Models/AuthModels.cs(296,23): warning CS1591: Missing XML comment for publicly visible type or member 'OAuthCallbackRequest.DeviceInfo' [/home/lysander/repos/bannou/bannou-service/bannou-service.csproj]
/home/lysander/repos/bannou/bannou-service/Generated/Models/AuthModels.cs(301,68): warning CS1591: Missing XML comment for publicly visible type or member 'OAuthCallbackRequest.AdditionalProperties' [/home/lysander/repos/bannou/bannou-service/bannou-service.csproj]
/home/lysander/repos/bannou/bannou-service/Generated/Models/AuthModels.cs(330,23): warning CS1591: Missing XML comment for publicly visible type or member 'SteamVerifyRequest.DeviceInfo' [/home/lysander/repos/bannou/bannou-service/bannou-service.csproj]
/home/lysander/repos/bannou/bannou-service/Generated/Models/AuthModels.cs(335,68): warning CS1591: Missing XML comment for publicly visible type or member 'SteamVerifyRequest.AdditionalProperties' [/home/lysander/repos/bannou/bannou-service/bannou-service.csproj]
/home/lysander/repos/bannou/bannou-service/Generated/Models/AuthModels.cs(344,22): warning CS1591: Missing XML comment for publicly visible type or member 'RefreshRequest' [/home/lysander/repos/bannou/bannou-service/bannou-service.csproj]
/home/lysander/repos/bannou/bannou-service/Generated/Models/AuthModels.cs(350,19): warning CS1591: Missing XML comment for publicly visible type or member 'RefreshRequest.RefreshToken' [/home/lysander/repos/bannou/bannou-service/bannou-service.csproj]
/home/lysander/repos/bannou/bannou-service/Generated/Models/AuthModels.cs(355,68): warning CS1591: Missing XML comment for publicly visible type or member 'RefreshRequest.AdditionalProperties' [/home/lysander/repos/bannou/bannou-service/bannou-service.csproj]
/home/lysander/repos/bannou/bannou-service/Generated/Models/AuthModels.cs(364,22): warning CS1591: Missing XML comment for publicly visible type or member 'ValidateTokenResponse' [/home/lysander/repos/bannou/bannou-service/bannou-service.csproj]
/home/lysander/repos/bannou/bannou-service/Generated/Models/AuthModels.cs(368,17): warning CS1591: Missing XML comment for publicly visible type or member 'ValidateTokenResponse.Valid' [/home/lysander/repos/bannou/bannou-service/bannou-service.csproj]
/home/lysander/repos/bannou/bannou-service/Generated/Models/AuthModels.cs(373,24): warning CS1591: Missing XML comment for publicly visible type or member 'ValidateTokenResponse.AccountId' [/home/lysander/repos/bannou/bannou-service/bannou-service.csproj]
/home/lysander/repos/bannou/bannou-service/Generated/Models/AuthModels.cs(384,59): warning CS1591: Missing XML comment for publicly visible type or member 'ValidateTokenResponse.Roles' [/home/lysander/repos/bannou/bannou-service/bannou-service.csproj]
/home/lysander/repos/bannou/bannou-service/Generated/Models/AuthModels.cs(403,68): warning CS1591: Missing XML comment for publicly visible type or member 'ValidateTokenResponse.AdditionalProperties' [/home/lysander/repos/bannou/bannou-service/bannou-service.csproj]
/home/lysander/repos/bannou/bannou-service/Generated/Models/AuthModels.cs(412,22): warning CS1591: Missing XML comment for publicly visible type or member 'LogoutRequest' [/home/lysander/repos/bannou/bannou-service/bannou-service.csproj]
/home/lysander/repos/bannou/bannou-service/Generated/Models/AuthModels.cs(424,68): warning CS1591: Missing XML comment for publicly visible type or member 'LogoutRequest.AdditionalProperties' [/home/lysander/repos/bannou/bannou-service/bannou-service.csproj]
/home/lysander/repos/bannou/bannou-service/Generated/Models/AuthModels.cs(433,22): warning CS1591: Missing XML comment for publicly visible type or member 'SessionsResponse' [/home/lysander/repos/bannou/bannou-service/bannou-service.csproj]
/home/lysander/repos/bannou/bannou-service/Generated/Models/AuthModels.cs(439,64): warning CS1591: Missing XML comment for publicly visible type or member 'SessionsResponse.Sessions' [/home/lysander/repos/bannou/bannou-service/bannou-service.csproj]
/home/lysander/repos/bannou/bannou-service/Generated/Models/AuthModels.cs(444,68): warning CS1591: Missing XML comment for publicly visible type or member 'SessionsResponse.AdditionalProperties' [/home/lysander/repos/bannou/bannou-service/bannou-service.csproj]
/home/lysander/repos/bannou/bannou-service/Generated/Models/AuthModels.cs(453,22): warning CS1591: Missing XML comment for publicly visible type or member 'SessionInfo' [/home/lysander/repos/bannou/bannou-service/bannou-service.csproj]
/home/lysander/repos/bannou/bannou-service/Generated/Models/AuthModels.cs(459,24): warning CS1591: Missing XML comment for publicly visible type or member 'SessionInfo.SessionId' [/home/lysander/repos/bannou/bannou-service/bannou-service.csproj]
/home/lysander/repos/bannou/bannou-service/Generated/Models/AuthModels.cs(462,23): warning CS1591: Missing XML comment for publicly visible type or member 'SessionInfo.DeviceInfo' [/home/lysander/repos/bannou/bannou-service/bannou-service.csproj]
/home/lysander/repos/bannou/bannou-service/Generated/Models/AuthModels.cs(467,34): warning CS1591: Missing XML comment for publicly visible type or member 'SessionInfo.CreatedAt' [/home/lysander/repos/bannou/bannou-service/bannou-service.csproj]
/home/lysander/repos/bannou/bannou-service/Generated/Models/AuthModels.cs(472,34): warning CS1591: Missing XML comment for publicly visible type or member 'SessionInfo.LastActive' [/home/lysander/repos/bannou/bannou-service/bannou-service.csproj]
/home/lysander/repos/bannou/bannou-service/Generated/Models/AuthModels.cs(475,19): warning CS1591: Missing XML comment for publicly visible type or member 'SessionInfo.IpAddress' [/home/lysander/repos/bannou/bannou-service/bannou-service.csproj]
/home/lysander/repos/bannou/bannou-service/Generated/Models/AuthModels.cs(478,20): warning CS1591: Missing XML comment for publicly visible type or member 'SessionInfo.Location' [/home/lysander/repos/bannou/bannou-service/bannou-service.csproj]
/home/lysander/repos/bannou/bannou-service/Generated/Models/AuthModels.cs(483,68): warning CS1591: Missing XML comment for publicly visible type or member 'SessionInfo.AdditionalProperties' [/home/lysander/repos/bannou/bannou-service/bannou-service.csproj]
/home/lysander/repos/bannou/bannou-service/Generated/Models/AuthModels.cs(492,22): warning CS1591: Missing XML comment for publicly visible type or member 'DeviceInfo' [/home/lysander/repos/bannou/bannou-service/bannou-service.csproj]
/home/lysander/repos/bannou/bannou-service/Generated/Models/AuthModels.cs(497,33): warning CS1591: Missing XML comment for publicly visible type or member 'DeviceInfo.DeviceType' [/home/lysander/repos/bannou/bannou-service/bannou-service.csproj]
/home/lysander/repos/bannou/bannou-service/Generated/Models/AuthModels.cs(500,19): warning CS1591: Missing XML comment for publicly visible type or member 'DeviceInfo.Platform' [/home/lysander/repos/bannou/bannou-service/bannou-service.csproj]
/home/lysander/repos/bannou/bannou-service/Generated/Models/AuthModels.cs(503,20): warning CS1591: Missing XML comment for publicly visible type or member 'DeviceInfo.Browser' [/home/lysander/repos/bannou/bannou-service/bannou-service.csproj]
/home/lysander/repos/bannou/bannou-service/Generated/Models/AuthModels.cs(506,20): warning CS1591: Missing XML comment for publicly visible type or member 'DeviceInfo.AppVersion' [/home/lysander/repos/bannou/bannou-service/bannou-service.csproj]
/home/lysander/repos/bannou/bannou-service/Generated/Models/AuthModels.cs(511,68): warning CS1591: Missing XML comment for publicly visible type or member 'DeviceInfo.AdditionalProperties' [/home/lysander/repos/bannou/bannou-service/bannou-service.csproj]
/home/lysander/repos/bannou/bannou-service/Generated/Models/AuthModels.cs(520,22): warning CS1591: Missing XML comment for publicly visible type or member 'PasswordResetRequest' [/home/lysander/repos/bannou/bannou-service/bannou-service.csproj]
/home/lysander/repos/bannou/bannou-service/Generated/Models/AuthModels.cs(526,19): warning CS1591: Missing XML comment for publicly visible type or member 'PasswordResetRequest.Email' [/home/lysander/repos/bannou/bannou-service/bannou-service.csproj]
/home/lysander/repos/bannou/bannou-service/Generated/Models/AuthModels.cs(531,68): warning CS1591: Missing XML comment for publicly visible type or member 'PasswordResetRequest.AdditionalProperties' [/home/lysander/repos/bannou/bannou-service/bannou-service.csproj]
/home/lysander/repos/bannou/bannou-service/Generated/Models/AuthModels.cs(540,22): warning CS1591: Missing XML comment for publicly visible type or member 'PasswordResetConfirmRequest' [/home/lysander/repos/bannou/bannou-service/bannou-service.csproj]
/home/lysander/repos/bannou/bannou-service/Generated/Models/AuthModels.cs(546,19): warning CS1591: Missing XML comment for publicly visible type or member 'PasswordResetConfirmRequest.Token' [/home/lysander/repos/bannou/bannou-service/bannou-service.csproj]
/home/lysander/repos/bannou/bannou-service/Generated/Models/AuthModels.cs(552,19): warning CS1591: Missing XML comment for publicly visible type or member 'PasswordResetConfirmRequest.NewPassword' [/home/lysander/repos/bannou/bannou-service/bannou-service.csproj]
/home/lysander/repos/bannou/bannou-service/Generated/Models/AuthModels.cs(557,68): warning CS1591: Missing XML comment for publicly visible type or member 'PasswordResetConfirmRequest.AdditionalProperties' [/home/lysander/repos/bannou/bannou-service/bannou-service.csproj]
/home/lysander/repos/bannou/bannou-service/Generated/Models/AuthModels.cs(575,62): warning CS1591: Missing XML comment for publicly visible type or member 'OAuthProvidersResponse.Providers' [/home/lysander/repos/bannou/bannou-service/bannou-service.csproj]
/home/lysander/repos/bannou/bannou-service/Generated/Models/AuthModels.cs(580,68): warning CS1591: Missing XML comment for publicly visible type or member 'OAuthProvidersResponse.AdditionalProperties' [/home/lysander/repos/bannou/bannou-service/bannou-service.csproj]
/home/lysander/repos/bannou/bannou-service/Generated/Models/AuthModels.cs(610,68): warning CS1591: Missing XML comment for publicly visible type or member 'RoutingPreferenceResponse.AdditionalProperties' [/home/lysander/repos/bannou/bannou-service/bannou-service.csproj]
/home/lysander/repos/bannou/bannou-service/Generated/Models/AuthModels.cs(619,13): warning CS1591: Missing XML comment for publicly visible type or member 'DeviceInfoDeviceType' [/home/lysander/repos/bannou/bannou-service/bannou-service.csproj]
/home/lysander/repos/bannou/bannou-service/Generated/Models/AuthModels.cs(623,5): warning CS1591: Missing XML comment for publicly visible type or member 'DeviceInfoDeviceType.Desktop' [/home/lysander/repos/bannou/bannou-service/bannou-service.csproj]
/home/lysander/repos/bannou/bannou-service/Generated/Models/AuthModels.cs(626,5): warning CS1591: Missing XML comment for publicly visible type or member 'DeviceInfoDeviceType.Mobile' [/home/lysander/repos/bannou/bannou-service/bannou-service.csproj]
/home/lysander/repos/bannou/bannou-service/Generated/Models/AuthModels.cs(629,5): warning CS1591: Missing XML comment for publicly visible type or member 'DeviceInfoDeviceType.Tablet' [/home/lysander/repos/bannou/bannou-service/bannou-service.csproj]
/home/lysander/repos/bannou/bannou-service/Generated/Models/AuthModels.cs(632,5): warning CS1591: Missing XML comment for publicly visible type or member 'DeviceInfoDeviceType.Console' [/home/lysander/repos/bannou/bannou-service/bannou-service.csproj]
/home/lysander/repos/bannou/bannou-service/Generated/Models/AuthModels.cs(637,22): warning CS1591: Missing XML comment for publicly visible type or member 'Providers' [/home/lysander/repos/bannou/bannou-service/bannou-service.csproj]
/home/lysander/repos/bannou/bannou-service/Generated/Models/AuthModels.cs(641,19): warning CS1591: Missing XML comment for publicly visible type or member 'Providers.Name' [/home/lysander/repos/bannou/bannou-service/bannou-service.csproj]
/home/lysander/repos/bannou/bannou-service/Generated/Models/AuthModels.cs(644,19): warning CS1591: Missing XML comment for publicly visible type or member 'Providers.DisplayName' [/home/lysander/repos/bannou/bannou-service/bannou-service.csproj]
/home/lysander/repos/bannou/bannou-service/Generated/Models/AuthModels.cs(647,23): warning CS1591: Missing XML comment for publicly visible type or member 'Providers.AuthUrl' [/home/lysander/repos/bannou/bannou-service/bannou-service.csproj]
/home/lysander/repos/bannou/bannou-service/Generated/Models/AuthModels.cs(652,68): warning CS1591: Missing XML comment for publicly visible type or member 'Providers.AdditionalProperties' [/home/lysander/repos/bannou/bannou-service/bannou-service.csproj]
/home/lysander/repos/bannou/bannou-service/Generated/Clients/BehaviorClient.cs(19,26): warning CS1591: Missing XML comment for publicly visible type or member 'IBehaviorClient' [/home/lysander/repos/bannou/bannou-service/bannou-service.csproj]
/home/lysander/repos/bannou/bannou-service/Generated/Clients/BehaviorClient.cs(32,90): warning CS1573: Parameter 'body' has no matching param tag in the XML comment for 'IBehaviorClient.CompileAbmlBehaviorAsync(string, CancellationToken)' (but other parameters do) [/home/lysander/repos/bannou/bannou-service/bannou-service.csproj]
/home/lysander/repos/bannou/bannou-service/Generated/Clients/BehaviorClient.cs(44,105): warning CS1573: Parameter 'body' has no matching param tag in the XML comment for 'IBehaviorClient.CompileBehaviorStackAsync(BehaviorStackRequest, CancellationToken)' (but other parameters do) [/home/lysander/repos/bannou/bannou-service/bannou-service.csproj]
/home/lysander/repos/bannou/bannou-service/Generated/Clients/BehaviorClient.cs(56,80): warning CS1573: Parameter 'body' has no matching param tag in the XML comment for 'IBehaviorClient.ValidateAbmlAsync(string, CancellationToken)' (but other parameters do) [/home/lysander/repos/bannou/bannou-service/bannou-service.csproj]
/home/lysander/repos/bannou/bannou-service/Generated/Clients/BehaviorClient.cs(68,105): warning CS1573: Parameter 'body' has no matching param tag in the XML comment for 'IBehaviorClient.GetCachedBehaviorAsync(GetCachedBehaviorRequest, CancellationToken)' (but other parameters do) [/home/lysander/repos/bannou/bannou-service/bannou-service.csproj]
/home/lysander/repos/bannou/bannou-service/Generated/Clients/BehaviorClient.cs(80,86): warning CS1573: Parameter 'body' has no matching param tag in the XML comment for 'IBehaviorClient.InvalidateCachedBehaviorAsync(InvalidateCacheRequest, CancellationToken)' (but other parameters do) [/home/lysander/repos/bannou/bannou-service/bannou-service.csproj]
/home/lysander/repos/bannou/bannou-service/Generated/Clients/BehaviorClient.cs(92,108): warning CS1573: Parameter 'body' has no matching param tag in the XML comment for 'IBehaviorClient.ResolveContextVariablesAsync(ResolveContextRequest, CancellationToken)' (but other parameters do) [/home/lysander/repos/bannou/bannou-service/bannou-service.csproj]
/home/lysander/repos/bannou/bannou-service/Generated/Clients/BehaviorClient.cs(104,89): warning CS1573: Parameter 'body' has no matching param tag in the XML comment for 'IBehaviorClient.GenerateGoapPlanAsync(GoapPlanRequest, CancellationToken)' (but other parameters do) [/home/lysander/repos/bannou/bannou-service/bannou-service.csproj]
/home/lysander/repos/bannou/bannou-service/Generated/Clients/BehaviorClient.cs(116,105): warning CS1573: Parameter 'body' has no matching param tag in the XML comment for 'IBehaviorClient.ValidateGoapPlanAsync(ValidateGoapPlanRequest, CancellationToken)' (but other parameters do) [/home/lysander/repos/bannou/bannou-service/bannou-service.csproj]
/home/lysander/repos/bannou/bannou-service/Generated/Clients/BehaviorClient.cs(120,22): warning CS1591: Missing XML comment for publicly visible type or member 'BehaviorClient' [/home/lysander/repos/bannou/bannou-service/bannou-service.csproj]
/home/lysander/repos/bannou/bannou-service/Generated/Clients/BehaviorClient.cs(140,12): warning CS1591: Missing XML comment for publicly visible type or member 'BehaviorClient.BehaviorClient(IMeshInvocationClient, IServiceAppMappingResolver, ILogger<BehaviorClient>?)' [/home/lysander/repos/bannou/bannou-service/bannou-service.csproj]
/home/lysander/repos/bannou/bannou-service/Generated/Clients/BehaviorClient.cs(148,54): warning CS1591: Missing XML comment for publicly visible type or member 'BehaviorClient.JsonSerializerSettings' [/home/lysander/repos/bannou/bannou-service/bannou-service.csproj]
/home/lysander/repos/bannou/bannou-service/Generated/Clients/BehaviorClient.cs(252,111): warning CS1573: Parameter 'body' has no matching param tag in the XML comment for 'BehaviorClient.CompileAbmlBehaviorAsync(string, CancellationToken)' (but other parameters do) [/home/lysander/repos/bannou/bannou-service/bannou-service.csproj]
/home/lysander/repos/bannou/bannou-service/Generated/Clients/BehaviorClient.cs(365,126): warning CS1573: Parameter 'body' has no matching param tag in the XML comment for 'BehaviorClient.CompileBehaviorStackAsync(BehaviorStackRequest, CancellationToken)' (but other parameters do) [/home/lysander/repos/bannou/bannou-service/bannou-service.csproj]
/home/lysander/repos/bannou/bannou-service/Generated/Clients/BehaviorClient.cs(458,101): warning CS1573: Parameter 'body' has no matching param tag in the XML comment for 'BehaviorClient.ValidateAbmlAsync(string, CancellationToken)' (but other parameters do) [/home/lysander/repos/bannou/bannou-service/bannou-service.csproj]
/home/lysander/repos/bannou/bannou-service/Generated/Clients/BehaviorClient.cs(541,126): warning CS1573: Parameter 'body' has no matching param tag in the XML comment for 'BehaviorClient.GetCachedBehaviorAsync(GetCachedBehaviorRequest, CancellationToken)' (but other parameters do) [/home/lysander/repos/bannou/bannou-service/bannou-service.csproj]
/home/lysander/repos/bannou/bannou-service/Generated/Clients/BehaviorClient.cs(634,107): warning CS1573: Parameter 'body' has no matching param tag in the XML comment for 'BehaviorClient.InvalidateCachedBehaviorAsync(InvalidateCacheRequest, CancellationToken)' (but other parameters do) [/home/lysander/repos/bannou/bannou-service/bannou-service.csproj]
/home/lysander/repos/bannou/bannou-service/Generated/Clients/BehaviorClient.cs(717,129): warning CS1573: Parameter 'body' has no matching param tag in the XML comment for 'BehaviorClient.ResolveContextVariablesAsync(ResolveContextRequest, CancellationToken)' (but other parameters do) [/home/lysander/repos/bannou/bannou-service/bannou-service.csproj]
/home/lysander/repos/bannou/bannou-service/Generated/Clients/BehaviorClient.cs(800,110): warning CS1573: Parameter 'body' has no matching param tag in the XML comment for 'BehaviorClient.GenerateGoapPlanAsync(GoapPlanRequest, CancellationToken)' (but other parameters do) [/home/lysander/repos/bannou/bannou-service/bannou-service.csproj]
/home/lysander/repos/bannou/bannou-service/Generated/Clients/BehaviorClient.cs(893,126): warning CS1573: Parameter 'body' has no matching param tag in the XML comment for 'BehaviorClient.ValidateGoapPlanAsync(ValidateGoapPlanRequest, CancellationToken)' (but other parameters do) [/home/lysander/repos/bannou/bannou-service/bannou-service.csproj]
/home/lysander/repos/bannou/bannou-service/Generated/Clients/BehaviorClient.cs(976,22): warning CS1591: Missing XML comment for publicly visible type or member 'BehaviorClient.ObjectResponseResult<T>' [/home/lysander/repos/bannou/bannou-service/bannou-service.csproj]
/home/lysander/repos/bannou/bannou-service/Generated/Clients/BehaviorClient.cs(978,16): warning CS1591: Missing XML comment for publicly visible type or member 'BehaviorClient.ObjectResponseResult<T>.ObjectResponseResult(T, string)' [/home/lysander/repos/bannou/bannou-service/bannou-service.csproj]
/home/lysander/repos/bannou/bannou-service/Generated/Clients/BehaviorClient.cs(984,18): warning CS1591: Missing XML comment for publicly visible type or member 'BehaviorClient.ObjectResponseResult<T>.Object' [/home/lysander/repos/bannou/bannou-service/bannou-service.csproj]
/home/lysander/repos/bannou/bannou-service/Generated/Clients/BehaviorClient.cs(986,23): warning CS1591: Missing XML comment for publicly visible type or member 'BehaviorClient.ObjectResponseResult<T>.Text' [/home/lysander/repos/bannou/bannou-service/bannou-service.csproj]
/home/lysander/repos/bannou/bannou-service/Generated/Clients/BehaviorClient.cs(1009,17): warning CS1591: Missing XML comment for publicly visible type or member 'BehaviorClient.ReadResponseAsString' [/home/lysander/repos/bannou/bannou-service/bannou-service.csproj]
/home/lysander/repos/bannou/bannou-service/Generated/Clients/BehaviorClient.cs(1011,86): warning CS1591: Missing XML comment for publicly visible type or member 'BehaviorClient.ReadObjectResponseAsync<T>(HttpResponseMessage, IReadOnlyDictionary<string, IEnumerable<string>>, CancellationToken)' [/home/lysander/repos/bannou/bannou-service/bannou-service.csproj]
/home/lysander/repos/bannou/bannou-service/Generated/Models/BehaviorModels.cs(35,68): warning CS1591: Missing XML comment for publicly visible type or member 'GetCachedBehaviorRequest.AdditionalProperties' [/home/lysander/repos/bannou/bannou-service/bannou-service.csproj]
/home/lysander/repos/bannou/bannou-service/Generated/Models/BehaviorModels.cs(61,68): warning CS1591: Missing XML comment for publicly visible type or member 'InvalidateCacheRequest.AdditionalProperties' [/home/lysander/repos/bannou/bannou-service/bannou-service.csproj]
/home/lysander/repos/bannou/bannou-service/Generated/Models/BehaviorModels.cs(70,22): warning CS1591: Missing XML comment for publicly visible type or member 'CompileBehaviorRequest' [/home/lysander/repos/bannou/bannou-service/bannou-service.csproj]
/home/lysander/repos/bannou/bannou-service/Generated/Models/BehaviorModels.cs(109,29): warning CS1591: Missing XML comment for publicly visible type or member 'CompileBehaviorRequest.CharacterContext' [/home/lysander/repos/bannou/bannou-service/bannou-service.csproj]
/home/lysander/repos/bannou/bannou-service/Generated/Models/BehaviorModels.cs(112,31): warning CS1591: Missing XML comment for publicly visible type or member 'CompileBehaviorRequest.CompilationOptions' [/home/lysander/repos/bannou/bannou-service/bannou-service.csproj]
/home/lysander/repos/bannou/bannou-service/Generated/Models/BehaviorModels.cs(117,68): warning CS1591: Missing XML comment for publicly visible type or member 'CompileBehaviorRequest.AdditionalProperties' [/home/lysander/repos/bannou/bannou-service/bannou-service.csproj]
/home/lysander/repos/bannou/bannou-service/Generated/Models/BehaviorModels.cs(126,22): warning CS1591: Missing XML comment for publicly visible type or member 'BehaviorStackRequest' [/home/lysander/repos/bannou/bannou-service/bannou-service.csproj]
/home/lysander/repos/bannou/bannou-service/Generated/Models/BehaviorModels.cs(138,29): warning CS1591: Missing XML comment for publicly visible type or member 'BehaviorStackRequest.CharacterContext' [/home/lysander/repos/bannou/bannou-service/bannou-service.csproj]
/home/lysander/repos/bannou/bannou-service/Generated/Models/BehaviorModels.cs(141,31): warning CS1591: Missing XML comment for publicly visible type or member 'BehaviorStackRequest.CompilationOptions' [/home/lysander/repos/bannou/bannou-service/bannou-service.csproj]
/home/lysander/repos/bannou/bannou-service/Generated/Models/BehaviorModels.cs(146,68): warning CS1591: Missing XML comment for publicly visible type or member 'BehaviorStackRequest.AdditionalProperties' [/home/lysander/repos/bannou/bannou-service/bannou-service.csproj]
/home/lysander/repos/bannou/bannou-service/Generated/Models/BehaviorModels.cs(155,22): warning CS1591: Missing XML comment for publicly visible type or member 'ValidateAbmlRequest' [/home/lysander/repos/bannou/bannou-service/bannou-service.csproj]
/home/lysander/repos/bannou/bannou-service/Generated/Models/BehaviorModels.cs(175,68): warning CS1591: Missing XML comment for publicly visible type or member 'ValidateAbmlRequest.AdditionalProperties' [/home/lysander/repos/bannou/bannou-service/bannou-service.csproj]
/home/lysander/repos/bannou/bannou-service/Generated/Models/BehaviorModels.cs(184,22): warning CS1591: Missing XML comment for publicly visible type or member 'ResolveContextRequest' [/home/lysander/repos/bannou/bannou-service/bannou-service.csproj]
/home/lysander/repos/bannou/bannou-service/Generated/Models/BehaviorModels.cs(198,29): warning CS1591: Missing XML comment for publicly visible type or member 'ResolveContextRequest.CharacterContext' [/home/lysander/repos/bannou/bannou-service/bannou-service.csproj]
/home/lysander/repos/bannou/bannou-service/Generated/Models/BehaviorModels.cs(203,68): warning CS1591: Missing XML comment for publicly visible type or member 'ResolveContextRequest.AdditionalProperties' [/home/lysander/repos/bannou/bannou-service/bannou-service.csproj]
/home/lysander/repos/bannou/bannou-service/Generated/Models/BehaviorModels.cs(212,22): warning CS1591: Missing XML comment for publicly visible type or member 'CompileBehaviorResponse' [/home/lysander/repos/bannou/bannou-service/bannou-service.csproj]
/home/lysander/repos/bannou/bannou-service/Generated/Models/BehaviorModels.cs(236,29): warning CS1591: Missing XML comment for publicly visible type or member 'CompileBehaviorResponse.CompiledBehavior' [/home/lysander/repos/bannou/bannou-service/bannou-service.csproj]
/home/lysander/repos/bannou/bannou-service/Generated/Models/BehaviorModels.cs(271,68): warning CS1591: Missing XML comment for publicly visible type or member 'CompileBehaviorResponse.AdditionalProperties' [/home/lysander/repos/bannou/bannou-service/bannou-service.csproj]
/home/lysander/repos/bannou/bannou-service/Generated/Models/BehaviorModels.cs(280,22): warning CS1591: Missing XML comment for publicly visible type or member 'ValidateAbmlResponse' [/home/lysander/repos/bannou/bannou-service/bannou-service.csproj]
/home/lysander/repos/bannou/bannou-service/Generated/Models/BehaviorModels.cs(310,68): warning CS1591: Missing XML comment for publicly visible type or member 'ValidateAbmlResponse.AdditionalProperties' [/home/lysander/repos/bannou/bannou-service/bannou-service.csproj]
/home/lysander/repos/bannou/bannou-service/Generated/Models/BehaviorModels.cs(319,22): warning CS1591: Missing XML comment for publicly visible type or member 'CachedBehaviorResponse' [/home/lysander/repos/bannou/bannou-service/bannou-service.csproj]
/home/lysander/repos/bannou/bannou-service/Generated/Models/BehaviorModels.cs(333,29): warning CS1591: Missing XML comment for publicly visible type or member 'CachedBehaviorResponse.CompiledBehavior' [/home/lysander/repos/bannou/bannou-service/bannou-service.csproj]
/home/lysander/repos/bannou/bannou-service/Generated/Models/BehaviorModels.cs(350,68): warning CS1591: Missing XML comment for publicly visible type or member 'CachedBehaviorResponse.AdditionalProperties' [/home/lysander/repos/bannou/bannou-service/bannou-service.csproj]
/home/lysander/repos/bannou/bannou-service/Generated/Models/BehaviorModels.cs(359,22): warning CS1591: Missing XML comment for publicly visible type or member 'ResolveContextResponse' [/home/lysander/repos/bannou/bannou-service/bannou-service.csproj]
/home/lysander/repos/bannou/bannou-service/Generated/Models/BehaviorModels.cs(386,68): warning CS1591: Missing XML comment for publicly visible type or member 'ResolveContextResponse.AdditionalProperties' [/home/lysander/repos/bannou/bannou-service/bannou-service.csproj]
/home/lysander/repos/bannou/bannou-service/Generated/Models/BehaviorModels.cs(395,22): warning CS1591: Missing XML comment for publicly visible type or member 'BehaviorSetDefinition' [/home/lysander/repos/bannou/bannou-service/bannou-service.csproj]
/home/lysander/repos/bannou/bannou-service/Generated/Models/BehaviorModels.cs(437,68): warning CS1591: Missing XML comment for publicly visible type or member 'BehaviorSetDefinition.AdditionalProperties' [/home/lysander/repos/bannou/bannou-service/bannou-service.csproj]
/home/lysander/repos/bannou/bannou-service/Generated/Models/BehaviorModels.cs(446,22): warning CS1591: Missing XML comment for publicly visible type or member 'CharacterContext' [/home/lysander/repos/bannou/bannou-service/bannou-service.csproj]
/home/lysander/repos/bannou/bannou-service/Generated/Models/BehaviorModels.cs(480,21): warning CS1591: Missing XML comment for publicly visible type or member 'CharacterContext.Location' [/home/lysander/repos/bannou/bannou-service/bannou-service.csproj]
/home/lysander/repos/bannou/bannou-service/Generated/Models/BehaviorModels.cs(497,68): warning CS1591: Missing XML comment for publicly visible type or member 'CharacterContext.AdditionalProperties' [/home/lysander/repos/bannou/bannou-service/bannou-service.csproj]
/home/lysander/repos/bannou/bannou-service/Generated/Models/BehaviorModels.cs(533,68): warning CS1591: Missing XML comment for publicly visible type or member 'BehaviorTreeData.AdditionalProperties' [/home/lysander/repos/bannou/bannou-service/bannou-service.csproj]
/home/lysander/repos/bannou/bannou-service/Generated/Models/BehaviorModels.cs(551,68): warning CS1591: Missing XML comment for publicly visible type or member 'ContextSchemaData.AdditionalProperties' [/home/lysander/repos/bannou/bannou-service/bannou-service.csproj]
/home/lysander/repos/bannou/bannou-service/Generated/Models/BehaviorModels.cs(560,22): warning CS1591: Missing XML comment for publicly visible type or member 'CompiledBehavior' [/home/lysander/repos/bannou/bannou-service/bannou-service.csproj]
/home/lysander/repos/bannou/bannou-service/Generated/Models/BehaviorModels.cs(566,29): warning CS1591: Missing XML comment for publicly visible type or member 'CompiledBehavior.BehaviorTree' [/home/lysander/repos/bannou/bannou-service/bannou-service.csproj]
/home/lysander/repos/bannou/bannou-service/Generated/Models/BehaviorModels.cs(571,30): warning CS1591: Missing XML comment for publicly visible type or member 'CompiledBehavior.ContextSchema' [/home/lysander/repos/bannou/bannou-service/bannou-service.csproj]
/home/lysander/repos/bannou/bannou-service/Generated/Models/BehaviorModels.cs(586,30): warning CS1591: Missing XML comment for publicly visible type or member 'CompiledBehavior.ExecutionMetadata' [/home/lysander/repos/bannou/bannou-service/bannou-service.csproj]
/home/lysander/repos/bannou/bannou-service/Generated/Models/BehaviorModels.cs(591,68): warning CS1591: Missing XML comment for publicly visible type or member 'CompiledBehavior.AdditionalProperties' [/home/lysander/repos/bannou/bannou-service/bannou-service.csproj]
/home/lysander/repos/bannou/bannou-service/Generated/Models/BehaviorModels.cs(600,22): warning CS1591: Missing XML comment for publicly visible type or member 'GoapGoal' [/home/lysander/repos/bannou/bannou-service/bannou-service.csproj]
/home/lysander/repos/bannou/bannou-service/Generated/Models/BehaviorModels.cs(641,68): warning CS1591: Missing XML comment for publicly visible type or member 'GoapGoal.AdditionalProperties' [/home/lysander/repos/bannou/bannou-service/bannou-service.csproj]
/home/lysander/repos/bannou/bannou-service/Generated/Models/BehaviorModels.cs(650,22): warning CS1591: Missing XML comment for publicly visible type or member 'GoapPlanRequest' [/home/lysander/repos/bannou/bannou-service/bannou-service.csproj]
/home/lysander/repos/bannou/bannou-service/Generated/Models/BehaviorModels.cs(662,21): warning CS1591: Missing XML comment for publicly visible type or member 'GoapPlanRequest.Goal' [/home/lysander/repos/bannou/bannou-service/bannou-service.csproj]
/home/lysander/repos/bannou/bannou-service/Generated/Models/BehaviorModels.cs(681,32): warning CS1591: Missing XML comment for publicly visible type or member 'GoapPlanRequest.Options' [/home/lysander/repos/bannou/bannou-service/bannou-service.csproj]
/home/lysander/repos/bannou/bannou-service/Generated/Models/BehaviorModels.cs(686,68): warning CS1591: Missing XML comment for publicly visible type or member 'GoapPlanRequest.AdditionalProperties' [/home/lysander/repos/bannou/bannou-service/bannou-service.csproj]
/home/lysander/repos/bannou/bannou-service/Generated/Models/BehaviorModels.cs(695,22): warning CS1591: Missing XML comment for publicly visible type or member 'GoapPlanResponse' [/home/lysander/repos/bannou/bannou-service/bannou-service.csproj]
/home/lysander/repos/bannou/bannou-service/Generated/Models/BehaviorModels.cs(705,27): warning CS1591: Missing XML comment for publicly visible type or member 'GoapPlanResponse.Plan' [/home/lysander/repos/bannou/bannou-service/bannou-service.csproj]
/home/lysander/repos/bannou/bannou-service/Generated/Models/BehaviorModels.cs(728,68): warning CS1591: Missing XML comment for publicly visible type or member 'GoapPlanResponse.AdditionalProperties' [/home/lysander/repos/bannou/bannou-service/bannou-service.csproj]
/home/lysander/repos/bannou/bannou-service/Generated/Models/BehaviorModels.cs(737,22): warning CS1591: Missing XML comment for publicly visible type or member 'GoapPlanResult' [/home/lysander/repos/bannou/bannou-service/bannou-service.csproj]
/home/lysander/repos/bannou/bannou-service/Generated/Models/BehaviorModels.cs(765,68): warning CS1591: Missing XML comment for publicly visible type or member 'GoapPlanResult.AdditionalProperties' [/home/lysander/repos/bannou/bannou-service/bannou-service.csproj]
/home/lysander/repos/bannou/bannou-service/Generated/Models/BehaviorModels.cs(774,22): warning CS1591: Missing XML comment for publicly visible type or member 'PlannedActionResponse' [/home/lysander/repos/bannou/bannou-service/bannou-service.csproj]
/home/lysander/repos/bannou/bannou-service/Generated/Models/BehaviorModels.cs(800,68): warning CS1591: Missing XML comment for publicly visible type or member 'PlannedActionResponse.AdditionalProperties' [/home/lysander/repos/bannou/bannou-service/bannou-service.csproj]
/home/lysander/repos/bannou/bannou-service/Generated/Models/BehaviorModels.cs(809,22): warning CS1591: Missing XML comment for publicly visible type or member 'ValidateGoapPlanRequest' [/home/lysander/repos/bannou/bannou-service/bannou-service.csproj]
/home/lysander/repos/bannou/bannou-service/Generated/Models/BehaviorModels.cs(815,27): warning CS1591: Missing XML comment for publicly visible type or member 'ValidateGoapPlanRequest.Plan' [/home/lysander/repos/bannou/bannou-service/bannou-service.csproj]
/home/lysander/repos/bannou/bannou-service/Generated/Models/BehaviorModels.cs(840,68): warning CS1591: Missing XML comment for publicly visible type or member 'ValidateGoapPlanRequest.AdditionalProperties' [/home/lysander/repos/bannou/bannou-service/bannou-service.csproj]
/home/lysander/repos/bannou/bannou-service/Generated/Models/BehaviorModels.cs(849,22): warning CS1591: Missing XML comment for publicly visible type or member 'ValidateGoapPlanResponse' [/home/lysander/repos/bannou/bannou-service/bannou-service.csproj]
/home/lysander/repos/bannou/bannou-service/Generated/Models/BehaviorModels.cs(891,68): warning CS1591: Missing XML comment for publicly visible type or member 'ValidateGoapPlanResponse.AdditionalProperties' [/home/lysander/repos/bannou/bannou-service/bannou-service.csproj]
/home/lysander/repos/bannou/bannou-service/Generated/Models/BehaviorModels.cs(900,22): warning CS1591: Missing XML comment for publicly visible type or member 'GoapPlanningOptions' [/home/lysander/repos/bannou/bannou-service/bannou-service.csproj]
/home/lysander/repos/bannou/bannou-service/Generated/Models/BehaviorModels.cs(924,68): warning CS1591: Missing XML comment for publicly visible type or member 'GoapPlanningOptions.AdditionalProperties' [/home/lysander/repos/bannou/bannou-service/bannou-service.csproj]
/home/lysander/repos/bannou/bannou-service/Generated/Models/BehaviorModels.cs(933,22): warning CS1591: Missing XML comment for publicly visible type or member 'CompilationOptions' [/home/lysander/repos/bannou/bannou-service/bannou-service.csproj]
/home/lysander/repos/bannou/bannou-service/Generated/Models/BehaviorModels.cs(969,68): warning CS1591: Missing XML comment for publicly visible type or member 'CompilationOptions.AdditionalProperties' [/home/lysander/repos/bannou/bannou-service/bannou-service.csproj]
/home/lysander/repos/bannou/bannou-service/Generated/Models/BehaviorModels.cs(978,22): warning CS1591: Missing XML comment for publicly visible type or member 'ValidationError' [/home/lysander/repos/bannou/bannou-service/bannou-service.csproj]
/home/lysander/repos/bannou/bannou-service/Generated/Models/BehaviorModels.cs(1019,68): warning CS1591: Missing XML comment for publicly visible type or member 'ValidationError.AdditionalProperties' [/home/lysander/repos/bannou/bannou-service/bannou-service.csproj]
/home/lysander/repos/bannou/bannou-service/Generated/Models/BehaviorModels.cs(1028,22): warning CS1591: Missing XML comment for publicly visible type or member 'AbmlErrorResponse' [/home/lysander/repos/bannou/bannou-service/bannou-service.csproj]
/home/lysander/repos/bannou/bannou-service/Generated/Models/BehaviorModels.cs(1084,68): warning CS1591: Missing XML comment for publicly visible type or member 'AbmlErrorResponse.AdditionalProperties' [/home/lysander/repos/bannou/bannou-service/bannou-service.csproj]
/home/lysander/repos/bannou/bannou-service/Generated/Models/BehaviorModels.cs(1093,13): warning CS1591: Missing XML comment for publicly visible type or member 'CompileBehaviorRequestBehaviorCategory' [/home/lysander/repos/bannou/bannou-service/bannou-service.csproj]
/home/lysander/repos/bannou/bannou-service/Generated/Models/BehaviorModels.cs(1097,5): warning CS1591: Missing XML comment for publicly visible type or member 'CompileBehaviorRequestBehaviorCategory.Base' [/home/lysander/repos/bannou/bannou-service/bannou-service.csproj]
/home/lysander/repos/bannou/bannou-service/Generated/Models/BehaviorModels.cs(1100,5): warning CS1591: Missing XML comment for publicly visible type or member 'CompileBehaviorRequestBehaviorCategory.Cultural' [/home/lysander/repos/bannou/bannou-service/bannou-service.csproj]
/home/lysander/repos/bannou/bannou-service/Generated/Models/BehaviorModels.cs(1103,5): warning CS1591: Missing XML comment for publicly visible type or member 'CompileBehaviorRequestBehaviorCategory.Professional' [/home/lysander/repos/bannou/bannou-service/bannou-service.csproj]
/home/lysander/repos/bannou/bannou-service/Generated/Models/BehaviorModels.cs(1106,5): warning CS1591: Missing XML comment for publicly visible type or member 'CompileBehaviorRequestBehaviorCategory.Personal' [/home/lysander/repos/bannou/bannou-service/bannou-service.csproj]
/home/lysander/repos/bannou/bannou-service/Generated/Models/BehaviorModels.cs(1109,5): warning CS1591: Missing XML comment for publicly visible type or member 'CompileBehaviorRequestBehaviorCategory.Situational' [/home/lysander/repos/bannou/bannou-service/bannou-service.csproj]
/home/lysander/repos/bannou/bannou-service/Generated/Models/BehaviorModels.cs(1112,5): warning CS1591: Missing XML comment for publicly visible type or member 'CompileBehaviorRequestBehaviorCategory.Ambient' [/home/lysander/repos/bannou/bannou-service/bannou-service.csproj]
/home/lysander/repos/bannou/bannou-service/Generated/Models/BehaviorModels.cs(1117,13): warning CS1591: Missing XML comment for publicly visible type or member 'ResolveContextResponseResolvedType' [/home/lysander/repos/bannou/bannou-service/bannou-service.csproj]
/home/lysander/repos/bannou/bannou-service/Generated/Models/BehaviorModels.cs(1121,5): warning CS1591: Missing XML comment for publicly visible type or member 'ResolveContextResponseResolvedType.Boolean' [/home/lysander/repos/bannou/bannou-service/bannou-service.csproj]
/home/lysander/repos/bannou/bannou-service/Generated/Models/BehaviorModels.cs(1124,5): warning CS1591: Missing XML comment for publicly visible type or member 'ResolveContextResponseResolvedType.String' [/home/lysander/repos/bannou/bannou-service/bannou-service.csproj]
/home/lysander/repos/bannou/bannou-service/Generated/Models/BehaviorModels.cs(1127,5): warning CS1591: Missing XML comment for publicly visible type or member 'ResolveContextResponseResolvedType.Number' [/home/lysander/repos/bannou/bannou-service/bannou-service.csproj]
/home/lysander/repos/bannou/bannou-service/Generated/Models/BehaviorModels.cs(1130,5): warning CS1591: Missing XML comment for publicly visible type or member 'ResolveContextResponseResolvedType.Object' [/home/lysander/repos/bannou/bannou-service/bannou-service.csproj]
/home/lysander/repos/bannou/bannou-service/Generated/Models/BehaviorModels.cs(1133,5): warning CS1591: Missing XML comment for publicly visible type or member 'ResolveContextResponseResolvedType.Array' [/home/lysander/repos/bannou/bannou-service/bannou-service.csproj]
/home/lysander/repos/bannou/bannou-service/Generated/Models/BehaviorModels.cs(1138,13): warning CS1591: Missing XML comment for publicly visible type or member 'BehaviorSetDefinitionCategory' [/home/lysander/repos/bannou/bannou-service/bannou-service.csproj]
/home/lysander/repos/bannou/bannou-service/Generated/Models/BehaviorModels.cs(1142,5): warning CS1591: Missing XML comment for publicly visible type or member 'BehaviorSetDefinitionCategory.Base' [/home/lysander/repos/bannou/bannou-service/bannou-service.csproj]
/home/lysander/repos/bannou/bannou-service/Generated/Models/BehaviorModels.cs(1145,5): warning CS1591: Missing XML comment for publicly visible type or member 'BehaviorSetDefinitionCategory.Cultural' [/home/lysander/repos/bannou/bannou-service/bannou-service.csproj]
/home/lysander/repos/bannou/bannou-service/Generated/Models/BehaviorModels.cs(1148,5): warning CS1591: Missing XML comment for publicly visible type or member 'BehaviorSetDefinitionCategory.Professional' [/home/lysander/repos/bannou/bannou-service/bannou-service.csproj]
/home/lysander/repos/bannou/bannou-service/Generated/Models/BehaviorModels.cs(1151,5): warning CS1591: Missing XML comment for publicly visible type or member 'BehaviorSetDefinitionCategory.Personal' [/home/lysander/repos/bannou/bannou-service/bannou-service.csproj]
/home/lysander/repos/bannou/bannou-service/Generated/Models/BehaviorModels.cs(1154,5): warning CS1591: Missing XML comment for publicly visible type or member 'BehaviorSetDefinitionCategory.Situational' [/home/lysander/repos/bannou/bannou-service/bannou-service.csproj]
/home/lysander/repos/bannou/bannou-service/Generated/Models/BehaviorModels.cs(1159,22): warning CS1591: Missing XML comment for publicly visible type or member 'Location' [/home/lysander/repos/bannou/bannou-service/bannou-service.csproj]
/home/lysander/repos/bannou/bannou-service/Generated/Models/BehaviorModels.cs(1163,19): warning CS1591: Missing XML comment for publicly visible type or member 'Location.Current' [/home/lysander/repos/bannou/bannou-service/bannou-service.csproj]
/home/lysander/repos/bannou/bannou-service/Generated/Models/BehaviorModels.cs(1166,19): warning CS1591: Missing XML comment for publicly visible type or member 'Location.Region' [/home/lysander/repos/bannou/bannou-service/bannou-service.csproj]
/home/lysander/repos/bannou/bannou-service/Generated/Models/BehaviorModels.cs(1169,24): warning CS1591: Missing XML comment for publicly visible type or member 'Location.Coordinates' [/home/lysander/repos/bannou/bannou-service/bannou-service.csproj]
/home/lysander/repos/bannou/bannou-service/Generated/Models/BehaviorModels.cs(1174,68): warning CS1591: Missing XML comment for publicly visible type or member 'Location.AdditionalProperties' [/home/lysander/repos/bannou/bannou-service/bannou-service.csproj]
/home/lysander/repos/bannou/bannou-service/Generated/Models/BehaviorModels.cs(1183,22): warning CS1591: Missing XML comment for publicly visible type or member 'ExecutionMetadata' [/home/lysander/repos/bannou/bannou-service/bannou-service.csproj]
/home/lysander/repos/bannou/bannou-service/Generated/Models/BehaviorModels.cs(1193,67): warning CS1591: Missing XML comment for publicly visible type or member 'ExecutionMetadata.ResourceRequirements' [/home/lysander/repos/bannou/bannou-service/bannou-service.csproj]
/home/lysander/repos/bannou/bannou-service/Generated/Models/BehaviorModels.cs(1196,59): warning CS1591: Missing XML comment for publicly visible type or member 'ExecutionMetadata.InterruptConditions' [/home/lysander/repos/bannou/bannou-service/bannou-service.csproj]
/home/lysander/repos/bannou/bannou-service/Generated/Models/BehaviorModels.cs(1201,68): warning CS1591: Missing XML comment for publicly visible type or member 'ExecutionMetadata.AdditionalProperties' [/home/lysander/repos/bannou/bannou-service/bannou-service.csproj]
/home/lysander/repos/bannou/bannou-service/Generated/Models/BehaviorModels.cs(1210,13): warning CS1591: Missing XML comment for publicly visible type or member 'ValidateGoapPlanResponseReason' [/home/lysander/repos/bannou/bannou-service/bannou-service.csproj]
/home/lysander/repos/bannou/bannou-service/Generated/Models/BehaviorModels.cs(1214,5): warning CS1591: Missing XML comment for publicly visible type or member 'ValidateGoapPlanResponseReason.None' [/home/lysander/repos/bannou/bannou-service/bannou-service.csproj]
/home/lysander/repos/bannou/bannou-service/Generated/Models/BehaviorModels.cs(1217,5): warning CS1591: Missing XML comment for publicly visible type or member 'ValidateGoapPlanResponseReason.PreconditionInvalidated' [/home/lysander/repos/bannou/bannou-service/bannou-service.csproj]
/home/lysander/repos/bannou/bannou-service/Generated/Models/BehaviorModels.cs(1220,5): warning CS1591: Missing XML comment for publicly visible type or member 'ValidateGoapPlanResponseReason.ActionFailed' [/home/lysander/repos/bannou/bannou-service/bannou-service.csproj]
/home/lysander/repos/bannou/bannou-service/Generated/Models/BehaviorModels.cs(1223,5): warning CS1591: Missing XML comment for publicly visible type or member 'ValidateGoapPlanResponseReason.BetterGoalAvailable' [/home/lysander/repos/bannou/bannou-service/bannou-service.csproj]
/home/lysander/repos/bannou/bannou-service/Generated/Models/BehaviorModels.cs(1226,5): warning CS1591: Missing XML comment for publicly visible type or member 'ValidateGoapPlanResponseReason.PlanCompleted' [/home/lysander/repos/bannou/bannou-service/bannou-service.csproj]
/home/lysander/repos/bannou/bannou-service/Generated/Models/BehaviorModels.cs(1229,5): warning CS1591: Missing XML comment for publicly visible type or member 'ValidateGoapPlanResponseReason.GoalAlreadySatisfied' [/home/lysander/repos/bannou/bannou-service/bannou-service.csproj]
/home/lysander/repos/bannou/bannou-service/Generated/Models/BehaviorModels.cs(1232,5): warning CS1591: Missing XML comment for publicly visible type or member 'ValidateGoapPlanResponseReason.SuboptimalPlan' [/home/lysander/repos/bannou/bannou-service/bannou-service.csproj]
/home/lysander/repos/bannou/bannou-service/Generated/Models/BehaviorModels.cs(1237,13): warning CS1591: Missing XML comment for publicly visible type or member 'ValidateGoapPlanResponseSuggestedAction' [/home/lysander/repos/bannou/bannou-service/bannou-service.csproj]
/home/lysander/repos/bannou/bannou-service/Generated/Models/BehaviorModels.cs(1241,5): warning CS1591: Missing XML comment for publicly visible type or member 'ValidateGoapPlanResponseSuggestedAction.Continue' [/home/lysander/repos/bannou/bannou-service/bannou-service.csproj]
/home/lysander/repos/bannou/bannou-service/Generated/Models/BehaviorModels.cs(1244,5): warning CS1591: Missing XML comment for publicly visible type or member 'ValidateGoapPlanResponseSuggestedAction.Replan' [/home/lysander/repos/bannou/bannou-service/bannou-service.csproj]
/home/lysander/repos/bannou/bannou-service/Generated/Models/BehaviorModels.cs(1247,5): warning CS1591: Missing XML comment for publicly visible type or member 'ValidateGoapPlanResponseSuggestedAction.Abort' [/home/lysander/repos/bannou/bannou-service/bannou-service.csproj]
/home/lysander/repos/bannou/bannou-service/Generated/Models/BehaviorModels.cs(1252,13): warning CS1591: Missing XML comment for publicly visible type or member 'ValidationErrorType' [/home/lysander/repos/bannou/bannou-service/bannou-service.csproj]
/home/lysander/repos/bannou/bannou-service/Generated/Models/BehaviorModels.cs(1256,5): warning CS1591: Missing XML comment for publicly visible type or member 'ValidationErrorType.Syntax' [/home/lysander/repos/bannou/bannou-service/bannou-service.csproj]
/home/lysander/repos/bannou/bannou-service/Generated/Models/BehaviorModels.cs(1259,5): warning CS1591: Missing XML comment for publicly visible type or member 'ValidationErrorType.Semantic' [/home/lysander/repos/bannou/bannou-service/bannou-service.csproj]
/home/lysander/repos/bannou/bannou-service/Generated/Models/BehaviorModels.cs(1262,5): warning CS1591: Missing XML comment for publicly visible type or member 'ValidationErrorType.Schema' [/home/lysander/repos/bannou/bannou-service/bannou-service.csproj]
/home/lysander/repos/bannou/bannou-service/Generated/Models/BehaviorModels.cs(1265,5): warning CS1591: Missing XML comment for publicly visible type or member 'ValidationErrorType.Context' [/home/lysander/repos/bannou/bannou-service/bannou-service.csproj]
/home/lysander/repos/bannou/bannou-service/Generated/Models/BehaviorModels.cs(1268,5): warning CS1591: Missing XML comment for publicly visible type or member 'ValidationErrorType.Service_dependency' [/home/lysander/repos/bannou/bannou-service/bannou-service.csproj]
/home/lysander/repos/bannou/bannou-service/Generated/Models/BehaviorModels.cs(1273,22): warning CS1591: Missing XML comment for publicly visible type or member 'Coordinates' [/home/lysander/repos/bannou/bannou-service/bannou-service.csproj]
/home/lysander/repos/bannou/bannou-service/Generated/Models/BehaviorModels.cs(1277,19): warning CS1591: Missing XML comment for publicly visible type or member 'Coordinates.X' [/home/lysander/repos/bannou/bannou-service/bannou-service.csproj]
/home/lysander/repos/bannou/bannou-service/Generated/Models/BehaviorModels.cs(1280,19): warning CS1591: Missing XML comment for publicly visible type or member 'Coordinates.Y' [/home/lysander/repos/bannou/bannou-service/bannou-service.csproj]
/home/lysander/repos/bannou/bannou-service/Generated/Models/BehaviorModels.cs(1283,19): warning CS1591: Missing XML comment for publicly visible type or member 'Coordinates.Z' [/home/lysander/repos/bannou/bannou-service/bannou-service.csproj]
/home/lysander/repos/bannou/bannou-service/Generated/Models/BehaviorModels.cs(1288,68): warning CS1591: Missing XML comment for publicly visible type or member 'Coordinates.AdditionalProperties' [/home/lysander/repos/bannou/bannou-service/bannou-service.csproj]
/home/lysander/repos/bannou/bannou-service/Generated/Clients/CharacterClient.cs(19,26): warning CS1591: Missing XML comment for publicly visible type or member 'ICharacterClient' [/home/lysander/repos/bannou/bannou-service/bannou-service.csproj]
/home/lysander/repos/bannou/bannou-service/Generated/Clients/CharacterClient.cs(28,96): warning CS1573: Parameter 'body' has no matching param tag in the XML comment for 'ICharacterClient.CreateCharacterAsync(CreateCharacterRequest, CancellationToken)' (but other parameters do) [/home/lysander/repos/bannou/bannou-service/bannou-service.csproj]
/home/lysander/repos/bannou/bannou-service/Generated/Clients/CharacterClient.cs(36,90): warning CS1573: Parameter 'body' has no matching param tag in the XML comment for 'ICharacterClient.GetCharacterAsync(GetCharacterRequest, CancellationToken)' (but other parameters do) [/home/lysander/repos/bannou/bannou-service/bannou-service.csproj]
/home/lysander/repos/bannou/bannou-service/Generated/Clients/CharacterClient.cs(44,96): warning CS1573: Parameter 'body' has no matching param tag in the XML comment for 'ICharacterClient.UpdateCharacterAsync(UpdateCharacterRequest, CancellationToken)' (but other parameters do) [/home/lysander/repos/bannou/bannou-service/bannou-service.csproj]
/home/lysander/repos/bannou/bannou-service/Generated/Clients/CharacterClient.cs(52,77): warning CS1573: Parameter 'body' has no matching param tag in the XML comment for 'ICharacterClient.DeleteCharacterAsync(DeleteCharacterRequest, CancellationToken)' (but other parameters do) [/home/lysander/repos/bannou/bannou-service/bannou-service.csproj]
/home/lysander/repos/bannou/bannou-service/Generated/Clients/CharacterClient.cs(60,98): warning CS1573: Parameter 'body' has no matching param tag in the XML comment for 'ICharacterClient.ListCharactersAsync(ListCharactersRequest, CancellationToken)' (but other parameters do) [/home/lysander/repos/bannou/bannou-service/bannou-service.csproj]
/home/lysander/repos/bannou/bannou-service/Generated/Clients/CharacterClient.cs(68,110): warning CS1573: Parameter 'body' has no matching param tag in the XML comment for 'ICharacterClient.GetCharactersByRealmAsync(GetCharactersByRealmRequest, CancellationToken)' (but other parameters do) [/home/lysander/repos/bannou/bannou-service/bannou-service.csproj]
/home/lysander/repos/bannou/bannou-service/Generated/Clients/CharacterClient.cs(72,22): warning CS1591: Missing XML comment for publicly visible type or member 'CharacterClient' [/home/lysander/repos/bannou/bannou-service/bannou-service.csproj]
/home/lysander/repos/bannou/bannou-service/Generated/Clients/CharacterClient.cs(92,12): warning CS1591: Missing XML comment for publicly visible type or member 'CharacterClient.CharacterClient(IMeshInvocationClient, IServiceAppMappingResolver, ILogger<CharacterClient>?)' [/home/lysander/repos/bannou/bannou-service/bannou-service.csproj]
/home/lysander/repos/bannou/bannou-service/Generated/Clients/CharacterClient.cs(100,54): warning CS1591: Missing XML comment for publicly visible type or member 'CharacterClient.JsonSerializerSettings' [/home/lysander/repos/bannou/bannou-service/bannou-service.csproj]
/home/lysander/repos/bannou/bannou-service/Generated/Clients/CharacterClient.cs(200,117): warning CS1573: Parameter 'body' has no matching param tag in the XML comment for 'CharacterClient.CreateCharacterAsync(CreateCharacterRequest, CancellationToken)' (but other parameters do) [/home/lysander/repos/bannou/bannou-service/bannou-service.csproj]
/home/lysander/repos/bannou/bannou-service/Generated/Clients/CharacterClient.cs(291,111): warning CS1573: Parameter 'body' has no matching param tag in the XML comment for 'CharacterClient.GetCharacterAsync(GetCharacterRequest, CancellationToken)' (but other parameters do) [/home/lysander/repos/bannou/bannou-service/bannou-service.csproj]
/home/lysander/repos/bannou/bannou-service/Generated/Clients/CharacterClient.cs(376,117): warning CS1573: Parameter 'body' has no matching param tag in the XML comment for 'CharacterClient.UpdateCharacterAsync(UpdateCharacterRequest, CancellationToken)' (but other parameters do) [/home/lysander/repos/bannou/bannou-service/bannou-service.csproj]
/home/lysander/repos/bannou/bannou-service/Generated/Clients/CharacterClient.cs(467,98): warning CS1573: Parameter 'body' has no matching param tag in the XML comment for 'CharacterClient.DeleteCharacterAsync(DeleteCharacterRequest, CancellationToken)' (but other parameters do) [/home/lysander/repos/bannou/bannou-service/bannou-service.csproj]
/home/lysander/repos/bannou/bannou-service/Generated/Clients/CharacterClient.cs(546,119): warning CS1573: Parameter 'body' has no matching param tag in the XML comment for 'CharacterClient.ListCharactersAsync(ListCharactersRequest, CancellationToken)' (but other parameters do) [/home/lysander/repos/bannou/bannou-service/bannou-service.csproj]
/home/lysander/repos/bannou/bannou-service/Generated/Clients/CharacterClient.cs(625,131): warning CS1573: Parameter 'body' has no matching param tag in the XML comment for 'CharacterClient.GetCharactersByRealmAsync(GetCharactersByRealmRequest, CancellationToken)' (but other parameters do) [/home/lysander/repos/bannou/bannou-service/bannou-service.csproj]
/home/lysander/repos/bannou/bannou-service/Generated/Clients/CharacterClient.cs(698,22): warning CS1591: Missing XML comment for publicly visible type or member 'CharacterClient.ObjectResponseResult<T>' [/home/lysander/repos/bannou/bannou-service/bannou-service.csproj]
/home/lysander/repos/bannou/bannou-service/Generated/Clients/CharacterClient.cs(700,16): warning CS1591: Missing XML comment for publicly visible type or member 'CharacterClient.ObjectResponseResult<T>.ObjectResponseResult(T, string)' [/home/lysander/repos/bannou/bannou-service/bannou-service.csproj]
/home/lysander/repos/bannou/bannou-service/Generated/Clients/CharacterClient.cs(706,18): warning CS1591: Missing XML comment for publicly visible type or member 'CharacterClient.ObjectResponseResult<T>.Object' [/home/lysander/repos/bannou/bannou-service/bannou-service.csproj]
/home/lysander/repos/bannou/bannou-service/Generated/Clients/CharacterClient.cs(708,23): warning CS1591: Missing XML comment for publicly visible type or member 'CharacterClient.ObjectResponseResult<T>.Text' [/home/lysander/repos/bannou/bannou-service/bannou-service.csproj]
/home/lysander/repos/bannou/bannou-service/Generated/Clients/CharacterClient.cs(731,17): warning CS1591: Missing XML comment for publicly visible type or member 'CharacterClient.ReadResponseAsString' [/home/lysander/repos/bannou/bannou-service/bannou-service.csproj]
/home/lysander/repos/bannou/bannou-service/Generated/Clients/CharacterClient.cs(733,86): warning CS1591: Missing XML comment for publicly visible type or member 'CharacterClient.ReadObjectResponseAsync<T>(HttpResponseMessage, IReadOnlyDictionary<string, IEnumerable<string>>, CancellationToken)' [/home/lysander/repos/bannou/bannou-service/bannou-service.csproj]
/home/lysander/repos/bannou/bannou-service/Generated/Models/CharacterModels.cs(25,5): warning CS1591: Missing XML comment for publicly visible type or member 'CharacterStatus.Alive' [/home/lysander/repos/bannou/bannou-service/bannou-service.csproj]
/home/lysander/repos/bannou/bannou-service/Generated/Models/CharacterModels.cs(28,5): warning CS1591: Missing XML comment for publicly visible type or member 'CharacterStatus.Dead' [/home/lysander/repos/bannou/bannou-service/bannou-service.csproj]
/home/lysander/repos/bannou/bannou-service/Generated/Models/CharacterModels.cs(31,5): warning CS1591: Missing XML comment for publicly visible type or member 'CharacterStatus.Dormant' [/home/lysander/repos/bannou/bannou-service/bannou-service.csproj]
/home/lysander/repos/bannou/bannou-service/Generated/Models/CharacterModels.cs(36,22): warning CS1591: Missing XML comment for publicly visible type or member 'CreateCharacterRequest' [/home/lysander/repos/bannou/bannou-service/bannou-service.csproj]
/home/lysander/repos/bannou/bannou-service/Generated/Models/CharacterModels.cs(74,28): warning CS1591: Missing XML comment for publicly visible type or member 'CreateCharacterRequest.Status' [/home/lysander/repos/bannou/bannou-service/bannou-service.csproj]
/home/lysander/repos/bannou/bannou-service/Generated/Models/CharacterModels.cs(79,68): warning CS1591: Missing XML comment for publicly visible type or member 'CreateCharacterRequest.AdditionalProperties' [/home/lysander/repos/bannou/bannou-service/bannou-service.csproj]
/home/lysander/repos/bannou/bannou-service/Generated/Models/CharacterModels.cs(88,22): warning CS1591: Missing XML comment for publicly visible type or member 'GetCharacterRequest' [/home/lysander/repos/bannou/bannou-service/bannou-service.csproj]
/home/lysander/repos/bannou/bannou-service/Generated/Models/CharacterModels.cs(102,68): warning CS1591: Missing XML comment for publicly visible type or member 'GetCharacterRequest.AdditionalProperties' [/home/lysander/repos/bannou/bannou-service/bannou-service.csproj]
/home/lysander/repos/bannou/bannou-service/Generated/Models/CharacterModels.cs(111,22): warning CS1591: Missing XML comment for publicly visible type or member 'UpdateCharacterRequest' [/home/lysander/repos/bannou/bannou-service/bannou-service.csproj]
/home/lysander/repos/bannou/bannou-service/Generated/Models/CharacterModels.cs(124,20): warning CS1591: Missing XML comment for publicly visible type or member 'UpdateCharacterRequest.Name' [/home/lysander/repos/bannou/bannou-service/bannou-service.csproj]
/home/lysander/repos/bannou/bannou-service/Generated/Models/CharacterModels.cs(134,29): warning CS1591: Missing XML comment for publicly visible type or member 'UpdateCharacterRequest.Status' [/home/lysander/repos/bannou/bannou-service/bannou-service.csproj]
/home/lysander/repos/bannou/bannou-service/Generated/Models/CharacterModels.cs(145,68): warning CS1591: Missing XML comment for publicly visible type or member 'UpdateCharacterRequest.AdditionalProperties' [/home/lysander/repos/bannou/bannou-service/bannou-service.csproj]
/home/lysander/repos/bannou/bannou-service/Generated/Models/CharacterModels.cs(154,22): warning CS1591: Missing XML comment for publicly visible type or member 'DeleteCharacterRequest' [/home/lysander/repos/bannou/bannou-service/bannou-service.csproj]
/home/lysander/repos/bannou/bannou-service/Generated/Models/CharacterModels.cs(168,68): warning CS1591: Missing XML comment for publicly visible type or member 'DeleteCharacterRequest.AdditionalProperties' [/home/lysander/repos/bannou/bannou-service/bannou-service.csproj]
/home/lysander/repos/bannou/bannou-service/Generated/Models/CharacterModels.cs(177,22): warning CS1591: Missing XML comment for publicly visible type or member 'ListCharactersRequest' [/home/lysander/repos/bannou/bannou-service/bannou-service.csproj]
/home/lysander/repos/bannou/bannou-service/Generated/Models/CharacterModels.cs(201,16): warning CS1591: Missing XML comment for publicly visible type or member 'ListCharactersRequest.Page' [/home/lysander/repos/bannou/bannou-service/bannou-service.csproj]
/home/lysander/repos/bannou/bannou-service/Generated/Models/CharacterModels.cs(205,16): warning CS1591: Missing XML comment for publicly visible type or member 'ListCharactersRequest.PageSize' [/home/lysander/repos/bannou/bannou-service/bannou-service.csproj]
/home/lysander/repos/bannou/bannou-service/Generated/Models/CharacterModels.cs(210,68): warning CS1591: Missing XML comment for publicly visible type or member 'ListCharactersRequest.AdditionalProperties' [/home/lysander/repos/bannou/bannou-service/bannou-service.csproj]
/home/lysander/repos/bannou/bannou-service/Generated/Models/CharacterModels.cs(219,22): warning CS1591: Missing XML comment for publicly visible type or member 'GetCharactersByRealmRequest' [/home/lysander/repos/bannou/bannou-service/bannou-service.csproj]
/home/lysander/repos/bannou/bannou-service/Generated/Models/CharacterModels.cs(245,16): warning CS1591: Missing XML comment for publicly visible type or member 'GetCharactersByRealmRequest.Page' [/home/lysander/repos/bannou/bannou-service/bannou-service.csproj]
/home/lysander/repos/bannou/bannou-service/Generated/Models/CharacterModels.cs(249,16): warning CS1591: Missing XML comment for publicly visible type or member 'GetCharactersByRealmRequest.PageSize' [/home/lysander/repos/bannou/bannou-service/bannou-service.csproj]
/home/lysander/repos/bannou/bannou-service/Generated/Models/CharacterModels.cs(254,68): warning CS1591: Missing XML comment for publicly visible type or member 'GetCharactersByRealmRequest.AdditionalProperties' [/home/lysander/repos/bannou/bannou-service/bannou-service.csproj]
/home/lysander/repos/bannou/bannou-service/Generated/Models/CharacterModels.cs(263,22): warning CS1591: Missing XML comment for publicly visible type or member 'CharacterResponse' [/home/lysander/repos/bannou/bannou-service/bannou-service.csproj]
/home/lysander/repos/bannou/bannou-service/Generated/Models/CharacterModels.cs(269,24): warning CS1591: Missing XML comment for publicly visible type or member 'CharacterResponse.CharacterId' [/home/lysander/repos/bannou/bannou-service/bannou-service.csproj]
/home/lysander/repos/bannou/bannou-service/Generated/Models/CharacterModels.cs(274,19): warning CS1591: Missing XML comment for publicly visible type or member 'CharacterResponse.Name' [/home/lysander/repos/bannou/bannou-service/bannou-service.csproj]
/home/lysander/repos/bannou/bannou-service/Generated/Models/CharacterModels.cs(287,24): warning CS1591: Missing XML comment for publicly visible type or member 'CharacterResponse.SpeciesId' [/home/lysander/repos/bannou/bannou-service/bannou-service.csproj]
/home/lysander/repos/bannou/bannou-service/Generated/Models/CharacterModels.cs(307,28): warning CS1591: Missing XML comment for publicly visible type or member 'CharacterResponse.Status' [/home/lysander/repos/bannou/bannou-service/bannou-service.csproj]
/home/lysander/repos/bannou/bannou-service/Generated/Models/CharacterModels.cs(326,68): warning CS1591: Missing XML comment for publicly visible type or member 'CharacterResponse.AdditionalProperties' [/home/lysander/repos/bannou/bannou-service/bannou-service.csproj]
/home/lysander/repos/bannou/bannou-service/Generated/Models/CharacterModels.cs(335,22): warning CS1591: Missing XML comment for publicly visible type or member 'CharacterListResponse' [/home/lysander/repos/bannou/bannou-service/bannou-service.csproj]
/home/lysander/repos/bannou/bannou-service/Generated/Models/CharacterModels.cs(341,70): warning CS1591: Missing XML comment for publicly visible type or member 'CharacterListResponse.Characters' [/home/lysander/repos/bannou/bannou-service/bannou-service.csproj]
/home/lysander/repos/bannou/bannou-service/Generated/Models/CharacterModels.cs(344,16): warning CS1591: Missing XML comment for publicly visible type or member 'CharacterListResponse.TotalCount' [/home/lysander/repos/bannou/bannou-service/bannou-service.csproj]
/home/lysander/repos/bannou/bannou-service/Generated/Models/CharacterModels.cs(347,16): warning CS1591: Missing XML comment for publicly visible type or member 'CharacterListResponse.Page' [/home/lysander/repos/bannou/bannou-service/bannou-service.csproj]
/home/lysander/repos/bannou/bannou-service/Generated/Models/CharacterModels.cs(350,16): warning CS1591: Missing XML comment for publicly visible type or member 'CharacterListResponse.PageSize' [/home/lysander/repos/bannou/bannou-service/bannou-service.csproj]
/home/lysander/repos/bannou/bannou-service/Generated/Models/CharacterModels.cs(353,17): warning CS1591: Missing XML comment for publicly visible type or member 'CharacterListResponse.HasNextPage' [/home/lysander/repos/bannou/bannou-service/bannou-service.csproj]
/home/lysander/repos/bannou/bannou-service/Generated/Models/CharacterModels.cs(356,17): warning CS1591: Missing XML comment for publicly visible type or member 'CharacterListResponse.HasPreviousPage' [/home/lysander/repos/bannou/bannou-service/bannou-service.csproj]
/home/lysander/repos/bannou/bannou-service/Generated/Models/CharacterModels.cs(361,68): warning CS1591: Missing XML comment for publicly visible type or member 'CharacterListResponse.AdditionalProperties' [/home/lysander/repos/bannou/bannou-service/bannou-service.csproj]
/home/lysander/repos/bannou/bannou-service/Generated/Models/CharacterModels.cs(387,34): warning CS1591: Missing XML comment for publicly visible type or member 'CharacterRealmJoinedEvent.Timestamp' [/home/lysander/repos/bannou/bannou-service/bannou-service.csproj]
/home/lysander/repos/bannou/bannou-service/Generated/Models/CharacterModels.cs(414,68): warning CS1591: Missing XML comment for publicly visible type or member 'CharacterRealmJoinedEvent.AdditionalProperties' [/home/lysander/repos/bannou/bannou-service/bannou-service.csproj]
/home/lysander/repos/bannou/bannou-service/Generated/Models/CharacterModels.cs(440,34): warning CS1591: Missing XML comment for publicly visible type or member 'CharacterRealmLeftEvent.Timestamp' [/home/lysander/repos/bannou/bannou-service/bannou-service.csproj]
/home/lysander/repos/bannou/bannou-service/Generated/Models/CharacterModels.cs(467,68): warning CS1591: Missing XML comment for publicly visible type or member 'CharacterRealmLeftEvent.AdditionalProperties' [/home/lysander/repos/bannou/bannou-service/bannou-service.csproj]
/home/lysander/repos/bannou/bannou-service/Generated/Clients/ConnectClient.cs(19,26): warning CS1591: Missing XML comment for publicly visible type or member 'IConnectClient' [/home/lysander/repos/bannou/bannou-service/bannou-service.csproj]
/home/lysander/repos/bannou/bannou-service/Generated/Clients/ConnectClient.cs(33,103): warning CS1573: Parameter 'body' has no matching param tag in the XML comment for 'IConnectClient.ProxyInternalRequestAsync(InternalProxyRequest, CancellationToken)' (but other parameters do) [/home/lysander/repos/bannou/bannou-service/bannou-service.csproj]
/home/lysander/repos/bannou/bannou-service/Generated/Clients/ConnectClient.cs(56,117): warning CS1573: Parameter 'body' has no matching param tag in the XML comment for 'IConnectClient.GetClientCapabilitiesAsync(GetClientCapabilitiesRequest, CancellationToken)' (but other parameters do) [/home/lysander/repos/bannou/bannou-service/bannou-service.csproj]
/home/lysander/repos/bannou/bannou-service/Generated/Clients/ConnectClient.cs(94,71): warning CS1573: Parameter 'connection' has no matching param tag in the XML comment for 'IConnectClient.ConnectWebSocketPostAsync(Connection2, Upgrade2, string, ConnectRequest?, CancellationToken)' (but other parameters do) [/home/lysander/repos/bannou/bannou-service/bannou-service.csproj]
/home/lysander/repos/bannou/bannou-service/Generated/Clients/ConnectClient.cs(94,92): warning CS1573: Parameter 'upgrade' has no matching param tag in the XML comment for 'IConnectClient.ConnectWebSocketPostAsync(Connection2, Upgrade2, string, ConnectRequest?, CancellationToken)' (but other parameters do) [/home/lysander/repos/bannou/bannou-service/bannou-service.csproj]
/home/lysander/repos/bannou/bannou-service/Generated/Clients/ConnectClient.cs(94,108): warning CS1573: Parameter 'authorization' has no matching param tag in the XML comment for 'IConnectClient.ConnectWebSocketPostAsync(Connection2, Upgrade2, string, ConnectRequest?, CancellationToken)' (but other parameters do) [/home/lysander/repos/bannou/bannou-service/bannou-service.csproj]
/home/lysander/repos/bannou/bannou-service/Generated/Clients/ConnectClient.cs(98,22): warning CS1591: Missing XML comment for publicly visible type or member 'ConnectClient' [/home/lysander/repos/bannou/bannou-service/bannou-service.csproj]
/home/lysander/repos/bannou/bannou-service/Generated/Clients/ConnectClient.cs(118,12): warning CS1591: Missing XML comment for publicly visible type or member 'ConnectClient.ConnectClient(IMeshInvocationClient, IServiceAppMappingResolver, ILogger<ConnectClient>?)' [/home/lysander/repos/bannou/bannou-service/bannou-service.csproj]
/home/lysander/repos/bannou/bannou-service/Generated/Clients/ConnectClient.cs(126,54): warning CS1591: Missing XML comment for publicly visible type or member 'ConnectClient.JsonSerializerSettings' [/home/lysander/repos/bannou/bannou-service/bannou-service.csproj]
/home/lysander/repos/bannou/bannou-service/Generated/Clients/ConnectClient.cs(231,124): warning CS1573: Parameter 'body' has no matching param tag in the XML comment for 'ConnectClient.ProxyInternalRequestAsync(InternalProxyRequest, CancellationToken)' (but other parameters do) [/home/lysander/repos/bannou/bannou-service/bannou-service.csproj]
/home/lysander/repos/bannou/bannou-service/Generated/Clients/ConnectClient.cs(343,138): warning CS1573: Parameter 'body' has no matching param tag in the XML comment for 'ConnectClient.GetClientCapabilitiesAsync(GetClientCapabilitiesRequest, CancellationToken)' (but other parameters do) [/home/lysander/repos/bannou/bannou-service/bannou-service.csproj]
/home/lysander/repos/bannou/bannou-service/Generated/Clients/ConnectClient.cs(572,92): warning CS1573: Parameter 'connection' has no matching param tag in the XML comment for 'ConnectClient.ConnectWebSocketPostAsync(Connection2, Upgrade2, string, ConnectRequest?, CancellationToken)' (but other parameters do) [/home/lysander/repos/bannou/bannou-service/bannou-service.csproj]
/home/lysander/repos/bannou/bannou-service/Generated/Clients/ConnectClient.cs(572,113): warning CS1573: Parameter 'upgrade' has no matching param tag in the XML comment for 'ConnectClient.ConnectWebSocketPostAsync(Connection2, Upgrade2, string, ConnectRequest?, CancellationToken)' (but other parameters do) [/home/lysander/repos/bannou/bannou-service/bannou-service.csproj]
/home/lysander/repos/bannou/bannou-service/Generated/Clients/ConnectClient.cs(572,129): warning CS1573: Parameter 'authorization' has no matching param tag in the XML comment for 'ConnectClient.ConnectWebSocketPostAsync(Connection2, Upgrade2, string, ConnectRequest?, CancellationToken)' (but other parameters do) [/home/lysander/repos/bannou/bannou-service/bannou-service.csproj]
/home/lysander/repos/bannou/bannou-service/Generated/Clients/ConnectClient.cs(686,22): warning CS1591: Missing XML comment for publicly visible type or member 'ConnectClient.ObjectResponseResult<T>' [/home/lysander/repos/bannou/bannou-service/bannou-service.csproj]
/home/lysander/repos/bannou/bannou-service/Generated/Clients/ConnectClient.cs(688,16): warning CS1591: Missing XML comment for publicly visible type or member 'ConnectClient.ObjectResponseResult<T>.ObjectResponseResult(T, string)' [/home/lysander/repos/bannou/bannou-service/bannou-service.csproj]
/home/lysander/repos/bannou/bannou-service/Generated/Clients/ConnectClient.cs(694,18): warning CS1591: Missing XML comment for publicly visible type or member 'ConnectClient.ObjectResponseResult<T>.Object' [/home/lysander/repos/bannou/bannou-service/bannou-service.csproj]
/home/lysander/repos/bannou/bannou-service/Generated/Clients/ConnectClient.cs(696,23): warning CS1591: Missing XML comment for publicly visible type or member 'ConnectClient.ObjectResponseResult<T>.Text' [/home/lysander/repos/bannou/bannou-service/bannou-service.csproj]
/home/lysander/repos/bannou/bannou-service/Generated/Clients/ConnectClient.cs(719,17): warning CS1591: Missing XML comment for publicly visible type or member 'ConnectClient.ReadResponseAsString' [/home/lysander/repos/bannou/bannou-service/bannou-service.csproj]
/home/lysander/repos/bannou/bannou-service/Generated/Clients/ConnectClient.cs(721,86): warning CS1591: Missing XML comment for publicly visible type or member 'ConnectClient.ReadObjectResponseAsync<T>(HttpResponseMessage, IReadOnlyDictionary<string, IEnumerable<string>>, CancellationToken)' [/home/lysander/repos/bannou/bannou-service/bannou-service.csproj]
/home/lysander/repos/bannou/bannou-service/Generated/Models/ConnectModels.cs(39,68): warning CS1591: Missing XML comment for publicly visible type or member 'GetClientCapabilitiesRequest.AdditionalProperties' [/home/lysander/repos/bannou/bannou-service/bannou-service.csproj]
/home/lysander/repos/bannou/bannou-service/Generated/Models/ConnectModels.cs(48,22): warning CS1591: Missing XML comment for publicly visible type or member 'ClientCapabilitiesResponse' [/home/lysander/repos/bannou/bannou-service/bannou-service.csproj]
/home/lysander/repos/bannou/bannou-service/Generated/Models/ConnectModels.cs(99,68): warning CS1591: Missing XML comment for publicly visible type or member 'ClientCapabilitiesResponse.AdditionalProperties' [/home/lysander/repos/bannou/bannou-service/bannou-service.csproj]
/home/lysander/repos/bannou/bannou-service/Generated/Models/ConnectModels.cs(108,22): warning CS1591: Missing XML comment for publicly visible type or member 'ClientCapability' [/home/lysander/repos/bannou/bannou-service/bannou-service.csproj]
/home/lysander/repos/bannou/bannou-service/Generated/Models/ConnectModels.cs(159,68): warning CS1591: Missing XML comment for publicly visible type or member 'ClientCapability.AdditionalProperties' [/home/lysander/repos/bannou/bannou-service/bannou-service.csproj]
/home/lysander/repos/bannou/bannou-service/Generated/Models/ConnectModels.cs(244,68): warning CS1591: Missing XML comment for publicly visible type or member 'ClientShortcut.AdditionalProperties' [/home/lysander/repos/bannou/bannou-service/bannou-service.csproj]
/home/lysander/repos/bannou/bannou-service/Generated/Models/ConnectModels.cs(253,22): warning CS1591: Missing XML comment for publicly visible type or member 'InternalProxyRequest' [/home/lysander/repos/bannou/bannou-service/bannou-service.csproj]
/home/lysander/repos/bannou/bannou-service/Generated/Models/ConnectModels.cs(316,68): warning CS1591: Missing XML comment for publicly visible type or member 'InternalProxyRequest.AdditionalProperties' [/home/lysander/repos/bannou/bannou-service/bannou-service.csproj]
/home/lysander/repos/bannou/bannou-service/Generated/Models/ConnectModels.cs(325,22): warning CS1591: Missing XML comment for publicly visible type or member 'InternalProxyResponse' [/home/lysander/repos/bannou/bannou-service/bannou-service.csproj]
/home/lysander/repos/bannou/bannou-service/Generated/Models/ConnectModels.cs(367,68): warning CS1591: Missing XML comment for publicly visible type or member 'InternalProxyResponse.AdditionalProperties' [/home/lysander/repos/bannou/bannou-service/bannou-service.csproj]
/home/lysander/repos/bannou/bannou-service/Generated/Models/ConnectModels.cs(398,22): warning CS1591: Missing XML comment for publicly visible type or member 'ConnectErrorResponse' [/home/lysander/repos/bannou/bannou-service/bannou-service.csproj]
/home/lysander/repos/bannou/bannou-service/Generated/Models/ConnectModels.cs(440,5): warning CS1591: Missing XML comment for publicly visible type or member 'ResponseCodes.OK' [/home/lysander/repos/bannou/bannou-service/bannou-service.csproj]
/home/lysander/repos/bannou/bannou-service/Generated/Models/ConnectModels.cs(442,5): warning CS1591: Missing XML comment for publicly visible type or member 'ResponseCodes.RequestError' [/home/lysander/repos/bannou/bannou-service/bannou-service.csproj]
/home/lysander/repos/bannou/bannou-service/Generated/Models/ConnectModels.cs(444,5): warning CS1591: Missing XML comment for publicly visible type or member 'ResponseCodes.RequestTooLarge' [/home/lysander/repos/bannou/bannou-service/bannou-service.csproj]
/home/lysander/repos/bannou/bannou-service/Generated/Models/ConnectModels.cs(446,5): warning CS1591: Missing XML comment for publicly visible type or member 'ResponseCodes.TooManyRequests' [/home/lysander/repos/bannou/bannou-service/bannou-service.csproj]
/home/lysander/repos/bannou/bannou-service/Generated/Models/ConnectModels.cs(448,5): warning CS1591: Missing XML comment for publicly visible type or member 'ResponseCodes.InvalidRequestChannel' [/home/lysander/repos/bannou/bannou-service/bannou-service.csproj]
/home/lysander/repos/bannou/bannou-service/Generated/Models/ConnectModels.cs(450,5): warning CS1591: Missing XML comment for publicly visible type or member 'ResponseCodes.Unauthorized' [/home/lysander/repos/bannou/bannou-service/bannou-service.csproj]
/home/lysander/repos/bannou/bannou-service/Generated/Models/ConnectModels.cs(452,5): warning CS1591: Missing XML comment for publicly visible type or member 'ResponseCodes.ServiceNotFound' [/home/lysander/repos/bannou/bannou-service/bannou-service.csproj]
/home/lysander/repos/bannou/bannou-service/Generated/Models/ConnectModels.cs(454,5): warning CS1591: Missing XML comment for publicly visible type or member 'ResponseCodes.ClientNotFound' [/home/lysander/repos/bannou/bannou-service/bannou-service.csproj]
/home/lysander/repos/bannou/bannou-service/Generated/Models/ConnectModels.cs(456,5): warning CS1591: Missing XML comment for publicly visible type or member 'ResponseCodes.MessageNotFound' [/home/lysander/repos/bannou/bannou-service/bannou-service.csproj]
/home/lysander/repos/bannou/bannou-service/Generated/Models/ConnectModels.cs(458,5): warning CS1591: Missing XML comment for publicly visible type or member 'ResponseCodes.Service_BadRequest' [/home/lysander/repos/bannou/bannou-service/bannou-service.csproj]
/home/lysander/repos/bannou/bannou-service/Generated/Models/ConnectModels.cs(460,5): warning CS1591: Missing XML comment for publicly visible type or member 'ResponseCodes.Service_NotFound' [/home/lysander/repos/bannou/bannou-service/bannou-service.csproj]
/home/lysander/repos/bannou/bannou-service/Generated/Models/ConnectModels.cs(462,5): warning CS1591: Missing XML comment for publicly visible type or member 'ResponseCodes.Service_Unauthorized' [/home/lysander/repos/bannou/bannou-service/bannou-service.csproj]
/home/lysander/repos/bannou/bannou-service/Generated/Models/ConnectModels.cs(464,5): warning CS1591: Missing XML comment for publicly visible type or member 'ResponseCodes.Service_Conflict' [/home/lysander/repos/bannou/bannou-service/bannou-service.csproj]
/home/lysander/repos/bannou/bannou-service/Generated/Models/ConnectModels.cs(466,5): warning CS1591: Missing XML comment for publicly visible type or member 'ResponseCodes.Service_InternalServerError' [/home/lysander/repos/bannou/bannou-service/bannou-service.csproj]
/home/lysander/repos/bannou/bannou-service/Generated/Models/ConnectModels.cs(468,5): warning CS1591: Missing XML comment for publicly visible type or member 'ResponseCodes.ShortcutExpired' [/home/lysander/repos/bannou/bannou-service/bannou-service.csproj]
/home/lysander/repos/bannou/bannou-service/Generated/Models/ConnectModels.cs(470,5): warning CS1591: Missing XML comment for publicly visible type or member 'ResponseCodes.ShortcutTargetNotFound' [/home/lysander/repos/bannou/bannou-service/bannou-service.csproj]
/home/lysander/repos/bannou/bannou-service/Generated/Models/ConnectModels.cs(472,5): warning CS1591: Missing XML comment for publicly visible type or member 'ResponseCodes.ShortcutRevoked' [/home/lysander/repos/bannou/bannou-service/bannou-service.csproj]
/home/lysander/repos/bannou/bannou-service/Generated/Models/ConnectModels.cs(495,17): warning CS1591: Missing XML comment for publicly visible type or member 'ServiceRequestMessage.Flags' [/home/lysander/repos/bannou/bannou-service/bannou-service.csproj]
/home/lysander/repos/bannou/bannou-service/Generated/Models/ConnectModels.cs(534,68): warning CS1591: Missing XML comment for publicly visible type or member 'ServiceRequestMessage.AdditionalProperties' [/home/lysander/repos/bannou/bannou-service/bannou-service.csproj]
/home/lysander/repos/bannou/bannou-service/Generated/Models/ConnectModels.cs(588,26): warning CS1591: Missing XML comment for publicly visible type or member 'ServiceResponseMessage.ResponseCode' [/home/lysander/repos/bannou/bannou-service/bannou-service.csproj]
/home/lysander/repos/bannou/bannou-service/Generated/Models/ConnectModels.cs(599,68): warning CS1591: Missing XML comment for publicly visible type or member 'ServiceResponseMessage.AdditionalProperties' [/home/lysander/repos/bannou/bannou-service/bannou-service.csproj]
/home/lysander/repos/bannou/bannou-service/Generated/Models/ConnectModels.cs(649,68): warning CS1591: Missing XML comment for publicly visible type or member 'ConnectionConfiguration.AdditionalProperties' [/home/lysander/repos/bannou/bannou-service/bannou-service.csproj]
/home/lysander/repos/bannou/bannou-service/Generated/Models/ConnectModels.cs(707,68): warning CS1591: Missing XML comment for publicly visible type or member 'SessionCapabilityUpdateEvent.AdditionalProperties' [/home/lysander/repos/bannou/bannou-service/bannou-service.csproj]
/home/lysander/repos/bannou/bannou-service/Generated/Models/ConnectModels.cs(736,26): warning CS1591: Missing XML comment for publicly visible type or member 'AuthEvent.EventType' [/home/lysander/repos/bannou/bannou-service/bannou-service.csproj]
/home/lysander/repos/bannou/bannou-service/Generated/Models/ConnectModels.cs(761,68): warning CS1591: Missing XML comment for publicly visible type or member 'AuthEvent.AdditionalProperties' [/home/lysander/repos/bannou/bannou-service/bannou-service.csproj]
/home/lysander/repos/bannou/bannou-service/Generated/Models/ConnectModels.cs(777,5): warning CS1591: Missing XML comment for publicly visible type or member 'AuthEventType.Login' [/home/lysander/repos/bannou/bannou-service/bannou-service.csproj]
/home/lysander/repos/bannou/bannou-service/Generated/Models/ConnectModels.cs(780,5): warning CS1591: Missing XML comment for publicly visible type or member 'AuthEventType.Logout' [/home/lysander/repos/bannou/bannou-service/bannou-service.csproj]
/home/lysander/repos/bannou/bannou-service/Generated/Models/ConnectModels.cs(783,5): warning CS1591: Missing XML comment for publicly visible type or member 'AuthEventType.TokenRefresh' [/home/lysander/repos/bannou/bannou-service/bannou-service.csproj]
/home/lysander/repos/bannou/bannou-service/Generated/Models/ConnectModels.cs(786,5): warning CS1591: Missing XML comment for publicly visible type or member 'AuthEventType.PermissionChange' [/home/lysander/repos/bannou/bannou-service/bannou-service.csproj]
/home/lysander/repos/bannou/bannou-service/Generated/Models/ConnectModels.cs(837,17): warning CS1591: Missing XML comment for publicly visible type or member 'ClientMessageEvent.Flags' [/home/lysander/repos/bannou/bannou-service/bannou-service.csproj]
/home/lysander/repos/bannou/bannou-service/Generated/Models/ConnectModels.cs(854,68): warning CS1591: Missing XML comment for publicly visible type or member 'ClientMessageEvent.AdditionalProperties' [/home/lysander/repos/bannou/bannou-service/bannou-service.csproj]
/home/lysander/repos/bannou/bannou-service/Generated/Models/ConnectModels.cs(909,17): warning CS1591: Missing XML comment for publicly visible type or member 'ClientRPCEvent.Flags' [/home/lysander/repos/bannou/bannou-service/bannou-service.csproj]
/home/lysander/repos/bannou/bannou-service/Generated/Models/ConnectModels.cs(940,68): warning CS1591: Missing XML comment for publicly visible type or member 'ClientRPCEvent.AdditionalProperties' [/home/lysander/repos/bannou/bannou-service/bannou-service.csproj]
/home/lysander/repos/bannou/bannou-service/Generated/Models/ConnectModels.cs(997,68): warning CS1591: Missing XML comment for publicly visible type or member 'PermissionRecompileEvent.AdditionalProperties' [/home/lysander/repos/bannou/bannou-service/bannou-service.csproj]
/home/lysander/repos/bannou/bannou-service/Generated/Models/ConnectModels.cs(1006,13): warning CS1591: Missing XML comment for publicly visible type or member 'Connection' [/home/lysander/repos/bannou/bannou-service/bannou-service.csproj]
/home/lysander/repos/bannou/bannou-service/Generated/Models/ConnectModels.cs(1010,5): warning CS1591: Missing XML comment for publicly visible type or member 'Connection.Upgrade' [/home/lysander/repos/bannou/bannou-service/bannou-service.csproj]
/home/lysander/repos/bannou/bannou-service/Generated/Models/ConnectModels.cs(1015,13): warning CS1591: Missing XML comment for publicly visible type or member 'Upgrade' [/home/lysander/repos/bannou/bannou-service/bannou-service.csproj]
/home/lysander/repos/bannou/bannou-service/Generated/Models/ConnectModels.cs(1019,5): warning CS1591: Missing XML comment for publicly visible type or member 'Upgrade.Websocket' [/home/lysander/repos/bannou/bannou-service/bannou-service.csproj]
/home/lysander/repos/bannou/bannou-service/Generated/Models/ConnectModels.cs(1024,13): warning CS1591: Missing XML comment for publicly visible type or member 'Connection2' [/home/lysander/repos/bannou/bannou-service/bannou-service.csproj]
/home/lysander/repos/bannou/bannou-service/Generated/Models/ConnectModels.cs(1028,5): warning CS1591: Missing XML comment for publicly visible type or member 'Connection2.Upgrade' [/home/lysander/repos/bannou/bannou-service/bannou-service.csproj]
/home/lysander/repos/bannou/bannou-service/Generated/Models/ConnectModels.cs(1033,13): warning CS1591: Missing XML comment for publicly visible type or member 'Upgrade2' [/home/lysander/repos/bannou/bannou-service/bannou-service.csproj]
/home/lysander/repos/bannou/bannou-service/Generated/Models/ConnectModels.cs(1037,5): warning CS1591: Missing XML comment for publicly visible type or member 'Upgrade2.Websocket' [/home/lysander/repos/bannou/bannou-service/bannou-service.csproj]
/home/lysander/repos/bannou/bannou-service/Generated/Models/ConnectModels.cs(1042,13): warning CS1591: Missing XML comment for publicly visible type or member 'ClientCapabilityMethod' [/home/lysander/repos/bannou/bannou-service/bannou-service.csproj]
/home/lysander/repos/bannou/bannou-service/Generated/Models/ConnectModels.cs(1046,5): warning CS1591: Missing XML comment for publicly visible type or member 'ClientCapabilityMethod.GET' [/home/lysander/repos/bannou/bannou-service/bannou-service.csproj]
/home/lysander/repos/bannou/bannou-service/Generated/Models/ConnectModels.cs(1049,5): warning CS1591: Missing XML comment for publicly visible type or member 'ClientCapabilityMethod.POST' [/home/lysander/repos/bannou/bannou-service/bannou-service.csproj]
/home/lysander/repos/bannou/bannou-service/Generated/Models/ConnectModels.cs(1052,5): warning CS1591: Missing XML comment for publicly visible type or member 'ClientCapabilityMethod.PUT' [/home/lysander/repos/bannou/bannou-service/bannou-service.csproj]
/home/lysander/repos/bannou/bannou-service/Generated/Models/ConnectModels.cs(1055,5): warning CS1591: Missing XML comment for publicly visible type or member 'ClientCapabilityMethod.DELETE' [/home/lysander/repos/bannou/bannou-service/bannou-service.csproj]
/home/lysander/repos/bannou/bannou-service/Generated/Models/ConnectModels.cs(1058,5): warning CS1591: Missing XML comment for publicly visible type or member 'ClientCapabilityMethod.PATCH' [/home/lysander/repos/bannou/bannou-service/bannou-service.csproj]
/home/lysander/repos/bannou/bannou-service/Generated/Models/ConnectModels.cs(1063,13): warning CS1591: Missing XML comment for publicly visible type or member 'InternalProxyRequestMethod' [/home/lysander/repos/bannou/bannou-service/bannou-service.csproj]
/home/lysander/repos/bannou/bannou-service/Generated/Models/ConnectModels.cs(1067,5): warning CS1591: Missing XML comment for publicly visible type or member 'InternalProxyRequestMethod.GET' [/home/lysander/repos/bannou/bannou-service/bannou-service.csproj]
/home/lysander/repos/bannou/bannou-service/Generated/Models/ConnectModels.cs(1070,5): warning CS1591: Missing XML comment for publicly visible type or member 'InternalProxyRequestMethod.POST' [/home/lysander/repos/bannou/bannou-service/bannou-service.csproj]
/home/lysander/repos/bannou/bannou-service/Generated/Models/ConnectModels.cs(1073,5): warning CS1591: Missing XML comment for publicly visible type or member 'InternalProxyRequestMethod.PUT' [/home/lysander/repos/bannou/bannou-service/bannou-service.csproj]
/home/lysander/repos/bannou/bannou-service/Generated/Models/ConnectModels.cs(1076,5): warning CS1591: Missing XML comment for publicly visible type or member 'InternalProxyRequestMethod.DELETE' [/home/lysander/repos/bannou/bannou-service/bannou-service.csproj]
/home/lysander/repos/bannou/bannou-service/Generated/Models/ConnectModels.cs(1079,5): warning CS1591: Missing XML comment for publicly visible type or member 'InternalProxyRequestMethod.PATCH' [/home/lysander/repos/bannou/bannou-service/bannou-service.csproj]
/home/lysander/repos/bannou/bannou-service/Generated/Models/ConnectModels.cs(1084,13): warning CS1591: Missing XML comment for publicly visible type or member 'ConnectErrorResponseError' [/home/lysander/repos/bannou/bannou-service/bannou-service.csproj]
/home/lysander/repos/bannou/bannou-service/Generated/Models/ConnectModels.cs(1088,5): warning CS1591: Missing XML comment for publicly visible type or member 'ConnectErrorResponseError.BadRequest' [/home/lysander/repos/bannou/bannou-service/bannou-service.csproj]
/home/lysander/repos/bannou/bannou-service/Generated/Models/ConnectModels.cs(1091,5): warning CS1591: Missing XML comment for publicly visible type or member 'ConnectErrorResponseError.Forbidden' [/home/lysander/repos/bannou/bannou-service/bannou-service.csproj]
/home/lysander/repos/bannou/bannou-service/Generated/Models/ConnectModels.cs(1094,5): warning CS1591: Missing XML comment for publicly visible type or member 'ConnectErrorResponseError.InternalServerError' [/home/lysander/repos/bannou/bannou-service/bannou-service.csproj]
/home/lysander/repos/bannou/bannou-service/Generated/Models/ConnectModels.cs(1099,13): warning CS1591: Missing XML comment for publicly visible type or member 'ConnectErrorResponseStatusCode' [/home/lysander/repos/bannou/bannou-service/bannou-service.csproj]
/home/lysander/repos/bannou/bannou-service/Generated/Models/ConnectModels.cs(1102,5): warning CS1591: Missing XML comment for publicly visible type or member 'ConnectErrorResponseStatusCode._400' [/home/lysander/repos/bannou/bannou-service/bannou-service.csproj]
/home/lysander/repos/bannou/bannou-service/Generated/Models/ConnectModels.cs(1104,5): warning CS1591: Missing XML comment for publicly visible type or member 'ConnectErrorResponseStatusCode._403' [/home/lysander/repos/bannou/bannou-service/bannou-service.csproj]
/home/lysander/repos/bannou/bannou-service/Generated/Models/ConnectModels.cs(1106,5): warning CS1591: Missing XML comment for publicly visible type or member 'ConnectErrorResponseStatusCode._500' [/home/lysander/repos/bannou/bannou-service/bannou-service.csproj]
/home/lysander/repos/bannou/bannou-service/Generated/Models/ConnectModels.cs(1111,13): warning CS1591: Missing XML comment for publicly visible type or member 'PermissionRecompileEventReason' [/home/lysander/repos/bannou/bannou-service/bannou-service.csproj]
/home/lysander/repos/bannou/bannou-service/Generated/Models/ConnectModels.cs(1115,5): warning CS1591: Missing XML comment for publicly visible type or member 'PermissionRecompileEventReason.Service_registered' [/home/lysander/repos/bannou/bannou-service/bannou-service.csproj]
/home/lysander/repos/bannou/bannou-service/Generated/Models/ConnectModels.cs(1118,5): warning CS1591: Missing XML comment for publicly visible type or member 'PermissionRecompileEventReason.Permission_rules_changed' [/home/lysander/repos/bannou/bannou-service/bannou-service.csproj]
/home/lysander/repos/bannou/bannou-service/Generated/Models/ConnectModels.cs(1121,5): warning CS1591: Missing XML comment for publicly visible type or member 'PermissionRecompileEventReason.Role_definitions_updated' [/home/lysander/repos/bannou/bannou-service/bannou-service.csproj]
/home/lysander/repos/bannou/bannou-service/Generated/Models/ConnectModels.cs(1124,5): warning CS1591: Missing XML comment for publicly visible type or member 'PermissionRecompileEventReason.Manual_trigger' [/home/lysander/repos/bannou/bannou-service/bannou-service.csproj]
/home/lysander/repos/bannou/bannou-service/Generated/Clients/DocumentationClient.cs(19,26): warning CS1591: Missing XML comment for publicly visible type or member 'IDocumentationClient' [/home/lysander/repos/bannou/bannou-service/bannou-service.csproj]
/home/lysander/repos/bannou/bannou-service/Generated/Clients/DocumentationClient.cs(47,111): warning CS1573: Parameter 'body' has no matching param tag in the XML comment for 'IDocumentationClient.QueryDocumentationAsync(QueryDocumentationRequest, CancellationToken)' (but other parameters do) [/home/lysander/repos/bannou/bannou-service/bannou-service.csproj]
/home/lysander/repos/bannou/bannou-service/Generated/Clients/DocumentationClient.cs(59,90): warning CS1573: Parameter 'body' has no matching param tag in the XML comment for 'IDocumentationClient.GetDocumentAsync(GetDocumentRequest, CancellationToken)' (but other parameters do) [/home/lysander/repos/bannou/bannou-service/bannou-service.csproj]
/home/lysander/repos/bannou/bannou-service/Generated/Clients/DocumentationClient.cs(71,114): warning CS1573: Parameter 'body' has no matching param tag in the XML comment for 'IDocumentationClient.SearchDocumentationAsync(SearchDocumentationRequest, CancellationToken)' (but other parameters do) [/home/lysander/repos/bannou/bannou-service/bannou-service.csproj]
/home/lysander/repos/bannou/bannou-service/Generated/Clients/DocumentationClient.cs(83,96): warning CS1573: Parameter 'body' has no matching param tag in the XML comment for 'IDocumentationClient.ListDocumentsAsync(ListDocumentsRequest, CancellationToken)' (but other parameters do) [/home/lysander/repos/bannou/bannou-service/bannou-service.csproj]
/home/lysander/repos/bannou/bannou-service/Generated/Clients/DocumentationClient.cs(95,105): warning CS1573: Parameter 'body' has no matching param tag in the XML comment for 'IDocumentationClient.SuggestRelatedTopicsAsync(SuggestRelatedRequest, CancellationToken)' (but other parameters do) [/home/lysander/repos/bannou/bannou-service/bannou-service.csproj]
/home/lysander/repos/bannou/bannou-service/Generated/Clients/DocumentationClient.cs(103,99): warning CS1573: Parameter 'body' has no matching param tag in the XML comment for 'IDocumentationClient.CreateDocumentAsync(CreateDocumentRequest, CancellationToken)' (but other parameters do) [/home/lysander/repos/bannou/bannou-service/bannou-service.csproj]
/home/lysander/repos/bannou/bannou-service/Generated/Clients/DocumentationClient.cs(111,99): warning CS1573: Parameter 'body' has no matching param tag in the XML comment for 'IDocumentationClient.UpdateDocumentAsync(UpdateDocumentRequest, CancellationToken)' (but other parameters do) [/home/lysander/repos/bannou/bannou-service/bannou-service.csproj]
/home/lysander/repos/bannou/bannou-service/Generated/Clients/DocumentationClient.cs(123,99): warning CS1573: Parameter 'body' has no matching param tag in the XML comment for 'IDocumentationClient.DeleteDocumentAsync(DeleteDocumentRequest, CancellationToken)' (but other parameters do) [/home/lysander/repos/bannou/bannou-service/bannou-service.csproj]
/home/lysander/repos/bannou/bannou-service/Generated/Clients/DocumentationClient.cs(135,102): warning CS1573: Parameter 'body' has no matching param tag in the XML comment for 'IDocumentationClient.RecoverDocumentAsync(RecoverDocumentRequest, CancellationToken)' (but other parameters do) [/home/lysander/repos/bannou/bannou-service/bannou-service.csproj]
/home/lysander/repos/bannou/bannou-service/Generated/Clients/DocumentationClient.cs(147,96): warning CS1573: Parameter 'body' has no matching param tag in the XML comment for 'IDocumentationClient.BulkUpdateDocumentsAsync(BulkUpdateRequest, CancellationToken)' (but other parameters do) [/home/lysander/repos/bannou/bannou-service/bannou-service.csproj]
/home/lysander/repos/bannou/bannou-service/Generated/Clients/DocumentationClient.cs(159,96): warning CS1573: Parameter 'body' has no matching param tag in the XML comment for 'IDocumentationClient.BulkDeleteDocumentsAsync(BulkDeleteRequest, CancellationToken)' (but other parameters do) [/home/lysander/repos/bannou/bannou-service/bannou-service.csproj]
/home/lysander/repos/bannou/bannou-service/Generated/Clients/DocumentationClient.cs(171,114): warning CS1573: Parameter 'body' has no matching param tag in the XML comment for 'IDocumentationClient.ImportDocumentationAsync(ImportDocumentationRequest, CancellationToken)' (but other parameters do) [/home/lysander/repos/bannou/bannou-service/bannou-service.csproj]
/home/lysander/repos/bannou/bannou-service/Generated/Clients/DocumentationClient.cs(183,93): warning CS1573: Parameter 'body' has no matching param tag in the XML comment for 'IDocumentationClient.ListTrashcanAsync(ListTrashcanRequest, CancellationToken)' (but other parameters do) [/home/lysander/repos/bannou/bannou-service/bannou-service.csproj]
/home/lysander/repos/bannou/bannou-service/Generated/Clients/DocumentationClient.cs(195,96): warning CS1573: Parameter 'body' has no matching param tag in the XML comment for 'IDocumentationClient.PurgeTrashcanAsync(PurgeTrashcanRequest, CancellationToken)' (but other parameters do) [/home/lysander/repos/bannou/bannou-service/bannou-service.csproj]
/home/lysander/repos/bannou/bannou-service/Generated/Clients/DocumentationClient.cs(207,105): warning CS1573: Parameter 'body' has no matching param tag in the XML comment for 'IDocumentationClient.GetNamespaceStatsAsync(GetNamespaceStatsRequest, CancellationToken)' (but other parameters do) [/home/lysander/repos/bannou/bannou-service/bannou-service.csproj]
/home/lysander/repos/bannou/bannou-service/Generated/Clients/DocumentationClient.cs(220,99): warning CS1573: Parameter 'body' has no matching param tag in the XML comment for 'IDocumentationClient.BindRepositoryAsync(BindRepositoryRequest, CancellationToken)' (but other parameters do) [/home/lysander/repos/bannou/bannou-service/bannou-service.csproj]
/home/lysander/repos/bannou/bannou-service/Generated/Clients/DocumentationClient.cs(232,105): warning CS1573: Parameter 'body' has no matching param tag in the XML comment for 'IDocumentationClient.UnbindRepositoryAsync(UnbindRepositoryRequest, CancellationToken)' (but other parameters do) [/home/lysander/repos/bannou/bannou-service/bannou-service.csproj]
/home/lysander/repos/bannou/bannou-service/Generated/Clients/DocumentationClient.cs(244,99): warning CS1573: Parameter 'body' has no matching param tag in the XML comment for 'IDocumentationClient.SyncRepositoryAsync(SyncRepositoryRequest, CancellationToken)' (but other parameters do) [/home/lysander/repos/bannou/bannou-service/bannou-service.csproj]
/home/lysander/repos/bannou/bannou-service/Generated/Clients/DocumentationClient.cs(255,108): warning CS1573: Parameter 'body' has no matching param tag in the XML comment for 'IDocumentationClient.GetRepositoryStatusAsync(RepositoryStatusRequest, CancellationToken)' (but other parameters do) [/home/lysander/repos/bannou/bannou-service/bannou-service.csproj]
/home/lysander/repos/bannou/bannou-service/Generated/Clients/DocumentationClient.cs(266,123): warning CS1573: Parameter 'body' has no matching param tag in the XML comment for 'IDocumentationClient.ListRepositoryBindingsAsync(ListRepositoryBindingsRequest, CancellationToken)' (but other parameters do) [/home/lysander/repos/bannou/bannou-service/bannou-service.csproj]
/home/lysander/repos/bannou/bannou-service/Generated/Clients/DocumentationClient.cs(277,126): warning CS1573: Parameter 'body' has no matching param tag in the XML comment for 'IDocumentationClient.UpdateRepositoryBindingAsync(UpdateRepositoryBindingRequest, CancellationToken)' (but other parameters do) [/home/lysander/repos/bannou/bannou-service/bannou-service.csproj]
/home/lysander/repos/bannou/bannou-service/Generated/Clients/DocumentationClient.cs(289,109): warning CS1573: Parameter 'body' has no matching param tag in the XML comment for 'IDocumentationClient.CreateDocumentationArchiveAsync(CreateArchiveRequest, CancellationToken)' (but other parameters do) [/home/lysander/repos/bannou/bannou-service/bannou-service.csproj]
/home/lysander/repos/bannou/bannou-service/Generated/Clients/DocumentationClient.cs(300,106): warning CS1573: Parameter 'body' has no matching param tag in the XML comment for 'IDocumentationClient.ListDocumentationArchivesAsync(ListArchivesRequest, CancellationToken)' (but other parameters do) [/home/lysander/repos/bannou/bannou-service/bannou-service.csproj]
/home/lysander/repos/bannou/bannou-service/Generated/Clients/DocumentationClient.cs(312,112): warning CS1573: Parameter 'body' has no matching param tag in the XML comment for 'IDocumentationClient.RestoreDocumentationArchiveAsync(RestoreArchiveRequest, CancellationToken)' (but other parameters do) [/home/lysander/repos/bannou/bannou-service/bannou-service.csproj]
/home/lysander/repos/bannou/bannou-service/Generated/Clients/DocumentationClient.cs(323,109): warning CS1573: Parameter 'body' has no matching param tag in the XML comment for 'IDocumentationClient.DeleteDocumentationArchiveAsync(DeleteArchiveRequest, CancellationToken)' (but other parameters do) [/home/lysander/repos/bannou/bannou-service/bannou-service.csproj]
/home/lysander/repos/bannou/bannou-service/Generated/Clients/DocumentationClient.cs(327,22): warning CS1591: Missing XML comment for publicly visible type or member 'DocumentationClient' [/home/lysander/repos/bannou/bannou-service/bannou-service.csproj]
/home/lysander/repos/bannou/bannou-service/Generated/Clients/DocumentationClient.cs(347,12): warning CS1591: Missing XML comment for publicly visible type or member 'DocumentationClient.DocumentationClient(IMeshInvocationClient, IServiceAppMappingResolver, ILogger<DocumentationClient>?)' [/home/lysander/repos/bannou/bannou-service/bannou-service.csproj]
/home/lysander/repos/bannou/bannou-service/Generated/Clients/DocumentationClient.cs(355,54): warning CS1591: Missing XML comment for publicly visible type or member 'DocumentationClient.JsonSerializerSettings' [/home/lysander/repos/bannou/bannou-service/bannou-service.csproj]
/home/lysander/repos/bannou/bannou-service/Generated/Clients/DocumentationClient.cs(548,132): warning CS1573: Parameter 'body' has no matching param tag in the XML comment for 'DocumentationClient.QueryDocumentationAsync(QueryDocumentationRequest, CancellationToken)' (but other parameters do) [/home/lysander/repos/bannou/bannou-service/bannou-service.csproj]
/home/lysander/repos/bannou/bannou-service/Generated/Clients/DocumentationClient.cs(643,111): warning CS1573: Parameter 'body' has no matching param tag in the XML comment for 'DocumentationClient.GetDocumentAsync(GetDocumentRequest, CancellationToken)' (but other parameters do) [/home/lysander/repos/bannou/bannou-service/bannou-service.csproj]
/home/lysander/repos/bannou/bannou-service/Generated/Clients/DocumentationClient.cs(732,135): warning CS1573: Parameter 'body' has no matching param tag in the XML comment for 'DocumentationClient.SearchDocumentationAsync(SearchDocumentationRequest, CancellationToken)' (but other parameters do) [/home/lysander/repos/bannou/bannou-service/bannou-service.csproj]
/home/lysander/repos/bannou/bannou-service/Generated/Clients/DocumentationClient.cs(815,117): warning CS1573: Parameter 'body' has no matching param tag in the XML comment for 'DocumentationClient.ListDocumentsAsync(ListDocumentsRequest, CancellationToken)' (but other parameters do) [/home/lysander/repos/bannou/bannou-service/bannou-service.csproj]
/home/lysander/repos/bannou/bannou-service/Generated/Clients/DocumentationClient.cs(898,126): warning CS1573: Parameter 'body' has no matching param tag in the XML comment for 'DocumentationClient.SuggestRelatedTopicsAsync(SuggestRelatedRequest, CancellationToken)' (but other parameters do) [/home/lysander/repos/bannou/bannou-service/bannou-service.csproj]
/home/lysander/repos/bannou/bannou-service/Generated/Clients/DocumentationClient.cs(977,120): warning CS1573: Parameter 'body' has no matching param tag in the XML comment for 'DocumentationClient.CreateDocumentAsync(CreateDocumentRequest, CancellationToken)' (but other parameters do) [/home/lysander/repos/bannou/bannou-service/bannou-service.csproj]
/home/lysander/repos/bannou/bannou-service/Generated/Clients/DocumentationClient.cs(1062,120): warning CS1573: Parameter 'body' has no matching param tag in the XML comment for 'DocumentationClient.UpdateDocumentAsync(UpdateDocumentRequest, CancellationToken)' (but other parameters do) [/home/lysander/repos/bannou/bannou-service/bannou-service.csproj]
/home/lysander/repos/bannou/bannou-service/Generated/Clients/DocumentationClient.cs(1151,120): warning CS1573: Parameter 'body' has no matching param tag in the XML comment for 'DocumentationClient.DeleteDocumentAsync(DeleteDocumentRequest, CancellationToken)' (but other parameters do) [/home/lysander/repos/bannou/bannou-service/bannou-service.csproj]
/home/lysander/repos/bannou/bannou-service/Generated/Clients/DocumentationClient.cs(1240,123): warning CS1573: Parameter 'body' has no matching param tag in the XML comment for 'DocumentationClient.RecoverDocumentAsync(RecoverDocumentRequest, CancellationToken)' (but other parameters do) [/home/lysander/repos/bannou/bannou-service/bannou-service.csproj]
/home/lysander/repos/bannou/bannou-service/Generated/Clients/DocumentationClient.cs(1335,117): warning CS1573: Parameter 'body' has no matching param tag in the XML comment for 'DocumentationClient.BulkUpdateDocumentsAsync(BulkUpdateRequest, CancellationToken)' (but other parameters do) [/home/lysander/repos/bannou/bannou-service/bannou-service.csproj]
/home/lysander/repos/bannou/bannou-service/Generated/Clients/DocumentationClient.cs(1418,117): warning CS1573: Parameter 'body' has no matching param tag in the XML comment for 'DocumentationClient.BulkDeleteDocumentsAsync(BulkDeleteRequest, CancellationToken)' (but other parameters do) [/home/lysander/repos/bannou/bannou-service/bannou-service.csproj]
/home/lysander/repos/bannou/bannou-service/Generated/Clients/DocumentationClient.cs(1501,135): warning CS1573: Parameter 'body' has no matching param tag in the XML comment for 'DocumentationClient.ImportDocumentationAsync(ImportDocumentationRequest, CancellationToken)' (but other parameters do) [/home/lysander/repos/bannou/bannou-service/bannou-service.csproj]
/home/lysander/repos/bannou/bannou-service/Generated/Clients/DocumentationClient.cs(1584,114): warning CS1573: Parameter 'body' has no matching param tag in the XML comment for 'DocumentationClient.ListTrashcanAsync(ListTrashcanRequest, CancellationToken)' (but other parameters do) [/home/lysander/repos/bannou/bannou-service/bannou-service.csproj]
/home/lysander/repos/bannou/bannou-service/Generated/Clients/DocumentationClient.cs(1667,117): warning CS1573: Parameter 'body' has no matching param tag in the XML comment for 'DocumentationClient.PurgeTrashcanAsync(PurgeTrashcanRequest, CancellationToken)' (but other parameters do) [/home/lysander/repos/bannou/bannou-service/bannou-service.csproj]
/home/lysander/repos/bannou/bannou-service/Generated/Clients/DocumentationClient.cs(1750,126): warning CS1573: Parameter 'body' has no matching param tag in the XML comment for 'DocumentationClient.GetNamespaceStatsAsync(GetNamespaceStatsRequest, CancellationToken)' (but other parameters do) [/home/lysander/repos/bannou/bannou-service/bannou-service.csproj]
/home/lysander/repos/bannou/bannou-service/Generated/Clients/DocumentationClient.cs(1834,120): warning CS1573: Parameter 'body' has no matching param tag in the XML comment for 'DocumentationClient.BindRepositoryAsync(BindRepositoryRequest, CancellationToken)' (but other parameters do) [/home/lysander/repos/bannou/bannou-service/bannou-service.csproj]
/home/lysander/repos/bannou/bannou-service/Generated/Clients/DocumentationClient.cs(1929,126): warning CS1573: Parameter 'body' has no matching param tag in the XML comment for 'DocumentationClient.UnbindRepositoryAsync(UnbindRepositoryRequest, CancellationToken)' (but other parameters do) [/home/lysander/repos/bannou/bannou-service/bannou-service.csproj]
/home/lysander/repos/bannou/bannou-service/Generated/Clients/DocumentationClient.cs(2018,120): warning CS1573: Parameter 'body' has no matching param tag in the XML comment for 'DocumentationClient.SyncRepositoryAsync(SyncRepositoryRequest, CancellationToken)' (but other parameters do) [/home/lysander/repos/bannou/bannou-service/bannou-service.csproj]
/home/lysander/repos/bannou/bannou-service/Generated/Clients/DocumentationClient.cs(2112,129): warning CS1573: Parameter 'body' has no matching param tag in the XML comment for 'DocumentationClient.GetRepositoryStatusAsync(RepositoryStatusRequest, CancellationToken)' (but other parameters do) [/home/lysander/repos/bannou/bannou-service/bannou-service.csproj]
/home/lysander/repos/bannou/bannou-service/Generated/Clients/DocumentationClient.cs(2200,144): warning CS1573: Parameter 'body' has no matching param tag in the XML comment for 'DocumentationClient.ListRepositoryBindingsAsync(ListRepositoryBindingsRequest, CancellationToken)' (but other parameters do) [/home/lysander/repos/bannou/bannou-service/bannou-service.csproj]
/home/lysander/repos/bannou/bannou-service/Generated/Clients/DocumentationClient.cs(2282,147): warning CS1573: Parameter 'body' has no matching param tag in the XML comment for 'DocumentationClient.UpdateRepositoryBindingAsync(UpdateRepositoryBindingRequest, CancellationToken)' (but other parameters do) [/home/lysander/repos/bannou/bannou-service/bannou-service.csproj]
/home/lysander/repos/bannou/bannou-service/Generated/Clients/DocumentationClient.cs(2371,130): warning CS1573: Parameter 'body' has no matching param tag in the XML comment for 'DocumentationClient.CreateDocumentationArchiveAsync(CreateArchiveRequest, CancellationToken)' (but other parameters do) [/home/lysander/repos/bannou/bannou-service/bannou-service.csproj]
/home/lysander/repos/bannou/bannou-service/Generated/Clients/DocumentationClient.cs(2459,127): warning CS1573: Parameter 'body' has no matching param tag in the XML comment for 'DocumentationClient.ListDocumentationArchivesAsync(ListArchivesRequest, CancellationToken)' (but other parameters do) [/home/lysander/repos/bannou/bannou-service/bannou-service.csproj]
/home/lysander/repos/bannou/bannou-service/Generated/Clients/DocumentationClient.cs(2542,133): warning CS1573: Parameter 'body' has no matching param tag in the XML comment for 'DocumentationClient.RestoreDocumentationArchiveAsync(RestoreArchiveRequest, CancellationToken)' (but other parameters do) [/home/lysander/repos/bannou/bannou-service/bannou-service.csproj]
/home/lysander/repos/bannou/bannou-service/Generated/Clients/DocumentationClient.cs(2630,130): warning CS1573: Parameter 'body' has no matching param tag in the XML comment for 'DocumentationClient.DeleteDocumentationArchiveAsync(DeleteArchiveRequest, CancellationToken)' (but other parameters do) [/home/lysander/repos/bannou/bannou-service/bannou-service.csproj]
/home/lysander/repos/bannou/bannou-service/Generated/Clients/DocumentationClient.cs(2709,22): warning CS1591: Missing XML comment for publicly visible type or member 'DocumentationClient.ObjectResponseResult<T>' [/home/lysander/repos/bannou/bannou-service/bannou-service.csproj]
/home/lysander/repos/bannou/bannou-service/Generated/Clients/DocumentationClient.cs(2711,16): warning CS1591: Missing XML comment for publicly visible type or member 'DocumentationClient.ObjectResponseResult<T>.ObjectResponseResult(T, string)' [/home/lysander/repos/bannou/bannou-service/bannou-service.csproj]
/home/lysander/repos/bannou/bannou-service/Generated/Clients/DocumentationClient.cs(2717,18): warning CS1591: Missing XML comment for publicly visible type or member 'DocumentationClient.ObjectResponseResult<T>.Object' [/home/lysander/repos/bannou/bannou-service/bannou-service.csproj]
/home/lysander/repos/bannou/bannou-service/Generated/Clients/DocumentationClient.cs(2719,23): warning CS1591: Missing XML comment for publicly visible type or member 'DocumentationClient.ObjectResponseResult<T>.Text' [/home/lysander/repos/bannou/bannou-service/bannou-service.csproj]
/home/lysander/repos/bannou/bannou-service/Generated/Clients/DocumentationClient.cs(2742,17): warning CS1591: Missing XML comment for publicly visible type or member 'DocumentationClient.ReadResponseAsString' [/home/lysander/repos/bannou/bannou-service/bannou-service.csproj]
/home/lysander/repos/bannou/bannou-service/Generated/Clients/DocumentationClient.cs(2744,86): warning CS1591: Missing XML comment for publicly visible type or member 'DocumentationClient.ReadObjectResponseAsync<T>(HttpResponseMessage, IReadOnlyDictionary<string, IEnumerable<string>>, CancellationToken)' [/home/lysander/repos/bannou/bannou-service/bannou-service.csproj]
/home/lysander/repos/bannou/bannou-service/Generated/Models/DocumentationModels.cs(25,5): warning CS1591: Missing XML comment for publicly visible type or member 'DocumentCategory.GettingStarted' [/home/lysander/repos/bannou/bannou-service/bannou-service.csproj]
/home/lysander/repos/bannou/bannou-service/Generated/Models/DocumentationModels.cs(28,5): warning CS1591: Missing XML comment for publicly visible type or member 'DocumentCategory.ApiReference' [/home/lysander/repos/bannou/bannou-service/bannou-service.csproj]
/home/lysander/repos/bannou/bannou-service/Generated/Models/DocumentationModels.cs(31,5): warning CS1591: Missing XML comment for publicly visible type or member 'DocumentCategory.Architecture' [/home/lysander/repos/bannou/bannou-service/bannou-service.csproj]
/home/lysander/repos/bannou/bannou-service/Generated/Models/DocumentationModels.cs(34,5): warning CS1591: Missing XML comment for publicly visible type or member 'DocumentCategory.Deployment' [/home/lysander/repos/bannou/bannou-service/bannou-service.csproj]
/home/lysander/repos/bannou/bannou-service/Generated/Models/DocumentationModels.cs(37,5): warning CS1591: Missing XML comment for publicly visible type or member 'DocumentCategory.Troubleshooting' [/home/lysander/repos/bannou/bannou-service/bannou-service.csproj]
/home/lysander/repos/bannou/bannou-service/Generated/Models/DocumentationModels.cs(40,5): warning CS1591: Missing XML comment for publicly visible type or member 'DocumentCategory.Tutorials' [/home/lysander/repos/bannou/bannou-service/bannou-service.csproj]
/home/lysander/repos/bannou/bannou-service/Generated/Models/DocumentationModels.cs(43,5): warning CS1591: Missing XML comment for publicly visible type or member 'DocumentCategory.GameSystems' [/home/lysander/repos/bannou/bannou-service/bannou-service.csproj]
/home/lysander/repos/bannou/bannou-service/Generated/Models/DocumentationModels.cs(46,5): warning CS1591: Missing XML comment for publicly visible type or member 'DocumentCategory.WorldLore' [/home/lysander/repos/bannou/bannou-service/bannou-service.csproj]
/home/lysander/repos/bannou/bannou-service/Generated/Models/DocumentationModels.cs(49,5): warning CS1591: Missing XML comment for publicly visible type or member 'DocumentCategory.NpcAi' [/home/lysander/repos/bannou/bannou-service/bannou-service.csproj]
/home/lysander/repos/bannou/bannou-service/Generated/Models/DocumentationModels.cs(52,5): warning CS1591: Missing XML comment for publicly visible type or member 'DocumentCategory.Other' [/home/lysander/repos/bannou/bannou-service/bannou-service.csproj]
/home/lysander/repos/bannou/bannou-service/Generated/Models/DocumentationModels.cs(68,5): warning CS1591: Missing XML comment for publicly visible type or member 'RelatedDepth.None' [/home/lysander/repos/bannou/bannou-service/bannou-service.csproj]
/home/lysander/repos/bannou/bannou-service/Generated/Models/DocumentationModels.cs(71,5): warning CS1591: Missing XML comment for publicly visible type or member 'RelatedDepth.Direct' [/home/lysander/repos/bannou/bannou-service/bannou-service.csproj]
/home/lysander/repos/bannou/bannou-service/Generated/Models/DocumentationModels.cs(74,5): warning CS1591: Missing XML comment for publicly visible type or member 'RelatedDepth.Extended' [/home/lysander/repos/bannou/bannou-service/bannou-service.csproj]
/home/lysander/repos/bannou/bannou-service/Generated/Models/DocumentationModels.cs(79,13): warning CS1591: Missing XML comment for publicly visible type or member 'SearchField' [/home/lysander/repos/bannou/bannou-service/bannou-service.csproj]
/home/lysander/repos/bannou/bannou-service/Generated/Models/DocumentationModels.cs(83,5): warning CS1591: Missing XML comment for publicly visible type or member 'SearchField.Title' [/home/lysander/repos/bannou/bannou-service/bannou-service.csproj]
/home/lysander/repos/bannou/bannou-service/Generated/Models/DocumentationModels.cs(86,5): warning CS1591: Missing XML comment for publicly visible type or member 'SearchField.Content' [/home/lysander/repos/bannou/bannou-service/bannou-service.csproj]
/home/lysander/repos/bannou/bannou-service/Generated/Models/DocumentationModels.cs(89,5): warning CS1591: Missing XML comment for publicly visible type or member 'SearchField.Tags' [/home/lysander/repos/bannou/bannou-service/bannou-service.csproj]
/home/lysander/repos/bannou/bannou-service/Generated/Models/DocumentationModels.cs(92,5): warning CS1591: Missing XML comment for publicly visible type or member 'SearchField.Summary' [/home/lysander/repos/bannou/bannou-service/bannou-service.csproj]
/home/lysander/repos/bannou/bannou-service/Generated/Models/DocumentationModels.cs(97,13): warning CS1591: Missing XML comment for publicly visible type or member 'ListSortField' [/home/lysander/repos/bannou/bannou-service/bannou-service.csproj]
/home/lysander/repos/bannou/bannou-service/Generated/Models/DocumentationModels.cs(101,5): warning CS1591: Missing XML comment for publicly visible type or member 'ListSortField.Created_at' [/home/lysander/repos/bannou/bannou-service/bannou-service.csproj]
/home/lysander/repos/bannou/bannou-service/Generated/Models/DocumentationModels.cs(104,5): warning CS1591: Missing XML comment for publicly visible type or member 'ListSortField.Updated_at' [/home/lysander/repos/bannou/bannou-service/bannou-service.csproj]
/home/lysander/repos/bannou/bannou-service/Generated/Models/DocumentationModels.cs(107,5): warning CS1591: Missing XML comment for publicly visible type or member 'ListSortField.Title' [/home/lysander/repos/bannou/bannou-service/bannou-service.csproj]
/home/lysander/repos/bannou/bannou-service/Generated/Models/DocumentationModels.cs(112,13): warning CS1591: Missing XML comment for publicly visible type or member 'SuggestionSource' [/home/lysander/repos/bannou/bannou-service/bannou-service.csproj]
/home/lysander/repos/bannou/bannou-service/Generated/Models/DocumentationModels.cs(116,5): warning CS1591: Missing XML comment for publicly visible type or member 'SuggestionSource.Document_id' [/home/lysander/repos/bannou/bannou-service/bannou-service.csproj]
/home/lysander/repos/bannou/bannou-service/Generated/Models/DocumentationModels.cs(119,5): warning CS1591: Missing XML comment for publicly visible type or member 'SuggestionSource.Slug' [/home/lysander/repos/bannou/bannou-service/bannou-service.csproj]
/home/lysander/repos/bannou/bannou-service/Generated/Models/DocumentationModels.cs(122,5): warning CS1591: Missing XML comment for publicly visible type or member 'SuggestionSource.Topic' [/home/lysander/repos/bannou/bannou-service/bannou-service.csproj]
/home/lysander/repos/bannou/bannou-service/Generated/Models/DocumentationModels.cs(125,5): warning CS1591: Missing XML comment for publicly visible type or member 'SuggestionSource.Category' [/home/lysander/repos/bannou/bannou-service/bannou-service.csproj]
/home/lysander/repos/bannou/bannou-service/Generated/Models/DocumentationModels.cs(130,22): warning CS1591: Missing XML comment for publicly visible type or member 'QueryDocumentationRequest' [/home/lysander/repos/bannou/bannou-service/bannou-service.csproj]
/home/lysander/repos/bannou/bannou-service/Generated/Models/DocumentationModels.cs(160,29): warning CS1591: Missing XML comment for publicly visible type or member 'QueryDocumentationRequest.Category' [/home/lysander/repos/bannou/bannou-service/bannou-service.csproj]
/home/lysander/repos/bannou/bannou-service/Generated/Models/DocumentationModels.cs(164,16): warning CS1591: Missing XML comment for publicly visible type or member 'QueryDocumentationRequest.MaxResults' [/home/lysander/repos/bannou/bannou-service/bannou-service.csproj]
/home/lysander/repos/bannou/bannou-service/Generated/Models/DocumentationModels.cs(167,17): warning CS1591: Missing XML comment for publicly visible type or member 'QueryDocumentationRequest.IncludeContent' [/home/lysander/repos/bannou/bannou-service/bannou-service.csproj]
/home/lysander/repos/bannou/bannou-service/Generated/Models/DocumentationModels.cs(171,16): warning CS1591: Missing XML comment for publicly visible type or member 'QueryDocumentationRequest.MaxSummaryLength' [/home/lysander/repos/bannou/bannou-service/bannou-service.csproj]
/home/lysander/repos/bannou/bannou-service/Generated/Models/DocumentationModels.cs(175,18): warning CS1591: Missing XML comment for publicly visible type or member 'QueryDocumentationRequest.MinRelevanceScore' [/home/lysander/repos/bannou/bannou-service/bannou-service.csproj]
/home/lysander/repos/bannou/bannou-service/Generated/Models/DocumentationModels.cs(180,68): warning CS1591: Missing XML comment for publicly visible type or member 'QueryDocumentationRequest.AdditionalProperties' [/home/lysander/repos/bannou/bannou-service/bannou-service.csproj]
/home/lysander/repos/bannou/bannou-service/Generated/Models/DocumentationModels.cs(189,22): warning CS1591: Missing XML comment for publicly visible type or member 'QueryDocumentationResponse' [/home/lysander/repos/bannou/bannou-service/bannou-service.csproj]
/home/lysander/repos/bannou/bannou-service/Generated/Models/DocumentationModels.cs(195,19): warning CS1591: Missing XML comment for publicly visible type or member 'QueryDocumentationResponse.Namespace' [/home/lysander/repos/bannou/bannou-service/bannou-service.csproj]
/home/lysander/repos/bannou/bannou-service/Generated/Models/DocumentationModels.cs(200,19): warning CS1591: Missing XML comment for publicly visible type or member 'QueryDocumentationResponse.Query' [/home/lysander/repos/bannou/bannou-service/bannou-service.csproj]
/home/lysander/repos/bannou/bannou-service/Generated/Models/DocumentationModels.cs(205,67): warning CS1591: Missing XML comment for publicly visible type or member 'QueryDocumentationResponse.Results' [/home/lysander/repos/bannou/bannou-service/bannou-service.csproj]
/home/lysander/repos/bannou/bannou-service/Generated/Models/DocumentationModels.cs(208,16): warning CS1591: Missing XML comment for publicly visible type or member 'QueryDocumentationResponse.TotalResults' [/home/lysander/repos/bannou/bannou-service/bannou-service.csproj]
/home/lysander/repos/bannou/bannou-service/Generated/Models/DocumentationModels.cs(217,59): warning CS1591: Missing XML comment for publicly visible type or member 'QueryDocumentationResponse.SuggestedFollowups' [/home/lysander/repos/bannou/bannou-service/bannou-service.csproj]
/home/lysander/repos/bannou/bannou-service/Generated/Models/DocumentationModels.cs(220,19): warning CS1591: Missing XML comment for publicly visible type or member 'QueryDocumentationResponse.NoResultsMessage' [/home/lysander/repos/bannou/bannou-service/bannou-service.csproj]
/home/lysander/repos/bannou/bannou-service/Generated/Models/DocumentationModels.cs(225,68): warning CS1591: Missing XML comment for publicly visible type or member 'QueryDocumentationResponse.AdditionalProperties' [/home/lysander/repos/bannou/bannou-service/bannou-service.csproj]
/home/lysander/repos/bannou/bannou-service/Generated/Models/DocumentationModels.cs(234,22): warning CS1591: Missing XML comment for publicly visible type or member 'GetDocumentRequest' [/home/lysander/repos/bannou/bannou-service/bannou-service.csproj]
/home/lysander/repos/bannou/bannou-service/Generated/Models/DocumentationModels.cs(242,19): warning CS1591: Missing XML comment for publicly visible type or member 'GetDocumentRequest.Namespace' [/home/lysander/repos/bannou/bannou-service/bannou-service.csproj]
/home/lysander/repos/bannou/bannou-service/Generated/Models/DocumentationModels.cs(245,24): warning CS1591: Missing XML comment for publicly visible type or member 'GetDocumentRequest.DocumentId' [/home/lysander/repos/bannou/bannou-service/bannou-service.csproj]
/home/lysander/repos/bannou/bannou-service/Generated/Models/DocumentationModels.cs(249,19): warning CS1591: Missing XML comment for publicly visible type or member 'GetDocumentRequest.Slug' [/home/lysander/repos/bannou/bannou-service/bannou-service.csproj]
/home/lysander/repos/bannou/bannou-service/Generated/Models/DocumentationModels.cs(252,24): warning CS1591: Missing XML comment for publicly visible type or member 'GetDocumentRequest.SessionId' [/home/lysander/repos/bannou/bannou-service/bannou-service.csproj]
/home/lysander/repos/bannou/bannou-service/Generated/Models/DocumentationModels.cs(256,25): warning CS1591: Missing XML comment for publicly visible type or member 'GetDocumentRequest.IncludeRelated' [/home/lysander/repos/bannou/bannou-service/bannou-service.csproj]
/home/lysander/repos/bannou/bannou-service/Generated/Models/DocumentationModels.cs(259,17): warning CS1591: Missing XML comment for publicly visible type or member 'GetDocumentRequest.IncludeContent' [/home/lysander/repos/bannou/bannou-service/bannou-service.csproj]
/home/lysander/repos/bannou/bannou-service/Generated/Models/DocumentationModels.cs(262,17): warning CS1591: Missing XML comment for publicly visible type or member 'GetDocumentRequest.RenderHtml' [/home/lysander/repos/bannou/bannou-service/bannou-service.csproj]
/home/lysander/repos/bannou/bannou-service/Generated/Models/DocumentationModels.cs(267,68): warning CS1591: Missing XML comment for publicly visible type or member 'GetDocumentRequest.AdditionalProperties' [/home/lysander/repos/bannou/bannou-service/bannou-service.csproj]
/home/lysander/repos/bannou/bannou-service/Generated/Models/DocumentationModels.cs(276,22): warning CS1591: Missing XML comment for publicly visible type or member 'GetDocumentResponse' [/home/lysander/repos/bannou/bannou-service/bannou-service.csproj]
/home/lysander/repos/bannou/bannou-service/Generated/Models/DocumentationModels.cs(282,21): warning CS1591: Missing XML comment for publicly visible type or member 'GetDocumentResponse.Document' [/home/lysander/repos/bannou/bannou-service/bannou-service.csproj]
/home/lysander/repos/bannou/bannou-service/Generated/Models/DocumentationModels.cs(285,68): warning CS1591: Missing XML comment for publicly visible type or member 'GetDocumentResponse.RelatedDocuments' [/home/lysander/repos/bannou/bannou-service/bannou-service.csproj]
/home/lysander/repos/bannou/bannou-service/Generated/Models/DocumentationModels.cs(289,45): warning CS1591: Missing XML comment for publicly visible type or member 'GetDocumentResponse.ContentFormat' [/home/lysander/repos/bannou/bannou-service/bannou-service.csproj]
/home/lysander/repos/bannou/bannou-service/Generated/Models/DocumentationModels.cs(294,68): warning CS1591: Missing XML comment for publicly visible type or member 'GetDocumentResponse.AdditionalProperties' [/home/lysander/repos/bannou/bannou-service/bannou-service.csproj]
/home/lysander/repos/bannou/bannou-service/Generated/Models/DocumentationModels.cs(303,22): warning CS1591: Missing XML comment for publicly visible type or member 'SearchDocumentationRequest' [/home/lysander/repos/bannou/bannou-service/bannou-service.csproj]
/home/lysander/repos/bannou/bannou-service/Generated/Models/DocumentationModels.cs(311,19): warning CS1591: Missing XML comment for publicly visible type or member 'SearchDocumentationRequest.Namespace' [/home/lysander/repos/bannou/bannou-service/bannou-service.csproj]
/home/lysander/repos/bannou/bannou-service/Generated/Models/DocumentationModels.cs(317,19): warning CS1591: Missing XML comment for publicly visible type or member 'SearchDocumentationRequest.SearchTerm' [/home/lysander/repos/bannou/bannou-service/bannou-service.csproj]
/home/lysander/repos/bannou/bannou-service/Generated/Models/DocumentationModels.cs(320,24): warning CS1591: Missing XML comment for publicly visible type or member 'SearchDocumentationRequest.SessionId' [/home/lysander/repos/bannou/bannou-service/bannou-service.csproj]
/home/lysander/repos/bannou/bannou-service/Generated/Models/DocumentationModels.cs(324,29): warning CS1591: Missing XML comment for publicly visible type or member 'SearchDocumentationRequest.Category' [/home/lysander/repos/bannou/bannou-service/bannou-service.csproj]
/home/lysander/repos/bannou/bannou-service/Generated/Models/DocumentationModels.cs(328,16): warning CS1591: Missing XML comment for publicly visible type or member 'SearchDocumentationRequest.MaxResults' [/home/lysander/repos/bannou/bannou-service/bannou-service.csproj]
/home/lysander/repos/bannou/bannou-service/Generated/Models/DocumentationModels.cs(332,64): warning CS1591: Missing XML comment for publicly visible type or member 'SearchDocumentationRequest.SearchIn' [/home/lysander/repos/bannou/bannou-service/bannou-service.csproj]
/home/lysander/repos/bannou/bannou-service/Generated/Models/DocumentationModels.cs(336,45): warning CS1591: Missing XML comment for publicly visible type or member 'SearchDocumentationRequest.SortBy' [/home/lysander/repos/bannou/bannou-service/bannou-service.csproj]
/home/lysander/repos/bannou/bannou-service/Generated/Models/DocumentationModels.cs(339,17): warning CS1591: Missing XML comment for publicly visible type or member 'SearchDocumentationRequest.IncludeContent' [/home/lysander/repos/bannou/bannou-service/bannou-service.csproj]
/home/lysander/repos/bannou/bannou-service/Generated/Models/DocumentationModels.cs(344,68): warning CS1591: Missing XML comment for publicly visible type or member 'SearchDocumentationRequest.AdditionalProperties' [/home/lysander/repos/bannou/bannou-service/bannou-service.csproj]
/home/lysander/repos/bannou/bannou-service/Generated/Models/DocumentationModels.cs(353,22): warning CS1591: Missing XML comment for publicly visible type or member 'SearchDocumentationResponse' [/home/lysander/repos/bannou/bannou-service/bannou-service.csproj]
/home/lysander/repos/bannou/bannou-service/Generated/Models/DocumentationModels.cs(359,19): warning CS1591: Missing XML comment for publicly visible type or member 'SearchDocumentationResponse.Namespace' [/home/lysander/repos/bannou/bannou-service/bannou-service.csproj]
/home/lysander/repos/bannou/bannou-service/Generated/Models/DocumentationModels.cs(364,67): warning CS1591: Missing XML comment for publicly visible type or member 'SearchDocumentationResponse.Results' [/home/lysander/repos/bannou/bannou-service/bannou-service.csproj]
/home/lysander/repos/bannou/bannou-service/Generated/Models/DocumentationModels.cs(367,16): warning CS1591: Missing XML comment for publicly visible type or member 'SearchDocumentationResponse.TotalResults' [/home/lysander/repos/bannou/bannou-service/bannou-service.csproj]
/home/lysander/repos/bannou/bannou-service/Generated/Models/DocumentationModels.cs(370,19): warning CS1591: Missing XML comment for publicly visible type or member 'SearchDocumentationResponse.SearchTerm' [/home/lysander/repos/bannou/bannou-service/bannou-service.csproj]
/home/lysander/repos/bannou/bannou-service/Generated/Models/DocumentationModels.cs(375,68): warning CS1591: Missing XML comment for publicly visible type or member 'SearchDocumentationResponse.AdditionalProperties' [/home/lysander/repos/bannou/bannou-service/bannou-service.csproj]
/home/lysander/repos/bannou/bannou-service/Generated/Models/DocumentationModels.cs(384,22): warning CS1591: Missing XML comment for publicly visible type or member 'ListDocumentsRequest' [/home/lysander/repos/bannou/bannou-service/bannou-service.csproj]
/home/lysander/repos/bannou/bannou-service/Generated/Models/DocumentationModels.cs(392,19): warning CS1591: Missing XML comment for publicly visible type or member 'ListDocumentsRequest.Namespace' [/home/lysander/repos/bannou/bannou-service/bannou-service.csproj]
/home/lysander/repos/bannou/bannou-service/Generated/Models/DocumentationModels.cs(396,29): warning CS1591: Missing XML comment for publicly visible type or member 'ListDocumentsRequest.Category' [/home/lysander/repos/bannou/bannou-service/bannou-service.csproj]
/home/lysander/repos/bannou/bannou-service/Generated/Models/DocumentationModels.cs(399,59): warning CS1591: Missing XML comment for publicly visible type or member 'ListDocumentsRequest.Tags' [/home/lysander/repos/bannou/bannou-service/bannou-service.csproj]
/home/lysander/repos/bannou/bannou-service/Generated/Models/DocumentationModels.cs(403,42): warning CS1591: Missing XML comment for publicly visible type or member 'ListDocumentsRequest.TagsMatch' [/home/lysander/repos/bannou/bannou-service/bannou-service.csproj]
/home/lysander/repos/bannou/bannou-service/Generated/Models/DocumentationModels.cs(406,34): warning CS1591: Missing XML comment for publicly visible type or member 'ListDocumentsRequest.CreatedAfter' [/home/lysander/repos/bannou/bannou-service/bannou-service.csproj]
/home/lysander/repos/bannou/bannou-service/Generated/Models/DocumentationModels.cs(409,34): warning CS1591: Missing XML comment for publicly visible type or member 'ListDocumentsRequest.CreatedBefore' [/home/lysander/repos/bannou/bannou-service/bannou-service.csproj]
/home/lysander/repos/bannou/bannou-service/Generated/Models/DocumentationModels.cs(412,34): warning CS1591: Missing XML comment for publicly visible type or member 'ListDocumentsRequest.UpdatedAfter' [/home/lysander/repos/bannou/bannou-service/bannou-service.csproj]
/home/lysander/repos/bannou/bannou-service/Generated/Models/DocumentationModels.cs(415,34): warning CS1591: Missing XML comment for publicly visible type or member 'ListDocumentsRequest.UpdatedBefore' [/home/lysander/repos/bannou/bannou-service/bannou-service.csproj]
/home/lysander/repos/bannou/bannou-service/Generated/Models/DocumentationModels.cs(418,17): warning CS1591: Missing XML comment for publicly visible type or member 'ListDocumentsRequest.TitlesOnly' [/home/lysander/repos/bannou/bannou-service/bannou-service.csproj]
/home/lysander/repos/bannou/bannou-service/Generated/Models/DocumentationModels.cs(422,16): warning CS1591: Missing XML comment for publicly visible type or member 'ListDocumentsRequest.Page' [/home/lysander/repos/bannou/bannou-service/bannou-service.csproj]
/home/lysander/repos/bannou/bannou-service/Generated/Models/DocumentationModels.cs(426,16): warning CS1591: Missing XML comment for publicly visible type or member 'ListDocumentsRequest.PageSize' [/home/lysander/repos/bannou/bannou-service/bannou-service.csproj]
/home/lysander/repos/bannou/bannou-service/Generated/Models/DocumentationModels.cs(430,26): warning CS1591: Missing XML comment for publicly visible type or member 'ListDocumentsRequest.SortBy' [/home/lysander/repos/bannou/bannou-service/bannou-service.csproj]
/home/lysander/repos/bannou/bannou-service/Generated/Models/DocumentationModels.cs(434,42): warning CS1591: Missing XML comment for publicly visible type or member 'ListDocumentsRequest.SortOrder' [/home/lysander/repos/bannou/bannou-service/bannou-service.csproj]
/home/lysander/repos/bannou/bannou-service/Generated/Models/DocumentationModels.cs(439,68): warning CS1591: Missing XML comment for publicly visible type or member 'ListDocumentsRequest.AdditionalProperties' [/home/lysander/repos/bannou/bannou-service/bannou-service.csproj]
/home/lysander/repos/bannou/bannou-service/Generated/Models/DocumentationModels.cs(448,22): warning CS1591: Missing XML comment for publicly visible type or member 'ListDocumentsResponse' [/home/lysander/repos/bannou/bannou-service/bannou-service.csproj]
/home/lysander/repos/bannou/bannou-service/Generated/Models/DocumentationModels.cs(454,19): warning CS1591: Missing XML comment for publicly visible type or member 'ListDocumentsResponse.Namespace' [/home/lysander/repos/bannou/bannou-service/bannou-service.csproj]
/home/lysander/repos/bannou/bannou-service/Generated/Models/DocumentationModels.cs(459,68): warning CS1591: Missing XML comment for publicly visible type or member 'ListDocumentsResponse.Documents' [/home/lysander/repos/bannou/bannou-service/bannou-service.csproj]
/home/lysander/repos/bannou/bannou-service/Generated/Models/DocumentationModels.cs(462,16): warning CS1591: Missing XML comment for publicly visible type or member 'ListDocumentsResponse.TotalCount' [/home/lysander/repos/bannou/bannou-service/bannou-service.csproj]
/home/lysander/repos/bannou/bannou-service/Generated/Models/DocumentationModels.cs(465,16): warning CS1591: Missing XML comment for publicly visible type or member 'ListDocumentsResponse.Page' [/home/lysander/repos/bannou/bannou-service/bannou-service.csproj]
/home/lysander/repos/bannou/bannou-service/Generated/Models/DocumentationModels.cs(468,16): warning CS1591: Missing XML comment for publicly visible type or member 'ListDocumentsResponse.PageSize' [/home/lysander/repos/bannou/bannou-service/bannou-service.csproj]
/home/lysander/repos/bannou/bannou-service/Generated/Models/DocumentationModels.cs(471,16): warning CS1591: Missing XML comment for publicly visible type or member 'ListDocumentsResponse.TotalPages' [/home/lysander/repos/bannou/bannou-service/bannou-service.csproj]
/home/lysander/repos/bannou/bannou-service/Generated/Models/DocumentationModels.cs(476,68): warning CS1591: Missing XML comment for publicly visible type or member 'ListDocumentsResponse.AdditionalProperties' [/home/lysander/repos/bannou/bannou-service/bannou-service.csproj]
/home/lysander/repos/bannou/bannou-service/Generated/Models/DocumentationModels.cs(485,22): warning CS1591: Missing XML comment for publicly visible type or member 'SuggestRelatedRequest' [/home/lysander/repos/bannou/bannou-service/bannou-service.csproj]
/home/lysander/repos/bannou/bannou-service/Generated/Models/DocumentationModels.cs(493,19): warning CS1591: Missing XML comment for publicly visible type or member 'SuggestRelatedRequest.Namespace' [/home/lysander/repos/bannou/bannou-service/bannou-service.csproj]
/home/lysander/repos/bannou/bannou-service/Generated/Models/DocumentationModels.cs(499,29): warning CS1591: Missing XML comment for publicly visible type or member 'SuggestRelatedRequest.SuggestionSource' [/home/lysander/repos/bannou/bannou-service/bannou-service.csproj]
/home/lysander/repos/bannou/bannou-service/Generated/Models/DocumentationModels.cs(502,19): warning CS1591: Missing XML comment for publicly visible type or member 'SuggestRelatedRequest.SourceValue' [/home/lysander/repos/bannou/bannou-service/bannou-service.csproj]
/home/lysander/repos/bannou/bannou-service/Generated/Models/DocumentationModels.cs(505,24): warning CS1591: Missing XML comment for publicly visible type or member 'SuggestRelatedRequest.SessionId' [/home/lysander/repos/bannou/bannou-service/bannou-service.csproj]
/home/lysander/repos/bannou/bannou-service/Generated/Models/DocumentationModels.cs(509,16): warning CS1591: Missing XML comment for publicly visible type or member 'SuggestRelatedRequest.MaxSuggestions' [/home/lysander/repos/bannou/bannou-service/bannou-service.csproj]
/home/lysander/repos/bannou/bannou-service/Generated/Models/DocumentationModels.cs(512,17): warning CS1591: Missing XML comment for publicly visible type or member 'SuggestRelatedRequest.ExcludeRecentlyViewed' [/home/lysander/repos/bannou/bannou-service/bannou-service.csproj]
/home/lysander/repos/bannou/bannou-service/Generated/Models/DocumentationModels.cs(517,68): warning CS1591: Missing XML comment for publicly visible type or member 'SuggestRelatedRequest.AdditionalProperties' [/home/lysander/repos/bannou/bannou-service/bannou-service.csproj]
/home/lysander/repos/bannou/bannou-service/Generated/Models/DocumentationModels.cs(526,22): warning CS1591: Missing XML comment for publicly visible type or member 'SuggestRelatedResponse' [/home/lysander/repos/bannou/bannou-service/bannou-service.csproj]
/home/lysander/repos/bannou/bannou-service/Generated/Models/DocumentationModels.cs(532,19): warning CS1591: Missing XML comment for publicly visible type or member 'SuggestRelatedResponse.Namespace' [/home/lysander/repos/bannou/bannou-service/bannou-service.csproj]
/home/lysander/repos/bannou/bannou-service/Generated/Models/DocumentationModels.cs(537,68): warning CS1591: Missing XML comment for publicly visible type or member 'SuggestRelatedResponse.Suggestions' [/home/lysander/repos/bannou/bannou-service/bannou-service.csproj]
/home/lysander/repos/bannou/bannou-service/Generated/Models/DocumentationModels.cs(540,19): warning CS1591: Missing XML comment for publicly visible type or member 'SuggestRelatedResponse.VoicePrompt' [/home/lysander/repos/bannou/bannou-service/bannou-service.csproj]
/home/lysander/repos/bannou/bannou-service/Generated/Models/DocumentationModels.cs(543,17): warning CS1591: Missing XML comment for publicly visible type or member 'SuggestRelatedResponse.SessionInfluenced' [/home/lysander/repos/bannou/bannou-service/bannou-service.csproj]
/home/lysander/repos/bannou/bannou-service/Generated/Models/DocumentationModels.cs(548,68): warning CS1591: Missing XML comment for publicly visible type or member 'SuggestRelatedResponse.AdditionalProperties' [/home/lysander/repos/bannou/bannou-service/bannou-service.csproj]
/home/lysander/repos/bannou/bannou-service/Generated/Models/DocumentationModels.cs(557,22): warning CS1591: Missing XML comment for publicly visible type or member 'TopicSuggestion' [/home/lysander/repos/bannou/bannou-service/bannou-service.csproj]
/home/lysander/repos/bannou/bannou-service/Generated/Models/DocumentationModels.cs(563,24): warning CS1591: Missing XML comment for publicly visible type or member 'TopicSuggestion.DocumentId' [/home/lysander/repos/bannou/bannou-service/bannou-service.csproj]
/home/lysander/repos/bannou/bannou-service/Generated/Models/DocumentationModels.cs(566,19): warning CS1591: Missing XML comment for publicly visible type or member 'TopicSuggestion.Slug' [/home/lysander/repos/bannou/bannou-service/bannou-service.csproj]
/home/lysander/repos/bannou/bannou-service/Generated/Models/DocumentationModels.cs(571,19): warning CS1591: Missing XML comment for publicly visible type or member 'TopicSuggestion.Title' [/home/lysander/repos/bannou/bannou-service/bannou-service.csproj]
/home/lysander/repos/bannou/bannou-service/Generated/Models/DocumentationModels.cs(575,29): warning CS1591: Missing XML comment for publicly visible type or member 'TopicSuggestion.Category' [/home/lysander/repos/bannou/bannou-service/bannou-service.csproj]
/home/lysander/repos/bannou/bannou-service/Generated/Models/DocumentationModels.cs(578,19): warning CS1591: Missing XML comment for publicly visible type or member 'TopicSuggestion.RelevanceReason' [/home/lysander/repos/bannou/bannou-service/bannou-service.csproj]
/home/lysander/repos/bannou/bannou-service/Generated/Models/DocumentationModels.cs(583,68): warning CS1591: Missing XML comment for publicly visible type or member 'TopicSuggestion.AdditionalProperties' [/home/lysander/repos/bannou/bannou-service/bannou-service.csproj]
/home/lysander/repos/bannou/bannou-service/Generated/Models/DocumentationModels.cs(592,22): warning CS1591: Missing XML comment for publicly visible type or member 'CreateDocumentRequest' [/home/lysander/repos/bannou/bannou-service/bannou-service.csproj]
/home/lysander/repos/bannou/bannou-service/Generated/Models/DocumentationModels.cs(600,19): warning CS1591: Missing XML comment for publicly visible type or member 'CreateDocumentRequest.Namespace' [/home/lysander/repos/bannou/bannou-service/bannou-service.csproj]
/home/lysander/repos/bannou/bannou-service/Generated/Models/DocumentationModels.cs(607,19): warning CS1591: Missing XML comment for publicly visible type or member 'CreateDocumentRequest.Slug' [/home/lysander/repos/bannou/bannou-service/bannou-service.csproj]
/home/lysander/repos/bannou/bannou-service/Generated/Models/DocumentationModels.cs(613,19): warning CS1591: Missing XML comment for publicly visible type or member 'CreateDocumentRequest.Title' [/home/lysander/repos/bannou/bannou-service/bannou-service.csproj]
/home/lysander/repos/bannou/bannou-service/Generated/Models/DocumentationModels.cs(619,29): warning CS1591: Missing XML comment for publicly visible type or member 'CreateDocumentRequest.Category' [/home/lysander/repos/bannou/bannou-service/bannou-service.csproj]
/home/lysander/repos/bannou/bannou-service/Generated/Models/DocumentationModels.cs(631,19): warning CS1591: Missing XML comment for publicly visible type or member 'CreateDocumentRequest.Summary' [/home/lysander/repos/bannou/bannou-service/bannou-service.csproj]
/home/lysander/repos/bannou/bannou-service/Generated/Models/DocumentationModels.cs(635,19): warning CS1591: Missing XML comment for publicly visible type or member 'CreateDocumentRequest.VoiceSummary' [/home/lysander/repos/bannou/bannou-service/bannou-service.csproj]
/home/lysander/repos/bannou/bannou-service/Generated/Models/DocumentationModels.cs(638,59): warning CS1591: Missing XML comment for publicly visible type or member 'CreateDocumentRequest.Tags' [/home/lysander/repos/bannou/bannou-service/bannou-service.csproj]
/home/lysander/repos/bannou/bannou-service/Generated/Models/DocumentationModels.cs(641,64): warning CS1591: Missing XML comment for publicly visible type or member 'CreateDocumentRequest.RelatedDocuments' [/home/lysander/repos/bannou/bannou-service/bannou-service.csproj]
/home/lysander/repos/bannou/bannou-service/Generated/Models/DocumentationModels.cs(644,19): warning CS1591: Missing XML comment for publicly visible type or member 'CreateDocumentRequest.Metadata' [/home/lysander/repos/bannou/bannou-service/bannou-service.csproj]
/home/lysander/repos/bannou/bannou-service/Generated/Models/DocumentationModels.cs(649,68): warning CS1591: Missing XML comment for publicly visible type or member 'CreateDocumentRequest.AdditionalProperties' [/home/lysander/repos/bannou/bannou-service/bannou-service.csproj]
/home/lysander/repos/bannou/bannou-service/Generated/Models/DocumentationModels.cs(658,22): warning CS1591: Missing XML comment for publicly visible type or member 'CreateDocumentResponse' [/home/lysander/repos/bannou/bannou-service/bannou-service.csproj]
/home/lysander/repos/bannou/bannou-service/Generated/Models/DocumentationModels.cs(664,24): warning CS1591: Missing XML comment for publicly visible type or member 'CreateDocumentResponse.DocumentId' [/home/lysander/repos/bannou/bannou-service/bannou-service.csproj]
/home/lysander/repos/bannou/bannou-service/Generated/Models/DocumentationModels.cs(669,19): warning CS1591: Missing XML comment for publicly visible type or member 'CreateDocumentResponse.Slug' [/home/lysander/repos/bannou/bannou-service/bannou-service.csproj]
/home/lysander/repos/bannou/bannou-service/Generated/Models/DocumentationModels.cs(672,34): warning CS1591: Missing XML comment for publicly visible type or member 'CreateDocumentResponse.CreatedAt' [/home/lysander/repos/bannou/bannou-service/bannou-service.csproj]
/home/lysander/repos/bannou/bannou-service/Generated/Models/DocumentationModels.cs(677,68): warning CS1591: Missing XML comment for publicly visible type or member 'CreateDocumentResponse.AdditionalProperties' [/home/lysander/repos/bannou/bannou-service/bannou-service.csproj]
/home/lysander/repos/bannou/bannou-service/Generated/Models/DocumentationModels.cs(686,22): warning CS1591: Missing XML comment for publicly visible type or member 'UpdateDocumentRequest' [/home/lysander/repos/bannou/bannou-service/bannou-service.csproj]
/home/lysander/repos/bannou/bannou-service/Generated/Models/DocumentationModels.cs(694,19): warning CS1591: Missing XML comment for publicly visible type or member 'UpdateDocumentRequest.Namespace' [/home/lysander/repos/bannou/bannou-service/bannou-service.csproj]
/home/lysander/repos/bannou/bannou-service/Generated/Models/DocumentationModels.cs(697,24): warning CS1591: Missing XML comment for publicly visible type or member 'UpdateDocumentRequest.DocumentId' [/home/lysander/repos/bannou/bannou-service/bannou-service.csproj]
/home/lysander/repos/bannou/bannou-service/Generated/Models/DocumentationModels.cs(700,19): warning CS1591: Missing XML comment for publicly visible type or member 'UpdateDocumentRequest.Slug' [/home/lysander/repos/bannou/bannou-service/bannou-service.csproj]
/home/lysander/repos/bannou/bannou-service/Generated/Models/DocumentationModels.cs(703,19): warning CS1591: Missing XML comment for publicly visible type or member 'UpdateDocumentRequest.Title' [/home/lysander/repos/bannou/bannou-service/bannou-service.csproj]
/home/lysander/repos/bannou/bannou-service/Generated/Models/DocumentationModels.cs(707,29): warning CS1591: Missing XML comment for publicly visible type or member 'UpdateDocumentRequest.Category' [/home/lysander/repos/bannou/bannou-service/bannou-service.csproj]
/home/lysander/repos/bannou/bannou-service/Generated/Models/DocumentationModels.cs(710,19): warning CS1591: Missing XML comment for publicly visible type or member 'UpdateDocumentRequest.Content' [/home/lysander/repos/bannou/bannou-service/bannou-service.csproj]
/home/lysander/repos/bannou/bannou-service/Generated/Models/DocumentationModels.cs(713,19): warning CS1591: Missing XML comment for publicly visible type or member 'UpdateDocumentRequest.Summary' [/home/lysander/repos/bannou/bannou-service/bannou-service.csproj]
/home/lysander/repos/bannou/bannou-service/Generated/Models/DocumentationModels.cs(716,19): warning CS1591: Missing XML comment for publicly visible type or member 'UpdateDocumentRequest.VoiceSummary' [/home/lysander/repos/bannou/bannou-service/bannou-service.csproj]
/home/lysander/repos/bannou/bannou-service/Generated/Models/DocumentationModels.cs(719,59): warning CS1591: Missing XML comment for publicly visible type or member 'UpdateDocumentRequest.Tags' [/home/lysander/repos/bannou/bannou-service/bannou-service.csproj]
/home/lysander/repos/bannou/bannou-service/Generated/Models/DocumentationModels.cs(722,64): warning CS1591: Missing XML comment for publicly visible type or member 'UpdateDocumentRequest.RelatedDocuments' [/home/lysander/repos/bannou/bannou-service/bannou-service.csproj]
/home/lysander/repos/bannou/bannou-service/Generated/Models/DocumentationModels.cs(725,19): warning CS1591: Missing XML comment for publicly visible type or member 'UpdateDocumentRequest.Metadata' [/home/lysander/repos/bannou/bannou-service/bannou-service.csproj]
/home/lysander/repos/bannou/bannou-service/Generated/Models/DocumentationModels.cs(730,68): warning CS1591: Missing XML comment for publicly visible type or member 'UpdateDocumentRequest.AdditionalProperties' [/home/lysander/repos/bannou/bannou-service/bannou-service.csproj]
/home/lysander/repos/bannou/bannou-service/Generated/Models/DocumentationModels.cs(739,22): warning CS1591: Missing XML comment for publicly visible type or member 'UpdateDocumentResponse' [/home/lysander/repos/bannou/bannou-service/bannou-service.csproj]
/home/lysander/repos/bannou/bannou-service/Generated/Models/DocumentationModels.cs(745,24): warning CS1591: Missing XML comment for publicly visible type or member 'UpdateDocumentResponse.DocumentId' [/home/lysander/repos/bannou/bannou-service/bannou-service.csproj]
/home/lysander/repos/bannou/bannou-service/Generated/Models/DocumentationModels.cs(750,34): warning CS1591: Missing XML comment for publicly visible type or member 'UpdateDocumentResponse.UpdatedAt' [/home/lysander/repos/bannou/bannou-service/bannou-service.csproj]
/home/lysander/repos/bannou/bannou-service/Generated/Models/DocumentationModels.cs(755,68): warning CS1591: Missing XML comment for publicly visible type or member 'UpdateDocumentResponse.AdditionalProperties' [/home/lysander/repos/bannou/bannou-service/bannou-service.csproj]
/home/lysander/repos/bannou/bannou-service/Generated/Models/DocumentationModels.cs(764,22): warning CS1591: Missing XML comment for publicly visible type or member 'DeleteDocumentRequest' [/home/lysander/repos/bannou/bannou-service/bannou-service.csproj]
/home/lysander/repos/bannou/bannou-service/Generated/Models/DocumentationModels.cs(772,19): warning CS1591: Missing XML comment for publicly visible type or member 'DeleteDocumentRequest.Namespace' [/home/lysander/repos/bannou/bannou-service/bannou-service.csproj]
/home/lysander/repos/bannou/bannou-service/Generated/Models/DocumentationModels.cs(775,24): warning CS1591: Missing XML comment for publicly visible type or member 'DeleteDocumentRequest.DocumentId' [/home/lysander/repos/bannou/bannou-service/bannou-service.csproj]
/home/lysander/repos/bannou/bannou-service/Generated/Models/DocumentationModels.cs(778,19): warning CS1591: Missing XML comment for publicly visible type or member 'DeleteDocumentRequest.Slug' [/home/lysander/repos/bannou/bannou-service/bannou-service.csproj]
/home/lysander/repos/bannou/bannou-service/Generated/Models/DocumentationModels.cs(783,68): warning CS1591: Missing XML comment for publicly visible type or member 'DeleteDocumentRequest.AdditionalProperties' [/home/lysander/repos/bannou/bannou-service/bannou-service.csproj]
/home/lysander/repos/bannou/bannou-service/Generated/Models/DocumentationModels.cs(792,22): warning CS1591: Missing XML comment for publicly visible type or member 'DeleteDocumentResponse' [/home/lysander/repos/bannou/bannou-service/bannou-service.csproj]
/home/lysander/repos/bannou/bannou-service/Generated/Models/DocumentationModels.cs(798,24): warning CS1591: Missing XML comment for publicly visible type or member 'DeleteDocumentResponse.DocumentId' [/home/lysander/repos/bannou/bannou-service/bannou-service.csproj]
/home/lysander/repos/bannou/bannou-service/Generated/Models/DocumentationModels.cs(803,34): warning CS1591: Missing XML comment for publicly visible type or member 'DeleteDocumentResponse.DeletedAt' [/home/lysander/repos/bannou/bannou-service/bannou-service.csproj]
/home/lysander/repos/bannou/bannou-service/Generated/Models/DocumentationModels.cs(808,34): warning CS1591: Missing XML comment for publicly visible type or member 'DeleteDocumentResponse.RecoverableUntil' [/home/lysander/repos/bannou/bannou-service/bannou-service.csproj]
/home/lysander/repos/bannou/bannou-service/Generated/Models/DocumentationModels.cs(813,68): warning CS1591: Missing XML comment for publicly visible type or member 'DeleteDocumentResponse.AdditionalProperties' [/home/lysander/repos/bannou/bannou-service/bannou-service.csproj]
/home/lysander/repos/bannou/bannou-service/Generated/Models/DocumentationModels.cs(822,22): warning CS1591: Missing XML comment for publicly visible type or member 'RecoverDocumentRequest' [/home/lysander/repos/bannou/bannou-service/bannou-service.csproj]
/home/lysander/repos/bannou/bannou-service/Generated/Models/DocumentationModels.cs(830,19): warning CS1591: Missing XML comment for publicly visible type or member 'RecoverDocumentRequest.Namespace' [/home/lysander/repos/bannou/bannou-service/bannou-service.csproj]
/home/lysander/repos/bannou/bannou-service/Generated/Models/DocumentationModels.cs(835,24): warning CS1591: Missing XML comment for publicly visible type or member 'RecoverDocumentRequest.DocumentId' [/home/lysander/repos/bannou/bannou-service/bannou-service.csproj]
/home/lysander/repos/bannou/bannou-service/Generated/Models/DocumentationModels.cs(840,68): warning CS1591: Missing XML comment for publicly visible type or member 'RecoverDocumentRequest.AdditionalProperties' [/home/lysander/repos/bannou/bannou-service/bannou-service.csproj]
/home/lysander/repos/bannou/bannou-service/Generated/Models/DocumentationModels.cs(849,22): warning CS1591: Missing XML comment for publicly visible type or member 'RecoverDocumentResponse' [/home/lysander/repos/bannou/bannou-service/bannou-service.csproj]
/home/lysander/repos/bannou/bannou-service/Generated/Models/DocumentationModels.cs(855,24): warning CS1591: Missing XML comment for publicly visible type or member 'RecoverDocumentResponse.DocumentId' [/home/lysander/repos/bannou/bannou-service/bannou-service.csproj]
/home/lysander/repos/bannou/bannou-service/Generated/Models/DocumentationModels.cs(860,34): warning CS1591: Missing XML comment for publicly visible type or member 'RecoverDocumentResponse.RecoveredAt' [/home/lysander/repos/bannou/bannou-service/bannou-service.csproj]
/home/lysander/repos/bannou/bannou-service/Generated/Models/DocumentationModels.cs(865,68): warning CS1591: Missing XML comment for publicly visible type or member 'RecoverDocumentResponse.AdditionalProperties' [/home/lysander/repos/bannou/bannou-service/bannou-service.csproj]
/home/lysander/repos/bannou/bannou-service/Generated/Models/DocumentationModels.cs(874,22): warning CS1591: Missing XML comment for publicly visible type or member 'BulkUpdateRequest' [/home/lysander/repos/bannou/bannou-service/bannou-service.csproj]
/home/lysander/repos/bannou/bannou-service/Generated/Models/DocumentationModels.cs(882,19): warning CS1591: Missing XML comment for publicly visible type or member 'BulkUpdateRequest.Namespace' [/home/lysander/repos/bannou/bannou-service/bannou-service.csproj]
/home/lysander/repos/bannou/bannou-service/Generated/Models/DocumentationModels.cs(887,64): warning CS1591: Missing XML comment for publicly visible type or member 'BulkUpdateRequest.DocumentIds' [/home/lysander/repos/bannou/bannou-service/bannou-service.csproj]
/home/lysander/repos/bannou/bannou-service/Generated/Models/DocumentationModels.cs(891,29): warning CS1591: Missing XML comment for publicly visible type or member 'BulkUpdateRequest.Category' [/home/lysander/repos/bannou/bannou-service/bannou-service.csproj]
/home/lysander/repos/bannou/bannou-service/Generated/Models/DocumentationModels.cs(894,59): warning CS1591: Missing XML comment for publicly visible type or member 'BulkUpdateRequest.AddTags' [/home/lysander/repos/bannou/bannou-service/bannou-service.csproj]
/home/lysander/repos/bannou/bannou-service/Generated/Models/DocumentationModels.cs(897,59): warning CS1591: Missing XML comment for publicly visible type or member 'BulkUpdateRequest.RemoveTags' [/home/lysander/repos/bannou/bannou-service/bannou-service.csproj]
/home/lysander/repos/bannou/bannou-service/Generated/Models/DocumentationModels.cs(902,68): warning CS1591: Missing XML comment for publicly visible type or member 'BulkUpdateRequest.AdditionalProperties' [/home/lysander/repos/bannou/bannou-service/bannou-service.csproj]
/home/lysander/repos/bannou/bannou-service/Generated/Models/DocumentationModels.cs(911,22): warning CS1591: Missing XML comment for publicly visible type or member 'BulkUpdateResponse' [/home/lysander/repos/bannou/bannou-service/bannou-service.csproj]
/home/lysander/repos/bannou/bannou-service/Generated/Models/DocumentationModels.cs(917,64): warning CS1591: Missing XML comment for publicly visible type or member 'BulkUpdateResponse.Succeeded' [/home/lysander/repos/bannou/bannou-service/bannou-service.csproj]
/home/lysander/repos/bannou/bannou-service/Generated/Models/DocumentationModels.cs(922,73): warning CS1591: Missing XML comment for publicly visible type or member 'BulkUpdateResponse.Failed' [/home/lysander/repos/bannou/bannou-service/bannou-service.csproj]
/home/lysander/repos/bannou/bannou-service/Generated/Models/DocumentationModels.cs(927,68): warning CS1591: Missing XML comment for publicly visible type or member 'BulkUpdateResponse.AdditionalProperties' [/home/lysander/repos/bannou/bannou-service/bannou-service.csproj]
/home/lysander/repos/bannou/bannou-service/Generated/Models/DocumentationModels.cs(936,22): warning CS1591: Missing XML comment for publicly visible type or member 'BulkDeleteRequest' [/home/lysander/repos/bannou/bannou-service/bannou-service.csproj]
/home/lysander/repos/bannou/bannou-service/Generated/Models/DocumentationModels.cs(944,19): warning CS1591: Missing XML comment for publicly visible type or member 'BulkDeleteRequest.Namespace' [/home/lysander/repos/bannou/bannou-service/bannou-service.csproj]
/home/lysander/repos/bannou/bannou-service/Generated/Models/DocumentationModels.cs(949,64): warning CS1591: Missing XML comment for publicly visible type or member 'BulkDeleteRequest.DocumentIds' [/home/lysander/repos/bannou/bannou-service/bannou-service.csproj]
/home/lysander/repos/bannou/bannou-service/Generated/Models/DocumentationModels.cs(954,68): warning CS1591: Missing XML comment for publicly visible type or member 'BulkDeleteRequest.AdditionalProperties' [/home/lysander/repos/bannou/bannou-service/bannou-service.csproj]
/home/lysander/repos/bannou/bannou-service/Generated/Models/DocumentationModels.cs(963,22): warning CS1591: Missing XML comment for publicly visible type or member 'BulkDeleteResponse' [/home/lysander/repos/bannou/bannou-service/bannou-service.csproj]
/home/lysander/repos/bannou/bannou-service/Generated/Models/DocumentationModels.cs(969,64): warning CS1591: Missing XML comment for publicly visible type or member 'BulkDeleteResponse.Succeeded' [/home/lysander/repos/bannou/bannou-service/bannou-service.csproj]
/home/lysander/repos/bannou/bannou-service/Generated/Models/DocumentationModels.cs(974,73): warning CS1591: Missing XML comment for publicly visible type or member 'BulkDeleteResponse.Failed' [/home/lysander/repos/bannou/bannou-service/bannou-service.csproj]
/home/lysander/repos/bannou/bannou-service/Generated/Models/DocumentationModels.cs(979,68): warning CS1591: Missing XML comment for publicly visible type or member 'BulkDeleteResponse.AdditionalProperties' [/home/lysander/repos/bannou/bannou-service/bannou-service.csproj]
/home/lysander/repos/bannou/bannou-service/Generated/Models/DocumentationModels.cs(988,22): warning CS1591: Missing XML comment for publicly visible type or member 'BulkOperationFailure' [/home/lysander/repos/bannou/bannou-service/bannou-service.csproj]
/home/lysander/repos/bannou/bannou-service/Generated/Models/DocumentationModels.cs(994,24): warning CS1591: Missing XML comment for publicly visible type or member 'BulkOperationFailure.DocumentId' [/home/lysander/repos/bannou/bannou-service/bannou-service.csproj]
/home/lysander/repos/bannou/bannou-service/Generated/Models/DocumentationModels.cs(999,19): warning CS1591: Missing XML comment for publicly visible type or member 'BulkOperationFailure.Error' [/home/lysander/repos/bannou/bannou-service/bannou-service.csproj]
/home/lysander/repos/bannou/bannou-service/Generated/Models/DocumentationModels.cs(1004,68): warning CS1591: Missing XML comment for publicly visible type or member 'BulkOperationFailure.AdditionalProperties' [/home/lysander/repos/bannou/bannou-service/bannou-service.csproj]
/home/lysander/repos/bannou/bannou-service/Generated/Models/DocumentationModels.cs(1013,22): warning CS1591: Missing XML comment for publicly visible type or member 'ImportDocumentationRequest' [/home/lysander/repos/bannou/bannou-service/bannou-service.csproj]
/home/lysander/repos/bannou/bannou-service/Generated/Models/DocumentationModels.cs(1021,19): warning CS1591: Missing XML comment for publicly visible type or member 'ImportDocumentationRequest.Namespace' [/home/lysander/repos/bannou/bannou-service/bannou-service.csproj]
/home/lysander/repos/bannou/bannou-service/Generated/Models/DocumentationModels.cs(1026,67): warning CS1591: Missing XML comment for publicly visible type or member 'ImportDocumentationRequest.Documents' [/home/lysander/repos/bannou/bannou-service/bannou-service.csproj]
/home/lysander/repos/bannou/bannou-service/Generated/Models/DocumentationModels.cs(1030,49): warning CS1591: Missing XML comment for publicly visible type or member 'ImportDocumentationRequest.OnConflict' [/home/lysander/repos/bannou/bannou-service/bannou-service.csproj]
/home/lysander/repos/bannou/bannou-service/Generated/Models/DocumentationModels.cs(1035,68): warning CS1591: Missing XML comment for publicly visible type or member 'ImportDocumentationRequest.AdditionalProperties' [/home/lysander/repos/bannou/bannou-service/bannou-service.csproj]
/home/lysander/repos/bannou/bannou-service/Generated/Models/DocumentationModels.cs(1044,22): warning CS1591: Missing XML comment for publicly visible type or member 'ImportDocument' [/home/lysander/repos/bannou/bannou-service/bannou-service.csproj]
/home/lysander/repos/bannou/bannou-service/Generated/Models/DocumentationModels.cs(1050,19): warning CS1591: Missing XML comment for publicly visible type or member 'ImportDocument.Slug' [/home/lysander/repos/bannou/bannou-service/bannou-service.csproj]
/home/lysander/repos/bannou/bannou-service/Generated/Models/DocumentationModels.cs(1055,19): warning CS1591: Missing XML comment for publicly visible type or member 'ImportDocument.Title' [/home/lysander/repos/bannou/bannou-service/bannou-service.csproj]
/home/lysander/repos/bannou/bannou-service/Generated/Models/DocumentationModels.cs(1061,29): warning CS1591: Missing XML comment for publicly visible type or member 'ImportDocument.Category' [/home/lysander/repos/bannou/bannou-service/bannou-service.csproj]
/home/lysander/repos/bannou/bannou-service/Generated/Models/DocumentationModels.cs(1066,19): warning CS1591: Missing XML comment for publicly visible type or member 'ImportDocument.Content' [/home/lysander/repos/bannou/bannou-service/bannou-service.csproj]
/home/lysander/repos/bannou/bannou-service/Generated/Models/DocumentationModels.cs(1069,19): warning CS1591: Missing XML comment for publicly visible type or member 'ImportDocument.Summary' [/home/lysander/repos/bannou/bannou-service/bannou-service.csproj]
/home/lysander/repos/bannou/bannou-service/Generated/Models/DocumentationModels.cs(1072,19): warning CS1591: Missing XML comment for publicly visible type or member 'ImportDocument.VoiceSummary' [/home/lysander/repos/bannou/bannou-service/bannou-service.csproj]
/home/lysander/repos/bannou/bannou-service/Generated/Models/DocumentationModels.cs(1075,59): warning CS1591: Missing XML comment for publicly visible type or member 'ImportDocument.Tags' [/home/lysander/repos/bannou/bannou-service/bannou-service.csproj]
/home/lysander/repos/bannou/bannou-service/Generated/Models/DocumentationModels.cs(1078,19): warning CS1591: Missing XML comment for publicly visible type or member 'ImportDocument.Metadata' [/home/lysander/repos/bannou/bannou-service/bannou-service.csproj]
/home/lysander/repos/bannou/bannou-service/Generated/Models/DocumentationModels.cs(1083,68): warning CS1591: Missing XML comment for publicly visible type or member 'ImportDocument.AdditionalProperties' [/home/lysander/repos/bannou/bannou-service/bannou-service.csproj]
/home/lysander/repos/bannou/bannou-service/Generated/Models/DocumentationModels.cs(1092,22): warning CS1591: Missing XML comment for publicly visible type or member 'ImportDocumentationResponse' [/home/lysander/repos/bannou/bannou-service/bannou-service.csproj]
/home/lysander/repos/bannou/bannou-service/Generated/Models/DocumentationModels.cs(1098,19): warning CS1591: Missing XML comment for publicly visible type or member 'ImportDocumentationResponse.Namespace' [/home/lysander/repos/bannou/bannou-service/bannou-service.csproj]
/home/lysander/repos/bannou/bannou-service/Generated/Models/DocumentationModels.cs(1101,16): warning CS1591: Missing XML comment for publicly visible type or member 'ImportDocumentationResponse.Created' [/home/lysander/repos/bannou/bannou-service/bannou-service.csproj]
/home/lysander/repos/bannou/bannou-service/Generated/Models/DocumentationModels.cs(1104,16): warning CS1591: Missing XML comment for publicly visible type or member 'ImportDocumentationResponse.Updated' [/home/lysander/repos/bannou/bannou-service/bannou-service.csproj]
/home/lysander/repos/bannou/bannou-service/Generated/Models/DocumentationModels.cs(1107,16): warning CS1591: Missing XML comment for publicly visible type or member 'ImportDocumentationResponse.Skipped' [/home/lysander/repos/bannou/bannou-service/bannou-service.csproj]
/home/lysander/repos/bannou/bannou-service/Generated/Models/DocumentationModels.cs(1112,66): warning CS1591: Missing XML comment for publicly visible type or member 'ImportDocumentationResponse.Failed' [/home/lysander/repos/bannou/bannou-service/bannou-service.csproj]
/home/lysander/repos/bannou/bannou-service/Generated/Models/DocumentationModels.cs(1117,68): warning CS1591: Missing XML comment for publicly visible type or member 'ImportDocumentationResponse.AdditionalProperties' [/home/lysander/repos/bannou/bannou-service/bannou-service.csproj]
/home/lysander/repos/bannou/bannou-service/Generated/Models/DocumentationModels.cs(1126,22): warning CS1591: Missing XML comment for publicly visible type or member 'ImportFailure' [/home/lysander/repos/bannou/bannou-service/bannou-service.csproj]
/home/lysander/repos/bannou/bannou-service/Generated/Models/DocumentationModels.cs(1132,19): warning CS1591: Missing XML comment for publicly visible type or member 'ImportFailure.Slug' [/home/lysander/repos/bannou/bannou-service/bannou-service.csproj]
/home/lysander/repos/bannou/bannou-service/Generated/Models/DocumentationModels.cs(1137,19): warning CS1591: Missing XML comment for publicly visible type or member 'ImportFailure.Error' [/home/lysander/repos/bannou/bannou-service/bannou-service.csproj]
/home/lysander/repos/bannou/bannou-service/Generated/Models/DocumentationModels.cs(1142,68): warning CS1591: Missing XML comment for publicly visible type or member 'ImportFailure.AdditionalProperties' [/home/lysander/repos/bannou/bannou-service/bannou-service.csproj]
/home/lysander/repos/bannou/bannou-service/Generated/Models/DocumentationModels.cs(1151,22): warning CS1591: Missing XML comment for publicly visible type or member 'ListTrashcanRequest' [/home/lysander/repos/bannou/bannou-service/bannou-service.csproj]
/home/lysander/repos/bannou/bannou-service/Generated/Models/DocumentationModels.cs(1159,19): warning CS1591: Missing XML comment for publicly visible type or member 'ListTrashcanRequest.Namespace' [/home/lysander/repos/bannou/bannou-service/bannou-service.csproj]
/home/lysander/repos/bannou/bannou-service/Generated/Models/DocumentationModels.cs(1162,16): warning CS1591: Missing XML comment for publicly visible type or member 'ListTrashcanRequest.Page' [/home/lysander/repos/bannou/bannou-service/bannou-service.csproj]
/home/lysander/repos/bannou/bannou-service/Generated/Models/DocumentationModels.cs(1165,16): warning CS1591: Missing XML comment for publicly visible type or member 'ListTrashcanRequest.PageSize' [/home/lysander/repos/bannou/bannou-service/bannou-service.csproj]
/home/lysander/repos/bannou/bannou-service/Generated/Models/DocumentationModels.cs(1170,68): warning CS1591: Missing XML comment for publicly visible type or member 'ListTrashcanRequest.AdditionalProperties' [/home/lysander/repos/bannou/bannou-service/bannou-service.csproj]
/home/lysander/repos/bannou/bannou-service/Generated/Models/DocumentationModels.cs(1179,22): warning CS1591: Missing XML comment for publicly visible type or member 'ListTrashcanResponse' [/home/lysander/repos/bannou/bannou-service/bannou-service.csproj]
/home/lysander/repos/bannou/bannou-service/Generated/Models/DocumentationModels.cs(1185,19): warning CS1591: Missing XML comment for publicly visible type or member 'ListTrashcanResponse.Namespace' [/home/lysander/repos/bannou/bannou-service/bannou-service.csproj]
/home/lysander/repos/bannou/bannou-service/Generated/Models/DocumentationModels.cs(1190,65): warning CS1591: Missing XML comment for publicly visible type or member 'ListTrashcanResponse.Items' [/home/lysander/repos/bannou/bannou-service/bannou-service.csproj]
/home/lysander/repos/bannou/bannou-service/Generated/Models/DocumentationModels.cs(1193,16): warning CS1591: Missing XML comment for publicly visible type or member 'ListTrashcanResponse.TotalCount' [/home/lysander/repos/bannou/bannou-service/bannou-service.csproj]
/home/lysander/repos/bannou/bannou-service/Generated/Models/DocumentationModels.cs(1198,68): warning CS1591: Missing XML comment for publicly visible type or member 'ListTrashcanResponse.AdditionalProperties' [/home/lysander/repos/bannou/bannou-service/bannou-service.csproj]
/home/lysander/repos/bannou/bannou-service/Generated/Models/DocumentationModels.cs(1207,22): warning CS1591: Missing XML comment for publicly visible type or member 'TrashcanItem' [/home/lysander/repos/bannou/bannou-service/bannou-service.csproj]
/home/lysander/repos/bannou/bannou-service/Generated/Models/DocumentationModels.cs(1213,24): warning CS1591: Missing XML comment for publicly visible type or member 'TrashcanItem.DocumentId' [/home/lysander/repos/bannou/bannou-service/bannou-service.csproj]
/home/lysander/repos/bannou/bannou-service/Generated/Models/DocumentationModels.cs(1216,19): warning CS1591: Missing XML comment for publicly visible type or member 'TrashcanItem.Slug' [/home/lysander/repos/bannou/bannou-service/bannou-service.csproj]
/home/lysander/repos/bannou/bannou-service/Generated/Models/DocumentationModels.cs(1221,19): warning CS1591: Missing XML comment for publicly visible type or member 'TrashcanItem.Title' [/home/lysander/repos/bannou/bannou-service/bannou-service.csproj]
/home/lysander/repos/bannou/bannou-service/Generated/Models/DocumentationModels.cs(1225,29): warning CS1591: Missing XML comment for publicly visible type or member 'TrashcanItem.Category' [/home/lysander/repos/bannou/bannou-service/bannou-service.csproj]
/home/lysander/repos/bannou/bannou-service/Generated/Models/DocumentationModels.cs(1230,34): warning CS1591: Missing XML comment for publicly visible type or member 'TrashcanItem.DeletedAt' [/home/lysander/repos/bannou/bannou-service/bannou-service.csproj]
/home/lysander/repos/bannou/bannou-service/Generated/Models/DocumentationModels.cs(1235,34): warning CS1591: Missing XML comment for publicly visible type or member 'TrashcanItem.ExpiresAt' [/home/lysander/repos/bannou/bannou-service/bannou-service.csproj]
/home/lysander/repos/bannou/bannou-service/Generated/Models/DocumentationModels.cs(1240,68): warning CS1591: Missing XML comment for publicly visible type or member 'TrashcanItem.AdditionalProperties' [/home/lysander/repos/bannou/bannou-service/bannou-service.csproj]
/home/lysander/repos/bannou/bannou-service/Generated/Models/DocumentationModels.cs(1249,22): warning CS1591: Missing XML comment for publicly visible type or member 'PurgeTrashcanRequest' [/home/lysander/repos/bannou/bannou-service/bannou-service.csproj]
/home/lysander/repos/bannou/bannou-service/Generated/Models/DocumentationModels.cs(1257,19): warning CS1591: Missing XML comment for publicly visible type or member 'PurgeTrashcanRequest.Namespace' [/home/lysander/repos/bannou/bannou-service/bannou-service.csproj]
/home/lysander/repos/bannou/bannou-service/Generated/Models/DocumentationModels.cs(1268,68): warning CS1591: Missing XML comment for publicly visible type or member 'PurgeTrashcanRequest.AdditionalProperties' [/home/lysander/repos/bannou/bannou-service/bannou-service.csproj]
/home/lysander/repos/bannou/bannou-service/Generated/Models/DocumentationModels.cs(1277,22): warning CS1591: Missing XML comment for publicly visible type or member 'PurgeTrashcanResponse' [/home/lysander/repos/bannou/bannou-service/bannou-service.csproj]
/home/lysander/repos/bannou/bannou-service/Generated/Models/DocumentationModels.cs(1281,16): warning CS1591: Missing XML comment for publicly visible type or member 'PurgeTrashcanResponse.PurgedCount' [/home/lysander/repos/bannou/bannou-service/bannou-service.csproj]
/home/lysander/repos/bannou/bannou-service/Generated/Models/DocumentationModels.cs(1286,68): warning CS1591: Missing XML comment for publicly visible type or member 'PurgeTrashcanResponse.AdditionalProperties' [/home/lysander/repos/bannou/bannou-service/bannou-service.csproj]
/home/lysander/repos/bannou/bannou-service/Generated/Models/DocumentationModels.cs(1295,22): warning CS1591: Missing XML comment for publicly visible type or member 'GetNamespaceStatsRequest' [/home/lysander/repos/bannou/bannou-service/bannou-service.csproj]
/home/lysander/repos/bannou/bannou-service/Generated/Models/DocumentationModels.cs(1303,19): warning CS1591: Missing XML comment for publicly visible type or member 'GetNamespaceStatsRequest.Namespace' [/home/lysander/repos/bannou/bannou-service/bannou-service.csproj]
/home/lysander/repos/bannou/bannou-service/Generated/Models/DocumentationModels.cs(1308,68): warning CS1591: Missing XML comment for publicly visible type or member 'GetNamespaceStatsRequest.AdditionalProperties' [/home/lysander/repos/bannou/bannou-service/bannou-service.csproj]
/home/lysander/repos/bannou/bannou-service/Generated/Models/DocumentationModels.cs(1317,22): warning CS1591: Missing XML comment for publicly visible type or member 'NamespaceStatsResponse' [/home/lysander/repos/bannou/bannou-service/bannou-service.csproj]
/home/lysander/repos/bannou/bannou-service/Generated/Models/DocumentationModels.cs(1323,19): warning CS1591: Missing XML comment for publicly visible type or member 'NamespaceStatsResponse.Namespace' [/home/lysander/repos/bannou/bannou-service/bannou-service.csproj]
/home/lysander/repos/bannou/bannou-service/Generated/Models/DocumentationModels.cs(1326,16): warning CS1591: Missing XML comment for publicly visible type or member 'NamespaceStatsResponse.DocumentCount' [/home/lysander/repos/bannou/bannou-service/bannou-service.csproj]
/home/lysander/repos/bannou/bannou-service/Generated/Models/DocumentationModels.cs(1329,64): warning CS1591: Missing XML comment for publicly visible type or member 'NamespaceStatsResponse.CategoryCounts' [/home/lysander/repos/bannou/bannou-service/bannou-service.csproj]
/home/lysander/repos/bannou/bannou-service/Generated/Models/DocumentationModels.cs(1332,16): warning CS1591: Missing XML comment for publicly visible type or member 'NamespaceStatsResponse.TrashcanCount' [/home/lysander/repos/bannou/bannou-service/bannou-service.csproj]
/home/lysander/repos/bannou/bannou-service/Generated/Models/DocumentationModels.cs(1335,16): warning CS1591: Missing XML comment for publicly visible type or member 'NamespaceStatsResponse.TotalContentSizeBytes' [/home/lysander/repos/bannou/bannou-service/bannou-service.csproj]
/home/lysander/repos/bannou/bannou-service/Generated/Models/DocumentationModels.cs(1338,34): warning CS1591: Missing XML comment for publicly visible type or member 'NamespaceStatsResponse.LastUpdated' [/home/lysander/repos/bannou/bannou-service/bannou-service.csproj]
/home/lysander/repos/bannou/bannou-service/Generated/Models/DocumentationModels.cs(1343,68): warning CS1591: Missing XML comment for publicly visible type or member 'NamespaceStatsResponse.AdditionalProperties' [/home/lysander/repos/bannou/bannou-service/bannou-service.csproj]
/home/lysander/repos/bannou/bannou-service/Generated/Models/DocumentationModels.cs(1352,22): warning CS1591: Missing XML comment for publicly visible type or member 'Document' [/home/lysander/repos/bannou/bannou-service/bannou-service.csproj]
/home/lysander/repos/bannou/bannou-service/Generated/Models/DocumentationModels.cs(1358,24): warning CS1591: Missing XML comment for publicly visible type or member 'Document.DocumentId' [/home/lysander/repos/bannou/bannou-service/bannou-service.csproj]
/home/lysander/repos/bannou/bannou-service/Generated/Models/DocumentationModels.cs(1363,19): warning CS1591: Missing XML comment for publicly visible type or member 'Document.Namespace' [/home/lysander/repos/bannou/bannou-service/bannou-service.csproj]
/home/lysander/repos/bannou/bannou-service/Generated/Models/DocumentationModels.cs(1368,19): warning CS1591: Missing XML comment for publicly visible type or member 'Document.Slug' [/home/lysander/repos/bannou/bannou-service/bannou-service.csproj]
/home/lysander/repos/bannou/bannou-service/Generated/Models/DocumentationModels.cs(1373,19): warning CS1591: Missing XML comment for publicly visible type or member 'Document.Title' [/home/lysander/repos/bannou/bannou-service/bannou-service.csproj]
/home/lysander/repos/bannou/bannou-service/Generated/Models/DocumentationModels.cs(1379,29): warning CS1591: Missing XML comment for publicly visible type or member 'Document.Category' [/home/lysander/repos/bannou/bannou-service/bannou-service.csproj]
/home/lysander/repos/bannou/bannou-service/Generated/Models/DocumentationModels.cs(1382,19): warning CS1591: Missing XML comment for publicly visible type or member 'Document.Content' [/home/lysander/repos/bannou/bannou-service/bannou-service.csproj]
/home/lysander/repos/bannou/bannou-service/Generated/Models/DocumentationModels.cs(1385,19): warning CS1591: Missing XML comment for publicly visible type or member 'Document.Summary' [/home/lysander/repos/bannou/bannou-service/bannou-service.csproj]
/home/lysander/repos/bannou/bannou-service/Generated/Models/DocumentationModels.cs(1388,19): warning CS1591: Missing XML comment for publicly visible type or member 'Document.VoiceSummary' [/home/lysander/repos/bannou/bannou-service/bannou-service.csproj]
/home/lysander/repos/bannou/bannou-service/Generated/Models/DocumentationModels.cs(1391,59): warning CS1591: Missing XML comment for publicly visible type or member 'Document.Tags' [/home/lysander/repos/bannou/bannou-service/bannou-service.csproj]
/home/lysander/repos/bannou/bannou-service/Generated/Models/DocumentationModels.cs(1394,64): warning CS1591: Missing XML comment for publicly visible type or member 'Document.RelatedDocuments' [/home/lysander/repos/bannou/bannou-service/bannou-service.csproj]
/home/lysander/repos/bannou/bannou-service/Generated/Models/DocumentationModels.cs(1397,19): warning CS1591: Missing XML comment for publicly visible type or member 'Document.Metadata' [/home/lysander/repos/bannou/bannou-service/bannou-service.csproj]
/home/lysander/repos/bannou/bannou-service/Generated/Models/DocumentationModels.cs(1402,34): warning CS1591: Missing XML comment for publicly visible type or member 'Document.CreatedAt' [/home/lysander/repos/bannou/bannou-service/bannou-service.csproj]
/home/lysander/repos/bannou/bannou-service/Generated/Models/DocumentationModels.cs(1407,34): warning CS1591: Missing XML comment for publicly visible type or member 'Document.UpdatedAt' [/home/lysander/repos/bannou/bannou-service/bannou-service.csproj]
/home/lysander/repos/bannou/bannou-service/Generated/Models/DocumentationModels.cs(1412,68): warning CS1591: Missing XML comment for publicly visible type or member 'Document.AdditionalProperties' [/home/lysander/repos/bannou/bannou-service/bannou-service.csproj]
/home/lysander/repos/bannou/bannou-service/Generated/Models/DocumentationModels.cs(1421,22): warning CS1591: Missing XML comment for publicly visible type or member 'DocumentSummary' [/home/lysander/repos/bannou/bannou-service/bannou-service.csproj]
/home/lysander/repos/bannou/bannou-service/Generated/Models/DocumentationModels.cs(1427,24): warning CS1591: Missing XML comment for publicly visible type or member 'DocumentSummary.DocumentId' [/home/lysander/repos/bannou/bannou-service/bannou-service.csproj]
/home/lysander/repos/bannou/bannou-service/Generated/Models/DocumentationModels.cs(1432,19): warning CS1591: Missing XML comment for publicly visible type or member 'DocumentSummary.Slug' [/home/lysander/repos/bannou/bannou-service/bannou-service.csproj]
/home/lysander/repos/bannou/bannou-service/Generated/Models/DocumentationModels.cs(1437,19): warning CS1591: Missing XML comment for publicly visible type or member 'DocumentSummary.Title' [/home/lysander/repos/bannou/bannou-service/bannou-service.csproj]
/home/lysander/repos/bannou/bannou-service/Generated/Models/DocumentationModels.cs(1443,29): warning CS1591: Missing XML comment for publicly visible type or member 'DocumentSummary.Category' [/home/lysander/repos/bannou/bannou-service/bannou-service.csproj]
/home/lysander/repos/bannou/bannou-service/Generated/Models/DocumentationModels.cs(1446,19): warning CS1591: Missing XML comment for publicly visible type or member 'DocumentSummary.Summary' [/home/lysander/repos/bannou/bannou-service/bannou-service.csproj]
/home/lysander/repos/bannou/bannou-service/Generated/Models/DocumentationModels.cs(1449,19): warning CS1591: Missing XML comment for publicly visible type or member 'DocumentSummary.VoiceSummary' [/home/lysander/repos/bannou/bannou-service/bannou-service.csproj]
/home/lysander/repos/bannou/bannou-service/Generated/Models/DocumentationModels.cs(1452,59): warning CS1591: Missing XML comment for publicly visible type or member 'DocumentSummary.Tags' [/home/lysander/repos/bannou/bannou-service/bannou-service.csproj]
/home/lysander/repos/bannou/bannou-service/Generated/Models/DocumentationModels.cs(1457,68): warning CS1591: Missing XML comment for publicly visible type or member 'DocumentSummary.AdditionalProperties' [/home/lysander/repos/bannou/bannou-service/bannou-service.csproj]
/home/lysander/repos/bannou/bannou-service/Generated/Models/DocumentationModels.cs(1466,22): warning CS1591: Missing XML comment for publicly visible type or member 'DocumentResult' [/home/lysander/repos/bannou/bannou-service/bannou-service.csproj]
/home/lysander/repos/bannou/bannou-service/Generated/Models/DocumentationModels.cs(1472,24): warning CS1591: Missing XML comment for publicly visible type or member 'DocumentResult.DocumentId' [/home/lysander/repos/bannou/bannou-service/bannou-service.csproj]
/home/lysander/repos/bannou/bannou-service/Generated/Models/DocumentationModels.cs(1477,19): warning CS1591: Missing XML comment for publicly visible type or member 'DocumentResult.Slug' [/home/lysander/repos/bannou/bannou-service/bannou-service.csproj]
/home/lysander/repos/bannou/bannou-service/Generated/Models/DocumentationModels.cs(1482,19): warning CS1591: Missing XML comment for publicly visible type or member 'DocumentResult.Title' [/home/lysander/repos/bannou/bannou-service/bannou-service.csproj]
/home/lysander/repos/bannou/bannou-service/Generated/Models/DocumentationModels.cs(1486,29): warning CS1591: Missing XML comment for publicly visible type or member 'DocumentResult.Category' [/home/lysander/repos/bannou/bannou-service/bannou-service.csproj]
/home/lysander/repos/bannou/bannou-service/Generated/Models/DocumentationModels.cs(1489,19): warning CS1591: Missing XML comment for publicly visible type or member 'DocumentResult.Summary' [/home/lysander/repos/bannou/bannou-service/bannou-service.csproj]
/home/lysander/repos/bannou/bannou-service/Generated/Models/DocumentationModels.cs(1492,19): warning CS1591: Missing XML comment for publicly visible type or member 'DocumentResult.VoiceSummary' [/home/lysander/repos/bannou/bannou-service/bannou-service.csproj]
/home/lysander/repos/bannou/bannou-service/Generated/Models/DocumentationModels.cs(1495,19): warning CS1591: Missing XML comment for publicly visible type or member 'DocumentResult.Content' [/home/lysander/repos/bannou/bannou-service/bannou-service.csproj]
/home/lysander/repos/bannou/bannou-service/Generated/Models/DocumentationModels.cs(1498,18): warning CS1591: Missing XML comment for publicly visible type or member 'DocumentResult.RelevanceScore' [/home/lysander/repos/bannou/bannou-service/bannou-service.csproj]
/home/lysander/repos/bannou/bannou-service/Generated/Models/DocumentationModels.cs(1501,59): warning CS1591: Missing XML comment for publicly visible type or member 'DocumentResult.MatchHighlights' [/home/lysander/repos/bannou/bannou-service/bannou-service.csproj]
/home/lysander/repos/bannou/bannou-service/Generated/Models/DocumentationModels.cs(1506,68): warning CS1591: Missing XML comment for publicly visible type or member 'DocumentResult.AdditionalProperties' [/home/lysander/repos/bannou/bannou-service/bannou-service.csproj]
/home/lysander/repos/bannou/bannou-service/Generated/Models/DocumentationModels.cs(1522,5): warning CS1591: Missing XML comment for publicly visible type or member 'BindingStatus.Pending' [/home/lysander/repos/bannou/bannou-service/bannou-service.csproj]
/home/lysander/repos/bannou/bannou-service/Generated/Models/DocumentationModels.cs(1525,5): warning CS1591: Missing XML comment for publicly visible type or member 'BindingStatus.Syncing' [/home/lysander/repos/bannou/bannou-service/bannou-service.csproj]
/home/lysander/repos/bannou/bannou-service/Generated/Models/DocumentationModels.cs(1528,5): warning CS1591: Missing XML comment for publicly visible type or member 'BindingStatus.Synced' [/home/lysander/repos/bannou/bannou-service/bannou-service.csproj]
/home/lysander/repos/bannou/bannou-service/Generated/Models/DocumentationModels.cs(1531,5): warning CS1591: Missing XML comment for publicly visible type or member 'BindingStatus.Error' [/home/lysander/repos/bannou/bannou-service/bannou-service.csproj]
/home/lysander/repos/bannou/bannou-service/Generated/Models/DocumentationModels.cs(1534,5): warning CS1591: Missing XML comment for publicly visible type or member 'BindingStatus.Disabled' [/home/lysander/repos/bannou/bannou-service/bannou-service.csproj]
/home/lysander/repos/bannou/bannou-service/Generated/Models/DocumentationModels.cs(1546,5): warning CS1591: Missing XML comment for publicly visible type or member 'SyncStatus.Success' [/home/lysander/repos/bannou/bannou-service/bannou-service.csproj]
/home/lysander/repos/bannou/bannou-service/Generated/Models/DocumentationModels.cs(1549,5): warning CS1591: Missing XML comment for publicly visible type or member 'SyncStatus.Partial' [/home/lysander/repos/bannou/bannou-service/bannou-service.csproj]
/home/lysander/repos/bannou/bannou-service/Generated/Models/DocumentationModels.cs(1552,5): warning CS1591: Missing XML comment for publicly visible type or member 'SyncStatus.Failed' [/home/lysander/repos/bannou/bannou-service/bannou-service.csproj]
/home/lysander/repos/bannou/bannou-service/Generated/Models/DocumentationModels.cs(1564,5): warning CS1591: Missing XML comment for publicly visible type or member 'SyncTrigger.Manual' [/home/lysander/repos/bannou/bannou-service/bannou-service.csproj]
/home/lysander/repos/bannou/bannou-service/Generated/Models/DocumentationModels.cs(1567,5): warning CS1591: Missing XML comment for publicly visible type or member 'SyncTrigger.Scheduled' [/home/lysander/repos/bannou/bannou-service/bannou-service.csproj]
/home/lysander/repos/bannou/bannou-service/Generated/Models/DocumentationModels.cs(1572,22): warning CS1591: Missing XML comment for publicly visible type or member 'BindRepositoryRequest' [/home/lysander/repos/bannou/bannou-service/bannou-service.csproj]
/home/lysander/repos/bannou/bannou-service/Generated/Models/DocumentationModels.cs(1626,29): warning CS1591: Missing XML comment for publicly visible type or member 'BindRepositoryRequest.DefaultCategory' [/home/lysander/repos/bannou/bannou-service/bannou-service.csproj]
/home/lysander/repos/bannou/bannou-service/Generated/Models/DocumentationModels.cs(1643,68): warning CS1591: Missing XML comment for publicly visible type or member 'BindRepositoryRequest.AdditionalProperties' [/home/lysander/repos/bannou/bannou-service/bannou-service.csproj]
/home/lysander/repos/bannou/bannou-service/Generated/Models/DocumentationModels.cs(1652,22): warning CS1591: Missing XML comment for publicly visible type or member 'BindRepositoryResponse' [/home/lysander/repos/bannou/bannou-service/bannou-service.csproj]
/home/lysander/repos/bannou/bannou-service/Generated/Models/DocumentationModels.cs(1658,24): warning CS1591: Missing XML comment for publicly visible type or member 'BindRepositoryResponse.BindingId' [/home/lysander/repos/bannou/bannou-service/bannou-service.csproj]
/home/lysander/repos/bannou/bannou-service/Generated/Models/DocumentationModels.cs(1663,19): warning CS1591: Missing XML comment for publicly visible type or member 'BindRepositoryResponse.Namespace' [/home/lysander/repos/bannou/bannou-service/bannou-service.csproj]
/home/lysander/repos/bannou/bannou-service/Generated/Models/DocumentationModels.cs(1666,19): warning CS1591: Missing XML comment for publicly visible type or member 'BindRepositoryResponse.RepositoryUrl' [/home/lysander/repos/bannou/bannou-service/bannou-service.csproj]
/home/lysander/repos/bannou/bannou-service/Generated/Models/DocumentationModels.cs(1669,19): warning CS1591: Missing XML comment for publicly visible type or member 'BindRepositoryResponse.Branch' [/home/lysander/repos/bannou/bannou-service/bannou-service.csproj]
/home/lysander/repos/bannou/bannou-service/Generated/Models/DocumentationModels.cs(1675,26): warning CS1591: Missing XML comment for publicly visible type or member 'BindRepositoryResponse.Status' [/home/lysander/repos/bannou/bannou-service/bannou-service.csproj]
/home/lysander/repos/bannou/bannou-service/Generated/Models/DocumentationModels.cs(1678,34): warning CS1591: Missing XML comment for publicly visible type or member 'BindRepositoryResponse.CreatedAt' [/home/lysander/repos/bannou/bannou-service/bannou-service.csproj]
/home/lysander/repos/bannou/bannou-service/Generated/Models/DocumentationModels.cs(1683,68): warning CS1591: Missing XML comment for publicly visible type or member 'BindRepositoryResponse.AdditionalProperties' [/home/lysander/repos/bannou/bannou-service/bannou-service.csproj]
/home/lysander/repos/bannou/bannou-service/Generated/Models/DocumentationModels.cs(1692,22): warning CS1591: Missing XML comment for publicly visible type or member 'UnbindRepositoryRequest' [/home/lysander/repos/bannou/bannou-service/bannou-service.csproj]
/home/lysander/repos/bannou/bannou-service/Generated/Models/DocumentationModels.cs(1700,19): warning CS1591: Missing XML comment for publicly visible type or member 'UnbindRepositoryRequest.Namespace' [/home/lysander/repos/bannou/bannou-service/bannou-service.csproj]
/home/lysander/repos/bannou/bannou-service/Generated/Models/DocumentationModels.cs(1711,68): warning CS1591: Missing XML comment for publicly visible type or member 'UnbindRepositoryRequest.AdditionalProperties' [/home/lysander/repos/bannou/bannou-service/bannou-service.csproj]
/home/lysander/repos/bannou/bannou-service/Generated/Models/DocumentationModels.cs(1720,22): warning CS1591: Missing XML comment for publicly visible type or member 'UnbindRepositoryResponse' [/home/lysander/repos/bannou/bannou-service/bannou-service.csproj]
/home/lysander/repos/bannou/bannou-service/Generated/Models/DocumentationModels.cs(1726,19): warning CS1591: Missing XML comment for publicly visible type or member 'UnbindRepositoryResponse.Namespace' [/home/lysander/repos/bannou/bannou-service/bannou-service.csproj]
/home/lysander/repos/bannou/bannou-service/Generated/Models/DocumentationModels.cs(1737,68): warning CS1591: Missing XML comment for publicly visible type or member 'UnbindRepositoryResponse.AdditionalProperties' [/home/lysander/repos/bannou/bannou-service/bannou-service.csproj]
/home/lysander/repos/bannou/bannou-service/Generated/Models/DocumentationModels.cs(1746,22): warning CS1591: Missing XML comment for publicly visible type or member 'SyncRepositoryRequest' [/home/lysander/repos/bannou/bannou-service/bannou-service.csproj]
/home/lysander/repos/bannou/bannou-service/Generated/Models/DocumentationModels.cs(1754,19): warning CS1591: Missing XML comment for publicly visible type or member 'SyncRepositoryRequest.Namespace' [/home/lysander/repos/bannou/bannou-service/bannou-service.csproj]
/home/lysander/repos/bannou/bannou-service/Generated/Models/DocumentationModels.cs(1765,68): warning CS1591: Missing XML comment for publicly visible type or member 'SyncRepositoryRequest.AdditionalProperties' [/home/lysander/repos/bannou/bannou-service/bannou-service.csproj]
/home/lysander/repos/bannou/bannou-service/Generated/Models/DocumentationModels.cs(1774,22): warning CS1591: Missing XML comment for publicly visible type or member 'SyncRepositoryResponse' [/home/lysander/repos/bannou/bannou-service/bannou-service.csproj]
/home/lysander/repos/bannou/bannou-service/Generated/Models/DocumentationModels.cs(1780,24): warning CS1591: Missing XML comment for publicly visible type or member 'SyncRepositoryResponse.SyncId' [/home/lysander/repos/bannou/bannou-service/bannou-service.csproj]
/home/lysander/repos/bannou/bannou-service/Generated/Models/DocumentationModels.cs(1786,23): warning CS1591: Missing XML comment for publicly visible type or member 'SyncRepositoryResponse.Status' [/home/lysander/repos/bannou/bannou-service/bannou-service.csproj]
/home/lysander/repos/bannou/bannou-service/Generated/Models/DocumentationModels.cs(1789,19): warning CS1591: Missing XML comment for publicly visible type or member 'SyncRepositoryResponse.CommitHash' [/home/lysander/repos/bannou/bannou-service/bannou-service.csproj]
/home/lysander/repos/bannou/bannou-service/Generated/Models/DocumentationModels.cs(1792,16): warning CS1591: Missing XML comment for publicly visible type or member 'SyncRepositoryResponse.DocumentsCreated' [/home/lysander/repos/bannou/bannou-service/bannou-service.csproj]
/home/lysander/repos/bannou/bannou-service/Generated/Models/DocumentationModels.cs(1795,16): warning CS1591: Missing XML comment for publicly visible type or member 'SyncRepositoryResponse.DocumentsUpdated' [/home/lysander/repos/bannou/bannou-service/bannou-service.csproj]
/home/lysander/repos/bannou/bannou-service/Generated/Models/DocumentationModels.cs(1798,16): warning CS1591: Missing XML comment for publicly visible type or member 'SyncRepositoryResponse.DocumentsDeleted' [/home/lysander/repos/bannou/bannou-service/bannou-service.csproj]
/home/lysander/repos/bannou/bannou-service/Generated/Models/DocumentationModels.cs(1801,16): warning CS1591: Missing XML comment for publicly visible type or member 'SyncRepositoryResponse.DocumentsFailed' [/home/lysander/repos/bannou/bannou-service/bannou-service.csproj]
/home/lysander/repos/bannou/bannou-service/Generated/Models/DocumentationModels.cs(1804,16): warning CS1591: Missing XML comment for publicly visible type or member 'SyncRepositoryResponse.DurationMs' [/home/lysander/repos/bannou/bannou-service/bannou-service.csproj]
/home/lysander/repos/bannou/bannou-service/Generated/Models/DocumentationModels.cs(1807,20): warning CS1591: Missing XML comment for publicly visible type or member 'SyncRepositoryResponse.ErrorMessage' [/home/lysander/repos/bannou/bannou-service/bannou-service.csproj]
/home/lysander/repos/bannou/bannou-service/Generated/Models/DocumentationModels.cs(1812,68): warning CS1591: Missing XML comment for publicly visible type or member 'SyncRepositoryResponse.AdditionalProperties' [/home/lysander/repos/bannou/bannou-service/bannou-service.csproj]
/home/lysander/repos/bannou/bannou-service/Generated/Models/DocumentationModels.cs(1821,22): warning CS1591: Missing XML comment for publicly visible type or member 'RepositoryStatusRequest' [/home/lysander/repos/bannou/bannou-service/bannou-service.csproj]
/home/lysander/repos/bannou/bannou-service/Generated/Models/DocumentationModels.cs(1829,19): warning CS1591: Missing XML comment for publicly visible type or member 'RepositoryStatusRequest.Namespace' [/home/lysander/repos/bannou/bannou-service/bannou-service.csproj]
/home/lysander/repos/bannou/bannou-service/Generated/Models/DocumentationModels.cs(1834,68): warning CS1591: Missing XML comment for publicly visible type or member 'RepositoryStatusRequest.AdditionalProperties' [/home/lysander/repos/bannou/bannou-service/bannou-service.csproj]
/home/lysander/repos/bannou/bannou-service/Generated/Models/DocumentationModels.cs(1843,22): warning CS1591: Missing XML comment for publicly visible type or member 'RepositoryStatusResponse' [/home/lysander/repos/bannou/bannou-service/bannou-service.csproj]
/home/lysander/repos/bannou/bannou-service/Generated/Models/DocumentationModels.cs(1847,34): warning CS1591: Missing XML comment for publicly visible type or member 'RepositoryStatusResponse.Binding' [/home/lysander/repos/bannou/bannou-service/bannou-service.csproj]
/home/lysander/repos/bannou/bannou-service/Generated/Models/DocumentationModels.cs(1850,21): warning CS1591: Missing XML comment for publicly visible type or member 'RepositoryStatusResponse.LastSync' [/home/lysander/repos/bannou/bannou-service/bannou-service.csproj]
/home/lysander/repos/bannou/bannou-service/Generated/Models/DocumentationModels.cs(1855,68): warning CS1591: Missing XML comment for publicly visible type or member 'RepositoryStatusResponse.AdditionalProperties' [/home/lysander/repos/bannou/bannou-service/bannou-service.csproj]
/home/lysander/repos/bannou/bannou-service/Generated/Models/DocumentationModels.cs(1864,22): warning CS1591: Missing XML comment for publicly visible type or member 'RepositoryBindingInfo' [/home/lysander/repos/bannou/bannou-service/bannou-service.csproj]
/home/lysander/repos/bannou/bannou-service/Generated/Models/DocumentationModels.cs(1870,24): warning CS1591: Missing XML comment for publicly visible type or member 'RepositoryBindingInfo.BindingId' [/home/lysander/repos/bannou/bannou-service/bannou-service.csproj]
/home/lysander/repos/bannou/bannou-service/Generated/Models/DocumentationModels.cs(1875,19): warning CS1591: Missing XML comment for publicly visible type or member 'RepositoryBindingInfo.Namespace' [/home/lysander/repos/bannou/bannou-service/bannou-service.csproj]
/home/lysander/repos/bannou/bannou-service/Generated/Models/DocumentationModels.cs(1880,19): warning CS1591: Missing XML comment for publicly visible type or member 'RepositoryBindingInfo.RepositoryUrl' [/home/lysander/repos/bannou/bannou-service/bannou-service.csproj]
/home/lysander/repos/bannou/bannou-service/Generated/Models/DocumentationModels.cs(1883,19): warning CS1591: Missing XML comment for publicly visible type or member 'RepositoryBindingInfo.Branch' [/home/lysander/repos/bannou/bannou-service/bannou-service.csproj]
/home/lysander/repos/bannou/bannou-service/Generated/Models/DocumentationModels.cs(1889,26): warning CS1591: Missing XML comment for publicly visible type or member 'RepositoryBindingInfo.Status' [/home/lysander/repos/bannou/bannou-service/bannou-service.csproj]
/home/lysander/repos/bannou/bannou-service/Generated/Models/DocumentationModels.cs(1892,17): warning CS1591: Missing XML comment for publicly visible type or member 'RepositoryBindingInfo.SyncEnabled' [/home/lysander/repos/bannou/bannou-service/bannou-service.csproj]
/home/lysander/repos/bannou/bannou-service/Generated/Models/DocumentationModels.cs(1895,16): warning CS1591: Missing XML comment for publicly visible type or member 'RepositoryBindingInfo.SyncIntervalMinutes' [/home/lysander/repos/bannou/bannou-service/bannou-service.csproj]
/home/lysander/repos/bannou/bannou-service/Generated/Models/DocumentationModels.cs(1898,16): warning CS1591: Missing XML comment for publicly visible type or member 'RepositoryBindingInfo.DocumentCount' [/home/lysander/repos/bannou/bannou-service/bannou-service.csproj]
/home/lysander/repos/bannou/bannou-service/Generated/Models/DocumentationModels.cs(1901,34): warning CS1591: Missing XML comment for publicly visible type or member 'RepositoryBindingInfo.CreatedAt' [/home/lysander/repos/bannou/bannou-service/bannou-service.csproj]
/home/lysander/repos/bannou/bannou-service/Generated/Models/DocumentationModels.cs(1904,24): warning CS1591: Missing XML comment for publicly visible type or member 'RepositoryBindingInfo.CreatedBy' [/home/lysander/repos/bannou/bannou-service/bannou-service.csproj]
/home/lysander/repos/bannou/bannou-service/Generated/Models/DocumentationModels.cs(1909,68): warning CS1591: Missing XML comment for publicly visible type or member 'RepositoryBindingInfo.AdditionalProperties' [/home/lysander/repos/bannou/bannou-service/bannou-service.csproj]
/home/lysander/repos/bannou/bannou-service/Generated/Models/DocumentationModels.cs(1918,22): warning CS1591: Missing XML comment for publicly visible type or member 'SyncInfo' [/home/lysander/repos/bannou/bannou-service/bannou-service.csproj]
/home/lysander/repos/bannou/bannou-service/Generated/Models/DocumentationModels.cs(1922,24): warning CS1591: Missing XML comment for publicly visible type or member 'SyncInfo.SyncId' [/home/lysander/repos/bannou/bannou-service/bannou-service.csproj]
/home/lysander/repos/bannou/bannou-service/Generated/Models/DocumentationModels.cs(1926,23): warning CS1591: Missing XML comment for publicly visible type or member 'SyncInfo.Status' [/home/lysander/repos/bannou/bannou-service/bannou-service.csproj]
/home/lysander/repos/bannou/bannou-service/Generated/Models/DocumentationModels.cs(1930,24): warning CS1591: Missing XML comment for publicly visible type or member 'SyncInfo.TriggeredBy' [/home/lysander/repos/bannou/bannou-service/bannou-service.csproj]
/home/lysander/repos/bannou/bannou-service/Generated/Models/DocumentationModels.cs(1933,34): warning CS1591: Missing XML comment for publicly visible type or member 'SyncInfo.StartedAt' [/home/lysander/repos/bannou/bannou-service/bannou-service.csproj]
/home/lysander/repos/bannou/bannou-service/Generated/Models/DocumentationModels.cs(1936,34): warning CS1591: Missing XML comment for publicly visible type or member 'SyncInfo.CompletedAt' [/home/lysander/repos/bannou/bannou-service/bannou-service.csproj]
/home/lysander/repos/bannou/bannou-service/Generated/Models/DocumentationModels.cs(1939,19): warning CS1591: Missing XML comment for publicly visible type or member 'SyncInfo.CommitHash' [/home/lysander/repos/bannou/bannou-service/bannou-service.csproj]
/home/lysander/repos/bannou/bannou-service/Generated/Models/DocumentationModels.cs(1942,16): warning CS1591: Missing XML comment for publicly visible type or member 'SyncInfo.DocumentsProcessed' [/home/lysander/repos/bannou/bannou-service/bannou-service.csproj]
/home/lysander/repos/bannou/bannou-service/Generated/Models/DocumentationModels.cs(1947,68): warning CS1591: Missing XML comment for publicly visible type or member 'SyncInfo.AdditionalProperties' [/home/lysander/repos/bannou/bannou-service/bannou-service.csproj]
/home/lysander/repos/bannou/bannou-service/Generated/Models/DocumentationModels.cs(1956,22): warning CS1591: Missing XML comment for publicly visible type or member 'ListRepositoryBindingsRequest' [/home/lysander/repos/bannou/bannou-service/bannou-service.csproj]
/home/lysander/repos/bannou/bannou-service/Generated/Models/DocumentationModels.cs(1961,26): warning CS1591: Missing XML comment for publicly visible type or member 'ListRepositoryBindingsRequest.Status' [/home/lysander/repos/bannou/bannou-service/bannou-service.csproj]
/home/lysander/repos/bannou/bannou-service/Generated/Models/DocumentationModels.cs(1965,16): warning CS1591: Missing XML comment for publicly visible type or member 'ListRepositoryBindingsRequest.Limit' [/home/lysander/repos/bannou/bannou-service/bannou-service.csproj]
/home/lysander/repos/bannou/bannou-service/Generated/Models/DocumentationModels.cs(1969,16): warning CS1591: Missing XML comment for publicly visible type or member 'ListRepositoryBindingsRequest.Offset' [/home/lysander/repos/bannou/bannou-service/bannou-service.csproj]
/home/lysander/repos/bannou/bannou-service/Generated/Models/DocumentationModels.cs(1974,68): warning CS1591: Missing XML comment for publicly visible type or member 'ListRepositoryBindingsRequest.AdditionalProperties' [/home/lysander/repos/bannou/bannou-service/bannou-service.csproj]
/home/lysander/repos/bannou/bannou-service/Generated/Models/DocumentationModels.cs(1983,22): warning CS1591: Missing XML comment for publicly visible type or member 'ListRepositoryBindingsResponse' [/home/lysander/repos/bannou/bannou-service/bannou-service.csproj]
/home/lysander/repos/bannou/bannou-service/Generated/Models/DocumentationModels.cs(1989,74): warning CS1591: Missing XML comment for publicly visible type or member 'ListRepositoryBindingsResponse.Bindings' [/home/lysander/repos/bannou/bannou-service/bannou-service.csproj]
/home/lysander/repos/bannou/bannou-service/Generated/Models/DocumentationModels.cs(1992,16): warning CS1591: Missing XML comment for publicly visible type or member 'ListRepositoryBindingsResponse.Total' [/home/lysander/repos/bannou/bannou-service/bannou-service.csproj]
/home/lysander/repos/bannou/bannou-service/Generated/Models/DocumentationModels.cs(1997,68): warning CS1591: Missing XML comment for publicly visible type or member 'ListRepositoryBindingsResponse.AdditionalProperties' [/home/lysander/repos/bannou/bannou-service/bannou-service.csproj]
/home/lysander/repos/bannou/bannou-service/Generated/Models/DocumentationModels.cs(2006,22): warning CS1591: Missing XML comment for publicly visible type or member 'UpdateRepositoryBindingRequest' [/home/lysander/repos/bannou/bannou-service/bannou-service.csproj]
/home/lysander/repos/bannou/bannou-service/Generated/Models/DocumentationModels.cs(2014,19): warning CS1591: Missing XML comment for publicly visible type or member 'UpdateRepositoryBindingRequest.Namespace' [/home/lysander/repos/bannou/bannou-service/bannou-service.csproj]
/home/lysander/repos/bannou/bannou-service/Generated/Models/DocumentationModels.cs(2017,17): warning CS1591: Missing XML comment for publicly visible type or member 'UpdateRepositoryBindingRequest.SyncEnabled' [/home/lysander/repos/bannou/bannou-service/bannou-service.csproj]
/home/lysander/repos/bannou/bannou-service/Generated/Models/DocumentationModels.cs(2021,16): warning CS1591: Missing XML comment for publicly visible type or member 'UpdateRepositoryBindingRequest.SyncIntervalMinutes' [/home/lysander/repos/bannou/bannou-service/bannou-service.csproj]
/home/lysander/repos/bannou/bannou-service/Generated/Models/DocumentationModels.cs(2024,59): warning CS1591: Missing XML comment for publicly visible type or member 'UpdateRepositoryBindingRequest.FilePatterns' [/home/lysander/repos/bannou/bannou-service/bannou-service.csproj]
/home/lysander/repos/bannou/bannou-service/Generated/Models/DocumentationModels.cs(2027,59): warning CS1591: Missing XML comment for publicly visible type or member 'UpdateRepositoryBindingRequest.ExcludePatterns' [/home/lysander/repos/bannou/bannou-service/bannou-service.csproj]
/home/lysander/repos/bannou/bannou-service/Generated/Models/DocumentationModels.cs(2030,67): warning CS1591: Missing XML comment for publicly visible type or member 'UpdateRepositoryBindingRequest.CategoryMapping' [/home/lysander/repos/bannou/bannou-service/bannou-service.csproj]
/home/lysander/repos/bannou/bannou-service/Generated/Models/DocumentationModels.cs(2034,29): warning CS1591: Missing XML comment for publicly visible type or member 'UpdateRepositoryBindingRequest.DefaultCategory' [/home/lysander/repos/bannou/bannou-service/bannou-service.csproj]
/home/lysander/repos/bannou/bannou-service/Generated/Models/DocumentationModels.cs(2037,17): warning CS1591: Missing XML comment for publicly visible type or member 'UpdateRepositoryBindingRequest.ArchiveEnabled' [/home/lysander/repos/bannou/bannou-service/bannou-service.csproj]
/home/lysander/repos/bannou/bannou-service/Generated/Models/DocumentationModels.cs(2040,17): warning CS1591: Missing XML comment for publicly visible type or member 'UpdateRepositoryBindingRequest.ArchiveOnSync' [/home/lysander/repos/bannou/bannou-service/bannou-service.csproj]
/home/lysander/repos/bannou/bannou-service/Generated/Models/DocumentationModels.cs(2045,68): warning CS1591: Missing XML comment for publicly visible type or member 'UpdateRepositoryBindingRequest.AdditionalProperties' [/home/lysander/repos/bannou/bannou-service/bannou-service.csproj]
/home/lysander/repos/bannou/bannou-service/Generated/Models/DocumentationModels.cs(2054,22): warning CS1591: Missing XML comment for publicly visible type or member 'UpdateRepositoryBindingResponse' [/home/lysander/repos/bannou/bannou-service/bannou-service.csproj]
/home/lysander/repos/bannou/bannou-service/Generated/Models/DocumentationModels.cs(2060,34): warning CS1591: Missing XML comment for publicly visible type or member 'UpdateRepositoryBindingResponse.Binding' [/home/lysander/repos/bannou/bannou-service/bannou-service.csproj]
/home/lysander/repos/bannou/bannou-service/Generated/Models/DocumentationModels.cs(2065,68): warning CS1591: Missing XML comment for publicly visible type or member 'UpdateRepositoryBindingResponse.AdditionalProperties' [/home/lysander/repos/bannou/bannou-service/bannou-service.csproj]
/home/lysander/repos/bannou/bannou-service/Generated/Models/DocumentationModels.cs(2074,22): warning CS1591: Missing XML comment for publicly visible type or member 'CreateArchiveRequest' [/home/lysander/repos/bannou/bannou-service/bannou-service.csproj]
/home/lysander/repos/bannou/bannou-service/Generated/Models/DocumentationModels.cs(2082,19): warning CS1591: Missing XML comment for publicly visible type or member 'CreateArchiveRequest.Namespace' [/home/lysander/repos/bannou/bannou-service/bannou-service.csproj]
/home/lysander/repos/bannou/bannou-service/Generated/Models/DocumentationModels.cs(2094,68): warning CS1591: Missing XML comment for publicly visible type or member 'CreateArchiveRequest.AdditionalProperties' [/home/lysander/repos/bannou/bannou-service/bannou-service.csproj]
/home/lysander/repos/bannou/bannou-service/Generated/Models/DocumentationModels.cs(2103,22): warning CS1591: Missing XML comment for publicly visible type or member 'CreateArchiveResponse' [/home/lysander/repos/bannou/bannou-service/bannou-service.csproj]
/home/lysander/repos/bannou/bannou-service/Generated/Models/DocumentationModels.cs(2109,24): warning CS1591: Missing XML comment for publicly visible type or member 'CreateArchiveResponse.ArchiveId' [/home/lysander/repos/bannou/bannou-service/bannou-service.csproj]
/home/lysander/repos/bannou/bannou-service/Generated/Models/DocumentationModels.cs(2114,19): warning CS1591: Missing XML comment for publicly visible type or member 'CreateArchiveResponse.Namespace' [/home/lysander/repos/bannou/bannou-service/bannou-service.csproj]
/home/lysander/repos/bannou/bannou-service/Generated/Models/DocumentationModels.cs(2123,16): warning CS1591: Missing XML comment for publicly visible type or member 'CreateArchiveResponse.DocumentCount' [/home/lysander/repos/bannou/bannou-service/bannou-service.csproj]
/home/lysander/repos/bannou/bannou-service/Generated/Models/DocumentationModels.cs(2126,16): warning CS1591: Missing XML comment for publicly visible type or member 'CreateArchiveResponse.SizeBytes' [/home/lysander/repos/bannou/bannou-service/bannou-service.csproj]
/home/lysander/repos/bannou/bannou-service/Generated/Models/DocumentationModels.cs(2129,34): warning CS1591: Missing XML comment for publicly visible type or member 'CreateArchiveResponse.CreatedAt' [/home/lysander/repos/bannou/bannou-service/bannou-service.csproj]
/home/lysander/repos/bannou/bannou-service/Generated/Models/DocumentationModels.cs(2140,68): warning CS1591: Missing XML comment for publicly visible type or member 'CreateArchiveResponse.AdditionalProperties' [/home/lysander/repos/bannou/bannou-service/bannou-service.csproj]
/home/lysander/repos/bannou/bannou-service/Generated/Models/DocumentationModels.cs(2149,22): warning CS1591: Missing XML comment for publicly visible type or member 'ListArchivesRequest' [/home/lysander/repos/bannou/bannou-service/bannou-service.csproj]
/home/lysander/repos/bannou/bannou-service/Generated/Models/DocumentationModels.cs(2157,19): warning CS1591: Missing XML comment for publicly visible type or member 'ListArchivesRequest.Namespace' [/home/lysander/repos/bannou/bannou-service/bannou-service.csproj]
/home/lysander/repos/bannou/bannou-service/Generated/Models/DocumentationModels.cs(2161,16): warning CS1591: Missing XML comment for publicly visible type or member 'ListArchivesRequest.Limit' [/home/lysander/repos/bannou/bannou-service/bannou-service.csproj]
/home/lysander/repos/bannou/bannou-service/Generated/Models/DocumentationModels.cs(2165,16): warning CS1591: Missing XML comment for publicly visible type or member 'ListArchivesRequest.Offset' [/home/lysander/repos/bannou/bannou-service/bannou-service.csproj]
/home/lysander/repos/bannou/bannou-service/Generated/Models/DocumentationModels.cs(2170,68): warning CS1591: Missing XML comment for publicly visible type or member 'ListArchivesRequest.AdditionalProperties' [/home/lysander/repos/bannou/bannou-service/bannou-service.csproj]
/home/lysander/repos/bannou/bannou-service/Generated/Models/DocumentationModels.cs(2179,22): warning CS1591: Missing XML comment for publicly visible type or member 'ListArchivesResponse' [/home/lysander/repos/bannou/bannou-service/bannou-service.csproj]
/home/lysander/repos/bannou/bannou-service/Generated/Models/DocumentationModels.cs(2185,64): warning CS1591: Missing XML comment for publicly visible type or member 'ListArchivesResponse.Archives' [/home/lysander/repos/bannou/bannou-service/bannou-service.csproj]
/home/lysander/repos/bannou/bannou-service/Generated/Models/DocumentationModels.cs(2188,16): warning CS1591: Missing XML comment for publicly visible type or member 'ListArchivesResponse.Total' [/home/lysander/repos/bannou/bannou-service/bannou-service.csproj]
/home/lysander/repos/bannou/bannou-service/Generated/Models/DocumentationModels.cs(2193,68): warning CS1591: Missing XML comment for publicly visible type or member 'ListArchivesResponse.AdditionalProperties' [/home/lysander/repos/bannou/bannou-service/bannou-service.csproj]
/home/lysander/repos/bannou/bannou-service/Generated/Models/DocumentationModels.cs(2202,22): warning CS1591: Missing XML comment for publicly visible type or member 'ArchiveInfo' [/home/lysander/repos/bannou/bannou-service/bannou-service.csproj]
/home/lysander/repos/bannou/bannou-service/Generated/Models/DocumentationModels.cs(2208,24): warning CS1591: Missing XML comment for publicly visible type or member 'ArchiveInfo.ArchiveId' [/home/lysander/repos/bannou/bannou-service/bannou-service.csproj]
/home/lysander/repos/bannou/bannou-service/Generated/Models/DocumentationModels.cs(2213,19): warning CS1591: Missing XML comment for publicly visible type or member 'ArchiveInfo.Namespace' [/home/lysander/repos/bannou/bannou-service/bannou-service.csproj]
/home/lysander/repos/bannou/bannou-service/Generated/Models/DocumentationModels.cs(2216,24): warning CS1591: Missing XML comment for publicly visible type or member 'ArchiveInfo.BundleAssetId' [/home/lysander/repos/bannou/bannou-service/bannou-service.csproj]
/home/lysander/repos/bannou/bannou-service/Generated/Models/DocumentationModels.cs(2219,19): warning CS1591: Missing XML comment for publicly visible type or member 'ArchiveInfo.Description' [/home/lysander/repos/bannou/bannou-service/bannou-service.csproj]
/home/lysander/repos/bannou/bannou-service/Generated/Models/DocumentationModels.cs(2222,16): warning CS1591: Missing XML comment for publicly visible type or member 'ArchiveInfo.DocumentCount' [/home/lysander/repos/bannou/bannou-service/bannou-service.csproj]
/home/lysander/repos/bannou/bannou-service/Generated/Models/DocumentationModels.cs(2225,16): warning CS1591: Missing XML comment for publicly visible type or member 'ArchiveInfo.SizeBytes' [/home/lysander/repos/bannou/bannou-service/bannou-service.csproj]
/home/lysander/repos/bannou/bannou-service/Generated/Models/DocumentationModels.cs(2228,20): warning CS1591: Missing XML comment for publicly visible type or member 'ArchiveInfo.CommitHash' [/home/lysander/repos/bannou/bannou-service/bannou-service.csproj]
/home/lysander/repos/bannou/bannou-service/Generated/Models/DocumentationModels.cs(2233,34): warning CS1591: Missing XML comment for publicly visible type or member 'ArchiveInfo.CreatedAt' [/home/lysander/repos/bannou/bannou-service/bannou-service.csproj]
/home/lysander/repos/bannou/bannou-service/Generated/Models/DocumentationModels.cs(2236,24): warning CS1591: Missing XML comment for publicly visible type or member 'ArchiveInfo.CreatedBy' [/home/lysander/repos/bannou/bannou-service/bannou-service.csproj]
/home/lysander/repos/bannou/bannou-service/Generated/Models/DocumentationModels.cs(2241,68): warning CS1591: Missing XML comment for publicly visible type or member 'ArchiveInfo.AdditionalProperties' [/home/lysander/repos/bannou/bannou-service/bannou-service.csproj]
/home/lysander/repos/bannou/bannou-service/Generated/Models/DocumentationModels.cs(2250,22): warning CS1591: Missing XML comment for publicly visible type or member 'RestoreArchiveRequest' [/home/lysander/repos/bannou/bannou-service/bannou-service.csproj]
/home/lysander/repos/bannou/bannou-service/Generated/Models/DocumentationModels.cs(2256,24): warning CS1591: Missing XML comment for publicly visible type or member 'RestoreArchiveRequest.ArchiveId' [/home/lysander/repos/bannou/bannou-service/bannou-service.csproj]
/home/lysander/repos/bannou/bannou-service/Generated/Models/DocumentationModels.cs(2269,68): warning CS1591: Missing XML comment for publicly visible type or member 'RestoreArchiveRequest.AdditionalProperties' [/home/lysander/repos/bannou/bannou-service/bannou-service.csproj]
/home/lysander/repos/bannou/bannou-service/Generated/Models/DocumentationModels.cs(2278,22): warning CS1591: Missing XML comment for publicly visible type or member 'RestoreArchiveResponse' [/home/lysander/repos/bannou/bannou-service/bannou-service.csproj]
/home/lysander/repos/bannou/bannou-service/Generated/Models/DocumentationModels.cs(2284,19): warning CS1591: Missing XML comment for publicly visible type or member 'RestoreArchiveResponse.Namespace' [/home/lysander/repos/bannou/bannou-service/bannou-service.csproj]
/home/lysander/repos/bannou/bannou-service/Generated/Models/DocumentationModels.cs(2287,16): warning CS1591: Missing XML comment for publicly visible type or member 'RestoreArchiveResponse.DocumentsRestored' [/home/lysander/repos/bannou/bannou-service/bannou-service.csproj]
/home/lysander/repos/bannou/bannou-service/Generated/Models/DocumentationModels.cs(2290,16): warning CS1591: Missing XML comment for publicly visible type or member 'RestoreArchiveResponse.PreviousDocumentsDeleted' [/home/lysander/repos/bannou/bannou-service/bannou-service.csproj]
/home/lysander/repos/bannou/bannou-service/Generated/Models/DocumentationModels.cs(2295,68): warning CS1591: Missing XML comment for publicly visible type or member 'RestoreArchiveResponse.AdditionalProperties' [/home/lysander/repos/bannou/bannou-service/bannou-service.csproj]
/home/lysander/repos/bannou/bannou-service/Generated/Models/DocumentationModels.cs(2304,22): warning CS1591: Missing XML comment for publicly visible type or member 'DeleteArchiveRequest' [/home/lysander/repos/bannou/bannou-service/bannou-service.csproj]
/home/lysander/repos/bannou/bannou-service/Generated/Models/DocumentationModels.cs(2310,24): warning CS1591: Missing XML comment for publicly visible type or member 'DeleteArchiveRequest.ArchiveId' [/home/lysander/repos/bannou/bannou-service/bannou-service.csproj]
/home/lysander/repos/bannou/bannou-service/Generated/Models/DocumentationModels.cs(2315,68): warning CS1591: Missing XML comment for publicly visible type or member 'DeleteArchiveRequest.AdditionalProperties' [/home/lysander/repos/bannou/bannou-service/bannou-service.csproj]
/home/lysander/repos/bannou/bannou-service/Generated/Models/DocumentationModels.cs(2324,22): warning CS1591: Missing XML comment for publicly visible type or member 'DeleteArchiveResponse' [/home/lysander/repos/bannou/bannou-service/bannou-service.csproj]
/home/lysander/repos/bannou/bannou-service/Generated/Models/DocumentationModels.cs(2328,17): warning CS1591: Missing XML comment for publicly visible type or member 'DeleteArchiveResponse.Deleted' [/home/lysander/repos/bannou/bannou-service/bannou-service.csproj]
/home/lysander/repos/bannou/bannou-service/Generated/Models/DocumentationModels.cs(2333,68): warning CS1591: Missing XML comment for publicly visible type or member 'DeleteArchiveResponse.AdditionalProperties' [/home/lysander/repos/bannou/bannou-service/bannou-service.csproj]
/home/lysander/repos/bannou/bannou-service/Generated/Models/DocumentationModels.cs(2342,13): warning CS1591: Missing XML comment for publicly visible type or member 'GetDocumentResponseContentFormat' [/home/lysander/repos/bannou/bannou-service/bannou-service.csproj]
/home/lysander/repos/bannou/bannou-service/Generated/Models/DocumentationModels.cs(2346,5): warning CS1591: Missing XML comment for publicly visible type or member 'GetDocumentResponseContentFormat.Markdown' [/home/lysander/repos/bannou/bannou-service/bannou-service.csproj]
/home/lysander/repos/bannou/bannou-service/Generated/Models/DocumentationModels.cs(2349,5): warning CS1591: Missing XML comment for publicly visible type or member 'GetDocumentResponseContentFormat.Html' [/home/lysander/repos/bannou/bannou-service/bannou-service.csproj]
/home/lysander/repos/bannou/bannou-service/Generated/Models/DocumentationModels.cs(2352,5): warning CS1591: Missing XML comment for publicly visible type or member 'GetDocumentResponseContentFormat.None' [/home/lysander/repos/bannou/bannou-service/bannou-service.csproj]
/home/lysander/repos/bannou/bannou-service/Generated/Models/DocumentationModels.cs(2357,13): warning CS1591: Missing XML comment for publicly visible type or member 'SearchDocumentationRequestSortBy' [/home/lysander/repos/bannou/bannou-service/bannou-service.csproj]
/home/lysander/repos/bannou/bannou-service/Generated/Models/DocumentationModels.cs(2361,5): warning CS1591: Missing XML comment for publicly visible type or member 'SearchDocumentationRequestSortBy.Relevance' [/home/lysander/repos/bannou/bannou-service/bannou-service.csproj]
/home/lysander/repos/bannou/bannou-service/Generated/Models/DocumentationModels.cs(2364,5): warning CS1591: Missing XML comment for publicly visible type or member 'SearchDocumentationRequestSortBy.Recency' [/home/lysander/repos/bannou/bannou-service/bannou-service.csproj]
/home/lysander/repos/bannou/bannou-service/Generated/Models/DocumentationModels.cs(2367,5): warning CS1591: Missing XML comment for publicly visible type or member 'SearchDocumentationRequestSortBy.Alphabetical' [/home/lysander/repos/bannou/bannou-service/bannou-service.csproj]
/home/lysander/repos/bannou/bannou-service/Generated/Models/DocumentationModels.cs(2372,13): warning CS1591: Missing XML comment for publicly visible type or member 'ListDocumentsRequestTagsMatch' [/home/lysander/repos/bannou/bannou-service/bannou-service.csproj]
/home/lysander/repos/bannou/bannou-service/Generated/Models/DocumentationModels.cs(2376,5): warning CS1591: Missing XML comment for publicly visible type or member 'ListDocumentsRequestTagsMatch.All' [/home/lysander/repos/bannou/bannou-service/bannou-service.csproj]
/home/lysander/repos/bannou/bannou-service/Generated/Models/DocumentationModels.cs(2379,5): warning CS1591: Missing XML comment for publicly visible type or member 'ListDocumentsRequestTagsMatch.Any' [/home/lysander/repos/bannou/bannou-service/bannou-service.csproj]
/home/lysander/repos/bannou/bannou-service/Generated/Models/DocumentationModels.cs(2384,13): warning CS1591: Missing XML comment for publicly visible type or member 'ListDocumentsRequestSortOrder' [/home/lysander/repos/bannou/bannou-service/bannou-service.csproj]
/home/lysander/repos/bannou/bannou-service/Generated/Models/DocumentationModels.cs(2388,5): warning CS1591: Missing XML comment for publicly visible type or member 'ListDocumentsRequestSortOrder.Asc' [/home/lysander/repos/bannou/bannou-service/bannou-service.csproj]
/home/lysander/repos/bannou/bannou-service/Generated/Models/DocumentationModels.cs(2391,5): warning CS1591: Missing XML comment for publicly visible type or member 'ListDocumentsRequestSortOrder.Desc' [/home/lysander/repos/bannou/bannou-service/bannou-service.csproj]
/home/lysander/repos/bannou/bannou-service/Generated/Models/DocumentationModels.cs(2396,13): warning CS1591: Missing XML comment for publicly visible type or member 'ImportDocumentationRequestOnConflict' [/home/lysander/repos/bannou/bannou-service/bannou-service.csproj]
/home/lysander/repos/bannou/bannou-service/Generated/Models/DocumentationModels.cs(2400,5): warning CS1591: Missing XML comment for publicly visible type or member 'ImportDocumentationRequestOnConflict.Skip' [/home/lysander/repos/bannou/bannou-service/bannou-service.csproj]
/home/lysander/repos/bannou/bannou-service/Generated/Models/DocumentationModels.cs(2403,5): warning CS1591: Missing XML comment for publicly visible type or member 'ImportDocumentationRequestOnConflict.Update' [/home/lysander/repos/bannou/bannou-service/bannou-service.csproj]
/home/lysander/repos/bannou/bannou-service/Generated/Models/DocumentationModels.cs(2406,5): warning CS1591: Missing XML comment for publicly visible type or member 'ImportDocumentationRequestOnConflict.Fail' [/home/lysander/repos/bannou/bannou-service/bannou-service.csproj]
/home/lysander/repos/bannou/bannou-service/Generated/Clients/GameSessionClient.cs(19,26): warning CS1591: Missing XML comment for publicly visible type or member 'IGameSessionClient' [/home/lysander/repos/bannou/bannou-service/bannou-service.csproj]
/home/lysander/repos/bannou/bannou-service/Generated/Clients/GameSessionClient.cs(32,104): warning CS1573: Parameter 'body' has no matching param tag in the XML comment for 'IGameSessionClient.ListGameSessionsAsync(ListGameSessionsRequest, CancellationToken)' (but other parameters do) [/home/lysander/repos/bannou/bannou-service/bannou-service.csproj]
/home/lysander/repos/bannou/bannou-service/Generated/Clients/GameSessionClient.cs(44,102): warning CS1573: Parameter 'body' has no matching param tag in the XML comment for 'IGameSessionClient.CreateGameSessionAsync(CreateGameSessionRequest, CancellationToken)' (but other parameters do) [/home/lysander/repos/bannou/bannou-service/bannou-service.csproj]
/home/lysander/repos/bannou/bannou-service/Generated/Clients/GameSessionClient.cs(55,96): warning CS1573: Parameter 'body' has no matching param tag in the XML comment for 'IGameSessionClient.GetGameSessionAsync(GetGameSessionRequest, CancellationToken)' (but other parameters do) [/home/lysander/repos/bannou/bannou-service/bannou-service.csproj]
/home/lysander/repos/bannou/bannou-service/Generated/Clients/GameSessionClient.cs(69,102): warning CS1573: Parameter 'body' has no matching param tag in the XML comment for 'IGameSessionClient.JoinGameSessionAsync(JoinGameSessionRequest, CancellationToken)' (but other parameters do) [/home/lysander/repos/bannou/bannou-service/bannou-service.csproj]
/home/lysander/repos/bannou/bannou-service/Generated/Clients/GameSessionClient.cs(77,79): warning CS1573: Parameter 'body' has no matching param tag in the XML comment for 'IGameSessionClient.LeaveGameSessionAsync(LeaveGameSessionRequest, CancellationToken)' (but other parameters do) [/home/lysander/repos/bannou/bannou-service/bannou-service.csproj]
/home/lysander/repos/bannou/bannou-service/Generated/Clients/GameSessionClient.cs(85,67): warning CS1573: Parameter 'body' has no matching param tag in the XML comment for 'IGameSessionClient.KickPlayerAsync(KickPlayerRequest, CancellationToken)' (but other parameters do) [/home/lysander/repos/bannou/bannou-service/bannou-service.csproj]
/home/lysander/repos/bannou/bannou-service/Generated/Clients/GameSessionClient.cs(93,73): warning CS1573: Parameter 'body' has no matching param tag in the XML comment for 'IGameSessionClient.SendChatMessageAsync(ChatMessageRequest, CancellationToken)' (but other parameters do) [/home/lysander/repos/bannou/bannou-service/bannou-service.csproj]
/home/lysander/repos/bannou/bannou-service/Generated/Clients/GameSessionClient.cs(101,94): warning CS1573: Parameter 'body' has no matching param tag in the XML comment for 'IGameSessionClient.PerformGameActionAsync(GameActionRequest, CancellationToken)' (but other parameters do) [/home/lysander/repos/bannou/bannou-service/bannou-service.csproj]
/home/lysander/repos/bannou/bannou-service/Generated/Clients/GameSessionClient.cs(105,22): warning CS1591: Missing XML comment for publicly visible type or member 'GameSessionClient' [/home/lysander/repos/bannou/bannou-service/bannou-service.csproj]
/home/lysander/repos/bannou/bannou-service/Generated/Clients/GameSessionClient.cs(125,12): warning CS1591: Missing XML comment for publicly visible type or member 'GameSessionClient.GameSessionClient(IMeshInvocationClient, IServiceAppMappingResolver, ILogger<GameSessionClient>?)' [/home/lysander/repos/bannou/bannou-service/bannou-service.csproj]
/home/lysander/repos/bannou/bannou-service/Generated/Clients/GameSessionClient.cs(133,54): warning CS1591: Missing XML comment for publicly visible type or member 'GameSessionClient.JsonSerializerSettings' [/home/lysander/repos/bannou/bannou-service/bannou-service.csproj]
/home/lysander/repos/bannou/bannou-service/Generated/Clients/GameSessionClient.cs(237,125): warning CS1573: Parameter 'body' has no matching param tag in the XML comment for 'GameSessionClient.ListGameSessionsAsync(ListGameSessionsRequest, CancellationToken)' (but other parameters do) [/home/lysander/repos/bannou/bannou-service/bannou-service.csproj]
/home/lysander/repos/bannou/bannou-service/Generated/Clients/GameSessionClient.cs(320,123): warning CS1573: Parameter 'body' has no matching param tag in the XML comment for 'GameSessionClient.CreateGameSessionAsync(CreateGameSessionRequest, CancellationToken)' (but other parameters do) [/home/lysander/repos/bannou/bannou-service/bannou-service.csproj]
/home/lysander/repos/bannou/bannou-service/Generated/Clients/GameSessionClient.cs(402,117): warning CS1573: Parameter 'body' has no matching param tag in the XML comment for 'GameSessionClient.GetGameSessionAsync(GetGameSessionRequest, CancellationToken)' (but other parameters do) [/home/lysander/repos/bannou/bannou-service/bannou-service.csproj]
/home/lysander/repos/bannou/bannou-service/Generated/Clients/GameSessionClient.cs(493,123): warning CS1573: Parameter 'body' has no matching param tag in the XML comment for 'GameSessionClient.JoinGameSessionAsync(JoinGameSessionRequest, CancellationToken)' (but other parameters do) [/home/lysander/repos/bannou/bannou-service/bannou-service.csproj]
/home/lysander/repos/bannou/bannou-service/Generated/Clients/GameSessionClient.cs(584,100): warning CS1573: Parameter 'body' has no matching param tag in the XML comment for 'GameSessionClient.LeaveGameSessionAsync(LeaveGameSessionRequest, CancellationToken)' (but other parameters do) [/home/lysander/repos/bannou/bannou-service/bannou-service.csproj]
/home/lysander/repos/bannou/bannou-service/Generated/Clients/GameSessionClient.cs(663,88): warning CS1573: Parameter 'body' has no matching param tag in the XML comment for 'GameSessionClient.KickPlayerAsync(KickPlayerRequest, CancellationToken)' (but other parameters do) [/home/lysander/repos/bannou/bannou-service/bannou-service.csproj]
/home/lysander/repos/bannou/bannou-service/Generated/Clients/GameSessionClient.cs(748,94): warning CS1573: Parameter 'body' has no matching param tag in the XML comment for 'GameSessionClient.SendChatMessageAsync(ChatMessageRequest, CancellationToken)' (but other parameters do) [/home/lysander/repos/bannou/bannou-service/bannou-service.csproj]
/home/lysander/repos/bannou/bannou-service/Generated/Clients/GameSessionClient.cs(827,115): warning CS1573: Parameter 'body' has no matching param tag in the XML comment for 'GameSessionClient.PerformGameActionAsync(GameActionRequest, CancellationToken)' (but other parameters do) [/home/lysander/repos/bannou/bannou-service/bannou-service.csproj]
/home/lysander/repos/bannou/bannou-service/Generated/Clients/GameSessionClient.cs(912,22): warning CS1591: Missing XML comment for publicly visible type or member 'GameSessionClient.ObjectResponseResult<T>' [/home/lysander/repos/bannou/bannou-service/bannou-service.csproj]
/home/lysander/repos/bannou/bannou-service/Generated/Clients/GameSessionClient.cs(914,16): warning CS1591: Missing XML comment for publicly visible type or member 'GameSessionClient.ObjectResponseResult<T>.ObjectResponseResult(T, string)' [/home/lysander/repos/bannou/bannou-service/bannou-service.csproj]
/home/lysander/repos/bannou/bannou-service/Generated/Clients/GameSessionClient.cs(920,18): warning CS1591: Missing XML comment for publicly visible type or member 'GameSessionClient.ObjectResponseResult<T>.Object' [/home/lysander/repos/bannou/bannou-service/bannou-service.csproj]
/home/lysander/repos/bannou/bannou-service/Generated/Clients/GameSessionClient.cs(922,23): warning CS1591: Missing XML comment for publicly visible type or member 'GameSessionClient.ObjectResponseResult<T>.Text' [/home/lysander/repos/bannou/bannou-service/bannou-service.csproj]
/home/lysander/repos/bannou/bannou-service/Generated/Clients/GameSessionClient.cs(945,17): warning CS1591: Missing XML comment for publicly visible type or member 'GameSessionClient.ReadResponseAsString' [/home/lysander/repos/bannou/bannou-service/bannou-service.csproj]
/home/lysander/repos/bannou/bannou-service/Generated/Clients/GameSessionClient.cs(947,86): warning CS1591: Missing XML comment for publicly visible type or member 'GameSessionClient.ReadObjectResponseAsync<T>(HttpResponseMessage, IReadOnlyDictionary<string, IEnumerable<string>>, CancellationToken)' [/home/lysander/repos/bannou/bannou-service/bannou-service.csproj]
/home/lysander/repos/bannou/bannou-service/Generated/Models/GameSessionModels.cs(41,68): warning CS1591: Missing XML comment for publicly visible type or member 'ListGameSessionsRequest.AdditionalProperties' [/home/lysander/repos/bannou/bannou-service/bannou-service.csproj]
/home/lysander/repos/bannou/bannou-service/Generated/Models/GameSessionModels.cs(67,68): warning CS1591: Missing XML comment for publicly visible type or member 'GetGameSessionRequest.AdditionalProperties' [/home/lysander/repos/bannou/bannou-service/bannou-service.csproj]
/home/lysander/repos/bannou/bannou-service/Generated/Models/GameSessionModels.cs(101,68): warning CS1591: Missing XML comment for publicly visible type or member 'LeaveGameSessionRequest.AdditionalProperties' [/home/lysander/repos/bannou/bannou-service/bannou-service.csproj]
/home/lysander/repos/bannou/bannou-service/Generated/Models/GameSessionModels.cs(110,22): warning CS1591: Missing XML comment for publicly visible type or member 'CreateGameSessionRequest' [/home/lysander/repos/bannou/bannou-service/bannou-service.csproj]
/home/lysander/repos/bannou/bannou-service/Generated/Models/GameSessionModels.cs(117,45): warning CS1591: Missing XML comment for publicly visible type or member 'CreateGameSessionRequest.GameType' [/home/lysander/repos/bannou/bannou-service/bannou-service.csproj]
/home/lysander/repos/bannou/bannou-service/Generated/Models/GameSessionModels.cs(121,16): warning CS1591: Missing XML comment for publicly visible type or member 'CreateGameSessionRequest.MaxPlayers' [/home/lysander/repos/bannou/bannou-service/bannou-service.csproj]
/home/lysander/repos/bannou/bannou-service/Generated/Models/GameSessionModels.cs(125,19): warning CS1591: Missing XML comment for publicly visible type or member 'CreateGameSessionRequest.SessionName' [/home/lysander/repos/bannou/bannou-service/bannou-service.csproj]
/home/lysander/repos/bannou/bannou-service/Generated/Models/GameSessionModels.cs(128,17): warning CS1591: Missing XML comment for publicly visible type or member 'CreateGameSessionRequest.IsPrivate' [/home/lysander/repos/bannou/bannou-service/bannou-service.csproj]
/home/lysander/repos/bannou/bannou-service/Generated/Models/GameSessionModels.cs(137,19): warning CS1591: Missing XML comment for publicly visible type or member 'CreateGameSessionRequest.GameSettings' [/home/lysander/repos/bannou/bannou-service/bannou-service.csproj]
/home/lysander/repos/bannou/bannou-service/Generated/Models/GameSessionModels.cs(142,68): warning CS1591: Missing XML comment for publicly visible type or member 'CreateGameSessionRequest.AdditionalProperties' [/home/lysander/repos/bannou/bannou-service/bannou-service.csproj]
/home/lysander/repos/bannou/bannou-service/Generated/Models/GameSessionModels.cs(151,22): warning CS1591: Missing XML comment for publicly visible type or member 'GameSessionResponse' [/home/lysander/repos/bannou/bannou-service/bannou-service.csproj]
/home/lysander/repos/bannou/bannou-service/Generated/Models/GameSessionModels.cs(157,24): warning CS1591: Missing XML comment for publicly visible type or member 'GameSessionResponse.SessionId' [/home/lysander/repos/bannou/bannou-service/bannou-service.csproj]
/home/lysander/repos/bannou/bannou-service/Generated/Models/GameSessionModels.cs(163,40): warning CS1591: Missing XML comment for publicly visible type or member 'GameSessionResponse.GameType' [/home/lysander/repos/bannou/bannou-service/bannou-service.csproj]
/home/lysander/repos/bannou/bannou-service/Generated/Models/GameSessionModels.cs(166,19): warning CS1591: Missing XML comment for publicly visible type or member 'GameSessionResponse.SessionName' [/home/lysander/repos/bannou/bannou-service/bannou-service.csproj]
/home/lysander/repos/bannou/bannou-service/Generated/Models/GameSessionModels.cs(172,38): warning CS1591: Missing XML comment for publicly visible type or member 'GameSessionResponse.Status' [/home/lysander/repos/bannou/bannou-service/bannou-service.csproj]
/home/lysander/repos/bannou/bannou-service/Generated/Models/GameSessionModels.cs(175,16): warning CS1591: Missing XML comment for publicly visible type or member 'GameSessionResponse.MaxPlayers' [/home/lysander/repos/bannou/bannou-service/bannou-service.csproj]
/home/lysander/repos/bannou/bannou-service/Generated/Models/GameSessionModels.cs(178,16): warning CS1591: Missing XML comment for publicly visible type or member 'GameSessionResponse.CurrentPlayers' [/home/lysander/repos/bannou/bannou-service/bannou-service.csproj]
/home/lysander/repos/bannou/bannou-service/Generated/Models/GameSessionModels.cs(181,17): warning CS1591: Missing XML comment for publicly visible type or member 'GameSessionResponse.IsPrivate' [/home/lysander/repos/bannou/bannou-service/bannou-service.csproj]
/home/lysander/repos/bannou/bannou-service/Generated/Models/GameSessionModels.cs(184,24): warning CS1591: Missing XML comment for publicly visible type or member 'GameSessionResponse.Owner' [/home/lysander/repos/bannou/bannou-service/bannou-service.csproj]
/home/lysander/repos/bannou/bannou-service/Generated/Models/GameSessionModels.cs(187,63): warning CS1591: Missing XML comment for publicly visible type or member 'GameSessionResponse.Players' [/home/lysander/repos/bannou/bannou-service/bannou-service.csproj]
/home/lysander/repos/bannou/bannou-service/Generated/Models/GameSessionModels.cs(192,34): warning CS1591: Missing XML comment for publicly visible type or member 'GameSessionResponse.CreatedAt' [/home/lysander/repos/bannou/bannou-service/bannou-service.csproj]
/home/lysander/repos/bannou/bannou-service/Generated/Models/GameSessionModels.cs(195,19): warning CS1591: Missing XML comment for publicly visible type or member 'GameSessionResponse.GameSettings' [/home/lysander/repos/bannou/bannou-service/bannou-service.csproj]
/home/lysander/repos/bannou/bannou-service/Generated/Models/GameSessionModels.cs(200,68): warning CS1591: Missing XML comment for publicly visible type or member 'GameSessionResponse.AdditionalProperties' [/home/lysander/repos/bannou/bannou-service/bannou-service.csproj]
/home/lysander/repos/bannou/bannou-service/Generated/Models/GameSessionModels.cs(209,22): warning CS1591: Missing XML comment for publicly visible type or member 'GameSessionListResponse' [/home/lysander/repos/bannou/bannou-service/bannou-service.csproj]
/home/lysander/repos/bannou/bannou-service/Generated/Models/GameSessionModels.cs(215,72): warning CS1591: Missing XML comment for publicly visible type or member 'GameSessionListResponse.Sessions' [/home/lysander/repos/bannou/bannou-service/bannou-service.csproj]
/home/lysander/repos/bannou/bannou-service/Generated/Models/GameSessionModels.cs(218,16): warning CS1591: Missing XML comment for publicly visible type or member 'GameSessionListResponse.TotalCount' [/home/lysander/repos/bannou/bannou-service/bannou-service.csproj]
/home/lysander/repos/bannou/bannou-service/Generated/Models/GameSessionModels.cs(223,68): warning CS1591: Missing XML comment for publicly visible type or member 'GameSessionListResponse.AdditionalProperties' [/home/lysander/repos/bannou/bannou-service/bannou-service.csproj]
/home/lysander/repos/bannou/bannou-service/Generated/Models/GameSessionModels.cs(232,22): warning CS1591: Missing XML comment for publicly visible type or member 'JoinGameSessionRequest' [/home/lysander/repos/bannou/bannou-service/bannou-service.csproj]
/home/lysander/repos/bannou/bannou-service/Generated/Models/GameSessionModels.cs(272,68): warning CS1591: Missing XML comment for publicly visible type or member 'JoinGameSessionRequest.AdditionalProperties' [/home/lysander/repos/bannou/bannou-service/bannou-service.csproj]
/home/lysander/repos/bannou/bannou-service/Generated/Models/GameSessionModels.cs(281,22): warning CS1591: Missing XML comment for publicly visible type or member 'JoinGameSessionResponse' [/home/lysander/repos/bannou/bannou-service/bannou-service.csproj]
/home/lysander/repos/bannou/bannou-service/Generated/Models/GameSessionModels.cs(285,17): warning CS1591: Missing XML comment for publicly visible type or member 'JoinGameSessionResponse.Success' [/home/lysander/repos/bannou/bannou-service/bannou-service.csproj]
/home/lysander/repos/bannou/bannou-service/Generated/Models/GameSessionModels.cs(290,24): warning CS1591: Missing XML comment for publicly visible type or member 'JoinGameSessionResponse.SessionId' [/home/lysander/repos/bannou/bannou-service/bannou-service.csproj]
/home/lysander/repos/bannou/bannou-service/Generated/Models/GameSessionModels.cs(296,46): warning CS1591: Missing XML comment for publicly visible type or member 'JoinGameSessionResponse.PlayerRole' [/home/lysander/repos/bannou/bannou-service/bannou-service.csproj]
/home/lysander/repos/bannou/bannou-service/Generated/Models/GameSessionModels.cs(319,68): warning CS1591: Missing XML comment for publicly visible type or member 'JoinGameSessionResponse.AdditionalProperties' [/home/lysander/repos/bannou/bannou-service/bannou-service.csproj]
/home/lysander/repos/bannou/bannou-service/Generated/Models/GameSessionModels.cs(328,22): warning CS1591: Missing XML comment for publicly visible type or member 'GamePlayer' [/home/lysander/repos/bannou/bannou-service/bannou-service.csproj]
/home/lysander/repos/bannou/bannou-service/Generated/Models/GameSessionModels.cs(334,24): warning CS1591: Missing XML comment for publicly visible type or member 'GamePlayer.AccountId' [/home/lysander/repos/bannou/bannou-service/bannou-service.csproj]
/home/lysander/repos/bannou/bannou-service/Generated/Models/GameSessionModels.cs(337,19): warning CS1591: Missing XML comment for publicly visible type or member 'GamePlayer.DisplayName' [/home/lysander/repos/bannou/bannou-service/bannou-service.csproj]
/home/lysander/repos/bannou/bannou-service/Generated/Models/GameSessionModels.cs(343,27): warning CS1591: Missing XML comment for publicly visible type or member 'GamePlayer.Role' [/home/lysander/repos/bannou/bannou-service/bannou-service.csproj]
/home/lysander/repos/bannou/bannou-service/Generated/Models/GameSessionModels.cs(348,34): warning CS1591: Missing XML comment for publicly visible type or member 'GamePlayer.JoinedAt' [/home/lysander/repos/bannou/bannou-service/bannou-service.csproj]
/home/lysander/repos/bannou/bannou-service/Generated/Models/GameSessionModels.cs(351,19): warning CS1591: Missing XML comment for publicly visible type or member 'GamePlayer.CharacterData' [/home/lysander/repos/bannou/bannou-service/bannou-service.csproj]
/home/lysander/repos/bannou/bannou-service/Generated/Models/GameSessionModels.cs(362,68): warning CS1591: Missing XML comment for publicly visible type or member 'GamePlayer.AdditionalProperties' [/home/lysander/repos/bannou/bannou-service/bannou-service.csproj]
/home/lysander/repos/bannou/bannou-service/Generated/Models/GameSessionModels.cs(371,22): warning CS1591: Missing XML comment for publicly visible type or member 'KickPlayerRequest' [/home/lysander/repos/bannou/bannou-service/bannou-service.csproj]
/home/lysander/repos/bannou/bannou-service/Generated/Models/GameSessionModels.cs(400,68): warning CS1591: Missing XML comment for publicly visible type or member 'KickPlayerRequest.AdditionalProperties' [/home/lysander/repos/bannou/bannou-service/bannou-service.csproj]
/home/lysander/repos/bannou/bannou-service/Generated/Models/GameSessionModels.cs(409,22): warning CS1591: Missing XML comment for publicly visible type or member 'ChatMessageRequest' [/home/lysander/repos/bannou/bannou-service/bannou-service.csproj]
/home/lysander/repos/bannou/bannou-service/Generated/Models/GameSessionModels.cs(424,19): warning CS1591: Missing XML comment for publicly visible type or member 'ChatMessageRequest.Message' [/home/lysander/repos/bannou/bannou-service/bannou-service.csproj]
/home/lysander/repos/bannou/bannou-service/Generated/Models/GameSessionModels.cs(428,42): warning CS1591: Missing XML comment for publicly visible type or member 'ChatMessageRequest.MessageType' [/home/lysander/repos/bannou/bannou-service/bannou-service.csproj]
/home/lysander/repos/bannou/bannou-service/Generated/Models/GameSessionModels.cs(439,68): warning CS1591: Missing XML comment for publicly visible type or member 'ChatMessageRequest.AdditionalProperties' [/home/lysander/repos/bannou/bannou-service/bannou-service.csproj]
/home/lysander/repos/bannou/bannou-service/Generated/Models/GameSessionModels.cs(448,22): warning CS1591: Missing XML comment for publicly visible type or member 'GameActionRequest' [/home/lysander/repos/bannou/bannou-service/bannou-service.csproj]
/home/lysander/repos/bannou/bannou-service/Generated/Models/GameSessionModels.cs(463,40): warning CS1591: Missing XML comment for publicly visible type or member 'GameActionRequest.ActionType' [/home/lysander/repos/bannou/bannou-service/bannou-service.csproj]
/home/lysander/repos/bannou/bannou-service/Generated/Models/GameSessionModels.cs(480,68): warning CS1591: Missing XML comment for publicly visible type or member 'GameActionRequest.AdditionalProperties' [/home/lysander/repos/bannou/bannou-service/bannou-service.csproj]
/home/lysander/repos/bannou/bannou-service/Generated/Models/GameSessionModels.cs(489,22): warning CS1591: Missing XML comment for publicly visible type or member 'GameActionResponse' [/home/lysander/repos/bannou/bannou-service/bannou-service.csproj]
/home/lysander/repos/bannou/bannou-service/Generated/Models/GameSessionModels.cs(493,17): warning CS1591: Missing XML comment for publicly visible type or member 'GameActionResponse.Success' [/home/lysander/repos/bannou/bannou-service/bannou-service.csproj]
/home/lysander/repos/bannou/bannou-service/Generated/Models/GameSessionModels.cs(498,24): warning CS1591: Missing XML comment for publicly visible type or member 'GameActionResponse.ActionId' [/home/lysander/repos/bannou/bannou-service/bannou-service.csproj]
/home/lysander/repos/bannou/bannou-service/Generated/Models/GameSessionModels.cs(515,68): warning CS1591: Missing XML comment for publicly visible type or member 'GameActionResponse.AdditionalProperties' [/home/lysander/repos/bannou/bannou-service/bannou-service.csproj]
/home/lysander/repos/bannou/bannou-service/Generated/Models/GameSessionModels.cs(547,68): warning CS1591: Missing XML comment for publicly visible type or member 'VoiceSipEndpoint.AdditionalProperties' [/home/lysander/repos/bannou/bannou-service/bannou-service.csproj]
/home/lysander/repos/bannou/bannou-service/Generated/Models/GameSessionModels.cs(602,68): warning CS1591: Missing XML comment for publicly visible type or member 'VoiceConnectionInfo.AdditionalProperties' [/home/lysander/repos/bannou/bannou-service/bannou-service.csproj]
/home/lysander/repos/bannou/bannou-service/Generated/Models/GameSessionModels.cs(611,13): warning CS1591: Missing XML comment for publicly visible type or member 'ListGameSessionsRequestGameType' [/home/lysander/repos/bannou/bannou-service/bannou-service.csproj]
/home/lysander/repos/bannou/bannou-service/Generated/Models/GameSessionModels.cs(615,5): warning CS1591: Missing XML comment for publicly visible type or member 'ListGameSessionsRequestGameType.Arcadia' [/home/lysander/repos/bannou/bannou-service/bannou-service.csproj]
/home/lysander/repos/bannou/bannou-service/Generated/Models/GameSessionModels.cs(618,5): warning CS1591: Missing XML comment for publicly visible type or member 'ListGameSessionsRequestGameType.Generic' [/home/lysander/repos/bannou/bannou-service/bannou-service.csproj]
/home/lysander/repos/bannou/bannou-service/Generated/Models/GameSessionModels.cs(623,13): warning CS1591: Missing XML comment for publicly visible type or member 'ListGameSessionsRequestStatus' [/home/lysander/repos/bannou/bannou-service/bannou-service.csproj]
/home/lysander/repos/bannou/bannou-service/Generated/Models/GameSessionModels.cs(627,5): warning CS1591: Missing XML comment for publicly visible type or member 'ListGameSessionsRequestStatus.Waiting' [/home/lysander/repos/bannou/bannou-service/bannou-service.csproj]
/home/lysander/repos/bannou/bannou-service/Generated/Models/GameSessionModels.cs(630,5): warning CS1591: Missing XML comment for publicly visible type or member 'ListGameSessionsRequestStatus.Active' [/home/lysander/repos/bannou/bannou-service/bannou-service.csproj]
/home/lysander/repos/bannou/bannou-service/Generated/Models/GameSessionModels.cs(633,5): warning CS1591: Missing XML comment for publicly visible type or member 'ListGameSessionsRequestStatus.Full' [/home/lysander/repos/bannou/bannou-service/bannou-service.csproj]
/home/lysander/repos/bannou/bannou-service/Generated/Models/GameSessionModels.cs(638,13): warning CS1591: Missing XML comment for publicly visible type or member 'CreateGameSessionRequestGameType' [/home/lysander/repos/bannou/bannou-service/bannou-service.csproj]
/home/lysander/repos/bannou/bannou-service/Generated/Models/GameSessionModels.cs(642,5): warning CS1591: Missing XML comment for publicly visible type or member 'CreateGameSessionRequestGameType.Arcadia' [/home/lysander/repos/bannou/bannou-service/bannou-service.csproj]
/home/lysander/repos/bannou/bannou-service/Generated/Models/GameSessionModels.cs(645,5): warning CS1591: Missing XML comment for publicly visible type or member 'CreateGameSessionRequestGameType.Generic' [/home/lysander/repos/bannou/bannou-service/bannou-service.csproj]
/home/lysander/repos/bannou/bannou-service/Generated/Models/GameSessionModels.cs(650,13): warning CS1591: Missing XML comment for publicly visible type or member 'GameSessionResponseGameType' [/home/lysander/repos/bannou/bannou-service/bannou-service.csproj]
/home/lysander/repos/bannou/bannou-service/Generated/Models/GameSessionModels.cs(654,5): warning CS1591: Missing XML comment for publicly visible type or member 'GameSessionResponseGameType.Arcadia' [/home/lysander/repos/bannou/bannou-service/bannou-service.csproj]
/home/lysander/repos/bannou/bannou-service/Generated/Models/GameSessionModels.cs(657,5): warning CS1591: Missing XML comment for publicly visible type or member 'GameSessionResponseGameType.Generic' [/home/lysander/repos/bannou/bannou-service/bannou-service.csproj]
/home/lysander/repos/bannou/bannou-service/Generated/Models/GameSessionModels.cs(662,13): warning CS1591: Missing XML comment for publicly visible type or member 'GameSessionResponseStatus' [/home/lysander/repos/bannou/bannou-service/bannou-service.csproj]
/home/lysander/repos/bannou/bannou-service/Generated/Models/GameSessionModels.cs(666,5): warning CS1591: Missing XML comment for publicly visible type or member 'GameSessionResponseStatus.Waiting' [/home/lysander/repos/bannou/bannou-service/bannou-service.csproj]
/home/lysander/repos/bannou/bannou-service/Generated/Models/GameSessionModels.cs(669,5): warning CS1591: Missing XML comment for publicly visible type or member 'GameSessionResponseStatus.Active' [/home/lysander/repos/bannou/bannou-service/bannou-service.csproj]
/home/lysander/repos/bannou/bannou-service/Generated/Models/GameSessionModels.cs(672,5): warning CS1591: Missing XML comment for publicly visible type or member 'GameSessionResponseStatus.Full' [/home/lysander/repos/bannou/bannou-service/bannou-service.csproj]
/home/lysander/repos/bannou/bannou-service/Generated/Models/GameSessionModels.cs(675,5): warning CS1591: Missing XML comment for publicly visible type or member 'GameSessionResponseStatus.Finished' [/home/lysander/repos/bannou/bannou-service/bannou-service.csproj]
/home/lysander/repos/bannou/bannou-service/Generated/Models/GameSessionModels.cs(680,13): warning CS1591: Missing XML comment for publicly visible type or member 'JoinGameSessionResponsePlayerRole' [/home/lysander/repos/bannou/bannou-service/bannou-service.csproj]
/home/lysander/repos/bannou/bannou-service/Generated/Models/GameSessionModels.cs(684,5): warning CS1591: Missing XML comment for publicly visible type or member 'JoinGameSessionResponsePlayerRole.Player' [/home/lysander/repos/bannou/bannou-service/bannou-service.csproj]
/home/lysander/repos/bannou/bannou-service/Generated/Models/GameSessionModels.cs(687,5): warning CS1591: Missing XML comment for publicly visible type or member 'JoinGameSessionResponsePlayerRole.Spectator' [/home/lysander/repos/bannou/bannou-service/bannou-service.csproj]
/home/lysander/repos/bannou/bannou-service/Generated/Models/GameSessionModels.cs(690,5): warning CS1591: Missing XML comment for publicly visible type or member 'JoinGameSessionResponsePlayerRole.Moderator' [/home/lysander/repos/bannou/bannou-service/bannou-service.csproj]
/home/lysander/repos/bannou/bannou-service/Generated/Models/GameSessionModels.cs(695,13): warning CS1591: Missing XML comment for publicly visible type or member 'GamePlayerRole' [/home/lysander/repos/bannou/bannou-service/bannou-service.csproj]
/home/lysander/repos/bannou/bannou-service/Generated/Models/GameSessionModels.cs(699,5): warning CS1591: Missing XML comment for publicly visible type or member 'GamePlayerRole.Player' [/home/lysander/repos/bannou/bannou-service/bannou-service.csproj]
/home/lysander/repos/bannou/bannou-service/Generated/Models/GameSessionModels.cs(702,5): warning CS1591: Missing XML comment for publicly visible type or member 'GamePlayerRole.Spectator' [/home/lysander/repos/bannou/bannou-service/bannou-service.csproj]
/home/lysander/repos/bannou/bannou-service/Generated/Models/GameSessionModels.cs(705,5): warning CS1591: Missing XML comment for publicly visible type or member 'GamePlayerRole.Moderator' [/home/lysander/repos/bannou/bannou-service/bannou-service.csproj]
/home/lysander/repos/bannou/bannou-service/Generated/Models/GameSessionModels.cs(710,13): warning CS1591: Missing XML comment for publicly visible type or member 'ChatMessageRequestMessageType' [/home/lysander/repos/bannou/bannou-service/bannou-service.csproj]
/home/lysander/repos/bannou/bannou-service/Generated/Models/GameSessionModels.cs(714,5): warning CS1591: Missing XML comment for publicly visible type or member 'ChatMessageRequestMessageType.Public' [/home/lysander/repos/bannou/bannou-service/bannou-service.csproj]
/home/lysander/repos/bannou/bannou-service/Generated/Models/GameSessionModels.cs(717,5): warning CS1591: Missing XML comment for publicly visible type or member 'ChatMessageRequestMessageType.Whisper' [/home/lysander/repos/bannou/bannou-service/bannou-service.csproj]
/home/lysander/repos/bannou/bannou-service/Generated/Models/GameSessionModels.cs(720,5): warning CS1591: Missing XML comment for publicly visible type or member 'ChatMessageRequestMessageType.System' [/home/lysander/repos/bannou/bannou-service/bannou-service.csproj]
/home/lysander/repos/bannou/bannou-service/Generated/Models/GameSessionModels.cs(725,13): warning CS1591: Missing XML comment for publicly visible type or member 'GameActionRequestActionType' [/home/lysander/repos/bannou/bannou-service/bannou-service.csproj]
/home/lysander/repos/bannou/bannou-service/Generated/Models/GameSessionModels.cs(729,5): warning CS1591: Missing XML comment for publicly visible type or member 'GameActionRequestActionType.Move' [/home/lysander/repos/bannou/bannou-service/bannou-service.csproj]
/home/lysander/repos/bannou/bannou-service/Generated/Models/GameSessionModels.cs(732,5): warning CS1591: Missing XML comment for publicly visible type or member 'GameActionRequestActionType.Interact' [/home/lysander/repos/bannou/bannou-service/bannou-service.csproj]
/home/lysander/repos/bannou/bannou-service/Generated/Models/GameSessionModels.cs(735,5): warning CS1591: Missing XML comment for publicly visible type or member 'GameActionRequestActionType.Attack' [/home/lysander/repos/bannou/bannou-service/bannou-service.csproj]
/home/lysander/repos/bannou/bannou-service/Generated/Models/GameSessionModels.cs(738,5): warning CS1591: Missing XML comment for publicly visible type or member 'GameActionRequestActionType.Cast_spell' [/home/lysander/repos/bannou/bannou-service/bannou-service.csproj]
/home/lysander/repos/bannou/bannou-service/Generated/Models/GameSessionModels.cs(741,5): warning CS1591: Missing XML comment for publicly visible type or member 'GameActionRequestActionType.Use_item' [/home/lysander/repos/bannou/bannou-service/bannou-service.csproj]
/home/lysander/repos/bannou/bannou-service/Generated/Models/GameSessionModels.cs(746,13): warning CS1591: Missing XML comment for publicly visible type or member 'VoiceConnectionInfoTier' [/home/lysander/repos/bannou/bannou-service/bannou-service.csproj]
/home/lysander/repos/bannou/bannou-service/Generated/Models/GameSessionModels.cs(750,5): warning CS1591: Missing XML comment for publicly visible type or member 'VoiceConnectionInfoTier.P2p' [/home/lysander/repos/bannou/bannou-service/bannou-service.csproj]
/home/lysander/repos/bannou/bannou-service/Generated/Models/GameSessionModels.cs(753,5): warning CS1591: Missing XML comment for publicly visible type or member 'VoiceConnectionInfoTier.Scaled' [/home/lysander/repos/bannou/bannou-service/bannou-service.csproj]
/home/lysander/repos/bannou/bannou-service/Generated/Models/GameSessionModels.cs(758,13): warning CS1591: Missing XML comment for publicly visible type or member 'VoiceConnectionInfoCodec' [/home/lysander/repos/bannou/bannou-service/bannou-service.csproj]
/home/lysander/repos/bannou/bannou-service/Generated/Models/GameSessionModels.cs(762,5): warning CS1591: Missing XML comment for publicly visible type or member 'VoiceConnectionInfoCodec.Opus' [/home/lysander/repos/bannou/bannou-service/bannou-service.csproj]
/home/lysander/repos/bannou/bannou-service/Generated/Models/GameSessionModels.cs(765,5): warning CS1591: Missing XML comment for publicly visible type or member 'VoiceConnectionInfoCodec.G711' [/home/lysander/repos/bannou/bannou-service/bannou-service.csproj]
/home/lysander/repos/bannou/bannou-service/Generated/Models/GameSessionModels.cs(768,5): warning CS1591: Missing XML comment for publicly visible type or member 'VoiceConnectionInfoCodec.G722' [/home/lysander/repos/bannou/bannou-service/bannou-service.csproj]
/home/lysander/repos/bannou/bannou-service/Generated/Clients/LocationClient.cs(19,26): warning CS1591: Missing XML comment for publicly visible type or member 'ILocationClient' [/home/lysander/repos/bannou/bannou-service/bannou-service.csproj]
/home/lysander/repos/bannou/bannou-service/Generated/Clients/LocationClient.cs(28,87): warning CS1573: Parameter 'body' has no matching param tag in the XML comment for 'ILocationClient.GetLocationAsync(GetLocationRequest, CancellationToken)' (but other parameters do) [/home/lysander/repos/bannou/bannou-service/bannou-service.csproj]
/home/lysander/repos/bannou/bannou-service/Generated/Clients/LocationClient.cs(39,99): warning CS1573: Parameter 'body' has no matching param tag in the XML comment for 'ILocationClient.GetLocationByCodeAsync(GetLocationByCodeRequest, CancellationToken)' (but other parameters do) [/home/lysander/repos/bannou/bannou-service/bannou-service.csproj]
/home/lysander/repos/bannou/bannou-service/Generated/Clients/LocationClient.cs(50,95): warning CS1573: Parameter 'body' has no matching param tag in the XML comment for 'ILocationClient.ListLocationsAsync(ListLocationsRequest, CancellationToken)' (but other parameters do) [/home/lysander/repos/bannou/bannou-service/bannou-service.csproj]
/home/lysander/repos/bannou/bannou-service/Generated/Clients/LocationClient.cs(63,109): warning CS1573: Parameter 'body' has no matching param tag in the XML comment for 'ILocationClient.ListLocationsByRealmAsync(ListLocationsByRealmRequest, CancellationToken)' (but other parameters do) [/home/lysander/repos/bannou/bannou-service/bannou-service.csproj]
/home/lysander/repos/bannou/bannou-service/Generated/Clients/LocationClient.cs(75,111): warning CS1573: Parameter 'body' has no matching param tag in the XML comment for 'ILocationClient.ListLocationsByParentAsync(ListLocationsByParentRequest, CancellationToken)' (but other parameters do) [/home/lysander/repos/bannou/bannou-service/bannou-service.csproj]
/home/lysander/repos/bannou/bannou-service/Generated/Clients/LocationClient.cs(87,103): warning CS1573: Parameter 'body' has no matching param tag in the XML comment for 'ILocationClient.ListRootLocationsAsync(ListRootLocationsRequest, CancellationToken)' (but other parameters do) [/home/lysander/repos/bannou/bannou-service/bannou-service.csproj]
/home/lysander/repos/bannou/bannou-service/Generated/Clients/LocationClient.cs(100,109): warning CS1573: Parameter 'body' has no matching param tag in the XML comment for 'ILocationClient.GetLocationAncestorsAsync(GetLocationAncestorsRequest, CancellationToken)' (but other parameters do) [/home/lysander/repos/bannou/bannou-service/bannou-service.csproj]
/home/lysander/repos/bannou/bannou-service/Generated/Clients/LocationClient.cs(113,113): warning CS1573: Parameter 'body' has no matching param tag in the XML comment for 'ILocationClient.GetLocationDescendantsAsync(GetLocationDescendantsRequest, CancellationToken)' (but other parameters do) [/home/lysander/repos/bannou/bannou-service/bannou-service.csproj]
/home/lysander/repos/bannou/bannou-service/Generated/Clients/LocationClient.cs(121,93): warning CS1573: Parameter 'body' has no matching param tag in the XML comment for 'ILocationClient.CreateLocationAsync(CreateLocationRequest, CancellationToken)' (but other parameters do) [/home/lysander/repos/bannou/bannou-service/bannou-service.csproj]
/home/lysander/repos/bannou/bannou-service/Generated/Clients/LocationClient.cs(129,93): warning CS1573: Parameter 'body' has no matching param tag in the XML comment for 'ILocationClient.UpdateLocationAsync(UpdateLocationRequest, CancellationToken)' (but other parameters do) [/home/lysander/repos/bannou/bannou-service/bannou-service.csproj]
/home/lysander/repos/bannou/bannou-service/Generated/Clients/LocationClient.cs(144,99): warning CS1573: Parameter 'body' has no matching param tag in the XML comment for 'ILocationClient.SetLocationParentAsync(SetLocationParentRequest, CancellationToken)' (but other parameters do) [/home/lysander/repos/bannou/bannou-service/bannou-service.csproj]
/home/lysander/repos/bannou/bannou-service/Generated/Clients/LocationClient.cs(156,105): warning CS1573: Parameter 'body' has no matching param tag in the XML comment for 'ILocationClient.RemoveLocationParentAsync(RemoveLocationParentRequest, CancellationToken)' (but other parameters do) [/home/lysander/repos/bannou/bannou-service/bannou-service.csproj]
/home/lysander/repos/bannou/bannou-service/Generated/Clients/LocationClient.cs(171,75): warning CS1573: Parameter 'body' has no matching param tag in the XML comment for 'ILocationClient.DeleteLocationAsync(DeleteLocationRequest, CancellationToken)' (but other parameters do) [/home/lysander/repos/bannou/bannou-service/bannou-service.csproj]
/home/lysander/repos/bannou/bannou-service/Generated/Clients/LocationClient.cs(186,99): warning CS1573: Parameter 'body' has no matching param tag in the XML comment for 'ILocationClient.DeprecateLocationAsync(DeprecateLocationRequest, CancellationToken)' (but other parameters do) [/home/lysander/repos/bannou/bannou-service/bannou-service.csproj]
/home/lysander/repos/bannou/bannou-service/Generated/Clients/LocationClient.cs(198,103): warning CS1573: Parameter 'body' has no matching param tag in the XML comment for 'ILocationClient.UndeprecateLocationAsync(UndeprecateLocationRequest, CancellationToken)' (but other parameters do) [/home/lysander/repos/bannou/bannou-service/bannou-service.csproj]
/home/lysander/repos/bannou/bannou-service/Generated/Clients/LocationClient.cs(210,99): warning CS1573: Parameter 'body' has no matching param tag in the XML comment for 'ILocationClient.LocationExistsAsync(LocationExistsRequest, CancellationToken)' (but other parameters do) [/home/lysander/repos/bannou/bannou-service/bannou-service.csproj]
/home/lysander/repos/bannou/bannou-service/Generated/Clients/LocationClient.cs(224,96): warning CS1573: Parameter 'body' has no matching param tag in the XML comment for 'ILocationClient.SeedLocationsAsync(SeedLocationsRequest, CancellationToken)' (but other parameters do) [/home/lysander/repos/bannou/bannou-service/bannou-service.csproj]
/home/lysander/repos/bannou/bannou-service/Generated/Clients/LocationClient.cs(228,22): warning CS1591: Missing XML comment for publicly visible type or member 'LocationClient' [/home/lysander/repos/bannou/bannou-service/bannou-service.csproj]
/home/lysander/repos/bannou/bannou-service/Generated/Clients/LocationClient.cs(248,12): warning CS1591: Missing XML comment for publicly visible type or member 'LocationClient.LocationClient(IMeshInvocationClient, IServiceAppMappingResolver, ILogger<LocationClient>?)' [/home/lysander/repos/bannou/bannou-service/bannou-service.csproj]
/home/lysander/repos/bannou/bannou-service/Generated/Clients/LocationClient.cs(256,54): warning CS1591: Missing XML comment for publicly visible type or member 'LocationClient.JsonSerializerSettings' [/home/lysander/repos/bannou/bannou-service/bannou-service.csproj]
/home/lysander/repos/bannou/bannou-service/Generated/Clients/LocationClient.cs(356,108): warning CS1573: Parameter 'body' has no matching param tag in the XML comment for 'LocationClient.GetLocationAsync(GetLocationRequest, CancellationToken)' (but other parameters do) [/home/lysander/repos/bannou/bannou-service/bannou-service.csproj]
/home/lysander/repos/bannou/bannou-service/Generated/Clients/LocationClient.cs(444,120): warning CS1573: Parameter 'body' has no matching param tag in the XML comment for 'LocationClient.GetLocationByCodeAsync(GetLocationByCodeRequest, CancellationToken)' (but other parameters do) [/home/lysander/repos/bannou/bannou-service/bannou-service.csproj]
/home/lysander/repos/bannou/bannou-service/Generated/Clients/LocationClient.cs(532,116): warning CS1573: Parameter 'body' has no matching param tag in the XML comment for 'LocationClient.ListLocationsAsync(ListLocationsRequest, CancellationToken)' (but other parameters do) [/home/lysander/repos/bannou/bannou-service/bannou-service.csproj]
/home/lysander/repos/bannou/bannou-service/Generated/Clients/LocationClient.cs(616,130): warning CS1573: Parameter 'body' has no matching param tag in the XML comment for 'LocationClient.ListLocationsByRealmAsync(ListLocationsByRealmRequest, CancellationToken)' (but other parameters do) [/home/lysander/repos/bannou/bannou-service/bannou-service.csproj]
/home/lysander/repos/bannou/bannou-service/Generated/Clients/LocationClient.cs(699,132): warning CS1573: Parameter 'body' has no matching param tag in the XML comment for 'LocationClient.ListLocationsByParentAsync(ListLocationsByParentRequest, CancellationToken)' (but other parameters do) [/home/lysander/repos/bannou/bannou-service/bannou-service.csproj]
/home/lysander/repos/bannou/bannou-service/Generated/Clients/LocationClient.cs(788,124): warning CS1573: Parameter 'body' has no matching param tag in the XML comment for 'LocationClient.ListRootLocationsAsync(ListRootLocationsRequest, CancellationToken)' (but other parameters do) [/home/lysander/repos/bannou/bannou-service/bannou-service.csproj]
/home/lysander/repos/bannou/bannou-service/Generated/Clients/LocationClient.cs(872,130): warning CS1573: Parameter 'body' has no matching param tag in the XML comment for 'LocationClient.GetLocationAncestorsAsync(GetLocationAncestorsRequest, CancellationToken)' (but other parameters do) [/home/lysander/repos/bannou/bannou-service/bannou-service.csproj]
/home/lysander/repos/bannou/bannou-service/Generated/Clients/LocationClient.cs(962,134): warning CS1573: Parameter 'body' has no matching param tag in the XML comment for 'LocationClient.GetLocationDescendantsAsync(GetLocationDescendantsRequest, CancellationToken)' (but other parameters do) [/home/lysander/repos/bannou/bannou-service/bannou-service.csproj]
/home/lysander/repos/bannou/bannou-service/Generated/Clients/LocationClient.cs(1047,114): warning CS1573: Parameter 'body' has no matching param tag in the XML comment for 'LocationClient.CreateLocationAsync(CreateLocationRequest, CancellationToken)' (but other parameters do) [/home/lysander/repos/bannou/bannou-service/bannou-service.csproj]
/home/lysander/repos/bannou/bannou-service/Generated/Clients/LocationClient.cs(1138,114): warning CS1573: Parameter 'body' has no matching param tag in the XML comment for 'LocationClient.UpdateLocationAsync(UpdateLocationRequest, CancellationToken)' (but other parameters do) [/home/lysander/repos/bannou/bannou-service/bannou-service.csproj]
/home/lysander/repos/bannou/bannou-service/Generated/Clients/LocationClient.cs(1236,120): warning CS1573: Parameter 'body' has no matching param tag in the XML comment for 'LocationClient.SetLocationParentAsync(SetLocationParentRequest, CancellationToken)' (but other parameters do) [/home/lysander/repos/bannou/bannou-service/bannou-service.csproj]
/home/lysander/repos/bannou/bannou-service/Generated/Clients/LocationClient.cs(1331,126): warning CS1573: Parameter 'body' has no matching param tag in the XML comment for 'LocationClient.RemoveLocationParentAsync(RemoveLocationParentRequest, CancellationToken)' (but other parameters do) [/home/lysander/repos/bannou/bannou-service/bannou-service.csproj]
/home/lysander/repos/bannou/bannou-service/Generated/Clients/LocationClient.cs(1423,96): warning CS1573: Parameter 'body' has no matching param tag in the XML comment for 'LocationClient.DeleteLocationAsync(DeleteLocationRequest, CancellationToken)' (but other parameters do) [/home/lysander/repos/bannou/bannou-service/bannou-service.csproj]
/home/lysander/repos/bannou/bannou-service/Generated/Clients/LocationClient.cs(1515,120): warning CS1573: Parameter 'body' has no matching param tag in the XML comment for 'LocationClient.DeprecateLocationAsync(DeprecateLocationRequest, CancellationToken)' (but other parameters do) [/home/lysander/repos/bannou/bannou-service/bannou-service.csproj]
/home/lysander/repos/bannou/bannou-service/Generated/Clients/LocationClient.cs(1610,124): warning CS1573: Parameter 'body' has no matching param tag in the XML comment for 'LocationClient.UndeprecateLocationAsync(UndeprecateLocationRequest, CancellationToken)' (but other parameters do) [/home/lysander/repos/bannou/bannou-service/bannou-service.csproj]
/home/lysander/repos/bannou/bannou-service/Generated/Clients/LocationClient.cs(1705,120): warning CS1573: Parameter 'body' has no matching param tag in the XML comment for 'LocationClient.LocationExistsAsync(LocationExistsRequest, CancellationToken)' (but other parameters do) [/home/lysander/repos/bannou/bannou-service/bannou-service.csproj]
/home/lysander/repos/bannou/bannou-service/Generated/Clients/LocationClient.cs(1790,117): warning CS1573: Parameter 'body' has no matching param tag in the XML comment for 'LocationClient.SeedLocationsAsync(SeedLocationsRequest, CancellationToken)' (but other parameters do) [/home/lysander/repos/bannou/bannou-service/bannou-service.csproj]
/home/lysander/repos/bannou/bannou-service/Generated/Clients/LocationClient.cs(1869,22): warning CS1591: Missing XML comment for publicly visible type or member 'LocationClient.ObjectResponseResult<T>' [/home/lysander/repos/bannou/bannou-service/bannou-service.csproj]
/home/lysander/repos/bannou/bannou-service/Generated/Clients/LocationClient.cs(1871,16): warning CS1591: Missing XML comment for publicly visible type or member 'LocationClient.ObjectResponseResult<T>.ObjectResponseResult(T, string)' [/home/lysander/repos/bannou/bannou-service/bannou-service.csproj]
/home/lysander/repos/bannou/bannou-service/Generated/Clients/LocationClient.cs(1877,18): warning CS1591: Missing XML comment for publicly visible type or member 'LocationClient.ObjectResponseResult<T>.Object' [/home/lysander/repos/bannou/bannou-service/bannou-service.csproj]
/home/lysander/repos/bannou/bannou-service/Generated/Clients/LocationClient.cs(1879,23): warning CS1591: Missing XML comment for publicly visible type or member 'LocationClient.ObjectResponseResult<T>.Text' [/home/lysander/repos/bannou/bannou-service/bannou-service.csproj]
/home/lysander/repos/bannou/bannou-service/Generated/Clients/LocationClient.cs(1902,17): warning CS1591: Missing XML comment for publicly visible type or member 'LocationClient.ReadResponseAsString' [/home/lysander/repos/bannou/bannou-service/bannou-service.csproj]
/home/lysander/repos/bannou/bannou-service/Generated/Clients/LocationClient.cs(1904,86): warning CS1591: Missing XML comment for publicly visible type or member 'LocationClient.ReadObjectResponseAsync<T>(HttpResponseMessage, IReadOnlyDictionary<string, IEnumerable<string>>, CancellationToken)' [/home/lysander/repos/bannou/bannou-service/bannou-service.csproj]
/home/lysander/repos/bannou/bannou-service/Generated/Models/LocationModels.cs(25,5): warning CS1591: Missing XML comment for publicly visible type or member 'LocationType.CONTINENT' [/home/lysander/repos/bannou/bannou-service/bannou-service.csproj]
/home/lysander/repos/bannou/bannou-service/Generated/Models/LocationModels.cs(28,5): warning CS1591: Missing XML comment for publicly visible type or member 'LocationType.REGION' [/home/lysander/repos/bannou/bannou-service/bannou-service.csproj]
/home/lysander/repos/bannou/bannou-service/Generated/Models/LocationModels.cs(31,5): warning CS1591: Missing XML comment for publicly visible type or member 'LocationType.CITY' [/home/lysander/repos/bannou/bannou-service/bannou-service.csproj]
/home/lysander/repos/bannou/bannou-service/Generated/Models/LocationModels.cs(34,5): warning CS1591: Missing XML comment for publicly visible type or member 'LocationType.DISTRICT' [/home/lysander/repos/bannou/bannou-service/bannou-service.csproj]
/home/lysander/repos/bannou/bannou-service/Generated/Models/LocationModels.cs(37,5): warning CS1591: Missing XML comment for publicly visible type or member 'LocationType.BUILDING' [/home/lysander/repos/bannou/bannou-service/bannou-service.csproj]
/home/lysander/repos/bannou/bannou-service/Generated/Models/LocationModels.cs(40,5): warning CS1591: Missing XML comment for publicly visible type or member 'LocationType.ROOM' [/home/lysander/repos/bannou/bannou-service/bannou-service.csproj]
/home/lysander/repos/bannou/bannou-service/Generated/Models/LocationModels.cs(43,5): warning CS1591: Missing XML comment for publicly visible type or member 'LocationType.LANDMARK' [/home/lysander/repos/bannou/bannou-service/bannou-service.csproj]
/home/lysander/repos/bannou/bannou-service/Generated/Models/LocationModels.cs(46,5): warning CS1591: Missing XML comment for publicly visible type or member 'LocationType.WILDERNESS' [/home/lysander/repos/bannou/bannou-service/bannou-service.csproj]
/home/lysander/repos/bannou/bannou-service/Generated/Models/LocationModels.cs(49,5): warning CS1591: Missing XML comment for publicly visible type or member 'LocationType.DUNGEON' [/home/lysander/repos/bannou/bannou-service/bannou-service.csproj]
/home/lysander/repos/bannou/bannou-service/Generated/Models/LocationModels.cs(52,5): warning CS1591: Missing XML comment for publicly visible type or member 'LocationType.OTHER' [/home/lysander/repos/bannou/bannou-service/bannou-service.csproj]
/home/lysander/repos/bannou/bannou-service/Generated/Models/LocationModels.cs(57,22): warning CS1591: Missing XML comment for publicly visible type or member 'GetLocationRequest' [/home/lysander/repos/bannou/bannou-service/bannou-service.csproj]
/home/lysander/repos/bannou/bannou-service/Generated/Models/LocationModels.cs(71,68): warning CS1591: Missing XML comment for publicly visible type or member 'GetLocationRequest.AdditionalProperties' [/home/lysander/repos/bannou/bannou-service/bannou-service.csproj]
/home/lysander/repos/bannou/bannou-service/Generated/Models/LocationModels.cs(80,22): warning CS1591: Missing XML comment for publicly visible type or member 'GetLocationByCodeRequest' [/home/lysander/repos/bannou/bannou-service/bannou-service.csproj]
/home/lysander/repos/bannou/bannou-service/Generated/Models/LocationModels.cs(104,68): warning CS1591: Missing XML comment for publicly visible type or member 'GetLocationByCodeRequest.AdditionalProperties' [/home/lysander/repos/bannou/bannou-service/bannou-service.csproj]
/home/lysander/repos/bannou/bannou-service/Generated/Models/LocationModels.cs(113,22): warning CS1591: Missing XML comment for publicly visible type or member 'ListLocationsRequest' [/home/lysander/repos/bannou/bannou-service/bannou-service.csproj]
/home/lysander/repos/bannou/bannou-service/Generated/Models/LocationModels.cs(137,16): warning CS1591: Missing XML comment for publicly visible type or member 'ListLocationsRequest.Page' [/home/lysander/repos/bannou/bannou-service/bannou-service.csproj]
/home/lysander/repos/bannou/bannou-service/Generated/Models/LocationModels.cs(141,16): warning CS1591: Missing XML comment for publicly visible type or member 'ListLocationsRequest.PageSize' [/home/lysander/repos/bannou/bannou-service/bannou-service.csproj]
/home/lysander/repos/bannou/bannou-service/Generated/Models/LocationModels.cs(146,68): warning CS1591: Missing XML comment for publicly visible type or member 'ListLocationsRequest.AdditionalProperties' [/home/lysander/repos/bannou/bannou-service/bannou-service.csproj]
/home/lysander/repos/bannou/bannou-service/Generated/Models/LocationModels.cs(155,22): warning CS1591: Missing XML comment for publicly visible type or member 'ListLocationsByRealmRequest' [/home/lysander/repos/bannou/bannou-service/bannou-service.csproj]
/home/lysander/repos/bannou/bannou-service/Generated/Models/LocationModels.cs(174,17): warning CS1591: Missing XML comment for publicly visible type or member 'ListLocationsByRealmRequest.IncludeDeprecated' [/home/lysander/repos/bannou/bannou-service/bannou-service.csproj]
/home/lysander/repos/bannou/bannou-service/Generated/Models/LocationModels.cs(178,16): warning CS1591: Missing XML comment for publicly visible type or member 'ListLocationsByRealmRequest.Page' [/home/lysander/repos/bannou/bannou-service/bannou-service.csproj]
/home/lysander/repos/bannou/bannou-service/Generated/Models/LocationModels.cs(182,16): warning CS1591: Missing XML comment for publicly visible type or member 'ListLocationsByRealmRequest.PageSize' [/home/lysander/repos/bannou/bannou-service/bannou-service.csproj]
/home/lysander/repos/bannou/bannou-service/Generated/Models/LocationModels.cs(187,68): warning CS1591: Missing XML comment for publicly visible type or member 'ListLocationsByRealmRequest.AdditionalProperties' [/home/lysander/repos/bannou/bannou-service/bannou-service.csproj]
/home/lysander/repos/bannou/bannou-service/Generated/Models/LocationModels.cs(196,22): warning CS1591: Missing XML comment for publicly visible type or member 'ListLocationsByParentRequest' [/home/lysander/repos/bannou/bannou-service/bannou-service.csproj]
/home/lysander/repos/bannou/bannou-service/Generated/Models/LocationModels.cs(215,17): warning CS1591: Missing XML comment for publicly visible type or member 'ListLocationsByParentRequest.IncludeDeprecated' [/home/lysander/repos/bannou/bannou-service/bannou-service.csproj]
/home/lysander/repos/bannou/bannou-service/Generated/Models/LocationModels.cs(219,16): warning CS1591: Missing XML comment for publicly visible type or member 'ListLocationsByParentRequest.Page' [/home/lysander/repos/bannou/bannou-service/bannou-service.csproj]
/home/lysander/repos/bannou/bannou-service/Generated/Models/LocationModels.cs(223,16): warning CS1591: Missing XML comment for publicly visible type or member 'ListLocationsByParentRequest.PageSize' [/home/lysander/repos/bannou/bannou-service/bannou-service.csproj]
/home/lysander/repos/bannou/bannou-service/Generated/Models/LocationModels.cs(228,68): warning CS1591: Missing XML comment for publicly visible type or member 'ListLocationsByParentRequest.AdditionalProperties' [/home/lysander/repos/bannou/bannou-service/bannou-service.csproj]
/home/lysander/repos/bannou/bannou-service/Generated/Models/LocationModels.cs(237,22): warning CS1591: Missing XML comment for publicly visible type or member 'ListRootLocationsRequest' [/home/lysander/repos/bannou/bannou-service/bannou-service.csproj]
/home/lysander/repos/bannou/bannou-service/Generated/Models/LocationModels.cs(256,17): warning CS1591: Missing XML comment for publicly visible type or member 'ListRootLocationsRequest.IncludeDeprecated' [/home/lysander/repos/bannou/bannou-service/bannou-service.csproj]
/home/lysander/repos/bannou/bannou-service/Generated/Models/LocationModels.cs(260,16): warning CS1591: Missing XML comment for publicly visible type or member 'ListRootLocationsRequest.Page' [/home/lysander/repos/bannou/bannou-service/bannou-service.csproj]
/home/lysander/repos/bannou/bannou-service/Generated/Models/LocationModels.cs(264,16): warning CS1591: Missing XML comment for publicly visible type or member 'ListRootLocationsRequest.PageSize' [/home/lysander/repos/bannou/bannou-service/bannou-service.csproj]
/home/lysander/repos/bannou/bannou-service/Generated/Models/LocationModels.cs(269,68): warning CS1591: Missing XML comment for publicly visible type or member 'ListRootLocationsRequest.AdditionalProperties' [/home/lysander/repos/bannou/bannou-service/bannou-service.csproj]
/home/lysander/repos/bannou/bannou-service/Generated/Models/LocationModels.cs(278,22): warning CS1591: Missing XML comment for publicly visible type or member 'GetLocationAncestorsRequest' [/home/lysander/repos/bannou/bannou-service/bannou-service.csproj]
/home/lysander/repos/bannou/bannou-service/Generated/Models/LocationModels.cs(292,68): warning CS1591: Missing XML comment for publicly visible type or member 'GetLocationAncestorsRequest.AdditionalProperties' [/home/lysander/repos/bannou/bannou-service/bannou-service.csproj]
/home/lysander/repos/bannou/bannou-service/Generated/Models/LocationModels.cs(301,22): warning CS1591: Missing XML comment for publicly visible type or member 'GetLocationDescendantsRequest' [/home/lysander/repos/bannou/bannou-service/bannou-service.csproj]
/home/lysander/repos/bannou/bannou-service/Generated/Models/LocationModels.cs(327,17): warning CS1591: Missing XML comment for publicly visible type or member 'GetLocationDescendantsRequest.IncludeDeprecated' [/home/lysander/repos/bannou/bannou-service/bannou-service.csproj]
/home/lysander/repos/bannou/bannou-service/Generated/Models/LocationModels.cs(331,16): warning CS1591: Missing XML comment for publicly visible type or member 'GetLocationDescendantsRequest.Page' [/home/lysander/repos/bannou/bannou-service/bannou-service.csproj]
/home/lysander/repos/bannou/bannou-service/Generated/Models/LocationModels.cs(335,16): warning CS1591: Missing XML comment for publicly visible type or member 'GetLocationDescendantsRequest.PageSize' [/home/lysander/repos/bannou/bannou-service/bannou-service.csproj]
/home/lysander/repos/bannou/bannou-service/Generated/Models/LocationModels.cs(340,68): warning CS1591: Missing XML comment for publicly visible type or member 'GetLocationDescendantsRequest.AdditionalProperties' [/home/lysander/repos/bannou/bannou-service/bannou-service.csproj]
/home/lysander/repos/bannou/bannou-service/Generated/Models/LocationModels.cs(349,22): warning CS1591: Missing XML comment for publicly visible type or member 'CreateLocationRequest' [/home/lysander/repos/bannou/bannou-service/bannou-service.csproj]
/home/lysander/repos/bannou/bannou-service/Generated/Models/LocationModels.cs(390,25): warning CS1591: Missing XML comment for publicly visible type or member 'CreateLocationRequest.LocationType' [/home/lysander/repos/bannou/bannou-service/bannou-service.csproj]
/home/lysander/repos/bannou/bannou-service/Generated/Models/LocationModels.cs(407,68): warning CS1591: Missing XML comment for publicly visible type or member 'CreateLocationRequest.AdditionalProperties' [/home/lysander/repos/bannou/bannou-service/bannou-service.csproj]
/home/lysander/repos/bannou/bannou-service/Generated/Models/LocationModels.cs(416,22): warning CS1591: Missing XML comment for publicly visible type or member 'UpdateLocationRequest' [/home/lysander/repos/bannou/bannou-service/bannou-service.csproj]
/home/lysander/repos/bannou/bannou-service/Generated/Models/LocationModels.cs(457,68): warning CS1591: Missing XML comment for publicly visible type or member 'UpdateLocationRequest.AdditionalProperties' [/home/lysander/repos/bannou/bannou-service/bannou-service.csproj]
/home/lysander/repos/bannou/bannou-service/Generated/Models/LocationModels.cs(466,22): warning CS1591: Missing XML comment for publicly visible type or member 'SetLocationParentRequest' [/home/lysander/repos/bannou/bannou-service/bannou-service.csproj]
/home/lysander/repos/bannou/bannou-service/Generated/Models/LocationModels.cs(488,68): warning CS1591: Missing XML comment for publicly visible type or member 'SetLocationParentRequest.AdditionalProperties' [/home/lysander/repos/bannou/bannou-service/bannou-service.csproj]
/home/lysander/repos/bannou/bannou-service/Generated/Models/LocationModels.cs(497,22): warning CS1591: Missing XML comment for publicly visible type or member 'RemoveLocationParentRequest' [/home/lysander/repos/bannou/bannou-service/bannou-service.csproj]
/home/lysander/repos/bannou/bannou-service/Generated/Models/LocationModels.cs(511,68): warning CS1591: Missing XML comment for publicly visible type or member 'RemoveLocationParentRequest.AdditionalProperties' [/home/lysander/repos/bannou/bannou-service/bannou-service.csproj]
/home/lysander/repos/bannou/bannou-service/Generated/Models/LocationModels.cs(520,22): warning CS1591: Missing XML comment for publicly visible type or member 'DeleteLocationRequest' [/home/lysander/repos/bannou/bannou-service/bannou-service.csproj]
/home/lysander/repos/bannou/bannou-service/Generated/Models/LocationModels.cs(534,68): warning CS1591: Missing XML comment for publicly visible type or member 'DeleteLocationRequest.AdditionalProperties' [/home/lysander/repos/bannou/bannou-service/bannou-service.csproj]
/home/lysander/repos/bannou/bannou-service/Generated/Models/LocationModels.cs(543,22): warning CS1591: Missing XML comment for publicly visible type or member 'DeprecateLocationRequest' [/home/lysander/repos/bannou/bannou-service/bannou-service.csproj]
/home/lysander/repos/bannou/bannou-service/Generated/Models/LocationModels.cs(564,68): warning CS1591: Missing XML comment for publicly visible type or member 'DeprecateLocationRequest.AdditionalProperties' [/home/lysander/repos/bannou/bannou-service/bannou-service.csproj]
/home/lysander/repos/bannou/bannou-service/Generated/Models/LocationModels.cs(573,22): warning CS1591: Missing XML comment for publicly visible type or member 'UndeprecateLocationRequest' [/home/lysander/repos/bannou/bannou-service/bannou-service.csproj]
/home/lysander/repos/bannou/bannou-service/Generated/Models/LocationModels.cs(587,68): warning CS1591: Missing XML comment for publicly visible type or member 'UndeprecateLocationRequest.AdditionalProperties' [/home/lysander/repos/bannou/bannou-service/bannou-service.csproj]
/home/lysander/repos/bannou/bannou-service/Generated/Models/LocationModels.cs(596,22): warning CS1591: Missing XML comment for publicly visible type or member 'LocationExistsRequest' [/home/lysander/repos/bannou/bannou-service/bannou-service.csproj]
/home/lysander/repos/bannou/bannou-service/Generated/Models/LocationModels.cs(610,68): warning CS1591: Missing XML comment for publicly visible type or member 'LocationExistsRequest.AdditionalProperties' [/home/lysander/repos/bannou/bannou-service/bannou-service.csproj]
/home/lysander/repos/bannou/bannou-service/Generated/Models/LocationModels.cs(619,22): warning CS1591: Missing XML comment for publicly visible type or member 'LocationExistsResponse' [/home/lysander/repos/bannou/bannou-service/bannou-service.csproj]
/home/lysander/repos/bannou/bannou-service/Generated/Models/LocationModels.cs(649,68): warning CS1591: Missing XML comment for publicly visible type or member 'LocationExistsResponse.AdditionalProperties' [/home/lysander/repos/bannou/bannou-service/bannou-service.csproj]
/home/lysander/repos/bannou/bannou-service/Generated/Models/LocationModels.cs(658,22): warning CS1591: Missing XML comment for publicly visible type or member 'SeedLocationsRequest' [/home/lysander/repos/bannou/bannou-service/bannou-service.csproj]
/home/lysander/repos/bannou/bannou-service/Generated/Models/LocationModels.cs(678,68): warning CS1591: Missing XML comment for publicly visible type or member 'SeedLocationsRequest.AdditionalProperties' [/home/lysander/repos/bannou/bannou-service/bannou-service.csproj]
/home/lysander/repos/bannou/bannou-service/Generated/Models/LocationModels.cs(687,22): warning CS1591: Missing XML comment for publicly visible type or member 'SeedLocation' [/home/lysander/repos/bannou/bannou-service/bannou-service.csproj]
/home/lysander/repos/bannou/bannou-service/Generated/Models/LocationModels.cs(724,25): warning CS1591: Missing XML comment for publicly visible type or member 'SeedLocation.LocationType' [/home/lysander/repos/bannou/bannou-service/bannou-service.csproj]
/home/lysander/repos/bannou/bannou-service/Generated/Models/LocationModels.cs(733,20): warning CS1591: Missing XML comment for publicly visible type or member 'SeedLocation.Metadata' [/home/lysander/repos/bannou/bannou-service/bannou-service.csproj]
/home/lysander/repos/bannou/bannou-service/Generated/Models/LocationModels.cs(738,68): warning CS1591: Missing XML comment for publicly visible type or member 'SeedLocation.AdditionalProperties' [/home/lysander/repos/bannou/bannou-service/bannou-service.csproj]
/home/lysander/repos/bannou/bannou-service/Generated/Models/LocationModels.cs(747,22): warning CS1591: Missing XML comment for publicly visible type or member 'LocationResponse' [/home/lysander/repos/bannou/bannou-service/bannou-service.csproj]
/home/lysander/repos/bannou/bannou-service/Generated/Models/LocationModels.cs(753,24): warning CS1591: Missing XML comment for publicly visible type or member 'LocationResponse.LocationId' [/home/lysander/repos/bannou/bannou-service/bannou-service.csproj]
/home/lysander/repos/bannou/bannou-service/Generated/Models/LocationModels.cs(766,19): warning CS1591: Missing XML comment for publicly visible type or member 'LocationResponse.Code' [/home/lysander/repos/bannou/bannou-service/bannou-service.csproj]
/home/lysander/repos/bannou/bannou-service/Generated/Models/LocationModels.cs(771,19): warning CS1591: Missing XML comment for publicly visible type or member 'LocationResponse.Name' [/home/lysander/repos/bannou/bannou-service/bannou-service.csproj]
/home/lysander/repos/bannou/bannou-service/Generated/Models/LocationModels.cs(774,20): warning CS1591: Missing XML comment for publicly visible type or member 'LocationResponse.Description' [/home/lysander/repos/bannou/bannou-service/bannou-service.csproj]
/home/lysander/repos/bannou/bannou-service/Generated/Models/LocationModels.cs(780,25): warning CS1591: Missing XML comment for publicly visible type or member 'LocationResponse.LocationType' [/home/lysander/repos/bannou/bannou-service/bannou-service.csproj]
/home/lysander/repos/bannou/bannou-service/Generated/Models/LocationModels.cs(813,20): warning CS1591: Missing XML comment for publicly visible type or member 'LocationResponse.Metadata' [/home/lysander/repos/bannou/bannou-service/bannou-service.csproj]
/home/lysander/repos/bannou/bannou-service/Generated/Models/LocationModels.cs(818,34): warning CS1591: Missing XML comment for publicly visible type or member 'LocationResponse.CreatedAt' [/home/lysander/repos/bannou/bannou-service/bannou-service.csproj]
/home/lysander/repos/bannou/bannou-service/Generated/Models/LocationModels.cs(823,34): warning CS1591: Missing XML comment for publicly visible type or member 'LocationResponse.UpdatedAt' [/home/lysander/repos/bannou/bannou-service/bannou-service.csproj]
/home/lysander/repos/bannou/bannou-service/Generated/Models/LocationModels.cs(828,68): warning CS1591: Missing XML comment for publicly visible type or member 'LocationResponse.AdditionalProperties' [/home/lysander/repos/bannou/bannou-service/bannou-service.csproj]
/home/lysander/repos/bannou/bannou-service/Generated/Models/LocationModels.cs(837,22): warning CS1591: Missing XML comment for publicly visible type or member 'LocationListResponse' [/home/lysander/repos/bannou/bannou-service/bannou-service.csproj]
/home/lysander/repos/bannou/bannou-service/Generated/Models/LocationModels.cs(843,69): warning CS1591: Missing XML comment for publicly visible type or member 'LocationListResponse.Locations' [/home/lysander/repos/bannou/bannou-service/bannou-service.csproj]
/home/lysander/repos/bannou/bannou-service/Generated/Models/LocationModels.cs(846,16): warning CS1591: Missing XML comment for publicly visible type or member 'LocationListResponse.TotalCount' [/home/lysander/repos/bannou/bannou-service/bannou-service.csproj]
/home/lysander/repos/bannou/bannou-service/Generated/Models/LocationModels.cs(849,16): warning CS1591: Missing XML comment for publicly visible type or member 'LocationListResponse.Page' [/home/lysander/repos/bannou/bannou-service/bannou-service.csproj]
/home/lysander/repos/bannou/bannou-service/Generated/Models/LocationModels.cs(852,16): warning CS1591: Missing XML comment for publicly visible type or member 'LocationListResponse.PageSize' [/home/lysander/repos/bannou/bannou-service/bannou-service.csproj]
/home/lysander/repos/bannou/bannou-service/Generated/Models/LocationModels.cs(855,17): warning CS1591: Missing XML comment for publicly visible type or member 'LocationListResponse.HasNextPage' [/home/lysander/repos/bannou/bannou-service/bannou-service.csproj]
/home/lysander/repos/bannou/bannou-service/Generated/Models/LocationModels.cs(858,17): warning CS1591: Missing XML comment for publicly visible type or member 'LocationListResponse.HasPreviousPage' [/home/lysander/repos/bannou/bannou-service/bannou-service.csproj]
/home/lysander/repos/bannou/bannou-service/Generated/Models/LocationModels.cs(863,68): warning CS1591: Missing XML comment for publicly visible type or member 'LocationListResponse.AdditionalProperties' [/home/lysander/repos/bannou/bannou-service/bannou-service.csproj]
/home/lysander/repos/bannou/bannou-service/Generated/Models/LocationModels.cs(872,22): warning CS1591: Missing XML comment for publicly visible type or member 'SeedLocationsResponse' [/home/lysander/repos/bannou/bannou-service/bannou-service.csproj]
/home/lysander/repos/bannou/bannou-service/Generated/Models/LocationModels.cs(904,68): warning CS1591: Missing XML comment for publicly visible type or member 'SeedLocationsResponse.AdditionalProperties' [/home/lysander/repos/bannou/bannou-service/bannou-service.csproj]
/home/lysander/repos/bannou/bannou-service/Generated/Clients/MeshClient.cs(19,26): warning CS1591: Missing XML comment for publicly visible type or member 'IMeshClient' [/home/lysander/repos/bannou/bannou-service/bannou-service.csproj]
/home/lysander/repos/bannou/bannou-service/Generated/Clients/MeshClient.cs(32,93): warning CS1573: Parameter 'body' has no matching param tag in the XML comment for 'IMeshClient.GetEndpointsAsync(GetEndpointsRequest, CancellationToken)' (but other parameters do) [/home/lysander/repos/bannou/bannou-service/bannou-service.csproj]
/home/lysander/repos/bannou/bannou-service/Generated/Clients/MeshClient.cs(44,96): warning CS1573: Parameter 'body' has no matching param tag in the XML comment for 'IMeshClient.ListEndpointsAsync(ListEndpointsRequest, CancellationToken)' (but other parameters do) [/home/lysander/repos/bannou/bannou-service/bannou-service.csproj]
/home/lysander/repos/bannou/bannou-service/Generated/Clients/MeshClient.cs(57,105): warning CS1573: Parameter 'body' has no matching param tag in the XML comment for 'IMeshClient.RegisterEndpointAsync(RegisterEndpointRequest, CancellationToken)' (but other parameters do) [/home/lysander/repos/bannou/bannou-service/bannou-service.csproj]
/home/lysander/repos/bannou/bannou-service/Generated/Clients/MeshClient.cs(69,83): warning CS1573: Parameter 'body' has no matching param tag in the XML comment for 'IMeshClient.DeregisterEndpointAsync(DeregisterEndpointRequest, CancellationToken)' (but other parameters do) [/home/lysander/repos/bannou/bannou-service/bannou-service.csproj]
/home/lysander/repos/bannou/bannou-service/Generated/Clients/MeshClient.cs(81,84): warning CS1573: Parameter 'body' has no matching param tag in the XML comment for 'IMeshClient.HeartbeatAsync(HeartbeatRequest, CancellationToken)' (but other parameters do) [/home/lysander/repos/bannou/bannou-service/bannou-service.csproj]
/home/lysander/repos/bannou/bannou-service/Generated/Clients/MeshClient.cs(93,81): warning CS1573: Parameter 'body' has no matching param tag in the XML comment for 'IMeshClient.GetRouteAsync(GetRouteRequest, CancellationToken)' (but other parameters do) [/home/lysander/repos/bannou/bannou-service/bannou-service.csproj]
/home/lysander/repos/bannou/bannou-service/Generated/Clients/MeshClient.cs(105,90): warning CS1573: Parameter 'body' has no matching param tag in the XML comment for 'IMeshClient.GetMappingsAsync(GetMappingsRequest, CancellationToken)' (but other parameters do) [/home/lysander/repos/bannou/bannou-service/bannou-service.csproj]
/home/lysander/repos/bannou/bannou-service/Generated/Clients/MeshClient.cs(119,85): warning CS1573: Parameter 'body' has no matching param tag in the XML comment for 'IMeshClient.GetHealthAsync(GetHealthRequest, CancellationToken)' (but other parameters do) [/home/lysander/repos/bannou/bannou-service/bannou-service.csproj]
/home/lysander/repos/bannou/bannou-service/Generated/Clients/MeshClient.cs(123,22): warning CS1591: Missing XML comment for publicly visible type or member 'MeshClient' [/home/lysander/repos/bannou/bannou-service/bannou-service.csproj]
/home/lysander/repos/bannou/bannou-service/Generated/Clients/MeshClient.cs(143,12): warning CS1591: Missing XML comment for publicly visible type or member 'MeshClient.MeshClient(IMeshInvocationClient, IServiceAppMappingResolver, ILogger<MeshClient>?)' [/home/lysander/repos/bannou/bannou-service/bannou-service.csproj]
/home/lysander/repos/bannou/bannou-service/Generated/Clients/MeshClient.cs(151,54): warning CS1591: Missing XML comment for publicly visible type or member 'MeshClient.JsonSerializerSettings' [/home/lysander/repos/bannou/bannou-service/bannou-service.csproj]
/home/lysander/repos/bannou/bannou-service/Generated/Clients/MeshClient.cs(255,114): warning CS1573: Parameter 'body' has no matching param tag in the XML comment for 'MeshClient.GetEndpointsAsync(GetEndpointsRequest, CancellationToken)' (but other parameters do) [/home/lysander/repos/bannou/bannou-service/bannou-service.csproj]
/home/lysander/repos/bannou/bannou-service/Generated/Clients/MeshClient.cs(344,117): warning CS1573: Parameter 'body' has no matching param tag in the XML comment for 'MeshClient.ListEndpointsAsync(ListEndpointsRequest, CancellationToken)' (but other parameters do) [/home/lysander/repos/bannou/bannou-service/bannou-service.csproj]
/home/lysander/repos/bannou/bannou-service/Generated/Clients/MeshClient.cs(428,126): warning CS1573: Parameter 'body' has no matching param tag in the XML comment for 'MeshClient.RegisterEndpointAsync(RegisterEndpointRequest, CancellationToken)' (but other parameters do) [/home/lysander/repos/bannou/bannou-service/bannou-service.csproj]
/home/lysander/repos/bannou/bannou-service/Generated/Clients/MeshClient.cs(517,104): warning CS1573: Parameter 'body' has no matching param tag in the XML comment for 'MeshClient.DeregisterEndpointAsync(DeregisterEndpointRequest, CancellationToken)' (but other parameters do) [/home/lysander/repos/bannou/bannou-service/bannou-service.csproj]
/home/lysander/repos/bannou/bannou-service/Generated/Clients/MeshClient.cs(600,105): warning CS1573: Parameter 'body' has no matching param tag in the XML comment for 'MeshClient.HeartbeatAsync(HeartbeatRequest, CancellationToken)' (but other parameters do) [/home/lysander/repos/bannou/bannou-service/bannou-service.csproj]
/home/lysander/repos/bannou/bannou-service/Generated/Clients/MeshClient.cs(689,102): warning CS1573: Parameter 'body' has no matching param tag in the XML comment for 'MeshClient.GetRouteAsync(GetRouteRequest, CancellationToken)' (but other parameters do) [/home/lysander/repos/bannou/bannou-service/bannou-service.csproj]
/home/lysander/repos/bannou/bannou-service/Generated/Clients/MeshClient.cs(778,111): warning CS1573: Parameter 'body' has no matching param tag in the XML comment for 'MeshClient.GetMappingsAsync(GetMappingsRequest, CancellationToken)' (but other parameters do) [/home/lysander/repos/bannou/bannou-service/bannou-service.csproj]
/home/lysander/repos/bannou/bannou-service/Generated/Clients/MeshClient.cs(863,106): warning CS1573: Parameter 'body' has no matching param tag in the XML comment for 'MeshClient.GetHealthAsync(GetHealthRequest, CancellationToken)' (but other parameters do) [/home/lysander/repos/bannou/bannou-service/bannou-service.csproj]
/home/lysander/repos/bannou/bannou-service/Generated/Clients/MeshClient.cs(936,22): warning CS1591: Missing XML comment for publicly visible type or member 'MeshClient.ObjectResponseResult<T>' [/home/lysander/repos/bannou/bannou-service/bannou-service.csproj]
/home/lysander/repos/bannou/bannou-service/Generated/Clients/MeshClient.cs(938,16): warning CS1591: Missing XML comment for publicly visible type or member 'MeshClient.ObjectResponseResult<T>.ObjectResponseResult(T, string)' [/home/lysander/repos/bannou/bannou-service/bannou-service.csproj]
/home/lysander/repos/bannou/bannou-service/Generated/Clients/MeshClient.cs(944,18): warning CS1591: Missing XML comment for publicly visible type or member 'MeshClient.ObjectResponseResult<T>.Object' [/home/lysander/repos/bannou/bannou-service/bannou-service.csproj]
/home/lysander/repos/bannou/bannou-service/Generated/Clients/MeshClient.cs(946,23): warning CS1591: Missing XML comment for publicly visible type or member 'MeshClient.ObjectResponseResult<T>.Text' [/home/lysander/repos/bannou/bannou-service/bannou-service.csproj]
/home/lysander/repos/bannou/bannou-service/Generated/Clients/MeshClient.cs(969,17): warning CS1591: Missing XML comment for publicly visible type or member 'MeshClient.ReadResponseAsString' [/home/lysander/repos/bannou/bannou-service/bannou-service.csproj]
/home/lysander/repos/bannou/bannou-service/Generated/Clients/MeshClient.cs(971,86): warning CS1591: Missing XML comment for publicly visible type or member 'MeshClient.ReadObjectResponseAsync<T>(HttpResponseMessage, IReadOnlyDictionary<string, IEnumerable<string>>, CancellationToken)' [/home/lysander/repos/bannou/bannou-service/bannou-service.csproj]
/home/lysander/repos/bannou/bannou-service/Generated/Models/MeshModels.cs(58,27): warning CS1591: Missing XML comment for publicly visible type or member 'MeshEndpoint.Status' [/home/lysander/repos/bannou/bannou-service/bannou-service.csproj]
/home/lysander/repos/bannou/bannou-service/Generated/Models/MeshModels.cs(99,68): warning CS1591: Missing XML comment for publicly visible type or member 'MeshEndpoint.AdditionalProperties' [/home/lysander/repos/bannou/bannou-service/bannou-service.csproj]
/home/lysander/repos/bannou/bannou-service/Generated/Models/MeshModels.cs(115,5): warning CS1591: Missing XML comment for publicly visible type or member 'EndpointStatus.Healthy' [/home/lysander/repos/bannou/bannou-service/bannou-service.csproj]
/home/lysander/repos/bannou/bannou-service/Generated/Models/MeshModels.cs(118,5): warning CS1591: Missing XML comment for publicly visible type or member 'EndpointStatus.Degraded' [/home/lysander/repos/bannou/bannou-service/bannou-service.csproj]
/home/lysander/repos/bannou/bannou-service/Generated/Models/MeshModels.cs(121,5): warning CS1591: Missing XML comment for publicly visible type or member 'EndpointStatus.Unavailable' [/home/lysander/repos/bannou/bannou-service/bannou-service.csproj]
/home/lysander/repos/bannou/bannou-service/Generated/Models/MeshModels.cs(124,5): warning CS1591: Missing XML comment for publicly visible type or member 'EndpointStatus.ShuttingDown' [/home/lysander/repos/bannou/bannou-service/bannou-service.csproj]
/home/lysander/repos/bannou/bannou-service/Generated/Models/MeshModels.cs(136,5): warning CS1591: Missing XML comment for publicly visible type or member 'LoadBalancerAlgorithm.RoundRobin' [/home/lysander/repos/bannou/bannou-service/bannou-service.csproj]
/home/lysander/repos/bannou/bannou-service/Generated/Models/MeshModels.cs(139,5): warning CS1591: Missing XML comment for publicly visible type or member 'LoadBalancerAlgorithm.LeastConnections' [/home/lysander/repos/bannou/bannou-service/bannou-service.csproj]
/home/lysander/repos/bannou/bannou-service/Generated/Models/MeshModels.cs(142,5): warning CS1591: Missing XML comment for publicly visible type or member 'LoadBalancerAlgorithm.Weighted' [/home/lysander/repos/bannou/bannou-service/bannou-service.csproj]
/home/lysander/repos/bannou/bannou-service/Generated/Models/MeshModels.cs(145,5): warning CS1591: Missing XML comment for publicly visible type or member 'LoadBalancerAlgorithm.Random' [/home/lysander/repos/bannou/bannou-service/bannou-service.csproj]
/home/lysander/repos/bannou/bannou-service/Generated/Models/MeshModels.cs(179,68): warning CS1591: Missing XML comment for publicly visible type or member 'GetEndpointsRequest.AdditionalProperties' [/home/lysander/repos/bannou/bannou-service/bannou-service.csproj]
/home/lysander/repos/bannou/bannou-service/Generated/Models/MeshModels.cs(197,19): warning CS1591: Missing XML comment for publicly visible type or member 'GetEndpointsResponse.AppId' [/home/lysander/repos/bannou/bannou-service/bannou-service.csproj]
/home/lysander/repos/bannou/bannou-service/Generated/Models/MeshModels.cs(202,65): warning CS1591: Missing XML comment for publicly visible type or member 'GetEndpointsResponse.Endpoints' [/home/lysander/repos/bannou/bannou-service/bannou-service.csproj]
/home/lysander/repos/bannou/bannou-service/Generated/Models/MeshModels.cs(219,68): warning CS1591: Missing XML comment for publicly visible type or member 'GetEndpointsResponse.AdditionalProperties' [/home/lysander/repos/bannou/bannou-service/bannou-service.csproj]
/home/lysander/repos/bannou/bannou-service/Generated/Models/MeshModels.cs(236,27): warning CS1591: Missing XML comment for publicly visible type or member 'ListEndpointsRequest.StatusFilter' [/home/lysander/repos/bannou/bannou-service/bannou-service.csproj]
/home/lysander/repos/bannou/bannou-service/Generated/Models/MeshModels.cs(247,68): warning CS1591: Missing XML comment for publicly visible type or member 'ListEndpointsRequest.AdditionalProperties' [/home/lysander/repos/bannou/bannou-service/bannou-service.csproj]
/home/lysander/repos/bannou/bannou-service/Generated/Models/MeshModels.cs(265,65): warning CS1591: Missing XML comment for publicly visible type or member 'ListEndpointsResponse.Endpoints' [/home/lysander/repos/bannou/bannou-service/bannou-service.csproj]
/home/lysander/repos/bannou/bannou-service/Generated/Models/MeshModels.cs(270,28): warning CS1591: Missing XML comment for publicly visible type or member 'ListEndpointsResponse.Summary' [/home/lysander/repos/bannou/bannou-service/bannou-service.csproj]
/home/lysander/repos/bannou/bannou-service/Generated/Models/MeshModels.cs(275,68): warning CS1591: Missing XML comment for publicly visible type or member 'ListEndpointsResponse.AdditionalProperties' [/home/lysander/repos/bannou/bannou-service/bannou-service.csproj]
/home/lysander/repos/bannou/bannou-service/Generated/Models/MeshModels.cs(291,16): warning CS1591: Missing XML comment for publicly visible type or member 'EndpointSummary.TotalEndpoints' [/home/lysander/repos/bannou/bannou-service/bannou-service.csproj]
/home/lysander/repos/bannou/bannou-service/Generated/Models/MeshModels.cs(294,16): warning CS1591: Missing XML comment for publicly visible type or member 'EndpointSummary.HealthyCount' [/home/lysander/repos/bannou/bannou-service/bannou-service.csproj]
/home/lysander/repos/bannou/bannou-service/Generated/Models/MeshModels.cs(297,16): warning CS1591: Missing XML comment for publicly visible type or member 'EndpointSummary.DegradedCount' [/home/lysander/repos/bannou/bannou-service/bannou-service.csproj]
/home/lysander/repos/bannou/bannou-service/Generated/Models/MeshModels.cs(300,16): warning CS1591: Missing XML comment for publicly visible type or member 'EndpointSummary.UnavailableCount' [/home/lysander/repos/bannou/bannou-service/bannou-service.csproj]
/home/lysander/repos/bannou/bannou-service/Generated/Models/MeshModels.cs(303,16): warning CS1591: Missing XML comment for publicly visible type or member 'EndpointSummary.UniqueAppIds' [/home/lysander/repos/bannou/bannou-service/bannou-service.csproj]
/home/lysander/repos/bannou/bannou-service/Generated/Models/MeshModels.cs(308,68): warning CS1591: Missing XML comment for publicly visible type or member 'EndpointSummary.AdditionalProperties' [/home/lysander/repos/bannou/bannou-service/bannou-service.csproj]
/home/lysander/repos/bannou/bannou-service/Generated/Models/MeshModels.cs(374,68): warning CS1591: Missing XML comment for publicly visible type or member 'RegisterEndpointRequest.AdditionalProperties' [/home/lysander/repos/bannou/bannou-service/bannou-service.csproj]
/home/lysander/repos/bannou/bannou-service/Generated/Models/MeshModels.cs(390,17): warning CS1591: Missing XML comment for publicly visible type or member 'RegisterEndpointResponse.Success' [/home/lysander/repos/bannou/bannou-service/bannou-service.csproj]
/home/lysander/repos/bannou/bannou-service/Generated/Models/MeshModels.cs(395,25): warning CS1591: Missing XML comment for publicly visible type or member 'RegisterEndpointResponse.Endpoint' [/home/lysander/repos/bannou/bannou-service/bannou-service.csproj]
/home/lysander/repos/bannou/bannou-service/Generated/Models/MeshModels.cs(406,68): warning CS1591: Missing XML comment for publicly visible type or member 'RegisterEndpointResponse.AdditionalProperties' [/home/lysander/repos/bannou/bannou-service/bannou-service.csproj]
/home/lysander/repos/bannou/bannou-service/Generated/Models/MeshModels.cs(432,68): warning CS1591: Missing XML comment for publicly visible type or member 'DeregisterEndpointRequest.AdditionalProperties' [/home/lysander/repos/bannou/bannou-service/bannou-service.csproj]
/home/lysander/repos/bannou/bannou-service/Generated/Models/MeshModels.cs(450,24): warning CS1591: Missing XML comment for publicly visible type or member 'HeartbeatRequest.InstanceId' [/home/lysander/repos/bannou/bannou-service/bannou-service.csproj]
/home/lysander/repos/bannou/bannou-service/Generated/Models/MeshModels.cs(454,27): warning CS1591: Missing XML comment for publicly visible type or member 'HeartbeatRequest.Status' [/home/lysander/repos/bannou/bannou-service/bannou-service.csproj]
/home/lysander/repos/bannou/bannou-service/Generated/Models/MeshModels.cs(477,68): warning CS1591: Missing XML comment for publicly visible type or member 'HeartbeatRequest.AdditionalProperties' [/home/lysander/repos/bannou/bannou-service/bannou-service.csproj]
/home/lysander/repos/bannou/bannou-service/Generated/Models/MeshModels.cs(493,17): warning CS1591: Missing XML comment for publicly visible type or member 'HeartbeatResponse.Success' [/home/lysander/repos/bannou/bannou-service/bannou-service.csproj]
/home/lysander/repos/bannou/bannou-service/Generated/Models/MeshModels.cs(510,68): warning CS1591: Missing XML comment for publicly visible type or member 'HeartbeatResponse.AdditionalProperties' [/home/lysander/repos/bannou/bannou-service/bannou-service.csproj]
/home/lysander/repos/bannou/bannou-service/Generated/Models/MeshModels.cs(541,34): warning CS1591: Missing XML comment for publicly visible type or member 'GetRouteRequest.Algorithm' [/home/lysander/repos/bannou/bannou-service/bannou-service.csproj]
/home/lysander/repos/bannou/bannou-service/Generated/Models/MeshModels.cs(546,68): warning CS1591: Missing XML comment for publicly visible type or member 'GetRouteRequest.AdditionalProperties' [/home/lysander/repos/bannou/bannou-service/bannou-service.csproj]
/home/lysander/repos/bannou/bannou-service/Generated/Models/MeshModels.cs(564,25): warning CS1591: Missing XML comment for publicly visible type or member 'GetRouteResponse.Endpoint' [/home/lysander/repos/bannou/bannou-service/bannou-service.csproj]
/home/lysander/repos/bannou/bannou-service/Generated/Models/MeshModels.cs(575,68): warning CS1591: Missing XML comment for publicly visible type or member 'GetRouteResponse.AdditionalProperties' [/home/lysander/repos/bannou/bannou-service/bannou-service.csproj]
/home/lysander/repos/bannou/bannou-service/Generated/Models/MeshModels.cs(599,68): warning CS1591: Missing XML comment for publicly visible type or member 'GetMappingsRequest.AdditionalProperties' [/home/lysander/repos/bannou/bannou-service/bannou-service.csproj]
/home/lysander/repos/bannou/bannou-service/Generated/Models/MeshModels.cs(637,68): warning CS1591: Missing XML comment for publicly visible type or member 'GetMappingsResponse.AdditionalProperties' [/home/lysander/repos/bannou/bannou-service/bannou-service.csproj]
/home/lysander/repos/bannou/bannou-service/Generated/Models/MeshModels.cs(661,68): warning CS1591: Missing XML comment for publicly visible type or member 'GetHealthRequest.AdditionalProperties' [/home/lysander/repos/bannou/bannou-service/bannou-service.csproj]
/home/lysander/repos/bannou/bannou-service/Generated/Models/MeshModels.cs(680,27): warning CS1591: Missing XML comment for publicly visible type or member 'MeshHealthResponse.Status' [/home/lysander/repos/bannou/bannou-service/bannou-service.csproj]
/home/lysander/repos/bannou/bannou-service/Generated/Models/MeshModels.cs(685,28): warning CS1591: Missing XML comment for publicly visible type or member 'MeshHealthResponse.Summary' [/home/lysander/repos/bannou/bannou-service/bannou-service.csproj]
/home/lysander/repos/bannou/bannou-service/Generated/Models/MeshModels.cs(694,34): warning CS1591: Missing XML comment for publicly visible type or member 'MeshHealthResponse.LastUpdateTime' [/home/lysander/repos/bannou/bannou-service/bannou-service.csproj]
/home/lysander/repos/bannou/bannou-service/Generated/Models/MeshModels.cs(711,68): warning CS1591: Missing XML comment for publicly visible type or member 'MeshHealthResponse.AdditionalProperties' [/home/lysander/repos/bannou/bannou-service/bannou-service.csproj]
/home/lysander/repos/bannou/bannou-service/Generated/Clients/MessagingClient.cs(19,26): warning CS1591: Missing XML comment for publicly visible type or member 'IMessagingClient' [/home/lysander/repos/bannou/bannou-service/bannou-service.csproj]
/home/lysander/repos/bannou/bannou-service/Generated/Clients/MessagingClient.cs(28,93): warning CS1573: Parameter 'body' has no matching param tag in the XML comment for 'IMessagingClient.PublishEventAsync(PublishEventRequest, CancellationToken)' (but other parameters do) [/home/lysander/repos/bannou/bannou-service/bannou-service.csproj]
/home/lysander/repos/bannou/bannou-service/Generated/Clients/MessagingClient.cs(36,111): warning CS1573: Parameter 'body' has no matching param tag in the XML comment for 'IMessagingClient.CreateSubscriptionAsync(CreateSubscriptionRequest, CancellationToken)' (but other parameters do) [/home/lysander/repos/bannou/bannou-service/bannou-service.csproj]
/home/lysander/repos/bannou/bannou-service/Generated/Clients/MessagingClient.cs(44,111): warning CS1573: Parameter 'body' has no matching param tag in the XML comment for 'IMessagingClient.RemoveSubscriptionAsync(RemoveSubscriptionRequest, CancellationToken)' (but other parameters do) [/home/lysander/repos/bannou/bannou-service/bannou-service.csproj]
/home/lysander/repos/bannou/bannou-service/Generated/Clients/MessagingClient.cs(52,88): warning CS1573: Parameter 'body' has no matching param tag in the XML comment for 'IMessagingClient.ListTopicsAsync(ListTopicsRequest?, CancellationToken)' (but other parameters do) [/home/lysander/repos/bannou/bannou-service/bannou-service.csproj]
/home/lysander/repos/bannou/bannou-service/Generated/Clients/MessagingClient.cs(56,22): warning CS1591: Missing XML comment for publicly visible type or member 'MessagingClient' [/home/lysander/repos/bannou/bannou-service/bannou-service.csproj]
/home/lysander/repos/bannou/bannou-service/Generated/Clients/MessagingClient.cs(76,12): warning CS1591: Missing XML comment for publicly visible type or member 'MessagingClient.MessagingClient(IMeshInvocationClient, IServiceAppMappingResolver, ILogger<MessagingClient>?)' [/home/lysander/repos/bannou/bannou-service/bannou-service.csproj]
/home/lysander/repos/bannou/bannou-service/Generated/Clients/MessagingClient.cs(84,54): warning CS1591: Missing XML comment for publicly visible type or member 'MessagingClient.JsonSerializerSettings' [/home/lysander/repos/bannou/bannou-service/bannou-service.csproj]
/home/lysander/repos/bannou/bannou-service/Generated/Clients/MessagingClient.cs(184,114): warning CS1573: Parameter 'body' has no matching param tag in the XML comment for 'MessagingClient.PublishEventAsync(PublishEventRequest, CancellationToken)' (but other parameters do) [/home/lysander/repos/bannou/bannou-service/bannou-service.csproj]
/home/lysander/repos/bannou/bannou-service/Generated/Clients/MessagingClient.cs(263,132): warning CS1573: Parameter 'body' has no matching param tag in the XML comment for 'MessagingClient.CreateSubscriptionAsync(CreateSubscriptionRequest, CancellationToken)' (but other parameters do) [/home/lysander/repos/bannou/bannou-service/bannou-service.csproj]
/home/lysander/repos/bannou/bannou-service/Generated/Clients/MessagingClient.cs(342,132): warning CS1573: Parameter 'body' has no matching param tag in the XML comment for 'MessagingClient.RemoveSubscriptionAsync(RemoveSubscriptionRequest, CancellationToken)' (but other parameters do) [/home/lysander/repos/bannou/bannou-service/bannou-service.csproj]
/home/lysander/repos/bannou/bannou-service/Generated/Clients/MessagingClient.cs(421,109): warning CS1573: Parameter 'body' has no matching param tag in the XML comment for 'MessagingClient.ListTopicsAsync(ListTopicsRequest?, CancellationToken)' (but other parameters do) [/home/lysander/repos/bannou/bannou-service/bannou-service.csproj]
/home/lysander/repos/bannou/bannou-service/Generated/Clients/MessagingClient.cs(491,22): warning CS1591: Missing XML comment for publicly visible type or member 'MessagingClient.ObjectResponseResult<T>' [/home/lysander/repos/bannou/bannou-service/bannou-service.csproj]
/home/lysander/repos/bannou/bannou-service/Generated/Clients/MessagingClient.cs(493,16): warning CS1591: Missing XML comment for publicly visible type or member 'MessagingClient.ObjectResponseResult<T>.ObjectResponseResult(T, string)' [/home/lysander/repos/bannou/bannou-service/bannou-service.csproj]
/home/lysander/repos/bannou/bannou-service/Generated/Clients/MessagingClient.cs(499,18): warning CS1591: Missing XML comment for publicly visible type or member 'MessagingClient.ObjectResponseResult<T>.Object' [/home/lysander/repos/bannou/bannou-service/bannou-service.csproj]
/home/lysander/repos/bannou/bannou-service/Generated/Clients/MessagingClient.cs(501,23): warning CS1591: Missing XML comment for publicly visible type or member 'MessagingClient.ObjectResponseResult<T>.Text' [/home/lysander/repos/bannou/bannou-service/bannou-service.csproj]
/home/lysander/repos/bannou/bannou-service/Generated/Clients/MessagingClient.cs(524,17): warning CS1591: Missing XML comment for publicly visible type or member 'MessagingClient.ReadResponseAsString' [/home/lysander/repos/bannou/bannou-service/bannou-service.csproj]
/home/lysander/repos/bannou/bannou-service/Generated/Clients/MessagingClient.cs(526,86): warning CS1591: Missing XML comment for publicly visible type or member 'MessagingClient.ReadObjectResponseAsync<T>(HttpResponseMessage, IReadOnlyDictionary<string, IEnumerable<string>>, CancellationToken)' [/home/lysander/repos/bannou/bannou-service/bannou-service.csproj]
/home/lysander/repos/bannou/bannou-service/Generated/Models/MessagingModels.cs(18,22): warning CS1591: Missing XML comment for publicly visible type or member 'PublishEventRequest' [/home/lysander/repos/bannou/bannou-service/bannou-service.csproj]
/home/lysander/repos/bannou/bannou-service/Generated/Models/MessagingModels.cs(38,27): warning CS1591: Missing XML comment for publicly visible type or member 'PublishEventRequest.Options' [/home/lysander/repos/bannou/bannou-service/bannou-service.csproj]
/home/lysander/repos/bannou/bannou-service/Generated/Models/MessagingModels.cs(43,68): warning CS1591: Missing XML comment for publicly visible type or member 'PublishEventRequest.AdditionalProperties' [/home/lysander/repos/bannou/bannou-service/bannou-service.csproj]
/home/lysander/repos/bannou/bannou-service/Generated/Models/MessagingModels.cs(111,68): warning CS1591: Missing XML comment for publicly visible type or member 'PublishOptions.AdditionalProperties' [/home/lysander/repos/bannou/bannou-service/bannou-service.csproj]
/home/lysander/repos/bannou/bannou-service/Generated/Models/MessagingModels.cs(120,22): warning CS1591: Missing XML comment for publicly visible type or member 'PublishEventResponse' [/home/lysander/repos/bannou/bannou-service/bannou-service.csproj]
/home/lysander/repos/bannou/bannou-service/Generated/Models/MessagingModels.cs(124,17): warning CS1591: Missing XML comment for publicly visible type or member 'PublishEventResponse.Success' [/home/lysander/repos/bannou/bannou-service/bannou-service.csproj]
/home/lysander/repos/bannou/bannou-service/Generated/Models/MessagingModels.cs(127,24): warning CS1591: Missing XML comment for publicly visible type or member 'PublishEventResponse.MessageId' [/home/lysander/repos/bannou/bannou-service/bannou-service.csproj]
/home/lysander/repos/bannou/bannou-service/Generated/Models/MessagingModels.cs(132,68): warning CS1591: Missing XML comment for publicly visible type or member 'PublishEventResponse.AdditionalProperties' [/home/lysander/repos/bannou/bannou-service/bannou-service.csproj]
/home/lysander/repos/bannou/bannou-service/Generated/Models/MessagingModels.cs(141,22): warning CS1591: Missing XML comment for publicly visible type or member 'CreateSubscriptionRequest' [/home/lysander/repos/bannou/bannou-service/bannou-service.csproj]
/home/lysander/repos/bannou/bannou-service/Generated/Models/MessagingModels.cs(147,19): warning CS1591: Missing XML comment for publicly visible type or member 'CreateSubscriptionRequest.Topic' [/home/lysander/repos/bannou/bannou-service/bannou-service.csproj]
/home/lysander/repos/bannou/bannou-service/Generated/Models/MessagingModels.cs(158,32): warning CS1591: Missing XML comment for publicly visible type or member 'CreateSubscriptionRequest.Options' [/home/lysander/repos/bannou/bannou-service/bannou-service.csproj]
/home/lysander/repos/bannou/bannou-service/Generated/Models/MessagingModels.cs(163,68): warning CS1591: Missing XML comment for publicly visible type or member 'CreateSubscriptionRequest.AdditionalProperties' [/home/lysander/repos/bannou/bannou-service/bannou-service.csproj]
/home/lysander/repos/bannou/bannou-service/Generated/Models/MessagingModels.cs(217,68): warning CS1591: Missing XML comment for publicly visible type or member 'SubscriptionOptions.AdditionalProperties' [/home/lysander/repos/bannou/bannou-service/bannou-service.csproj]
/home/lysander/repos/bannou/bannou-service/Generated/Models/MessagingModels.cs(226,22): warning CS1591: Missing XML comment for publicly visible type or member 'CreateSubscriptionResponse' [/home/lysander/repos/bannou/bannou-service/bannou-service.csproj]
/home/lysander/repos/bannou/bannou-service/Generated/Models/MessagingModels.cs(230,24): warning CS1591: Missing XML comment for publicly visible type or member 'CreateSubscriptionResponse.SubscriptionId' [/home/lysander/repos/bannou/bannou-service/bannou-service.csproj]
/home/lysander/repos/bannou/bannou-service/Generated/Models/MessagingModels.cs(233,19): warning CS1591: Missing XML comment for publicly visible type or member 'CreateSubscriptionResponse.QueueName' [/home/lysander/repos/bannou/bannou-service/bannou-service.csproj]
/home/lysander/repos/bannou/bannou-service/Generated/Models/MessagingModels.cs(238,68): warning CS1591: Missing XML comment for publicly visible type or member 'CreateSubscriptionResponse.AdditionalProperties' [/home/lysander/repos/bannou/bannou-service/bannou-service.csproj]
/home/lysander/repos/bannou/bannou-service/Generated/Models/MessagingModels.cs(247,22): warning CS1591: Missing XML comment for publicly visible type or member 'RemoveSubscriptionRequest' [/home/lysander/repos/bannou/bannou-service/bannou-service.csproj]
/home/lysander/repos/bannou/bannou-service/Generated/Models/MessagingModels.cs(253,24): warning CS1591: Missing XML comment for publicly visible type or member 'RemoveSubscriptionRequest.SubscriptionId' [/home/lysander/repos/bannou/bannou-service/bannou-service.csproj]
/home/lysander/repos/bannou/bannou-service/Generated/Models/MessagingModels.cs(258,68): warning CS1591: Missing XML comment for publicly visible type or member 'RemoveSubscriptionRequest.AdditionalProperties' [/home/lysander/repos/bannou/bannou-service/bannou-service.csproj]
/home/lysander/repos/bannou/bannou-service/Generated/Models/MessagingModels.cs(267,22): warning CS1591: Missing XML comment for publicly visible type or member 'RemoveSubscriptionResponse' [/home/lysander/repos/bannou/bannou-service/bannou-service.csproj]
/home/lysander/repos/bannou/bannou-service/Generated/Models/MessagingModels.cs(271,17): warning CS1591: Missing XML comment for publicly visible type or member 'RemoveSubscriptionResponse.Success' [/home/lysander/repos/bannou/bannou-service/bannou-service.csproj]
/home/lysander/repos/bannou/bannou-service/Generated/Models/MessagingModels.cs(276,68): warning CS1591: Missing XML comment for publicly visible type or member 'RemoveSubscriptionResponse.AdditionalProperties' [/home/lysander/repos/bannou/bannou-service/bannou-service.csproj]
/home/lysander/repos/bannou/bannou-service/Generated/Models/MessagingModels.cs(306,68): warning CS1591: Missing XML comment for publicly visible type or member 'ListTopicsRequest.AdditionalProperties' [/home/lysander/repos/bannou/bannou-service/bannou-service.csproj]
/home/lysander/repos/bannou/bannou-service/Generated/Models/MessagingModels.cs(315,22): warning CS1591: Missing XML comment for publicly visible type or member 'ListTopicsResponse' [/home/lysander/repos/bannou/bannou-service/bannou-service.csproj]
/home/lysander/repos/bannou/bannou-service/Generated/Models/MessagingModels.cs(319,62): warning CS1591: Missing XML comment for publicly visible type or member 'ListTopicsResponse.Topics' [/home/lysander/repos/bannou/bannou-service/bannou-service.csproj]
/home/lysander/repos/bannou/bannou-service/Generated/Models/MessagingModels.cs(324,68): warning CS1591: Missing XML comment for publicly visible type or member 'ListTopicsResponse.AdditionalProperties' [/home/lysander/repos/bannou/bannou-service/bannou-service.csproj]
/home/lysander/repos/bannou/bannou-service/Generated/Models/MessagingModels.cs(333,22): warning CS1591: Missing XML comment for publicly visible type or member 'TopicInfo' [/home/lysander/repos/bannou/bannou-service/bannou-service.csproj]
/home/lysander/repos/bannou/bannou-service/Generated/Models/MessagingModels.cs(337,19): warning CS1591: Missing XML comment for publicly visible type or member 'TopicInfo.Name' [/home/lysander/repos/bannou/bannou-service/bannou-service.csproj]
/home/lysander/repos/bannou/bannou-service/Generated/Models/MessagingModels.cs(340,16): warning CS1591: Missing XML comment for publicly visible type or member 'TopicInfo.MessageCount' [/home/lysander/repos/bannou/bannou-service/bannou-service.csproj]
/home/lysander/repos/bannou/bannou-service/Generated/Models/MessagingModels.cs(343,16): warning CS1591: Missing XML comment for publicly visible type or member 'TopicInfo.ConsumerCount' [/home/lysander/repos/bannou/bannou-service/bannou-service.csproj]
/home/lysander/repos/bannou/bannou-service/Generated/Models/MessagingModels.cs(348,68): warning CS1591: Missing XML comment for publicly visible type or member 'TopicInfo.AdditionalProperties' [/home/lysander/repos/bannou/bannou-service/bannou-service.csproj]
/home/lysander/repos/bannou/bannou-service/Generated/Models/MessagingModels.cs(357,13): warning CS1591: Missing XML comment for publicly visible type or member 'PublishOptionsExchangeType' [/home/lysander/repos/bannou/bannou-service/bannou-service.csproj]
/home/lysander/repos/bannou/bannou-service/Generated/Models/MessagingModels.cs(361,5): warning CS1591: Missing XML comment for publicly visible type or member 'PublishOptionsExchangeType.Fanout' [/home/lysander/repos/bannou/bannou-service/bannou-service.csproj]
/home/lysander/repos/bannou/bannou-service/Generated/Models/MessagingModels.cs(364,5): warning CS1591: Missing XML comment for publicly visible type or member 'PublishOptionsExchangeType.Direct' [/home/lysander/repos/bannou/bannou-service/bannou-service.csproj]
/home/lysander/repos/bannou/bannou-service/Generated/Models/MessagingModels.cs(367,5): warning CS1591: Missing XML comment for publicly visible type or member 'PublishOptionsExchangeType.Topic' [/home/lysander/repos/bannou/bannou-service/bannou-service.csproj]
/home/lysander/repos/bannou/bannou-service/Generated/Clients/OrchestratorClient.cs(19,26): warning CS1591: Missing XML comment for publicly visible type or member 'IOrchestratorClient' [/home/lysander/repos/bannou/bannou-service/bannou-service.csproj]
/home/lysander/repos/bannou/bannou-service/Generated/Clients/OrchestratorClient.cs(34,120): warning CS1573: Parameter 'body' has no matching param tag in the XML comment for 'IOrchestratorClient.GetInfrastructureHealthAsync(InfrastructureHealthRequest, CancellationToken)' (but other parameters do) [/home/lysander/repos/bannou/bannou-service/bannou-service.csproj]
/home/lysander/repos/bannou/bannou-service/Generated/Clients/OrchestratorClient.cs(46,98): warning CS1573: Parameter 'body' has no matching param tag in the XML comment for 'IOrchestratorClient.GetServicesHealthAsync(ServiceHealthRequest, CancellationToken)' (but other parameters do) [/home/lysander/repos/bannou/bannou-service/bannou-service.csproj]
/home/lysander/repos/bannou/bannou-service/Generated/Clients/OrchestratorClient.cs(60,97): warning CS1573: Parameter 'body' has no matching param tag in the XML comment for 'IOrchestratorClient.RestartServiceAsync(ServiceRestartRequest, CancellationToken)' (but other parameters do) [/home/lysander/repos/bannou/bannou-service/bannou-service.csproj]
/home/lysander/repos/bannou/bannou-service/Generated/Clients/OrchestratorClient.cs(77,110): warning CS1573: Parameter 'body' has no matching param tag in the XML comment for 'IOrchestratorClient.ShouldRestartServiceAsync(ShouldRestartServiceRequest, CancellationToken)' (but other parameters do) [/home/lysander/repos/bannou/bannou-service/bannou-service.csproj]
/home/lysander/repos/bannou/bannou-service/Generated/Clients/OrchestratorClient.cs(101,88): warning CS1573: Parameter 'body' has no matching param tag in the XML comment for 'IOrchestratorClient.GetBackendsAsync(ListBackendsRequest, CancellationToken)' (but other parameters do) [/home/lysander/repos/bannou/bannou-service/bannou-service.csproj]
/home/lysander/repos/bannou/bannou-service/Generated/Clients/OrchestratorClient.cs(121,85): warning CS1573: Parameter 'body' has no matching param tag in the XML comment for 'IOrchestratorClient.GetPresetsAsync(ListPresetsRequest, CancellationToken)' (but other parameters do) [/home/lysander/repos/bannou/bannou-service/bannou-service.csproj]
/home/lysander/repos/bannou/bannou-service/Generated/Clients/OrchestratorClient.cs(148,75): warning CS1573: Parameter 'body' has no matching param tag in the XML comment for 'IOrchestratorClient.DeployAsync(DeployRequest, CancellationToken)' (but other parameters do) [/home/lysander/repos/bannou/bannou-service/bannou-service.csproj]
/home/lysander/repos/bannou/bannou-service/Generated/Clients/OrchestratorClient.cs(168,105): warning CS1573: Parameter 'body' has no matching param tag in the XML comment for 'IOrchestratorClient.GetServiceRoutingAsync(GetServiceRoutingRequest, CancellationToken)' (but other parameters do) [/home/lysander/repos/bannou/bannou-service/bannou-service.csproj]
/home/lysander/repos/bannou/bannou-service/Generated/Clients/OrchestratorClient.cs(184,84): warning CS1573: Parameter 'body' has no matching param tag in the XML comment for 'IOrchestratorClient.GetStatusAsync(GetStatusRequest, CancellationToken)' (but other parameters do) [/home/lysander/repos/bannou/bannou-service/bannou-service.csproj]
/home/lysander/repos/bannou/bannou-service/Generated/Clients/OrchestratorClient.cs(201,81): warning CS1573: Parameter 'body' has no matching param tag in the XML comment for 'IOrchestratorClient.TeardownAsync(TeardownRequest, CancellationToken)' (but other parameters do) [/home/lysander/repos/bannou/bannou-service/bannou-service.csproj]
/home/lysander/repos/bannou/bannou-service/Generated/Clients/OrchestratorClient.cs(222,72): warning CS1573: Parameter 'body' has no matching param tag in the XML comment for 'IOrchestratorClient.CleanAsync(CleanRequest, CancellationToken)' (but other parameters do) [/home/lysander/repos/bannou/bannou-service/bannou-service.csproj]
/home/lysander/repos/bannou/bannou-service/Generated/Clients/OrchestratorClient.cs(234,75): warning CS1573: Parameter 'body' has no matching param tag in the XML comment for 'IOrchestratorClient.GetLogsAsync(GetLogsRequest, CancellationToken)' (but other parameters do) [/home/lysander/repos/bannou/bannou-service/bannou-service.csproj]
/home/lysander/repos/bannou/bannou-service/Generated/Clients/OrchestratorClient.cs(252,99): warning CS1573: Parameter 'body' has no matching param tag in the XML comment for 'IOrchestratorClient.UpdateTopologyAsync(TopologyUpdateRequest, CancellationToken)' (but other parameters do) [/home/lysander/repos/bannou/bannou-service/bannou-service.csproj]
/home/lysander/repos/bannou/bannou-service/Generated/Clients/OrchestratorClient.cs(276,116): warning CS1573: Parameter 'body' has no matching param tag in the XML comment for 'IOrchestratorClient.RequestContainerRestartAsync(ContainerRestartRequestBody, CancellationToken)' (but other parameters do) [/home/lysander/repos/bannou/bannou-service/bannou-service.csproj]
/home/lysander/repos/bannou/bannou-service/Generated/Clients/OrchestratorClient.cs(288,100): warning CS1573: Parameter 'body' has no matching param tag in the XML comment for 'IOrchestratorClient.GetContainerStatusAsync(GetContainerStatusRequest, CancellationToken)' (but other parameters do) [/home/lysander/repos/bannou/bannou-service/bannou-service.csproj]
/home/lysander/repos/bannou/bannou-service/Generated/Clients/OrchestratorClient.cs(304,106): warning CS1573: Parameter 'body' has no matching param tag in the XML comment for 'IOrchestratorClient.RollbackConfigurationAsync(ConfigRollbackRequest, CancellationToken)' (but other parameters do) [/home/lysander/repos/bannou/bannou-service/bannou-service.csproj]
/home/lysander/repos/bannou/bannou-service/Generated/Clients/OrchestratorClient.cs(316,102): warning CS1573: Parameter 'body' has no matching param tag in the XML comment for 'IOrchestratorClient.GetConfigVersionAsync(GetConfigVersionRequest, CancellationToken)' (but other parameters do) [/home/lysander/repos/bannou/bannou-service/bannou-service.csproj]
/home/lysander/repos/bannou/bannou-service/Generated/Clients/OrchestratorClient.cs(329,105): warning CS1573: Parameter 'body' has no matching param tag in the XML comment for 'IOrchestratorClient.AcquireProcessorAsync(AcquireProcessorRequest, CancellationToken)' (but other parameters do) [/home/lysander/repos/bannou/bannou-service/bannou-service.csproj]
/home/lysander/repos/bannou/bannou-service/Generated/Clients/OrchestratorClient.cs(341,105): warning CS1573: Parameter 'body' has no matching param tag in the XML comment for 'IOrchestratorClient.ReleaseProcessorAsync(ReleaseProcessorRequest, CancellationToken)' (but other parameters do) [/home/lysander/repos/bannou/bannou-service/bannou-service.csproj]
/home/lysander/repos/bannou/bannou-service/Generated/Clients/OrchestratorClient.cs(356,93): warning CS1573: Parameter 'body' has no matching param tag in the XML comment for 'IOrchestratorClient.GetPoolStatusAsync(GetPoolStatusRequest, CancellationToken)' (but other parameters do) [/home/lysander/repos/bannou/bannou-service/bannou-service.csproj]
/home/lysander/repos/bannou/bannou-service/Generated/Clients/OrchestratorClient.cs(369,84): warning CS1573: Parameter 'body' has no matching param tag in the XML comment for 'IOrchestratorClient.ScalePoolAsync(ScalePoolRequest, CancellationToken)' (but other parameters do) [/home/lysander/repos/bannou/bannou-service/bannou-service.csproj]
/home/lysander/repos/bannou/bannou-service/Generated/Clients/OrchestratorClient.cs(381,90): warning CS1573: Parameter 'body' has no matching param tag in the XML comment for 'IOrchestratorClient.CleanupPoolAsync(CleanupPoolRequest, CancellationToken)' (but other parameters do) [/home/lysander/repos/bannou/bannou-service/bannou-service.csproj]
/home/lysander/repos/bannou/bannou-service/Generated/Clients/OrchestratorClient.cs(385,22): warning CS1591: Missing XML comment for publicly visible type or member 'OrchestratorClient' [/home/lysander/repos/bannou/bannou-service/bannou-service.csproj]
/home/lysander/repos/bannou/bannou-service/Generated/Clients/OrchestratorClient.cs(405,12): warning CS1591: Missing XML comment for publicly visible type or member 'OrchestratorClient.OrchestratorClient(IMeshInvocationClient, IServiceAppMappingResolver, ILogger<OrchestratorClient>?)' [/home/lysander/repos/bannou/bannou-service/bannou-service.csproj]
/home/lysander/repos/bannou/bannou-service/Generated/Clients/OrchestratorClient.cs(413,54): warning CS1591: Missing XML comment for publicly visible type or member 'OrchestratorClient.JsonSerializerSettings' [/home/lysander/repos/bannou/bannou-service/bannou-service.csproj]
/home/lysander/repos/bannou/bannou-service/Generated/Clients/OrchestratorClient.cs(519,141): warning CS1573: Parameter 'body' has no matching param tag in the XML comment for 'OrchestratorClient.GetInfrastructureHealthAsync(InfrastructureHealthRequest, CancellationToken)' (but other parameters do) [/home/lysander/repos/bannou/bannou-service/bannou-service.csproj]
/home/lysander/repos/bannou/bannou-service/Generated/Clients/OrchestratorClient.cs(602,119): warning CS1573: Parameter 'body' has no matching param tag in the XML comment for 'OrchestratorClient.GetServicesHealthAsync(ServiceHealthRequest, CancellationToken)' (but other parameters do) [/home/lysander/repos/bannou/bannou-service/bannou-service.csproj]
/home/lysander/repos/bannou/bannou-service/Generated/Clients/OrchestratorClient.cs(687,118): warning CS1573: Parameter 'body' has no matching param tag in the XML comment for 'OrchestratorClient.RestartServiceAsync(ServiceRestartRequest, CancellationToken)' (but other parameters do) [/home/lysander/repos/bannou/bannou-service/bannou-service.csproj]
/home/lysander/repos/bannou/bannou-service/Generated/Clients/OrchestratorClient.cs(787,131): warning CS1573: Parameter 'body' has no matching param tag in the XML comment for 'OrchestratorClient.ShouldRestartServiceAsync(ShouldRestartServiceRequest, CancellationToken)' (but other parameters do) [/home/lysander/repos/bannou/bannou-service/bannou-service.csproj]
/home/lysander/repos/bannou/bannou-service/Generated/Clients/OrchestratorClient.cs(882,109): warning CS1573: Parameter 'body' has no matching param tag in the XML comment for 'OrchestratorClient.GetBackendsAsync(ListBackendsRequest, CancellationToken)' (but other parameters do) [/home/lysander/repos/bannou/bannou-service/bannou-service.csproj]
/home/lysander/repos/bannou/bannou-service/Generated/Clients/OrchestratorClient.cs(973,106): warning CS1573: Parameter 'body' has no matching param tag in the XML comment for 'OrchestratorClient.GetPresetsAsync(ListPresetsRequest, CancellationToken)' (but other parameters do) [/home/lysander/repos/bannou/bannou-service/bannou-service.csproj]
/home/lysander/repos/bannou/bannou-service/Generated/Clients/OrchestratorClient.cs(1071,96): warning CS1573: Parameter 'body' has no matching param tag in the XML comment for 'OrchestratorClient.DeployAsync(DeployRequest, CancellationToken)' (but other parameters do) [/home/lysander/repos/bannou/bannou-service/bannou-service.csproj]
/home/lysander/repos/bannou/bannou-service/Generated/Clients/OrchestratorClient.cs(1192,126): warning CS1573: Parameter 'body' has no matching param tag in the XML comment for 'OrchestratorClient.GetServiceRoutingAsync(GetServiceRoutingRequest, CancellationToken)' (but other parameters do) [/home/lysander/repos/bannou/bannou-service/bannou-service.csproj]
/home/lysander/repos/bannou/bannou-service/Generated/Clients/OrchestratorClient.cs(1279,105): warning CS1573: Parameter 'body' has no matching param tag in the XML comment for 'OrchestratorClient.GetStatusAsync(GetStatusRequest, CancellationToken)' (but other parameters do) [/home/lysander/repos/bannou/bannou-service/bannou-service.csproj]
/home/lysander/repos/bannou/bannou-service/Generated/Clients/OrchestratorClient.cs(1367,102): warning CS1573: Parameter 'body' has no matching param tag in the XML comment for 'OrchestratorClient.TeardownAsync(TeardownRequest, CancellationToken)' (but other parameters do) [/home/lysander/repos/bannou/bannou-service/bannou-service.csproj]
/home/lysander/repos/bannou/bannou-service/Generated/Clients/OrchestratorClient.cs(1469,93): warning CS1573: Parameter 'body' has no matching param tag in the XML comment for 'OrchestratorClient.CleanAsync(CleanRequest, CancellationToken)' (but other parameters do) [/home/lysander/repos/bannou/bannou-service/bannou-service.csproj]
/home/lysander/repos/bannou/bannou-service/Generated/Clients/OrchestratorClient.cs(1562,96): warning CS1573: Parameter 'body' has no matching param tag in the XML comment for 'OrchestratorClient.GetLogsAsync(GetLogsRequest, CancellationToken)' (but other parameters do) [/home/lysander/repos/bannou/bannou-service/bannou-service.csproj]
/home/lysander/repos/bannou/bannou-service/Generated/Clients/OrchestratorClient.cs(1663,120): warning CS1573: Parameter 'body' has no matching param tag in the XML comment for 'OrchestratorClient.UpdateTopologyAsync(TopologyUpdateRequest, CancellationToken)' (but other parameters do) [/home/lysander/repos/bannou/bannou-service/bannou-service.csproj]
/home/lysander/repos/bannou/bannou-service/Generated/Clients/OrchestratorClient.cs(1776,137): warning CS1573: Parameter 'body' has no matching param tag in the XML comment for 'OrchestratorClient.RequestContainerRestartAsync(ContainerRestartRequestBody, CancellationToken)' (but other parameters do) [/home/lysander/repos/bannou/bannou-service/bannou-service.csproj]
/home/lysander/repos/bannou/bannou-service/Generated/Clients/OrchestratorClient.cs(1871,121): warning CS1573: Parameter 'body' has no matching param tag in the XML comment for 'OrchestratorClient.GetContainerStatusAsync(GetContainerStatusRequest, CancellationToken)' (but other parameters do) [/home/lysander/repos/bannou/bannou-service/bannou-service.csproj]
/home/lysander/repos/bannou/bannou-service/Generated/Clients/OrchestratorClient.cs(1964,127): warning CS1573: Parameter 'body' has no matching param tag in the XML comment for 'OrchestratorClient.RollbackConfigurationAsync(ConfigRollbackRequest, CancellationToken)' (but other parameters do) [/home/lysander/repos/bannou/bannou-service/bannou-service.csproj]
/home/lysander/repos/bannou/bannou-service/Generated/Clients/OrchestratorClient.cs(2059,123): warning CS1573: Parameter 'body' has no matching param tag in the XML comment for 'OrchestratorClient.GetConfigVersionAsync(GetConfigVersionRequest, CancellationToken)' (but other parameters do) [/home/lysander/repos/bannou/bannou-service/bannou-service.csproj]
/home/lysander/repos/bannou/bannou-service/Generated/Clients/OrchestratorClient.cs(2143,126): warning CS1573: Parameter 'body' has no matching param tag in the XML comment for 'OrchestratorClient.AcquireProcessorAsync(AcquireProcessorRequest, CancellationToken)' (but other parameters do) [/home/lysander/repos/bannou/bannou-service/bannou-service.csproj]
/home/lysander/repos/bannou/bannou-service/Generated/Clients/OrchestratorClient.cs(2236,126): warning CS1573: Parameter 'body' has no matching param tag in the XML comment for 'OrchestratorClient.ReleaseProcessorAsync(ReleaseProcessorRequest, CancellationToken)' (but other parameters do) [/home/lysander/repos/bannou/bannou-service/bannou-service.csproj]
/home/lysander/repos/bannou/bannou-service/Generated/Clients/OrchestratorClient.cs(2328,114): warning CS1573: Parameter 'body' has no matching param tag in the XML comment for 'OrchestratorClient.GetPoolStatusAsync(GetPoolStatusRequest, CancellationToken)' (but other parameters do) [/home/lysander/repos/bannou/bannou-service/bannou-service.csproj]
/home/lysander/repos/bannou/bannou-service/Generated/Clients/OrchestratorClient.cs(2412,105): warning CS1573: Parameter 'body' has no matching param tag in the XML comment for 'OrchestratorClient.ScalePoolAsync(ScalePoolRequest, CancellationToken)' (but other parameters do) [/home/lysander/repos/bannou/bannou-service/bannou-service.csproj]
/home/lysander/repos/bannou/bannou-service/Generated/Clients/OrchestratorClient.cs(2501,111): warning CS1573: Parameter 'body' has no matching param tag in the XML comment for 'OrchestratorClient.CleanupPoolAsync(CleanupPoolRequest, CancellationToken)' (but other parameters do) [/home/lysander/repos/bannou/bannou-service/bannou-service.csproj]
/home/lysander/repos/bannou/bannou-service/Generated/Clients/OrchestratorClient.cs(2574,22): warning CS1591: Missing XML comment for publicly visible type or member 'OrchestratorClient.ObjectResponseResult<T>' [/home/lysander/repos/bannou/bannou-service/bannou-service.csproj]
/home/lysander/repos/bannou/bannou-service/Generated/Clients/OrchestratorClient.cs(2576,16): warning CS1591: Missing XML comment for publicly visible type or member 'OrchestratorClient.ObjectResponseResult<T>.ObjectResponseResult(T, string)' [/home/lysander/repos/bannou/bannou-service/bannou-service.csproj]
/home/lysander/repos/bannou/bannou-service/Generated/Clients/OrchestratorClient.cs(2582,18): warning CS1591: Missing XML comment for publicly visible type or member 'OrchestratorClient.ObjectResponseResult<T>.Object' [/home/lysander/repos/bannou/bannou-service/bannou-service.csproj]
/home/lysander/repos/bannou/bannou-service/Generated/Clients/OrchestratorClient.cs(2584,23): warning CS1591: Missing XML comment for publicly visible type or member 'OrchestratorClient.ObjectResponseResult<T>.Text' [/home/lysander/repos/bannou/bannou-service/bannou-service.csproj]
/home/lysander/repos/bannou/bannou-service/Generated/Clients/OrchestratorClient.cs(2607,17): warning CS1591: Missing XML comment for publicly visible type or member 'OrchestratorClient.ReadResponseAsString' [/home/lysander/repos/bannou/bannou-service/bannou-service.csproj]
/home/lysander/repos/bannou/bannou-service/Generated/Clients/OrchestratorClient.cs(2609,86): warning CS1591: Missing XML comment for publicly visible type or member 'OrchestratorClient.ReadObjectResponseAsync<T>(HttpResponseMessage, IReadOnlyDictionary<string, IEnumerable<string>>, CancellationToken)' [/home/lysander/repos/bannou/bannou-service/bannou-service.csproj]
/home/lysander/repos/bannou/bannou-service/Generated/Models/OrchestratorModels.cs(33,68): warning CS1591: Missing XML comment for publicly visible type or member 'InfrastructureHealthRequest.AdditionalProperties' [/home/lysander/repos/bannou/bannou-service/bannou-service.csproj]
/home/lysander/repos/bannou/bannou-service/Generated/Models/OrchestratorModels.cs(57,68): warning CS1591: Missing XML comment for publicly visible type or member 'ServiceHealthRequest.AdditionalProperties' [/home/lysander/repos/bannou/bannou-service/bannou-service.csproj]
/home/lysander/repos/bannou/bannou-service/Generated/Models/OrchestratorModels.cs(81,68): warning CS1591: Missing XML comment for publicly visible type or member 'GetServiceRoutingRequest.AdditionalProperties' [/home/lysander/repos/bannou/bannou-service/bannou-service.csproj]
/home/lysander/repos/bannou/bannou-service/Generated/Models/OrchestratorModels.cs(90,22): warning CS1591: Missing XML comment for publicly visible type or member 'ServiceRoutingResponse' [/home/lysander/repos/bannou/bannou-service/bannou-service.csproj]
/home/lysander/repos/bannou/bannou-service/Generated/Models/OrchestratorModels.cs(135,68): warning CS1591: Missing XML comment for publicly visible type or member 'ServiceRoutingResponse.AdditionalProperties' [/home/lysander/repos/bannou/bannou-service/bannou-service.csproj]
/home/lysander/repos/bannou/bannou-service/Generated/Models/OrchestratorModels.cs(159,68): warning CS1591: Missing XML comment for publicly visible type or member 'ListBackendsRequest.AdditionalProperties' [/home/lysander/repos/bannou/bannou-service/bannou-service.csproj]
/home/lysander/repos/bannou/bannou-service/Generated/Models/OrchestratorModels.cs(184,68): warning CS1591: Missing XML comment for publicly visible type or member 'ListPresetsRequest.AdditionalProperties' [/home/lysander/repos/bannou/bannou-service/bannou-service.csproj]
/home/lysander/repos/bannou/bannou-service/Generated/Models/OrchestratorModels.cs(208,68): warning CS1591: Missing XML comment for publicly visible type or member 'GetStatusRequest.AdditionalProperties' [/home/lysander/repos/bannou/bannou-service/bannou-service.csproj]
/home/lysander/repos/bannou/bannou-service/Generated/Models/OrchestratorModels.cs(262,68): warning CS1591: Missing XML comment for publicly visible type or member 'GetLogsRequest.AdditionalProperties' [/home/lysander/repos/bannou/bannou-service/bannou-service.csproj]
/home/lysander/repos/bannou/bannou-service/Generated/Models/OrchestratorModels.cs(271,22): warning CS1591: Missing XML comment for publicly visible type or member 'ContainerRestartRequestBody' [/home/lysander/repos/bannou/bannou-service/bannou-service.csproj]
/home/lysander/repos/bannou/bannou-service/Generated/Models/OrchestratorModels.cs(292,28): warning CS1591: Missing XML comment for publicly visible type or member 'ContainerRestartRequestBody.Priority' [/home/lysander/repos/bannou/bannou-service/bannou-service.csproj]
/home/lysander/repos/bannou/bannou-service/Generated/Models/OrchestratorModels.cs(303,68): warning CS1591: Missing XML comment for publicly visible type or member 'ContainerRestartRequestBody.AdditionalProperties' [/home/lysander/repos/bannou/bannou-service/bannou-service.csproj]
/home/lysander/repos/bannou/bannou-service/Generated/Models/OrchestratorModels.cs(312,22): warning CS1591: Missing XML comment for publicly visible type or member 'GetContainerStatusRequest' [/home/lysander/repos/bannou/bannou-service/bannou-service.csproj]
/home/lysander/repos/bannou/bannou-service/Generated/Models/OrchestratorModels.cs(326,68): warning CS1591: Missing XML comment for publicly visible type or member 'GetContainerStatusRequest.AdditionalProperties' [/home/lysander/repos/bannou/bannou-service/bannou-service.csproj]
/home/lysander/repos/bannou/bannou-service/Generated/Models/OrchestratorModels.cs(350,68): warning CS1591: Missing XML comment for publicly visible type or member 'GetConfigVersionRequest.AdditionalProperties' [/home/lysander/repos/bannou/bannou-service/bannou-service.csproj]
/home/lysander/repos/bannou/bannou-service/Generated/Models/OrchestratorModels.cs(359,22): warning CS1591: Missing XML comment for publicly visible type or member 'InfrastructureHealthResponse' [/home/lysander/repos/bannou/bannou-service/bannou-service.csproj]
/home/lysander/repos/bannou/bannou-service/Generated/Models/OrchestratorModels.cs(387,68): warning CS1591: Missing XML comment for publicly visible type or member 'InfrastructureHealthResponse.AdditionalProperties' [/home/lysander/repos/bannou/bannou-service/bannou-service.csproj]
/home/lysander/repos/bannou/bannou-service/Generated/Models/OrchestratorModels.cs(396,22): warning CS1591: Missing XML comment for publicly visible type or member 'ComponentHealth' [/home/lysander/repos/bannou/bannou-service/bannou-service.csproj]
/home/lysander/repos/bannou/bannou-service/Generated/Models/OrchestratorModels.cs(439,68): warning CS1591: Missing XML comment for publicly visible type or member 'ComponentHealth.AdditionalProperties' [/home/lysander/repos/bannou/bannou-service/bannou-service.csproj]
/home/lysander/repos/bannou/bannou-service/Generated/Models/OrchestratorModels.cs(448,22): warning CS1591: Missing XML comment for publicly visible type or member 'ServiceHealthReport' [/home/lysander/repos/bannou/bannou-service/bannou-service.csproj]
/home/lysander/repos/bannou/bannou-service/Generated/Models/OrchestratorModels.cs(490,68): warning CS1591: Missing XML comment for publicly visible type or member 'ServiceHealthReport.AdditionalProperties' [/home/lysander/repos/bannou/bannou-service/bannou-service.csproj]
/home/lysander/repos/bannou/bannou-service/Generated/Models/OrchestratorModels.cs(554,68): warning CS1591: Missing XML comment for publicly visible type or member 'ServiceHealthStatus.AdditionalProperties' [/home/lysander/repos/bannou/bannou-service/bannou-service.csproj]
/home/lysander/repos/bannou/bannou-service/Generated/Models/OrchestratorModels.cs(563,22): warning CS1591: Missing XML comment for publicly visible type or member 'TestExecutionRequest' [/home/lysander/repos/bannou/bannou-service/bannou-service.csproj]
/home/lysander/repos/bannou/bannou-service/Generated/Models/OrchestratorModels.cs(596,68): warning CS1591: Missing XML comment for publicly visible type or member 'TestExecutionRequest.AdditionalProperties' [/home/lysander/repos/bannou/bannou-service/bannou-service.csproj]
/home/lysander/repos/bannou/bannou-service/Generated/Models/OrchestratorModels.cs(605,22): warning CS1591: Missing XML comment for publicly visible type or member 'TestExecutionResult' [/home/lysander/repos/bannou/bannou-service/bannou-service.csproj]
/home/lysander/repos/bannou/bannou-service/Generated/Models/OrchestratorModels.cs(651,68): warning CS1591: Missing XML comment for publicly visible type or member 'TestExecutionResult.AdditionalProperties' [/home/lysander/repos/bannou/bannou-service/bannou-service.csproj]
/home/lysander/repos/bannou/bannou-service/Generated/Models/OrchestratorModels.cs(660,22): warning CS1591: Missing XML comment for publicly visible type or member 'TestResult' [/home/lysander/repos/bannou/bannou-service/bannou-service.csproj]
/home/lysander/repos/bannou/bannou-service/Generated/Models/OrchestratorModels.cs(698,68): warning CS1591: Missing XML comment for publicly visible type or member 'TestResult.AdditionalProperties' [/home/lysander/repos/bannou/bannou-service/bannou-service.csproj]
/home/lysander/repos/bannou/bannou-service/Generated/Models/OrchestratorModels.cs(707,22): warning CS1591: Missing XML comment for publicly visible type or member 'ServiceRestartRequest' [/home/lysander/repos/bannou/bannou-service/bannou-service.csproj]
/home/lysander/repos/bannou/bannou-service/Generated/Models/OrchestratorModels.cs(739,68): warning CS1591: Missing XML comment for publicly visible type or member 'ServiceRestartRequest.AdditionalProperties' [/home/lysander/repos/bannou/bannou-service/bannou-service.csproj]
/home/lysander/repos/bannou/bannou-service/Generated/Models/OrchestratorModels.cs(748,22): warning CS1591: Missing XML comment for publicly visible type or member 'ServiceRestartResult' [/home/lysander/repos/bannou/bannou-service/bannou-service.csproj]
/home/lysander/repos/bannou/bannou-service/Generated/Models/OrchestratorModels.cs(794,68): warning CS1591: Missing XML comment for publicly visible type or member 'ServiceRestartResult.AdditionalProperties' [/home/lysander/repos/bannou/bannou-service/bannou-service.csproj]
/home/lysander/repos/bannou/bannou-service/Generated/Models/OrchestratorModels.cs(803,22): warning CS1591: Missing XML comment for publicly visible type or member 'ShouldRestartServiceRequest' [/home/lysander/repos/bannou/bannou-service/bannou-service.csproj]
/home/lysander/repos/bannou/bannou-service/Generated/Models/OrchestratorModels.cs(817,68): warning CS1591: Missing XML comment for publicly visible type or member 'ShouldRestartServiceRequest.AdditionalProperties' [/home/lysander/repos/bannou/bannou-service/bannou-service.csproj]
/home/lysander/repos/bannou/bannou-service/Generated/Models/OrchestratorModels.cs(826,22): warning CS1591: Missing XML comment for publicly visible type or member 'RestartRecommendation' [/home/lysander/repos/bannou/bannou-service/bannou-service.csproj]
/home/lysander/repos/bannou/bannou-service/Generated/Models/OrchestratorModels.cs(874,68): warning CS1591: Missing XML comment for publicly visible type or member 'RestartRecommendation.AdditionalProperties' [/home/lysander/repos/bannou/bannou-service/bannou-service.csproj]
/home/lysander/repos/bannou/bannou-service/Generated/Models/OrchestratorModels.cs(892,5): warning CS1591: Missing XML comment for publicly visible type or member 'BackendType.Kubernetes' [/home/lysander/repos/bannou/bannou-service/bannou-service.csproj]
/home/lysander/repos/bannou/bannou-service/Generated/Models/OrchestratorModels.cs(895,5): warning CS1591: Missing XML comment for publicly visible type or member 'BackendType.Portainer' [/home/lysander/repos/bannou/bannou-service/bannou-service.csproj]
/home/lysander/repos/bannou/bannou-service/Generated/Models/OrchestratorModels.cs(898,5): warning CS1591: Missing XML comment for publicly visible type or member 'BackendType.Swarm' [/home/lysander/repos/bannou/bannou-service/bannou-service.csproj]
/home/lysander/repos/bannou/bannou-service/Generated/Models/OrchestratorModels.cs(901,5): warning CS1591: Missing XML comment for publicly visible type or member 'BackendType.Compose' [/home/lysander/repos/bannou/bannou-service/bannou-service.csproj]
/home/lysander/repos/bannou/bannou-service/Generated/Models/OrchestratorModels.cs(906,22): warning CS1591: Missing XML comment for publicly visible type or member 'BackendInfo' [/home/lysander/repos/bannou/bannou-service/bannou-service.csproj]
/home/lysander/repos/bannou/bannou-service/Generated/Models/OrchestratorModels.cs(913,24): warning CS1591: Missing XML comment for publicly visible type or member 'BackendInfo.Type' [/home/lysander/repos/bannou/bannou-service/bannou-service.csproj]
/home/lysander/repos/bannou/bannou-service/Generated/Models/OrchestratorModels.cs(961,68): warning CS1591: Missing XML comment for publicly visible type or member 'BackendInfo.AdditionalProperties' [/home/lysander/repos/bannou/bannou-service/bannou-service.csproj]
/home/lysander/repos/bannou/bannou-service/Generated/Models/OrchestratorModels.cs(970,22): warning CS1591: Missing XML comment for publicly visible type or member 'BackendsResponse' [/home/lysander/repos/bannou/bannou-service/bannou-service.csproj]
/home/lysander/repos/bannou/bannou-service/Generated/Models/OrchestratorModels.cs(993,24): warning CS1591: Missing XML comment for publicly visible type or member 'BackendsResponse.Recommended' [/home/lysander/repos/bannou/bannou-service/bannou-service.csproj]
/home/lysander/repos/bannou/bannou-service/Generated/Models/OrchestratorModels.cs(1005,68): warning CS1591: Missing XML comment for publicly visible type or member 'BackendsResponse.AdditionalProperties' [/home/lysander/repos/bannou/bannou-service/bannou-service.csproj]
/home/lysander/repos/bannou/bannou-service/Generated/Models/OrchestratorModels.cs(1014,22): warning CS1591: Missing XML comment for publicly visible type or member 'DeploymentPreset' [/home/lysander/repos/bannou/bannou-service/bannou-service.csproj]
/home/lysander/repos/bannou/bannou-service/Generated/Models/OrchestratorModels.cs(1043,28): warning CS1591: Missing XML comment for publicly visible type or member 'DeploymentPreset.Topology' [/home/lysander/repos/bannou/bannou-service/bannou-service.csproj]
/home/lysander/repos/bannou/bannou-service/Generated/Models/OrchestratorModels.cs(1073,68): warning CS1591: Missing XML comment for publicly visible type or member 'DeploymentPreset.AdditionalProperties' [/home/lysander/repos/bannou/bannou-service/bannou-service.csproj]
/home/lysander/repos/bannou/bannou-service/Generated/Models/OrchestratorModels.cs(1082,22): warning CS1591: Missing XML comment for publicly visible type or member 'PresetsResponse' [/home/lysander/repos/bannou/bannou-service/bannou-service.csproj]
/home/lysander/repos/bannou/bannou-service/Generated/Models/OrchestratorModels.cs(1102,68): warning CS1591: Missing XML comment for publicly visible type or member 'PresetsResponse.AdditionalProperties' [/home/lysander/repos/bannou/bannou-service/bannou-service.csproj]
/home/lysander/repos/bannou/bannou-service/Generated/Models/OrchestratorModels.cs(1111,22): warning CS1591: Missing XML comment for publicly visible type or member 'ServiceTopology' [/home/lysander/repos/bannou/bannou-service/bannou-service.csproj]
/home/lysander/repos/bannou/bannou-service/Generated/Models/OrchestratorModels.cs(1131,68): warning CS1591: Missing XML comment for publicly visible type or member 'ServiceTopology.AdditionalProperties' [/home/lysander/repos/bannou/bannou-service/bannou-service.csproj]
/home/lysander/repos/bannou/bannou-service/Generated/Models/OrchestratorModels.cs(1140,22): warning CS1591: Missing XML comment for publicly visible type or member 'TopologyNode' [/home/lysander/repos/bannou/bannou-service/bannou-service.csproj]
/home/lysander/repos/bannou/bannou-service/Generated/Models/OrchestratorModels.cs(1169,27): warning CS1591: Missing XML comment for publicly visible type or member 'TopologyNode.Resources' [/home/lysander/repos/bannou/bannou-service/bannou-service.csproj]
/home/lysander/repos/bannou/bannou-service/Generated/Models/OrchestratorModels.cs(1192,68): warning CS1591: Missing XML comment for publicly visible type or member 'TopologyNode.AdditionalProperties' [/home/lysander/repos/bannou/bannou-service/bannou-service.csproj]
/home/lysander/repos/bannou/bannou-service/Generated/Models/OrchestratorModels.cs(1201,22): warning CS1591: Missing XML comment for publicly visible type or member 'InfrastructureConfig' [/home/lysander/repos/bannou/bannou-service/bannou-service.csproj]
/home/lysander/repos/bannou/bannou-service/Generated/Models/OrchestratorModels.cs(1205,31): warning CS1591: Missing XML comment for publicly visible type or member 'InfrastructureConfig.Redis' [/home/lysander/repos/bannou/bannou-service/bannou-service.csproj]
/home/lysander/repos/bannou/bannou-service/Generated/Models/OrchestratorModels.cs(1208,31): warning CS1591: Missing XML comment for publicly visible type or member 'InfrastructureConfig.Rabbitmq' [/home/lysander/repos/bannou/bannou-service/bannou-service.csproj]
/home/lysander/repos/bannou/bannou-service/Generated/Models/OrchestratorModels.cs(1211,31): warning CS1591: Missing XML comment for publicly visible type or member 'InfrastructureConfig.Mysql' [/home/lysander/repos/bannou/bannou-service/bannou-service.csproj]
/home/lysander/repos/bannou/bannou-service/Generated/Models/OrchestratorModels.cs(1214,26): warning CS1591: Missing XML comment for publicly visible type or member 'InfrastructureConfig.Ingress' [/home/lysander/repos/bannou/bannou-service/bannou-service.csproj]
/home/lysander/repos/bannou/bannou-service/Generated/Models/OrchestratorModels.cs(1219,68): warning CS1591: Missing XML comment for publicly visible type or member 'InfrastructureConfig.AdditionalProperties' [/home/lysander/repos/bannou/bannou-service/bannou-service.csproj]
/home/lysander/repos/bannou/bannou-service/Generated/Models/OrchestratorModels.cs(1228,22): warning CS1591: Missing XML comment for publicly visible type or member 'InfraServiceConfig' [/home/lysander/repos/bannou/bannou-service/bannou-service.csproj]
/home/lysander/repos/bannou/bannou-service/Generated/Models/OrchestratorModels.cs(1232,17): warning CS1591: Missing XML comment for publicly visible type or member 'InfraServiceConfig.Enabled' [/home/lysander/repos/bannou/bannou-service/bannou-service.csproj]
/home/lysander/repos/bannou/bannou-service/Generated/Models/OrchestratorModels.cs(1241,27): warning CS1591: Missing XML comment for publicly visible type or member 'InfraServiceConfig.Resources' [/home/lysander/repos/bannou/bannou-service/bannou-service.csproj]
/home/lysander/repos/bannou/bannou-service/Generated/Models/OrchestratorModels.cs(1244,67): warning CS1591: Missing XML comment for publicly visible type or member 'InfraServiceConfig.Environment' [/home/lysander/repos/bannou/bannou-service/bannou-service.csproj]
/home/lysander/repos/bannou/bannou-service/Generated/Models/OrchestratorModels.cs(1255,68): warning CS1591: Missing XML comment for publicly visible type or member 'InfraServiceConfig.AdditionalProperties' [/home/lysander/repos/bannou/bannou-service/bannou-service.csproj]
/home/lysander/repos/bannou/bannou-service/Generated/Models/OrchestratorModels.cs(1264,22): warning CS1591: Missing XML comment for publicly visible type or member 'IngressConfig' [/home/lysander/repos/bannou/bannou-service/bannou-service.csproj]
/home/lysander/repos/bannou/bannou-service/Generated/Models/OrchestratorModels.cs(1268,17): warning CS1591: Missing XML comment for publicly visible type or member 'IngressConfig.Enabled' [/home/lysander/repos/bannou/bannou-service/bannou-service.csproj]
/home/lysander/repos/bannou/bannou-service/Generated/Models/OrchestratorModels.cs(1272,30): warning CS1591: Missing XML comment for publicly visible type or member 'IngressConfig.Type' [/home/lysander/repos/bannou/bannou-service/bannou-service.csproj]
/home/lysander/repos/bannou/bannou-service/Generated/Models/OrchestratorModels.cs(1275,18): warning CS1591: Missing XML comment for publicly visible type or member 'IngressConfig.Ports' [/home/lysander/repos/bannou/bannou-service/bannou-service.csproj]
/home/lysander/repos/bannou/bannou-service/Generated/Models/OrchestratorModels.cs(1278,17): warning CS1591: Missing XML comment for publicly visible type or member 'IngressConfig.Ssl' [/home/lysander/repos/bannou/bannou-service/bannou-service.csproj]
/home/lysander/repos/bannou/bannou-service/Generated/Models/OrchestratorModels.cs(1283,68): warning CS1591: Missing XML comment for publicly visible type or member 'IngressConfig.AdditionalProperties' [/home/lysander/repos/bannou/bannou-service/bannou-service.csproj]
/home/lysander/repos/bannou/bannou-service/Generated/Models/OrchestratorModels.cs(1292,22): warning CS1591: Missing XML comment for publicly visible type or member 'ResourceLimits' [/home/lysander/repos/bannou/bannou-service/bannou-service.csproj]
/home/lysander/repos/bannou/bannou-service/Generated/Models/OrchestratorModels.cs(1322,68): warning CS1591: Missing XML comment for publicly visible type or member 'ResourceLimits.AdditionalProperties' [/home/lysander/repos/bannou/bannou-service/bannou-service.csproj]
/home/lysander/repos/bannou/bannou-service/Generated/Models/OrchestratorModels.cs(1342,5): warning CS1591: Missing XML comment for publicly visible type or member 'DeploymentMode.Graceful' [/home/lysander/repos/bannou/bannou-service/bannou-service.csproj]
/home/lysander/repos/bannou/bannou-service/Generated/Models/OrchestratorModels.cs(1345,5): warning CS1591: Missing XML comment for publicly visible type or member 'DeploymentMode.Force' [/home/lysander/repos/bannou/bannou-service/bannou-service.csproj]
/home/lysander/repos/bannou/bannou-service/Generated/Models/OrchestratorModels.cs(1348,5): warning CS1591: Missing XML comment for publicly visible type or member 'DeploymentMode.Clean' [/home/lysander/repos/bannou/bannou-service/bannou-service.csproj]
/home/lysander/repos/bannou/bannou-service/Generated/Models/OrchestratorModels.cs(1353,22): warning CS1591: Missing XML comment for publicly visible type or member 'DeployRequest' [/home/lysander/repos/bannou/bannou-service/bannou-service.csproj]
/home/lysander/repos/bannou/bannou-service/Generated/Models/OrchestratorModels.cs(1377,27): warning CS1591: Missing XML comment for publicly visible type or member 'DeployRequest.Mode' [/home/lysander/repos/bannou/bannou-service/bannou-service.csproj]
/home/lysander/repos/bannou/bannou-service/Generated/Models/OrchestratorModels.cs(1400,68): warning CS1591: Missing XML comment for publicly visible type or member 'DeployRequest.AdditionalProperties' [/home/lysander/repos/bannou/bannou-service/bannou-service.csproj]
/home/lysander/repos/bannou/bannou-service/Generated/Models/OrchestratorModels.cs(1409,22): warning CS1591: Missing XML comment for publicly visible type or member 'DeployResponse' [/home/lysander/repos/bannou/bannou-service/bannou-service.csproj]
/home/lysander/repos/bannou/bannou-service/Generated/Models/OrchestratorModels.cs(1430,24): warning CS1591: Missing XML comment for publicly visible type or member 'DeployResponse.Backend' [/home/lysander/repos/bannou/bannou-service/bannou-service.csproj]
/home/lysander/repos/bannou/bannou-service/Generated/Models/OrchestratorModels.cs(1473,68): warning CS1591: Missing XML comment for publicly visible type or member 'DeployResponse.AdditionalProperties' [/home/lysander/repos/bannou/bannou-service/bannou-service.csproj]
/home/lysander/repos/bannou/bannou-service/Generated/Models/OrchestratorModels.cs(1482,22): warning CS1591: Missing XML comment for publicly visible type or member 'DeployedService' [/home/lysander/repos/bannou/bannou-service/bannou-service.csproj]
/home/lysander/repos/bannou/bannou-service/Generated/Models/OrchestratorModels.cs(1497,34): warning CS1591: Missing XML comment for publicly visible type or member 'DeployedService.Status' [/home/lysander/repos/bannou/bannou-service/bannou-service.csproj]
/home/lysander/repos/bannou/bannou-service/Generated/Models/OrchestratorModels.cs(1528,68): warning CS1591: Missing XML comment for publicly visible type or member 'DeployedService.AdditionalProperties' [/home/lysander/repos/bannou/bannou-service/bannou-service.csproj]
/home/lysander/repos/bannou/bannou-service/Generated/Models/OrchestratorModels.cs(1537,22): warning CS1591: Missing XML comment for publicly visible type or member 'EnvironmentStatus' [/home/lysander/repos/bannou/bannou-service/bannou-service.csproj]
/home/lysander/repos/bannou/bannou-service/Generated/Models/OrchestratorModels.cs(1549,34): warning CS1591: Missing XML comment for publicly visible type or member 'EnvironmentStatus.Timestamp' [/home/lysander/repos/bannou/bannou-service/bannou-service.csproj]
/home/lysander/repos/bannou/bannou-service/Generated/Models/OrchestratorModels.cs(1559,24): warning CS1591: Missing XML comment for publicly visible type or member 'EnvironmentStatus.Backend' [/home/lysander/repos/bannou/bannou-service/bannou-service.csproj]
/home/lysander/repos/bannou/bannou-service/Generated/Models/OrchestratorModels.cs(1600,68): warning CS1591: Missing XML comment for publicly visible type or member 'EnvironmentStatus.AdditionalProperties' [/home/lysander/repos/bannou/bannou-service/bannou-service.csproj]
/home/lysander/repos/bannou/bannou-service/Generated/Models/OrchestratorModels.cs(1609,22): warning CS1591: Missing XML comment for publicly visible type or member 'ResourceUsage' [/home/lysander/repos/bannou/bannou-service/bannou-service.csproj]
/home/lysander/repos/bannou/bannou-service/Generated/Models/OrchestratorModels.cs(1651,68): warning CS1591: Missing XML comment for publicly visible type or member 'ResourceUsage.AdditionalProperties' [/home/lysander/repos/bannou/bannou-service/bannou-service.csproj]
/home/lysander/repos/bannou/bannou-service/Generated/Models/OrchestratorModels.cs(1671,5): warning CS1591: Missing XML comment for publicly visible type or member 'TeardownMode.Graceful' [/home/lysander/repos/bannou/bannou-service/bannou-service.csproj]
/home/lysander/repos/bannou/bannou-service/Generated/Models/OrchestratorModels.cs(1674,5): warning CS1591: Missing XML comment for publicly visible type or member 'TeardownMode.Force' [/home/lysander/repos/bannou/bannou-service/bannou-service.csproj]
/home/lysander/repos/bannou/bannou-service/Generated/Models/OrchestratorModels.cs(1677,5): warning CS1591: Missing XML comment for publicly visible type or member 'TeardownMode.PreserveData' [/home/lysander/repos/bannou/bannou-service/bannou-service.csproj]
/home/lysander/repos/bannou/bannou-service/Generated/Models/OrchestratorModels.cs(1682,22): warning CS1591: Missing XML comment for publicly visible type or member 'TeardownRequest' [/home/lysander/repos/bannou/bannou-service/bannou-service.csproj]
/home/lysander/repos/bannou/bannou-service/Generated/Models/OrchestratorModels.cs(1695,25): warning CS1591: Missing XML comment for publicly visible type or member 'TeardownRequest.Mode' [/home/lysander/repos/bannou/bannou-service/bannou-service.csproj]
/home/lysander/repos/bannou/bannou-service/Generated/Models/OrchestratorModels.cs(1728,68): warning CS1591: Missing XML comment for publicly visible type or member 'TeardownRequest.AdditionalProperties' [/home/lysander/repos/bannou/bannou-service/bannou-service.csproj]
/home/lysander/repos/bannou/bannou-service/Generated/Models/OrchestratorModels.cs(1737,22): warning CS1591: Missing XML comment for publicly visible type or member 'TeardownResponse' [/home/lysander/repos/bannou/bannou-service/bannou-service.csproj]
/home/lysander/repos/bannou/bannou-service/Generated/Models/OrchestratorModels.cs(1741,17): warning CS1591: Missing XML comment for publicly visible type or member 'TeardownResponse.Success' [/home/lysander/repos/bannou/bannou-service/bannou-service.csproj]
/home/lysander/repos/bannou/bannou-service/Generated/Models/OrchestratorModels.cs(1746,19): warning CS1591: Missing XML comment for publicly visible type or member 'TeardownResponse.Duration' [/home/lysander/repos/bannou/bannou-service/bannou-service.csproj]
/home/lysander/repos/bannou/bannou-service/Generated/Models/OrchestratorModels.cs(1779,19): warning CS1591: Missing XML comment for publicly visible type or member 'TeardownResponse.Message' [/home/lysander/repos/bannou/bannou-service/bannou-service.csproj]
/home/lysander/repos/bannou/bannou-service/Generated/Models/OrchestratorModels.cs(1784,68): warning CS1591: Missing XML comment for publicly visible type or member 'TeardownResponse.AdditionalProperties' [/home/lysander/repos/bannou/bannou-service/bannou-service.csproj]
/home/lysander/repos/bannou/bannou-service/Generated/Models/OrchestratorModels.cs(1800,5): warning CS1591: Missing XML comment for publicly visible type or member 'CleanTarget.Containers' [/home/lysander/repos/bannou/bannou-service/bannou-service.csproj]
/home/lysander/repos/bannou/bannou-service/Generated/Models/OrchestratorModels.cs(1803,5): warning CS1591: Missing XML comment for publicly visible type or member 'CleanTarget.Networks' [/home/lysander/repos/bannou/bannou-service/bannou-service.csproj]
/home/lysander/repos/bannou/bannou-service/Generated/Models/OrchestratorModels.cs(1806,5): warning CS1591: Missing XML comment for publicly visible type or member 'CleanTarget.Volumes' [/home/lysander/repos/bannou/bannou-service/bannou-service.csproj]
/home/lysander/repos/bannou/bannou-service/Generated/Models/OrchestratorModels.cs(1809,5): warning CS1591: Missing XML comment for publicly visible type or member 'CleanTarget.Images' [/home/lysander/repos/bannou/bannou-service/bannou-service.csproj]
/home/lysander/repos/bannou/bannou-service/Generated/Models/OrchestratorModels.cs(1812,5): warning CS1591: Missing XML comment for publicly visible type or member 'CleanTarget.All' [/home/lysander/repos/bannou/bannou-service/bannou-service.csproj]
/home/lysander/repos/bannou/bannou-service/Generated/Models/OrchestratorModels.cs(1817,22): warning CS1591: Missing XML comment for publicly visible type or member 'CleanRequest' [/home/lysander/repos/bannou/bannou-service/bannou-service.csproj]
/home/lysander/repos/bannou/bannou-service/Generated/Models/OrchestratorModels.cs(1850,68): warning CS1591: Missing XML comment for publicly visible type or member 'CleanRequest.AdditionalProperties' [/home/lysander/repos/bannou/bannou-service/bannou-service.csproj]
/home/lysander/repos/bannou/bannou-service/Generated/Models/OrchestratorModels.cs(1859,22): warning CS1591: Missing XML comment for publicly visible type or member 'CleanResponse' [/home/lysander/repos/bannou/bannou-service/bannou-service.csproj]
/home/lysander/repos/bannou/bannou-service/Generated/Models/OrchestratorModels.cs(1863,17): warning CS1591: Missing XML comment for publicly visible type or member 'CleanResponse.Success' [/home/lysander/repos/bannou/bannou-service/bannou-service.csproj]
/home/lysander/repos/bannou/bannou-service/Generated/Models/OrchestratorModels.cs(1872,16): warning CS1591: Missing XML comment for publicly visible type or member 'CleanResponse.RemovedContainers' [/home/lysander/repos/bannou/bannou-service/bannou-service.csproj]
/home/lysander/repos/bannou/bannou-service/Generated/Models/OrchestratorModels.cs(1875,16): warning CS1591: Missing XML comment for publicly visible type or member 'CleanResponse.RemovedNetworks' [/home/lysander/repos/bannou/bannou-service/bannou-service.csproj]
/home/lysander/repos/bannou/bannou-service/Generated/Models/OrchestratorModels.cs(1878,16): warning CS1591: Missing XML comment for publicly visible type or member 'CleanResponse.RemovedVolumes' [/home/lysander/repos/bannou/bannou-service/bannou-service.csproj]
/home/lysander/repos/bannou/bannou-service/Generated/Models/OrchestratorModels.cs(1881,16): warning CS1591: Missing XML comment for publicly visible type or member 'CleanResponse.RemovedImages' [/home/lysander/repos/bannou/bannou-service/bannou-service.csproj]
/home/lysander/repos/bannou/bannou-service/Generated/Models/OrchestratorModels.cs(1884,59): warning CS1591: Missing XML comment for publicly visible type or member 'CleanResponse.Errors' [/home/lysander/repos/bannou/bannou-service/bannou-service.csproj]
/home/lysander/repos/bannou/bannou-service/Generated/Models/OrchestratorModels.cs(1887,19): warning CS1591: Missing XML comment for publicly visible type or member 'CleanResponse.Message' [/home/lysander/repos/bannou/bannou-service/bannou-service.csproj]
/home/lysander/repos/bannou/bannou-service/Generated/Models/OrchestratorModels.cs(1892,68): warning CS1591: Missing XML comment for publicly visible type or member 'CleanResponse.AdditionalProperties' [/home/lysander/repos/bannou/bannou-service/bannou-service.csproj]
/home/lysander/repos/bannou/bannou-service/Generated/Models/OrchestratorModels.cs(1901,22): warning CS1591: Missing XML comment for publicly visible type or member 'LogsResponse' [/home/lysander/repos/bannou/bannou-service/bannou-service.csproj]
/home/lysander/repos/bannou/bannou-service/Generated/Models/OrchestratorModels.cs(1919,61): warning CS1591: Missing XML comment for publicly visible type or member 'LogsResponse.Logs' [/home/lysander/repos/bannou/bannou-service/bannou-service.csproj]
/home/lysander/repos/bannou/bannou-service/Generated/Models/OrchestratorModels.cs(1930,68): warning CS1591: Missing XML comment for publicly visible type or member 'LogsResponse.AdditionalProperties' [/home/lysander/repos/bannou/bannou-service/bannou-service.csproj]
/home/lysander/repos/bannou/bannou-service/Generated/Models/OrchestratorModels.cs(1939,22): warning CS1591: Missing XML comment for publicly visible type or member 'LogEntry' [/home/lysander/repos/bannou/bannou-service/bannou-service.csproj]
/home/lysander/repos/bannou/bannou-service/Generated/Models/OrchestratorModels.cs(1945,34): warning CS1591: Missing XML comment for publicly visible type or member 'LogEntry.Timestamp' [/home/lysander/repos/bannou/bannou-service/bannou-service.csproj]
/home/lysander/repos/bannou/bannou-service/Generated/Models/OrchestratorModels.cs(1949,27): warning CS1591: Missing XML comment for publicly visible type or member 'LogEntry.Stream' [/home/lysander/repos/bannou/bannou-service/bannou-service.csproj]
/home/lysander/repos/bannou/bannou-service/Generated/Models/OrchestratorModels.cs(1954,19): warning CS1591: Missing XML comment for publicly visible type or member 'LogEntry.Message' [/home/lysander/repos/bannou/bannou-service/bannou-service.csproj]
/home/lysander/repos/bannou/bannou-service/Generated/Models/OrchestratorModels.cs(1959,68): warning CS1591: Missing XML comment for publicly visible type or member 'LogEntry.AdditionalProperties' [/home/lysander/repos/bannou/bannou-service/bannou-service.csproj]
/home/lysander/repos/bannou/bannou-service/Generated/Models/OrchestratorModels.cs(1968,22): warning CS1591: Missing XML comment for publicly visible type or member 'TopologyUpdateRequest' [/home/lysander/repos/bannou/bannou-service/bannou-service.csproj]
/home/lysander/repos/bannou/bannou-service/Generated/Models/OrchestratorModels.cs(1981,27): warning CS1591: Missing XML comment for publicly visible type or member 'TopologyUpdateRequest.Mode' [/home/lysander/repos/bannou/bannou-service/bannou-service.csproj]
/home/lysander/repos/bannou/bannou-service/Generated/Models/OrchestratorModels.cs(1992,68): warning CS1591: Missing XML comment for publicly visible type or member 'TopologyUpdateRequest.AdditionalProperties' [/home/lysander/repos/bannou/bannou-service/bannou-service.csproj]
/home/lysander/repos/bannou/bannou-service/Generated/Models/OrchestratorModels.cs(2001,22): warning CS1591: Missing XML comment for publicly visible type or member 'TopologyChange' [/home/lysander/repos/bannou/bannou-service/bannou-service.csproj]
/home/lysander/repos/bannou/bannou-service/Generated/Models/OrchestratorModels.cs(2046,68): warning CS1591: Missing XML comment for publicly visible type or member 'TopologyChange.AdditionalProperties' [/home/lysander/repos/bannou/bannou-service/bannou-service.csproj]
/home/lysander/repos/bannou/bannou-service/Generated/Models/OrchestratorModels.cs(2055,22): warning CS1591: Missing XML comment for publicly visible type or member 'TopologyUpdateResponse' [/home/lysander/repos/bannou/bannou-service/bannou-service.csproj]
/home/lysander/repos/bannou/bannou-service/Generated/Models/OrchestratorModels.cs(2059,17): warning CS1591: Missing XML comment for publicly visible type or member 'TopologyUpdateResponse.Success' [/home/lysander/repos/bannou/bannou-service/bannou-service.csproj]
/home/lysander/repos/bannou/bannou-service/Generated/Models/OrchestratorModels.cs(2064,66): warning CS1591: Missing XML comment for publicly visible type or member 'TopologyUpdateResponse.AppliedChanges' [/home/lysander/repos/bannou/bannou-service/bannou-service.csproj]
/home/lysander/repos/bannou/bannou-service/Generated/Models/OrchestratorModels.cs(2073,19): warning CS1591: Missing XML comment for publicly visible type or member 'TopologyUpdateResponse.Duration' [/home/lysander/repos/bannou/bannou-service/bannou-service.csproj]
/home/lysander/repos/bannou/bannou-service/Generated/Models/OrchestratorModels.cs(2076,59): warning CS1591: Missing XML comment for publicly visible type or member 'TopologyUpdateResponse.Warnings' [/home/lysander/repos/bannou/bannou-service/bannou-service.csproj]
/home/lysander/repos/bannou/bannou-service/Generated/Models/OrchestratorModels.cs(2079,19): warning CS1591: Missing XML comment for publicly visible type or member 'TopologyUpdateResponse.Message' [/home/lysander/repos/bannou/bannou-service/bannou-service.csproj]
/home/lysander/repos/bannou/bannou-service/Generated/Models/OrchestratorModels.cs(2084,68): warning CS1591: Missing XML comment for publicly visible type or member 'TopologyUpdateResponse.AdditionalProperties' [/home/lysander/repos/bannou/bannou-service/bannou-service.csproj]
/home/lysander/repos/bannou/bannou-service/Generated/Models/OrchestratorModels.cs(2093,22): warning CS1591: Missing XML comment for publicly visible type or member 'AppliedChange' [/home/lysander/repos/bannou/bannou-service/bannou-service.csproj]
/home/lysander/repos/bannou/bannou-service/Generated/Models/OrchestratorModels.cs(2099,19): warning CS1591: Missing XML comment for publicly visible type or member 'AppliedChange.Action' [/home/lysander/repos/bannou/bannou-service/bannou-service.csproj]
/home/lysander/repos/bannou/bannou-service/Generated/Models/OrchestratorModels.cs(2108,17): warning CS1591: Missing XML comment for publicly visible type or member 'AppliedChange.Success' [/home/lysander/repos/bannou/bannou-service/bannou-service.csproj]
/home/lysander/repos/bannou/bannou-service/Generated/Models/OrchestratorModels.cs(2119,68): warning CS1591: Missing XML comment for publicly visible type or member 'AppliedChange.AdditionalProperties' [/home/lysander/repos/bannou/bannou-service/bannou-service.csproj]
/home/lysander/repos/bannou/bannou-service/Generated/Models/OrchestratorModels.cs(2128,22): warning CS1591: Missing XML comment for publicly visible type or member 'ErrorResponse' [/home/lysander/repos/bannou/bannou-service/bannou-service.csproj]
/home/lysander/repos/bannou/bannou-service/Generated/Models/OrchestratorModels.cs(2156,68): warning CS1591: Missing XML comment for publicly visible type or member 'ErrorResponse.AdditionalProperties' [/home/lysander/repos/bannou/bannou-service/bannou-service.csproj]
/home/lysander/repos/bannou/bannou-service/Generated/Models/OrchestratorModels.cs(2176,19): warning CS1591: Missing XML comment for publicly visible type or member 'DeploymentEvent.EventId' [/home/lysander/repos/bannou/bannou-service/bannou-service.csproj]
/home/lysander/repos/bannou/bannou-service/Generated/Models/OrchestratorModels.cs(2181,34): warning CS1591: Missing XML comment for publicly visible type or member 'DeploymentEvent.Timestamp' [/home/lysander/repos/bannou/bannou-service/bannou-service.csproj]
/home/lysander/repos/bannou/bannou-service/Generated/Models/OrchestratorModels.cs(2187,34): warning CS1591: Missing XML comment for publicly visible type or member 'DeploymentEvent.Action' [/home/lysander/repos/bannou/bannou-service/bannou-service.csproj]
/home/lysander/repos/bannou/bannou-service/Generated/Models/OrchestratorModels.cs(2192,19): warning CS1591: Missing XML comment for publicly visible type or member 'DeploymentEvent.DeploymentId' [/home/lysander/repos/bannou/bannou-service/bannou-service.csproj]
/home/lysander/repos/bannou/bannou-service/Generated/Models/OrchestratorModels.cs(2195,19): warning CS1591: Missing XML comment for publicly visible type or member 'DeploymentEvent.Preset' [/home/lysander/repos/bannou/bannou-service/bannou-service.csproj]
/home/lysander/repos/bannou/bannou-service/Generated/Models/OrchestratorModels.cs(2199,24): warning CS1591: Missing XML comment for publicly visible type or member 'DeploymentEvent.Backend' [/home/lysander/repos/bannou/bannou-service/bannou-service.csproj]
/home/lysander/repos/bannou/bannou-service/Generated/Models/OrchestratorModels.cs(2216,68): warning CS1591: Missing XML comment for publicly visible type or member 'DeploymentEvent.AdditionalProperties' [/home/lysander/repos/bannou/bannou-service/bannou-service.csproj]
/home/lysander/repos/bannou/bannou-service/Generated/Models/OrchestratorModels.cs(2236,19): warning CS1591: Missing XML comment for publicly visible type or member 'ServiceRestartEvent.EventId' [/home/lysander/repos/bannou/bannou-service/bannou-service.csproj]
/home/lysander/repos/bannou/bannou-service/Generated/Models/OrchestratorModels.cs(2241,19): warning CS1591: Missing XML comment for publicly visible type or member 'ServiceRestartEvent.ServiceName' [/home/lysander/repos/bannou/bannou-service/bannou-service.csproj]
/home/lysander/repos/bannou/bannou-service/Generated/Models/OrchestratorModels.cs(2246,19): warning CS1591: Missing XML comment for publicly visible type or member 'ServiceRestartEvent.Reason' [/home/lysander/repos/bannou/bannou-service/bannou-service.csproj]
/home/lysander/repos/bannou/bannou-service/Generated/Models/OrchestratorModels.cs(2249,17): warning CS1591: Missing XML comment for publicly visible type or member 'ServiceRestartEvent.Forced' [/home/lysander/repos/bannou/bannou-service/bannou-service.csproj]
/home/lysander/repos/bannou/bannou-service/Generated/Models/OrchestratorModels.cs(2252,67): warning CS1591: Missing XML comment for publicly visible type or member 'ServiceRestartEvent.NewEnvironment' [/home/lysander/repos/bannou/bannou-service/bannou-service.csproj]
/home/lysander/repos/bannou/bannou-service/Generated/Models/OrchestratorModels.cs(2257,68): warning CS1591: Missing XML comment for publicly visible type or member 'ServiceRestartEvent.AdditionalProperties' [/home/lysander/repos/bannou/bannou-service/bannou-service.csproj]
/home/lysander/repos/bannou/bannou-service/Generated/Models/OrchestratorModels.cs(2287,34): warning CS1591: Missing XML comment for publicly visible type or member 'ConfigurationChangedEvent.Timestamp' [/home/lysander/repos/bannou/bannou-service/bannou-service.csproj]
/home/lysander/repos/bannou/bannou-service/Generated/Models/OrchestratorModels.cs(2312,68): warning CS1591: Missing XML comment for publicly visible type or member 'ConfigurationChangedEvent.AdditionalProperties' [/home/lysander/repos/bannou/bannou-service/bannou-service.csproj]
/home/lysander/repos/bannou/bannou-service/Generated/Models/OrchestratorModels.cs(2332,5): warning CS1591: Missing XML comment for publicly visible type or member 'RestartPriority.Graceful' [/home/lysander/repos/bannou/bannou-service/bannou-service.csproj]
/home/lysander/repos/bannou/bannou-service/Generated/Models/OrchestratorModels.cs(2335,5): warning CS1591: Missing XML comment for publicly visible type or member 'RestartPriority.Immediate' [/home/lysander/repos/bannou/bannou-service/bannou-service.csproj]
/home/lysander/repos/bannou/bannou-service/Generated/Models/OrchestratorModels.cs(2338,5): warning CS1591: Missing XML comment for publicly visible type or member 'RestartPriority.Force' [/home/lysander/repos/bannou/bannou-service/bannou-service.csproj]
/home/lysander/repos/bannou/bannou-service/Generated/Models/OrchestratorModels.cs(2343,22): warning CS1591: Missing XML comment for publicly visible type or member 'ContainerRestartRequest' [/home/lysander/repos/bannou/bannou-service/bannou-service.csproj]
/home/lysander/repos/bannou/bannou-service/Generated/Models/OrchestratorModels.cs(2356,28): warning CS1591: Missing XML comment for publicly visible type or member 'ContainerRestartRequest.Priority' [/home/lysander/repos/bannou/bannou-service/bannou-service.csproj]
/home/lysander/repos/bannou/bannou-service/Generated/Models/OrchestratorModels.cs(2367,68): warning CS1591: Missing XML comment for publicly visible type or member 'ContainerRestartRequest.AdditionalProperties' [/home/lysander/repos/bannou/bannou-service/bannou-service.csproj]
/home/lysander/repos/bannou/bannou-service/Generated/Models/OrchestratorModels.cs(2376,22): warning CS1591: Missing XML comment for publicly visible type or member 'ContainerRestartResponse' [/home/lysander/repos/bannou/bannou-service/bannou-service.csproj]
/home/lysander/repos/bannou/bannou-service/Generated/Models/OrchestratorModels.cs(2421,68): warning CS1591: Missing XML comment for publicly visible type or member 'ContainerRestartResponse.AdditionalProperties' [/home/lysander/repos/bannou/bannou-service/bannou-service.csproj]
/home/lysander/repos/bannou/bannou-service/Generated/Models/OrchestratorModels.cs(2430,22): warning CS1591: Missing XML comment for publicly visible type or member 'ContainerStatus' [/home/lysander/repos/bannou/bannou-service/bannou-service.csproj]
/home/lysander/repos/bannou/bannou-service/Generated/Models/OrchestratorModels.cs(2445,34): warning CS1591: Missing XML comment for publicly visible type or member 'ContainerStatus.Status' [/home/lysander/repos/bannou/bannou-service/bannou-service.csproj]
/home/lysander/repos/bannou/bannou-service/Generated/Models/OrchestratorModels.cs(2450,34): warning CS1591: Missing XML comment for publicly visible type or member 'ContainerStatus.Timestamp' [/home/lysander/repos/bannou/bannou-service/bannou-service.csproj]
/home/lysander/repos/bannou/bannou-service/Generated/Models/OrchestratorModels.cs(2483,25): warning CS1591: Missing XML comment for publicly visible type or member 'ContainerStatus.HealthChecks' [/home/lysander/repos/bannou/bannou-service/bannou-service.csproj]
/home/lysander/repos/bannou/bannou-service/Generated/Models/OrchestratorModels.cs(2494,68): warning CS1591: Missing XML comment for publicly visible type or member 'ContainerStatus.AdditionalProperties' [/home/lysander/repos/bannou/bannou-service/bannou-service.csproj]
/home/lysander/repos/bannou/bannou-service/Generated/Models/OrchestratorModels.cs(2503,22): warning CS1591: Missing XML comment for publicly visible type or member 'RestartHistoryEntry' [/home/lysander/repos/bannou/bannou-service/bannou-service.csproj]
/home/lysander/repos/bannou/bannou-service/Generated/Models/OrchestratorModels.cs(2509,34): warning CS1591: Missing XML comment for publicly visible type or member 'RestartHistoryEntry.Timestamp' [/home/lysander/repos/bannou/bannou-service/bannou-service.csproj]
/home/lysander/repos/bannou/bannou-service/Generated/Models/OrchestratorModels.cs(2514,19): warning CS1591: Missing XML comment for publicly visible type or member 'RestartHistoryEntry.Reason' [/home/lysander/repos/bannou/bannou-service/bannou-service.csproj]
/home/lysander/repos/bannou/bannou-service/Generated/Models/OrchestratorModels.cs(2518,28): warning CS1591: Missing XML comment for publicly visible type or member 'RestartHistoryEntry.Priority' [/home/lysander/repos/bannou/bannou-service/bannou-service.csproj]
/home/lysander/repos/bannou/bannou-service/Generated/Models/OrchestratorModels.cs(2527,17): warning CS1591: Missing XML comment for publicly visible type or member 'RestartHistoryEntry.Success' [/home/lysander/repos/bannou/bannou-service/bannou-service.csproj]
/home/lysander/repos/bannou/bannou-service/Generated/Models/OrchestratorModels.cs(2538,68): warning CS1591: Missing XML comment for publicly visible type or member 'RestartHistoryEntry.AdditionalProperties' [/home/lysander/repos/bannou/bannou-service/bannou-service.csproj]
/home/lysander/repos/bannou/bannou-service/Generated/Models/OrchestratorModels.cs(2547,22): warning CS1591: Missing XML comment for publicly visible type or member 'ConfigRollbackRequest' [/home/lysander/repos/bannou/bannou-service/bannou-service.csproj]
/home/lysander/repos/bannou/bannou-service/Generated/Models/OrchestratorModels.cs(2561,68): warning CS1591: Missing XML comment for publicly visible type or member 'ConfigRollbackRequest.AdditionalProperties' [/home/lysander/repos/bannou/bannou-service/bannou-service.csproj]
/home/lysander/repos/bannou/bannou-service/Generated/Models/OrchestratorModels.cs(2570,22): warning CS1591: Missing XML comment for publicly visible type or member 'ConfigRollbackResponse' [/home/lysander/repos/bannou/bannou-service/bannou-service.csproj]
/home/lysander/repos/bannou/bannou-service/Generated/Models/OrchestratorModels.cs(2574,17): warning CS1591: Missing XML comment for publicly visible type or member 'ConfigRollbackResponse.Success' [/home/lysander/repos/bannou/bannou-service/bannou-service.csproj]
/home/lysander/repos/bannou/bannou-service/Generated/Models/OrchestratorModels.cs(2595,19): warning CS1591: Missing XML comment for publicly visible type or member 'ConfigRollbackResponse.Message' [/home/lysander/repos/bannou/bannou-service/bannou-service.csproj]
/home/lysander/repos/bannou/bannou-service/Generated/Models/OrchestratorModels.cs(2600,68): warning CS1591: Missing XML comment for publicly visible type or member 'ConfigRollbackResponse.AdditionalProperties' [/home/lysander/repos/bannou/bannou-service/bannou-service.csproj]
/home/lysander/repos/bannou/bannou-service/Generated/Models/OrchestratorModels.cs(2609,22): warning CS1591: Missing XML comment for publicly visible type or member 'ConfigVersionResponse' [/home/lysander/repos/bannou/bannou-service/bannou-service.csproj]
/home/lysander/repos/bannou/bannou-service/Generated/Models/OrchestratorModels.cs(2647,68): warning CS1591: Missing XML comment for publicly visible type or member 'ConfigVersionResponse.AdditionalProperties' [/home/lysander/repos/bannou/bannou-service/bannou-service.csproj]
/home/lysander/repos/bannou/bannou-service/Generated/Models/OrchestratorModels.cs(2656,22): warning CS1591: Missing XML comment for publicly visible type or member 'AcquireProcessorRequest' [/home/lysander/repos/bannou/bannou-service/bannou-service.csproj]
/home/lysander/repos/bannou/bannou-service/Generated/Models/OrchestratorModels.cs(2688,68): warning CS1591: Missing XML comment for publicly visible type or member 'AcquireProcessorRequest.AdditionalProperties' [/home/lysander/repos/bannou/bannou-service/bannou-service.csproj]
/home/lysander/repos/bannou/bannou-service/Generated/Models/OrchestratorModels.cs(2697,22): warning CS1591: Missing XML comment for publicly visible type or member 'AcquireProcessorResponse' [/home/lysander/repos/bannou/bannou-service/bannou-service.csproj]
/home/lysander/repos/bannou/bannou-service/Generated/Models/OrchestratorModels.cs(2735,68): warning CS1591: Missing XML comment for publicly visible type or member 'AcquireProcessorResponse.AdditionalProperties' [/home/lysander/repos/bannou/bannou-service/bannou-service.csproj]
/home/lysander/repos/bannou/bannou-service/Generated/Models/OrchestratorModels.cs(2744,22): warning CS1591: Missing XML comment for publicly visible type or member 'PoolBusyResponse' [/home/lysander/repos/bannou/bannou-service/bannou-service.csproj]
/home/lysander/repos/bannou/bannou-service/Generated/Models/OrchestratorModels.cs(2776,68): warning CS1591: Missing XML comment for publicly visible type or member 'PoolBusyResponse.AdditionalProperties' [/home/lysander/repos/bannou/bannou-service/bannou-service.csproj]
/home/lysander/repos/bannou/bannou-service/Generated/Models/OrchestratorModels.cs(2785,22): warning CS1591: Missing XML comment for publicly visible type or member 'ReleaseProcessorRequest' [/home/lysander/repos/bannou/bannou-service/bannou-service.csproj]
/home/lysander/repos/bannou/bannou-service/Generated/Models/OrchestratorModels.cs(2811,68): warning CS1591: Missing XML comment for publicly visible type or member 'ReleaseProcessorRequest.AdditionalProperties' [/home/lysander/repos/bannou/bannou-service/bannou-service.csproj]
/home/lysander/repos/bannou/bannou-service/Generated/Models/OrchestratorModels.cs(2820,22): warning CS1591: Missing XML comment for publicly visible type or member 'ReleaseProcessorResponse' [/home/lysander/repos/bannou/bannou-service/bannou-service.csproj]
/home/lysander/repos/bannou/bannou-service/Generated/Models/OrchestratorModels.cs(2838,68): warning CS1591: Missing XML comment for publicly visible type or member 'ReleaseProcessorResponse.AdditionalProperties' [/home/lysander/repos/bannou/bannou-service/bannou-service.csproj]
/home/lysander/repos/bannou/bannou-service/Generated/Models/OrchestratorModels.cs(2847,22): warning CS1591: Missing XML comment for publicly visible type or member 'GetPoolStatusRequest' [/home/lysander/repos/bannou/bannou-service/bannou-service.csproj]
/home/lysander/repos/bannou/bannou-service/Generated/Models/OrchestratorModels.cs(2867,68): warning CS1591: Missing XML comment for publicly visible type or member 'GetPoolStatusRequest.AdditionalProperties' [/home/lysander/repos/bannou/bannou-service/bannou-service.csproj]
/home/lysander/repos/bannou/bannou-service/Generated/Models/OrchestratorModels.cs(2876,22): warning CS1591: Missing XML comment for publicly visible type or member 'PoolStatusResponse' [/home/lysander/repos/bannou/bannou-service/bannou-service.csproj]
/home/lysander/repos/bannou/bannou-service/Generated/Models/OrchestratorModels.cs(2936,24): warning CS1591: Missing XML comment for publicly visible type or member 'PoolStatusResponse.RecentMetrics' [/home/lysander/repos/bannou/bannou-service/bannou-service.csproj]
/home/lysander/repos/bannou/bannou-service/Generated/Models/OrchestratorModels.cs(2941,68): warning CS1591: Missing XML comment for publicly visible type or member 'PoolStatusResponse.AdditionalProperties' [/home/lysander/repos/bannou/bannou-service/bannou-service.csproj]
/home/lysander/repos/bannou/bannou-service/Generated/Models/OrchestratorModels.cs(2950,22): warning CS1591: Missing XML comment for publicly visible type or member 'PoolMetrics' [/home/lysander/repos/bannou/bannou-service/bannou-service.csproj]
/home/lysander/repos/bannou/bannou-service/Generated/Models/OrchestratorModels.cs(2980,68): warning CS1591: Missing XML comment for publicly visible type or member 'PoolMetrics.AdditionalProperties' [/home/lysander/repos/bannou/bannou-service/bannou-service.csproj]
/home/lysander/repos/bannou/bannou-service/Generated/Models/OrchestratorModels.cs(2989,22): warning CS1591: Missing XML comment for publicly visible type or member 'ScalePoolRequest' [/home/lysander/repos/bannou/bannou-service/bannou-service.csproj]
/home/lysander/repos/bannou/bannou-service/Generated/Models/OrchestratorModels.cs(3016,68): warning CS1591: Missing XML comment for publicly visible type or member 'ScalePoolRequest.AdditionalProperties' [/home/lysander/repos/bannou/bannou-service/bannou-service.csproj]
/home/lysander/repos/bannou/bannou-service/Generated/Models/OrchestratorModels.cs(3025,22): warning CS1591: Missing XML comment for publicly visible type or member 'ScalePoolResponse' [/home/lysander/repos/bannou/bannou-service/bannou-service.csproj]
/home/lysander/repos/bannou/bannou-service/Generated/Models/OrchestratorModels.cs(3069,68): warning CS1591: Missing XML comment for publicly visible type or member 'ScalePoolResponse.AdditionalProperties' [/home/lysander/repos/bannou/bannou-service/bannou-service.csproj]
/home/lysander/repos/bannou/bannou-service/Generated/Models/OrchestratorModels.cs(3078,22): warning CS1591: Missing XML comment for publicly visible type or member 'CleanupPoolRequest' [/home/lysander/repos/bannou/bannou-service/bannou-service.csproj]
/home/lysander/repos/bannou/bannou-service/Generated/Models/OrchestratorModels.cs(3098,68): warning CS1591: Missing XML comment for publicly visible type or member 'CleanupPoolRequest.AdditionalProperties' [/home/lysander/repos/bannou/bannou-service/bannou-service.csproj]
/home/lysander/repos/bannou/bannou-service/Generated/Models/OrchestratorModels.cs(3107,22): warning CS1591: Missing XML comment for publicly visible type or member 'CleanupPoolResponse' [/home/lysander/repos/bannou/bannou-service/bannou-service.csproj]
/home/lysander/repos/bannou/bannou-service/Generated/Models/OrchestratorModels.cs(3139,68): warning CS1591: Missing XML comment for publicly visible type or member 'CleanupPoolResponse.AdditionalProperties' [/home/lysander/repos/bannou/bannou-service/bannou-service.csproj]
/home/lysander/repos/bannou/bannou-service/Generated/Models/OrchestratorModels.cs(3148,13): warning CS1591: Missing XML comment for publicly visible type or member 'ListPresetsRequestCategory' [/home/lysander/repos/bannou/bannou-service/bannou-service.csproj]
/home/lysander/repos/bannou/bannou-service/Generated/Models/OrchestratorModels.cs(3152,5): warning CS1591: Missing XML comment for publicly visible type or member 'ListPresetsRequestCategory.Development' [/home/lysander/repos/bannou/bannou-service/bannou-service.csproj]
/home/lysander/repos/bannou/bannou-service/Generated/Models/OrchestratorModels.cs(3155,5): warning CS1591: Missing XML comment for publicly visible type or member 'ListPresetsRequestCategory.Testing' [/home/lysander/repos/bannou/bannou-service/bannou-service.csproj]
/home/lysander/repos/bannou/bannou-service/Generated/Models/OrchestratorModels.cs(3158,5): warning CS1591: Missing XML comment for publicly visible type or member 'ListPresetsRequestCategory.Production' [/home/lysander/repos/bannou/bannou-service/bannou-service.csproj]
/home/lysander/repos/bannou/bannou-service/Generated/Models/OrchestratorModels.cs(3161,5): warning CS1591: Missing XML comment for publicly visible type or member 'ListPresetsRequestCategory.Custom' [/home/lysander/repos/bannou/bannou-service/bannou-service.csproj]
/home/lysander/repos/bannou/bannou-service/Generated/Models/OrchestratorModels.cs(3166,13): warning CS1591: Missing XML comment for publicly visible type or member 'ComponentHealthStatus' [/home/lysander/repos/bannou/bannou-service/bannou-service.csproj]
/home/lysander/repos/bannou/bannou-service/Generated/Models/OrchestratorModels.cs(3170,5): warning CS1591: Missing XML comment for publicly visible type or member 'ComponentHealthStatus.Healthy' [/home/lysander/repos/bannou/bannou-service/bannou-service.csproj]
/home/lysander/repos/bannou/bannou-service/Generated/Models/OrchestratorModels.cs(3173,5): warning CS1591: Missing XML comment for publicly visible type or member 'ComponentHealthStatus.Degraded' [/home/lysander/repos/bannou/bannou-service/bannou-service.csproj]
/home/lysander/repos/bannou/bannou-service/Generated/Models/OrchestratorModels.cs(3176,5): warning CS1591: Missing XML comment for publicly visible type or member 'ComponentHealthStatus.Unavailable' [/home/lysander/repos/bannou/bannou-service/bannou-service.csproj]
/home/lysander/repos/bannou/bannou-service/Generated/Models/OrchestratorModels.cs(3181,22): warning CS1591: Missing XML comment for publicly visible type or member 'Capacity' [/home/lysander/repos/bannou/bannou-service/bannou-service.csproj]
/home/lysander/repos/bannou/bannou-service/Generated/Models/OrchestratorModels.cs(3185,16): warning CS1591: Missing XML comment for publicly visible type or member 'Capacity.MaxConnections' [/home/lysander/repos/bannou/bannou-service/bannou-service.csproj]
/home/lysander/repos/bannou/bannou-service/Generated/Models/OrchestratorModels.cs(3188,16): warning CS1591: Missing XML comment for publicly visible type or member 'Capacity.CurrentConnections' [/home/lysander/repos/bannou/bannou-service/bannou-service.csproj]
/home/lysander/repos/bannou/bannou-service/Generated/Models/OrchestratorModels.cs(3191,18): warning CS1591: Missing XML comment for publicly visible type or member 'Capacity.CpuUsage' [/home/lysander/repos/bannou/bannou-service/bannou-service.csproj]
/home/lysander/repos/bannou/bannou-service/Generated/Models/OrchestratorModels.cs(3194,18): warning CS1591: Missing XML comment for publicly visible type or member 'Capacity.MemoryUsage' [/home/lysander/repos/bannou/bannou-service/bannou-service.csproj]
/home/lysander/repos/bannou/bannou-service/Generated/Models/OrchestratorModels.cs(3199,68): warning CS1591: Missing XML comment for publicly visible type or member 'Capacity.AdditionalProperties' [/home/lysander/repos/bannou/bannou-service/bannou-service.csproj]
/home/lysander/repos/bannou/bannou-service/Generated/Models/OrchestratorModels.cs(3208,13): warning CS1591: Missing XML comment for publicly visible type or member 'TestExecutionRequestTestType' [/home/lysander/repos/bannou/bannou-service/bannou-service.csproj]
/home/lysander/repos/bannou/bannou-service/Generated/Models/OrchestratorModels.cs(3212,5): warning CS1591: Missing XML comment for publicly visible type or member 'TestExecutionRequestTestType.Infrastructure' [/home/lysander/repos/bannou/bannou-service/bannou-service.csproj]
/home/lysander/repos/bannou/bannou-service/Generated/Models/OrchestratorModels.cs(3215,5): warning CS1591: Missing XML comment for publicly visible type or member 'TestExecutionRequestTestType.Http' [/home/lysander/repos/bannou/bannou-service/bannou-service.csproj]
/home/lysander/repos/bannou/bannou-service/Generated/Models/OrchestratorModels.cs(3218,5): warning CS1591: Missing XML comment for publicly visible type or member 'TestExecutionRequestTestType.Edge' [/home/lysander/repos/bannou/bannou-service/bannou-service.csproj]
/home/lysander/repos/bannou/bannou-service/Generated/Models/OrchestratorModels.cs(3223,13): warning CS1591: Missing XML comment for publicly visible type or member 'DeploymentPresetCategory' [/home/lysander/repos/bannou/bannou-service/bannou-service.csproj]
/home/lysander/repos/bannou/bannou-service/Generated/Models/OrchestratorModels.cs(3227,5): warning CS1591: Missing XML comment for publicly visible type or member 'DeploymentPresetCategory.Development' [/home/lysander/repos/bannou/bannou-service/bannou-service.csproj]
/home/lysander/repos/bannou/bannou-service/Generated/Models/OrchestratorModels.cs(3230,5): warning CS1591: Missing XML comment for publicly visible type or member 'DeploymentPresetCategory.Testing' [/home/lysander/repos/bannou/bannou-service/bannou-service.csproj]
/home/lysander/repos/bannou/bannou-service/Generated/Models/OrchestratorModels.cs(3233,5): warning CS1591: Missing XML comment for publicly visible type or member 'DeploymentPresetCategory.Production' [/home/lysander/repos/bannou/bannou-service/bannou-service.csproj]
/home/lysander/repos/bannou/bannou-service/Generated/Models/OrchestratorModels.cs(3236,5): warning CS1591: Missing XML comment for publicly visible type or member 'DeploymentPresetCategory.Custom' [/home/lysander/repos/bannou/bannou-service/bannou-service.csproj]
/home/lysander/repos/bannou/bannou-service/Generated/Models/OrchestratorModels.cs(3241,13): warning CS1591: Missing XML comment for publicly visible type or member 'IngressConfigType' [/home/lysander/repos/bannou/bannou-service/bannou-service.csproj]
/home/lysander/repos/bannou/bannou-service/Generated/Models/OrchestratorModels.cs(3245,5): warning CS1591: Missing XML comment for publicly visible type or member 'IngressConfigType.Openresty' [/home/lysander/repos/bannou/bannou-service/bannou-service.csproj]
/home/lysander/repos/bannou/bannou-service/Generated/Models/OrchestratorModels.cs(3248,5): warning CS1591: Missing XML comment for publicly visible type or member 'IngressConfigType.Nginx' [/home/lysander/repos/bannou/bannou-service/bannou-service.csproj]
/home/lysander/repos/bannou/bannou-service/Generated/Models/OrchestratorModels.cs(3251,5): warning CS1591: Missing XML comment for publicly visible type or member 'IngressConfigType.Traefik' [/home/lysander/repos/bannou/bannou-service/bannou-service.csproj]
/home/lysander/repos/bannou/bannou-service/Generated/Models/OrchestratorModels.cs(3254,5): warning CS1591: Missing XML comment for publicly visible type or member 'IngressConfigType.None' [/home/lysander/repos/bannou/bannou-service/bannou-service.csproj]
/home/lysander/repos/bannou/bannou-service/Generated/Models/OrchestratorModels.cs(3259,22): warning CS1591: Missing XML comment for publicly visible type or member 'Ports' [/home/lysander/repos/bannou/bannou-service/bannou-service.csproj]
/home/lysander/repos/bannou/bannou-service/Generated/Models/OrchestratorModels.cs(3263,16): warning CS1591: Missing XML comment for publicly visible type or member 'Ports.Http' [/home/lysander/repos/bannou/bannou-service/bannou-service.csproj]
/home/lysander/repos/bannou/bannou-service/Generated/Models/OrchestratorModels.cs(3266,16): warning CS1591: Missing XML comment for publicly visible type or member 'Ports.Https' [/home/lysander/repos/bannou/bannou-service/bannou-service.csproj]
/home/lysander/repos/bannou/bannou-service/Generated/Models/OrchestratorModels.cs(3271,68): warning CS1591: Missing XML comment for publicly visible type or member 'Ports.AdditionalProperties' [/home/lysander/repos/bannou/bannou-service/bannou-service.csproj]
/home/lysander/repos/bannou/bannou-service/Generated/Models/OrchestratorModels.cs(3280,13): warning CS1591: Missing XML comment for publicly visible type or member 'DeployedServiceStatus' [/home/lysander/repos/bannou/bannou-service/bannou-service.csproj]
/home/lysander/repos/bannou/bannou-service/Generated/Models/OrchestratorModels.cs(3284,5): warning CS1591: Missing XML comment for publicly visible type or member 'DeployedServiceStatus.Starting' [/home/lysander/repos/bannou/bannou-service/bannou-service.csproj]
/home/lysander/repos/bannou/bannou-service/Generated/Models/OrchestratorModels.cs(3287,5): warning CS1591: Missing XML comment for publicly visible type or member 'DeployedServiceStatus.Running' [/home/lysander/repos/bannou/bannou-service/bannou-service.csproj]
/home/lysander/repos/bannou/bannou-service/Generated/Models/OrchestratorModels.cs(3290,5): warning CS1591: Missing XML comment for publicly visible type or member 'DeployedServiceStatus.Healthy' [/home/lysander/repos/bannou/bannou-service/bannou-service.csproj]
/home/lysander/repos/bannou/bannou-service/Generated/Models/OrchestratorModels.cs(3293,5): warning CS1591: Missing XML comment for publicly visible type or member 'DeployedServiceStatus.Unhealthy' [/home/lysander/repos/bannou/bannou-service/bannou-service.csproj]
/home/lysander/repos/bannou/bannou-service/Generated/Models/OrchestratorModels.cs(3296,5): warning CS1591: Missing XML comment for publicly visible type or member 'DeployedServiceStatus.Stopped' [/home/lysander/repos/bannou/bannou-service/bannou-service.csproj]
/home/lysander/repos/bannou/bannou-service/Generated/Models/OrchestratorModels.cs(3301,13): warning CS1591: Missing XML comment for publicly visible type or member 'LogEntryStream' [/home/lysander/repos/bannou/bannou-service/bannou-service.csproj]
/home/lysander/repos/bannou/bannou-service/Generated/Models/OrchestratorModels.cs(3305,5): warning CS1591: Missing XML comment for publicly visible type or member 'LogEntryStream.Stdout' [/home/lysander/repos/bannou/bannou-service/bannou-service.csproj]
/home/lysander/repos/bannou/bannou-service/Generated/Models/OrchestratorModels.cs(3308,5): warning CS1591: Missing XML comment for publicly visible type or member 'LogEntryStream.Stderr' [/home/lysander/repos/bannou/bannou-service/bannou-service.csproj]
/home/lysander/repos/bannou/bannou-service/Generated/Models/OrchestratorModels.cs(3313,13): warning CS1591: Missing XML comment for publicly visible type or member 'TopologyChangeAction' [/home/lysander/repos/bannou/bannou-service/bannou-service.csproj]
/home/lysander/repos/bannou/bannou-service/Generated/Models/OrchestratorModels.cs(3317,5): warning CS1591: Missing XML comment for publicly visible type or member 'TopologyChangeAction.AddNode' [/home/lysander/repos/bannou/bannou-service/bannou-service.csproj]
/home/lysander/repos/bannou/bannou-service/Generated/Models/OrchestratorModels.cs(3320,5): warning CS1591: Missing XML comment for publicly visible type or member 'TopologyChangeAction.RemoveNode' [/home/lysander/repos/bannou/bannou-service/bannou-service.csproj]
/home/lysander/repos/bannou/bannou-service/Generated/Models/OrchestratorModels.cs(3323,5): warning CS1591: Missing XML comment for publicly visible type or member 'TopologyChangeAction.MoveService' [/home/lysander/repos/bannou/bannou-service/bannou-service.csproj]
/home/lysander/repos/bannou/bannou-service/Generated/Models/OrchestratorModels.cs(3326,5): warning CS1591: Missing XML comment for publicly visible type or member 'TopologyChangeAction.Scale' [/home/lysander/repos/bannou/bannou-service/bannou-service.csproj]
/home/lysander/repos/bannou/bannou-service/Generated/Models/OrchestratorModels.cs(3329,5): warning CS1591: Missing XML comment for publicly visible type or member 'TopologyChangeAction.UpdateEnv' [/home/lysander/repos/bannou/bannou-service/bannou-service.csproj]
/home/lysander/repos/bannou/bannou-service/Generated/Models/OrchestratorModels.cs(3334,13): warning CS1591: Missing XML comment for publicly visible type or member 'DeploymentEventAction' [/home/lysander/repos/bannou/bannou-service/bannou-service.csproj]
/home/lysander/repos/bannou/bannou-service/Generated/Models/OrchestratorModels.cs(3338,5): warning CS1591: Missing XML comment for publicly visible type or member 'DeploymentEventAction.Started' [/home/lysander/repos/bannou/bannou-service/bannou-service.csproj]
/home/lysander/repos/bannou/bannou-service/Generated/Models/OrchestratorModels.cs(3341,5): warning CS1591: Missing XML comment for publicly visible type or member 'DeploymentEventAction.Completed' [/home/lysander/repos/bannou/bannou-service/bannou-service.csproj]
/home/lysander/repos/bannou/bannou-service/Generated/Models/OrchestratorModels.cs(3344,5): warning CS1591: Missing XML comment for publicly visible type or member 'DeploymentEventAction.Failed' [/home/lysander/repos/bannou/bannou-service/bannou-service.csproj]
/home/lysander/repos/bannou/bannou-service/Generated/Models/OrchestratorModels.cs(3347,5): warning CS1591: Missing XML comment for publicly visible type or member 'DeploymentEventAction.TopologyChanged' [/home/lysander/repos/bannou/bannou-service/bannou-service.csproj]
/home/lysander/repos/bannou/bannou-service/Generated/Models/OrchestratorModels.cs(3352,13): warning CS1591: Missing XML comment for publicly visible type or member 'ContainerRestartResponseRestartStrategy' [/home/lysander/repos/bannou/bannou-service/bannou-service.csproj]
/home/lysander/repos/bannou/bannou-service/Generated/Models/OrchestratorModels.cs(3356,5): warning CS1591: Missing XML comment for publicly visible type or member 'ContainerRestartResponseRestartStrategy.Rolling' [/home/lysander/repos/bannou/bannou-service/bannou-service.csproj]
/home/lysander/repos/bannou/bannou-service/Generated/Models/OrchestratorModels.cs(3359,5): warning CS1591: Missing XML comment for publicly visible type or member 'ContainerRestartResponseRestartStrategy.Simultaneous' [/home/lysander/repos/bannou/bannou-service/bannou-service.csproj]
/home/lysander/repos/bannou/bannou-service/Generated/Models/OrchestratorModels.cs(3364,13): warning CS1591: Missing XML comment for publicly visible type or member 'ContainerStatusStatus' [/home/lysander/repos/bannou/bannou-service/bannou-service.csproj]
/home/lysander/repos/bannou/bannou-service/Generated/Models/OrchestratorModels.cs(3368,5): warning CS1591: Missing XML comment for publicly visible type or member 'ContainerStatusStatus.Running' [/home/lysander/repos/bannou/bannou-service/bannou-service.csproj]
/home/lysander/repos/bannou/bannou-service/Generated/Models/OrchestratorModels.cs(3371,5): warning CS1591: Missing XML comment for publicly visible type or member 'ContainerStatusStatus.Starting' [/home/lysander/repos/bannou/bannou-service/bannou-service.csproj]
/home/lysander/repos/bannou/bannou-service/Generated/Models/OrchestratorModels.cs(3374,5): warning CS1591: Missing XML comment for publicly visible type or member 'ContainerStatusStatus.Stopping' [/home/lysander/repos/bannou/bannou-service/bannou-service.csproj]
/home/lysander/repos/bannou/bannou-service/Generated/Models/OrchestratorModels.cs(3377,5): warning CS1591: Missing XML comment for publicly visible type or member 'ContainerStatusStatus.Stopped' [/home/lysander/repos/bannou/bannou-service/bannou-service.csproj]
/home/lysander/repos/bannou/bannou-service/Generated/Models/OrchestratorModels.cs(3380,5): warning CS1591: Missing XML comment for publicly visible type or member 'ContainerStatusStatus.Unhealthy' [/home/lysander/repos/bannou/bannou-service/bannou-service.csproj]
/home/lysander/repos/bannou/bannou-service/Generated/Models/OrchestratorModels.cs(3385,22): warning CS1591: Missing XML comment for publicly visible type or member 'HealthChecks' [/home/lysander/repos/bannou/bannou-service/bannou-service.csproj]
/home/lysander/repos/bannou/bannou-service/Generated/Models/OrchestratorModels.cs(3389,34): warning CS1591: Missing XML comment for publicly visible type or member 'HealthChecks.LastCheck' [/home/lysander/repos/bannou/bannou-service/bannou-service.csproj]
/home/lysander/repos/bannou/bannou-service/Generated/Models/OrchestratorModels.cs(3392,19): warning CS1591: Missing XML comment for publicly visible type or member 'HealthChecks.Status' [/home/lysander/repos/bannou/bannou-service/bannou-service.csproj]
/home/lysander/repos/bannou/bannou-service/Generated/Models/OrchestratorModels.cs(3395,16): warning CS1591: Missing XML comment for publicly visible type or member 'HealthChecks.ConsecutiveFailures' [/home/lysander/repos/bannou/bannou-service/bannou-service.csproj]
/home/lysander/repos/bannou/bannou-service/Generated/Models/OrchestratorModels.cs(3400,68): warning CS1591: Missing XML comment for publicly visible type or member 'HealthChecks.AdditionalProperties' [/home/lysander/repos/bannou/bannou-service/bannou-service.csproj]
/home/lysander/repos/bannou/bannou-service/Generated/Clients/PermissionsClient.cs(19,26): warning CS1591: Missing XML comment for publicly visible type or member 'IPermissionsClient' [/home/lysander/repos/bannou/bannou-service/bannou-service.csproj]
/home/lysander/repos/bannou/bannou-service/Generated/Clients/PermissionsClient.cs(31,92): warning CS1573: Parameter 'body' has no matching param tag in the XML comment for 'IPermissionsClient.GetCapabilitiesAsync(CapabilityRequest, CancellationToken)' (but other parameters do) [/home/lysander/repos/bannou/bannou-service/bannou-service.csproj]
/home/lysander/repos/bannou/bannou-service/Generated/Clients/PermissionsClient.cs(42,94): warning CS1573: Parameter 'body' has no matching param tag in the XML comment for 'IPermissionsClient.ValidateApiAccessAsync(ValidationRequest, CancellationToken)' (but other parameters do) [/home/lysander/repos/bannou/bannou-service/bannou-service.csproj]
/home/lysander/repos/bannou/bannou-service/Generated/Clients/PermissionsClient.cs(53,111): warning CS1573: Parameter 'body' has no matching param tag in the XML comment for 'IPermissionsClient.RegisterServicePermissionsAsync(ServicePermissionMatrix, CancellationToken)' (but other parameters do) [/home/lysander/repos/bannou/bannou-service/bannou-service.csproj]
/home/lysander/repos/bannou/bannou-service/Generated/Clients/PermissionsClient.cs(64,99): warning CS1573: Parameter 'body' has no matching param tag in the XML comment for 'IPermissionsClient.UpdateSessionStateAsync(SessionStateUpdate, CancellationToken)' (but other parameters do) [/home/lysander/repos/bannou/bannou-service/bannou-service.csproj]
/home/lysander/repos/bannou/bannou-service/Generated/Clients/PermissionsClient.cs(75,97): warning CS1573: Parameter 'body' has no matching param tag in the XML comment for 'IPermissionsClient.UpdateSessionRoleAsync(SessionRoleUpdate, CancellationToken)' (but other parameters do) [/home/lysander/repos/bannou/bannou-service/bannou-service.csproj]
/home/lysander/repos/bannou/bannou-service/Generated/Clients/PermissionsClient.cs(88,104): warning CS1573: Parameter 'body' has no matching param tag in the XML comment for 'IPermissionsClient.ClearSessionStateAsync(ClearSessionStateRequest, CancellationToken)' (but other parameters do) [/home/lysander/repos/bannou/bannou-service/bannou-service.csproj]
/home/lysander/repos/bannou/bannou-service/Generated/Clients/PermissionsClient.cs(99,85): warning CS1573: Parameter 'body' has no matching param tag in the XML comment for 'IPermissionsClient.GetSessionInfoAsync(SessionInfoRequest, CancellationToken)' (but other parameters do) [/home/lysander/repos/bannou/bannou-service/bannou-service.csproj]
/home/lysander/repos/bannou/bannou-service/Generated/Clients/PermissionsClient.cs(116,108): warning CS1573: Parameter 'body' has no matching param tag in the XML comment for 'IPermissionsClient.GetRegisteredServicesAsync(ListServicesRequest, CancellationToken)' (but other parameters do) [/home/lysander/repos/bannou/bannou-service/bannou-service.csproj]
/home/lysander/repos/bannou/bannou-service/Generated/Clients/PermissionsClient.cs(120,22): warning CS1591: Missing XML comment for publicly visible type or member 'PermissionsClient' [/home/lysander/repos/bannou/bannou-service/bannou-service.csproj]
/home/lysander/repos/bannou/bannou-service/Generated/Clients/PermissionsClient.cs(140,12): warning CS1591: Missing XML comment for publicly visible type or member 'PermissionsClient.PermissionsClient(IMeshInvocationClient, IServiceAppMappingResolver, ILogger<PermissionsClient>?)' [/home/lysander/repos/bannou/bannou-service/bannou-service.csproj]
/home/lysander/repos/bannou/bannou-service/Generated/Clients/PermissionsClient.cs(148,54): warning CS1591: Missing XML comment for publicly visible type or member 'PermissionsClient.JsonSerializerSettings' [/home/lysander/repos/bannou/bannou-service/bannou-service.csproj]
/home/lysander/repos/bannou/bannou-service/Generated/Clients/PermissionsClient.cs(251,113): warning CS1573: Parameter 'body' has no matching param tag in the XML comment for 'PermissionsClient.GetCapabilitiesAsync(CapabilityRequest, CancellationToken)' (but other parameters do) [/home/lysander/repos/bannou/bannou-service/bannou-service.csproj]
/home/lysander/repos/bannou/bannou-service/Generated/Clients/PermissionsClient.cs(333,115): warning CS1573: Parameter 'body' has no matching param tag in the XML comment for 'PermissionsClient.ValidateApiAccessAsync(ValidationRequest, CancellationToken)' (but other parameters do) [/home/lysander/repos/bannou/bannou-service/bannou-service.csproj]
/home/lysander/repos/bannou/bannou-service/Generated/Clients/PermissionsClient.cs(415,132): warning CS1573: Parameter 'body' has no matching param tag in the XML comment for 'PermissionsClient.RegisterServicePermissionsAsync(ServicePermissionMatrix, CancellationToken)' (but other parameters do) [/home/lysander/repos/bannou/bannou-service/bannou-service.csproj]
/home/lysander/repos/bannou/bannou-service/Generated/Clients/PermissionsClient.cs(497,120): warning CS1573: Parameter 'body' has no matching param tag in the XML comment for 'PermissionsClient.UpdateSessionStateAsync(SessionStateUpdate, CancellationToken)' (but other parameters do) [/home/lysander/repos/bannou/bannou-service/bannou-service.csproj]
/home/lysander/repos/bannou/bannou-service/Generated/Clients/PermissionsClient.cs(579,118): warning CS1573: Parameter 'body' has no matching param tag in the XML comment for 'PermissionsClient.UpdateSessionRoleAsync(SessionRoleUpdate, CancellationToken)' (but other parameters do) [/home/lysander/repos/bannou/bannou-service/bannou-service.csproj]
/home/lysander/repos/bannou/bannou-service/Generated/Clients/PermissionsClient.cs(663,125): warning CS1573: Parameter 'body' has no matching param tag in the XML comment for 'PermissionsClient.ClearSessionStateAsync(ClearSessionStateRequest, CancellationToken)' (but other parameters do) [/home/lysander/repos/bannou/bannou-service/bannou-service.csproj]
/home/lysander/repos/bannou/bannou-service/Generated/Clients/PermissionsClient.cs(745,106): warning CS1573: Parameter 'body' has no matching param tag in the XML comment for 'PermissionsClient.GetSessionInfoAsync(SessionInfoRequest, CancellationToken)' (but other parameters do) [/home/lysander/repos/bannou/bannou-service/bannou-service.csproj]
/home/lysander/repos/bannou/bannou-service/Generated/Clients/PermissionsClient.cs(833,129): warning CS1573: Parameter 'body' has no matching param tag in the XML comment for 'PermissionsClient.GetRegisteredServicesAsync(ListServicesRequest, CancellationToken)' (but other parameters do) [/home/lysander/repos/bannou/bannou-service/bannou-service.csproj]
/home/lysander/repos/bannou/bannou-service/Generated/Clients/PermissionsClient.cs(906,22): warning CS1591: Missing XML comment for publicly visible type or member 'PermissionsClient.ObjectResponseResult<T>' [/home/lysander/repos/bannou/bannou-service/bannou-service.csproj]
/home/lysander/repos/bannou/bannou-service/Generated/Clients/PermissionsClient.cs(908,16): warning CS1591: Missing XML comment for publicly visible type or member 'PermissionsClient.ObjectResponseResult<T>.ObjectResponseResult(T, string)' [/home/lysander/repos/bannou/bannou-service/bannou-service.csproj]
/home/lysander/repos/bannou/bannou-service/Generated/Clients/PermissionsClient.cs(914,18): warning CS1591: Missing XML comment for publicly visible type or member 'PermissionsClient.ObjectResponseResult<T>.Object' [/home/lysander/repos/bannou/bannou-service/bannou-service.csproj]
/home/lysander/repos/bannou/bannou-service/Generated/Clients/PermissionsClient.cs(916,23): warning CS1591: Missing XML comment for publicly visible type or member 'PermissionsClient.ObjectResponseResult<T>.Text' [/home/lysander/repos/bannou/bannou-service/bannou-service.csproj]
/home/lysander/repos/bannou/bannou-service/Generated/Clients/PermissionsClient.cs(939,17): warning CS1591: Missing XML comment for publicly visible type or member 'PermissionsClient.ReadResponseAsString' [/home/lysander/repos/bannou/bannou-service/bannou-service.csproj]
/home/lysander/repos/bannou/bannou-service/Generated/Clients/PermissionsClient.cs(941,86): warning CS1591: Missing XML comment for publicly visible type or member 'PermissionsClient.ReadObjectResponseAsync<T>(HttpResponseMessage, IReadOnlyDictionary<string, IEnumerable<string>>, CancellationToken)' [/home/lysander/repos/bannou/bannou-service/bannou-service.csproj]
/home/lysander/repos/bannou/bannou-service/Generated/Models/PermissionsModels.cs(33,68): warning CS1591: Missing XML comment for publicly visible type or member 'ListServicesRequest.AdditionalProperties' [/home/lysander/repos/bannou/bannou-service/bannou-service.csproj]
/home/lysander/repos/bannou/bannou-service/Generated/Models/PermissionsModels.cs(42,22): warning CS1591: Missing XML comment for publicly visible type or member 'CapabilityRequest' [/home/lysander/repos/bannou/bannou-service/bannou-service.csproj]
/home/lysander/repos/bannou/bannou-service/Generated/Models/PermissionsModels.cs(62,68): warning CS1591: Missing XML comment for publicly visible type or member 'CapabilityRequest.AdditionalProperties' [/home/lysander/repos/bannou/bannou-service/bannou-service.csproj]
/home/lysander/repos/bannou/bannou-service/Generated/Models/PermissionsModels.cs(71,22): warning CS1591: Missing XML comment for publicly visible type or member 'CapabilityResponse' [/home/lysander/repos/bannou/bannou-service/bannou-service.csproj]
/home/lysander/repos/bannou/bannou-service/Generated/Models/PermissionsModels.cs(77,24): warning CS1591: Missing XML comment for publicly visible type or member 'CapabilityResponse.SessionId' [/home/lysander/repos/bannou/bannou-service/bannou-service.csproj]
/home/lysander/repos/bannou/bannou-service/Generated/Models/PermissionsModels.cs(96,68): warning CS1591: Missing XML comment for publicly visible type or member 'CapabilityResponse.AdditionalProperties' [/home/lysander/repos/bannou/bannou-service/bannou-service.csproj]
/home/lysander/repos/bannou/bannou-service/Generated/Models/PermissionsModels.cs(105,22): warning CS1591: Missing XML comment for publicly visible type or member 'ValidationRequest' [/home/lysander/repos/bannou/bannou-service/bannou-service.csproj]
/home/lysander/repos/bannou/bannou-service/Generated/Models/PermissionsModels.cs(111,24): warning CS1591: Missing XML comment for publicly visible type or member 'ValidationRequest.SessionId' [/home/lysander/repos/bannou/bannou-service/bannou-service.csproj]
/home/lysander/repos/bannou/bannou-service/Generated/Models/PermissionsModels.cs(132,68): warning CS1591: Missing XML comment for publicly visible type or member 'ValidationRequest.AdditionalProperties' [/home/lysander/repos/bannou/bannou-service/bannou-service.csproj]
/home/lysander/repos/bannou/bannou-service/Generated/Models/PermissionsModels.cs(141,22): warning CS1591: Missing XML comment for publicly visible type or member 'ValidationResponse' [/home/lysander/repos/bannou/bannou-service/bannou-service.csproj]
/home/lysander/repos/bannou/bannou-service/Generated/Models/PermissionsModels.cs(153,24): warning CS1591: Missing XML comment for publicly visible type or member 'ValidationResponse.SessionId' [/home/lysander/repos/bannou/bannou-service/bannou-service.csproj]
/home/lysander/repos/bannou/bannou-service/Generated/Models/PermissionsModels.cs(164,68): warning CS1591: Missing XML comment for publicly visible type or member 'ValidationResponse.AdditionalProperties' [/home/lysander/repos/bannou/bannou-service/bannou-service.csproj]
/home/lysander/repos/bannou/bannou-service/Generated/Models/PermissionsModels.cs(173,22): warning CS1591: Missing XML comment for publicly visible type or member 'ServicePermissionMatrix' [/home/lysander/repos/bannou/bannou-service/bannou-service.csproj]
/home/lysander/repos/bannou/bannou-service/Generated/Models/PermissionsModels.cs(207,68): warning CS1591: Missing XML comment for publicly visible type or member 'ServicePermissionMatrix.AdditionalProperties' [/home/lysander/repos/bannou/bannou-service/bannou-service.csproj]
/home/lysander/repos/bannou/bannou-service/Generated/Models/PermissionsModels.cs(225,22): warning CS1591: Missing XML comment for publicly visible type or member 'RegistrationResponse' [/home/lysander/repos/bannou/bannou-service/bannou-service.csproj]
/home/lysander/repos/bannou/bannou-service/Generated/Models/PermissionsModels.cs(231,19): warning CS1591: Missing XML comment for publicly visible type or member 'RegistrationResponse.ServiceId' [/home/lysander/repos/bannou/bannou-service/bannou-service.csproj]
/home/lysander/repos/bannou/bannou-service/Generated/Models/PermissionsModels.cs(258,34): warning CS1591: Missing XML comment for publicly visible type or member 'RegistrationResponse.RecompiledAt' [/home/lysander/repos/bannou/bannou-service/bannou-service.csproj]
/home/lysander/repos/bannou/bannou-service/Generated/Models/PermissionsModels.cs(263,68): warning CS1591: Missing XML comment for publicly visible type or member 'RegistrationResponse.AdditionalProperties' [/home/lysander/repos/bannou/bannou-service/bannou-service.csproj]
/home/lysander/repos/bannou/bannou-service/Generated/Models/PermissionsModels.cs(272,22): warning CS1591: Missing XML comment for publicly visible type or member 'SessionStateUpdate' [/home/lysander/repos/bannou/bannou-service/bannou-service.csproj]
/home/lysander/repos/bannou/bannou-service/Generated/Models/PermissionsModels.cs(278,24): warning CS1591: Missing XML comment for publicly visible type or member 'SessionStateUpdate.SessionId' [/home/lysander/repos/bannou/bannou-service/bannou-service.csproj]
/home/lysander/repos/bannou/bannou-service/Generated/Models/PermissionsModels.cs(311,68): warning CS1591: Missing XML comment for publicly visible type or member 'SessionStateUpdate.AdditionalProperties' [/home/lysander/repos/bannou/bannou-service/bannou-service.csproj]
/home/lysander/repos/bannou/bannou-service/Generated/Models/PermissionsModels.cs(320,22): warning CS1591: Missing XML comment for publicly visible type or member 'SessionRoleUpdate' [/home/lysander/repos/bannou/bannou-service/bannou-service.csproj]
/home/lysander/repos/bannou/bannou-service/Generated/Models/PermissionsModels.cs(326,24): warning CS1591: Missing XML comment for publicly visible type or member 'SessionRoleUpdate.SessionId' [/home/lysander/repos/bannou/bannou-service/bannou-service.csproj]
/home/lysander/repos/bannou/bannou-service/Generated/Models/PermissionsModels.cs(345,68): warning CS1591: Missing XML comment for publicly visible type or member 'SessionRoleUpdate.AdditionalProperties' [/home/lysander/repos/bannou/bannou-service/bannou-service.csproj]
/home/lysander/repos/bannou/bannou-service/Generated/Models/PermissionsModels.cs(354,22): warning CS1591: Missing XML comment for publicly visible type or member 'ClearSessionStateRequest' [/home/lysander/repos/bannou/bannou-service/bannou-service.csproj]
/home/lysander/repos/bannou/bannou-service/Generated/Models/PermissionsModels.cs(385,68): warning CS1591: Missing XML comment for publicly visible type or member 'ClearSessionStateRequest.AdditionalProperties' [/home/lysander/repos/bannou/bannou-service/bannou-service.csproj]
/home/lysander/repos/bannou/bannou-service/Generated/Models/PermissionsModels.cs(394,22): warning CS1591: Missing XML comment for publicly visible type or member 'SessionUpdateResponse' [/home/lysander/repos/bannou/bannou-service/bannou-service.csproj]
/home/lysander/repos/bannou/bannou-service/Generated/Models/PermissionsModels.cs(400,24): warning CS1591: Missing XML comment for publicly visible type or member 'SessionUpdateResponse.SessionId' [/home/lysander/repos/bannou/bannou-service/bannou-service.csproj]
/home/lysander/repos/bannou/bannou-service/Generated/Models/PermissionsModels.cs(427,34): warning CS1591: Missing XML comment for publicly visible type or member 'SessionUpdateResponse.UpdatedAt' [/home/lysander/repos/bannou/bannou-service/bannou-service.csproj]
/home/lysander/repos/bannou/bannou-service/Generated/Models/PermissionsModels.cs(432,68): warning CS1591: Missing XML comment for publicly visible type or member 'SessionUpdateResponse.AdditionalProperties' [/home/lysander/repos/bannou/bannou-service/bannou-service.csproj]
/home/lysander/repos/bannou/bannou-service/Generated/Models/PermissionsModels.cs(441,22): warning CS1591: Missing XML comment for publicly visible type or member 'SessionInfoRequest' [/home/lysander/repos/bannou/bannou-service/bannou-service.csproj]
/home/lysander/repos/bannou/bannou-service/Generated/Models/PermissionsModels.cs(447,24): warning CS1591: Missing XML comment for publicly visible type or member 'SessionInfoRequest.SessionId' [/home/lysander/repos/bannou/bannou-service/bannou-service.csproj]
/home/lysander/repos/bannou/bannou-service/Generated/Models/PermissionsModels.cs(452,68): warning CS1591: Missing XML comment for publicly visible type or member 'SessionInfoRequest.AdditionalProperties' [/home/lysander/repos/bannou/bannou-service/bannou-service.csproj]
/home/lysander/repos/bannou/bannou-service/Generated/Models/PermissionsModels.cs(461,22): warning CS1591: Missing XML comment for publicly visible type or member 'SessionInfo' [/home/lysander/repos/bannou/bannou-service/bannou-service.csproj]
/home/lysander/repos/bannou/bannou-service/Generated/Models/PermissionsModels.cs(467,24): warning CS1591: Missing XML comment for publicly visible type or member 'SessionInfo.SessionId' [/home/lysander/repos/bannou/bannou-service/bannou-service.csproj]
/home/lysander/repos/bannou/bannou-service/Generated/Models/PermissionsModels.cs(514,68): warning CS1591: Missing XML comment for publicly visible type or member 'SessionInfo.AdditionalProperties' [/home/lysander/repos/bannou/bannou-service/bannou-service.csproj]
/home/lysander/repos/bannou/bannou-service/Generated/Models/PermissionsModels.cs(523,22): warning CS1591: Missing XML comment for publicly visible type or member 'RegisteredServicesResponse' [/home/lysander/repos/bannou/bannou-service/bannou-service.csproj]
/home/lysander/repos/bannou/bannou-service/Generated/Models/PermissionsModels.cs(545,68): warning CS1591: Missing XML comment for publicly visible type or member 'RegisteredServicesResponse.AdditionalProperties' [/home/lysander/repos/bannou/bannou-service/bannou-service.csproj]
/home/lysander/repos/bannou/bannou-service/Generated/Models/PermissionsModels.cs(554,22): warning CS1591: Missing XML comment for publicly visible type or member 'RegisteredServiceInfo' [/home/lysander/repos/bannou/bannou-service/bannou-service.csproj]
/home/lysander/repos/bannou/bannou-service/Generated/Models/PermissionsModels.cs(594,68): warning CS1591: Missing XML comment for publicly visible type or member 'RegisteredServiceInfo.AdditionalProperties' [/home/lysander/repos/bannou/bannou-service/bannou-service.csproj]
/home/lysander/repos/bannou/bannou-service/Generated/Clients/RealmClient.cs(19,26): warning CS1591: Missing XML comment for publicly visible type or member 'IRealmClient' [/home/lysander/repos/bannou/bannou-service/bannou-service.csproj]
/home/lysander/repos/bannou/bannou-service/Generated/Clients/RealmClient.cs(28,78): warning CS1573: Parameter 'body' has no matching param tag in the XML comment for 'IRealmClient.GetRealmAsync(GetRealmRequest, CancellationToken)' (but other parameters do) [/home/lysander/repos/bannou/bannou-service/bannou-service.csproj]
/home/lysander/repos/bannou/bannou-service/Generated/Clients/RealmClient.cs(39,90): warning CS1573: Parameter 'body' has no matching param tag in the XML comment for 'IRealmClient.GetRealmByCodeAsync(GetRealmByCodeRequest, CancellationToken)' (but other parameters do) [/home/lysander/repos/bannou/bannou-service/bannou-service.csproj]
/home/lysander/repos/bannou/bannou-service/Generated/Clients/RealmClient.cs(50,86): warning CS1573: Parameter 'body' has no matching param tag in the XML comment for 'IRealmClient.ListRealmsAsync(ListRealmsRequest, CancellationToken)' (but other parameters do) [/home/lysander/repos/bannou/bannou-service/bannou-service.csproj]
/home/lysander/repos/bannou/bannou-service/Generated/Clients/RealmClient.cs(58,84): warning CS1573: Parameter 'body' has no matching param tag in the XML comment for 'IRealmClient.CreateRealmAsync(CreateRealmRequest, CancellationToken)' (but other parameters do) [/home/lysander/repos/bannou/bannou-service/bannou-service.csproj]
/home/lysander/repos/bannou/bannou-service/Generated/Clients/RealmClient.cs(66,84): warning CS1573: Parameter 'body' has no matching param tag in the XML comment for 'IRealmClient.UpdateRealmAsync(UpdateRealmRequest, CancellationToken)' (but other parameters do) [/home/lysander/repos/bannou/bannou-service/bannou-service.csproj]
/home/lysander/repos/bannou/bannou-service/Generated/Clients/RealmClient.cs(80,69): warning CS1573: Parameter 'body' has no matching param tag in the XML comment for 'IRealmClient.DeleteRealmAsync(DeleteRealmRequest, CancellationToken)' (but other parameters do) [/home/lysander/repos/bannou/bannou-service/bannou-service.csproj]
/home/lysander/repos/bannou/bannou-service/Generated/Clients/RealmClient.cs(95,90): warning CS1573: Parameter 'body' has no matching param tag in the XML comment for 'IRealmClient.DeprecateRealmAsync(DeprecateRealmRequest, CancellationToken)' (but other parameters do) [/home/lysander/repos/bannou/bannou-service/bannou-service.csproj]
/home/lysander/repos/bannou/bannou-service/Generated/Clients/RealmClient.cs(107,94): warning CS1573: Parameter 'body' has no matching param tag in the XML comment for 'IRealmClient.UndeprecateRealmAsync(UndeprecateRealmRequest, CancellationToken)' (but other parameters do) [/home/lysander/repos/bannou/bannou-service/bannou-service.csproj]
/home/lysander/repos/bannou/bannou-service/Generated/Clients/RealmClient.cs(119,90): warning CS1573: Parameter 'body' has no matching param tag in the XML comment for 'IRealmClient.RealmExistsAsync(RealmExistsRequest, CancellationToken)' (but other parameters do) [/home/lysander/repos/bannou/bannou-service/bannou-service.csproj]
/home/lysander/repos/bannou/bannou-service/Generated/Clients/RealmClient.cs(132,87): warning CS1573: Parameter 'body' has no matching param tag in the XML comment for 'IRealmClient.SeedRealmsAsync(SeedRealmsRequest, CancellationToken)' (but other parameters do) [/home/lysander/repos/bannou/bannou-service/bannou-service.csproj]
/home/lysander/repos/bannou/bannou-service/Generated/Clients/RealmClient.cs(136,22): warning CS1591: Missing XML comment for publicly visible type or member 'RealmClient' [/home/lysander/repos/bannou/bannou-service/bannou-service.csproj]
/home/lysander/repos/bannou/bannou-service/Generated/Clients/RealmClient.cs(156,12): warning CS1591: Missing XML comment for publicly visible type or member 'RealmClient.RealmClient(IMeshInvocationClient, IServiceAppMappingResolver, ILogger<RealmClient>?)' [/home/lysander/repos/bannou/bannou-service/bannou-service.csproj]
/home/lysander/repos/bannou/bannou-service/Generated/Clients/RealmClient.cs(164,54): warning CS1591: Missing XML comment for publicly visible type or member 'RealmClient.JsonSerializerSettings' [/home/lysander/repos/bannou/bannou-service/bannou-service.csproj]
/home/lysander/repos/bannou/bannou-service/Generated/Clients/RealmClient.cs(264,99): warning CS1573: Parameter 'body' has no matching param tag in the XML comment for 'RealmClient.GetRealmAsync(GetRealmRequest, CancellationToken)' (but other parameters do) [/home/lysander/repos/bannou/bannou-service/bannou-service.csproj]
/home/lysander/repos/bannou/bannou-service/Generated/Clients/RealmClient.cs(352,111): warning CS1573: Parameter 'body' has no matching param tag in the XML comment for 'RealmClient.GetRealmByCodeAsync(GetRealmByCodeRequest, CancellationToken)' (but other parameters do) [/home/lysander/repos/bannou/bannou-service/bannou-service.csproj]
/home/lysander/repos/bannou/bannou-service/Generated/Clients/RealmClient.cs(440,107): warning CS1573: Parameter 'body' has no matching param tag in the XML comment for 'RealmClient.ListRealmsAsync(ListRealmsRequest, CancellationToken)' (but other parameters do) [/home/lysander/repos/bannou/bannou-service/bannou-service.csproj]
/home/lysander/repos/bannou/bannou-service/Generated/Clients/RealmClient.cs(519,105): warning CS1573: Parameter 'body' has no matching param tag in the XML comment for 'RealmClient.CreateRealmAsync(CreateRealmRequest, CancellationToken)' (but other parameters do) [/home/lysander/repos/bannou/bannou-service/bannou-service.csproj]
/home/lysander/repos/bannou/bannou-service/Generated/Clients/RealmClient.cs(610,105): warning CS1573: Parameter 'body' has no matching param tag in the XML comment for 'RealmClient.UpdateRealmAsync(UpdateRealmRequest, CancellationToken)' (but other parameters do) [/home/lysander/repos/bannou/bannou-service/bannou-service.csproj]
/home/lysander/repos/bannou/bannou-service/Generated/Clients/RealmClient.cs(707,90): warning CS1573: Parameter 'body' has no matching param tag in the XML comment for 'RealmClient.DeleteRealmAsync(DeleteRealmRequest, CancellationToken)' (but other parameters do) [/home/lysander/repos/bannou/bannou-service/bannou-service.csproj]
/home/lysander/repos/bannou/bannou-service/Generated/Clients/RealmClient.cs(799,111): warning CS1573: Parameter 'body' has no matching param tag in the XML comment for 'RealmClient.DeprecateRealmAsync(DeprecateRealmRequest, CancellationToken)' (but other parameters do) [/home/lysander/repos/bannou/bannou-service/bannou-service.csproj]
/home/lysander/repos/bannou/bannou-service/Generated/Clients/RealmClient.cs(894,115): warning CS1573: Parameter 'body' has no matching param tag in the XML comment for 'RealmClient.UndeprecateRealmAsync(UndeprecateRealmRequest, CancellationToken)' (but other parameters do) [/home/lysander/repos/bannou/bannou-service/bannou-service.csproj]
/home/lysander/repos/bannou/bannou-service/Generated/Clients/RealmClient.cs(989,111): warning CS1573: Parameter 'body' has no matching param tag in the XML comment for 'RealmClient.RealmExistsAsync(RealmExistsRequest, CancellationToken)' (but other parameters do) [/home/lysander/repos/bannou/bannou-service/bannou-service.csproj]
/home/lysander/repos/bannou/bannou-service/Generated/Clients/RealmClient.cs(1073,108): warning CS1573: Parameter 'body' has no matching param tag in the XML comment for 'RealmClient.SeedRealmsAsync(SeedRealmsRequest, CancellationToken)' (but other parameters do) [/home/lysander/repos/bannou/bannou-service/bannou-service.csproj]
/home/lysander/repos/bannou/bannou-service/Generated/Clients/RealmClient.cs(1152,22): warning CS1591: Missing XML comment for publicly visible type or member 'RealmClient.ObjectResponseResult<T>' [/home/lysander/repos/bannou/bannou-service/bannou-service.csproj]
/home/lysander/repos/bannou/bannou-service/Generated/Clients/RealmClient.cs(1154,16): warning CS1591: Missing XML comment for publicly visible type or member 'RealmClient.ObjectResponseResult<T>.ObjectResponseResult(T, string)' [/home/lysander/repos/bannou/bannou-service/bannou-service.csproj]
/home/lysander/repos/bannou/bannou-service/Generated/Clients/RealmClient.cs(1160,18): warning CS1591: Missing XML comment for publicly visible type or member 'RealmClient.ObjectResponseResult<T>.Object' [/home/lysander/repos/bannou/bannou-service/bannou-service.csproj]
/home/lysander/repos/bannou/bannou-service/Generated/Clients/RealmClient.cs(1162,23): warning CS1591: Missing XML comment for publicly visible type or member 'RealmClient.ObjectResponseResult<T>.Text' [/home/lysander/repos/bannou/bannou-service/bannou-service.csproj]
/home/lysander/repos/bannou/bannou-service/Generated/Clients/RealmClient.cs(1185,17): warning CS1591: Missing XML comment for publicly visible type or member 'RealmClient.ReadResponseAsString' [/home/lysander/repos/bannou/bannou-service/bannou-service.csproj]
/home/lysander/repos/bannou/bannou-service/Generated/Clients/RealmClient.cs(1187,86): warning CS1591: Missing XML comment for publicly visible type or member 'RealmClient.ReadObjectResponseAsync<T>(HttpResponseMessage, IReadOnlyDictionary<string, IEnumerable<string>>, CancellationToken)' [/home/lysander/repos/bannou/bannou-service/bannou-service.csproj]
/home/lysander/repos/bannou/bannou-service/Generated/Models/RealmModels.cs(18,22): warning CS1591: Missing XML comment for publicly visible type or member 'GetRealmRequest' [/home/lysander/repos/bannou/bannou-service/bannou-service.csproj]
/home/lysander/repos/bannou/bannou-service/Generated/Models/RealmModels.cs(32,68): warning CS1591: Missing XML comment for publicly visible type or member 'GetRealmRequest.AdditionalProperties' [/home/lysander/repos/bannou/bannou-service/bannou-service.csproj]
/home/lysander/repos/bannou/bannou-service/Generated/Models/RealmModels.cs(41,22): warning CS1591: Missing XML comment for publicly visible type or member 'GetRealmByCodeRequest' [/home/lysander/repos/bannou/bannou-service/bannou-service.csproj]
/home/lysander/repos/bannou/bannou-service/Generated/Models/RealmModels.cs(57,68): warning CS1591: Missing XML comment for publicly visible type or member 'GetRealmByCodeRequest.AdditionalProperties' [/home/lysander/repos/bannou/bannou-service/bannou-service.csproj]
/home/lysander/repos/bannou/bannou-service/Generated/Models/RealmModels.cs(66,22): warning CS1591: Missing XML comment for publicly visible type or member 'ListRealmsRequest' [/home/lysander/repos/bannou/bannou-service/bannou-service.csproj]
/home/lysander/repos/bannou/bannou-service/Generated/Models/RealmModels.cs(89,16): warning CS1591: Missing XML comment for publicly visible type or member 'ListRealmsRequest.Page' [/home/lysander/repos/bannou/bannou-service/bannou-service.csproj]
/home/lysander/repos/bannou/bannou-service/Generated/Models/RealmModels.cs(93,16): warning CS1591: Missing XML comment for publicly visible type or member 'ListRealmsRequest.PageSize' [/home/lysander/repos/bannou/bannou-service/bannou-service.csproj]
/home/lysander/repos/bannou/bannou-service/Generated/Models/RealmModels.cs(98,68): warning CS1591: Missing XML comment for publicly visible type or member 'ListRealmsRequest.AdditionalProperties' [/home/lysander/repos/bannou/bannou-service/bannou-service.csproj]
/home/lysander/repos/bannou/bannou-service/Generated/Models/RealmModels.cs(107,22): warning CS1591: Missing XML comment for publicly visible type or member 'CreateRealmRequest' [/home/lysander/repos/bannou/bannou-service/bannou-service.csproj]
/home/lysander/repos/bannou/bannou-service/Generated/Models/RealmModels.cs(158,68): warning CS1591: Missing XML comment for publicly visible type or member 'CreateRealmRequest.AdditionalProperties' [/home/lysander/repos/bannou/bannou-service/bannou-service.csproj]
/home/lysander/repos/bannou/bannou-service/Generated/Models/RealmModels.cs(167,22): warning CS1591: Missing XML comment for publicly visible type or member 'UpdateRealmRequest' [/home/lysander/repos/bannou/bannou-service/bannou-service.csproj]
/home/lysander/repos/bannou/bannou-service/Generated/Models/RealmModels.cs(214,68): warning CS1591: Missing XML comment for publicly visible type or member 'UpdateRealmRequest.AdditionalProperties' [/home/lysander/repos/bannou/bannou-service/bannou-service.csproj]
/home/lysander/repos/bannou/bannou-service/Generated/Models/RealmModels.cs(223,22): warning CS1591: Missing XML comment for publicly visible type or member 'DeleteRealmRequest' [/home/lysander/repos/bannou/bannou-service/bannou-service.csproj]
/home/lysander/repos/bannou/bannou-service/Generated/Models/RealmModels.cs(237,68): warning CS1591: Missing XML comment for publicly visible type or member 'DeleteRealmRequest.AdditionalProperties' [/home/lysander/repos/bannou/bannou-service/bannou-service.csproj]
/home/lysander/repos/bannou/bannou-service/Generated/Models/RealmModels.cs(246,22): warning CS1591: Missing XML comment for publicly visible type or member 'DeprecateRealmRequest' [/home/lysander/repos/bannou/bannou-service/bannou-service.csproj]
/home/lysander/repos/bannou/bannou-service/Generated/Models/RealmModels.cs(267,68): warning CS1591: Missing XML comment for publicly visible type or member 'DeprecateRealmRequest.AdditionalProperties' [/home/lysander/repos/bannou/bannou-service/bannou-service.csproj]
/home/lysander/repos/bannou/bannou-service/Generated/Models/RealmModels.cs(276,22): warning CS1591: Missing XML comment for publicly visible type or member 'UndeprecateRealmRequest' [/home/lysander/repos/bannou/bannou-service/bannou-service.csproj]
/home/lysander/repos/bannou/bannou-service/Generated/Models/RealmModels.cs(290,68): warning CS1591: Missing XML comment for publicly visible type or member 'UndeprecateRealmRequest.AdditionalProperties' [/home/lysander/repos/bannou/bannou-service/bannou-service.csproj]
/home/lysander/repos/bannou/bannou-service/Generated/Models/RealmModels.cs(299,22): warning CS1591: Missing XML comment for publicly visible type or member 'RealmExistsRequest' [/home/lysander/repos/bannou/bannou-service/bannou-service.csproj]
/home/lysander/repos/bannou/bannou-service/Generated/Models/RealmModels.cs(313,68): warning CS1591: Missing XML comment for publicly visible type or member 'RealmExistsRequest.AdditionalProperties' [/home/lysander/repos/bannou/bannou-service/bannou-service.csproj]
/home/lysander/repos/bannou/bannou-service/Generated/Models/RealmModels.cs(322,22): warning CS1591: Missing XML comment for publicly visible type or member 'RealmExistsResponse' [/home/lysander/repos/bannou/bannou-service/bannou-service.csproj]
/home/lysander/repos/bannou/bannou-service/Generated/Models/RealmModels.cs(346,68): warning CS1591: Missing XML comment for publicly visible type or member 'RealmExistsResponse.AdditionalProperties' [/home/lysander/repos/bannou/bannou-service/bannou-service.csproj]
/home/lysander/repos/bannou/bannou-service/Generated/Models/RealmModels.cs(355,22): warning CS1591: Missing XML comment for publicly visible type or member 'SeedRealmsRequest' [/home/lysander/repos/bannou/bannou-service/bannou-service.csproj]
/home/lysander/repos/bannou/bannou-service/Generated/Models/RealmModels.cs(375,68): warning CS1591: Missing XML comment for publicly visible type or member 'SeedRealmsRequest.AdditionalProperties' [/home/lysander/repos/bannou/bannou-service/bannou-service.csproj]
/home/lysander/repos/bannou/bannou-service/Generated/Models/RealmModels.cs(384,22): warning CS1591: Missing XML comment for publicly visible type or member 'SeedRealm' [/home/lysander/repos/bannou/bannou-service/bannou-service.csproj]
/home/lysander/repos/bannou/bannou-service/Generated/Models/RealmModels.cs(416,17): warning CS1591: Missing XML comment for publicly visible type or member 'SeedRealm.IsActive' [/home/lysander/repos/bannou/bannou-service/bannou-service.csproj]
/home/lysander/repos/bannou/bannou-service/Generated/Models/RealmModels.cs(419,20): warning CS1591: Missing XML comment for publicly visible type or member 'SeedRealm.Metadata' [/home/lysander/repos/bannou/bannou-service/bannou-service.csproj]
/home/lysander/repos/bannou/bannou-service/Generated/Models/RealmModels.cs(424,68): warning CS1591: Missing XML comment for publicly visible type or member 'SeedRealm.AdditionalProperties' [/home/lysander/repos/bannou/bannou-service/bannou-service.csproj]
/home/lysander/repos/bannou/bannou-service/Generated/Models/RealmModels.cs(433,22): warning CS1591: Missing XML comment for publicly visible type or member 'RealmResponse' [/home/lysander/repos/bannou/bannou-service/bannou-service.csproj]
/home/lysander/repos/bannou/bannou-service/Generated/Models/RealmModels.cs(439,24): warning CS1591: Missing XML comment for publicly visible type or member 'RealmResponse.RealmId' [/home/lysander/repos/bannou/bannou-service/bannou-service.csproj]
/home/lysander/repos/bannou/bannou-service/Generated/Models/RealmModels.cs(444,19): warning CS1591: Missing XML comment for publicly visible type or member 'RealmResponse.Code' [/home/lysander/repos/bannou/bannou-service/bannou-service.csproj]
/home/lysander/repos/bannou/bannou-service/Generated/Models/RealmModels.cs(449,19): warning CS1591: Missing XML comment for publicly visible type or member 'RealmResponse.Name' [/home/lysander/repos/bannou/bannou-service/bannou-service.csproj]
/home/lysander/repos/bannou/bannou-service/Generated/Models/RealmModels.cs(452,20): warning CS1591: Missing XML comment for publicly visible type or member 'RealmResponse.Description' [/home/lysander/repos/bannou/bannou-service/bannou-service.csproj]
/home/lysander/repos/bannou/bannou-service/Generated/Models/RealmModels.cs(455,20): warning CS1591: Missing XML comment for publicly visible type or member 'RealmResponse.Category' [/home/lysander/repos/bannou/bannou-service/bannou-service.csproj]
/home/lysander/repos/bannou/bannou-service/Generated/Models/RealmModels.cs(458,17): warning CS1591: Missing XML comment for publicly visible type or member 'RealmResponse.IsActive' [/home/lysander/repos/bannou/bannou-service/bannou-service.csproj]
/home/lysander/repos/bannou/bannou-service/Generated/Models/RealmModels.cs(479,20): warning CS1591: Missing XML comment for publicly visible type or member 'RealmResponse.Metadata' [/home/lysander/repos/bannou/bannou-service/bannou-service.csproj]
/home/lysander/repos/bannou/bannou-service/Generated/Models/RealmModels.cs(484,34): warning CS1591: Missing XML comment for publicly visible type or member 'RealmResponse.CreatedAt' [/home/lysander/repos/bannou/bannou-service/bannou-service.csproj]
/home/lysander/repos/bannou/bannou-service/Generated/Models/RealmModels.cs(489,34): warning CS1591: Missing XML comment for publicly visible type or member 'RealmResponse.UpdatedAt' [/home/lysander/repos/bannou/bannou-service/bannou-service.csproj]
/home/lysander/repos/bannou/bannou-service/Generated/Models/RealmModels.cs(494,68): warning CS1591: Missing XML comment for publicly visible type or member 'RealmResponse.AdditionalProperties' [/home/lysander/repos/bannou/bannou-service/bannou-service.csproj]
/home/lysander/repos/bannou/bannou-service/Generated/Models/RealmModels.cs(503,22): warning CS1591: Missing XML comment for publicly visible type or member 'RealmListResponse' [/home/lysander/repos/bannou/bannou-service/bannou-service.csproj]
/home/lysander/repos/bannou/bannou-service/Generated/Models/RealmModels.cs(509,66): warning CS1591: Missing XML comment for publicly visible type or member 'RealmListResponse.Realms' [/home/lysander/repos/bannou/bannou-service/bannou-service.csproj]
/home/lysander/repos/bannou/bannou-service/Generated/Models/RealmModels.cs(512,16): warning CS1591: Missing XML comment for publicly visible type or member 'RealmListResponse.TotalCount' [/home/lysander/repos/bannou/bannou-service/bannou-service.csproj]
/home/lysander/repos/bannou/bannou-service/Generated/Models/RealmModels.cs(515,16): warning CS1591: Missing XML comment for publicly visible type or member 'RealmListResponse.Page' [/home/lysander/repos/bannou/bannou-service/bannou-service.csproj]
/home/lysander/repos/bannou/bannou-service/Generated/Models/RealmModels.cs(518,16): warning CS1591: Missing XML comment for publicly visible type or member 'RealmListResponse.PageSize' [/home/lysander/repos/bannou/bannou-service/bannou-service.csproj]
/home/lysander/repos/bannou/bannou-service/Generated/Models/RealmModels.cs(521,17): warning CS1591: Missing XML comment for publicly visible type or member 'RealmListResponse.HasNextPage' [/home/lysander/repos/bannou/bannou-service/bannou-service.csproj]
/home/lysander/repos/bannou/bannou-service/Generated/Models/RealmModels.cs(524,17): warning CS1591: Missing XML comment for publicly visible type or member 'RealmListResponse.HasPreviousPage' [/home/lysander/repos/bannou/bannou-service/bannou-service.csproj]
/home/lysander/repos/bannou/bannou-service/Generated/Models/RealmModels.cs(529,68): warning CS1591: Missing XML comment for publicly visible type or member 'RealmListResponse.AdditionalProperties' [/home/lysander/repos/bannou/bannou-service/bannou-service.csproj]
/home/lysander/repos/bannou/bannou-service/Generated/Models/RealmModels.cs(538,22): warning CS1591: Missing XML comment for publicly visible type or member 'SeedRealmsResponse' [/home/lysander/repos/bannou/bannou-service/bannou-service.csproj]
/home/lysander/repos/bannou/bannou-service/Generated/Models/RealmModels.cs(570,68): warning CS1591: Missing XML comment for publicly visible type or member 'SeedRealmsResponse.AdditionalProperties' [/home/lysander/repos/bannou/bannou-service/bannou-service.csproj]
/home/lysander/repos/bannou/bannou-service/Generated/Clients/RelationshipClient.cs(19,26): warning CS1591: Missing XML comment for publicly visible type or member 'IRelationshipClient' [/home/lysander/repos/bannou/bannou-service/bannou-service.csproj]
/home/lysander/repos/bannou/bannou-service/Generated/Clients/RelationshipClient.cs(33,105): warning CS1573: Parameter 'body' has no matching param tag in the XML comment for 'IRelationshipClient.CreateRelationshipAsync(CreateRelationshipRequest, CancellationToken)' (but other parameters do) [/home/lysander/repos/bannou/bannou-service/bannou-service.csproj]
/home/lysander/repos/bannou/bannou-service/Generated/Clients/RelationshipClient.cs(41,99): warning CS1573: Parameter 'body' has no matching param tag in the XML comment for 'IRelationshipClient.GetRelationshipAsync(GetRelationshipRequest, CancellationToken)' (but other parameters do) [/home/lysander/repos/bannou/bannou-service/bannou-service.csproj]
/home/lysander/repos/bannou/bannou-service/Generated/Clients/RelationshipClient.cs(54,123): warning CS1573: Parameter 'body' has no matching param tag in the XML comment for 'IRelationshipClient.ListRelationshipsByEntityAsync(ListRelationshipsByEntityRequest, CancellationToken)' (but other parameters do) [/home/lysander/repos/bannou/bannou-service/bannou-service.csproj]
/home/lysander/repos/bannou/bannou-service/Generated/Clients/RelationshipClient.cs(66,119): warning CS1573: Parameter 'body' has no matching param tag in the XML comment for 'IRelationshipClient.GetRelationshipsBetweenAsync(GetRelationshipsBetweenRequest, CancellationToken)' (but other parameters do) [/home/lysander/repos/bannou/bannou-service/bannou-service.csproj]
/home/lysander/repos/bannou/bannou-service/Generated/Clients/RelationshipClient.cs(78,119): warning CS1573: Parameter 'body' has no matching param tag in the XML comment for 'IRelationshipClient.ListRelationshipsByTypeAsync(ListRelationshipsByTypeRequest, CancellationToken)' (but other parameters do) [/home/lysander/repos/bannou/bannou-service/bannou-service.csproj]
/home/lysander/repos/bannou/bannou-service/Generated/Clients/RelationshipClient.cs(89,105): warning CS1573: Parameter 'body' has no matching param tag in the XML comment for 'IRelationshipClient.UpdateRelationshipAsync(UpdateRelationshipRequest, CancellationToken)' (but other parameters do) [/home/lysander/repos/bannou/bannou-service/bannou-service.csproj]
/home/lysander/repos/bannou/bannou-service/Generated/Clients/RelationshipClient.cs(103,77): warning CS1573: Parameter 'body' has no matching param tag in the XML comment for 'IRelationshipClient.EndRelationshipAsync(EndRelationshipRequest, CancellationToken)' (but other parameters do) [/home/lysander/repos/bannou/bannou-service/bannou-service.csproj]
/home/lysander/repos/bannou/bannou-service/Generated/Clients/RelationshipClient.cs(107,22): warning CS1591: Missing XML comment for publicly visible type or member 'RelationshipClient' [/home/lysander/repos/bannou/bannou-service/bannou-service.csproj]
/home/lysander/repos/bannou/bannou-service/Generated/Clients/RelationshipClient.cs(127,12): warning CS1591: Missing XML comment for publicly visible type or member 'RelationshipClient.RelationshipClient(IMeshInvocationClient, IServiceAppMappingResolver, ILogger<RelationshipClient>?)' [/home/lysander/repos/bannou/bannou-service/bannou-service.csproj]
/home/lysander/repos/bannou/bannou-service/Generated/Clients/RelationshipClient.cs(135,54): warning CS1591: Missing XML comment for publicly visible type or member 'RelationshipClient.JsonSerializerSettings' [/home/lysander/repos/bannou/bannou-service/bannou-service.csproj]
/home/lysander/repos/bannou/bannou-service/Generated/Clients/RelationshipClient.cs(240,126): warning CS1573: Parameter 'body' has no matching param tag in the XML comment for 'RelationshipClient.CreateRelationshipAsync(CreateRelationshipRequest, CancellationToken)' (but other parameters do) [/home/lysander/repos/bannou/bannou-service/bannou-service.csproj]
/home/lysander/repos/bannou/bannou-service/Generated/Clients/RelationshipClient.cs(331,120): warning CS1573: Parameter 'body' has no matching param tag in the XML comment for 'RelationshipClient.GetRelationshipAsync(GetRelationshipRequest, CancellationToken)' (but other parameters do) [/home/lysander/repos/bannou/bannou-service/bannou-service.csproj]
/home/lysander/repos/bannou/bannou-service/Generated/Clients/RelationshipClient.cs(421,144): warning CS1573: Parameter 'body' has no matching param tag in the XML comment for 'RelationshipClient.ListRelationshipsByEntityAsync(ListRelationshipsByEntityRequest, CancellationToken)' (but other parameters do) [/home/lysander/repos/bannou/bannou-service/bannou-service.csproj]
/home/lysander/repos/bannou/bannou-service/Generated/Clients/RelationshipClient.cs(504,140): warning CS1573: Parameter 'body' has no matching param tag in the XML comment for 'RelationshipClient.GetRelationshipsBetweenAsync(GetRelationshipsBetweenRequest, CancellationToken)' (but other parameters do) [/home/lysander/repos/bannou/bannou-service/bannou-service.csproj]
/home/lysander/repos/bannou/bannou-service/Generated/Clients/RelationshipClient.cs(587,140): warning CS1573: Parameter 'body' has no matching param tag in the XML comment for 'RelationshipClient.ListRelationshipsByTypeAsync(ListRelationshipsByTypeRequest, CancellationToken)' (but other parameters do) [/home/lysander/repos/bannou/bannou-service/bannou-service.csproj]
/home/lysander/repos/bannou/bannou-service/Generated/Clients/RelationshipClient.cs(669,126): warning CS1573: Parameter 'body' has no matching param tag in the XML comment for 'RelationshipClient.UpdateRelationshipAsync(UpdateRelationshipRequest, CancellationToken)' (but other parameters do) [/home/lysander/repos/bannou/bannou-service/bannou-service.csproj]
/home/lysander/repos/bannou/bannou-service/Generated/Clients/RelationshipClient.cs(760,98): warning CS1573: Parameter 'body' has no matching param tag in the XML comment for 'RelationshipClient.EndRelationshipAsync(EndRelationshipRequest, CancellationToken)' (but other parameters do) [/home/lysander/repos/bannou/bannou-service/bannou-service.csproj]
/home/lysander/repos/bannou/bannou-service/Generated/Clients/RelationshipClient.cs(833,22): warning CS1591: Missing XML comment for publicly visible type or member 'RelationshipClient.ObjectResponseResult<T>' [/home/lysander/repos/bannou/bannou-service/bannou-service.csproj]
/home/lysander/repos/bannou/bannou-service/Generated/Clients/RelationshipClient.cs(835,16): warning CS1591: Missing XML comment for publicly visible type or member 'RelationshipClient.ObjectResponseResult<T>.ObjectResponseResult(T, string)' [/home/lysander/repos/bannou/bannou-service/bannou-service.csproj]
/home/lysander/repos/bannou/bannou-service/Generated/Clients/RelationshipClient.cs(841,18): warning CS1591: Missing XML comment for publicly visible type or member 'RelationshipClient.ObjectResponseResult<T>.Object' [/home/lysander/repos/bannou/bannou-service/bannou-service.csproj]
/home/lysander/repos/bannou/bannou-service/Generated/Clients/RelationshipClient.cs(843,23): warning CS1591: Missing XML comment for publicly visible type or member 'RelationshipClient.ObjectResponseResult<T>.Text' [/home/lysander/repos/bannou/bannou-service/bannou-service.csproj]
/home/lysander/repos/bannou/bannou-service/Generated/Clients/RelationshipClient.cs(866,17): warning CS1591: Missing XML comment for publicly visible type or member 'RelationshipClient.ReadResponseAsString' [/home/lysander/repos/bannou/bannou-service/bannou-service.csproj]
/home/lysander/repos/bannou/bannou-service/Generated/Clients/RelationshipClient.cs(868,86): warning CS1591: Missing XML comment for publicly visible type or member 'RelationshipClient.ReadObjectResponseAsync<T>(HttpResponseMessage, IReadOnlyDictionary<string, IEnumerable<string>>, CancellationToken)' [/home/lysander/repos/bannou/bannou-service/bannou-service.csproj]
/home/lysander/repos/bannou/bannou-service/Generated/Models/RelationshipModels.cs(35,5): warning CS1591: Missing XML comment for publicly visible type or member 'EntityType.CHARACTER' [/home/lysander/repos/bannou/bannou-service/bannou-service.csproj]
/home/lysander/repos/bannou/bannou-service/Generated/Models/RelationshipModels.cs(38,5): warning CS1591: Missing XML comment for publicly visible type or member 'EntityType.NPC' [/home/lysander/repos/bannou/bannou-service/bannou-service.csproj]
/home/lysander/repos/bannou/bannou-service/Generated/Models/RelationshipModels.cs(41,5): warning CS1591: Missing XML comment for publicly visible type or member 'EntityType.MONSTER' [/home/lysander/repos/bannou/bannou-service/bannou-service.csproj]
/home/lysander/repos/bannou/bannou-service/Generated/Models/RelationshipModels.cs(44,5): warning CS1591: Missing XML comment for publicly visible type or member 'EntityType.ITEM' [/home/lysander/repos/bannou/bannou-service/bannou-service.csproj]
/home/lysander/repos/bannou/bannou-service/Generated/Models/RelationshipModels.cs(47,5): warning CS1591: Missing XML comment for publicly visible type or member 'EntityType.LOCATION' [/home/lysander/repos/bannou/bannou-service/bannou-service.csproj]
/home/lysander/repos/bannou/bannou-service/Generated/Models/RelationshipModels.cs(50,5): warning CS1591: Missing XML comment for publicly visible type or member 'EntityType.ORGANIZATION' [/home/lysander/repos/bannou/bannou-service/bannou-service.csproj]
/home/lysander/repos/bannou/bannou-service/Generated/Models/RelationshipModels.cs(53,5): warning CS1591: Missing XML comment for publicly visible type or member 'EntityType.FACTION' [/home/lysander/repos/bannou/bannou-service/bannou-service.csproj]
/home/lysander/repos/bannou/bannou-service/Generated/Models/RelationshipModels.cs(56,5): warning CS1591: Missing XML comment for publicly visible type or member 'EntityType.REALM' [/home/lysander/repos/bannou/bannou-service/bannou-service.csproj]
/home/lysander/repos/bannou/bannou-service/Generated/Models/RelationshipModels.cs(59,5): warning CS1591: Missing XML comment for publicly visible type or member 'EntityType.OTHER' [/home/lysander/repos/bannou/bannou-service/bannou-service.csproj]
/home/lysander/repos/bannou/bannou-service/Generated/Models/RelationshipModels.cs(64,22): warning CS1591: Missing XML comment for publicly visible type or member 'CreateRelationshipRequest' [/home/lysander/repos/bannou/bannou-service/bannou-service.csproj]
/home/lysander/repos/bannou/bannou-service/Generated/Models/RelationshipModels.cs(79,23): warning CS1591: Missing XML comment for publicly visible type or member 'CreateRelationshipRequest.Entity1Type' [/home/lysander/repos/bannou/bannou-service/bannou-service.csproj]
/home/lysander/repos/bannou/bannou-service/Generated/Models/RelationshipModels.cs(93,23): warning CS1591: Missing XML comment for publicly visible type or member 'CreateRelationshipRequest.Entity2Type' [/home/lysander/repos/bannou/bannou-service/bannou-service.csproj]
/home/lysander/repos/bannou/bannou-service/Generated/Models/RelationshipModels.cs(120,68): warning CS1591: Missing XML comment for publicly visible type or member 'CreateRelationshipRequest.AdditionalProperties' [/home/lysander/repos/bannou/bannou-service/bannou-service.csproj]
/home/lysander/repos/bannou/bannou-service/Generated/Models/RelationshipModels.cs(129,22): warning CS1591: Missing XML comment for publicly visible type or member 'GetRelationshipRequest' [/home/lysander/repos/bannou/bannou-service/bannou-service.csproj]
/home/lysander/repos/bannou/bannou-service/Generated/Models/RelationshipModels.cs(143,68): warning CS1591: Missing XML comment for publicly visible type or member 'GetRelationshipRequest.AdditionalProperties' [/home/lysander/repos/bannou/bannou-service/bannou-service.csproj]
/home/lysander/repos/bannou/bannou-service/Generated/Models/RelationshipModels.cs(152,22): warning CS1591: Missing XML comment for publicly visible type or member 'ListRelationshipsByEntityRequest' [/home/lysander/repos/bannou/bannou-service/bannou-service.csproj]
/home/lysander/repos/bannou/bannou-service/Generated/Models/RelationshipModels.cs(167,23): warning CS1591: Missing XML comment for publicly visible type or member 'ListRelationshipsByEntityRequest.EntityType' [/home/lysander/repos/bannou/bannou-service/bannou-service.csproj]
/home/lysander/repos/bannou/bannou-service/Generated/Models/RelationshipModels.cs(190,16): warning CS1591: Missing XML comment for publicly visible type or member 'ListRelationshipsByEntityRequest.Page' [/home/lysander/repos/bannou/bannou-service/bannou-service.csproj]
/home/lysander/repos/bannou/bannou-service/Generated/Models/RelationshipModels.cs(194,16): warning CS1591: Missing XML comment for publicly visible type or member 'ListRelationshipsByEntityRequest.PageSize' [/home/lysander/repos/bannou/bannou-service/bannou-service.csproj]
/home/lysander/repos/bannou/bannou-service/Generated/Models/RelationshipModels.cs(199,68): warning CS1591: Missing XML comment for publicly visible type or member 'ListRelationshipsByEntityRequest.AdditionalProperties' [/home/lysander/repos/bannou/bannou-service/bannou-service.csproj]
/home/lysander/repos/bannou/bannou-service/Generated/Models/RelationshipModels.cs(208,22): warning CS1591: Missing XML comment for publicly visible type or member 'GetRelationshipsBetweenRequest' [/home/lysander/repos/bannou/bannou-service/bannou-service.csproj]
/home/lysander/repos/bannou/bannou-service/Generated/Models/RelationshipModels.cs(214,24): warning CS1591: Missing XML comment for publicly visible type or member 'GetRelationshipsBetweenRequest.Entity1Id' [/home/lysander/repos/bannou/bannou-service/bannou-service.csproj]
/home/lysander/repos/bannou/bannou-service/Generated/Models/RelationshipModels.cs(220,23): warning CS1591: Missing XML comment for publicly visible type or member 'GetRelationshipsBetweenRequest.Entity1Type' [/home/lysander/repos/bannou/bannou-service/bannou-service.csproj]
/home/lysander/repos/bannou/bannou-service/Generated/Models/RelationshipModels.cs(225,24): warning CS1591: Missing XML comment for publicly visible type or member 'GetRelationshipsBetweenRequest.Entity2Id' [/home/lysander/repos/bannou/bannou-service/bannou-service.csproj]
/home/lysander/repos/bannou/bannou-service/Generated/Models/RelationshipModels.cs(231,23): warning CS1591: Missing XML comment for publicly visible type or member 'GetRelationshipsBetweenRequest.Entity2Type' [/home/lysander/repos/bannou/bannou-service/bannou-service.csproj]
/home/lysander/repos/bannou/bannou-service/Generated/Models/RelationshipModels.cs(248,68): warning CS1591: Missing XML comment for publicly visible type or member 'GetRelationshipsBetweenRequest.AdditionalProperties' [/home/lysander/repos/bannou/bannou-service/bannou-service.csproj]
/home/lysander/repos/bannou/bannou-service/Generated/Models/RelationshipModels.cs(257,22): warning CS1591: Missing XML comment for publicly visible type or member 'ListRelationshipsByTypeRequest' [/home/lysander/repos/bannou/bannou-service/bannou-service.csproj]
/home/lysander/repos/bannou/bannou-service/Generated/Models/RelationshipModels.cs(283,17): warning CS1591: Missing XML comment for publicly visible type or member 'ListRelationshipsByTypeRequest.IncludeEnded' [/home/lysander/repos/bannou/bannou-service/bannou-service.csproj]
/home/lysander/repos/bannou/bannou-service/Generated/Models/RelationshipModels.cs(287,16): warning CS1591: Missing XML comment for publicly visible type or member 'ListRelationshipsByTypeRequest.Page' [/home/lysander/repos/bannou/bannou-service/bannou-service.csproj]
/home/lysander/repos/bannou/bannou-service/Generated/Models/RelationshipModels.cs(291,16): warning CS1591: Missing XML comment for publicly visible type or member 'ListRelationshipsByTypeRequest.PageSize' [/home/lysander/repos/bannou/bannou-service/bannou-service.csproj]
/home/lysander/repos/bannou/bannou-service/Generated/Models/RelationshipModels.cs(296,68): warning CS1591: Missing XML comment for publicly visible type or member 'ListRelationshipsByTypeRequest.AdditionalProperties' [/home/lysander/repos/bannou/bannou-service/bannou-service.csproj]
/home/lysander/repos/bannou/bannou-service/Generated/Models/RelationshipModels.cs(305,22): warning CS1591: Missing XML comment for publicly visible type or member 'UpdateRelationshipRequest' [/home/lysander/repos/bannou/bannou-service/bannou-service.csproj]
/home/lysander/repos/bannou/bannou-service/Generated/Models/RelationshipModels.cs(331,68): warning CS1591: Missing XML comment for publicly visible type or member 'UpdateRelationshipRequest.AdditionalProperties' [/home/lysander/repos/bannou/bannou-service/bannou-service.csproj]
/home/lysander/repos/bannou/bannou-service/Generated/Models/RelationshipModels.cs(340,22): warning CS1591: Missing XML comment for publicly visible type or member 'EndRelationshipRequest' [/home/lysander/repos/bannou/bannou-service/bannou-service.csproj]
/home/lysander/repos/bannou/bannou-service/Generated/Models/RelationshipModels.cs(367,68): warning CS1591: Missing XML comment for publicly visible type or member 'EndRelationshipRequest.AdditionalProperties' [/home/lysander/repos/bannou/bannou-service/bannou-service.csproj]
/home/lysander/repos/bannou/bannou-service/Generated/Models/RelationshipModels.cs(376,22): warning CS1591: Missing XML comment for publicly visible type or member 'RelationshipResponse' [/home/lysander/repos/bannou/bannou-service/bannou-service.csproj]
/home/lysander/repos/bannou/bannou-service/Generated/Models/RelationshipModels.cs(382,24): warning CS1591: Missing XML comment for publicly visible type or member 'RelationshipResponse.RelationshipId' [/home/lysander/repos/bannou/bannou-service/bannou-service.csproj]
/home/lysander/repos/bannou/bannou-service/Generated/Models/RelationshipModels.cs(387,24): warning CS1591: Missing XML comment for publicly visible type or member 'RelationshipResponse.Entity1Id' [/home/lysander/repos/bannou/bannou-service/bannou-service.csproj]
/home/lysander/repos/bannou/bannou-service/Generated/Models/RelationshipModels.cs(393,23): warning CS1591: Missing XML comment for publicly visible type or member 'RelationshipResponse.Entity1Type' [/home/lysander/repos/bannou/bannou-service/bannou-service.csproj]
/home/lysander/repos/bannou/bannou-service/Generated/Models/RelationshipModels.cs(398,24): warning CS1591: Missing XML comment for publicly visible type or member 'RelationshipResponse.Entity2Id' [/home/lysander/repos/bannou/bannou-service/bannou-service.csproj]
/home/lysander/repos/bannou/bannou-service/Generated/Models/RelationshipModels.cs(404,23): warning CS1591: Missing XML comment for publicly visible type or member 'RelationshipResponse.Entity2Type' [/home/lysander/repos/bannou/bannou-service/bannou-service.csproj]
/home/lysander/repos/bannou/bannou-service/Generated/Models/RelationshipModels.cs(409,24): warning CS1591: Missing XML comment for publicly visible type or member 'RelationshipResponse.RelationshipTypeId' [/home/lysander/repos/bannou/bannou-service/bannou-service.csproj]
/home/lysander/repos/bannou/bannou-service/Generated/Models/RelationshipModels.cs(414,34): warning CS1591: Missing XML comment for publicly visible type or member 'RelationshipResponse.StartedAt' [/home/lysander/repos/bannou/bannou-service/bannou-service.csproj]
/home/lysander/repos/bannou/bannou-service/Generated/Models/RelationshipModels.cs(417,35): warning CS1591: Missing XML comment for publicly visible type or member 'RelationshipResponse.EndedAt' [/home/lysander/repos/bannou/bannou-service/bannou-service.csproj]
/home/lysander/repos/bannou/bannou-service/Generated/Models/RelationshipModels.cs(428,34): warning CS1591: Missing XML comment for publicly visible type or member 'RelationshipResponse.CreatedAt' [/home/lysander/repos/bannou/bannou-service/bannou-service.csproj]
/home/lysander/repos/bannou/bannou-service/Generated/Models/RelationshipModels.cs(431,35): warning CS1591: Missing XML comment for publicly visible type or member 'RelationshipResponse.UpdatedAt' [/home/lysander/repos/bannou/bannou-service/bannou-service.csproj]
/home/lysander/repos/bannou/bannou-service/Generated/Models/RelationshipModels.cs(436,68): warning CS1591: Missing XML comment for publicly visible type or member 'RelationshipResponse.AdditionalProperties' [/home/lysander/repos/bannou/bannou-service/bannou-service.csproj]
/home/lysander/repos/bannou/bannou-service/Generated/Models/RelationshipModels.cs(445,22): warning CS1591: Missing XML comment for publicly visible type or member 'RelationshipListResponse' [/home/lysander/repos/bannou/bannou-service/bannou-service.csproj]
/home/lysander/repos/bannou/bannou-service/Generated/Models/RelationshipModels.cs(451,73): warning CS1591: Missing XML comment for publicly visible type or member 'RelationshipListResponse.Relationships' [/home/lysander/repos/bannou/bannou-service/bannou-service.csproj]
/home/lysander/repos/bannou/bannou-service/Generated/Models/RelationshipModels.cs(454,16): warning CS1591: Missing XML comment for publicly visible type or member 'RelationshipListResponse.TotalCount' [/home/lysander/repos/bannou/bannou-service/bannou-service.csproj]
/home/lysander/repos/bannou/bannou-service/Generated/Models/RelationshipModels.cs(457,16): warning CS1591: Missing XML comment for publicly visible type or member 'RelationshipListResponse.Page' [/home/lysander/repos/bannou/bannou-service/bannou-service.csproj]
/home/lysander/repos/bannou/bannou-service/Generated/Models/RelationshipModels.cs(460,16): warning CS1591: Missing XML comment for publicly visible type or member 'RelationshipListResponse.PageSize' [/home/lysander/repos/bannou/bannou-service/bannou-service.csproj]
/home/lysander/repos/bannou/bannou-service/Generated/Models/RelationshipModels.cs(463,17): warning CS1591: Missing XML comment for publicly visible type or member 'RelationshipListResponse.HasNextPage' [/home/lysander/repos/bannou/bannou-service/bannou-service.csproj]
/home/lysander/repos/bannou/bannou-service/Generated/Models/RelationshipModels.cs(466,17): warning CS1591: Missing XML comment for publicly visible type or member 'RelationshipListResponse.HasPreviousPage' [/home/lysander/repos/bannou/bannou-service/bannou-service.csproj]
/home/lysander/repos/bannou/bannou-service/Generated/Models/RelationshipModels.cs(471,68): warning CS1591: Missing XML comment for publicly visible type or member 'RelationshipListResponse.AdditionalProperties' [/home/lysander/repos/bannou/bannou-service/bannou-service.csproj]
/home/lysander/repos/bannou/bannou-service/Generated/Clients/RelationshipTypeClient.cs(19,26): warning CS1591: Missing XML comment for publicly visible type or member 'IRelationshipTypeClient' [/home/lysander/repos/bannou/bannou-service/bannou-service.csproj]
/home/lysander/repos/bannou/bannou-service/Generated/Clients/RelationshipTypeClient.cs(28,111): warning CS1573: Parameter 'body' has no matching param tag in the XML comment for 'IRelationshipTypeClient.GetRelationshipTypeAsync(GetRelationshipTypeRequest, CancellationToken)' (but other parameters do) [/home/lysander/repos/bannou/bannou-service/bannou-service.csproj]
/home/lysander/repos/bannou/bannou-service/Generated/Clients/RelationshipTypeClient.cs(39,123): warning CS1573: Parameter 'body' has no matching param tag in the XML comment for 'IRelationshipTypeClient.GetRelationshipTypeByCodeAsync(GetRelationshipTypeByCodeRequest, CancellationToken)' (but other parameters do) [/home/lysander/repos/bannou/bannou-service/bannou-service.csproj]
/home/lysander/repos/bannou/bannou-service/Generated/Clients/RelationshipTypeClient.cs(50,119): warning CS1573: Parameter 'body' has no matching param tag in the XML comment for 'IRelationshipTypeClient.ListRelationshipTypesAsync(ListRelationshipTypesRequest, CancellationToken)' (but other parameters do) [/home/lysander/repos/bannou/bannou-service/bannou-service.csproj]
/home/lysander/repos/bannou/bannou-service/Generated/Clients/RelationshipTypeClient.cs(61,127): warning CS1573: Parameter 'body' has no matching param tag in the XML comment for 'IRelationshipTypeClient.GetChildRelationshipTypesAsync(GetChildRelationshipTypesRequest, CancellationToken)' (but other parameters do) [/home/lysander/repos/bannou/bannou-service/bannou-service.csproj]
/home/lysander/repos/bannou/bannou-service/Generated/Clients/RelationshipTypeClient.cs(74,105): warning CS1573: Parameter 'body' has no matching param tag in the XML comment for 'IRelationshipTypeClient.MatchesHierarchyAsync(MatchesHierarchyRequest, CancellationToken)' (but other parameters do) [/home/lysander/repos/bannou/bannou-service/bannou-service.csproj]
/home/lysander/repos/bannou/bannou-service/Generated/Clients/RelationshipTypeClient.cs(86,101): warning CS1573: Parameter 'body' has no matching param tag in the XML comment for 'IRelationshipTypeClient.GetAncestorsAsync(GetAncestorsRequest, CancellationToken)' (but other parameters do) [/home/lysander/repos/bannou/bannou-service/bannou-service.csproj]
/home/lysander/repos/bannou/bannou-service/Generated/Clients/RelationshipTypeClient.cs(94,117): warning CS1573: Parameter 'body' has no matching param tag in the XML comment for 'IRelationshipTypeClient.CreateRelationshipTypeAsync(CreateRelationshipTypeRequest, CancellationToken)' (but other parameters do) [/home/lysander/repos/bannou/bannou-service/bannou-service.csproj]
/home/lysander/repos/bannou/bannou-service/Generated/Clients/RelationshipTypeClient.cs(102,117): warning CS1573: Parameter 'body' has no matching param tag in the XML comment for 'IRelationshipTypeClient.UpdateRelationshipTypeAsync(UpdateRelationshipTypeRequest, CancellationToken)' (but other parameters do) [/home/lysander/repos/bannou/bannou-service/bannou-service.csproj]
/home/lysander/repos/bannou/bannou-service/Generated/Clients/RelationshipTypeClient.cs(115,91): warning CS1573: Parameter 'body' has no matching param tag in the XML comment for 'IRelationshipTypeClient.DeleteRelationshipTypeAsync(DeleteRelationshipTypeRequest, CancellationToken)' (but other parameters do) [/home/lysander/repos/bannou/bannou-service/bannou-service.csproj]
/home/lysander/repos/bannou/bannou-service/Generated/Clients/RelationshipTypeClient.cs(131,123): warning CS1573: Parameter 'body' has no matching param tag in the XML comment for 'IRelationshipTypeClient.DeprecateRelationshipTypeAsync(DeprecateRelationshipTypeRequest, CancellationToken)' (but other parameters do) [/home/lysander/repos/bannou/bannou-service/bannou-service.csproj]
/home/lysander/repos/bannou/bannou-service/Generated/Clients/RelationshipTypeClient.cs(143,127): warning CS1573: Parameter 'body' has no matching param tag in the XML comment for 'IRelationshipTypeClient.UndeprecateRelationshipTypeAsync(UndeprecateRelationshipTypeRequest, CancellationToken)' (but other parameters do) [/home/lysander/repos/bannou/bannou-service/bannou-service.csproj]
/home/lysander/repos/bannou/bannou-service/Generated/Clients/RelationshipTypeClient.cs(164,120): warning CS1573: Parameter 'body' has no matching param tag in the XML comment for 'IRelationshipTypeClient.MergeRelationshipTypeAsync(MergeRelationshipTypeRequest, CancellationToken)' (but other parameters do) [/home/lysander/repos/bannou/bannou-service/bannou-service.csproj]
/home/lysander/repos/bannou/bannou-service/Generated/Clients/RelationshipTypeClient.cs(177,120): warning CS1573: Parameter 'body' has no matching param tag in the XML comment for 'IRelationshipTypeClient.SeedRelationshipTypesAsync(SeedRelationshipTypesRequest, CancellationToken)' (but other parameters do) [/home/lysander/repos/bannou/bannou-service/bannou-service.csproj]
/home/lysander/repos/bannou/bannou-service/Generated/Clients/RelationshipTypeClient.cs(181,22): warning CS1591: Missing XML comment for publicly visible type or member 'RelationshipTypeClient' [/home/lysander/repos/bannou/bannou-service/bannou-service.csproj]
/home/lysander/repos/bannou/bannou-service/Generated/Clients/RelationshipTypeClient.cs(201,12): warning CS1591: Missing XML comment for publicly visible type or member 'RelationshipTypeClient.RelationshipTypeClient(IMeshInvocationClient, IServiceAppMappingResolver, ILogger<RelationshipTypeClient>?)' [/home/lysander/repos/bannou/bannou-service/bannou-service.csproj]
/home/lysander/repos/bannou/bannou-service/Generated/Clients/RelationshipTypeClient.cs(209,54): warning CS1591: Missing XML comment for publicly visible type or member 'RelationshipTypeClient.JsonSerializerSettings' [/home/lysander/repos/bannou/bannou-service/bannou-service.csproj]
/home/lysander/repos/bannou/bannou-service/Generated/Clients/RelationshipTypeClient.cs(309,132): warning CS1573: Parameter 'body' has no matching param tag in the XML comment for 'RelationshipTypeClient.GetRelationshipTypeAsync(GetRelationshipTypeRequest, CancellationToken)' (but other parameters do) [/home/lysander/repos/bannou/bannou-service/bannou-service.csproj]
/home/lysander/repos/bannou/bannou-service/Generated/Clients/RelationshipTypeClient.cs(397,144): warning CS1573: Parameter 'body' has no matching param tag in the XML comment for 'RelationshipTypeClient.GetRelationshipTypeByCodeAsync(GetRelationshipTypeByCodeRequest, CancellationToken)' (but other parameters do) [/home/lysander/repos/bannou/bannou-service/bannou-service.csproj]
/home/lysander/repos/bannou/bannou-service/Generated/Clients/RelationshipTypeClient.cs(485,140): warning CS1573: Parameter 'body' has no matching param tag in the XML comment for 'RelationshipTypeClient.ListRelationshipTypesAsync(ListRelationshipTypesRequest, CancellationToken)' (but other parameters do) [/home/lysander/repos/bannou/bannou-service/bannou-service.csproj]
/home/lysander/repos/bannou/bannou-service/Generated/Clients/RelationshipTypeClient.cs(567,148): warning CS1573: Parameter 'body' has no matching param tag in the XML comment for 'RelationshipTypeClient.GetChildRelationshipTypesAsync(GetChildRelationshipTypesRequest, CancellationToken)' (but other parameters do) [/home/lysander/repos/bannou/bannou-service/bannou-service.csproj]
/home/lysander/repos/bannou/bannou-service/Generated/Clients/RelationshipTypeClient.cs(657,126): warning CS1573: Parameter 'body' has no matching param tag in the XML comment for 'RelationshipTypeClient.MatchesHierarchyAsync(MatchesHierarchyRequest, CancellationToken)' (but other parameters do) [/home/lysander/repos/bannou/bannou-service/bannou-service.csproj]
/home/lysander/repos/bannou/bannou-service/Generated/Clients/RelationshipTypeClient.cs(746,122): warning CS1573: Parameter 'body' has no matching param tag in the XML comment for 'RelationshipTypeClient.GetAncestorsAsync(GetAncestorsRequest, CancellationToken)' (but other parameters do) [/home/lysander/repos/bannou/bannou-service/bannou-service.csproj]
/home/lysander/repos/bannou/bannou-service/Generated/Clients/RelationshipTypeClient.cs(831,138): warning CS1573: Parameter 'body' has no matching param tag in the XML comment for 'RelationshipTypeClient.CreateRelationshipTypeAsync(CreateRelationshipTypeRequest, CancellationToken)' (but other parameters do) [/home/lysander/repos/bannou/bannou-service/bannou-service.csproj]
/home/lysander/repos/bannou/bannou-service/Generated/Clients/RelationshipTypeClient.cs(922,138): warning CS1573: Parameter 'body' has no matching param tag in the XML comment for 'RelationshipTypeClient.UpdateRelationshipTypeAsync(UpdateRelationshipTypeRequest, CancellationToken)' (but other parameters do) [/home/lysander/repos/bannou/bannou-service/bannou-service.csproj]
/home/lysander/repos/bannou/bannou-service/Generated/Clients/RelationshipTypeClient.cs(1018,112): warning CS1573: Parameter 'body' has no matching param tag in the XML comment for 'RelationshipTypeClient.DeleteRelationshipTypeAsync(DeleteRelationshipTypeRequest, CancellationToken)' (but other parameters do) [/home/lysander/repos/bannou/bannou-service/bannou-service.csproj]
/home/lysander/repos/bannou/bannou-service/Generated/Clients/RelationshipTypeClient.cs(1111,144): warning CS1573: Parameter 'body' has no matching param tag in the XML comment for 'RelationshipTypeClient.DeprecateRelationshipTypeAsync(DeprecateRelationshipTypeRequest, CancellationToken)' (but other parameters do) [/home/lysander/repos/bannou/bannou-service/bannou-service.csproj]
/home/lysander/repos/bannou/bannou-service/Generated/Clients/RelationshipTypeClient.cs(1206,148): warning CS1573: Parameter 'body' has no matching param tag in the XML comment for 'RelationshipTypeClient.UndeprecateRelationshipTypeAsync(UndeprecateRelationshipTypeRequest, CancellationToken)' (but other parameters do) [/home/lysander/repos/bannou/bannou-service/bannou-service.csproj]
/home/lysander/repos/bannou/bannou-service/Generated/Clients/RelationshipTypeClient.cs(1310,141): warning CS1573: Parameter 'body' has no matching param tag in the XML comment for 'RelationshipTypeClient.MergeRelationshipTypeAsync(MergeRelationshipTypeRequest, CancellationToken)' (but other parameters do) [/home/lysander/repos/bannou/bannou-service/bannou-service.csproj]
/home/lysander/repos/bannou/bannou-service/Generated/Clients/RelationshipTypeClient.cs(1412,141): warning CS1573: Parameter 'body' has no matching param tag in the XML comment for 'RelationshipTypeClient.SeedRelationshipTypesAsync(SeedRelationshipTypesRequest, CancellationToken)' (but other parameters do) [/home/lysander/repos/bannou/bannou-service/bannou-service.csproj]
/home/lysander/repos/bannou/bannou-service/Generated/Clients/RelationshipTypeClient.cs(1491,22): warning CS1591: Missing XML comment for publicly visible type or member 'RelationshipTypeClient.ObjectResponseResult<T>' [/home/lysander/repos/bannou/bannou-service/bannou-service.csproj]
/home/lysander/repos/bannou/bannou-service/Generated/Clients/RelationshipTypeClient.cs(1493,16): warning CS1591: Missing XML comment for publicly visible type or member 'RelationshipTypeClient.ObjectResponseResult<T>.ObjectResponseResult(T, string)' [/home/lysander/repos/bannou/bannou-service/bannou-service.csproj]
/home/lysander/repos/bannou/bannou-service/Generated/Clients/RelationshipTypeClient.cs(1499,18): warning CS1591: Missing XML comment for publicly visible type or member 'RelationshipTypeClient.ObjectResponseResult<T>.Object' [/home/lysander/repos/bannou/bannou-service/bannou-service.csproj]
/home/lysander/repos/bannou/bannou-service/Generated/Clients/RelationshipTypeClient.cs(1501,23): warning CS1591: Missing XML comment for publicly visible type or member 'RelationshipTypeClient.ObjectResponseResult<T>.Text' [/home/lysander/repos/bannou/bannou-service/bannou-service.csproj]
/home/lysander/repos/bannou/bannou-service/Generated/Clients/RelationshipTypeClient.cs(1524,17): warning CS1591: Missing XML comment for publicly visible type or member 'RelationshipTypeClient.ReadResponseAsString' [/home/lysander/repos/bannou/bannou-service/bannou-service.csproj]
/home/lysander/repos/bannou/bannou-service/Generated/Clients/RelationshipTypeClient.cs(1526,86): warning CS1591: Missing XML comment for publicly visible type or member 'RelationshipTypeClient.ReadObjectResponseAsync<T>(HttpResponseMessage, IReadOnlyDictionary<string, IEnumerable<string>>, CancellationToken)' [/home/lysander/repos/bannou/bannou-service/bannou-service.csproj]
/home/lysander/repos/bannou/bannou-service/Generated/Models/RelationshipTypeModels.cs(18,22): warning CS1591: Missing XML comment for publicly visible type or member 'GetRelationshipTypeRequest' [/home/lysander/repos/bannou/bannou-service/bannou-service.csproj]
/home/lysander/repos/bannou/bannou-service/Generated/Models/RelationshipTypeModels.cs(32,68): warning CS1591: Missing XML comment for publicly visible type or member 'GetRelationshipTypeRequest.AdditionalProperties' [/home/lysander/repos/bannou/bannou-service/bannou-service.csproj]
/home/lysander/repos/bannou/bannou-service/Generated/Models/RelationshipTypeModels.cs(41,22): warning CS1591: Missing XML comment for publicly visible type or member 'GetRelationshipTypeByCodeRequest' [/home/lysander/repos/bannou/bannou-service/bannou-service.csproj]
/home/lysander/repos/bannou/bannou-service/Generated/Models/RelationshipTypeModels.cs(57,68): warning CS1591: Missing XML comment for publicly visible type or member 'GetRelationshipTypeByCodeRequest.AdditionalProperties' [/home/lysander/repos/bannou/bannou-service/bannou-service.csproj]
/home/lysander/repos/bannou/bannou-service/Generated/Models/RelationshipTypeModels.cs(66,22): warning CS1591: Missing XML comment for publicly visible type or member 'ListRelationshipTypesRequest' [/home/lysander/repos/bannou/bannou-service/bannou-service.csproj]
/home/lysander/repos/bannou/bannou-service/Generated/Models/RelationshipTypeModels.cs(96,68): warning CS1591: Missing XML comment for publicly visible type or member 'ListRelationshipTypesRequest.AdditionalProperties' [/home/lysander/repos/bannou/bannou-service/bannou-service.csproj]
/home/lysander/repos/bannou/bannou-service/Generated/Models/RelationshipTypeModels.cs(105,22): warning CS1591: Missing XML comment for publicly visible type or member 'GetChildRelationshipTypesRequest' [/home/lysander/repos/bannou/bannou-service/bannou-service.csproj]
/home/lysander/repos/bannou/bannou-service/Generated/Models/RelationshipTypeModels.cs(125,68): warning CS1591: Missing XML comment for publicly visible type or member 'GetChildRelationshipTypesRequest.AdditionalProperties' [/home/lysander/repos/bannou/bannou-service/bannou-service.csproj]
/home/lysander/repos/bannou/bannou-service/Generated/Models/RelationshipTypeModels.cs(134,22): warning CS1591: Missing XML comment for publicly visible type or member 'MatchesHierarchyRequest' [/home/lysander/repos/bannou/bannou-service/bannou-service.csproj]
/home/lysander/repos/bannou/bannou-service/Generated/Models/RelationshipTypeModels.cs(156,68): warning CS1591: Missing XML comment for publicly visible type or member 'MatchesHierarchyRequest.AdditionalProperties' [/home/lysander/repos/bannou/bannou-service/bannou-service.csproj]
/home/lysander/repos/bannou/bannou-service/Generated/Models/RelationshipTypeModels.cs(165,22): warning CS1591: Missing XML comment for publicly visible type or member 'GetAncestorsRequest' [/home/lysander/repos/bannou/bannou-service/bannou-service.csproj]
/home/lysander/repos/bannou/bannou-service/Generated/Models/RelationshipTypeModels.cs(179,68): warning CS1591: Missing XML comment for publicly visible type or member 'GetAncestorsRequest.AdditionalProperties' [/home/lysander/repos/bannou/bannou-service/bannou-service.csproj]
/home/lysander/repos/bannou/bannou-service/Generated/Models/RelationshipTypeModels.cs(188,22): warning CS1591: Missing XML comment for publicly visible type or member 'CreateRelationshipTypeRequest' [/home/lysander/repos/bannou/bannou-service/bannou-service.csproj]
/home/lysander/repos/bannou/bannou-service/Generated/Models/RelationshipTypeModels.cs(252,68): warning CS1591: Missing XML comment for publicly visible type or member 'CreateRelationshipTypeRequest.AdditionalProperties' [/home/lysander/repos/bannou/bannou-service/bannou-service.csproj]
/home/lysander/repos/bannou/bannou-service/Generated/Models/RelationshipTypeModels.cs(261,22): warning CS1591: Missing XML comment for publicly visible type or member 'UpdateRelationshipTypeRequest' [/home/lysander/repos/bannou/bannou-service/bannou-service.csproj]
/home/lysander/repos/bannou/bannou-service/Generated/Models/RelationshipTypeModels.cs(321,68): warning CS1591: Missing XML comment for publicly visible type or member 'UpdateRelationshipTypeRequest.AdditionalProperties' [/home/lysander/repos/bannou/bannou-service/bannou-service.csproj]
/home/lysander/repos/bannou/bannou-service/Generated/Models/RelationshipTypeModels.cs(330,22): warning CS1591: Missing XML comment for publicly visible type or member 'DeleteRelationshipTypeRequest' [/home/lysander/repos/bannou/bannou-service/bannou-service.csproj]
/home/lysander/repos/bannou/bannou-service/Generated/Models/RelationshipTypeModels.cs(344,68): warning CS1591: Missing XML comment for publicly visible type or member 'DeleteRelationshipTypeRequest.AdditionalProperties' [/home/lysander/repos/bannou/bannou-service/bannou-service.csproj]
/home/lysander/repos/bannou/bannou-service/Generated/Models/RelationshipTypeModels.cs(353,22): warning CS1591: Missing XML comment for publicly visible type or member 'DeprecateRelationshipTypeRequest' [/home/lysander/repos/bannou/bannou-service/bannou-service.csproj]
/home/lysander/repos/bannou/bannou-service/Generated/Models/RelationshipTypeModels.cs(374,68): warning CS1591: Missing XML comment for publicly visible type or member 'DeprecateRelationshipTypeRequest.AdditionalProperties' [/home/lysander/repos/bannou/bannou-service/bannou-service.csproj]
/home/lysander/repos/bannou/bannou-service/Generated/Models/RelationshipTypeModels.cs(383,22): warning CS1591: Missing XML comment for publicly visible type or member 'UndeprecateRelationshipTypeRequest' [/home/lysander/repos/bannou/bannou-service/bannou-service.csproj]
/home/lysander/repos/bannou/bannou-service/Generated/Models/RelationshipTypeModels.cs(397,68): warning CS1591: Missing XML comment for publicly visible type or member 'UndeprecateRelationshipTypeRequest.AdditionalProperties' [/home/lysander/repos/bannou/bannou-service/bannou-service.csproj]
/home/lysander/repos/bannou/bannou-service/Generated/Models/RelationshipTypeModels.cs(406,22): warning CS1591: Missing XML comment for publicly visible type or member 'MergeRelationshipTypeRequest' [/home/lysander/repos/bannou/bannou-service/bannou-service.csproj]
/home/lysander/repos/bannou/bannou-service/Generated/Models/RelationshipTypeModels.cs(434,68): warning CS1591: Missing XML comment for publicly visible type or member 'MergeRelationshipTypeRequest.AdditionalProperties' [/home/lysander/repos/bannou/bannou-service/bannou-service.csproj]
/home/lysander/repos/bannou/bannou-service/Generated/Models/RelationshipTypeModels.cs(443,22): warning CS1591: Missing XML comment for publicly visible type or member 'SeedRelationshipTypesRequest' [/home/lysander/repos/bannou/bannou-service/bannou-service.csproj]
/home/lysander/repos/bannou/bannou-service/Generated/Models/RelationshipTypeModels.cs(463,68): warning CS1591: Missing XML comment for publicly visible type or member 'SeedRelationshipTypesRequest.AdditionalProperties' [/home/lysander/repos/bannou/bannou-service/bannou-service.csproj]
/home/lysander/repos/bannou/bannou-service/Generated/Models/RelationshipTypeModels.cs(472,22): warning CS1591: Missing XML comment for publicly visible type or member 'SeedRelationshipType' [/home/lysander/repos/bannou/bannou-service/bannou-service.csproj]
/home/lysander/repos/bannou/bannou-service/Generated/Models/RelationshipTypeModels.cs(516,17): warning CS1591: Missing XML comment for publicly visible type or member 'SeedRelationshipType.IsBidirectional' [/home/lysander/repos/bannou/bannou-service/bannou-service.csproj]
/home/lysander/repos/bannou/bannou-service/Generated/Models/RelationshipTypeModels.cs(519,19): warning CS1591: Missing XML comment for publicly visible type or member 'SeedRelationshipType.Metadata' [/home/lysander/repos/bannou/bannou-service/bannou-service.csproj]
/home/lysander/repos/bannou/bannou-service/Generated/Models/RelationshipTypeModels.cs(524,68): warning CS1591: Missing XML comment for publicly visible type or member 'SeedRelationshipType.AdditionalProperties' [/home/lysander/repos/bannou/bannou-service/bannou-service.csproj]
/home/lysander/repos/bannou/bannou-service/Generated/Models/RelationshipTypeModels.cs(533,22): warning CS1591: Missing XML comment for publicly visible type or member 'RelationshipTypeResponse' [/home/lysander/repos/bannou/bannou-service/bannou-service.csproj]
/home/lysander/repos/bannou/bannou-service/Generated/Models/RelationshipTypeModels.cs(539,24): warning CS1591: Missing XML comment for publicly visible type or member 'RelationshipTypeResponse.RelationshipTypeId' [/home/lysander/repos/bannou/bannou-service/bannou-service.csproj]
/home/lysander/repos/bannou/bannou-service/Generated/Models/RelationshipTypeModels.cs(544,19): warning CS1591: Missing XML comment for publicly visible type or member 'RelationshipTypeResponse.Code' [/home/lysander/repos/bannou/bannou-service/bannou-service.csproj]
/home/lysander/repos/bannou/bannou-service/Generated/Models/RelationshipTypeModels.cs(549,19): warning CS1591: Missing XML comment for publicly visible type or member 'RelationshipTypeResponse.Name' [/home/lysander/repos/bannou/bannou-service/bannou-service.csproj]
/home/lysander/repos/bannou/bannou-service/Generated/Models/RelationshipTypeModels.cs(552,20): warning CS1591: Missing XML comment for publicly visible type or member 'RelationshipTypeResponse.Description' [/home/lysander/repos/bannou/bannou-service/bannou-service.csproj]
/home/lysander/repos/bannou/bannou-service/Generated/Models/RelationshipTypeModels.cs(555,20): warning CS1591: Missing XML comment for publicly visible type or member 'RelationshipTypeResponse.Category' [/home/lysander/repos/bannou/bannou-service/bannou-service.csproj]
/home/lysander/repos/bannou/bannou-service/Generated/Models/RelationshipTypeModels.cs(558,25): warning CS1591: Missing XML comment for publicly visible type or member 'RelationshipTypeResponse.ParentTypeId' [/home/lysander/repos/bannou/bannou-service/bannou-service.csproj]
/home/lysander/repos/bannou/bannou-service/Generated/Models/RelationshipTypeModels.cs(567,25): warning CS1591: Missing XML comment for publicly visible type or member 'RelationshipTypeResponse.InverseTypeId' [/home/lysander/repos/bannou/bannou-service/bannou-service.csproj]
/home/lysander/repos/bannou/bannou-service/Generated/Models/RelationshipTypeModels.cs(570,20): warning CS1591: Missing XML comment for publicly visible type or member 'RelationshipTypeResponse.InverseTypeCode' [/home/lysander/repos/bannou/bannou-service/bannou-service.csproj]
/home/lysander/repos/bannou/bannou-service/Generated/Models/RelationshipTypeModels.cs(573,17): warning CS1591: Missing XML comment for publicly visible type or member 'RelationshipTypeResponse.IsBidirectional' [/home/lysander/repos/bannou/bannou-service/bannou-service.csproj]
/home/lysander/repos/bannou/bannou-service/Generated/Models/RelationshipTypeModels.cs(600,20): warning CS1591: Missing XML comment for publicly visible type or member 'RelationshipTypeResponse.Metadata' [/home/lysander/repos/bannou/bannou-service/bannou-service.csproj]
/home/lysander/repos/bannou/bannou-service/Generated/Models/RelationshipTypeModels.cs(605,34): warning CS1591: Missing XML comment for publicly visible type or member 'RelationshipTypeResponse.CreatedAt' [/home/lysander/repos/bannou/bannou-service/bannou-service.csproj]
/home/lysander/repos/bannou/bannou-service/Generated/Models/RelationshipTypeModels.cs(610,34): warning CS1591: Missing XML comment for publicly visible type or member 'RelationshipTypeResponse.UpdatedAt' [/home/lysander/repos/bannou/bannou-service/bannou-service.csproj]
/home/lysander/repos/bannou/bannou-service/Generated/Models/RelationshipTypeModels.cs(615,68): warning CS1591: Missing XML comment for publicly visible type or member 'RelationshipTypeResponse.AdditionalProperties' [/home/lysander/repos/bannou/bannou-service/bannou-service.csproj]
/home/lysander/repos/bannou/bannou-service/Generated/Models/RelationshipTypeModels.cs(624,22): warning CS1591: Missing XML comment for publicly visible type or member 'RelationshipTypeListResponse' [/home/lysander/repos/bannou/bannou-service/bannou-service.csproj]
/home/lysander/repos/bannou/bannou-service/Generated/Models/RelationshipTypeModels.cs(630,77): warning CS1591: Missing XML comment for publicly visible type or member 'RelationshipTypeListResponse.Types' [/home/lysander/repos/bannou/bannou-service/bannou-service.csproj]
/home/lysander/repos/bannou/bannou-service/Generated/Models/RelationshipTypeModels.cs(633,16): warning CS1591: Missing XML comment for publicly visible type or member 'RelationshipTypeListResponse.TotalCount' [/home/lysander/repos/bannou/bannou-service/bannou-service.csproj]
/home/lysander/repos/bannou/bannou-service/Generated/Models/RelationshipTypeModels.cs(638,68): warning CS1591: Missing XML comment for publicly visible type or member 'RelationshipTypeListResponse.AdditionalProperties' [/home/lysander/repos/bannou/bannou-service/bannou-service.csproj]
/home/lysander/repos/bannou/bannou-service/Generated/Models/RelationshipTypeModels.cs(647,22): warning CS1591: Missing XML comment for publicly visible type or member 'MatchesHierarchyResponse' [/home/lysander/repos/bannou/bannou-service/bannou-service.csproj]
/home/lysander/repos/bannou/bannou-service/Generated/Models/RelationshipTypeModels.cs(665,68): warning CS1591: Missing XML comment for publicly visible type or member 'MatchesHierarchyResponse.AdditionalProperties' [/home/lysander/repos/bannou/bannou-service/bannou-service.csproj]
/home/lysander/repos/bannou/bannou-service/Generated/Models/RelationshipTypeModels.cs(674,22): warning CS1591: Missing XML comment for publicly visible type or member 'SeedRelationshipTypesResponse' [/home/lysander/repos/bannou/bannou-service/bannou-service.csproj]
/home/lysander/repos/bannou/bannou-service/Generated/Models/RelationshipTypeModels.cs(706,68): warning CS1591: Missing XML comment for publicly visible type or member 'SeedRelationshipTypesResponse.AdditionalProperties' [/home/lysander/repos/bannou/bannou-service/bannou-service.csproj]
/home/lysander/repos/bannou/bannou-service/Generated/Models/RelationshipTypeModels.cs(715,22): warning CS1591: Missing XML comment for publicly visible type or member 'MergeRelationshipTypeResponse' [/home/lysander/repos/bannou/bannou-service/bannou-service.csproj]
/home/lysander/repos/bannou/bannou-service/Generated/Models/RelationshipTypeModels.cs(749,68): warning CS1591: Missing XML comment for publicly visible type or member 'MergeRelationshipTypeResponse.AdditionalProperties' [/home/lysander/repos/bannou/bannou-service/bannou-service.csproj]
/home/lysander/repos/bannou/bannou-service/Generated/Clients/ServicedataClient.cs(19,26): warning CS1591: Missing XML comment for publicly visible type or member 'IServicedataClient' [/home/lysander/repos/bannou/bannou-service/bannou-service.csproj]
/home/lysander/repos/bannou/bannou-service/Generated/Clients/ServicedataClient.cs(31,93): warning CS1573: Parameter 'body' has no matching param tag in the XML comment for 'IServicedataClient.ListServicesAsync(ListServicesRequest, CancellationToken)' (but other parameters do) [/home/lysander/repos/bannou/bannou-service/bannou-service.csproj]
/home/lysander/repos/bannou/bannou-service/Generated/Clients/ServicedataClient.cs(42,80): warning CS1573: Parameter 'body' has no matching param tag in the XML comment for 'IServicedataClient.GetServiceAsync(GetServiceRequest, CancellationToken)' (but other parameters do) [/home/lysander/repos/bannou/bannou-service/bannou-service.csproj]
/home/lysander/repos/bannou/bannou-service/Generated/Clients/ServicedataClient.cs(53,86): warning CS1573: Parameter 'body' has no matching param tag in the XML comment for 'IServicedataClient.CreateServiceAsync(CreateServiceRequest, CancellationToken)' (but other parameters do) [/home/lysander/repos/bannou/bannou-service/bannou-service.csproj]
/home/lysander/repos/bannou/bannou-service/Generated/Clients/ServicedataClient.cs(64,86): warning CS1573: Parameter 'body' has no matching param tag in the XML comment for 'IServicedataClient.UpdateServiceAsync(UpdateServiceRequest, CancellationToken)' (but other parameters do) [/home/lysander/repos/bannou/bannou-service/bannou-service.csproj]
/home/lysander/repos/bannou/bannou-service/Generated/Clients/ServicedataClient.cs(75,73): warning CS1573: Parameter 'body' has no matching param tag in the XML comment for 'IServicedataClient.DeleteServiceAsync(DeleteServiceRequest, CancellationToken)' (but other parameters do) [/home/lysander/repos/bannou/bannou-service/bannou-service.csproj]
/home/lysander/repos/bannou/bannou-service/Generated/Clients/ServicedataClient.cs(79,22): warning CS1591: Missing XML comment for publicly visible type or member 'ServicedataClient' [/home/lysander/repos/bannou/bannou-service/bannou-service.csproj]
/home/lysander/repos/bannou/bannou-service/Generated/Clients/ServicedataClient.cs(99,12): warning CS1591: Missing XML comment for publicly visible type or member 'ServicedataClient.ServicedataClient(IMeshInvocationClient, IServiceAppMappingResolver, ILogger<ServicedataClient>?)' [/home/lysander/repos/bannou/bannou-service/bannou-service.csproj]
/home/lysander/repos/bannou/bannou-service/Generated/Clients/ServicedataClient.cs(107,54): warning CS1591: Missing XML comment for publicly visible type or member 'ServicedataClient.JsonSerializerSettings' [/home/lysander/repos/bannou/bannou-service/bannou-service.csproj]
/home/lysander/repos/bannou/bannou-service/Generated/Clients/ServicedataClient.cs(210,114): warning CS1573: Parameter 'body' has no matching param tag in the XML comment for 'ServicedataClient.ListServicesAsync(ListServicesRequest, CancellationToken)' (but other parameters do) [/home/lysander/repos/bannou/bannou-service/bannou-service.csproj]
/home/lysander/repos/bannou/bannou-service/Generated/Clients/ServicedataClient.cs(292,101): warning CS1573: Parameter 'body' has no matching param tag in the XML comment for 'ServicedataClient.GetServiceAsync(GetServiceRequest, CancellationToken)' (but other parameters do) [/home/lysander/repos/bannou/bannou-service/bannou-service.csproj]
/home/lysander/repos/bannou/bannou-service/Generated/Clients/ServicedataClient.cs(380,107): warning CS1573: Parameter 'body' has no matching param tag in the XML comment for 'ServicedataClient.CreateServiceAsync(CreateServiceRequest, CancellationToken)' (but other parameters do) [/home/lysander/repos/bannou/bannou-service/bannou-service.csproj]
/home/lysander/repos/bannou/bannou-service/Generated/Clients/ServicedataClient.cs(474,107): warning CS1573: Parameter 'body' has no matching param tag in the XML comment for 'ServicedataClient.UpdateServiceAsync(UpdateServiceRequest, CancellationToken)' (but other parameters do) [/home/lysander/repos/bannou/bannou-service/bannou-service.csproj]
/home/lysander/repos/bannou/bannou-service/Generated/Clients/ServicedataClient.cs(568,94): warning CS1573: Parameter 'body' has no matching param tag in the XML comment for 'ServicedataClient.DeleteServiceAsync(DeleteServiceRequest, CancellationToken)' (but other parameters do) [/home/lysander/repos/bannou/bannou-service/bannou-service.csproj]
/home/lysander/repos/bannou/bannou-service/Generated/Clients/ServicedataClient.cs(647,22): warning CS1591: Missing XML comment for publicly visible type or member 'ServicedataClient.ObjectResponseResult<T>' [/home/lysander/repos/bannou/bannou-service/bannou-service.csproj]
/home/lysander/repos/bannou/bannou-service/Generated/Clients/ServicedataClient.cs(649,16): warning CS1591: Missing XML comment for publicly visible type or member 'ServicedataClient.ObjectResponseResult<T>.ObjectResponseResult(T, string)' [/home/lysander/repos/bannou/bannou-service/bannou-service.csproj]
/home/lysander/repos/bannou/bannou-service/Generated/Clients/ServicedataClient.cs(655,18): warning CS1591: Missing XML comment for publicly visible type or member 'ServicedataClient.ObjectResponseResult<T>.Object' [/home/lysander/repos/bannou/bannou-service/bannou-service.csproj]
/home/lysander/repos/bannou/bannou-service/Generated/Clients/ServicedataClient.cs(657,23): warning CS1591: Missing XML comment for publicly visible type or member 'ServicedataClient.ObjectResponseResult<T>.Text' [/home/lysander/repos/bannou/bannou-service/bannou-service.csproj]
/home/lysander/repos/bannou/bannou-service/Generated/Clients/ServicedataClient.cs(680,17): warning CS1591: Missing XML comment for publicly visible type or member 'ServicedataClient.ReadResponseAsString' [/home/lysander/repos/bannou/bannou-service/bannou-service.csproj]
/home/lysander/repos/bannou/bannou-service/Generated/Clients/ServicedataClient.cs(682,86): warning CS1591: Missing XML comment for publicly visible type or member 'ServicedataClient.ReadObjectResponseAsync<T>(HttpResponseMessage, IReadOnlyDictionary<string, IEnumerable<string>>, CancellationToken)' [/home/lysander/repos/bannou/bannou-service/bannou-service.csproj]
/home/lysander/repos/bannou/bannou-service/Generated/Models/ServicedataModels.cs(33,68): warning CS1591: Missing XML comment for publicly visible type or member 'ListServicesRequest.AdditionalProperties' [/home/lysander/repos/bannou/bannou-service/bannou-service.csproj]
/home/lysander/repos/bannou/bannou-service/Generated/Models/ServicedataModels.cs(63,68): warning CS1591: Missing XML comment for publicly visible type or member 'GetServiceRequest.AdditionalProperties' [/home/lysander/repos/bannou/bannou-service/bannou-service.csproj]
/home/lysander/repos/bannou/bannou-service/Generated/Models/ServicedataModels.cs(113,68): warning CS1591: Missing XML comment for publicly visible type or member 'CreateServiceRequest.AdditionalProperties' [/home/lysander/repos/bannou/bannou-service/bannou-service.csproj]
/home/lysander/repos/bannou/bannou-service/Generated/Models/ServicedataModels.cs(159,68): warning CS1591: Missing XML comment for publicly visible type or member 'UpdateServiceRequest.AdditionalProperties' [/home/lysander/repos/bannou/bannou-service/bannou-service.csproj]
/home/lysander/repos/bannou/bannou-service/Generated/Models/ServicedataModels.cs(185,68): warning CS1591: Missing XML comment for publicly visible type or member 'DeleteServiceRequest.AdditionalProperties' [/home/lysander/repos/bannou/bannou-service/bannou-service.csproj]
/home/lysander/repos/bannou/bannou-service/Generated/Models/ServicedataModels.cs(253,68): warning CS1591: Missing XML comment for publicly visible type or member 'ServiceInfo.AdditionalProperties' [/home/lysander/repos/bannou/bannou-service/bannou-service.csproj]
/home/lysander/repos/bannou/bannou-service/Generated/Models/ServicedataModels.cs(271,64): warning CS1591: Missing XML comment for publicly visible type or member 'ListServicesResponse.Services' [/home/lysander/repos/bannou/bannou-service/bannou-service.csproj]
/home/lysander/repos/bannou/bannou-service/Generated/Models/ServicedataModels.cs(282,68): warning CS1591: Missing XML comment for publicly visible type or member 'ListServicesResponse.AdditionalProperties' [/home/lysander/repos/bannou/bannou-service/bannou-service.csproj]
/home/lysander/repos/bannou/bannou-service/Generated/Clients/SpeciesClient.cs(19,26): warning CS1591: Missing XML comment for publicly visible type or member 'ISpeciesClient' [/home/lysander/repos/bannou/bannou-service/bannou-service.csproj]
/home/lysander/repos/bannou/bannou-service/Generated/Clients/SpeciesClient.cs(28,84): warning CS1573: Parameter 'body' has no matching param tag in the XML comment for 'ISpeciesClient.GetSpeciesAsync(GetSpeciesRequest, CancellationToken)' (but other parameters do) [/home/lysander/repos/bannou/bannou-service/bannou-service.csproj]
/home/lysander/repos/bannou/bannou-service/Generated/Clients/SpeciesClient.cs(39,96): warning CS1573: Parameter 'body' has no matching param tag in the XML comment for 'ISpeciesClient.GetSpeciesByCodeAsync(GetSpeciesByCodeRequest, CancellationToken)' (but other parameters do) [/home/lysander/repos/bannou/bannou-service/bannou-service.csproj]
/home/lysander/repos/bannou/bannou-service/Generated/Clients/SpeciesClient.cs(50,90): warning CS1573: Parameter 'body' has no matching param tag in the XML comment for 'ISpeciesClient.ListSpeciesAsync(ListSpeciesRequest, CancellationToken)' (but other parameters do) [/home/lysander/repos/bannou/bannou-service/bannou-service.csproj]
/home/lysander/repos/bannou/bannou-service/Generated/Clients/SpeciesClient.cs(61,104): warning CS1573: Parameter 'body' has no matching param tag in the XML comment for 'ISpeciesClient.ListSpeciesByRealmAsync(ListSpeciesByRealmRequest, CancellationToken)' (but other parameters do) [/home/lysander/repos/bannou/bannou-service/bannou-service.csproj]
/home/lysander/repos/bannou/bannou-service/Generated/Clients/SpeciesClient.cs(69,90): warning CS1573: Parameter 'body' has no matching param tag in the XML comment for 'ISpeciesClient.CreateSpeciesAsync(CreateSpeciesRequest, CancellationToken)' (but other parameters do) [/home/lysander/repos/bannou/bannou-service/bannou-service.csproj]
/home/lysander/repos/bannou/bannou-service/Generated/Clients/SpeciesClient.cs(77,90): warning CS1573: Parameter 'body' has no matching param tag in the XML comment for 'ISpeciesClient.UpdateSpeciesAsync(UpdateSpeciesRequest, CancellationToken)' (but other parameters do) [/home/lysander/repos/bannou/bannou-service/bannou-service.csproj]
/home/lysander/repos/bannou/bannou-service/Generated/Clients/SpeciesClient.cs(90,73): warning CS1573: Parameter 'body' has no matching param tag in the XML comment for 'ISpeciesClient.DeleteSpeciesAsync(DeleteSpeciesRequest, CancellationToken)' (but other parameters do) [/home/lysander/repos/bannou/bannou-service/bannou-service.csproj]
/home/lysander/repos/bannou/bannou-service/Generated/Clients/SpeciesClient.cs(106,96): warning CS1573: Parameter 'body' has no matching param tag in the XML comment for 'ISpeciesClient.DeprecateSpeciesAsync(DeprecateSpeciesRequest, CancellationToken)' (but other parameters do) [/home/lysander/repos/bannou/bannou-service/bannou-service.csproj]
/home/lysander/repos/bannou/bannou-service/Generated/Clients/SpeciesClient.cs(118,100): warning CS1573: Parameter 'body' has no matching param tag in the XML comment for 'ISpeciesClient.UndeprecateSpeciesAsync(UndeprecateSpeciesRequest, CancellationToken)' (but other parameters do) [/home/lysander/repos/bannou/bannou-service/bannou-service.csproj]
/home/lysander/repos/bannou/bannou-service/Generated/Clients/SpeciesClient.cs(139,93): warning CS1573: Parameter 'body' has no matching param tag in the XML comment for 'ISpeciesClient.MergeSpeciesAsync(MergeSpeciesRequest, CancellationToken)' (but other parameters do) [/home/lysander/repos/bannou/bannou-service/bannou-service.csproj]
/home/lysander/repos/bannou/bannou-service/Generated/Clients/SpeciesClient.cs(150,98): warning CS1573: Parameter 'body' has no matching param tag in the XML comment for 'ISpeciesClient.AddSpeciesToRealmAsync(AddSpeciesToRealmRequest, CancellationToken)' (but other parameters do) [/home/lysander/repos/bannou/bannou-service/bannou-service.csproj]
/home/lysander/repos/bannou/bannou-service/Generated/Clients/SpeciesClient.cs(161,108): warning CS1573: Parameter 'body' has no matching param tag in the XML comment for 'ISpeciesClient.RemoveSpeciesFromRealmAsync(RemoveSpeciesFromRealmRequest, CancellationToken)' (but other parameters do) [/home/lysander/repos/bannou/bannou-service/bannou-service.csproj]
/home/lysander/repos/bannou/bannou-service/Generated/Clients/SpeciesClient.cs(174,90): warning CS1573: Parameter 'body' has no matching param tag in the XML comment for 'ISpeciesClient.SeedSpeciesAsync(SeedSpeciesRequest, CancellationToken)' (but other parameters do) [/home/lysander/repos/bannou/bannou-service/bannou-service.csproj]
/home/lysander/repos/bannou/bannou-service/Generated/Clients/SpeciesClient.cs(178,22): warning CS1591: Missing XML comment for publicly visible type or member 'SpeciesClient' [/home/lysander/repos/bannou/bannou-service/bannou-service.csproj]
/home/lysander/repos/bannou/bannou-service/Generated/Clients/SpeciesClient.cs(198,12): warning CS1591: Missing XML comment for publicly visible type or member 'SpeciesClient.SpeciesClient(IMeshInvocationClient, IServiceAppMappingResolver, ILogger<SpeciesClient>?)' [/home/lysander/repos/bannou/bannou-service/bannou-service.csproj]
/home/lysander/repos/bannou/bannou-service/Generated/Clients/SpeciesClient.cs(206,54): warning CS1591: Missing XML comment for publicly visible type or member 'SpeciesClient.JsonSerializerSettings' [/home/lysander/repos/bannou/bannou-service/bannou-service.csproj]
/home/lysander/repos/bannou/bannou-service/Generated/Clients/SpeciesClient.cs(306,105): warning CS1573: Parameter 'body' has no matching param tag in the XML comment for 'SpeciesClient.GetSpeciesAsync(GetSpeciesRequest, CancellationToken)' (but other parameters do) [/home/lysander/repos/bannou/bannou-service/bannou-service.csproj]
/home/lysander/repos/bannou/bannou-service/Generated/Clients/SpeciesClient.cs(394,117): warning CS1573: Parameter 'body' has no matching param tag in the XML comment for 'SpeciesClient.GetSpeciesByCodeAsync(GetSpeciesByCodeRequest, CancellationToken)' (but other parameters do) [/home/lysander/repos/bannou/bannou-service/bannou-service.csproj]
/home/lysander/repos/bannou/bannou-service/Generated/Clients/SpeciesClient.cs(482,111): warning CS1573: Parameter 'body' has no matching param tag in the XML comment for 'SpeciesClient.ListSpeciesAsync(ListSpeciesRequest, CancellationToken)' (but other parameters do) [/home/lysander/repos/bannou/bannou-service/bannou-service.csproj]
/home/lysander/repos/bannou/bannou-service/Generated/Clients/SpeciesClient.cs(564,125): warning CS1573: Parameter 'body' has no matching param tag in the XML comment for 'SpeciesClient.ListSpeciesByRealmAsync(ListSpeciesByRealmRequest, CancellationToken)' (but other parameters do) [/home/lysander/repos/bannou/bannou-service/bannou-service.csproj]
/home/lysander/repos/bannou/bannou-service/Generated/Clients/SpeciesClient.cs(649,111): warning CS1573: Parameter 'body' has no matching param tag in the XML comment for 'SpeciesClient.CreateSpeciesAsync(CreateSpeciesRequest, CancellationToken)' (but other parameters do) [/home/lysander/repos/bannou/bannou-service/bannou-service.csproj]
/home/lysander/repos/bannou/bannou-service/Generated/Clients/SpeciesClient.cs(740,111): warning CS1573: Parameter 'body' has no matching param tag in the XML comment for 'SpeciesClient.UpdateSpeciesAsync(UpdateSpeciesRequest, CancellationToken)' (but other parameters do) [/home/lysander/repos/bannou/bannou-service/bannou-service.csproj]
/home/lysander/repos/bannou/bannou-service/Generated/Clients/SpeciesClient.cs(836,94): warning CS1573: Parameter 'body' has no matching param tag in the XML comment for 'SpeciesClient.DeleteSpeciesAsync(DeleteSpeciesRequest, CancellationToken)' (but other parameters do) [/home/lysander/repos/bannou/bannou-service/bannou-service.csproj]
/home/lysander/repos/bannou/bannou-service/Generated/Clients/SpeciesClient.cs(929,117): warning CS1573: Parameter 'body' has no matching param tag in the XML comment for 'SpeciesClient.DeprecateSpeciesAsync(DeprecateSpeciesRequest, CancellationToken)' (but other parameters do) [/home/lysander/repos/bannou/bannou-service/bannou-service.csproj]
/home/lysander/repos/bannou/bannou-service/Generated/Clients/SpeciesClient.cs(1024,121): warning CS1573: Parameter 'body' has no matching param tag in the XML comment for 'SpeciesClient.UndeprecateSpeciesAsync(UndeprecateSpeciesRequest, CancellationToken)' (but other parameters do) [/home/lysander/repos/bannou/bannou-service/bannou-service.csproj]
/home/lysander/repos/bannou/bannou-service/Generated/Clients/SpeciesClient.cs(1128,114): warning CS1573: Parameter 'body' has no matching param tag in the XML comment for 'SpeciesClient.MergeSpeciesAsync(MergeSpeciesRequest, CancellationToken)' (but other parameters do) [/home/lysander/repos/bannou/bannou-service/bannou-service.csproj]
/home/lysander/repos/bannou/bannou-service/Generated/Clients/SpeciesClient.cs(1228,119): warning CS1573: Parameter 'body' has no matching param tag in the XML comment for 'SpeciesClient.AddSpeciesToRealmAsync(AddSpeciesToRealmRequest, CancellationToken)' (but other parameters do) [/home/lysander/repos/bannou/bannou-service/bannou-service.csproj]
/home/lysander/repos/bannou/bannou-service/Generated/Clients/SpeciesClient.cs(1322,129): warning CS1573: Parameter 'body' has no matching param tag in the XML comment for 'SpeciesClient.RemoveSpeciesFromRealmAsync(RemoveSpeciesFromRealmRequest, CancellationToken)' (but other parameters do) [/home/lysander/repos/bannou/bannou-service/bannou-service.csproj]
/home/lysander/repos/bannou/bannou-service/Generated/Clients/SpeciesClient.cs(1418,111): warning CS1573: Parameter 'body' has no matching param tag in the XML comment for 'SpeciesClient.SeedSpeciesAsync(SeedSpeciesRequest, CancellationToken)' (but other parameters do) [/home/lysander/repos/bannou/bannou-service/bannou-service.csproj]
/home/lysander/repos/bannou/bannou-service/Generated/Clients/SpeciesClient.cs(1497,22): warning CS1591: Missing XML comment for publicly visible type or member 'SpeciesClient.ObjectResponseResult<T>' [/home/lysander/repos/bannou/bannou-service/bannou-service.csproj]
/home/lysander/repos/bannou/bannou-service/Generated/Clients/SpeciesClient.cs(1499,16): warning CS1591: Missing XML comment for publicly visible type or member 'SpeciesClient.ObjectResponseResult<T>.ObjectResponseResult(T, string)' [/home/lysander/repos/bannou/bannou-service/bannou-service.csproj]
/home/lysander/repos/bannou/bannou-service/Generated/Clients/SpeciesClient.cs(1505,18): warning CS1591: Missing XML comment for publicly visible type or member 'SpeciesClient.ObjectResponseResult<T>.Object' [/home/lysander/repos/bannou/bannou-service/bannou-service.csproj]
/home/lysander/repos/bannou/bannou-service/Generated/Clients/SpeciesClient.cs(1507,23): warning CS1591: Missing XML comment for publicly visible type or member 'SpeciesClient.ObjectResponseResult<T>.Text' [/home/lysander/repos/bannou/bannou-service/bannou-service.csproj]
/home/lysander/repos/bannou/bannou-service/Generated/Clients/SpeciesClient.cs(1530,17): warning CS1591: Missing XML comment for publicly visible type or member 'SpeciesClient.ReadResponseAsString' [/home/lysander/repos/bannou/bannou-service/bannou-service.csproj]
/home/lysander/repos/bannou/bannou-service/Generated/Clients/SpeciesClient.cs(1532,86): warning CS1591: Missing XML comment for publicly visible type or member 'SpeciesClient.ReadObjectResponseAsync<T>(HttpResponseMessage, IReadOnlyDictionary<string, IEnumerable<string>>, CancellationToken)' [/home/lysander/repos/bannou/bannou-service/bannou-service.csproj]
/home/lysander/repos/bannou/bannou-service/Generated/Models/SpeciesModels.cs(18,22): warning CS1591: Missing XML comment for publicly visible type or member 'GetSpeciesRequest' [/home/lysander/repos/bannou/bannou-service/bannou-service.csproj]
/home/lysander/repos/bannou/bannou-service/Generated/Models/SpeciesModels.cs(32,68): warning CS1591: Missing XML comment for publicly visible type or member 'GetSpeciesRequest.AdditionalProperties' [/home/lysander/repos/bannou/bannou-service/bannou-service.csproj]
/home/lysander/repos/bannou/bannou-service/Generated/Models/SpeciesModels.cs(41,22): warning CS1591: Missing XML comment for publicly visible type or member 'GetSpeciesByCodeRequest' [/home/lysander/repos/bannou/bannou-service/bannou-service.csproj]
/home/lysander/repos/bannou/bannou-service/Generated/Models/SpeciesModels.cs(57,68): warning CS1591: Missing XML comment for publicly visible type or member 'GetSpeciesByCodeRequest.AdditionalProperties' [/home/lysander/repos/bannou/bannou-service/bannou-service.csproj]
/home/lysander/repos/bannou/bannou-service/Generated/Models/SpeciesModels.cs(66,22): warning CS1591: Missing XML comment for publicly visible type or member 'ListSpeciesRequest' [/home/lysander/repos/bannou/bannou-service/bannou-service.csproj]
/home/lysander/repos/bannou/bannou-service/Generated/Models/SpeciesModels.cs(89,16): warning CS1591: Missing XML comment for publicly visible type or member 'ListSpeciesRequest.Page' [/home/lysander/repos/bannou/bannou-service/bannou-service.csproj]
/home/lysander/repos/bannou/bannou-service/Generated/Models/SpeciesModels.cs(93,16): warning CS1591: Missing XML comment for publicly visible type or member 'ListSpeciesRequest.PageSize' [/home/lysander/repos/bannou/bannou-service/bannou-service.csproj]
/home/lysander/repos/bannou/bannou-service/Generated/Models/SpeciesModels.cs(98,68): warning CS1591: Missing XML comment for publicly visible type or member 'ListSpeciesRequest.AdditionalProperties' [/home/lysander/repos/bannou/bannou-service/bannou-service.csproj]
/home/lysander/repos/bannou/bannou-service/Generated/Models/SpeciesModels.cs(107,22): warning CS1591: Missing XML comment for publicly visible type or member 'ListSpeciesByRealmRequest' [/home/lysander/repos/bannou/bannou-service/bannou-service.csproj]
/home/lysander/repos/bannou/bannou-service/Generated/Models/SpeciesModels.cs(126,16): warning CS1591: Missing XML comment for publicly visible type or member 'ListSpeciesByRealmRequest.Page' [/home/lysander/repos/bannou/bannou-service/bannou-service.csproj]
/home/lysander/repos/bannou/bannou-service/Generated/Models/SpeciesModels.cs(130,16): warning CS1591: Missing XML comment for publicly visible type or member 'ListSpeciesByRealmRequest.PageSize' [/home/lysander/repos/bannou/bannou-service/bannou-service.csproj]
/home/lysander/repos/bannou/bannou-service/Generated/Models/SpeciesModels.cs(135,68): warning CS1591: Missing XML comment for publicly visible type or member 'ListSpeciesByRealmRequest.AdditionalProperties' [/home/lysander/repos/bannou/bannou-service/bannou-service.csproj]
/home/lysander/repos/bannou/bannou-service/Generated/Models/SpeciesModels.cs(144,22): warning CS1591: Missing XML comment for publicly visible type or member 'CreateSpeciesRequest' [/home/lysander/repos/bannou/bannou-service/bannou-service.csproj]
/home/lysander/repos/bannou/bannou-service/Generated/Models/SpeciesModels.cs(221,68): warning CS1591: Missing XML comment for publicly visible type or member 'CreateSpeciesRequest.AdditionalProperties' [/home/lysander/repos/bannou/bannou-service/bannou-service.csproj]
/home/lysander/repos/bannou/bannou-service/Generated/Models/SpeciesModels.cs(230,22): warning CS1591: Missing XML comment for publicly visible type or member 'UpdateSpeciesRequest' [/home/lysander/repos/bannou/bannou-service/bannou-service.csproj]
/home/lysander/repos/bannou/bannou-service/Generated/Models/SpeciesModels.cs(297,68): warning CS1591: Missing XML comment for publicly visible type or member 'UpdateSpeciesRequest.AdditionalProperties' [/home/lysander/repos/bannou/bannou-service/bannou-service.csproj]
/home/lysander/repos/bannou/bannou-service/Generated/Models/SpeciesModels.cs(306,22): warning CS1591: Missing XML comment for publicly visible type or member 'DeleteSpeciesRequest' [/home/lysander/repos/bannou/bannou-service/bannou-service.csproj]
/home/lysander/repos/bannou/bannou-service/Generated/Models/SpeciesModels.cs(320,68): warning CS1591: Missing XML comment for publicly visible type or member 'DeleteSpeciesRequest.AdditionalProperties' [/home/lysander/repos/bannou/bannou-service/bannou-service.csproj]
/home/lysander/repos/bannou/bannou-service/Generated/Models/SpeciesModels.cs(329,22): warning CS1591: Missing XML comment for publicly visible type or member 'DeprecateSpeciesRequest' [/home/lysander/repos/bannou/bannou-service/bannou-service.csproj]
/home/lysander/repos/bannou/bannou-service/Generated/Models/SpeciesModels.cs(350,68): warning CS1591: Missing XML comment for publicly visible type or member 'DeprecateSpeciesRequest.AdditionalProperties' [/home/lysander/repos/bannou/bannou-service/bannou-service.csproj]
/home/lysander/repos/bannou/bannou-service/Generated/Models/SpeciesModels.cs(359,22): warning CS1591: Missing XML comment for publicly visible type or member 'UndeprecateSpeciesRequest' [/home/lysander/repos/bannou/bannou-service/bannou-service.csproj]
/home/lysander/repos/bannou/bannou-service/Generated/Models/SpeciesModels.cs(373,68): warning CS1591: Missing XML comment for publicly visible type or member 'UndeprecateSpeciesRequest.AdditionalProperties' [/home/lysander/repos/bannou/bannou-service/bannou-service.csproj]
/home/lysander/repos/bannou/bannou-service/Generated/Models/SpeciesModels.cs(382,22): warning CS1591: Missing XML comment for publicly visible type or member 'MergeSpeciesRequest' [/home/lysander/repos/bannou/bannou-service/bannou-service.csproj]
/home/lysander/repos/bannou/bannou-service/Generated/Models/SpeciesModels.cs(410,68): warning CS1591: Missing XML comment for publicly visible type or member 'MergeSpeciesRequest.AdditionalProperties' [/home/lysander/repos/bannou/bannou-service/bannou-service.csproj]
/home/lysander/repos/bannou/bannou-service/Generated/Models/SpeciesModels.cs(419,22): warning CS1591: Missing XML comment for publicly visible type or member 'AddSpeciesToRealmRequest' [/home/lysander/repos/bannou/bannou-service/bannou-service.csproj]
/home/lysander/repos/bannou/bannou-service/Generated/Models/SpeciesModels.cs(441,68): warning CS1591: Missing XML comment for publicly visible type or member 'AddSpeciesToRealmRequest.AdditionalProperties' [/home/lysander/repos/bannou/bannou-service/bannou-service.csproj]
/home/lysander/repos/bannou/bannou-service/Generated/Models/SpeciesModels.cs(450,22): warning CS1591: Missing XML comment for publicly visible type or member 'RemoveSpeciesFromRealmRequest' [/home/lysander/repos/bannou/bannou-service/bannou-service.csproj]
/home/lysander/repos/bannou/bannou-service/Generated/Models/SpeciesModels.cs(472,68): warning CS1591: Missing XML comment for publicly visible type or member 'RemoveSpeciesFromRealmRequest.AdditionalProperties' [/home/lysander/repos/bannou/bannou-service/bannou-service.csproj]
/home/lysander/repos/bannou/bannou-service/Generated/Models/SpeciesModels.cs(481,22): warning CS1591: Missing XML comment for publicly visible type or member 'SeedSpeciesRequest' [/home/lysander/repos/bannou/bannou-service/bannou-service.csproj]
/home/lysander/repos/bannou/bannou-service/Generated/Models/SpeciesModels.cs(501,68): warning CS1591: Missing XML comment for publicly visible type or member 'SeedSpeciesRequest.AdditionalProperties' [/home/lysander/repos/bannou/bannou-service/bannou-service.csproj]
/home/lysander/repos/bannou/bannou-service/Generated/Models/SpeciesModels.cs(510,22): warning CS1591: Missing XML comment for publicly visible type or member 'SeedSpecies' [/home/lysander/repos/bannou/bannou-service/bannou-service.csproj]
/home/lysander/repos/bannou/bannou-service/Generated/Models/SpeciesModels.cs(542,17): warning CS1591: Missing XML comment for publicly visible type or member 'SeedSpecies.IsPlayable' [/home/lysander/repos/bannou/bannou-service/bannou-service.csproj]
/home/lysander/repos/bannou/bannou-service/Generated/Models/SpeciesModels.cs(557,19): warning CS1591: Missing XML comment for publicly visible type or member 'SeedSpecies.TraitModifiers' [/home/lysander/repos/bannou/bannou-service/bannou-service.csproj]
/home/lysander/repos/bannou/bannou-service/Generated/Models/SpeciesModels.cs(566,19): warning CS1591: Missing XML comment for publicly visible type or member 'SeedSpecies.Metadata' [/home/lysander/repos/bannou/bannou-service/bannou-service.csproj]
/home/lysander/repos/bannou/bannou-service/Generated/Models/SpeciesModels.cs(571,68): warning CS1591: Missing XML comment for publicly visible type or member 'SeedSpecies.AdditionalProperties' [/home/lysander/repos/bannou/bannou-service/bannou-service.csproj]
/home/lysander/repos/bannou/bannou-service/Generated/Models/SpeciesModels.cs(580,22): warning CS1591: Missing XML comment for publicly visible type or member 'SpeciesResponse' [/home/lysander/repos/bannou/bannou-service/bannou-service.csproj]
/home/lysander/repos/bannou/bannou-service/Generated/Models/SpeciesModels.cs(586,24): warning CS1591: Missing XML comment for publicly visible type or member 'SpeciesResponse.SpeciesId' [/home/lysander/repos/bannou/bannou-service/bannou-service.csproj]
/home/lysander/repos/bannou/bannou-service/Generated/Models/SpeciesModels.cs(591,19): warning CS1591: Missing XML comment for publicly visible type or member 'SpeciesResponse.Code' [/home/lysander/repos/bannou/bannou-service/bannou-service.csproj]
/home/lysander/repos/bannou/bannou-service/Generated/Models/SpeciesModels.cs(596,19): warning CS1591: Missing XML comment for publicly visible type or member 'SpeciesResponse.Name' [/home/lysander/repos/bannou/bannou-service/bannou-service.csproj]
/home/lysander/repos/bannou/bannou-service/Generated/Models/SpeciesModels.cs(599,20): warning CS1591: Missing XML comment for publicly visible type or member 'SpeciesResponse.Description' [/home/lysander/repos/bannou/bannou-service/bannou-service.csproj]
/home/lysander/repos/bannou/bannou-service/Generated/Models/SpeciesModels.cs(602,20): warning CS1591: Missing XML comment for publicly visible type or member 'SpeciesResponse.Category' [/home/lysander/repos/bannou/bannou-service/bannou-service.csproj]
/home/lysander/repos/bannou/bannou-service/Generated/Models/SpeciesModels.cs(605,17): warning CS1591: Missing XML comment for publicly visible type or member 'SpeciesResponse.IsPlayable' [/home/lysander/repos/bannou/bannou-service/bannou-service.csproj]
/home/lysander/repos/bannou/bannou-service/Generated/Models/SpeciesModels.cs(626,17): warning CS1591: Missing XML comment for publicly visible type or member 'SpeciesResponse.BaseLifespan' [/home/lysander/repos/bannou/bannou-service/bannou-service.csproj]
/home/lysander/repos/bannou/bannou-service/Generated/Models/SpeciesModels.cs(629,17): warning CS1591: Missing XML comment for publicly visible type or member 'SpeciesResponse.MaturityAge' [/home/lysander/repos/bannou/bannou-service/bannou-service.csproj]
/home/lysander/repos/bannou/bannou-service/Generated/Models/SpeciesModels.cs(632,20): warning CS1591: Missing XML comment for publicly visible type or member 'SpeciesResponse.TraitModifiers' [/home/lysander/repos/bannou/bannou-service/bannou-service.csproj]
/home/lysander/repos/bannou/bannou-service/Generated/Models/SpeciesModels.cs(641,20): warning CS1591: Missing XML comment for publicly visible type or member 'SpeciesResponse.Metadata' [/home/lysander/repos/bannou/bannou-service/bannou-service.csproj]
/home/lysander/repos/bannou/bannou-service/Generated/Models/SpeciesModels.cs(646,34): warning CS1591: Missing XML comment for publicly visible type or member 'SpeciesResponse.CreatedAt' [/home/lysander/repos/bannou/bannou-service/bannou-service.csproj]
/home/lysander/repos/bannou/bannou-service/Generated/Models/SpeciesModels.cs(651,34): warning CS1591: Missing XML comment for publicly visible type or member 'SpeciesResponse.UpdatedAt' [/home/lysander/repos/bannou/bannou-service/bannou-service.csproj]
/home/lysander/repos/bannou/bannou-service/Generated/Models/SpeciesModels.cs(656,68): warning CS1591: Missing XML comment for publicly visible type or member 'SpeciesResponse.AdditionalProperties' [/home/lysander/repos/bannou/bannou-service/bannou-service.csproj]
/home/lysander/repos/bannou/bannou-service/Generated/Models/SpeciesModels.cs(665,22): warning CS1591: Missing XML comment for publicly visible type or member 'SpeciesListResponse' [/home/lysander/repos/bannou/bannou-service/bannou-service.csproj]
/home/lysander/repos/bannou/bannou-service/Generated/Models/SpeciesModels.cs(671,68): warning CS1591: Missing XML comment for publicly visible type or member 'SpeciesListResponse.Species' [/home/lysander/repos/bannou/bannou-service/bannou-service.csproj]
/home/lysander/repos/bannou/bannou-service/Generated/Models/SpeciesModels.cs(674,16): warning CS1591: Missing XML comment for publicly visible type or member 'SpeciesListResponse.TotalCount' [/home/lysander/repos/bannou/bannou-service/bannou-service.csproj]
/home/lysander/repos/bannou/bannou-service/Generated/Models/SpeciesModels.cs(677,16): warning CS1591: Missing XML comment for publicly visible type or member 'SpeciesListResponse.Page' [/home/lysander/repos/bannou/bannou-service/bannou-service.csproj]
/home/lysander/repos/bannou/bannou-service/Generated/Models/SpeciesModels.cs(680,16): warning CS1591: Missing XML comment for publicly visible type or member 'SpeciesListResponse.PageSize' [/home/lysander/repos/bannou/bannou-service/bannou-service.csproj]
/home/lysander/repos/bannou/bannou-service/Generated/Models/SpeciesModels.cs(685,68): warning CS1591: Missing XML comment for publicly visible type or member 'SpeciesListResponse.AdditionalProperties' [/home/lysander/repos/bannou/bannou-service/bannou-service.csproj]
/home/lysander/repos/bannou/bannou-service/Generated/Models/SpeciesModels.cs(694,22): warning CS1591: Missing XML comment for publicly visible type or member 'SeedSpeciesResponse' [/home/lysander/repos/bannou/bannou-service/bannou-service.csproj]
/home/lysander/repos/bannou/bannou-service/Generated/Models/SpeciesModels.cs(726,68): warning CS1591: Missing XML comment for publicly visible type or member 'SeedSpeciesResponse.AdditionalProperties' [/home/lysander/repos/bannou/bannou-service/bannou-service.csproj]
/home/lysander/repos/bannou/bannou-service/Generated/Models/SpeciesModels.cs(735,22): warning CS1591: Missing XML comment for publicly visible type or member 'MergeSpeciesResponse' [/home/lysander/repos/bannou/bannou-service/bannou-service.csproj]
/home/lysander/repos/bannou/bannou-service/Generated/Models/SpeciesModels.cs(769,68): warning CS1591: Missing XML comment for publicly visible type or member 'MergeSpeciesResponse.AdditionalProperties' [/home/lysander/repos/bannou/bannou-service/bannou-service.csproj]
/home/lysander/repos/bannou/bannou-service/Generated/Clients/StateClient.cs(19,26): warning CS1591: Missing XML comment for publicly visible type or member 'IStateClient' [/home/lysander/repos/bannou/bannou-service/bannou-service.csproj]
/home/lysander/repos/bannou/bannou-service/Generated/Clients/StateClient.cs(28,81): warning CS1573: Parameter 'body' has no matching param tag in the XML comment for 'IStateClient.GetStateAsync(GetStateRequest, CancellationToken)' (but other parameters do) [/home/lysander/repos/bannou/bannou-service/bannou-service.csproj]
/home/lysander/repos/bannou/bannou-service/Generated/Clients/StateClient.cs(36,84): warning CS1573: Parameter 'body' has no matching param tag in the XML comment for 'IStateClient.SaveStateAsync(SaveStateRequest, CancellationToken)' (but other parameters do) [/home/lysander/repos/bannou/bannou-service/bannou-service.csproj]
/home/lysander/repos/bannou/bannou-service/Generated/Clients/StateClient.cs(44,90): warning CS1573: Parameter 'body' has no matching param tag in the XML comment for 'IStateClient.DeleteStateAsync(DeleteStateRequest, CancellationToken)' (but other parameters do) [/home/lysander/repos/bannou/bannou-service/bannou-service.csproj]
/home/lysander/repos/bannou/bannou-service/Generated/Clients/StateClient.cs(52,87): warning CS1573: Parameter 'body' has no matching param tag in the XML comment for 'IStateClient.QueryStateAsync(QueryStateRequest, CancellationToken)' (but other parameters do) [/home/lysander/repos/bannou/bannou-service/bannou-service.csproj]
/home/lysander/repos/bannou/bannou-service/Generated/Clients/StateClient.cs(60,93): warning CS1573: Parameter 'body' has no matching param tag in the XML comment for 'IStateClient.BulkGetStateAsync(BulkGetStateRequest, CancellationToken)' (but other parameters do) [/home/lysander/repos/bannou/bannou-service/bannou-service.csproj]
/home/lysander/repos/bannou/bannou-service/Generated/Clients/StateClient.cs(68,88): warning CS1573: Parameter 'body' has no matching param tag in the XML comment for 'IStateClient.ListStoresAsync(ListStoresRequest?, CancellationToken)' (but other parameters do) [/home/lysander/repos/bannou/bannou-service/bannou-service.csproj]
/home/lysander/repos/bannou/bannou-service/Generated/Clients/StateClient.cs(72,22): warning CS1591: Missing XML comment for publicly visible type or member 'StateClient' [/home/lysander/repos/bannou/bannou-service/bannou-service.csproj]
/home/lysander/repos/bannou/bannou-service/Generated/Clients/StateClient.cs(92,12): warning CS1591: Missing XML comment for publicly visible type or member 'StateClient.StateClient(IMeshInvocationClient, IServiceAppMappingResolver, ILogger<StateClient>?)' [/home/lysander/repos/bannou/bannou-service/bannou-service.csproj]
/home/lysander/repos/bannou/bannou-service/Generated/Clients/StateClient.cs(100,54): warning CS1591: Missing XML comment for publicly visible type or member 'StateClient.JsonSerializerSettings' [/home/lysander/repos/bannou/bannou-service/bannou-service.csproj]
/home/lysander/repos/bannou/bannou-service/Generated/Clients/StateClient.cs(200,102): warning CS1573: Parameter 'body' has no matching param tag in the XML comment for 'StateClient.GetStateAsync(GetStateRequest, CancellationToken)' (but other parameters do) [/home/lysander/repos/bannou/bannou-service/bannou-service.csproj]
/home/lysander/repos/bannou/bannou-service/Generated/Clients/StateClient.cs(285,105): warning CS1573: Parameter 'body' has no matching param tag in the XML comment for 'StateClient.SaveStateAsync(SaveStateRequest, CancellationToken)' (but other parameters do) [/home/lysander/repos/bannou/bannou-service/bannou-service.csproj]
/home/lysander/repos/bannou/bannou-service/Generated/Clients/StateClient.cs(364,111): warning CS1573: Parameter 'body' has no matching param tag in the XML comment for 'StateClient.DeleteStateAsync(DeleteStateRequest, CancellationToken)' (but other parameters do) [/home/lysander/repos/bannou/bannou-service/bannou-service.csproj]
/home/lysander/repos/bannou/bannou-service/Generated/Clients/StateClient.cs(443,108): warning CS1573: Parameter 'body' has no matching param tag in the XML comment for 'StateClient.QueryStateAsync(QueryStateRequest, CancellationToken)' (but other parameters do) [/home/lysander/repos/bannou/bannou-service/bannou-service.csproj]
/home/lysander/repos/bannou/bannou-service/Generated/Clients/StateClient.cs(534,114): warning CS1573: Parameter 'body' has no matching param tag in the XML comment for 'StateClient.BulkGetStateAsync(BulkGetStateRequest, CancellationToken)' (but other parameters do) [/home/lysander/repos/bannou/bannou-service/bannou-service.csproj]
/home/lysander/repos/bannou/bannou-service/Generated/Clients/StateClient.cs(613,109): warning CS1573: Parameter 'body' has no matching param tag in the XML comment for 'StateClient.ListStoresAsync(ListStoresRequest?, CancellationToken)' (but other parameters do) [/home/lysander/repos/bannou/bannou-service/bannou-service.csproj]
/home/lysander/repos/bannou/bannou-service/Generated/Clients/StateClient.cs(683,22): warning CS1591: Missing XML comment for publicly visible type or member 'StateClient.ObjectResponseResult<T>' [/home/lysander/repos/bannou/bannou-service/bannou-service.csproj]
/home/lysander/repos/bannou/bannou-service/Generated/Clients/StateClient.cs(685,16): warning CS1591: Missing XML comment for publicly visible type or member 'StateClient.ObjectResponseResult<T>.ObjectResponseResult(T, string)' [/home/lysander/repos/bannou/bannou-service/bannou-service.csproj]
/home/lysander/repos/bannou/bannou-service/Generated/Clients/StateClient.cs(691,18): warning CS1591: Missing XML comment for publicly visible type or member 'StateClient.ObjectResponseResult<T>.Object' [/home/lysander/repos/bannou/bannou-service/bannou-service.csproj]
/home/lysander/repos/bannou/bannou-service/Generated/Clients/StateClient.cs(693,23): warning CS1591: Missing XML comment for publicly visible type or member 'StateClient.ObjectResponseResult<T>.Text' [/home/lysander/repos/bannou/bannou-service/bannou-service.csproj]
/home/lysander/repos/bannou/bannou-service/Generated/Clients/StateClient.cs(716,17): warning CS1591: Missing XML comment for publicly visible type or member 'StateClient.ReadResponseAsString' [/home/lysander/repos/bannou/bannou-service/bannou-service.csproj]
/home/lysander/repos/bannou/bannou-service/Generated/Clients/StateClient.cs(718,86): warning CS1591: Missing XML comment for publicly visible type or member 'StateClient.ReadObjectResponseAsync<T>(HttpResponseMessage, IReadOnlyDictionary<string, IEnumerable<string>>, CancellationToken)' [/home/lysander/repos/bannou/bannou-service/bannou-service.csproj]
/home/lysander/repos/bannou/bannou-service/Generated/Models/StateModels.cs(18,22): warning CS1591: Missing XML comment for publicly visible type or member 'GetStateRequest' [/home/lysander/repos/bannou/bannou-service/bannou-service.csproj]
/home/lysander/repos/bannou/bannou-service/Generated/Models/StateModels.cs(40,68): warning CS1591: Missing XML comment for publicly visible type or member 'GetStateRequest.AdditionalProperties' [/home/lysander/repos/bannou/bannou-service/bannou-service.csproj]
/home/lysander/repos/bannou/bannou-service/Generated/Models/StateModels.cs(49,22): warning CS1591: Missing XML comment for publicly visible type or member 'GetStateResponse' [/home/lysander/repos/bannou/bannou-service/bannou-service.csproj]
/home/lysander/repos/bannou/bannou-service/Generated/Models/StateModels.cs(65,26): warning CS1591: Missing XML comment for publicly visible type or member 'GetStateResponse.Metadata' [/home/lysander/repos/bannou/bannou-service/bannou-service.csproj]
/home/lysander/repos/bannou/bannou-service/Generated/Models/StateModels.cs(70,68): warning CS1591: Missing XML comment for publicly visible type or member 'GetStateResponse.AdditionalProperties' [/home/lysander/repos/bannou/bannou-service/bannou-service.csproj]
/home/lysander/repos/bannou/bannou-service/Generated/Models/StateModels.cs(79,22): warning CS1591: Missing XML comment for publicly visible type or member 'SaveStateRequest' [/home/lysander/repos/bannou/bannou-service/bannou-service.csproj]
/home/lysander/repos/bannou/bannou-service/Generated/Models/StateModels.cs(107,25): warning CS1591: Missing XML comment for publicly visible type or member 'SaveStateRequest.Options' [/home/lysander/repos/bannou/bannou-service/bannou-service.csproj]
/home/lysander/repos/bannou/bannou-service/Generated/Models/StateModels.cs(112,68): warning CS1591: Missing XML comment for publicly visible type or member 'SaveStateRequest.AdditionalProperties' [/home/lysander/repos/bannou/bannou-service/bannou-service.csproj]
/home/lysander/repos/bannou/bannou-service/Generated/Models/StateModels.cs(121,22): warning CS1591: Missing XML comment for publicly visible type or member 'SaveStateResponse' [/home/lysander/repos/bannou/bannou-service/bannou-service.csproj]
/home/lysander/repos/bannou/bannou-service/Generated/Models/StateModels.cs(139,68): warning CS1591: Missing XML comment for publicly visible type or member 'SaveStateResponse.AdditionalProperties' [/home/lysander/repos/bannou/bannou-service/bannou-service.csproj]
/home/lysander/repos/bannou/bannou-service/Generated/Models/StateModels.cs(148,22): warning CS1591: Missing XML comment for publicly visible type or member 'DeleteStateRequest' [/home/lysander/repos/bannou/bannou-service/bannou-service.csproj]
/home/lysander/repos/bannou/bannou-service/Generated/Models/StateModels.cs(170,68): warning CS1591: Missing XML comment for publicly visible type or member 'DeleteStateRequest.AdditionalProperties' [/home/lysander/repos/bannou/bannou-service/bannou-service.csproj]
/home/lysander/repos/bannou/bannou-service/Generated/Models/StateModels.cs(179,22): warning CS1591: Missing XML comment for publicly visible type or member 'DeleteStateResponse' [/home/lysander/repos/bannou/bannou-service/bannou-service.csproj]
/home/lysander/repos/bannou/bannou-service/Generated/Models/StateModels.cs(191,68): warning CS1591: Missing XML comment for publicly visible type or member 'DeleteStateResponse.AdditionalProperties' [/home/lysander/repos/bannou/bannou-service/bannou-service.csproj]
/home/lysander/repos/bannou/bannou-service/Generated/Models/StateModels.cs(200,22): warning CS1591: Missing XML comment for publicly visible type or member 'StateOptions' [/home/lysander/repos/bannou/bannou-service/bannou-service.csproj]
/home/lysander/repos/bannou/bannou-service/Generated/Models/StateModels.cs(225,68): warning CS1591: Missing XML comment for publicly visible type or member 'StateOptions.AdditionalProperties' [/home/lysander/repos/bannou/bannou-service/bannou-service.csproj]
/home/lysander/repos/bannou/bannou-service/Generated/Models/StateModels.cs(234,22): warning CS1591: Missing XML comment for publicly visible type or member 'StateMetadata' [/home/lysander/repos/bannou/bannou-service/bannou-service.csproj]
/home/lysander/repos/bannou/bannou-service/Generated/Models/StateModels.cs(258,68): warning CS1591: Missing XML comment for publicly visible type or member 'StateMetadata.AdditionalProperties' [/home/lysander/repos/bannou/bannou-service/bannou-service.csproj]
/home/lysander/repos/bannou/bannou-service/Generated/Models/StateModels.cs(267,22): warning CS1591: Missing XML comment for publicly visible type or member 'QueryStateRequest' [/home/lysander/repos/bannou/bannou-service/bannou-service.csproj]
/home/lysander/repos/bannou/bannou-service/Generated/Models/StateModels.cs(339,68): warning CS1591: Missing XML comment for publicly visible type or member 'QueryStateRequest.AdditionalProperties' [/home/lysander/repos/bannou/bannou-service/bannou-service.csproj]
/home/lysander/repos/bannou/bannou-service/Generated/Models/StateModels.cs(348,22): warning CS1591: Missing XML comment for publicly visible type or member 'SortField' [/home/lysander/repos/bannou/bannou-service/bannou-service.csproj]
/home/lysander/repos/bannou/bannou-service/Generated/Models/StateModels.cs(367,68): warning CS1591: Missing XML comment for publicly visible type or member 'SortField.AdditionalProperties' [/home/lysander/repos/bannou/bannou-service/bannou-service.csproj]
/home/lysander/repos/bannou/bannou-service/Generated/Models/StateModels.cs(392,26): warning CS1591: Missing XML comment for publicly visible type or member 'QueryCondition.Operator' [/home/lysander/repos/bannou/bannou-service/bannou-service.csproj]
/home/lysander/repos/bannou/bannou-service/Generated/Models/StateModels.cs(403,68): warning CS1591: Missing XML comment for publicly visible type or member 'QueryCondition.AdditionalProperties' [/home/lysander/repos/bannou/bannou-service/bannou-service.csproj]
/home/lysander/repos/bannou/bannou-service/Generated/Models/StateModels.cs(419,5): warning CS1591: Missing XML comment for publicly visible type or member 'QueryOperator.Equals' [/home/lysander/repos/bannou/bannou-service/bannou-service.csproj]
/home/lysander/repos/bannou/bannou-service/Generated/Models/StateModels.cs(422,5): warning CS1591: Missing XML comment for publicly visible type or member 'QueryOperator.NotEquals' [/home/lysander/repos/bannou/bannou-service/bannou-service.csproj]
/home/lysander/repos/bannou/bannou-service/Generated/Models/StateModels.cs(425,5): warning CS1591: Missing XML comment for publicly visible type or member 'QueryOperator.GreaterThan' [/home/lysander/repos/bannou/bannou-service/bannou-service.csproj]
/home/lysander/repos/bannou/bannou-service/Generated/Models/StateModels.cs(428,5): warning CS1591: Missing XML comment for publicly visible type or member 'QueryOperator.GreaterThanOrEqual' [/home/lysander/repos/bannou/bannou-service/bannou-service.csproj]
/home/lysander/repos/bannou/bannou-service/Generated/Models/StateModels.cs(431,5): warning CS1591: Missing XML comment for publicly visible type or member 'QueryOperator.LessThan' [/home/lysander/repos/bannou/bannou-service/bannou-service.csproj]
/home/lysander/repos/bannou/bannou-service/Generated/Models/StateModels.cs(434,5): warning CS1591: Missing XML comment for publicly visible type or member 'QueryOperator.LessThanOrEqual' [/home/lysander/repos/bannou/bannou-service/bannou-service.csproj]
/home/lysander/repos/bannou/bannou-service/Generated/Models/StateModels.cs(437,5): warning CS1591: Missing XML comment for publicly visible type or member 'QueryOperator.Contains' [/home/lysander/repos/bannou/bannou-service/bannou-service.csproj]
/home/lysander/repos/bannou/bannou-service/Generated/Models/StateModels.cs(440,5): warning CS1591: Missing XML comment for publicly visible type or member 'QueryOperator.StartsWith' [/home/lysander/repos/bannou/bannou-service/bannou-service.csproj]
/home/lysander/repos/bannou/bannou-service/Generated/Models/StateModels.cs(443,5): warning CS1591: Missing XML comment for publicly visible type or member 'QueryOperator.EndsWith' [/home/lysander/repos/bannou/bannou-service/bannou-service.csproj]
/home/lysander/repos/bannou/bannou-service/Generated/Models/StateModels.cs(446,5): warning CS1591: Missing XML comment for publicly visible type or member 'QueryOperator.In' [/home/lysander/repos/bannou/bannou-service/bannou-service.csproj]
/home/lysander/repos/bannou/bannou-service/Generated/Models/StateModels.cs(449,5): warning CS1591: Missing XML comment for publicly visible type or member 'QueryOperator.Exists' [/home/lysander/repos/bannou/bannou-service/bannou-service.csproj]
/home/lysander/repos/bannou/bannou-service/Generated/Models/StateModels.cs(452,5): warning CS1591: Missing XML comment for publicly visible type or member 'QueryOperator.NotExists' [/home/lysander/repos/bannou/bannou-service/bannou-service.csproj]
/home/lysander/repos/bannou/bannou-service/Generated/Models/StateModels.cs(455,5): warning CS1591: Missing XML comment for publicly visible type or member 'QueryOperator.FullText' [/home/lysander/repos/bannou/bannou-service/bannou-service.csproj]
/home/lysander/repos/bannou/bannou-service/Generated/Models/StateModels.cs(460,22): warning CS1591: Missing XML comment for publicly visible type or member 'QueryStateResponse' [/home/lysander/repos/bannou/bannou-service/bannou-service.csproj]
/home/lysander/repos/bannou/bannou-service/Generated/Models/StateModels.cs(490,68): warning CS1591: Missing XML comment for publicly visible type or member 'QueryStateResponse.AdditionalProperties' [/home/lysander/repos/bannou/bannou-service/bannou-service.csproj]
/home/lysander/repos/bannou/bannou-service/Generated/Models/StateModels.cs(499,22): warning CS1591: Missing XML comment for publicly visible type or member 'BulkGetStateRequest' [/home/lysander/repos/bannou/bannou-service/bannou-service.csproj]
/home/lysander/repos/bannou/bannou-service/Generated/Models/StateModels.cs(521,68): warning CS1591: Missing XML comment for publicly visible type or member 'BulkGetStateRequest.AdditionalProperties' [/home/lysander/repos/bannou/bannou-service/bannou-service.csproj]
/home/lysander/repos/bannou/bannou-service/Generated/Models/StateModels.cs(530,22): warning CS1591: Missing XML comment for publicly visible type or member 'BulkGetStateResponse' [/home/lysander/repos/bannou/bannou-service/bannou-service.csproj]
/home/lysander/repos/bannou/bannou-service/Generated/Models/StateModels.cs(542,68): warning CS1591: Missing XML comment for publicly visible type or member 'BulkGetStateResponse.AdditionalProperties' [/home/lysander/repos/bannou/bannou-service/bannou-service.csproj]
/home/lysander/repos/bannou/bannou-service/Generated/Models/StateModels.cs(551,22): warning CS1591: Missing XML comment for publicly visible type or member 'BulkStateItem' [/home/lysander/repos/bannou/bannou-service/bannou-service.csproj]
/home/lysander/repos/bannou/bannou-service/Generated/Models/StateModels.cs(581,68): warning CS1591: Missing XML comment for publicly visible type or member 'BulkStateItem.AdditionalProperties' [/home/lysander/repos/bannou/bannou-service/bannou-service.csproj]
/home/lysander/repos/bannou/bannou-service/Generated/Models/StateModels.cs(612,68): warning CS1591: Missing XML comment for publicly visible type or member 'ListStoresRequest.AdditionalProperties' [/home/lysander/repos/bannou/bannou-service/bannou-service.csproj]
/home/lysander/repos/bannou/bannou-service/Generated/Models/StateModels.cs(621,22): warning CS1591: Missing XML comment for publicly visible type or member 'ListStoresResponse' [/home/lysander/repos/bannou/bannou-service/bannou-service.csproj]
/home/lysander/repos/bannou/bannou-service/Generated/Models/StateModels.cs(633,68): warning CS1591: Missing XML comment for publicly visible type or member 'ListStoresResponse.AdditionalProperties' [/home/lysander/repos/bannou/bannou-service/bannou-service.csproj]
/home/lysander/repos/bannou/bannou-service/Generated/Models/StateModels.cs(642,22): warning CS1591: Missing XML comment for publicly visible type or member 'StoreInfo' [/home/lysander/repos/bannou/bannou-service/bannou-service.csproj]
/home/lysander/repos/bannou/bannou-service/Generated/Models/StateModels.cs(667,68): warning CS1591: Missing XML comment for publicly visible type or member 'StoreInfo.AdditionalProperties' [/home/lysander/repos/bannou/bannou-service/bannou-service.csproj]
/home/lysander/repos/bannou/bannou-service/Generated/Models/StateModels.cs(676,13): warning CS1591: Missing XML comment for publicly visible type or member 'StateOptionsConsistency' [/home/lysander/repos/bannou/bannou-service/bannou-service.csproj]
/home/lysander/repos/bannou/bannou-service/Generated/Models/StateModels.cs(680,5): warning CS1591: Missing XML comment for publicly visible type or member 'StateOptionsConsistency.Strong' [/home/lysander/repos/bannou/bannou-service/bannou-service.csproj]
/home/lysander/repos/bannou/bannou-service/Generated/Models/StateModels.cs(683,5): warning CS1591: Missing XML comment for publicly visible type or member 'StateOptionsConsistency.Eventual' [/home/lysander/repos/bannou/bannou-service/bannou-service.csproj]
/home/lysander/repos/bannou/bannou-service/Generated/Models/StateModels.cs(688,13): warning CS1591: Missing XML comment for publicly visible type or member 'SortFieldOrder' [/home/lysander/repos/bannou/bannou-service/bannou-service.csproj]
/home/lysander/repos/bannou/bannou-service/Generated/Models/StateModels.cs(692,5): warning CS1591: Missing XML comment for publicly visible type or member 'SortFieldOrder.Asc' [/home/lysander/repos/bannou/bannou-service/bannou-service.csproj]
/home/lysander/repos/bannou/bannou-service/Generated/Models/StateModels.cs(695,5): warning CS1591: Missing XML comment for publicly visible type or member 'SortFieldOrder.Desc' [/home/lysander/repos/bannou/bannou-service/bannou-service.csproj]
/home/lysander/repos/bannou/bannou-service/Generated/Models/StateModels.cs(700,13): warning CS1591: Missing XML comment for publicly visible type or member 'ListStoresRequestBackendFilter' [/home/lysander/repos/bannou/bannou-service/bannou-service.csproj]
/home/lysander/repos/bannou/bannou-service/Generated/Models/StateModels.cs(704,5): warning CS1591: Missing XML comment for publicly visible type or member 'ListStoresRequestBackendFilter.Redis' [/home/lysander/repos/bannou/bannou-service/bannou-service.csproj]
/home/lysander/repos/bannou/bannou-service/Generated/Models/StateModels.cs(707,5): warning CS1591: Missing XML comment for publicly visible type or member 'ListStoresRequestBackendFilter.Mysql' [/home/lysander/repos/bannou/bannou-service/bannou-service.csproj]
/home/lysander/repos/bannou/bannou-service/Generated/Models/StateModels.cs(712,13): warning CS1591: Missing XML comment for publicly visible type or member 'StoreInfoBackend' [/home/lysander/repos/bannou/bannou-service/bannou-service.csproj]
/home/lysander/repos/bannou/bannou-service/Generated/Models/StateModels.cs(716,5): warning CS1591: Missing XML comment for publicly visible type or member 'StoreInfoBackend.Redis' [/home/lysander/repos/bannou/bannou-service/bannou-service.csproj]
/home/lysander/repos/bannou/bannou-service/Generated/Models/StateModels.cs(719,5): warning CS1591: Missing XML comment for publicly visible type or member 'StoreInfoBackend.Mysql' [/home/lysander/repos/bannou/bannou-service/bannou-service.csproj]
/home/lysander/repos/bannou/bannou-service/Generated/Clients/SubscriptionsClient.cs(19,26): warning CS1591: Missing XML comment for publicly visible type or member 'ISubscriptionsClient' [/home/lysander/repos/bannou/bannou-service/bannou-service.csproj]
/home/lysander/repos/bannou/bannou-service/Generated/Clients/SubscriptionsClient.cs(31,119): warning CS1573: Parameter 'body' has no matching param tag in the XML comment for 'ISubscriptionsClient.GetAccountSubscriptionsAsync(GetAccountSubscriptionsRequest, CancellationToken)' (but other parameters do) [/home/lysander/repos/bannou/bannou-service/bannou-service.csproj]
/home/lysander/repos/bannou/bannou-service/Generated/Clients/SubscriptionsClient.cs(43,123): warning CS1573: Parameter 'body' has no matching param tag in the XML comment for 'ISubscriptionsClient.GetCurrentSubscriptionsAsync(GetCurrentSubscriptionsRequest, CancellationToken)' (but other parameters do) [/home/lysander/repos/bannou/bannou-service/bannou-service.csproj]
/home/lysander/repos/bannou/bannou-service/Generated/Clients/SubscriptionsClient.cs(51,95): warning CS1573: Parameter 'body' has no matching param tag in the XML comment for 'ISubscriptionsClient.GetSubscriptionAsync(GetSubscriptionRequest, CancellationToken)' (but other parameters do) [/home/lysander/repos/bannou/bannou-service/bannou-service.csproj]
/home/lysander/repos/bannou/bannou-service/Generated/Clients/SubscriptionsClient.cs(62,101): warning CS1573: Parameter 'body' has no matching param tag in the XML comment for 'ISubscriptionsClient.CreateSubscriptionAsync(CreateSubscriptionRequest, CancellationToken)' (but other parameters do) [/home/lysander/repos/bannou/bannou-service/bannou-service.csproj]
/home/lysander/repos/bannou/bannou-service/Generated/Clients/SubscriptionsClient.cs(73,101): warning CS1573: Parameter 'body' has no matching param tag in the XML comment for 'ISubscriptionsClient.UpdateSubscriptionAsync(UpdateSubscriptionRequest, CancellationToken)' (but other parameters do) [/home/lysander/repos/bannou/bannou-service/bannou-service.csproj]
/home/lysander/repos/bannou/bannou-service/Generated/Clients/SubscriptionsClient.cs(85,101): warning CS1573: Parameter 'body' has no matching param tag in the XML comment for 'ISubscriptionsClient.CancelSubscriptionAsync(CancelSubscriptionRequest, CancellationToken)' (but other parameters do) [/home/lysander/repos/bannou/bannou-service/bannou-service.csproj]
/home/lysander/repos/bannou/bannou-service/Generated/Clients/SubscriptionsClient.cs(96,99): warning CS1573: Parameter 'body' has no matching param tag in the XML comment for 'ISubscriptionsClient.RenewSubscriptionAsync(RenewSubscriptionRequest, CancellationToken)' (but other parameters do) [/home/lysander/repos/bannou/bannou-service/bannou-service.csproj]
/home/lysander/repos/bannou/bannou-service/Generated/Clients/SubscriptionsClient.cs(100,22): warning CS1591: Missing XML comment for publicly visible type or member 'SubscriptionsClient' [/home/lysander/repos/bannou/bannou-service/bannou-service.csproj]
/home/lysander/repos/bannou/bannou-service/Generated/Clients/SubscriptionsClient.cs(120,12): warning CS1591: Missing XML comment for publicly visible type or member 'SubscriptionsClient.SubscriptionsClient(IMeshInvocationClient, IServiceAppMappingResolver, ILogger<SubscriptionsClient>?)' [/home/lysander/repos/bannou/bannou-service/bannou-service.csproj]
/home/lysander/repos/bannou/bannou-service/Generated/Clients/SubscriptionsClient.cs(128,54): warning CS1591: Missing XML comment for publicly visible type or member 'SubscriptionsClient.JsonSerializerSettings' [/home/lysander/repos/bannou/bannou-service/bannou-service.csproj]
/home/lysander/repos/bannou/bannou-service/Generated/Clients/SubscriptionsClient.cs(231,140): warning CS1573: Parameter 'body' has no matching param tag in the XML comment for 'SubscriptionsClient.GetAccountSubscriptionsAsync(GetAccountSubscriptionsRequest, CancellationToken)' (but other parameters do) [/home/lysander/repos/bannou/bannou-service/bannou-service.csproj]
/home/lysander/repos/bannou/bannou-service/Generated/Clients/SubscriptionsClient.cs(314,144): warning CS1573: Parameter 'body' has no matching param tag in the XML comment for 'SubscriptionsClient.GetCurrentSubscriptionsAsync(GetCurrentSubscriptionsRequest, CancellationToken)' (but other parameters do) [/home/lysander/repos/bannou/bannou-service/bannou-service.csproj]
/home/lysander/repos/bannou/bannou-service/Generated/Clients/SubscriptionsClient.cs(393,116): warning CS1573: Parameter 'body' has no matching param tag in the XML comment for 'SubscriptionsClient.GetSubscriptionAsync(GetSubscriptionRequest, CancellationToken)' (but other parameters do) [/home/lysander/repos/bannou/bannou-service/bannou-service.csproj]
/home/lysander/repos/bannou/bannou-service/Generated/Clients/SubscriptionsClient.cs(481,122): warning CS1573: Parameter 'body' has no matching param tag in the XML comment for 'SubscriptionsClient.CreateSubscriptionAsync(CreateSubscriptionRequest, CancellationToken)' (but other parameters do) [/home/lysander/repos/bannou/bannou-service/bannou-service.csproj]
/home/lysander/repos/bannou/bannou-service/Generated/Clients/SubscriptionsClient.cs(581,122): warning CS1573: Parameter 'body' has no matching param tag in the XML comment for 'SubscriptionsClient.UpdateSubscriptionAsync(UpdateSubscriptionRequest, CancellationToken)' (but other parameters do) [/home/lysander/repos/bannou/bannou-service/bannou-service.csproj]
/home/lysander/repos/bannou/bannou-service/Generated/Clients/SubscriptionsClient.cs(670,122): warning CS1573: Parameter 'body' has no matching param tag in the XML comment for 'SubscriptionsClient.CancelSubscriptionAsync(CancelSubscriptionRequest, CancellationToken)' (but other parameters do) [/home/lysander/repos/bannou/bannou-service/bannou-service.csproj]
/home/lysander/repos/bannou/bannou-service/Generated/Clients/SubscriptionsClient.cs(764,120): warning CS1573: Parameter 'body' has no matching param tag in the XML comment for 'SubscriptionsClient.RenewSubscriptionAsync(RenewSubscriptionRequest, CancellationToken)' (but other parameters do) [/home/lysander/repos/bannou/bannou-service/bannou-service.csproj]
/home/lysander/repos/bannou/bannou-service/Generated/Clients/SubscriptionsClient.cs(843,22): warning CS1591: Missing XML comment for publicly visible type or member 'SubscriptionsClient.ObjectResponseResult<T>' [/home/lysander/repos/bannou/bannou-service/bannou-service.csproj]
/home/lysander/repos/bannou/bannou-service/Generated/Clients/SubscriptionsClient.cs(845,16): warning CS1591: Missing XML comment for publicly visible type or member 'SubscriptionsClient.ObjectResponseResult<T>.ObjectResponseResult(T, string)' [/home/lysander/repos/bannou/bannou-service/bannou-service.csproj]
/home/lysander/repos/bannou/bannou-service/Generated/Clients/SubscriptionsClient.cs(851,18): warning CS1591: Missing XML comment for publicly visible type or member 'SubscriptionsClient.ObjectResponseResult<T>.Object' [/home/lysander/repos/bannou/bannou-service/bannou-service.csproj]
/home/lysander/repos/bannou/bannou-service/Generated/Clients/SubscriptionsClient.cs(853,23): warning CS1591: Missing XML comment for publicly visible type or member 'SubscriptionsClient.ObjectResponseResult<T>.Text' [/home/lysander/repos/bannou/bannou-service/bannou-service.csproj]
/home/lysander/repos/bannou/bannou-service/Generated/Clients/SubscriptionsClient.cs(876,17): warning CS1591: Missing XML comment for publicly visible type or member 'SubscriptionsClient.ReadResponseAsString' [/home/lysander/repos/bannou/bannou-service/bannou-service.csproj]
/home/lysander/repos/bannou/bannou-service/Generated/Clients/SubscriptionsClient.cs(878,86): warning CS1591: Missing XML comment for publicly visible type or member 'SubscriptionsClient.ReadObjectResponseAsync<T>(HttpResponseMessage, IReadOnlyDictionary<string, IEnumerable<string>>, CancellationToken)' [/home/lysander/repos/bannou/bannou-service/bannou-service.csproj]
/home/lysander/repos/bannou/bannou-service/Generated/Models/SubscriptionsModels.cs(47,68): warning CS1591: Missing XML comment for publicly visible type or member 'GetAccountSubscriptionsRequest.AdditionalProperties' [/home/lysander/repos/bannou/bannou-service/bannou-service.csproj]
/home/lysander/repos/bannou/bannou-service/Generated/Models/SubscriptionsModels.cs(73,68): warning CS1591: Missing XML comment for publicly visible type or member 'GetCurrentSubscriptionsRequest.AdditionalProperties' [/home/lysander/repos/bannou/bannou-service/bannou-service.csproj]
/home/lysander/repos/bannou/bannou-service/Generated/Models/SubscriptionsModels.cs(99,68): warning CS1591: Missing XML comment for publicly visible type or member 'GetSubscriptionRequest.AdditionalProperties' [/home/lysander/repos/bannou/bannou-service/bannou-service.csproj]
/home/lysander/repos/bannou/bannou-service/Generated/Models/SubscriptionsModels.cs(151,68): warning CS1591: Missing XML comment for publicly visible type or member 'CreateSubscriptionRequest.AdditionalProperties' [/home/lysander/repos/bannou/bannou-service/bannou-service.csproj]
/home/lysander/repos/bannou/bannou-service/Generated/Models/SubscriptionsModels.cs(189,68): warning CS1591: Missing XML comment for publicly visible type or member 'UpdateSubscriptionRequest.AdditionalProperties' [/home/lysander/repos/bannou/bannou-service/bannou-service.csproj]
/home/lysander/repos/bannou/bannou-service/Generated/Models/SubscriptionsModels.cs(222,68): warning CS1591: Missing XML comment for publicly visible type or member 'CancelSubscriptionRequest.AdditionalProperties' [/home/lysander/repos/bannou/bannou-service/bannou-service.csproj]
/home/lysander/repos/bannou/bannou-service/Generated/Models/SubscriptionsModels.cs(260,68): warning CS1591: Missing XML comment for publicly visible type or member 'RenewSubscriptionRequest.AdditionalProperties' [/home/lysander/repos/bannou/bannou-service/bannou-service.csproj]
/home/lysander/repos/bannou/bannou-service/Generated/Models/SubscriptionsModels.cs(362,68): warning CS1591: Missing XML comment for publicly visible type or member 'SubscriptionInfo.AdditionalProperties' [/home/lysander/repos/bannou/bannou-service/bannou-service.csproj]
/home/lysander/repos/bannou/bannou-service/Generated/Models/SubscriptionsModels.cs(402,68): warning CS1591: Missing XML comment for publicly visible type or member 'CurrentSubscriptionsResponse.AdditionalProperties' [/home/lysander/repos/bannou/bannou-service/bannou-service.csproj]
/home/lysander/repos/bannou/bannou-service/Generated/Models/SubscriptionsModels.cs(420,69): warning CS1591: Missing XML comment for publicly visible type or member 'SubscriptionListResponse.Subscriptions' [/home/lysander/repos/bannou/bannou-service/bannou-service.csproj]
/home/lysander/repos/bannou/bannou-service/Generated/Models/SubscriptionsModels.cs(431,68): warning CS1591: Missing XML comment for publicly visible type or member 'SubscriptionListResponse.AdditionalProperties' [/home/lysander/repos/bannou/bannou-service/bannou-service.csproj]
/home/lysander/repos/bannou/bannou-service/Generated/Clients/VoiceClient.cs(19,26): warning CS1591: Missing XML comment for publicly visible type or member 'IVoiceClient' [/home/lysander/repos/bannou/bannou-service/bannou-service.csproj]
/home/lysander/repos/bannou/bannou-service/Generated/Clients/VoiceClient.cs(33,96): warning CS1573: Parameter 'body' has no matching param tag in the XML comment for 'IVoiceClient.CreateVoiceRoomAsync(CreateVoiceRoomRequest, CancellationToken)' (but other parameters do) [/home/lysander/repos/bannou/bannou-service/bannou-service.csproj]
/home/lysander/repos/bannou/bannou-service/Generated/Clients/VoiceClient.cs(45,90): warning CS1573: Parameter 'body' has no matching param tag in the XML comment for 'IVoiceClient.GetVoiceRoomAsync(GetVoiceRoomRequest, CancellationToken)' (but other parameters do) [/home/lysander/repos/bannou/bannou-service/bannou-service.csproj]
/home/lysander/repos/bannou/bannou-service/Generated/Clients/VoiceClient.cs(59,96): warning CS1573: Parameter 'body' has no matching param tag in the XML comment for 'IVoiceClient.JoinVoiceRoomAsync(JoinVoiceRoomRequest, CancellationToken)' (but other parameters do) [/home/lysander/repos/bannou/bannou-service/bannou-service.csproj]
/home/lysander/repos/bannou/bannou-service/Generated/Clients/VoiceClient.cs(71,75): warning CS1573: Parameter 'body' has no matching param tag in the XML comment for 'IVoiceClient.LeaveVoiceRoomAsync(LeaveVoiceRoomRequest, CancellationToken)' (but other parameters do) [/home/lysander/repos/bannou/bannou-service/bannou-service.csproj]
/home/lysander/repos/bannou/bannou-service/Generated/Clients/VoiceClient.cs(83,77): warning CS1573: Parameter 'body' has no matching param tag in the XML comment for 'IVoiceClient.DeleteVoiceRoomAsync(DeleteVoiceRoomRequest, CancellationToken)' (but other parameters do) [/home/lysander/repos/bannou/bannou-service/bannou-service.csproj]
/home/lysander/repos/bannou/bannou-service/Generated/Clients/VoiceClient.cs(95,73): warning CS1573: Parameter 'body' has no matching param tag in the XML comment for 'IVoiceClient.PeerHeartbeatAsync(PeerHeartbeatRequest, CancellationToken)' (but other parameters do) [/home/lysander/repos/bannou/bannou-service/bannou-service.csproj]
/home/lysander/repos/bannou/bannou-service/Generated/Clients/VoiceClient.cs(112,67): warning CS1573: Parameter 'body' has no matching param tag in the XML comment for 'IVoiceClient.AnswerPeerAsync(AnswerPeerRequest, CancellationToken)' (but other parameters do) [/home/lysander/repos/bannou/bannou-service/bannou-service.csproj]
/home/lysander/repos/bannou/bannou-service/Generated/Clients/VoiceClient.cs(116,22): warning CS1591: Missing XML comment for publicly visible type or member 'VoiceClient' [/home/lysander/repos/bannou/bannou-service/bannou-service.csproj]
/home/lysander/repos/bannou/bannou-service/Generated/Clients/VoiceClient.cs(136,12): warning CS1591: Missing XML comment for publicly visible type or member 'VoiceClient.VoiceClient(IMeshInvocationClient, IServiceAppMappingResolver, ILogger<VoiceClient>?)' [/home/lysander/repos/bannou/bannou-service/bannou-service.csproj]
/home/lysander/repos/bannou/bannou-service/Generated/Clients/VoiceClient.cs(144,54): warning CS1591: Missing XML comment for publicly visible type or member 'VoiceClient.JsonSerializerSettings' [/home/lysander/repos/bannou/bannou-service/bannou-service.csproj]
/home/lysander/repos/bannou/bannou-service/Generated/Clients/VoiceClient.cs(249,117): warning CS1573: Parameter 'body' has no matching param tag in the XML comment for 'VoiceClient.CreateVoiceRoomAsync(CreateVoiceRoomRequest, CancellationToken)' (but other parameters do) [/home/lysander/repos/bannou/bannou-service/bannou-service.csproj]
/home/lysander/repos/bannou/bannou-service/Generated/Clients/VoiceClient.cs(344,111): warning CS1573: Parameter 'body' has no matching param tag in the XML comment for 'VoiceClient.GetVoiceRoomAsync(GetVoiceRoomRequest, CancellationToken)' (but other parameters do) [/home/lysander/repos/bannou/bannou-service/bannou-service.csproj]
/home/lysander/repos/bannou/bannou-service/Generated/Clients/VoiceClient.cs(435,117): warning CS1573: Parameter 'body' has no matching param tag in the XML comment for 'VoiceClient.JoinVoiceRoomAsync(JoinVoiceRoomRequest, CancellationToken)' (but other parameters do) [/home/lysander/repos/bannou/bannou-service/bannou-service.csproj]
/home/lysander/repos/bannou/bannou-service/Generated/Clients/VoiceClient.cs(536,96): warning CS1573: Parameter 'body' has no matching param tag in the XML comment for 'VoiceClient.LeaveVoiceRoomAsync(LeaveVoiceRoomRequest, CancellationToken)' (but other parameters do) [/home/lysander/repos/bannou/bannou-service/bannou-service.csproj]
/home/lysander/repos/bannou/bannou-service/Generated/Clients/VoiceClient.cs(619,98): warning CS1573: Parameter 'body' has no matching param tag in the XML comment for 'VoiceClient.DeleteVoiceRoomAsync(DeleteVoiceRoomRequest, CancellationToken)' (but other parameters do) [/home/lysander/repos/bannou/bannou-service/bannou-service.csproj]
/home/lysander/repos/bannou/bannou-service/Generated/Clients/VoiceClient.cs(702,94): warning CS1573: Parameter 'body' has no matching param tag in the XML comment for 'VoiceClient.PeerHeartbeatAsync(PeerHeartbeatRequest, CancellationToken)' (but other parameters do) [/home/lysander/repos/bannou/bannou-service/bannou-service.csproj]
/home/lysander/repos/bannou/bannou-service/Generated/Clients/VoiceClient.cs(790,88): warning CS1573: Parameter 'body' has no matching param tag in the XML comment for 'VoiceClient.AnswerPeerAsync(AnswerPeerRequest, CancellationToken)' (but other parameters do) [/home/lysander/repos/bannou/bannou-service/bannou-service.csproj]
/home/lysander/repos/bannou/bannou-service/Generated/Clients/VoiceClient.cs(869,22): warning CS1591: Missing XML comment for publicly visible type or member 'VoiceClient.ObjectResponseResult<T>' [/home/lysander/repos/bannou/bannou-service/bannou-service.csproj]
/home/lysander/repos/bannou/bannou-service/Generated/Clients/VoiceClient.cs(871,16): warning CS1591: Missing XML comment for publicly visible type or member 'VoiceClient.ObjectResponseResult<T>.ObjectResponseResult(T, string)' [/home/lysander/repos/bannou/bannou-service/bannou-service.csproj]
/home/lysander/repos/bannou/bannou-service/Generated/Clients/VoiceClient.cs(877,18): warning CS1591: Missing XML comment for publicly visible type or member 'VoiceClient.ObjectResponseResult<T>.Object' [/home/lysander/repos/bannou/bannou-service/bannou-service.csproj]
/home/lysander/repos/bannou/bannou-service/Generated/Clients/VoiceClient.cs(879,23): warning CS1591: Missing XML comment for publicly visible type or member 'VoiceClient.ObjectResponseResult<T>.Text' [/home/lysander/repos/bannou/bannou-service/bannou-service.csproj]
/home/lysander/repos/bannou/bannou-service/Generated/Clients/VoiceClient.cs(902,17): warning CS1591: Missing XML comment for publicly visible type or member 'VoiceClient.ReadResponseAsString' [/home/lysander/repos/bannou/bannou-service/bannou-service.csproj]
/home/lysander/repos/bannou/bannou-service/Generated/Clients/VoiceClient.cs(904,86): warning CS1591: Missing XML comment for publicly visible type or member 'VoiceClient.ReadObjectResponseAsync<T>(HttpResponseMessage, IReadOnlyDictionary<string, IEnumerable<string>>, CancellationToken)' [/home/lysander/repos/bannou/bannou-service/bannou-service.csproj]
/home/lysander/repos/bannou/bannou-service/Generated/Models/VoiceModels.cs(28,5): warning CS1591: Missing XML comment for publicly visible type or member 'VoiceTier.P2p' [/home/lysander/repos/bannou/bannou-service/bannou-service.csproj]
/home/lysander/repos/bannou/bannou-service/Generated/Models/VoiceModels.cs(31,5): warning CS1591: Missing XML comment for publicly visible type or member 'VoiceTier.Scaled' [/home/lysander/repos/bannou/bannou-service/bannou-service.csproj]
/home/lysander/repos/bannou/bannou-service/Generated/Models/VoiceModels.cs(43,5): warning CS1591: Missing XML comment for publicly visible type or member 'VoiceCodec.Opus' [/home/lysander/repos/bannou/bannou-service/bannou-service.csproj]
/home/lysander/repos/bannou/bannou-service/Generated/Models/VoiceModels.cs(46,5): warning CS1591: Missing XML comment for publicly visible type or member 'VoiceCodec.G711' [/home/lysander/repos/bannou/bannou-service/bannou-service.csproj]
/home/lysander/repos/bannou/bannou-service/Generated/Models/VoiceModels.cs(49,5): warning CS1591: Missing XML comment for publicly visible type or member 'VoiceCodec.G722' [/home/lysander/repos/bannou/bannou-service/bannou-service.csproj]
/home/lysander/repos/bannou/bannou-service/Generated/Models/VoiceModels.cs(92,68): warning CS1591: Missing XML comment for publicly visible type or member 'CreateVoiceRoomRequest.AdditionalProperties' [/home/lysander/repos/bannou/bannou-service/bannou-service.csproj]
/home/lysander/repos/bannou/bannou-service/Generated/Models/VoiceModels.cs(118,68): warning CS1591: Missing XML comment for publicly visible type or member 'GetVoiceRoomRequest.AdditionalProperties' [/home/lysander/repos/bannou/bannou-service/bannou-service.csproj]
/home/lysander/repos/bannou/bannou-service/Generated/Models/VoiceModels.cs(167,68): warning CS1591: Missing XML comment for publicly visible type or member 'JoinVoiceRoomRequest.AdditionalProperties' [/home/lysander/repos/bannou/bannou-service/bannou-service.csproj]
/home/lysander/repos/bannou/bannou-service/Generated/Models/VoiceModels.cs(201,68): warning CS1591: Missing XML comment for publicly visible type or member 'LeaveVoiceRoomRequest.AdditionalProperties' [/home/lysander/repos/bannou/bannou-service/bannou-service.csproj]
/home/lysander/repos/bannou/bannou-service/Generated/Models/VoiceModels.cs(233,68): warning CS1591: Missing XML comment for publicly visible type or member 'DeleteVoiceRoomRequest.AdditionalProperties' [/home/lysander/repos/bannou/bannou-service/bannou-service.csproj]
/home/lysander/repos/bannou/bannou-service/Generated/Models/VoiceModels.cs(267,68): warning CS1591: Missing XML comment for publicly visible type or member 'PeerHeartbeatRequest.AdditionalProperties' [/home/lysander/repos/bannou/bannou-service/bannou-service.csproj]
/home/lysander/repos/bannou/bannou-service/Generated/Models/VoiceModels.cs(325,68): warning CS1591: Missing XML comment for publicly visible type or member 'AnswerPeerRequest.AdditionalProperties' [/home/lysander/repos/bannou/bannou-service/bannou-service.csproj]
/home/lysander/repos/bannou/bannou-service/Generated/Models/VoiceModels.cs(407,68): warning CS1591: Missing XML comment for publicly visible type or member 'VoiceRoomResponse.AdditionalProperties' [/home/lysander/repos/bannou/bannou-service/bannou-service.csproj]
/home/lysander/repos/bannou/bannou-service/Generated/Models/VoiceModels.cs(479,68): warning CS1591: Missing XML comment for publicly visible type or member 'JoinVoiceRoomResponse.AdditionalProperties' [/home/lysander/repos/bannou/bannou-service/bannou-service.csproj]
/home/lysander/repos/bannou/bannou-service/Generated/Models/VoiceModels.cs(523,68): warning CS1591: Missing XML comment for publicly visible type or member 'SipEndpoint.AdditionalProperties' [/home/lysander/repos/bannou/bannou-service/bannou-service.csproj]
/home/lysander/repos/bannou/bannou-service/Generated/Models/VoiceModels.cs(569,68): warning CS1591: Missing XML comment for publicly visible type or member 'VoiceParticipant.AdditionalProperties' [/home/lysander/repos/bannou/bannou-service/bannou-service.csproj]
/home/lysander/repos/bannou/bannou-service/Generated/Models/VoiceModels.cs(609,68): warning CS1591: Missing XML comment for publicly visible type or member 'VoicePeer.AdditionalProperties' [/home/lysander/repos/bannou/bannou-service/bannou-service.csproj]
/home/lysander/repos/bannou/bannou-service/Generated/Clients/WebsiteClient.cs(19,26): warning CS1591: Missing XML comment for publicly visible type or member 'IWebsiteClient' [/home/lysander/repos/bannou/bannou-service/bannou-service.csproj]
/home/lysander/repos/bannou/bannou-service/Generated/Clients/WebsiteClient.cs(72,84): warning CS1573: Parameter 'body' has no matching param tag in the XML comment for 'IWebsiteClient.SubmitContactAsync(ContactRequest, CancellationToken)' (but other parameters do) [/home/lysander/repos/bannou/bannou-service/bannou-service.csproj]
/home/lysander/repos/bannou/bannou-service/Generated/Clients/WebsiteClient.cs(96,108): warning CS1573: Parameter 'includeUnpublished' has no matching param tag in the XML comment for 'IWebsiteClient.ListPagesAsync(bool?, CancellationToken)' (but other parameters do) [/home/lysander/repos/bannou/bannou-service/bannou-service.csproj]
/home/lysander/repos/bannou/bannou-service/Generated/Clients/WebsiteClient.cs(104,74): warning CS1573: Parameter 'body' has no matching param tag in the XML comment for 'IWebsiteClient.CreatePageAsync(PageContent, CancellationToken)' (but other parameters do) [/home/lysander/repos/bannou/bannou-service/bannou-service.csproj]
/home/lysander/repos/bannou/bannou-service/Generated/Clients/WebsiteClient.cs(112,69): warning CS1573: Parameter 'slug' has no matching param tag in the XML comment for 'IWebsiteClient.UpdatePageAsync(string, PageContent, CancellationToken)' (but other parameters do) [/home/lysander/repos/bannou/bannou-service/bannou-service.csproj]
/home/lysander/repos/bannou/bannou-service/Generated/Clients/WebsiteClient.cs(112,87): warning CS1573: Parameter 'body' has no matching param tag in the XML comment for 'IWebsiteClient.UpdatePageAsync(string, PageContent, CancellationToken)' (but other parameters do) [/home/lysander/repos/bannou/bannou-service/bannou-service.csproj]
/home/lysander/repos/bannou/bannou-service/Generated/Clients/WebsiteClient.cs(120,56): warning CS1573: Parameter 'slug' has no matching param tag in the XML comment for 'IWebsiteClient.DeletePageAsync(string, CancellationToken)' (but other parameters do) [/home/lysander/repos/bannou/bannou-service/bannou-service.csproj]
/home/lysander/repos/bannou/bannou-service/Generated/Clients/WebsiteClient.cs(136,84): warning CS1573: Parameter 'body' has no matching param tag in the XML comment for 'IWebsiteClient.UpdateSiteSettingsAsync(SiteSettings, CancellationToken)' (but other parameters do) [/home/lysander/repos/bannou/bannou-service/bannou-service.csproj]
/home/lysander/repos/bannou/bannou-service/Generated/Clients/WebsiteClient.cs(152,62): warning CS1573: Parameter 'body' has no matching param tag in the XML comment for 'IWebsiteClient.UpdateThemeAsync(ThemeConfig, CancellationToken)' (but other parameters do) [/home/lysander/repos/bannou/bannou-service/bannou-service.csproj]
/home/lysander/repos/bannou/bannou-service/Generated/Clients/WebsiteClient.cs(164,22): warning CS1591: Missing XML comment for publicly visible type or member 'WebsiteClient' [/home/lysander/repos/bannou/bannou-service/bannou-service.csproj]
/home/lysander/repos/bannou/bannou-service/Generated/Clients/WebsiteClient.cs(184,12): warning CS1591: Missing XML comment for publicly visible type or member 'WebsiteClient.WebsiteClient(IMeshInvocationClient, IServiceAppMappingResolver, ILogger<WebsiteClient>?)' [/home/lysander/repos/bannou/bannou-service/bannou-service.csproj]
/home/lysander/repos/bannou/bannou-service/Generated/Clients/WebsiteClient.cs(192,54): warning CS1591: Missing XML comment for publicly visible type or member 'WebsiteClient.JsonSerializerSettings' [/home/lysander/repos/bannou/bannou-service/bannou-service.csproj]
/home/lysander/repos/bannou/bannou-service/Generated/Clients/WebsiteClient.cs(686,105): warning CS1573: Parameter 'body' has no matching param tag in the XML comment for 'WebsiteClient.SubmitContactAsync(ContactRequest, CancellationToken)' (but other parameters do) [/home/lysander/repos/bannou/bannou-service/bannou-service.csproj]
/home/lysander/repos/bannou/bannou-service/Generated/Clients/WebsiteClient.cs(949,129): warning CS1573: Parameter 'includeUnpublished' has no matching param tag in the XML comment for 'WebsiteClient.ListPagesAsync(bool?, CancellationToken)' (but other parameters do) [/home/lysander/repos/bannou/bannou-service/bannou-service.csproj]
/home/lysander/repos/bannou/bannou-service/Generated/Clients/WebsiteClient.cs(1027,95): warning CS1573: Parameter 'body' has no matching param tag in the XML comment for 'WebsiteClient.CreatePageAsync(PageContent, CancellationToken)' (but other parameters do) [/home/lysander/repos/bannou/bannou-service/bannou-service.csproj]
/home/lysander/repos/bannou/bannou-service/Generated/Clients/WebsiteClient.cs(1106,90): warning CS1573: Parameter 'slug' has no matching param tag in the XML comment for 'WebsiteClient.UpdatePageAsync(string, PageContent, CancellationToken)' (but other parameters do) [/home/lysander/repos/bannou/bannou-service/bannou-service.csproj]
/home/lysander/repos/bannou/bannou-service/Generated/Clients/WebsiteClient.cs(1106,108): warning CS1573: Parameter 'body' has no matching param tag in the XML comment for 'WebsiteClient.UpdatePageAsync(string, PageContent, CancellationToken)' (but other parameters do) [/home/lysander/repos/bannou/bannou-service/bannou-service.csproj]
/home/lysander/repos/bannou/bannou-service/Generated/Clients/WebsiteClient.cs(1189,77): warning CS1573: Parameter 'slug' has no matching param tag in the XML comment for 'WebsiteClient.DeletePageAsync(string, CancellationToken)' (but other parameters do) [/home/lysander/repos/bannou/bannou-service/bannou-service.csproj]
/home/lysander/repos/bannou/bannou-service/Generated/Clients/WebsiteClient.cs(1331,105): warning CS1573: Parameter 'body' has no matching param tag in the XML comment for 'WebsiteClient.UpdateSiteSettingsAsync(SiteSettings, CancellationToken)' (but other parameters do) [/home/lysander/repos/bannou/bannou-service/bannou-service.csproj]
/home/lysander/repos/bannou/bannou-service/Generated/Clients/WebsiteClient.cs(1482,83): warning CS1573: Parameter 'body' has no matching param tag in the XML comment for 'WebsiteClient.UpdateThemeAsync(ThemeConfig, CancellationToken)' (but other parameters do) [/home/lysander/repos/bannou/bannou-service/bannou-service.csproj]
/home/lysander/repos/bannou/bannou-service/Generated/Clients/WebsiteClient.cs(1631,22): warning CS1591: Missing XML comment for publicly visible type or member 'WebsiteClient.ObjectResponseResult<T>' [/home/lysander/repos/bannou/bannou-service/bannou-service.csproj]
/home/lysander/repos/bannou/bannou-service/Generated/Clients/WebsiteClient.cs(1633,16): warning CS1591: Missing XML comment for publicly visible type or member 'WebsiteClient.ObjectResponseResult<T>.ObjectResponseResult(T, string)' [/home/lysander/repos/bannou/bannou-service/bannou-service.csproj]
/home/lysander/repos/bannou/bannou-service/Generated/Clients/WebsiteClient.cs(1639,18): warning CS1591: Missing XML comment for publicly visible type or member 'WebsiteClient.ObjectResponseResult<T>.Object' [/home/lysander/repos/bannou/bannou-service/bannou-service.csproj]
/home/lysander/repos/bannou/bannou-service/Generated/Clients/WebsiteClient.cs(1641,23): warning CS1591: Missing XML comment for publicly visible type or member 'WebsiteClient.ObjectResponseResult<T>.Text' [/home/lysander/repos/bannou/bannou-service/bannou-service.csproj]
/home/lysander/repos/bannou/bannou-service/Generated/Clients/WebsiteClient.cs(1664,17): warning CS1591: Missing XML comment for publicly visible type or member 'WebsiteClient.ReadResponseAsString' [/home/lysander/repos/bannou/bannou-service/bannou-service.csproj]
/home/lysander/repos/bannou/bannou-service/Generated/Clients/WebsiteClient.cs(1666,86): warning CS1591: Missing XML comment for publicly visible type or member 'WebsiteClient.ReadObjectResponseAsync<T>(HttpResponseMessage, IReadOnlyDictionary<string, IEnumerable<string>>, CancellationToken)' [/home/lysander/repos/bannou/bannou-service/bannou-service.csproj]
/home/lysander/repos/bannou/bannou-service/Generated/Models/WebsiteModels.cs(18,22): warning CS1591: Missing XML comment for publicly visible type or member 'StatusResponse' [/home/lysander/repos/bannou/bannou-service/bannou-service.csproj]
/home/lysander/repos/bannou/bannou-service/Generated/Models/WebsiteModels.cs(25,33): warning CS1591: Missing XML comment for publicly visible type or member 'StatusResponse.Status' [/home/lysander/repos/bannou/bannou-service/bannou-service.csproj]
/home/lysander/repos/bannou/bannou-service/Generated/Models/WebsiteModels.cs(30,19): warning CS1591: Missing XML comment for publicly visible type or member 'StatusResponse.Version' [/home/lysander/repos/bannou/bannou-service/bannou-service.csproj]
/home/lysander/repos/bannou/bannou-service/Generated/Models/WebsiteModels.cs(39,20): warning CS1591: Missing XML comment for publicly visible type or member 'StatusResponse.MaintenanceMessage' [/home/lysander/repos/bannou/bannou-service/bannou-service.csproj]
/home/lysander/repos/bannou/bannou-service/Generated/Models/WebsiteModels.cs(44,68): warning CS1591: Missing XML comment for publicly visible type or member 'StatusResponse.AdditionalProperties' [/home/lysander/repos/bannou/bannou-service/bannou-service.csproj]
/home/lysander/repos/bannou/bannou-service/Generated/Models/WebsiteModels.cs(53,22): warning CS1591: Missing XML comment for publicly visible type or member 'PageContent' [/home/lysander/repos/bannou/bannou-service/bannou-service.csproj]
/home/lysander/repos/bannou/bannou-service/Generated/Models/WebsiteModels.cs(60,19): warning CS1591: Missing XML comment for publicly visible type or member 'PageContent.Slug' [/home/lysander/repos/bannou/bannou-service/bannou-service.csproj]
/home/lysander/repos/bannou/bannou-service/Generated/Models/WebsiteModels.cs(65,19): warning CS1591: Missing XML comment for publicly visible type or member 'PageContent.Title' [/home/lysander/repos/bannou/bannou-service/bannou-service.csproj]
/home/lysander/repos/bannou/bannou-service/Generated/Models/WebsiteModels.cs(79,35): warning CS1591: Missing XML comment for publicly visible type or member 'PageContent.ContentType' [/home/lysander/repos/bannou/bannou-service/bannou-service.csproj]
/home/lysander/repos/bannou/bannou-service/Generated/Models/WebsiteModels.cs(88,17): warning CS1591: Missing XML comment for publicly visible type or member 'PageContent.Published' [/home/lysander/repos/bannou/bannou-service/bannou-service.csproj]
/home/lysander/repos/bannou/bannou-service/Generated/Models/WebsiteModels.cs(91,35): warning CS1591: Missing XML comment for publicly visible type or member 'PageContent.PublishedAt' [/home/lysander/repos/bannou/bannou-service/bannou-service.csproj]
/home/lysander/repos/bannou/bannou-service/Generated/Models/WebsiteModels.cs(94,34): warning CS1591: Missing XML comment for publicly visible type or member 'PageContent.LastModified' [/home/lysander/repos/bannou/bannou-service/bannou-service.csproj]
/home/lysander/repos/bannou/bannou-service/Generated/Models/WebsiteModels.cs(97,20): warning CS1591: Missing XML comment for publicly visible type or member 'PageContent.Author' [/home/lysander/repos/bannou/bannou-service/bannou-service.csproj]
/home/lysander/repos/bannou/bannou-service/Generated/Models/WebsiteModels.cs(106,24): warning CS1591: Missing XML comment for publicly visible type or member 'PageContent.Seo' [/home/lysander/repos/bannou/bannou-service/bannou-service.csproj]
/home/lysander/repos/bannou/bannou-service/Generated/Models/WebsiteModels.cs(111,68): warning CS1591: Missing XML comment for publicly visible type or member 'PageContent.AdditionalProperties' [/home/lysander/repos/bannou/bannou-service/bannou-service.csproj]
/home/lysander/repos/bannou/bannou-service/Generated/Models/WebsiteModels.cs(120,22): warning CS1591: Missing XML comment for publicly visible type or member 'PageMetadata' [/home/lysander/repos/bannou/bannou-service/bannou-service.csproj]
/home/lysander/repos/bannou/bannou-service/Generated/Models/WebsiteModels.cs(126,19): warning CS1591: Missing XML comment for publicly visible type or member 'PageMetadata.Slug' [/home/lysander/repos/bannou/bannou-service/bannou-service.csproj]
/home/lysander/repos/bannou/bannou-service/Generated/Models/WebsiteModels.cs(131,19): warning CS1591: Missing XML comment for publicly visible type or member 'PageMetadata.Title' [/home/lysander/repos/bannou/bannou-service/bannou-service.csproj]
/home/lysander/repos/bannou/bannou-service/Generated/Models/WebsiteModels.cs(134,17): warning CS1591: Missing XML comment for publicly visible type or member 'PageMetadata.Published' [/home/lysander/repos/bannou/bannou-service/bannou-service.csproj]
/home/lysander/repos/bannou/bannou-service/Generated/Models/WebsiteModels.cs(137,35): warning CS1591: Missing XML comment for publicly visible type or member 'PageMetadata.PublishedAt' [/home/lysander/repos/bannou/bannou-service/bannou-service.csproj]
/home/lysander/repos/bannou/bannou-service/Generated/Models/WebsiteModels.cs(140,34): warning CS1591: Missing XML comment for publicly visible type or member 'PageMetadata.LastModified' [/home/lysander/repos/bannou/bannou-service/bannou-service.csproj]
/home/lysander/repos/bannou/bannou-service/Generated/Models/WebsiteModels.cs(143,20): warning CS1591: Missing XML comment for publicly visible type or member 'PageMetadata.Author' [/home/lysander/repos/bannou/bannou-service/bannou-service.csproj]
/home/lysander/repos/bannou/bannou-service/Generated/Models/WebsiteModels.cs(148,68): warning CS1591: Missing XML comment for publicly visible type or member 'PageMetadata.AdditionalProperties' [/home/lysander/repos/bannou/bannou-service/bannou-service.csproj]
/home/lysander/repos/bannou/bannou-service/Generated/Models/WebsiteModels.cs(157,22): warning CS1591: Missing XML comment for publicly visible type or member 'SEOMetadata' [/home/lysander/repos/bannou/bannou-service/bannou-service.csproj]
/home/lysander/repos/bannou/bannou-service/Generated/Models/WebsiteModels.cs(161,20): warning CS1591: Missing XML comment for publicly visible type or member 'SEOMetadata.Description' [/home/lysander/repos/bannou/bannou-service/bannou-service.csproj]
/home/lysander/repos/bannou/bannou-service/Generated/Models/WebsiteModels.cs(164,59): warning CS1591: Missing XML comment for publicly visible type or member 'SEOMetadata.Keywords' [/home/lysander/repos/bannou/bannou-service/bannou-service.csproj]
/home/lysander/repos/bannou/bannou-service/Generated/Models/WebsiteModels.cs(167,20): warning CS1591: Missing XML comment for publicly visible type or member 'SEOMetadata.OgTitle' [/home/lysander/repos/bannou/bannou-service/bannou-service.csproj]
/home/lysander/repos/bannou/bannou-service/Generated/Models/WebsiteModels.cs(170,20): warning CS1591: Missing XML comment for publicly visible type or member 'SEOMetadata.OgDescription' [/home/lysander/repos/bannou/bannou-service/bannou-service.csproj]
/home/lysander/repos/bannou/bannou-service/Generated/Models/WebsiteModels.cs(173,24): warning CS1591: Missing XML comment for publicly visible type or member 'SEOMetadata.OgImage' [/home/lysander/repos/bannou/bannou-service/bannou-service.csproj]
/home/lysander/repos/bannou/bannou-service/Generated/Models/WebsiteModels.cs(178,68): warning CS1591: Missing XML comment for publicly visible type or member 'SEOMetadata.AdditionalProperties' [/home/lysander/repos/bannou/bannou-service/bannou-service.csproj]
/home/lysander/repos/bannou/bannou-service/Generated/Models/WebsiteModels.cs(187,22): warning CS1591: Missing XML comment for publicly visible type or member 'SiteSettings' [/home/lysander/repos/bannou/bannou-service/bannou-service.csproj]
/home/lysander/repos/bannou/bannou-service/Generated/Models/WebsiteModels.cs(193,19): warning CS1591: Missing XML comment for publicly visible type or member 'SiteSettings.SiteName' [/home/lysander/repos/bannou/bannou-service/bannou-service.csproj]
/home/lysander/repos/bannou/bannou-service/Generated/Models/WebsiteModels.cs(198,23): warning CS1591: Missing XML comment for publicly visible type or member 'SiteSettings.SiteUrl' [/home/lysander/repos/bannou/bannou-service/bannou-service.csproj]
/home/lysander/repos/bannou/bannou-service/Generated/Models/WebsiteModels.cs(201,20): warning CS1591: Missing XML comment for publicly visible type or member 'SiteSettings.Tagline' [/home/lysander/repos/bannou/bannou-service/bannou-service.csproj]
/home/lysander/repos/bannou/bannou-service/Generated/Models/WebsiteModels.cs(206,19): warning CS1591: Missing XML comment for publicly visible type or member 'SiteSettings.DefaultLanguage' [/home/lysander/repos/bannou/bannou-service/bannou-service.csproj]
/home/lysander/repos/bannou/bannou-service/Generated/Models/WebsiteModels.cs(209,59): warning CS1591: Missing XML comment for publicly visible type or member 'SiteSettings.SupportedLanguages' [/home/lysander/repos/bannou/bannou-service/bannou-service.csproj]
/home/lysander/repos/bannou/bannou-service/Generated/Models/WebsiteModels.cs(212,17): warning CS1591: Missing XML comment for publicly visible type or member 'SiteSettings.MaintenanceMode' [/home/lysander/repos/bannou/bannou-service/bannou-service.csproj]
/home/lysander/repos/bannou/bannou-service/Generated/Models/WebsiteModels.cs(215,20): warning CS1591: Missing XML comment for publicly visible type or member 'SiteSettings.MaintenanceMessage' [/home/lysander/repos/bannou/bannou-service/bannou-service.csproj]
/home/lysander/repos/bannou/bannou-service/Generated/Models/WebsiteModels.cs(218,19): warning CS1591: Missing XML comment for publicly visible type or member 'SiteSettings.ContactEmail' [/home/lysander/repos/bannou/bannou-service/bannou-service.csproj]
/home/lysander/repos/bannou/bannou-service/Generated/Models/WebsiteModels.cs(221,71): warning CS1591: Missing XML comment for publicly visible type or member 'SiteSettings.SocialLinks' [/home/lysander/repos/bannou/bannou-service/bannou-service.csproj]
/home/lysander/repos/bannou/bannou-service/Generated/Models/WebsiteModels.cs(224,22): warning CS1591: Missing XML comment for publicly visible type or member 'SiteSettings.Analytics' [/home/lysander/repos/bannou/bannou-service/bannou-service.csproj]
/home/lysander/repos/bannou/bannou-service/Generated/Models/WebsiteModels.cs(227,26): warning CS1591: Missing XML comment for publicly visible type or member 'SiteSettings.CustomScripts' [/home/lysander/repos/bannou/bannou-service/bannou-service.csproj]
/home/lysander/repos/bannou/bannou-service/Generated/Models/WebsiteModels.cs(232,68): warning CS1591: Missing XML comment for publicly visible type or member 'SiteSettings.AdditionalProperties' [/home/lysander/repos/bannou/bannou-service/bannou-service.csproj]
/home/lysander/repos/bannou/bannou-service/Generated/Models/WebsiteModels.cs(241,22): warning CS1591: Missing XML comment for publicly visible type or member 'ThemeConfig' [/home/lysander/repos/bannou/bannou-service/bannou-service.csproj]
/home/lysander/repos/bannou/bannou-service/Generated/Models/WebsiteModels.cs(247,19): warning CS1591: Missing XML comment for publicly visible type or member 'ThemeConfig.ThemeName' [/home/lysander/repos/bannou/bannou-service/bannou-service.csproj]
/home/lysander/repos/bannou/bannou-service/Generated/Models/WebsiteModels.cs(253,19): warning CS1591: Missing XML comment for publicly visible type or member 'ThemeConfig.PrimaryColor' [/home/lysander/repos/bannou/bannou-service/bannou-service.csproj]
/home/lysander/repos/bannou/bannou-service/Generated/Models/WebsiteModels.cs(257,19): warning CS1591: Missing XML comment for publicly visible type or member 'ThemeConfig.SecondaryColor' [/home/lysander/repos/bannou/bannou-service/bannou-service.csproj]
/home/lysander/repos/bannou/bannou-service/Generated/Models/WebsiteModels.cs(261,19): warning CS1591: Missing XML comment for publicly visible type or member 'ThemeConfig.BackgroundColor' [/home/lysander/repos/bannou/bannou-service/bannou-service.csproj]
/home/lysander/repos/bannou/bannou-service/Generated/Models/WebsiteModels.cs(265,19): warning CS1591: Missing XML comment for publicly visible type or member 'ThemeConfig.TextColor' [/home/lysander/repos/bannou/bannou-service/bannou-service.csproj]
/home/lysander/repos/bannou/bannou-service/Generated/Models/WebsiteModels.cs(268,19): warning CS1591: Missing XML comment for publicly visible type or member 'ThemeConfig.FontFamily' [/home/lysander/repos/bannou/bannou-service/bannou-service.csproj]
/home/lysander/repos/bannou/bannou-service/Generated/Models/WebsiteModels.cs(271,20): warning CS1591: Missing XML comment for publicly visible type or member 'ThemeConfig.CustomCSS' [/home/lysander/repos/bannou/bannou-service/bannou-service.csproj]
/home/lysander/repos/bannou/bannou-service/Generated/Models/WebsiteModels.cs(274,17): warning CS1591: Missing XML comment for publicly visible type or member 'ThemeConfig.Logo' [/home/lysander/repos/bannou/bannou-service/bannou-service.csproj]
/home/lysander/repos/bannou/bannou-service/Generated/Models/WebsiteModels.cs(277,24): warning CS1591: Missing XML comment for publicly visible type or member 'ThemeConfig.Favicon' [/home/lysander/repos/bannou/bannou-service/bannou-service.csproj]
/home/lysander/repos/bannou/bannou-service/Generated/Models/WebsiteModels.cs(280,67): warning CS1591: Missing XML comment for publicly visible type or member 'ThemeConfig.Navigation' [/home/lysander/repos/bannou/bannou-service/bannou-service.csproj]
/home/lysander/repos/bannou/bannou-service/Generated/Models/WebsiteModels.cs(285,68): warning CS1591: Missing XML comment for publicly visible type or member 'ThemeConfig.AdditionalProperties' [/home/lysander/repos/bannou/bannou-service/bannou-service.csproj]
/home/lysander/repos/bannou/bannou-service/Generated/Models/WebsiteModels.cs(294,22): warning CS1591: Missing XML comment for publicly visible type or member 'NavigationItem' [/home/lysander/repos/bannou/bannou-service/bannou-service.csproj]
/home/lysander/repos/bannou/bannou-service/Generated/Models/WebsiteModels.cs(300,19): warning CS1591: Missing XML comment for publicly visible type or member 'NavigationItem.Label' [/home/lysander/repos/bannou/bannou-service/bannou-service.csproj]
/home/lysander/repos/bannou/bannou-service/Generated/Models/WebsiteModels.cs(305,19): warning CS1591: Missing XML comment for publicly visible type or member 'NavigationItem.Url' [/home/lysander/repos/bannou/bannou-service/bannou-service.csproj]
/home/lysander/repos/bannou/bannou-service/Generated/Models/WebsiteModels.cs(308,16): warning CS1591: Missing XML comment for publicly visible type or member 'NavigationItem.Order' [/home/lysander/repos/bannou/bannou-service/bannou-service.csproj]
/home/lysander/repos/bannou/bannou-service/Generated/Models/WebsiteModels.cs(312,33): warning CS1591: Missing XML comment for publicly visible type or member 'NavigationItem.Target' [/home/lysander/repos/bannou/bannou-service/bannou-service.csproj]
/home/lysander/repos/bannou/bannou-service/Generated/Models/WebsiteModels.cs(315,67): warning CS1591: Missing XML comment for publicly visible type or member 'NavigationItem.Children' [/home/lysander/repos/bannou/bannou-service/bannou-service.csproj]
/home/lysander/repos/bannou/bannou-service/Generated/Models/WebsiteModels.cs(320,68): warning CS1591: Missing XML comment for publicly visible type or member 'NavigationItem.AdditionalProperties' [/home/lysander/repos/bannou/bannou-service/bannou-service.csproj]
/home/lysander/repos/bannou/bannou-service/Generated/Models/WebsiteModels.cs(329,22): warning CS1591: Missing XML comment for publicly visible type or member 'NewsResponse' [/home/lysander/repos/bannou/bannou-service/bannou-service.csproj]
/home/lysander/repos/bannou/bannou-service/Generated/Models/WebsiteModels.cs(335,61): warning CS1591: Missing XML comment for publicly visible type or member 'NewsResponse.Items' [/home/lysander/repos/bannou/bannou-service/bannou-service.csproj]
/home/lysander/repos/bannou/bannou-service/Generated/Models/WebsiteModels.cs(338,16): warning CS1591: Missing XML comment for publicly visible type or member 'NewsResponse.Total' [/home/lysander/repos/bannou/bannou-service/bannou-service.csproj]
/home/lysander/repos/bannou/bannou-service/Generated/Models/WebsiteModels.cs(341,17): warning CS1591: Missing XML comment for publicly visible type or member 'NewsResponse.HasMore' [/home/lysander/repos/bannou/bannou-service/bannou-service.csproj]
/home/lysander/repos/bannou/bannou-service/Generated/Models/WebsiteModels.cs(346,68): warning CS1591: Missing XML comment for publicly visible type or member 'NewsResponse.AdditionalProperties' [/home/lysander/repos/bannou/bannou-service/bannou-service.csproj]
/home/lysander/repos/bannou/bannou-service/Generated/Models/WebsiteModels.cs(355,22): warning CS1591: Missing XML comment for publicly visible type or member 'NewsItem' [/home/lysander/repos/bannou/bannou-service/bannou-service.csproj]
/home/lysander/repos/bannou/bannou-service/Generated/Models/WebsiteModels.cs(361,24): warning CS1591: Missing XML comment for publicly visible type or member 'NewsItem.Id' [/home/lysander/repos/bannou/bannou-service/bannou-service.csproj]
/home/lysander/repos/bannou/bannou-service/Generated/Models/WebsiteModels.cs(366,19): warning CS1591: Missing XML comment for publicly visible type or member 'NewsItem.Title' [/home/lysander/repos/bannou/bannou-service/bannou-service.csproj]
/home/lysander/repos/bannou/bannou-service/Generated/Models/WebsiteModels.cs(371,19): warning CS1591: Missing XML comment for publicly visible type or member 'NewsItem.Summary' [/home/lysander/repos/bannou/bannou-service/bannou-service.csproj]
/home/lysander/repos/bannou/bannou-service/Generated/Models/WebsiteModels.cs(374,20): warning CS1591: Missing XML comment for publicly visible type or member 'NewsItem.Content' [/home/lysander/repos/bannou/bannou-service/bannou-service.csproj]
/home/lysander/repos/bannou/bannou-service/Generated/Models/WebsiteModels.cs(377,19): warning CS1591: Missing XML comment for publicly visible type or member 'NewsItem.Author' [/home/lysander/repos/bannou/bannou-service/bannou-service.csproj]
/home/lysander/repos/bannou/bannou-service/Generated/Models/WebsiteModels.cs(382,34): warning CS1591: Missing XML comment for publicly visible type or member 'NewsItem.PublishedAt' [/home/lysander/repos/bannou/bannou-service/bannou-service.csproj]
/home/lysander/repos/bannou/bannou-service/Generated/Models/WebsiteModels.cs(385,59): warning CS1591: Missing XML comment for publicly visible type or member 'NewsItem.Tags' [/home/lysander/repos/bannou/bannou-service/bannou-service.csproj]
/home/lysander/repos/bannou/bannou-service/Generated/Models/WebsiteModels.cs(388,24): warning CS1591: Missing XML comment for publicly visible type or member 'NewsItem.ImageUrl' [/home/lysander/repos/bannou/bannou-service/bannou-service.csproj]
/home/lysander/repos/bannou/bannou-service/Generated/Models/WebsiteModels.cs(393,68): warning CS1591: Missing XML comment for publicly visible type or member 'NewsItem.AdditionalProperties' [/home/lysander/repos/bannou/bannou-service/bannou-service.csproj]
/home/lysander/repos/bannou/bannou-service/Generated/Models/WebsiteModels.cs(402,22): warning CS1591: Missing XML comment for publicly visible type or member 'ServerStatusResponse' [/home/lysander/repos/bannou/bannou-service/bannou-service.csproj]
/home/lysander/repos/bannou/bannou-service/Generated/Models/WebsiteModels.cs(409,45): warning CS1591: Missing XML comment for publicly visible type or member 'ServerStatusResponse.GlobalStatus' [/home/lysander/repos/bannou/bannou-service/bannou-service.csproj]
/home/lysander/repos/bannou/bannou-service/Generated/Models/WebsiteModels.cs(414,64): warning CS1591: Missing XML comment for publicly visible type or member 'ServerStatusResponse.Realms' [/home/lysander/repos/bannou/bannou-service/bannou-service.csproj]
/home/lysander/repos/bannou/bannou-service/Generated/Models/WebsiteModels.cs(419,68): warning CS1591: Missing XML comment for publicly visible type or member 'ServerStatusResponse.AdditionalProperties' [/home/lysander/repos/bannou/bannou-service/bannou-service.csproj]
/home/lysander/repos/bannou/bannou-service/Generated/Models/WebsiteModels.cs(428,22): warning CS1591: Missing XML comment for publicly visible type or member 'RealmStatus' [/home/lysander/repos/bannou/bannou-service/bannou-service.csproj]
/home/lysander/repos/bannou/bannou-service/Generated/Models/WebsiteModels.cs(434,19): warning CS1591: Missing XML comment for publicly visible type or member 'RealmStatus.RealmId' [/home/lysander/repos/bannou/bannou-service/bannou-service.csproj]
/home/lysander/repos/bannou/bannou-service/Generated/Models/WebsiteModels.cs(439,19): warning CS1591: Missing XML comment for publicly visible type or member 'RealmStatus.Name' [/home/lysander/repos/bannou/bannou-service/bannou-service.csproj]
/home/lysander/repos/bannou/bannou-service/Generated/Models/WebsiteModels.cs(445,30): warning CS1591: Missing XML comment for publicly visible type or member 'RealmStatus.Status' [/home/lysander/repos/bannou/bannou-service/bannou-service.csproj]
/home/lysander/repos/bannou/bannou-service/Generated/Models/WebsiteModels.cs(451,34): warning CS1591: Missing XML comment for publicly visible type or member 'RealmStatus.Population' [/home/lysander/repos/bannou/bannou-service/bannou-service.csproj]
/home/lysander/repos/bannou/bannou-service/Generated/Models/WebsiteModels.cs(454,17): warning CS1591: Missing XML comment for publicly visible type or member 'RealmStatus.PlayerCount' [/home/lysander/repos/bannou/bannou-service/bannou-service.csproj]
/home/lysander/repos/bannou/bannou-service/Generated/Models/WebsiteModels.cs(465,68): warning CS1591: Missing XML comment for publicly visible type or member 'RealmStatus.AdditionalProperties' [/home/lysander/repos/bannou/bannou-service/bannou-service.csproj]
/home/lysander/repos/bannou/bannou-service/Generated/Models/WebsiteModels.cs(474,22): warning CS1591: Missing XML comment for publicly visible type or member 'DownloadsResponse' [/home/lysander/repos/bannou/bannou-service/bannou-service.csproj]
/home/lysander/repos/bannou/bannou-service/Generated/Models/WebsiteModels.cs(480,65): warning CS1591: Missing XML comment for publicly visible type or member 'DownloadsResponse.Clients' [/home/lysander/repos/bannou/bannou-service/bannou-service.csproj]
/home/lysander/repos/bannou/bannou-service/Generated/Models/WebsiteModels.cs(485,68): warning CS1591: Missing XML comment for publicly visible type or member 'DownloadsResponse.AdditionalProperties' [/home/lysander/repos/bannou/bannou-service/bannou-service.csproj]
/home/lysander/repos/bannou/bannou-service/Generated/Models/WebsiteModels.cs(494,22): warning CS1591: Missing XML comment for publicly visible type or member 'DownloadInfo' [/home/lysander/repos/bannou/bannou-service/bannou-service.csproj]
/home/lysander/repos/bannou/bannou-service/Generated/Models/WebsiteModels.cs(501,33): warning CS1591: Missing XML comment for publicly visible type or member 'DownloadInfo.Platform' [/home/lysander/repos/bannou/bannou-service/bannou-service.csproj]
/home/lysander/repos/bannou/bannou-service/Generated/Models/WebsiteModels.cs(506,19): warning CS1591: Missing XML comment for publicly visible type or member 'DownloadInfo.Version' [/home/lysander/repos/bannou/bannou-service/bannou-service.csproj]
/home/lysander/repos/bannou/bannou-service/Generated/Models/WebsiteModels.cs(511,23): warning CS1591: Missing XML comment for publicly visible type or member 'DownloadInfo.Url' [/home/lysander/repos/bannou/bannou-service/bannou-service.csproj]
/home/lysander/repos/bannou/bannou-service/Generated/Models/WebsiteModels.cs(528,20): warning CS1591: Missing XML comment for publicly visible type or member 'DownloadInfo.ReleaseNotes' [/home/lysander/repos/bannou/bannou-service/bannou-service.csproj]
/home/lysander/repos/bannou/bannou-service/Generated/Models/WebsiteModels.cs(531,19): warning CS1591: Missing XML comment for publicly visible type or member 'DownloadInfo.MinimumRequirements' [/home/lysander/repos/bannou/bannou-service/bannou-service.csproj]
/home/lysander/repos/bannou/bannou-service/Generated/Models/WebsiteModels.cs(536,68): warning CS1591: Missing XML comment for publicly visible type or member 'DownloadInfo.AdditionalProperties' [/home/lysander/repos/bannou/bannou-service/bannou-service.csproj]
/home/lysander/repos/bannou/bannou-service/Generated/Models/WebsiteModels.cs(545,22): warning CS1591: Missing XML comment for publicly visible type or member 'ContactRequest' [/home/lysander/repos/bannou/bannou-service/bannou-service.csproj]
/home/lysander/repos/bannou/bannou-service/Generated/Models/WebsiteModels.cs(551,19): warning CS1591: Missing XML comment for publicly visible type or member 'ContactRequest.Email' [/home/lysander/repos/bannou/bannou-service/bannou-service.csproj]
/home/lysander/repos/bannou/bannou-service/Generated/Models/WebsiteModels.cs(554,20): warning CS1591: Missing XML comment for publicly visible type or member 'ContactRequest.Name' [/home/lysander/repos/bannou/bannou-service/bannou-service.csproj]
/home/lysander/repos/bannou/bannou-service/Generated/Models/WebsiteModels.cs(560,19): warning CS1591: Missing XML comment for publicly visible type or member 'ContactRequest.Subject' [/home/lysander/repos/bannou/bannou-service/bannou-service.csproj]
/home/lysander/repos/bannou/bannou-service/Generated/Models/WebsiteModels.cs(566,19): warning CS1591: Missing XML comment for publicly visible type or member 'ContactRequest.Message' [/home/lysander/repos/bannou/bannou-service/bannou-service.csproj]
/home/lysander/repos/bannou/bannou-service/Generated/Models/WebsiteModels.cs(570,35): warning CS1591: Missing XML comment for publicly visible type or member 'ContactRequest.Category' [/home/lysander/repos/bannou/bannou-service/bannou-service.csproj]
/home/lysander/repos/bannou/bannou-service/Generated/Models/WebsiteModels.cs(575,68): warning CS1591: Missing XML comment for publicly visible type or member 'ContactRequest.AdditionalProperties' [/home/lysander/repos/bannou/bannou-service/bannou-service.csproj]
/home/lysander/repos/bannou/bannou-service/Generated/Models/WebsiteModels.cs(584,22): warning CS1591: Missing XML comment for publicly visible type or member 'ContactResponse' [/home/lysander/repos/bannou/bannou-service/bannou-service.csproj]
/home/lysander/repos/bannou/bannou-service/Generated/Models/WebsiteModels.cs(590,24): warning CS1591: Missing XML comment for publicly visible type or member 'ContactResponse.TicketId' [/home/lysander/repos/bannou/bannou-service/bannou-service.csproj]
/home/lysander/repos/bannou/bannou-service/Generated/Models/WebsiteModels.cs(595,19): warning CS1591: Missing XML comment for publicly visible type or member 'ContactResponse.Message' [/home/lysander/repos/bannou/bannou-service/bannou-service.csproj]
/home/lysander/repos/bannou/bannou-service/Generated/Models/WebsiteModels.cs(600,68): warning CS1591: Missing XML comment for publicly visible type or member 'ContactResponse.AdditionalProperties' [/home/lysander/repos/bannou/bannou-service/bannou-service.csproj]
/home/lysander/repos/bannou/bannou-service/Generated/Models/WebsiteModels.cs(609,22): warning CS1591: Missing XML comment for publicly visible type or member 'AccountProfile' [/home/lysander/repos/bannou/bannou-service/bannou-service.csproj]
/home/lysander/repos/bannou/bannou-service/Generated/Models/WebsiteModels.cs(615,24): warning CS1591: Missing XML comment for publicly visible type or member 'AccountProfile.AccountId' [/home/lysander/repos/bannou/bannou-service/bannou-service.csproj]
/home/lysander/repos/bannou/bannou-service/Generated/Models/WebsiteModels.cs(620,19): warning CS1591: Missing XML comment for publicly visible type or member 'AccountProfile.Email' [/home/lysander/repos/bannou/bannou-service/bannou-service.csproj]
/home/lysander/repos/bannou/bannou-service/Generated/Models/WebsiteModels.cs(623,20): warning CS1591: Missing XML comment for publicly visible type or member 'AccountProfile.DisplayName' [/home/lysander/repos/bannou/bannou-service/bannou-service.csproj]
/home/lysander/repos/bannou/bannou-service/Generated/Models/WebsiteModels.cs(628,34): warning CS1591: Missing XML comment for publicly visible type or member 'AccountProfile.CreatedAt' [/home/lysander/repos/bannou/bannou-service/bannou-service.csproj]
/home/lysander/repos/bannou/bannou-service/Generated/Models/WebsiteModels.cs(631,35): warning CS1591: Missing XML comment for publicly visible type or member 'AccountProfile.LastLogin' [/home/lysander/repos/bannou/bannou-service/bannou-service.csproj]
/home/lysander/repos/bannou/bannou-service/Generated/Models/WebsiteModels.cs(634,16): warning CS1591: Missing XML comment for publicly visible type or member 'AccountProfile.CharacterSlots' [/home/lysander/repos/bannou/bannou-service/bannou-service.csproj]
/home/lysander/repos/bannou/bannou-service/Generated/Models/WebsiteModels.cs(637,16): warning CS1591: Missing XML comment for publicly visible type or member 'AccountProfile.UsedSlots' [/home/lysander/repos/bannou/bannou-service/bannou-service.csproj]
/home/lysander/repos/bannou/bannou-service/Generated/Models/WebsiteModels.cs(642,68): warning CS1591: Missing XML comment for publicly visible type or member 'AccountProfile.AdditionalProperties' [/home/lysander/repos/bannou/bannou-service/bannou-service.csproj]
/home/lysander/repos/bannou/bannou-service/Generated/Models/WebsiteModels.cs(651,22): warning CS1591: Missing XML comment for publicly visible type or member 'CharacterListResponse' [/home/lysander/repos/bannou/bannou-service/bannou-service.csproj]
/home/lysander/repos/bannou/bannou-service/Generated/Models/WebsiteModels.cs(657,69): warning CS1591: Missing XML comment for publicly visible type or member 'CharacterListResponse.Characters' [/home/lysander/repos/bannou/bannou-service/bannou-service.csproj]
/home/lysander/repos/bannou/bannou-service/Generated/Models/WebsiteModels.cs(662,68): warning CS1591: Missing XML comment for publicly visible type or member 'CharacterListResponse.AdditionalProperties' [/home/lysander/repos/bannou/bannou-service/bannou-service.csproj]
/home/lysander/repos/bannou/bannou-service/Generated/Models/WebsiteModels.cs(671,22): warning CS1591: Missing XML comment for publicly visible type or member 'CharacterSummary' [/home/lysander/repos/bannou/bannou-service/bannou-service.csproj]
/home/lysander/repos/bannou/bannou-service/Generated/Models/WebsiteModels.cs(677,24): warning CS1591: Missing XML comment for publicly visible type or member 'CharacterSummary.CharacterId' [/home/lysander/repos/bannou/bannou-service/bannou-service.csproj]
/home/lysander/repos/bannou/bannou-service/Generated/Models/WebsiteModels.cs(682,19): warning CS1591: Missing XML comment for publicly visible type or member 'CharacterSummary.Name' [/home/lysander/repos/bannou/bannou-service/bannou-service.csproj]
/home/lysander/repos/bannou/bannou-service/Generated/Models/WebsiteModels.cs(687,19): warning CS1591: Missing XML comment for publicly visible type or member 'CharacterSummary.Realm' [/home/lysander/repos/bannou/bannou-service/bannou-service.csproj]
/home/lysander/repos/bannou/bannou-service/Generated/Models/WebsiteModels.cs(690,16): warning CS1591: Missing XML comment for publicly visible type or member 'CharacterSummary.Level' [/home/lysander/repos/bannou/bannou-service/bannou-service.csproj]
/home/lysander/repos/bannou/bannou-service/Generated/Models/WebsiteModels.cs(693,20): warning CS1591: Missing XML comment for publicly visible type or member 'CharacterSummary.Class' [/home/lysander/repos/bannou/bannou-service/bannou-service.csproj]
/home/lysander/repos/bannou/bannou-service/Generated/Models/WebsiteModels.cs(696,35): warning CS1591: Missing XML comment for publicly visible type or member 'CharacterSummary.LastPlayed' [/home/lysander/repos/bannou/bannou-service/bannou-service.csproj]
/home/lysander/repos/bannou/bannou-service/Generated/Models/WebsiteModels.cs(701,68): warning CS1591: Missing XML comment for publicly visible type or member 'CharacterSummary.AdditionalProperties' [/home/lysander/repos/bannou/bannou-service/bannou-service.csproj]
/home/lysander/repos/bannou/bannou-service/Generated/Models/WebsiteModels.cs(710,22): warning CS1591: Missing XML comment for publicly visible type or member 'SubscriptionResponse' [/home/lysander/repos/bannou/bannou-service/bannou-service.csproj]
/home/lysander/repos/bannou/bannou-service/Generated/Models/WebsiteModels.cs(717,39): warning CS1591: Missing XML comment for publicly visible type or member 'SubscriptionResponse.Status' [/home/lysander/repos/bannou/bannou-service/bannou-service.csproj]
/home/lysander/repos/bannou/bannou-service/Generated/Models/WebsiteModels.cs(723,37): warning CS1591: Missing XML comment for publicly visible type or member 'SubscriptionResponse.Type' [/home/lysander/repos/bannou/bannou-service/bannou-service.csproj]
/home/lysander/repos/bannou/bannou-service/Generated/Models/WebsiteModels.cs(726,35): warning CS1591: Missing XML comment for publicly visible type or member 'SubscriptionResponse.ExpiresAt' [/home/lysander/repos/bannou/bannou-service/bannou-service.csproj]
/home/lysander/repos/bannou/bannou-service/Generated/Models/WebsiteModels.cs(729,17): warning CS1591: Missing XML comment for publicly visible type or member 'SubscriptionResponse.AutoRenew' [/home/lysander/repos/bannou/bannou-service/bannou-service.csproj]
/home/lysander/repos/bannou/bannou-service/Generated/Models/WebsiteModels.cs(732,59): warning CS1591: Missing XML comment for publicly visible type or member 'SubscriptionResponse.Benefits' [/home/lysander/repos/bannou/bannou-service/bannou-service.csproj]
/home/lysander/repos/bannou/bannou-service/Generated/Models/WebsiteModels.cs(737,68): warning CS1591: Missing XML comment for publicly visible type or member 'SubscriptionResponse.AdditionalProperties' [/home/lysander/repos/bannou/bannou-service/bannou-service.csproj]
/home/lysander/repos/bannou/bannou-service/Generated/Models/WebsiteModels.cs(746,22): warning CS1591: Missing XML comment for publicly visible type or member 'ErrorResponse' [/home/lysander/repos/bannou/bannou-service/bannou-service.csproj]
/home/lysander/repos/bannou/bannou-service/Generated/Models/WebsiteModels.cs(752,19): warning CS1591: Missing XML comment for publicly visible type or member 'ErrorResponse.Error' [/home/lysander/repos/bannou/bannou-service/bannou-service.csproj]
/home/lysander/repos/bannou/bannou-service/Generated/Models/WebsiteModels.cs(757,19): warning CS1591: Missing XML comment for publicly visible type or member 'ErrorResponse.Message' [/home/lysander/repos/bannou/bannou-service/bannou-service.csproj]
/home/lysander/repos/bannou/bannou-service/Generated/Models/WebsiteModels.cs(760,20): warning CS1591: Missing XML comment for publicly visible type or member 'ErrorResponse.Details' [/home/lysander/repos/bannou/bannou-service/bannou-service.csproj]
/home/lysander/repos/bannou/bannou-service/Generated/Models/WebsiteModels.cs(765,68): warning CS1591: Missing XML comment for publicly visible type or member 'ErrorResponse.AdditionalProperties' [/home/lysander/repos/bannou/bannou-service/bannou-service.csproj]
/home/lysander/repos/bannou/bannou-service/Generated/Models/WebsiteModels.cs(774,13): warning CS1591: Missing XML comment for publicly visible type or member 'Platform' [/home/lysander/repos/bannou/bannou-service/bannou-service.csproj]
/home/lysander/repos/bannou/bannou-service/Generated/Models/WebsiteModels.cs(778,5): warning CS1591: Missing XML comment for publicly visible type or member 'Platform.Windows' [/home/lysander/repos/bannou/bannou-service/bannou-service.csproj]
/home/lysander/repos/bannou/bannou-service/Generated/Models/WebsiteModels.cs(781,5): warning CS1591: Missing XML comment for publicly visible type or member 'Platform.Macos' [/home/lysander/repos/bannou/bannou-service/bannou-service.csproj]
/home/lysander/repos/bannou/bannou-service/Generated/Models/WebsiteModels.cs(784,5): warning CS1591: Missing XML comment for publicly visible type or member 'Platform.Linux' [/home/lysander/repos/bannou/bannou-service/bannou-service.csproj]
/home/lysander/repos/bannou/bannou-service/Generated/Models/WebsiteModels.cs(789,13): warning CS1591: Missing XML comment for publicly visible type or member 'StatusResponseStatus' [/home/lysander/repos/bannou/bannou-service/bannou-service.csproj]
/home/lysander/repos/bannou/bannou-service/Generated/Models/WebsiteModels.cs(793,5): warning CS1591: Missing XML comment for publicly visible type or member 'StatusResponseStatus.Healthy' [/home/lysander/repos/bannou/bannou-service/bannou-service.csproj]
/home/lysander/repos/bannou/bannou-service/Generated/Models/WebsiteModels.cs(796,5): warning CS1591: Missing XML comment for publicly visible type or member 'StatusResponseStatus.Degraded' [/home/lysander/repos/bannou/bannou-service/bannou-service.csproj]
/home/lysander/repos/bannou/bannou-service/Generated/Models/WebsiteModels.cs(799,5): warning CS1591: Missing XML comment for publicly visible type or member 'StatusResponseStatus.Maintenance' [/home/lysander/repos/bannou/bannou-service/bannou-service.csproj]
/home/lysander/repos/bannou/bannou-service/Generated/Models/WebsiteModels.cs(804,13): warning CS1591: Missing XML comment for publicly visible type or member 'PageContentContentType' [/home/lysander/repos/bannou/bannou-service/bannou-service.csproj]
/home/lysander/repos/bannou/bannou-service/Generated/Models/WebsiteModels.cs(808,5): warning CS1591: Missing XML comment for publicly visible type or member 'PageContentContentType.Html' [/home/lysander/repos/bannou/bannou-service/bannou-service.csproj]
/home/lysander/repos/bannou/bannou-service/Generated/Models/WebsiteModels.cs(811,5): warning CS1591: Missing XML comment for publicly visible type or member 'PageContentContentType.Markdown' [/home/lysander/repos/bannou/bannou-service/bannou-service.csproj]
/home/lysander/repos/bannou/bannou-service/Generated/Models/WebsiteModels.cs(814,5): warning CS1591: Missing XML comment for publicly visible type or member 'PageContentContentType.Blazor' [/home/lysander/repos/bannou/bannou-service/bannou-service.csproj]
/home/lysander/repos/bannou/bannou-service/Generated/Models/WebsiteModels.cs(819,22): warning CS1591: Missing XML comment for publicly visible type or member 'Analytics' [/home/lysander/repos/bannou/bannou-service/bannou-service.csproj]
/home/lysander/repos/bannou/bannou-service/Generated/Models/WebsiteModels.cs(823,20): warning CS1591: Missing XML comment for publicly visible type or member 'Analytics.GoogleAnalyticsId' [/home/lysander/repos/bannou/bannou-service/bannou-service.csproj]
/home/lysander/repos/bannou/bannou-service/Generated/Models/WebsiteModels.cs(826,19): warning CS1591: Missing XML comment for publicly visible type or member 'Analytics.OtherTrackers' [/home/lysander/repos/bannou/bannou-service/bannou-service.csproj]
/home/lysander/repos/bannou/bannou-service/Generated/Models/WebsiteModels.cs(831,68): warning CS1591: Missing XML comment for publicly visible type or member 'Analytics.AdditionalProperties' [/home/lysander/repos/bannou/bannou-service/bannou-service.csproj]
/home/lysander/repos/bannou/bannou-service/Generated/Models/WebsiteModels.cs(840,22): warning CS1591: Missing XML comment for publicly visible type or member 'CustomScripts' [/home/lysander/repos/bannou/bannou-service/bannou-service.csproj]
/home/lysander/repos/bannou/bannou-service/Generated/Models/WebsiteModels.cs(844,20): warning CS1591: Missing XML comment for publicly visible type or member 'CustomScripts.Head' [/home/lysander/repos/bannou/bannou-service/bannou-service.csproj]
/home/lysander/repos/bannou/bannou-service/Generated/Models/WebsiteModels.cs(847,20): warning CS1591: Missing XML comment for publicly visible type or member 'CustomScripts.BodyStart' [/home/lysander/repos/bannou/bannou-service/bannou-service.csproj]
/home/lysander/repos/bannou/bannou-service/Generated/Models/WebsiteModels.cs(850,20): warning CS1591: Missing XML comment for publicly visible type or member 'CustomScripts.BodyEnd' [/home/lysander/repos/bannou/bannou-service/bannou-service.csproj]
/home/lysander/repos/bannou/bannou-service/Generated/Models/WebsiteModels.cs(855,68): warning CS1591: Missing XML comment for publicly visible type or member 'CustomScripts.AdditionalProperties' [/home/lysander/repos/bannou/bannou-service/bannou-service.csproj]
/home/lysander/repos/bannou/bannou-service/Generated/Models/WebsiteModels.cs(864,22): warning CS1591: Missing XML comment for publicly visible type or member 'Logo' [/home/lysander/repos/bannou/bannou-service/bannou-service.csproj]
/home/lysander/repos/bannou/bannou-service/Generated/Models/WebsiteModels.cs(868,23): warning CS1591: Missing XML comment for publicly visible type or member 'Logo.Url' [/home/lysander/repos/bannou/bannou-service/bannou-service.csproj]
/home/lysander/repos/bannou/bannou-service/Generated/Models/WebsiteModels.cs(871,19): warning CS1591: Missing XML comment for publicly visible type or member 'Logo.Alt' [/home/lysander/repos/bannou/bannou-service/bannou-service.csproj]
/home/lysander/repos/bannou/bannou-service/Generated/Models/WebsiteModels.cs(876,68): warning CS1591: Missing XML comment for publicly visible type or member 'Logo.AdditionalProperties' [/home/lysander/repos/bannou/bannou-service/bannou-service.csproj]
/home/lysander/repos/bannou/bannou-service/Generated/Models/WebsiteModels.cs(885,13): warning CS1591: Missing XML comment for publicly visible type or member 'NavigationItemTarget' [/home/lysander/repos/bannou/bannou-service/bannou-service.csproj]
/home/lysander/repos/bannou/bannou-service/Generated/Models/WebsiteModels.cs(889,5): warning CS1591: Missing XML comment for publicly visible type or member 'NavigationItemTarget._self' [/home/lysander/repos/bannou/bannou-service/bannou-service.csproj]
/home/lysander/repos/bannou/bannou-service/Generated/Models/WebsiteModels.cs(892,5): warning CS1591: Missing XML comment for publicly visible type or member 'NavigationItemTarget._blank' [/home/lysander/repos/bannou/bannou-service/bannou-service.csproj]
/home/lysander/repos/bannou/bannou-service/Generated/Models/WebsiteModels.cs(897,13): warning CS1591: Missing XML comment for publicly visible type or member 'ServerStatusResponseGlobalStatus' [/home/lysander/repos/bannou/bannou-service/bannou-service.csproj]
/home/lysander/repos/bannou/bannou-service/Generated/Models/WebsiteModels.cs(901,5): warning CS1591: Missing XML comment for publicly visible type or member 'ServerStatusResponseGlobalStatus.Online' [/home/lysander/repos/bannou/bannou-service/bannou-service.csproj]
/home/lysander/repos/bannou/bannou-service/Generated/Models/WebsiteModels.cs(904,5): warning CS1591: Missing XML comment for publicly visible type or member 'ServerStatusResponseGlobalStatus.Partial' [/home/lysander/repos/bannou/bannou-service/bannou-service.csproj]
/home/lysander/repos/bannou/bannou-service/Generated/Models/WebsiteModels.cs(907,5): warning CS1591: Missing XML comment for publicly visible type or member 'ServerStatusResponseGlobalStatus.Offline' [/home/lysander/repos/bannou/bannou-service/bannou-service.csproj]
/home/lysander/repos/bannou/bannou-service/Generated/Models/WebsiteModels.cs(910,5): warning CS1591: Missing XML comment for publicly visible type or member 'ServerStatusResponseGlobalStatus.Maintenance' [/home/lysander/repos/bannou/bannou-service/bannou-service.csproj]
/home/lysander/repos/bannou/bannou-service/Generated/Models/WebsiteModels.cs(915,13): warning CS1591: Missing XML comment for publicly visible type or member 'RealmStatusStatus' [/home/lysander/repos/bannou/bannou-service/bannou-service.csproj]
/home/lysander/repos/bannou/bannou-service/Generated/Models/WebsiteModels.cs(919,5): warning CS1591: Missing XML comment for publicly visible type or member 'RealmStatusStatus.Online' [/home/lysander/repos/bannou/bannou-service/bannou-service.csproj]
/home/lysander/repos/bannou/bannou-service/Generated/Models/WebsiteModels.cs(922,5): warning CS1591: Missing XML comment for publicly visible type or member 'RealmStatusStatus.Offline' [/home/lysander/repos/bannou/bannou-service/bannou-service.csproj]
/home/lysander/repos/bannou/bannou-service/Generated/Models/WebsiteModels.cs(925,5): warning CS1591: Missing XML comment for publicly visible type or member 'RealmStatusStatus.Maintenance' [/home/lysander/repos/bannou/bannou-service/bannou-service.csproj]
/home/lysander/repos/bannou/bannou-service/Generated/Models/WebsiteModels.cs(928,5): warning CS1591: Missing XML comment for publicly visible type or member 'RealmStatusStatus.Full' [/home/lysander/repos/bannou/bannou-service/bannou-service.csproj]
/home/lysander/repos/bannou/bannou-service/Generated/Models/WebsiteModels.cs(933,13): warning CS1591: Missing XML comment for publicly visible type or member 'RealmStatusPopulation' [/home/lysander/repos/bannou/bannou-service/bannou-service.csproj]
/home/lysander/repos/bannou/bannou-service/Generated/Models/WebsiteModels.cs(937,5): warning CS1591: Missing XML comment for publicly visible type or member 'RealmStatusPopulation.Low' [/home/lysander/repos/bannou/bannou-service/bannou-service.csproj]
/home/lysander/repos/bannou/bannou-service/Generated/Models/WebsiteModels.cs(940,5): warning CS1591: Missing XML comment for publicly visible type or member 'RealmStatusPopulation.Medium' [/home/lysander/repos/bannou/bannou-service/bannou-service.csproj]
/home/lysander/repos/bannou/bannou-service/Generated/Models/WebsiteModels.cs(943,5): warning CS1591: Missing XML comment for publicly visible type or member 'RealmStatusPopulation.High' [/home/lysander/repos/bannou/bannou-service/bannou-service.csproj]
/home/lysander/repos/bannou/bannou-service/Generated/Models/WebsiteModels.cs(946,5): warning CS1591: Missing XML comment for publicly visible type or member 'RealmStatusPopulation.Full' [/home/lysander/repos/bannou/bannou-service/bannou-service.csproj]
/home/lysander/repos/bannou/bannou-service/Generated/Models/WebsiteModels.cs(951,13): warning CS1591: Missing XML comment for publicly visible type or member 'DownloadInfoPlatform' [/home/lysander/repos/bannou/bannou-service/bannou-service.csproj]
/home/lysander/repos/bannou/bannou-service/Generated/Models/WebsiteModels.cs(955,5): warning CS1591: Missing XML comment for publicly visible type or member 'DownloadInfoPlatform.Windows' [/home/lysander/repos/bannou/bannou-service/bannou-service.csproj]
/home/lysander/repos/bannou/bannou-service/Generated/Models/WebsiteModels.cs(958,5): warning CS1591: Missing XML comment for publicly visible type or member 'DownloadInfoPlatform.Macos' [/home/lysander/repos/bannou/bannou-service/bannou-service.csproj]
/home/lysander/repos/bannou/bannou-service/Generated/Models/WebsiteModels.cs(961,5): warning CS1591: Missing XML comment for publicly visible type or member 'DownloadInfoPlatform.Linux' [/home/lysander/repos/bannou/bannou-service/bannou-service.csproj]
/home/lysander/repos/bannou/bannou-service/Generated/Models/WebsiteModels.cs(966,13): warning CS1591: Missing XML comment for publicly visible type or member 'ContactRequestCategory' [/home/lysander/repos/bannou/bannou-service/bannou-service.csproj]
/home/lysander/repos/bannou/bannou-service/Generated/Models/WebsiteModels.cs(970,5): warning CS1591: Missing XML comment for publicly visible type or member 'ContactRequestCategory.General' [/home/lysander/repos/bannou/bannou-service/bannou-service.csproj]
/home/lysander/repos/bannou/bannou-service/Generated/Models/WebsiteModels.cs(973,5): warning CS1591: Missing XML comment for publicly visible type or member 'ContactRequestCategory.Support' [/home/lysander/repos/bannou/bannou-service/bannou-service.csproj]
/home/lysander/repos/bannou/bannou-service/Generated/Models/WebsiteModels.cs(976,5): warning CS1591: Missing XML comment for publicly visible type or member 'ContactRequestCategory.Bug' [/home/lysander/repos/bannou/bannou-service/bannou-service.csproj]
/home/lysander/repos/bannou/bannou-service/Generated/Models/WebsiteModels.cs(979,5): warning CS1591: Missing XML comment for publicly visible type or member 'ContactRequestCategory.Feedback' [/home/lysander/repos/bannou/bannou-service/bannou-service.csproj]
/home/lysander/repos/bannou/bannou-service/Generated/Models/WebsiteModels.cs(982,5): warning CS1591: Missing XML comment for publicly visible type or member 'ContactRequestCategory.Business' [/home/lysander/repos/bannou/bannou-service/bannou-service.csproj]
/home/lysander/repos/bannou/bannou-service/Generated/Models/WebsiteModels.cs(987,13): warning CS1591: Missing XML comment for publicly visible type or member 'SubscriptionResponseStatus' [/home/lysander/repos/bannou/bannou-service/bannou-service.csproj]
/home/lysander/repos/bannou/bannou-service/Generated/Models/WebsiteModels.cs(991,5): warning CS1591: Missing XML comment for publicly visible type or member 'SubscriptionResponseStatus.Active' [/home/lysander/repos/bannou/bannou-service/bannou-service.csproj]
/home/lysander/repos/bannou/bannou-service/Generated/Models/WebsiteModels.cs(994,5): warning CS1591: Missing XML comment for publicly visible type or member 'SubscriptionResponseStatus.Inactive' [/home/lysander/repos/bannou/bannou-service/bannou-service.csproj]
/home/lysander/repos/bannou/bannou-service/Generated/Models/WebsiteModels.cs(997,5): warning CS1591: Missing XML comment for publicly visible type or member 'SubscriptionResponseStatus.Trial' [/home/lysander/repos/bannou/bannou-service/bannou-service.csproj]
/home/lysander/repos/bannou/bannou-service/Generated/Models/WebsiteModels.cs(1000,5): warning CS1591: Missing XML comment for publicly visible type or member 'SubscriptionResponseStatus.Expired' [/home/lysander/repos/bannou/bannou-service/bannou-service.csproj]
/home/lysander/repos/bannou/bannou-service/Generated/Models/WebsiteModels.cs(1005,13): warning CS1591: Missing XML comment for publicly visible type or member 'SubscriptionResponseType' [/home/lysander/repos/bannou/bannou-service/bannou-service.csproj]
/home/lysander/repos/bannou/bannou-service/Generated/Models/WebsiteModels.cs(1009,5): warning CS1591: Missing XML comment for publicly visible type or member 'SubscriptionResponseType.Free' [/home/lysander/repos/bannou/bannou-service/bannou-service.csproj]
/home/lysander/repos/bannou/bannou-service/Generated/Models/WebsiteModels.cs(1012,5): warning CS1591: Missing XML comment for publicly visible type or member 'SubscriptionResponseType.Basic' [/home/lysander/repos/bannou/bannou-service/bannou-service.csproj]
/home/lysander/repos/bannou/bannou-service/Generated/Models/WebsiteModels.cs(1015,5): warning CS1591: Missing XML comment for publicly visible type or member 'SubscriptionResponseType.Premium' [/home/lysander/repos/bannou/bannou-service/bannou-service.csproj]
/home/lysander/repos/bannou/bannou-service/Generated/Models/WebsiteModels.cs(1018,5): warning CS1591: Missing XML comment for publicly visible type or member 'SubscriptionResponseType.Lifetime' [/home/lysander/repos/bannou/bannou-service/bannou-service.csproj]
    6368 Warning(s)
    0 Error(s)

Time Elapsed 00:00:30.62
